-0.498 -0.000252067 -0.00010611
-0.496 -0.000993221 -0.000420804
-0.494 -0.00219952 -0.000937586
-0.492 -0.00384535 -0.00164862
-0.49 -0.00590364 -0.00254481
-0.488 -0.00834604 -0.00361582
-0.486 -0.0111431 -0.00485024
-0.484 -0.0142648 -0.00623558
-0.482 -0.01768 -0.00775843
-0.48 -0.0213578 -0.00940453
-0.478 -0.0252668 -0.0111589
-0.476 -0.0293757 -0.0130058
-0.474 -0.0336536 -0.0149291
-0.472 -0.0380701 -0.0169122
-0.47 -0.0425957 -0.0189381
-0.468 -0.0472017 -0.0209898
-0.466 -0.0518607 -0.0230501
-0.464 -0.0565468 -0.0251018
-0.462 -0.0612354 -0.0271278
-0.46 -0.0659039 -0.0291113
-0.458 -0.0705317 -0.031036
-0.456 -0.0751001 -0.0328857
-0.454 -0.0795927 -0.0346451
-0.452 -0.0839955 -0.0362993
-0.45 -0.0882971 -0.0378343
-0.448 -0.0924884 -0.0392367
-0.446 -0.0965632 -0.0404942
-0.444 -0.100518 -0.0415952
-0.442 -0.104351 -0.0425292
-0.44 -0.108066 -0.0432868
-0.438 -0.111666 -0.0438597
-0.436 -0.11516 -0.0442405
-0.434 -0.118556 -0.0444231
-0.432 -0.121869 -0.0444027
-0.43 -0.125113 -0.0441753
-0.428 -0.128306 -0.0437384
-0.426 -0.13147 -0.0430904
-0.424 -0.134625 -0.0422309
-0.422 -0.137797 -0.0411606
-0.42 -0.141012 -0.0398814
-0.418 -0.1443 -0.0383958
-0.416 -0.147688 -0.0367077
-0.414 -0.15121 -0.0348216
-0.412 -0.154896 -0.0327429
-0.41 -0.158781 -0.0304778
-0.408 -0.162898 -0.0280332
-0.406 -0.167282 -0.0254163
-0.404 -0.171966 -0.0226351
-0.402 -0.176985 -0.0196979
-0.4 -0.182374 -0.0166132
-0.398 -0.188165 -0.0133899
-0.396 -0.19439 -0.0100367
-0.394 -0.201081 -0.0065627
-0.392 -0.208266 -0.0029765
-0.39 -0.215975 0.000713286
-0.388 -0.224231 0.0044984
-0.386 -0.233059 0.00837099
-0.384 -0.242479 0.0123237
-0.382 -0.25251 0.0163497
-0.38 -0.263165 0.020443
-0.378 -0.274458 0.0245982
-0.376 -0.286395 0.0288107
-0.374 -0.298982 0.0330769
-0.372 -0.312219 0.0373941
-0.37 -0.326102 0.0417606
-0.368 -0.340624 0.0461758
-0.366 -0.355774 0.0506402
-0.364 -0.371535 0.0551552
-0.362 -0.387886 0.0597235
-0.36 -0.404803 0.064349
-0.358 -0.422255 0.0690365
-0.356 -0.440209 0.0737922
-0.354 -0.458626 0.0786231
-0.352 -0.477462 0.0835374
-0.35 -0.49667 0.0885445
-0.348 -0.516197 0.0936545
-0.346 -0.535987 0.0988785
-0.344 -0.555979 0.104228
-0.342 -0.57611 0.109717
-0.34 -0.596309 0.115358
-0.338 -0.616505 0.121165
-0.336 -0.636622 0.127153
-0.334 -0.656582 0.133337
-0.332 -0.676301 0.139732
-0.33 -0.695696 0.146354
-0.328 -0.714679 0.153217
-0.326 -0.733159 0.160338
-0.324 -0.751046 0.167733
-0.322 -0.768247 0.175415
-0.32 -0.784666 0.1834
-0.318 -0.800208 0.191703
-0.316 -0.814776 0.200336
-0.314 -0.828273 0.209314
-0.312 -0.840603 0.218647
-0.31 -0.851669 0.228347
-0.308 -0.861375 0.238424
-0.306 -0.869625 0.248888
-0.304 -0.876326 0.259746
-0.302 -0.881384 0.271005
-0.3 -0.88471 0.28267
-0.298 -0.886215 0.294744
-0.296 -0.885812 0.307231
-0.294 -0.88342 0.32013
-0.292 -0.878956 0.333441
-0.29 -0.872346 0.347161
-0.288 -0.863515 0.361286
-0.286 -0.852393 0.375811
-0.284 -0.838917 0.390727
-0.282 -0.823024 0.406027
-0.28 -0.804659 0.421697
-0.278 -0.783768 0.437727
-0.276 -0.760307 0.454102
-0.274 -0.734232 0.470805
-0.272 -0.705507 0.48782
-0.27 -0.674101 0.505127
-0.268 -0.639989 0.522704
-0.266 -0.60315 0.540531
-0.264 -0.56357 0.558583
-0.262 -0.52124 0.576835
-0.26 -0.476157 0.595261
-0.258 -0.428326 0.613832
-0.256 -0.377753 0.63252
-0.254 -0.324455 0.651295
-0.252 -0.268452 0.670125
-0.25 -0.209771 0.688977
-0.248 -0.148443 0.70782
-0.246 -0.0845062 0.726618
-0.244 -0.0180049 0.745338
-0.242 0.0510124 0.763943
-0.24 0.122491 0.782398
-0.238 0.196373 0.800666
-0.236 0.272591 0.818711
-0.234 0.351079 0.836495
-0.232 0.43176 0.853983
-0.23 0.514558 0.871136
-0.228 0.59939 0.887917
-0.226 0.686169 0.904291
-0.224 0.774805 0.92022
-0.222 0.865205 0.93567
-0.22 0.957273 0.950604
-0.218 1.05091 0.964989
-0.216 1.14602 0.978791
-0.214 1.24248 0.991978
-0.212 1.34021 1.00452
-0.21 1.43909 1.01638
-0.208 1.53902 1.02754
-0.206 1.63988 1.03797
-0.204 1.74157 1.04765
-0.202 1.84399 1.05654
-0.2 1.94701 1.06464
-0.198 2.05055 1.07191
-0.196 2.15448 1.07836
-0.194 2.25871 1.08396
-0.192 2.36314 1.08869
-0.19 2.46766 1.09257
-0.188 2.57218 1.09557
-0.186 2.6766 1.09769
-0.184 2.78083 1.09895
-0.182 2.88479 1.09933
-0.18 2.98839 1.09885
-0.178 3.09156 1.09753
-0.176 3.19421 1.09536
-0.174 3.29627 1.09238
-0.172 3.39769 1.0886
-0.17 3.49839 1.08405
-0.168 3.59833 1.07875
-0.166 3.69745 1.07275
-0.164 3.79571 1.06607
-0.162 3.89307 1.05875
-0.16 3.9895 1.05084
-0.158 4.08496 1.04239
-0.156 4.17944 1.03344
-0.154 4.27293 1.02405
-0.152 4.36541 1.01428
-0.15 4.45688 1.00419
-0.148 4.54735 0.993833
-0.146 4.63682 0.983289
-0.144 4.72531 0.972625
-0.142 4.81284 0.961913
-0.14 4.89945 0.951229
-0.138 4.98515 0.940652
-0.136 5.07001 0.930264
-0.134 5.15405 0.920146
-0.132 5.23733 0.910384
-0.13 5.31991 0.901066
-0.128 5.40185 0.892281
-0.126 5.48322 0.884117
-0.124 5.56408 0.876668
-0.122 5.64453 0.870025
-0.12 5.72464 0.864281
-0.118 5.80449 0.85953
-0.116 5.88417 0.855865
-0.114 5.96379 0.85338
-0.112 6.04343 0.852167
-0.11 6.12319 0.852318
-0.108 6.20318 0.853924
-0.106 6.2835 0.857076
-0.104 6.36426 0.861859
-0.102 6.44555 0.86836
-0.1 6.52749 0.876662
-0.098 6.61018 0.886844
-0.096 6.69374 0.898982
-0.094 6.77825 0.913151
-0.092 6.86383 0.929418
-0.09 6.95057 0.947848
-0.088 7.03857 0.968499
-0.086 7.12793 0.991427
-0.084 7.21872 1.01668
-0.082 7.31103 1.0443
-0.08 7.40493 1.07431
-0.078 7.5005 1.10676
-0.076 7.59779 1.14166
-0.074 7.69684 1.17903
-0.072 7.79771 1.21886
-0.07 7.90042 1.26116
-0.068 8.005 1.30591
-0.066 8.11143 1.3531
-0.064 8.21973 1.40269
-0.062 8.32988 1.45464
-0.06 8.44183 1.5089
-0.058 8.55554 1.56541
-0.056 8.67094 1.62411
-0.054 8.78796 1.6849
-0.052 8.90649 1.7477
-0.05 9.02643 1.81241
-0.048 9.14764 1.87891
-0.046 9.26997 1.94707
-0.044 9.39325 2.01678
-0.042 9.51731 2.08787
-0.04 9.64193 2.16021
-0.038 9.76689 2.23362
-0.036 9.89197 2.30792
-0.034 10.0169 2.38295
-0.032 10.1414 2.45851
-0.03 10.2652 2.53439
-0.028 10.388 2.61039
-0.026 10.5094 2.6863
-0.024 10.6292 2.7619
-0.022 10.7469 2.83696
-0.02 10.8623 2.91124
-0.018 10.975 2.98453
-0.016 11.0845 3.05657
-0.014 11.1905 3.12713
-0.012 11.2927 3.19596
-0.01 11.3905 3.26283
-0.008 11.4837 3.3275
-0.006 11.5717 3.38972
-0.004 11.6543 3.44926
-0.002 11.7311 3.50589
0 11.8015 3.55938
0.002 11.8653 3.60953
0.004 11.9221 3.65609
0.006 11.9715 3.69889
0.008 12.0132 3.73771
0.01 12.0469 3.77237
0.012 12.0722 3.80271
0.014 12.0889 3.82856
0.016 12.0966 3.84976
0.018 12.0952 3.8662
0.02 12.0844 3.87775
0.022 12.0639 3.8843
0.024 12.0337 3.88577
0.026 11.9936 3.88209
0.028 11.9434 3.87319
0.03 11.883 3.85906
0.032 11.8124 3.83966
0.034 11.7316 3.81499
0.036 11.6405 3.78508
0.038 11.5392 3.74994
0.04 11.4277 3.70964
0.042 11.3061 3.66424
0.044 11.1745 3.61383
0.046 11.0331 3.55851
0.048 10.882 3.49839
0.05 10.7214 3.43362
0.052 10.5516 3.36435
0.054 10.3728 3.29074
0.056 10.1852 3.21296
0.058 9.9893 3.13122
0.06 9.78525 3.04572
0.062 9.57346 2.95667
0.064 9.35428 2.8643
0.066 9.1281 2.76886
0.068 8.89531 2.67058
0.07 8.65634 2.56973
0.072 8.41161 2.46656
0.074 8.16157 2.36135
0.076 7.90668 2.25436
0.078 7.64738 2.14588
0.08 7.38416 2.03618
0.082 7.1175 1.92554
0.084 6.84787 1.81425
0.086 6.57576 1.70259
0.088 6.30167 1.59083
0.09 6.02606 1.47927
0.092 5.74944 1.36816
0.094 5.47228 1.25779
0.096 5.19506 1.14841
0.098 4.91825 1.04029
0.1 4.64233 0.933684
0.102 4.36774 0.828826
0.104 4.09493 0.725957
0.106 3.82435 0.625304
0.108 3.55641 0.527082
0.11 3.29154 0.431498
0.112 3.03012 0.338746
0.114 2.77255 0.24901
0.116 2.51919 0.16246
0.118 2.27041 0.0792557
0.12 2.02652 -0.000458473
0.122 1.78787 -0.07655
0.124 1.55474 -0.1489
0.126 1.32742 -0.217404
0.128 1.10618 -0.28197
0.13 0.891256 -0.342521
0.132 0.682882 -0.398993
0.134 0.481263 -0.451337
0.136 0.286585 -0.499518
0.138 0.0990147 -0.543514
0.14 -0.0813 -0.583316
0.142 -0.254232 -0.618929
0.144 -0.419675 -0.650372
0.146 -0.577541 -0.677675
0.148 -0.727762 -0.700882
0.15 -0.870289 -0.720049
0.152 -1.00509 -0.735243
0.154 -1.13216 -0.746542
0.156 -1.25151 -0.754035
0.158 -1.36315 -0.757823
0.16 -1.46714 -0.758013
0.162 -1.56354 -0.754725
0.164 -1.65241 -0.748085
0.166 -1.73386 -0.738228
0.168 -1.80799 -0.725296
0.17 -1.87492 -0.709439
0.172 -1.9348 -0.690811
0.174 -1.98778 -0.669572
0.176 -2.03401 -0.645889
0.178 -2.07367 -0.61993
0.18 -2.10695 -0.591868
0.182 -2.13406 -0.561879
0.184 -2.15518 -0.53014
0.186 -2.17055 -0.496832
0.188 -2.18038 -0.462134
0.19 -2.18491 -0.426227
0.192 -2.18437 -0.389291
0.194 -2.17901 -0.351505
0.196 -2.16908 -0.313047
0.198 -2.15483 -0.274091
0.2 -2.13651 -0.234812
0.202 -2.11439 -0.195378
0.204 -2.08872 -0.155956
0.206 -2.05976 -0.116707
0.208 -2.02778 -0.0777876
0.21 -1.99303 -0.039351
0.212 -1.95577 -0.00154322
0.214 -1.91626 0.0354952
0.216 -1.87475 0.0716297
0.218 -1.83149 0.106733
0.22 -1.78673 0.140682
0.222 -1.7407 0.173366
0.224 -1.69365 0.204675
0.226 -1.64579 0.234513
0.228 -1.59736 0.262786
0.23 -1.54857 0.289412
0.232 -1.49962 0.314315
0.234 -1.45071 0.337428
0.236 -1.40204 0.358691
0.238 -1.3538 0.378052
0.24 -1.30614 0.39547
0.242 -1.25924 0.410909
0.244 -1.21324 0.424341
0.246 -1.16831 0.435749
0.248 -1.12456 0.445121
0.25 -1.08213 0.452454
0.252 -1.04112 0.457753
0.254 -1.00164 0.461029
0.256 -0.96379 0.462301
0.258 -0.927645 0.461595
0.26 -0.893278 0.458945
0.262 -0.860752 0.45439
0.264 -0.830118 0.447975
0.266 -0.801418 0.439753
0.268 -0.774682 0.42978
0.27 -0.749933 0.41812
0.272 -0.727182 0.404841
0.274 -0.706431 0.390015
0.276 -0.687674 0.373719
0.278 -0.670896 0.356035
0.28 -0.656071 0.337047
0.282 -0.643168 0.316843
0.284 -0.632147 0.295514
0.286 -0.622959 0.273155
0.288 -0.615549 0.24986
0.29 -0.609856 0.225727
0.292 -0.605813 0.200856
0.294 -0.603344 0.175347
0.296 -0.602371 0.1493
0.298 -0.60281 0.122817
0.3 -0.604573 0.0959984
0.302 -0.607566 0.0689455
0.304 -0.611693 0.041758
0.306 -0.616857 0.0145346
0.308 -0.622954 -0.0126274
0.31 -0.629883 -0.0396325
0.312 -0.637538 -0.0663874
0.314 -0.645812 -0.0928012
0.316 -0.654601 -0.118786
0.318 -0.663798 -0.144257
0.32 -0.673297 -0.169131
0.322 -0.682993 -0.193333
0.324 -0.692783 -0.216785
0.326 -0.702567 -0.23942
0.328 -0.712245 -0.261171
0.33 -0.721722 -0.281976
0.332 -0.730904 -0.30178
0.334 -0.739702 -0.320529
0.336 -0.748032 -0.338178
0.338 -0.755812 -0.354685
0.34 -0.762965 -0.370012
0.342 -0.769421 -0.384129
0.344 -0.775112 -0.39701
0.346 -0.779979 -0.408633
0.348 -0.783965 -0.418984
0.35 -0.787022 -0.428052
0.352 -0.789105 -0.435833
0.354 -0.790176 -0.442327
0.356 -0.790205 -0.44754
0.358 -0.789165 -0.451482
0.36 -0.787037 -0.454169
0.362 -0.783808 -0.455621
0.364 -0.779471 -0.455863
0.366 -0.774025 -0.454924
0.368 -0.767475 -0.452838
0.37 -0.75983 -0.449643
0.372 -0.751108 -0.445378
0.374 -0.74133 -0.44009
0.376 -0.730522 -0.433826
0.378 -0.718717 -0.426637
0.38 -0.705951 -0.418577
0.382 -0.692265 -0.409701
0.384 -0.677703 -0.400068
0.386 -0.662316 -0.389737
0.388 -0.646155 -0.378769
0.39 -0.629277 -0.367228
0.392 -0.611738 -0.355175
0.394 -0.593601 -0.342676
0.396 -0.574929 -0.329792
0.398 -0.555785 -0.316589
0.4 -0.536236 -0.303129
0.402 -0.516349 -0.289475
0.404 -0.496191 -0.275689
0.406 -0.475831 -0.261829
0.408 -0.455335 -0.247956
0.41 -0.434772 -0.234124
0.412 -0.414206 -0.22039
0.414 -0.393703 -0.206805
0.416 -0.373326 -0.193419
0.418 -0.353137 -0.180278
0.42 -0.333195 -0.167428
0.422 -0.313557 -0.154907
0.424 -0.294278 -0.142755
0.426 -0.275408 -0.131006
0.428 -0.256995 -0.11969
0.43 -0.239085 -0.108835
0.432 -0.221718 -0.0984641
0.434 -0.204932 -0.088598
0.436 -0.188761 -0.0792531
0.438 -0.173233 -0.0704422
0.44 -0.158375 -0.0621745
0.442 -0.144207 -0.0544558
0.444 -0.130748 -0.0472881
0.446 -0.11801 -0.0406704
0.448 -0.106003 -0.034598
0.45 -0.0947305 -0.0290633
0.452 -0.0841948 -0.0240555
0.454 -0.0743924 -0.0195609
0.456 -0.0653166 -0.0155633
0.458 -0.0569568 -0.0120436
0.46 -0.0492991 -0.00898078
0.462 -0.0423262 -0.00635137
0.464 -0.0360174 -0.00413015
0.466 -0.0303492 -0.00229017
0.468 -0.0252955 -0.000803055
0.47 -0.0208275 0.00036079
0.472 -0.0169142 0.00123191
0.474 -0.0135226 0.00184159
0.476 -0.010618 0.00222154
0.478 -0.0081643 0.00240373
0.48 -0.00612416 0.00242007
0.482 -0.00445939 0.00230223
0.484 -0.0031312 0.00208134
0.486 -0.00210052 0.00178783
0.488 -0.00132825 0.00145113
0.49 -0.000775553 0.00109952
0.492 -0.000404152 0.000759885
0.494 -0.000176583 0.000457533
0.496 -5.64665e-05 0.000216024
0.498 -8.76004e-06 5.6993e-05
0.05 4.11503 1.25239
0.1 4.11513 1.25236
0.15 4.11531 1.25232
0.2 4.11557 1.25226
0.25 4.11589 1.25218
0.3 4.11629 1.25208
0.35 4.11676 1.25197
0.4 4.1173 1.25184
0.45 4.11791 1.25169
0.5 4.1186 1.25152
0.55 4.11935 1.25134
0.6 4.12017 1.25113
0.65 4.12107 1.25091
0.7 4.12203 1.25068
0.75 4.12306 1.25042
0.8 4.12416 1.25015
0.85 4.12533 1.24985
0.9 4.12657 1.24954
0.95 4.12787 1.24922
1 4.12924 1.24887
1.05 4.13067 1.2485
1.1 4.13217 1.24812
1.15 4.13373 1.24772
1.2 4.13535 1.2473
1.25 4.13704 1.24686
1.3 4.13878 1.2464
1.35 4.14059 1.24593
1.4 4.14245 1.24543
1.45 4.14438 1.24492
1.5 4.14636 1.24438
1.55 4.1484 1.24383
1.6 4.15049 1.24326
1.65 4.15264 1.24266
1.7 4.15483 1.24205
1.75 4.15709 1.24142
1.8 4.15939 1.24077
1.85 4.16174 1.2401
1.9 4.16414 1.23941
1.95 4.16658 1.23869
2 4.16907 1.23796
2.05 4.17161 1.23721
2.1 4.17418 1.23644
2.15 4.1768 1.23564
2.2 4.17946 1.23482
2.25 4.18216 1.23399
2.3 4.18489 1.23313
2.35 4.18766 1.23225
2.4 4.19046 1.23135
2.45 4.1933 1.23043
2.5 4.19616 1.22948
2.55 4.19906 1.22851
2.6 4.20198 1.22752
2.65 4.20493 1.22651
2.7 4.2079 1.22548
2.75 4.2109 1.22442
2.8 4.21392 1.22334
2.85 4.21695 1.22224
2.9 4.22001 1.22111
2.95 4.22308 1.21996
3 4.22616 1.21879
3.05 4.22925 1.21759
3.1 4.23236 1.21637
3.15 4.23547 1.21513
3.2 4.23859 1.21386
3.25 4.24172 1.21257
3.3 4.24485 1.21125
3.35 4.24797 1.20991
3.4 4.2511 1.20854
3.45 4.25423 1.20715
3.5 4.25735 1.20574
3.55 4.26046 1.20429
3.6 4.26357 1.20283
3.65 4.26666 1.20133
3.7 4.26975 1.19982
3.75 4.27281 1.19827
3.8 4.27587 1.1967
3.85 4.2789 1.19511
3.9 4.28191 1.19349
3.95 4.2849 1.19184
4 4.28787 1.19016
4.05 4.29081 1.18846
4.1 4.29372 1.18673
4.15 4.2966 1.18498
4.2 4.29945 1.1832
4.25 4.30226 1.18139
4.3 4.30504 1.17955
4.35 4.30778 1.17769
4.4 4.31048 1.1758
4.45 4.31314 1.17388
4.5 4.31575 1.17193
4.55 4.31831 1.16996
4.6 4.32083 1.16796
4.65 4.3233 1.16593
4.7 4.32571 1.16387
4.75 4.32807 1.16179
4.8 4.33037 1.15968
4.85 4.33262 1.15754
4.9 4.3348 1.15537
4.95 4.33692 1.15317
5 4.33898 1.15094
5.05 4.34097 1.14869
5.1 4.3429 1.14641
5.15 4.34475 1.1441
5.2 4.34653 1.14176
5.25 4.34824 1.13939
5.3 4.34987 1.13699
5.35 4.35142 1.13457
5.4 4.35289 1.13212
5.45 4.35429 1.12963
5.5 4.3556 1.12712
5.55 4.35682 1.12459
5.6 4.35796 1.12202
5.65 4.35901 1.11942
5.7 4.35996 1.1168
5.75 4.36083 1.11415
5.8 4.3616 1.11147
5.85 4.36228 1.10876
5.9 4.36286 1.10602
5.95 4.36334 1.10326
6 4.36372 1.10047
6.05 4.36399 1.09765
6.1 4.36417 1.0948
6.15 4.36423 1.09192
6.2 4.36419 1.08902
6.25 4.36404 1.08609
6.3 4.36379 1.08313
6.35 4.36342 1.08014
6.4 4.36293 1.07713
6.45 4.36234 1.07409
6.5 4.36162 1.07102
6.55 4.36079 1.06793
6.6 4.35984 1.06481
6.65 4.35877 1.06166
6.7 4.35758 1.05849
6.75 4.35627 1.05529
6.8 4.35483 1.05207
6.85 4.35327 1.04882
6.9 4.35158 1.04554
6.95 4.34976 1.04224
7 4.34781 1.03892
7.05 4.34574 1.03557
7.1 4.34353 1.03219
7.15 4.34119 1.02879
7.2 4.33872 1.02537
7.25 4.33612 1.02193
7.3 4.33338 1.01846
7.35 4.3305 1.01496
7.4 4.32749 1.01145
7.45 4.32434 1.00791
7.5 4.32105 1.00435
7.55 4.31762 1.00077
7.6 4.31405 0.997162
7.65 4.31035 0.993537
7.7 4.3065 0.98989
7.75 4.3025 0.986223
7.8 4.29837 0.982536
7.85 4.29409 0.978829
7.9 4.28967 0.975103
7.95 4.2851 0.971357
8 4.28039 0.967593
8.05 4.27554 0.96381
8.1 4.27053 0.960009
8.15 4.26539 0.956191
8.2 4.26009 0.952355
8.25 4.25465 0.948503
8.3 4.24906 0.944634
8.35 4.24332 0.940749
8.4 4.23744 0.936849
8.45 4.23141 0.932934
8.5 4.22523 0.929004
8.55 4.2189 0.92506
8.6 4.21243 0.921103
8.65 4.20581 0.917132
8.7 4.19904 0.913148
8.75 4.19212 0.909152
8.8 4.18505 0.905145
8.85 4.17784 0.901126
8.9 4.17047 0.897096
8.95 4.16296 0.893056
9 4.15531 0.889006
9.05 4.1475 0.884947
9.1 4.13955 0.880879
9.15 4.13145 0.876803
9.2 4.12321 0.87272
9.25 4.11482 0.868629
9.3 4.10629 0.864531
9.35 4.09761 0.860428
9.4 4.08878 0.856319
9.45 4.07981 0.852205
9.5 4.0707 0.848086
9.55 4.06145 0.843964
9.6 4.05205 0.839838
9.65 4.04252 0.83571
9.7 4.03284 0.831579
9.75 4.02302 0.827447
9.8 4.01307 0.823314
9.85 4.00297 0.819181
9.9 3.99274 0.815047
9.95 3.98237 0.810915
10 3.97186 0.806783
10.05 3.96122 0.802654
10.1 3.95045 0.798527
10.15 3.93954 0.794404
10.2 3.9285 0.790284
10.25 3.91733 0.786168
10.3 3.90603 0.782057
10.35 3.8946 0.777952
10.4 3.88304 0.773853
10.45 3.87136 0.769761
10.5 3.85955 0.765676
10.55 3.84761 0.761599
10.6 3.83556 0.75753
10.65 3.82338 0.753471
10.7 3.81108 0.749421
10.75 3.79866 0.745382
10.8 3.78612 0.741354
10.85 3.77347 0.737338
10.9 3.7607 0.733333
10.95 3.74782 0.729342
11 3.73483 0.725364
11.05 3.72172 0.7214
11.1 3.70851 0.71745
11.15 3.69518 0.713516
11.2 3.68175 0.709598
11.25 3.66822 0.705696
11.3 3.65458 0.701811
11.35 3.64084 0.697943
11.4 3.627 0.694094
11.45 3.61306 0.690264
11.5 3.59903 0.686453
11.55 3.5849 0.682662
11.6 3.57067 0.678891
11.65 3.55636 0.675142
11.7 3.54195 0.671415
11.75 3.52746 0.667709
11.8 3.51287 0.664027
11.85 3.49821 0.660368
11.9 3.48346 0.656732
11.95 3.46863 0.653122
12 3.45371 0.649536
12.05 3.43872 0.645976
12.1 3.42366 0.642442
12.15 3.40852 0.638935
12.2 3.3933 0.635455
12.25 3.37802 0.632002
12.3 3.36267 0.628578
12.35 3.34725 0.625183
12.4 3.33176 0.621817
12.45 3.31622 0.61848
12.5 3.30061 0.615174
12.55 3.28494 0.611899
12.6 3.26921 0.608654
12.65 3.25343 0.605442
12.7 3.23759 0.602261
12.75 3.22171 0.599113
12.8 3.20577 0.595998
12.85 3.18978 0.592917
12.9 3.17375 0.589869
12.95 3.15768 0.586856
13 3.14156 0.583878
13.05 3.1254 0.580934
13.1 3.1092 0.578027
13.15 3.09297 0.575155
13.2 3.0767 0.57232
13.25 3.0604 0.569521
13.3 3.04407 0.566759
13.35 3.02771 0.564035
13.4 3.01132 0.561349
13.45 2.99491 0.558701
13.5 2.97847 0.556091
13.55 2.96202 0.55352
13.6 2.94554 0.550988
13.65 2.92905 0.548495
13.7 2.91254 0.546043
13.75 2.89602 0.54363
13.8 2.87949 0.541257
13.85 2.86295 0.538925
13.9 2.8464 0.536634
13.95 2.82984 0.534384
14 2.81328 0.532174
14.05 2.79672 0.530007
14.1 2.78015 0.527881
14.15 2.76359 0.525797
14.2 2.74703 0.523755
14.25 2.73048 0.521755
14.3 2.71393 0.519797
14.35 2.6974 0.517883
14.4 2.68087 0.51601
14.45 2.66435 0.514181
14.5 2.64785 0.512395
14.55 2.63136 0.510651
14.6 2.6149 0.508951
14.65 2.59845 0.507294
14.7 2.58202 0.505681
14.75 2.56561 0.50411
14.8 2.54923 0.502584
14.85 2.53287 0.5011
14.9 2.51654 0.49966
14.95 2.50024 0.498264
15 2.48397 0.496912
15.05 2.46773 0.495602
15.1 2.45153 0.494337
15.15 2.43536 0.493115
15.2 2.41923 0.491936
15.25 2.40313 0.490801
15.3 2.38708 0.489709
15.35 2.37107 0.48866
15.4 2.3551 0.487655
15.45 2.33917 0.486693
15.5 2.32329 0.485773
15.55 2.30745 0.484897
15.6 2.29167 0.484063
15.65 2.27593 0.483272
15.7 2.26025 0.482523
15.75 2.24461 0.481817
15.8 2.22903 0.481152
15.85 2.21351 0.48053
15.9 2.19804 0.479949
15.95 2.18263 0.47941
16 2.16727 0.478912
16.05 2.15198 0.478455
16.1 2.13675 0.478039
16.15 2.12157 0.477664
16.2 2.10647 0.477328
16.25 2.09142 0.477033
16.3 2.07644 0.476777
16.35 2.06153 0.476561
16.4 2.04668 0.476384
16.45 2.0319 0.476246
16.5 2.01719 0.476146
16.55 2.00255 0.476084
16.6 1.98799 0.47606
16.65 1.97349 0.476074
16.7 1.95906 0.476124
16.75 1.94471 0.476211
16.8 1.93044 0.476334
16.85 1.91624 0.476493
16.9 1.90211 0.476688
16.95 1.88806 0.476917
17 1.87409 0.477182
17.05 1.8602 0.47748
17.1 1.84638 0.477812
17.15 1.83265 0.478177
17.2 1.81899 0.478575
17.25 1.80541 0.479005
17.3 1.79192 0.479467
17.35 1.77851 0.479961
17.4 1.76518 0.480485
17.45 1.75193 0.481039
17.5 1.73876 0.481623
17.55 1.72568 0.482237
17.6 1.71269 0.482879
17.65 1.69977 0.483549
17.7 1.68694 0.484247
17.75 1.6742 0.484972
17.8 1.66154 0.485724
17.85 1.64897 0.486502
17.9 1.63649 0.487304
17.95 1.62409 0.488132
18 1.61177 0.488984
18.05 1.59955 0.489859
18.1 1.58741 0.490758
18.15 1.57536 0.491679
18.2 1.56339 0.492621
18.25 1.55151 0.493585
18.3 1.53972 0.494569
18.35 1.52802 0.495573
18.4 1.5164 0.496597
18.45 1.50488 0.497639
18.5 1.49344 0.498699
18.55 1.48208 0.499776
18.6 1.47082 0.50087
18.65 1.45964 0.50198
18.7 1.44855 0.503105
18.75 1.43755 0.504245
18.8 1.42664 0.505399
18.85 1.41581 0.506567
18.9 1.40507 0.507747
18.95 1.39441 0.508939
19 1.38384 0.510142
19.05 1.37336 0.511356
19.1 1.36297 0.51258
19.15 1.35266 0.513814
19.2 1.34243 0.515055
19.25 1.3323 0.516305
19.3 1.32224 0.517562
19.35 1.31227 0.518826
19.4 1.30239 0.520095
19.45 1.29259 0.521369
19.5 1.28287 0.522648
19.55 1.27324 0.52393
19.6 1.26369 0.525216
19.65 1.25422 0.526504
19.7 1.24484 0.527793
19.75 1.23553 0.529084
19.8 1.22631 0.530374
19.85 1.21717 0.531665
19.9 1.2081 0.532954
19.95 1.19912 0.534241
20 1.19022 0.535526
20.05 1.18139 0.536807
20.1 1.17265 0.538085
20.15 1.16398 0.539358
20.2 1.15539 0.540626
20.25 1.14687 0.541888
20.3 1.13843 0.543143
20.35 1.13007 0.544391
20.4 1.12178 0.545631
20.45 1.11356 0.546862
20.5 1.10542 0.548084
20.55 1.09735 0.549297
20.6 1.08935 0.550498
20.65 1.08143 0.551689
20.7 1.07357 0.552867
20.75 1.06579 0.554033
20.8 1.05807 0.555185
20.85 1.05042 0.556324
20.9 1.04284 0.557449
20.95 1.03533 0.558558
21 1.02789 0.559651
21.05 1.02051 0.560729
21.1 1.01319 0.561789
21.15 1.00594 0.562832
21.2 0.998758 0.563857
21.25 0.991635 0.564863
21.3 0.984575 0.565849
21.35 0.977576 0.566816
21.4 0.970638 0.567762
21.45 0.96376 0.568688
21.5 0.956941 0.569592
21.55 0.95018 0.570473
21.6 0.943478 0.571332
21.65 0.936832 0.572168
21.7 0.930243 0.57298
21.75 0.923709 0.573768
21.8 0.91723 0.574531
21.85 0.910805 0.575269
21.9 0.904433 0.575981
21.95 0.898114 0.576667
22 0.891846 0.577326
22.05 0.885629 0.577957
22.1 0.879463 0.578562
22.15 0.873345 0.579138
22.2 0.867276 0.579685
22.25 0.861255 0.580204
22.3 0.855282 0.580693
22.35 0.849354 0.581152
22.4 0.843472 0.581581
22.45 0.837635 0.581979
22.5 0.831842 0.582346
22.55 0.826093 0.582682
22.6 0.820386 0.582986
22.65 0.81472 0.583258
22.7 0.809096 0.583497
22.75 0.803513 0.583703
22.8 0.797969 0.583877
22.85 0.792464 0.584016
22.9 0.786997 0.584122
22.95 0.781568 0.584194
23 0.776176 0.584231
23.05 0.770819 0.584234
23.1 0.765499 0.584201
23.15 0.760213 0.584134
23.2 0.754961 0.584031
23.25 0.749742 0.583892
23.3 0.744556 0.583717
23.35 0.739403 0.583506
23.4 0.73428 0.583259
23.45 0.729189 0.582975
23.5 0.724127 0.582654
23.55 0.719096 0.582296
23.6 0.714093 0.581902
23.65 0.709118 0.58147
23.7 0.704171 0.581
23.75 0.699251 0.580493
23.8 0.694358 0.579949
23.85 0.68949 0.579366
23.9 0.684648 0.578746
23.95 0.679831 0.578088
24 0.675038 0.577391
24.05 0.670269 0.576657
24.1 0.665522 0.575884
24.15 0.660799 0.575074
24.2 0.656097 0.574225
24.25 0.651417 0.573337
24.3 0.646759 0.572412
24.35 0.64212 0.571448
24.4 0.637502 0.570446
24.45 0.632904 0.569405
24.5 0.628325 0.568326
24.55 0.623765 0.56721
24.6 0.619223 0.566054
24.65 0.614699 0.564861
24.7 0.610192 0.56363
24.75 0.605703 0.562361
24.8 0.60123 0.561054
24.85 0.596774 0.559709
24.9 0.592333 0.558327
24.95 0.587909 0.556907
25 0.583499 0.55545
25.05 0.579104 0.553955
25.1 0.574724 0.552424
25.15 0.570358 0.550855
25.2 0.566006 0.54925
25.25 0.561668 0.547608
25.3 0.557343 0.54593
25.35 0.553031 0.544215
25.4 0.548731 0.542465
25.45 0.544445 0.540678
25.5 0.54017 0.538856
25.55 0.535908 0.536999
25.6 0.531658 0.535107
25.65 0.527419 0.53318
25.7 0.523191 0.531219
25.75 0.518975 0.529223
25.8 0.51477 0.527193
25.85 0.510575 0.52513
25.9 0.506392 0.523033
25.95 0.502218 0.520903
26 0.498056 0.51874
26.05 0.493903 0.516545
26.1 0.489761 0.514317
26.15 0.485628 0.512058
26.2 0.481506 0.509767
26.25 0.477393 0.507446
26.3 0.47329 0.505093
26.35 0.469197 0.50271
26.4 0.465113 0.500297
26.45 0.461039 0.497855
26.5 0.456974 0.495383
26.55 0.452919 0.492882
26.6 0.448873 0.490353
26.65 0.444836 0.487796
26.7 0.440809 0.485212
26.75 0.436791 0.4826
26.8 0.432783 0.479961
26.85 0.428784 0.477296
26.9 0.424794 0.474605
26.95 0.420814 0.471888
27 0.416843 0.469147
27.05 0.412881 0.466381
27.1 0.40893 0.463591
27.15 0.404988 0.460777
27.2 0.401055 0.45794
27.25 0.397132 0.45508
27.3 0.39322 0.452198
27.35 0.389317 0.449295
27.4 0.385424 0.44637
27.45 0.381541 0.443424
27.5 0.377668 0.440458
27.55 0.373806 0.437472
27.6 0.369954 0.434467
27.65 0.366113 0.431443
27.7 0.362282 0.4284
27.75 0.358462 0.42534
27.8 0.354654 0.422263
27.85 0.350856 0.419169
27.9 0.34707 0.416059
27.95 0.343295 0.412932
28 0.339532 0.409791
28.05 0.33578 0.406635
28.1 0.332041 0.403465
28.15 0.328313 0.400281
28.2 0.324598 0.397085
28.25 0.320895 0.393875
28.3 0.317205 0.390654
28.35 0.313528 0.387421
28.4 0.309864 0.384177
28.45 0.306213 0.380922
28.5 0.302576 0.377658
28.55 0.298952 0.374384
28.6 0.295342 0.371102
28.65 0.291747 0.367811
28.7 0.288165 0.364512
28.75 0.284598 0.361206
28.8 0.281046 0.357894
28.85 0.277508 0.354575
28.9 0.273986 0.35125
28.95 0.270479 0.347921
29 0.266988 0.344587
29.05 0.263513 0.341249
29.1 0.260053 0.337907
29.15 0.25661 0.334562
29.2 0.253183 0.331215
29.25 0.249774 0.327866
29.3 0.246381 0.324515
29.35 0.243005 0.321164
29.4 0.239646 0.317812
29.45 0.236306 0.31446
29.5 0.232983 0.311109
29.55 0.229678 0.307759
29.6 0.226391 0.304411
29.65 0.223123 0.301064
29.7 0.219874 0.297721
29.75 0.216643 0.29438
29.8 0.213432 0.291044
29.85 0.210241 0.287711
29.9 0.207068 0.284383
29.95 0.203916 0.28106
30 0.200784 0.277743
30.05 0.197672 0.274432
30.1 0.194581 0.271127
30.15 0.19151 0.267829
30.2 0.18846 0.264539
30.25 0.185432 0.261257
30.3 0.182424 0.257983
30.35 0.179438 0.254718
30.4 0.176474 0.251462
30.45 0.173532 0.248216
30.5 0.170612 0.24498
30.55 0.167714 0.241755
30.6 0.164839 0.238541
30.65 0.161986 0.235338
30.7 0.159156 0.232147
30.75 0.156349 0.228969
30.8 0.153566 0.225803
30.85 0.150805 0.22265
30.9 0.148068 0.219511
30.95 0.145355 0.216385
31 0.142666 0.213274
31.05 0.14 0.210178
31.1 0.137359 0.207096
31.15 0.134742 0.20403
31.2 0.132149 0.20098
31.25 0.129581 0.197946
31.3 0.127038 0.194928
31.35 0.124519 0.191927
31.4 0.122025 0.188943
31.45 0.119557 0.185976
31.5 0.117113 0.183028
31.55 0.114695 0.180097
31.6 0.112302 0.177185
31.65 0.109934 0.174292
31.7 0.107592 0.171418
31.75 0.105275 0.168562
31.8 0.102984 0.165727
31.85 0.100719 0.162911
31.9 0.0984799 0.160116
31.95 0.0962665 0.157341
32 0.0940791 0.154587
32.05 0.0919176 0.151853
32.1 0.0897822 0.149141
32.15 0.0876729 0.14645
32.2 0.0855898 0.143781
32.25 0.0835328 0.141134
32.3 0.0815019 0.138509
32.35 0.0794973 0.135906
32.4 0.077519 0.133325
32.45 0.0755668 0.130767
32.5 0.0736409 0.128233
32.55 0.0717413 0.125721
32.6 0.0698679 0.123232
32.65 0.0680207 0.120767
32.7 0.0661997 0.118326
32.75 0.0644049 0.115908
32.8 0.0626363 0.113514
32.85 0.0608938 0.111144
32.9 0.0591774 0.108798
32.95 0.0574871 0.106477
33 0.0558227 0.10418
33.05 0.0541843 0.101907
33.1 0.0525717 0.0996594
33.15 0.050985 0.0974363
33.2 0.0494241 0.095238
33.25 0.0478888 0.0930646
33.3 0.0463791 0.0909162
33.35 0.0448949 0.0887929
33.4 0.0434362 0.0866948
33.45 0.0420027 0.0846218
33.5 0.0405945 0.0825741
33.55 0.0392114 0.0805518
33.6 0.0378533 0.0785547
33.65 0.0365201 0.0765831
33.7 0.0352117 0.0746369
33.75 0.0339279 0.0727161
33.8 0.0326686 0.0708207
33.85 0.0314338 0.0689509
33.9 0.0302231 0.0671065
33.95 0.0290366 0.0652875
34 0.027874 0.0634941
34.05 0.0267353 0.061726
34.1 0.0256202 0.0599834
34.15 0.0245285 0.0582662
34.2 0.0234602 0.0565744
34.25 0.0224151 0.0549078
34.3 0.0213929 0.0532666
34.35 0.0203935 0.0516506
34.4 0.0194168 0.0500598
34.45 0.0184625 0.0484941
34.5 0.0175305 0.0469534
34.55 0.0166205 0.0454378
34.6 0.0157324 0.043947
34.65 0.014866 0.0424811
34.7 0.014021 0.0410399
34.75 0.0131973 0.0396233
34.8 0.0123947 0.0382313
34.85 0.0116129 0.0368638
34.9 0.0108517 0.0355206
34.95 0.010111 0.0342016
35 0.00939043 0.0329067
35.05 0.00868985 0.0316358
35.1 0.00800903 0.0303888
35.15 0.00734772 0.0291655
35.2 0.00670571 0.0279658
35.25 0.00608275 0.0267896
35.3 0.00547862 0.0256367
35.35 0.00489308 0.0245069
35.4 0.00432589 0.0234002
35.45 0.0037768 0.0223164
35.5 0.00324558 0.0212552
35.55 0.00273198 0.0202166
35.6 0.00223575 0.0192004
35.65 0.00175665 0.0182064
35.7 0.00129443 0.0172344
35.75 0.000848836 0.0162843
35.8 0.000419617 0.0153558
35.85 6.51962e-06 0.0144488
35.9 -0.00039071 0.0135632
35.95 -0.000772326 0.0126986
36 -0.00113859 0.011855
36.05 -0.00148975 0.0110321
36.1 -0.00182607 0.0102298
36.15 -0.0021478 0.00944772
36.2 -0.00245521 0.0086858
36.25 -0.00274855 0.0079438
36.3 -0.00302809 0.00722151
36.35 -0.00329408 0.00651871
36.4 -0.00354679 0.00583519
36.45 -0.00378647 0.00517074
36.5 -0.00401338 0.00452514
36.55 -0.00422779 0.00389817
36.6 -0.00442995 0.00328961
36.65 -0.00462012 0.00269924
36.7 -0.00479857 0.00212682
36.75 -0.00496554 0.00157213
36.8 -0.00512131 0.00103495
36.85 -0.00526612 0.000515049
36.9 -0.00540023 1.21883e-05
36.95 -0.0055239 -0.000473861
37 -0.00563738 -0.000943332
37.05 -0.00574093 -0.00139646
37.1 -0.0058348 -0.00183348
37.15 -0.00591924 -0.00225462
37.2 -0.0059945 -0.00266014
37.25 -0.00606083 -0.00305025
37.3 -0.00611848 -0.00342521
37.35 -0.0061677 -0.00378525
37.4 -0.00620873 -0.00413061
37.45 -0.0062418 -0.00446153
37.5 -0.00626718 -0.00477826
37.55 -0.00628508 -0.00508103
37.6 -0.00629576 -0.00537008
37.65 -0.00629944 -0.00564565
37.7 -0.00629637 -0.00590799
37.75 -0.00628677 -0.00615734
37.8 -0.00627088 -0.00639393
37.85 -0.00624891 -0.00661801
37.9 -0.0062211 -0.00682982
37.95 -0.00618768 -0.00702959
38 -0.00614885 -0.00721757
38.05 -0.00610485 -0.007394
38.1 -0.00605588 -0.00755911
38.15 -0.00600216 -0.00771315
38.2 -0.00594391 -0.00785634
38.25 -0.00588132 -0.00798892
38.3 -0.00581461 -0.00811114
38.35 -0.00574398 -0.00822322
38.4 -0.00566963 -0.00832539
38.45 -0.00559175 -0.0084179
38.5 -0.00551055 -0.00850096
38.55 -0.00542622 -0.00857482
38.6 -0.00533893 -0.00863969
38.65 -0.00524889 -0.00869581
38.7 -0.00515627 -0.0087434
38.75 -0.00506126 -0.00878269
38.8 -0.00496402 -0.00881389
38.85 -0.00486475 -0.00883724
38.9 -0.00476359 -0.00885294
38.95 -0.00466074 -0.00886123
39 -0.00455634 -0.0088623
39.05 -0.00445056 -0.00885639
39.1 -0.00434356 -0.0088437
39.15 -0.0042355 -0.00882444
39.2 -0.00412653 -0.00879882
39.25 -0.00401679 -0.00876706
39.3 -0.00390643 -0.00872934
39.35 -0.00379559 -0.00868589
39.4 -0.00368442 -0.00863689
39.45 -0.00357305 -0.00858255
39.5 -0.0034616 -0.00852307
39.55 -0.00335022 -0.00845863
39.6 -0.00323902 -0.00838943
39.65 -0.00312813 -0.00831567
39.7 -0.00301766 -0.00823753
39.75 -0.00290774 -0.00815518
39.8 -0.00279847 -0.00806883
39.85 -0.00268997 -0.00797865
39.9 -0.00258234 -0.00788481
39.95 -0.00247568 -0.00778749
40 -0.00237009 -0.00768687
40.05 -0.00226566 -0.00758311
40.1 -0.0021625 -0.00747639
40.15 -0.00206068 -0.00736688
40.2 -0.0019603 -0.00725472
40.25 -0.00186144 -0.00714009
40.3 -0.00176417 -0.00702314
40.35 -0.00166857 -0.00690403
40.4 -0.00157472 -0.00678291
40.45 -0.00148269 -0.00665993
40.5 -0.00139253 -0.00653523
40.55 -0.00130432 -0.00640897
40.6 -0.00121812 -0.00628129
40.65 -0.00113398 -0.00615232
40.7 -0.00105195 -0.00602219
40.75 -0.000972092 -0.00589106
40.8 -0.000894449 -0.00575903
40.85 -0.000819065 -0.00562626
40.9 -0.000745984 -0.00549285
40.95 -0.000675244 -0.00535893
41 -0.00060688 -0.00522463
41.05 -0.000540927 -0.00509005
41.1 -0.000477414 -0.00495532
41.15 -0.00041637 -0.00482055
41.2 -0.000357818 -0.00468584
41.25 -0.000301781 -0.0045513
41.3 -0.000248279 -0.00441704
41.35 -0.000197327 -0.00428316
41.4 -0.00014894 -0.00414975
41.45 -0.000103129 -0.00401691
41.5 -5.9904e-05 -0.00388473
41.55 -1.927e-05 -0.00375331
41.6 1.87684e-05 -0.00362273
41.65 5.421e-05 -0.00349307
41.7 8.70554e-05 -0.00336442
41.75 0.000117308 -0.00323686
41.8 0.000144973 -0.00311046
41.85 0.000170059 -0.0029853
41.9 0.000192574 -0.00286145
41.95 0.000212532 -0.00273898
42 0.000229947 -0.00261795
42.05 0.000244834 -0.00249843
42.1 0.000257212 -0.00238048
42.15 0.000267101 -0.00226416
42.2 0.000274524 -0.00214952
42.25 0.000279503 -0.00203663
42.3 0.000282066 -0.00192552
42.35 0.000282239 -0.00181625
42.4 0.000280051 -0.00170887
42.45 0.000275534 -0.00160341
42.5 0.00026872 -0.00149993
42.55 0.000259643 -0.00139846
42.6 0.000248338 -0.00129904
42.65 0.000234843 -0.0012017
42.7 0.000219196 -0.00110648
42.75 0.000201436 -0.0010134
42.8 0.000181605 -0.000922496
42.85 0.000159745 -0.000833793
42.9 0.0001359 -0.000747314
42.95 0.000110113 -0.000663082
43 8.24317e-05 -0.000581116
43.05 5.29016e-05 -0.000501433
43.1 2.15707e-05 -0.00042405
43.15 -1.15122e-05 -0.000348981
43.2 -4.62975e-05 -0.000276236
43.25 -8.27348e-05 -0.000205826
43.3 -0.000120773 -0.000137759
43.35 -0.00016036 -7.20409e-05
43.4 -0.000201443 -8.67642e-06
43.45 -0.000243969 5.2332e-05
43.5 -0.000287885 0.000110984
43.55 -0.000333135 0.000167279
43.6 -0.000379664 0.000221221
43.65 -0.000427418 0.000272814
43.7 -0.000476341 0.000322064
43.75 -0.000526377 0.000368977
43.8 -0.000577469 0.000413563
43.85 -0.00062956 0.000455832
43.9 -0.000682594 0.000495796
43.95 -0.000736514 0.000533468
44 -0.000791263 0.000568863
44.05 -0.000846783 0.000601997
44.1 -0.000903018 0.000632887
44.15 -0.000959909 0.000661552
44.2 -0.0010174 0.000688012
44.25 -0.00107543 0.000712286
44.3 -0.00113395 0.000734399
44.35 -0.0011929 0.000754373
44.4 -0.00125223 0.000772233
44.45 -0.00131186 0.000788003
44.5 -0.00137176 0.000801711
44.55 -0.00143187 0.000813384
44.6 -0.00149212 0.000823051
44.65 -0.00155247 0.000830741
44.7 -0.00161285 0.000836483
44.75 -0.00167323 0.00084031
44.8 -0.00173354 0.000842253
44.85 -0.00179372 0.000842345
44.9 -0.00185374 0.000840619
44.95 -0.00191353 0.000837109
45 -0.00197305 0.000831851
45.05 -0.00203224 0.000824879
45.1 -0.00209106 0.000816229
45.15 -0.00214946 0.000805938
45.2 -0.00220738 0.000794044
45.25 -0.00226478 0.000780583
45.3 -0.00232162 0.000765595
45.35 -0.00237785 0.000749116
45.4 -0.00243342 0.000731187
45.45 -0.0024883 0.000711846
45.5 -0.00254243 0.000691134
45.55 -0.00259577 0.000669089
45.6 -0.00264829 0.000645752
45.65 -0.00269994 0.000621164
45.7 -0.00275069 0.000595366
45.75 -0.0028005 0.000568397
45.8 -0.00284932 0.000540299
45.85 -0.00289713 0.000511114
45.9 -0.00294389 0.000480881
45.95 -0.00298956 0.000449643
46 -0.00303412 0.000417441
46.05 -0.00307752 0.000384315
46.1 -0.00311974 0.000350308
46.15 -0.00316076 0.000315461
46.2 -0.00320053 0.000279814
46.25 -0.00323905 0.000243408
46.3 -0.00327626 0.000206286
46.35 -0.00331217 0.000168486
46.4 -0.00334673 0.000130051
46.45 -0.00337993 9.10203e-05
46.5 -0.00341175 5.1434e-05
46.55 -0.00344216 1.13323e-05
46.6 -0.00347115 -2.92451e-05
46.65 -0.0034987 -7.02588e-05
46.7 -0.00352479 -0.00011167
46.75 -0.00354941 -0.000153439
46.8 -0.00357254 -0.000195528
46.85 -0.00359417 -0.000237899
46.9 -0.00361429 -0.000280515
46.95 -0.00363289 -0.000323337
47 -0.00364996 -0.00036633
47.05 -0.00366548 -0.000409456
47.1 -0.00367946 -0.000452679
47.15 -0.00369189 -0.000495965
47.2 -0.00370275 -0.000539279
47.25 -0.00371206 -0.000582584
47.3 -0.0037198 -0.000625849
47.35 -0.00372597 -0.000669039
47.4 -0.00373058 -0.000712121
47.45 -0.00373363 -0.000755063
47.5 -0.00373511 -0.000797833
47.55 -0.00373503 -0.000840401
47.6 -0.0037334 -0.000882734
47.65 -0.00373022 -0.000924805
47.7 -0.00372549 -0.000966582
47.75 -0.00371923 -0.00100804
47.8 -0.00371144 -0.00104914
47.85 -0.00370213 -0.00108987
47.9 -0.00369131 -0.0011302
47.95 -0.003679 -0.00117009
48 -0.0036652 -0.00120953
48.05 -0.00364994 -0.00124849
48.1 -0.00363321 -0.00128694
48.15 -0.00361505 -0.00132487
48.2 -0.00359546 -0.00136224
48.25 -0.00357447 -0.00139904
48.3 -0.00355208 -0.00143525
48.35 -0.00352833 -0.00147084
48.4 -0.00350322 -0.0015058
48.45 -0.00347679 -0.00154011
48.5 -0.00344904 -0.00157374
48.55 -0.00342001 -0.00160668
48.6 -0.00338971 -0.00163892
48.65 -0.00335817 -0.00167043
48.7 -0.00332542 -0.0017012
48.75 -0.00329147 -0.00173121
48.8 -0.00325636 -0.00176046
48.85 -0.0032201 -0.00178893
48.9 -0.00318273 -0.0018166
48.95 -0.00314428 -0.00184347
49 -0.00310477 -0.00186951
49.05 -0.00306423 -0.00189473
49.1 -0.00302269 -0.00191911
49.15 -0.00298018 -0.00194265
49.2 -0.00293672 -0.00196532
49.25 -0.00289236 -0.00198713
49.3 -0.00284711 -0.00200807
49.35 -0.00280102 -0.00202814
49.4 -0.00275411 -0.00204732
49.45 -0.00270642 -0.00206561
49.5 -0.00265797 -0.002083
49.55 -0.0026088 -0.0020995
49.6 -0.00255895 -0.0021151
49.65 -0.00250844 -0.0021298
49.7 -0.00245731 -0.0021436
49.75 -0.00240559 -0.00215648
49.8 -0.00235333 -0.00216847
49.85 -0.00230054 -0.00217954
49.9 -0.00224726 -0.00218971
49.95 -0.00219354 -0.00219898
50 -0.0021394 -0.00220735
