# compute_shc 2 250 2 1000 50 group 0 4
# format_version 1
# num_atoms 42000
# cell 4.3160282078e+01 -4.8240842789e-04 -2.1865051026e-01 -3.0212651772e+01 5.2330270497e+01 4.2069090819e-01 -3.2459503835e+00 3.2713669705e+00 6.1956220811e+02
# dt_output 2.0000000000e-03 ps
# num_correlation_rows 499
# num_frequency_rows 1000
# columns_correlation time_ps ki ko
# columns_shc omega_THz shc_i shc_o
-0.498 -0.000106562 4.81605e-05
-0.496 -0.000321285 0.000116761
-0.494 -0.000482818 9.16976e-05
-0.492 -0.00042549 -0.000140799
-0.49 1.95792e-05 -0.000693289
-0.488 0.00102335 -0.00167625
-0.486 0.00275772 -0.00319724
-0.484 0.00539446 -0.00536003
-0.482 0.00910405 -0.00826384
-0.48 0.0140546 -0.0120025
-0.478 0.0204108 -0.0166639
-0.476 0.0283329 -0.0223288
-0.474 0.0379756 -0.0290709
-0.472 0.0494872 -0.0369555
-0.47 0.0630087 -0.0460392
-0.468 0.0786726 -0.0563697
-0.466 0.0966026 -0.0679848
-0.464 0.116912 -0.0809122
-0.462 0.139705 -0.0951693
-0.46 0.165072 -0.110763
-0.458 0.193094 -0.127688
-0.456 0.223837 -0.145929
-0.454 0.257358 -0.16546
-0.452 0.293696 -0.186242
-0.45 0.332881 -0.208226
-0.448 0.374925 -0.231351
-0.446 0.419829 -0.255546
-0.444 0.467577 -0.280727
-0.442 0.518142 -0.306802
-0.44 0.57148 -0.333668
-0.438 0.627534 -0.36121
-0.436 0.686233 -0.389306
-0.434 0.747492 -0.417825
-0.432 0.811211 -0.446626
-0.43 0.87728 -0.475562
-0.428 0.945573 -0.504478
-0.426 1.01595 -0.533212
-0.424 1.08827 -0.561597
-0.422 1.16237 -0.589462
-0.42 1.23807 -0.616629
-0.418 1.3152 -0.64292
-0.416 1.39357 -0.668153
-0.414 1.47297 -0.692144
-0.412 1.5532 -0.714708
-0.41 1.63405 -0.735663
-0.408 1.71529 -0.754824
-0.406 1.7967 -0.772012
-0.404 1.87806 -0.787047
-0.402 1.95912 -0.799756
-0.4 2.03965 -0.80997
-0.398 2.11941 -0.817524
-0.396 2.19817 -0.822261
-0.394 2.27568 -0.824031
-0.392 2.35172 -0.822693
-0.39 2.42603 -0.818113
-0.388 2.4984 -0.810169
-0.386 2.5686 -0.798747
-0.384 2.63639 -0.783746
-0.382 2.70157 -0.765076
-0.38 2.76392 -0.742661
-0.378 2.82324 -0.716434
-0.376 2.87934 -0.686347
-0.374 2.93203 -0.652361
-0.372 2.98114 -0.614454
-0.37 3.02651 -0.572618
-0.368 3.06797 -0.526861
-0.366 3.1054 -0.477205
-0.364 3.13867 -0.423688
-0.362 3.16766 -0.366363
-0.36 3.19228 -0.3053
-0.358 3.21244 -0.240584
-0.356 3.22808 -0.172316
-0.354 3.23915 -0.100611
-0.352 3.24561 -0.0256017
-0.35 3.24744 0.052566
-0.348 3.24464 0.13373
-0.346 3.23724 0.217715
-0.344 3.22525 0.30433
-0.342 3.20874 0.393372
-0.34 3.18778 0.484623
-0.338 3.16245 0.577855
-0.336 3.13286 0.672825
-0.334 3.09913 0.769282
-0.332 3.0614 0.866962
-0.33 3.01984 0.965591
-0.328 2.97461 1.06489
-0.326 2.92591 1.16457
-0.324 2.87396 1.26432
-0.322 2.81897 1.36386
-0.32 2.76118 1.46287
-0.318 2.70086 1.56103
-0.316 2.63827 1.65803
-0.314 2.57369 1.75356
-0.312 2.50743 1.84729
-0.31 2.43979 1.9389
-0.308 2.37109 2.02808
-0.306 2.30166 2.11452
-0.304 2.23184 2.19788
-0.302 2.16198 2.27788
-0.3 2.09244 2.35421
-0.298 2.02357 2.42657
-0.296 1.95575 2.49468
-0.294 1.88934 2.55825
-0.292 1.82471 2.61703
-0.29 1.76226 2.67074
-0.288 1.70234 2.71916
-0.286 1.64534 2.76204
-0.284 1.59163 2.79918
-0.282 1.54158 2.83036
-0.28 1.49555 2.8554
-0.278 1.45392 2.87415
-0.276 1.41703 2.88644
-0.274 1.38523 2.89214
-0.272 1.35885 2.89115
-0.27 1.33823 2.88337
-0.268 1.32367 2.86874
-0.266 1.31549 2.84719
-0.264 1.31397 2.81871
-0.262 1.31939 2.78329
-0.26 1.332 2.74094
-0.258 1.35205 2.69171
-0.256 1.37976 2.63566
-0.254 1.41535 2.57287
-0.252 1.459 2.50345
-0.25 1.51087 2.42754
-0.248 1.57111 2.34528
-0.246 1.63986 2.25686
-0.244 1.71722 2.16247
-0.242 1.80326 2.06233
-0.24 1.89805 1.95669
-0.238 2.00163 1.8458
-0.236 2.11401 1.72995
-0.234 2.23517 1.60944
-0.232 2.36509 1.48459
-0.23 2.5037 1.35573
-0.228 2.65093 1.22322
-0.226 2.80666 1.08742
-0.224 2.97078 0.948727
-0.222 3.14311 0.807522
-0.22 3.3235 0.664216
-0.218 3.51173 0.519227
-0.216 3.70759 0.372981
-0.214 3.91082 0.225911
-0.212 4.12117 0.0784564
-0.21 4.33834 -0.0689376
-0.208 4.56203 -0.215824
-0.206 4.7919 -0.361754
-0.204 5.02761 -0.506279
-0.202 5.26879 -0.648952
-0.2 5.51506 -0.789328
-0.198 5.76602 -0.926969
-0.196 6.02124 -1.06144
-0.194 6.2803 -1.19232
-0.192 6.54275 -1.31919
-0.19 6.80813 -1.44165
-0.188 7.07598 -1.5593
-0.186 7.34582 -1.67176
-0.184 7.61714 -1.77868
-0.182 7.88947 -1.87971
-0.18 8.16229 -1.97452
-0.178 8.4351 -2.06279
-0.176 8.70738 -2.14424
-0.174 8.97861 -2.21861
-0.172 9.24828 -2.28565
-0.17 9.51587 -2.34513
-0.168 9.78085 -2.39686
-0.166 10.0427 -2.44066
-0.164 10.301 -2.4764
-0.162 10.5551 -2.50394
-0.16 10.8046 -2.5232
-0.158 11.0489 -2.5341
-0.156 11.2877 -2.53662
-0.154 11.5203 -2.53073
-0.152 11.7464 -2.51646
-0.15 11.9655 -2.49384
-0.148 12.1772 -2.46295
-0.146 12.381 -2.42389
-0.144 12.5765 -2.37678
-0.142 12.7633 -2.32178
-0.14 12.9411 -2.25907
-0.138 13.1095 -2.18884
-0.136 13.2681 -2.11133
-0.134 13.4167 -2.02679
-0.132 13.5549 -1.93549
-0.13 13.6825 -1.83775
-0.128 13.7991 -1.73386
-0.126 13.9046 -1.62418
-0.124 13.9988 -1.50906
-0.122 14.0814 -1.38888
-0.12 14.1523 -1.26403
-0.118 14.2114 -1.13491
-0.116 14.2585 -1.00195
-0.114 14.2934 -0.865577
-0.112 14.3162 -0.726234
-0.11 14.3268 -0.58437
-0.108 14.3252 -0.440445
-0.106 14.3113 -0.294922
-0.104 14.2851 -0.148268
-0.102 14.2467 -0.000952509
-0.1 14.1962 0.146554
-0.098 14.1336 0.293783
-0.096 14.059 0.440268
-0.094 13.9725 0.585548
-0.092 13.8743 0.729166
-0.09 13.7644 0.870676
-0.088 13.6432 1.00964
-0.086 13.5107 1.14562
-0.084 13.3671 1.27822
-0.082 13.2127 1.40702
-0.08 13.0477 1.53164
-0.078 12.8723 1.65172
-0.076 12.6868 1.76689
-0.074 12.4914 1.87683
-0.072 12.2865 1.98122
-0.07 12.0721 2.07977
-0.068 11.8488 2.17222
-0.066 11.6167 2.25831
-0.064 11.3761 2.33782
-0.062 11.1273 2.41056
-0.06 10.8706 2.47636
-0.058 10.6064 2.53507
-0.056 10.3349 2.58657
-0.054 10.0564 2.63077
-0.052 9.77123 2.66761
-0.05 9.47968 2.69704
-0.048 9.18204 2.71906
-0.046 8.87862 2.73368
-0.044 8.56968 2.74094
-0.042 8.25553 2.74093
-0.04 7.93643 2.73373
-0.038 7.61267 2.71948
-0.036 7.28451 2.69831
-0.034 6.95221 2.67041
-0.032 6.61603 2.63596
-0.03 6.27623 2.59521
-0.028 5.93303 2.54838
-0.026 5.58669 2.49574
-0.024 5.23743 2.43759
-0.022 4.88547 2.37422
-0.02 4.53105 2.30596
-0.018 4.17436 2.23315
-0.016 3.81562 2.15614
-0.014 3.45503 2.07532
-0.012 3.09279 1.99105
-0.01 2.72909 1.90373
-0.008 2.36412 1.81377
-0.006 1.99807 1.72158
-0.004 1.63112 1.62757
-0.002 1.26346 1.53217
0 0.895272 1.43581
0.002 0.526732 1.33895
0.004 0.158023 1.24198
0.006 -0.210672 1.14534
0.008 -0.579169 1.04946
0.01 -0.947279 0.954757
0.012 -1.31481 0.861652
0.014 -1.68158 0.770558
0.016 -2.04737 0.681878
0.018 -2.41199 0.596007
0.02 -2.77523 0.513329
0.022 -3.13688 0.434212
0.024 -3.49671 0.359015
0.026 -3.8545 0.288076
0.028 -4.21001 0.221722
0.03 -4.563 0.160257
0.032 -4.91324 0.103968
0.034 -5.26046 0.0531215
0.036 -5.6044 0.00796267
0.038 -5.94479 -0.031286
0.04 -6.28137 -0.0644252
0.042 -6.61385 -0.0912797
0.044 -6.94194 -0.111699
0.046 -7.26535 -0.125558
0.048 -7.58378 -0.132758
0.05 -7.89694 -0.133225
0.052 -8.20451 -0.126913
0.054 -8.50618 -0.113803
0.056 -8.80165 -0.0939023
0.058 -9.09059 -0.0672453
0.06 -9.37269 -0.0338932
0.062 -9.64764 0.00606602
0.064 -9.91511 0.0525181
0.066 -10.1748 0.105323
0.068 -10.4264 0.164315
0.07 -10.6696 0.229303
0.072 -10.9041 0.300072
0.074 -11.1295 0.376385
0.076 -11.3457 0.457981
0.078 -11.5523 0.544577
0.08 -11.749 0.63587
0.082 -11.9356 0.731539
0.084 -12.1118 0.831241
0.086 -12.2774 0.934621
0.088 -12.4321 1.0413
0.09 -12.5758 1.1509
0.092 -12.7082 1.26301
0.094 -12.8292 1.37723
0.096 -12.9385 1.49312
0.098 -13.0361 1.61026
0.1 -13.1218 1.72821
0.102 -13.1955 1.84654
0.104 -13.257 1.96478
0.106 -13.3064 2.08249
0.108 -13.3436 2.19924
0.11 -13.3685 2.31455
0.112 -13.3812 2.428
0.114 -13.3816 2.53914
0.116 -13.3698 2.64754
0.118 -13.3459 2.75277
0.12 -13.31 2.85441
0.122 -13.262 2.95206
0.124 -13.2023 3.04533
0.126 -13.1309 3.13383
0.128 -13.048 3.21719
0.13 -12.9539 3.29509
0.132 -12.8487 3.36717
0.134 -12.7326 3.43313
0.136 -12.6061 3.49268
0.138 -12.4692 3.54555
0.14 -12.3224 3.59149
0.142 -12.166 3.63028
0.144 -12.0003 3.66171
0.146 -11.8258 3.68561
0.148 -11.6426 3.70183
0.15 -11.4514 3.71025
0.152 -11.2524 3.71076
0.154 -11.0461 3.70329
0.156 -10.833 3.6878
0.158 -10.6135 3.66428
0.16 -10.3881 3.63272
0.162 -10.1573 3.59317
0.164 -9.92143 3.54569
0.166 -9.68114 3.49037
0.168 -9.43688 3.42732
0.17 -9.18915 3.3567
0.172 -8.93847 3.27865
0.174 -8.68535 3.19339
0.176 -8.4303 3.10111
0.178 -8.17382 3.00207
0.18 -7.91644 2.89651
0.182 -7.65867 2.78473
0.184 -7.401 2.66703
0.186 -7.14394 2.54373
0.188 -6.88798 2.41516
0.19 -6.63361 2.28168
0.192 -6.3813 2.14367
0.194 -6.13153 2.0015
0.196 -5.88475 1.85557
0.198 -5.64141 1.7063
0.2 -5.40193 1.5541
0.202 -5.16673 1.3994
0.204 -4.93622 1.24262
0.206 -4.71078 1.08421
0.208 -4.49078 0.924595
0.21 -4.27658 0.76423
0.212 -4.06849 0.603553
0.214 -3.86684 0.443005
0.216 -3.67191 0.283023
0.218 -3.48398 0.124041
0.22 -3.30331 -0.0335135
0.222 -3.1301 -0.189221
0.224 -2.96458 -0.342669
0.226 -2.80693 -0.493456
0.228 -2.6573 -0.641193
0.23 -2.51583 -0.785502
0.232 -2.38264 -0.926019
0.234 -2.25781 -1.0624
0.236 -2.14141 -1.1943
0.238 -2.03349 -1.32142
0.24 -1.93406 -1.44345
0.242 -1.84313 -1.56012
0.244 -1.76065 -1.67116
0.246 -1.68658 -1.77634
0.248 -1.62086 -1.87544
0.25 -1.56338 -1.96827
0.252 -1.51402 -2.05464
0.254 -1.47266 -2.13441
0.256 -1.43913 -2.20745
0.258 -1.41326 -2.27364
0.26 -1.39484 -2.33291
0.262 -1.38367 -2.38519
0.264 -1.37951 -2.43044
0.266 -1.38211 -2.46865
0.268 -1.39121 -2.49981
0.27 -1.40653 -2.52397
0.272 -1.42777 -2.54116
0.274 -1.45464 -2.55146
0.276 -1.4868 -2.55495
0.278 -1.52394 -2.55175
0.28 -1.56572 -2.54199
0.282 -1.61179 -2.52581
0.284 -1.6618 -2.50339
0.286 -1.71539 -2.4749
0.288 -1.77221 -2.44055
0.29 -1.83187 -2.40055
0.292 -1.89402 -2.35512
0.294 -1.95829 -2.30452
0.296 -2.0243 -2.24899
0.298 -2.09169 -2.18881
0.3 -2.1601 -2.12425
0.302 -2.22916 -2.05558
0.304 -2.29851 -1.98312
0.306 -2.3678 -1.90716
0.308 -2.4367 -1.82799
0.31 -2.50486 -1.74595
0.312 -2.57196 -1.66133
0.314 -2.63768 -1.57445
0.316 -2.70171 -1.48564
0.318 -2.76376 -1.39521
0.32 -2.82355 -1.30347
0.322 -2.88081 -1.21075
0.324 -2.93528 -1.11735
0.326 -2.98673 -1.02358
0.328 -3.03492 -0.92975
0.33 -3.07966 -0.836147
0.332 -3.12074 -0.743064
0.334 -3.15799 -0.650783
0.336 -3.19125 -0.559576
0.338 -3.22038 -0.469707
0.34 -3.24525 -0.381428
0.342 -3.26576 -0.294981
0.344 -3.28181 -0.210597
0.346 -3.29334 -0.128493
0.348 -3.30029 -0.0488743
0.35 -3.30263 0.0280688
0.352 -3.30033 0.102159
0.354 -3.2934 0.173232
0.356 -3.28185 0.241141
0.358 -3.26572 0.305752
0.36 -3.24505 0.366947
0.362 -3.21991 0.424624
0.364 -3.19038 0.478695
0.366 -3.15655 0.529089
0.368 -3.11854 0.575751
0.37 -3.07647 0.618638
0.372 -3.03049 0.657728
0.374 -2.98073 0.693009
0.376 -2.92736 0.724487
0.378 -2.87056 0.752182
0.38 -2.81051 0.776127
0.382 -2.7474 0.796371
0.384 -2.68143 0.812976
0.386 -2.61282 0.826014
0.388 -2.54179 0.835574
0.39 -2.46855 0.841754
0.392 -2.39333 0.844664
0.394 -2.31637 0.844423
0.396 -2.2379 0.841161
0.398 -2.15817 0.835017
0.4 -2.0774 0.826138
0.402 -1.99585 0.814678
0.404 -1.91374 0.800799
0.406 -1.83132 0.784665
0.408 -1.74882 0.766449
0.41 -1.66647 0.746326
0.412 -1.58451 0.724473
0.414 -1.50315 0.701071
0.416 -1.42261 0.6763
0.418 -1.3431 0.650342
0.42 -1.26482 0.623378
0.422 -1.18797 0.595587
0.424 -1.11272 0.567147
0.426 -1.03925 0.538229
0.428 -0.967725 0.509005
0.43 -0.898296 0.479638
0.432 -0.831101 0.450288
0.434 -0.766268 0.421107
0.436 -0.703912 0.392242
0.438 -0.644134 0.363829
0.44 -0.58702 0.335998
0.442 -0.532646 0.308871
0.444 -0.48107 0.282558
0.446 -0.432337 0.257162
0.448 -0.386479 0.232773
0.45 -0.343512 0.209473
0.452 -0.303437 0.187332
0.454 -0.266243 0.166409
0.456 -0.231903 0.146752
0.458 -0.200378 0.128399
0.46 -0.171614 0.111374
0.462 -0.145544 0.0956918
0.464 -0.122089 0.0813564
0.466 -0.101159 0.06836
0.468 -0.08265 0.0566844
0.47 -0.0664492 0.046301
0.472 -0.0524331 0.0371712
0.474 -0.0404688 0.0292467
0.476 -0.0304151 0.0224704
0.478 -0.0221231 0.0167761
0.48 -0.0154373 0.01209
0.482 -0.0101966 0.00833047
0.484 -0.00623506 0.00540946
0.486 -0.00338326 0.00323267
0.488 -0.00146916 0.00170055
0.49 -0.000319278 0.000708973
0.492 0.000240227 0.00015008
0.494 0.000382405 -8.69025e-05
0.496 0.000278393 -0.00011482
0.498 9.62849e-05 -4.77232e-05
0.05 0.395602 0.864273
0.1 0.3956 0.864219
0.15 0.395596 0.864128
0.2 0.39559 0.864001
0.25 0.395583 0.863838
0.3 0.395574 0.863638
0.35 0.395563 0.863402
0.4 0.395551 0.86313
0.45 0.395537 0.862822
0.5 0.395521 0.862478
0.55 0.395504 0.862097
0.6 0.395485 0.861681
0.65 0.395464 0.861229
0.7 0.395442 0.86074
0.75 0.395418 0.860216
0.8 0.395391 0.859656
0.85 0.395364 0.859061
0.9 0.395334 0.858429
0.95 0.395302 0.857763
1 0.395269 0.85706
1.05 0.395233 0.856323
1.1 0.395196 0.855549
1.15 0.395157 0.854741
1.2 0.395115 0.853898
1.25 0.395072 0.85302
1.3 0.395027 0.852106
1.35 0.394979 0.851158
1.4 0.394929 0.850176
1.45 0.394877 0.849159
1.5 0.394823 0.848107
1.55 0.394767 0.847021
1.6 0.394708 0.845901
1.65 0.394647 0.844747
1.7 0.394583 0.84356
1.75 0.394517 0.842338
1.8 0.394449 0.841083
1.85 0.394378 0.839795
1.9 0.394304 0.838473
1.95 0.394228 0.837119
2 0.394148 0.835731
2.05 0.394067 0.834311
2.1 0.393982 0.832858
2.15 0.393894 0.831373
2.2 0.393804 0.829855
2.25 0.39371 0.828306
2.3 0.393614 0.826725
2.35 0.393514 0.825112
2.4 0.393411 0.823468
2.45 0.393305 0.821793
2.5 0.393196 0.820087
2.55 0.393083 0.81835
2.6 0.392967 0.816582
2.65 0.392847 0.814784
2.7 0.392724 0.812956
2.75 0.392598 0.811098
2.8 0.392467 0.80921
2.85 0.392333 0.807293
2.9 0.392195 0.805347
2.95 0.392053 0.803372
3 0.391907 0.801368
3.05 0.391757 0.799335
3.1 0.391603 0.797275
3.15 0.391445 0.795186
3.2 0.391282 0.79307
3.25 0.391116 0.790926
3.3 0.390944 0.788755
3.35 0.390769 0.786557
3.4 0.390589 0.784332
3.45 0.390404 0.782081
3.5 0.390214 0.779804
3.55 0.39002 0.777501
3.6 0.389821 0.775172
3.65 0.389617 0.772818
3.7 0.389408 0.770439
3.75 0.389194 0.768035
3.8 0.388975 0.765607
3.85 0.388751 0.763154
3.9 0.388521 0.760678
3.95 0.388287 0.758178
4 0.388046 0.755655
4.05 0.3878 0.753108
4.1 0.387549 0.750539
4.15 0.387292 0.747948
4.2 0.387029 0.745335
4.25 0.386761 0.742699
4.3 0.386486 0.740043
4.35 0.386206 0.737365
4.4 0.385919 0.734666
4.45 0.385627 0.731947
4.5 0.385328 0.729207
4.55 0.385023 0.726448
4.6 0.384712 0.723669
4.65 0.384394 0.72087
4.7 0.38407 0.718053
4.75 0.383739 0.715217
4.8 0.383402 0.712363
4.85 0.383058 0.70949
4.9 0.382708 0.7066
4.95 0.38235 0.703693
5 0.381986 0.700769
5.05 0.381614 0.697828
5.1 0.381236 0.694871
5.15 0.380851 0.691897
5.2 0.380458 0.688908
5.25 0.380059 0.685904
5.3 0.379652 0.682884
5.35 0.379237 0.67985
5.4 0.378816 0.676802
5.45 0.378387 0.673739
5.5 0.37795 0.670663
5.55 0.377506 0.667573
5.6 0.377054 0.664471
5.65 0.376594 0.661356
5.7 0.376127 0.658228
5.75 0.375652 0.655089
5.8 0.375169 0.651937
5.85 0.374678 0.648775
5.9 0.374179 0.645601
5.95 0.373672 0.642417
6 0.373157 0.639222
6.05 0.372634 0.636018
6.1 0.372103 0.632804
6.15 0.371564 0.62958
6.2 0.371016 0.626348
6.25 0.37046 0.623107
6.3 0.369896 0.619858
6.35 0.369324 0.6166
6.4 0.368743 0.613336
6.45 0.368153 0.610063
6.5 0.367555 0.606784
6.55 0.366949 0.603499
6.6 0.366334 0.600207
6.65 0.36571 0.596909
6.7 0.365078 0.593605
6.75 0.364437 0.590296
6.8 0.363788 0.586982
6.85 0.363129 0.583664
6.9 0.362463 0.580341
6.95 0.361787 0.577014
7 0.361102 0.573684
7.05 0.360409 0.57035
7.1 0.359707 0.567013
7.15 0.358996 0.563674
7.2 0.358276 0.560332
7.25 0.357548 0.556988
7.3 0.35681 0.553643
7.35 0.356064 0.550296
7.4 0.355309 0.546948
7.45 0.354545 0.543599
7.5 0.353772 0.54025
7.55 0.35299 0.5369
7.6 0.352199 0.533551
7.65 0.351399 0.530202
7.7 0.350591 0.526854
7.75 0.349773 0.523507
7.8 0.348947 0.520161
7.85 0.348112 0.516817
7.9 0.347268 0.513475
7.95 0.346415 0.510135
8 0.345553 0.506798
8.05 0.344682 0.503463
8.1 0.343803 0.500132
8.15 0.342914 0.496804
8.2 0.342017 0.493479
8.25 0.341111 0.490159
8.3 0.340197 0.486843
8.35 0.339273 0.483532
8.4 0.338341 0.480225
8.45 0.3374 0.476923
8.5 0.336451 0.473627
8.55 0.335493 0.470336
8.6 0.334527 0.467052
8.65 0.333552 0.463773
8.7 0.332568 0.460501
8.75 0.331576 0.457235
8.8 0.330575 0.453977
8.85 0.329567 0.450725
8.9 0.328549 0.447481
8.95 0.327524 0.444245
9 0.32649 0.441016
9.05 0.325448 0.437796
9.1 0.324398 0.434584
9.15 0.32334 0.431381
9.2 0.322274 0.428187
9.25 0.321199 0.425001
9.3 0.320117 0.421825
9.35 0.319027 0.418659
9.4 0.317929 0.415502
9.45 0.316824 0.412355
9.5 0.31571 0.409219
9.55 0.31459 0.406093
9.6 0.313461 0.402978
9.65 0.312325 0.399873
9.7 0.311182 0.396779
9.75 0.310031 0.393697
9.8 0.308873 0.390626
9.85 0.307708 0.387567
9.9 0.306535 0.38452
9.95 0.305356 0.381484
10 0.304169 0.378461
10.05 0.302976 0.37545
10.1 0.301776 0.372452
10.15 0.300569 0.369466
10.2 0.299355 0.366494
10.25 0.298135 0.363534
10.3 0.296909 0.360588
10.35 0.295676 0.357655
10.4 0.294436 0.354736
10.45 0.293191 0.35183
10.5 0.291939 0.348938
10.55 0.290682 0.346061
10.6 0.289418 0.343197
10.65 0.288149 0.340348
10.7 0.286873 0.337513
10.75 0.285592 0.334693
10.8 0.284306 0.331887
10.85 0.283014 0.329097
10.9 0.281717 0.326321
10.95 0.280415 0.323561
11 0.279107 0.320816
11.05 0.277794 0.318086
11.1 0.276477 0.315371
11.15 0.275154 0.312673
11.2 0.273827 0.309989
11.25 0.272495 0.307322
11.3 0.271159 0.304671
11.35 0.269818 0.302035
11.4 0.268473 0.299416
11.45 0.267124 0.296812
11.5 0.26577 0.294225
11.55 0.264413 0.291655
11.6 0.263052 0.289101
11.65 0.261687 0.286563
11.7 0.260318 0.284042
11.75 0.258946 0.281538
11.8 0.257571 0.27905
11.85 0.256192 0.276579
11.9 0.25481 0.274125
11.95 0.253425 0.271688
12 0.252037 0.269268
12.05 0.250646 0.266865
12.1 0.249252 0.264479
12.15 0.247856 0.26211
12.2 0.246457 0.259758
12.25 0.245056 0.257424
12.3 0.243653 0.255106
12.35 0.242248 0.252806
12.4 0.24084 0.250524
12.45 0.239431 0.248259
12.5 0.23802 0.246011
12.55 0.236607 0.24378
12.6 0.235193 0.241567
12.65 0.233777 0.239372
12.7 0.23236 0.237193
12.75 0.230942 0.235033
12.8 0.229523 0.232889
12.85 0.228103 0.230764
12.9 0.226682 0.228656
12.95 0.22526 0.226565
13 0.223838 0.224492
13.05 0.222415 0.222436
13.1 0.220992 0.220398
13.15 0.219569 0.218377
13.2 0.218145 0.216373
13.25 0.216722 0.214387
13.3 0.215299 0.212419
13.35 0.213876 0.210468
13.4 0.212453 0.208534
13.45 0.211031 0.206618
13.5 0.209609 0.204719
13.55 0.208188 0.202837
13.6 0.206768 0.200973
13.65 0.205349 0.199125
13.7 0.20393 0.197295
13.75 0.202513 0.195483
13.8 0.201098 0.193687
13.85 0.199683 0.191908
13.9 0.19827 0.190146
13.95 0.196859 0.188402
14 0.195449 0.186674
14.05 0.194042 0.184963
14.1 0.192636 0.183269
14.15 0.191232 0.181592
14.2 0.18983 0.179931
14.25 0.188431 0.178287
14.3 0.187034 0.17666
14.35 0.185639 0.175049
14.4 0.184247 0.173454
14.45 0.182858 0.171876
14.5 0.181471 0.170314
14.55 0.180087 0.168769
14.6 0.178706 0.167239
14.65 0.177329 0.165726
14.7 0.175954 0.164229
14.75 0.174583 0.162747
14.8 0.173215 0.161282
14.85 0.17185 0.159832
14.9 0.170489 0.158398
14.95 0.169132 0.156979
15 0.167779 0.155576
15.05 0.166429 0.154188
15.1 0.165083 0.152816
15.15 0.163741 0.151459
15.2 0.162403 0.150117
15.25 0.16107 0.14879
15.3 0.15974 0.147478
15.35 0.158415 0.14618
15.4 0.157095 0.144898
15.45 0.155779 0.14363
15.5 0.154467 0.142377
15.55 0.15316 0.141138
15.6 0.151858 0.139913
15.65 0.150561 0.138703
15.7 0.149269 0.137506
15.75 0.147981 0.136324
15.8 0.146699 0.135156
15.85 0.145422 0.134001
15.9 0.144149 0.13286
15.95 0.142883 0.131733
16 0.141621 0.130619
16.05 0.140365 0.129519
16.1 0.139114 0.128431
16.15 0.137869 0.127357
16.2 0.13663 0.126296
16.25 0.135396 0.125248
16.3 0.134167 0.124212
16.35 0.132945 0.123189
16.4 0.131728 0.122179
16.45 0.130517 0.121181
16.5 0.129312 0.120195
16.55 0.128113 0.119222
16.6 0.12692 0.118261
16.65 0.125733 0.117311
16.7 0.124553 0.116373
16.75 0.123378 0.115447
16.8 0.12221 0.114533
16.85 0.121048 0.11363
16.9 0.119892 0.112738
16.95 0.118742 0.111858
17 0.117599 0.110989
17.05 0.116462 0.11013
17.1 0.115332 0.109283
17.15 0.114208 0.108446
17.2 0.113091 0.10762
17.25 0.11198 0.106804
17.3 0.110876 0.105998
17.35 0.109779 0.105203
17.4 0.108688 0.104418
17.45 0.107604 0.103643
17.5 0.106526 0.102877
17.55 0.105456 0.102122
17.6 0.104392 0.101376
17.65 0.103334 0.100639
17.7 0.102284 0.099912
17.75 0.10124 0.099194
17.8 0.100204 0.0984852
17.85 0.0991736 0.0977853
17.9 0.0981505 0.0970942
17.95 0.0971342 0.0964119
18 0.0961249 0.0957383
18.05 0.0951224 0.0950731
18.1 0.0941269 0.0944163
18.15 0.0931383 0.0937677
18.2 0.0921566 0.0931273
18.25 0.0911818 0.0924949
18.3 0.090214 0.0918703
18.35 0.0892531 0.0912536
18.4 0.0882991 0.0906445
18.45 0.0873521 0.090043
18.5 0.0864121 0.0894488
18.55 0.0854789 0.088862
18.6 0.0845528 0.0882823
18.65 0.0836335 0.0877098
18.7 0.0827212 0.0871442
18.75 0.0818159 0.0865854
18.8 0.0809174 0.0860333
18.85 0.0800259 0.0854879
18.9 0.0791413 0.084949
18.95 0.0782635 0.0844164
19 0.0773927 0.0838902
19.05 0.0765287 0.0833701
19.1 0.0756716 0.0828561
19.15 0.0748214 0.082348
19.2 0.073978 0.0818457
19.25 0.0731414 0.0813492
19.3 0.0723116 0.0808584
19.35 0.0714886 0.080373
19.4 0.0706723 0.0798931
19.45 0.0698628 0.0794185
19.5 0.06906 0.0789491
19.55 0.068264 0.0784848
19.6 0.0674746 0.0780255
19.65 0.0666919 0.0775712
19.7 0.0659158 0.0771216
19.75 0.0651463 0.0766768
19.8 0.0643834 0.0762366
19.85 0.0636271 0.0758009
19.9 0.0628773 0.0753696
19.95 0.0621341 0.0749426
20 0.0613973 0.0745199
20.05 0.0606669 0.0741013
20.1 0.059943 0.0736868
20.15 0.0592255 0.0732763
20.2 0.0585143 0.0728696
20.25 0.0578094 0.0724667
20.3 0.0571109 0.0720674
20.35 0.0564186 0.0716719
20.4 0.0557325 0.0712798
20.45 0.0550527 0.0708911
20.5 0.054379 0.0705059
20.55 0.0537114 0.0701239
20.6 0.0530499 0.0697451
20.65 0.0523945 0.0693694
20.7 0.0517451 0.0689968
20.75 0.0511017 0.0686271
20.8 0.0504642 0.0682603
20.85 0.0498326 0.0678963
20.9 0.0492069 0.067535
20.95 0.048587 0.0671764
21 0.047973 0.0668204
21.05 0.0473646 0.0664669
21.1 0.046762 0.0661159
21.15 0.0461651 0.0657672
21.2 0.0455738 0.0654208
21.25 0.0449881 0.0650767
21.3 0.0444079 0.0647348
21.35 0.0438333 0.064395
21.4 0.0432641 0.0640572
21.45 0.0427003 0.0637215
21.5 0.042142 0.0633877
21.55 0.041589 0.0630557
21.6 0.0410413 0.0627256
21.65 0.0404988 0.0623972
21.7 0.0399616 0.0620705
21.75 0.0394296 0.0617454
21.8 0.0389026 0.061422
21.85 0.0383808 0.0611001
21.9 0.0378641 0.0607796
21.95 0.0373523 0.0604606
22 0.0368455 0.060143
22.05 0.0363437 0.0598268
22.1 0.0358467 0.0595118
22.15 0.0353546 0.0591981
22.2 0.0348672 0.0588855
22.25 0.0343846 0.0585742
22.3 0.0339068 0.0582639
22.35 0.0334336 0.0579547
22.4 0.032965 0.0576465
22.45 0.032501 0.0573394
22.5 0.0320415 0.0570331
22.55 0.0315866 0.0567278
22.6 0.0311361 0.0564234
22.65 0.0306901 0.0561198
22.7 0.0302484 0.055817
22.75 0.029811 0.055515
22.8 0.029378 0.0552137
22.85 0.0289492 0.0549132
22.9 0.0285246 0.0546133
22.95 0.0281042 0.0543141
23 0.0276879 0.0540155
23.05 0.0272757 0.0537175
23.1 0.0268676 0.05342
23.15 0.0264635 0.0531231
23.2 0.0260634 0.0528267
23.25 0.0256672 0.0525308
23.3 0.0252749 0.0522354
23.35 0.0248864 0.0519404
23.4 0.0245018 0.0516459
23.45 0.024121 0.0513518
23.5 0.0237439 0.051058
23.55 0.0233705 0.0507646
23.6 0.0230008 0.0504716
23.65 0.0226348 0.0501789
23.7 0.0222723 0.0498866
23.75 0.0219134 0.0495945
23.8 0.0215581 0.0493027
23.85 0.0212062 0.0490113
23.9 0.0208578 0.04872
23.95 0.0205128 0.0484291
24 0.0201712 0.0481384
24.05 0.019833 0.0478479
24.1 0.0194981 0.0475576
24.15 0.0191665 0.0472676
24.2 0.0188382 0.0469778
24.25 0.0185131 0.0466882
24.3 0.0181912 0.0463988
24.35 0.0178724 0.0461095
24.4 0.0175568 0.0458205
24.45 0.0172444 0.0455316
24.5 0.0169349 0.045243
24.55 0.0166286 0.0449545
24.6 0.0163253 0.0446661
24.65 0.0160249 0.044378
24.7 0.0157275 0.04409
24.75 0.0154331 0.0438022
24.8 0.0151416 0.0435146
24.85 0.0148529 0.0432271
24.9 0.0145672 0.0429398
24.95 0.0142842 0.0426527
25 0.0140041 0.0423658
25.05 0.0137267 0.0420791
25.1 0.0134522 0.0417925
25.15 0.0131803 0.0415062
25.2 0.0129112 0.04122
25.25 0.0126447 0.0409341
25.3 0.0123809 0.0406483
25.35 0.0121198 0.0403628
25.4 0.0118613 0.0400775
25.45 0.0116054 0.0397924
25.5 0.011352 0.0395075
25.55 0.0111013 0.0392229
25.6 0.010853 0.0389386
25.65 0.0106073 0.0386545
25.7 0.0103641 0.0383707
25.75 0.0101234 0.0380872
25.8 0.00988518 0.0378039
25.85 0.00964938 0.037521
25.9 0.00941602 0.0372384
25.95 0.00918507 0.0369561
26 0.00895651 0.0366741
26.05 0.00873035 0.0363925
26.1 0.00850654 0.0361112
26.15 0.00828509 0.0358303
26.2 0.00806597 0.0355498
26.25 0.00784918 0.0352697
26.3 0.00763469 0.03499
26.35 0.0074225 0.0347108
26.4 0.00721259 0.0344319
26.45 0.00700494 0.0341535
26.5 0.00679955 0.0338756
26.55 0.0065964 0.0335982
26.6 0.00639548 0.0333212
26.65 0.00619677 0.0330448
26.7 0.00600028 0.0327688
26.75 0.00580597 0.0324935
26.8 0.00561386 0.0322186
26.85 0.00542391 0.0319444
26.9 0.00523614 0.0316707
26.95 0.00505051 0.0313976
27 0.00486703 0.0311251
27.05 0.00468568 0.0308533
27.1 0.00450646 0.0305821
27.15 0.00432936 0.0303116
27.2 0.00415436 0.0300417
27.25 0.00398147 0.0297725
27.3 0.00381066 0.0295041
27.35 0.00364195 0.0292364
27.4 0.0034753 0.0289694
27.45 0.00331073 0.0287031
27.5 0.00314822 0.0284377
27.55 0.00298776 0.028173
27.6 0.00282936 0.0279091
27.65 0.00267299 0.0276461
27.7 0.00251866 0.0273839
27.75 0.00236636 0.0271225
27.8 0.00221608 0.026862
27.85 0.00206782 0.0266024
27.9 0.00192158 0.0263437
27.95 0.00177733 0.0260859
28 0.00163509 0.0258291
28.05 0.00149484 0.0255731
28.1 0.00135659 0.0253182
28.15 0.00122031 0.0250642
28.2 0.00108602 0.0248113
28.25 0.000953703 0.0245593
28.3 0.000823356 0.0243084
28.35 0.000694974 0.0240584
28.4 0.000568552 0.0238096
28.45 0.000444087 0.0235618
28.5 0.000321573 0.0233151
28.55 0.000201006 0.0230695
28.6 8.23816e-05 0.022825
28.65 -3.43045e-05 0.0225817
28.7 -0.000149057 0.0223395
28.75 -0.00026188 0.0220984
28.8 -0.000372778 0.0218585
28.85 -0.000481756 0.0216198
28.9 -0.000588817 0.0213823
28.95 -0.000693966 0.021146
29 -0.000797208 0.0209109
29.05 -0.000898546 0.020677
29.1 -0.000997987 0.0204444
29.15 -0.00109553 0.0202131
29.2 -0.00119119 0.019983
29.25 -0.00128496 0.0197542
29.3 -0.00137685 0.0195267
29.35 -0.00146687 0.0193005
29.4 -0.00155501 0.0190757
29.45 -0.00164129 0.0188521
29.5 -0.00172571 0.0186299
29.55 -0.00180827 0.0184091
29.6 -0.00188898 0.0181896
29.65 -0.00196784 0.0179715
29.7 -0.00204487 0.0177547
29.75 -0.00212006 0.0175394
29.8 -0.00219342 0.0173254
29.85 -0.00226495 0.0171129
29.9 -0.00233467 0.0169018
29.95 -0.00240258 0.0166921
30 -0.00246868 0.0164838
30.05 -0.00253298 0.016277
30.1 -0.00259549 0.0160716
30.15 -0.00265621 0.0158677
30.2 -0.00271515 0.0156653
30.25 -0.00277232 0.0154643
30.3 -0.00282772 0.0152649
30.35 -0.00288137 0.0150669
30.4 -0.00293326 0.0148704
30.45 -0.00298341 0.0146754
30.5 -0.00303182 0.0144819
30.55 -0.0030785 0.0142899
30.6 -0.00312347 0.0140994
30.65 -0.00316672 0.0139105
30.7 -0.00320826 0.0137231
30.75 -0.00324812 0.0135372
30.8 -0.00328628 0.0133529
30.85 -0.00332277 0.0131701
30.9 -0.00335759 0.0129888
30.95 -0.00339076 0.0128091
31 -0.00342227 0.0126309
31.05 -0.00345215 0.0124543
31.1 -0.0034804 0.0122792
31.15 -0.00350703 0.0121057
31.2 -0.00353205 0.0119338
31.25 -0.00355547 0.0117634
31.3 -0.00357731 0.0115946
31.35 -0.00359757 0.0114273
31.4 -0.00361627 0.0112616
31.45 -0.00363342 0.0110975
31.5 -0.00364903 0.0109349
31.55 -0.00366311 0.010774
31.6 -0.00367567 0.0106145
31.65 -0.00368673 0.0104567
31.7 -0.0036963 0.0103004
31.75 -0.0037044 0.0101457
31.8 -0.00371103 0.0099925
31.85 -0.0037162 0.00984091
31.9 -0.00371994 0.00969087
31.95 -0.00372225 0.0095424
32 -0.00372316 0.00939549
32.05 -0.00372267 0.00925013
32.1 -0.0037208 0.00910632
32.15 -0.00371756 0.00896407
32.2 -0.00371297 0.00882336
32.25 -0.00370704 0.0086842
32.3 -0.00369979 0.00854658
32.35 -0.00369123 0.0084105
32.4 -0.00368139 0.00827595
32.45 -0.00367027 0.00814294
32.5 -0.00365789 0.00801144
32.55 -0.00364426 0.00788148
32.6 -0.00362941 0.00775302
32.65 -0.00361336 0.00762608
32.7 -0.00359611 0.00750065
32.75 -0.00357768 0.00737672
32.8 -0.00355809 0.00725428
32.85 -0.00353737 0.00713334
32.9 -0.00351552 0.00701388
32.95 -0.00349256 0.0068959
33 -0.00346852 0.00677939
33.05 -0.0034434 0.00666434
33.1 -0.00341723 0.00655076
33.15 -0.00339003 0.00643863
33.2 -0.00336181 0.00632794
33.25 -0.0033326 0.00621869
33.3 -0.00330241 0.00611088
33.35 -0.00327125 0.00600448
33.4 -0.00323916 0.00589951
33.45 -0.00320615 0.00579594
33.5 -0.00317223 0.00569377
33.55 -0.00313743 0.00559299
33.6 -0.00310176 0.0054936
33.65 -0.00306526 0.00539559
33.7 -0.00302792 0.00529894
33.75 -0.00298979 0.00520365
33.8 -0.00295086 0.00510971
33.85 -0.00291118 0.00501711
33.9 -0.00287074 0.00492584
33.95 -0.00282959 0.00483589
34 -0.00278772 0.00474726
34.05 -0.00274518 0.00465993
34.1 -0.00270196 0.00457389
34.15 -0.00265811 0.00448914
34.2 -0.00261363 0.00440567
34.25 -0.00256854 0.00432346
34.3 -0.00252288 0.0042425
34.35 -0.00247665 0.00416279
34.4 -0.00242988 0.00408431
34.45 -0.00238258 0.00400706
34.5 -0.00233479 0.00393103
34.55 -0.00228651 0.00385619
34.6 -0.00223778 0.00378256
34.65 -0.0021886 0.0037101
34.7 -0.00213901 0.00363882
34.75 -0.00208901 0.00356869
34.8 -0.00203864 0.00349972
34.85 -0.00198791 0.00343189
34.9 -0.00193684 0.00336519
34.95 -0.00188546 0.00329961
35 -0.00183378 0.00323513
35.05 -0.00178182 0.00317175
35.1 -0.0017296 0.00310946
35.15 -0.00167715 0.00304824
35.2 -0.00162448 0.00298809
35.25 -0.00157161 0.00292898
35.3 -0.00151857 0.00287092
35.35 -0.00146537 0.00281388
35.4 -0.00141203 0.00275787
35.45 -0.00135858 0.00270286
35.5 -0.00130503 0.00264885
35.55 -0.0012514 0.00259582
35.6 -0.0011977 0.00254376
35.65 -0.00114397 0.00249267
35.7 -0.00109022 0.00244252
35.75 -0.00103647 0.00239332
35.8 -0.000982726 0.00234504
35.85 -0.000929021 0.00229768
35.9 -0.00087537 0.00225123
35.95 -0.000821791 0.00220566
36 -0.000768301 0.00216098
36.05 -0.000714918 0.00211718
36.1 -0.000661662 0.00207423
36.15 -0.000608548 0.00203213
36.2 -0.000555594 0.00199086
36.25 -0.000502818 0.00195042
36.3 -0.000450237 0.0019108
36.35 -0.000397868 0.00187198
36.4 -0.000345727 0.00183395
36.45 -0.000293831 0.00179671
36.5 -0.000242196 0.00176023
36.55 -0.000190838 0.00172451
36.6 -0.000139773 0.00168954
36.65 -8.90164e-05 0.00165531
36.7 -3.85838e-05 0.00162181
36.75 1.15096e-05 0.00158901
36.8 6.12491e-05 0.00155693
36.85 0.00011062 0.00152553
36.9 0.000159607 0.00149482
36.95 0.000208198 0.00146479
37 0.000256377 0.00143541
37.05 0.00030413 0.00140668
37.1 0.000351446 0.0013786
37.15 0.00039831 0.00135114
37.2 0.000444709 0.00132431
37.25 0.000490631 0.00129808
37.3 0.000536063 0.00127245
37.35 0.000580993 0.00124742
37.4 0.00062541 0.00122296
37.45 0.000669301 0.00119906
37.5 0.000712656 0.00117573
37.55 0.000755464 0.00115295
37.6 0.000797713 0.00113071
37.65 0.000839393 0.00110899
37.7 0.000880494 0.0010878
37.75 0.000921007 0.00106711
37.8 0.00096092 0.00104693
37.85 0.00100023 0.00102723
37.9 0.00103892 0.00100802
37.95 0.00107698 0.000989282
38 0.00111441 0.000971006
38.05 0.0011512 0.000953185
38.1 0.00118734 0.000935809
38.15 0.00122282 0.000918869
38.2 0.00125763 0.000902357
38.25 0.00129178 0.000886264
38.3 0.00132524 0.000870581
38.35 0.00135802 0.0008553
38.4 0.00139012 0.000840412
38.45 0.00142151 0.00082591
38.5 0.0014522 0.000811783
38.55 0.00148219 0.000798026
38.6 0.00151147 0.000784628
38.65 0.00154002 0.000771583
38.7 0.00156786 0.000758883
38.75 0.00159498 0.000746519
38.8 0.00162136 0.000734485
38.85 0.00164702 0.000722772
38.9 0.00167194 0.000711373
38.95 0.00169612 0.00070028
39 0.00171957 0.000689487
39.05 0.00174227 0.000678986
39.1 0.00176423 0.00066877
39.15 0.00178545 0.000658832
39.2 0.00180592 0.000649165
39.25 0.00182564 0.000639762
39.3 0.00184462 0.000630617
39.35 0.00186284 0.000621723
39.4 0.00188032 0.000613073
39.45 0.00189705 0.000604662
39.5 0.00191304 0.000596482
39.55 0.00192827 0.000588528
39.6 0.00194277 0.000580793
39.65 0.00195651 0.000573272
39.7 0.00196952 0.000565958
39.75 0.00198178 0.000558846
39.8 0.00199331 0.000551929
39.85 0.0020041 0.000545204
39.9 0.00201416 0.000538662
39.95 0.00202348 0.000532301
40 0.00203208 0.000526113
40.05 0.00203995 0.000520094
40.1 0.00204711 0.000514239
40.15 0.00205355 0.000508543
40.2 0.00205927 0.000503
40.25 0.00206429 0.000497606
40.3 0.0020686 0.000492356
40.35 0.00207222 0.000487246
40.4 0.00207514 0.00048227
40.45 0.00207737 0.000477425
40.5 0.00207892 0.000472705
40.55 0.0020798 0.000468108
40.6 0.00208 0.000463627
40.65 0.00207954 0.00045926
40.7 0.00207842 0.000455003
40.75 0.00207665 0.00045085
40.8 0.00207424 0.000446799
40.85 0.00207118 0.000442846
40.9 0.0020675 0.000438987
40.95 0.00206319 0.000435218
41 0.00205827 0.000431536
41.05 0.00205274 0.000427938
41.1 0.00204661 0.000424419
41.15 0.00203988 0.000420978
41.2 0.00203257 0.00041761
41.25 0.00202469 0.000414313
41.3 0.00201624 0.000411083
41.35 0.00200723 0.000407918
41.4 0.00199767 0.000404814
41.45 0.00198757 0.00040177
41.5 0.00197694 0.000398782
41.55 0.00196579 0.000395847
41.6 0.00195412 0.000392963
41.65 0.00194195 0.000390128
41.7 0.00192928 0.000387338
41.75 0.00191613 0.000384593
41.8 0.00190251 0.000381889
41.85 0.00188842 0.000379224
41.9 0.00187387 0.000376596
41.95 0.00185889 0.000374004
42 0.00184346 0.000371444
42.05 0.00182761 0.000368915
42.1 0.00181135 0.000366415
42.15 0.00179468 0.000363943
42.2 0.00177762 0.000361497
42.25 0.00176018 0.000359074
42.3 0.00174237 0.000356674
42.35 0.00172419 0.000354294
42.4 0.00170566 0.000351933
42.45 0.00168679 0.000349591
42.5 0.00166759 0.000347264
42.55 0.00164808 0.000344953
42.6 0.00162825 0.000342655
42.65 0.00160813 0.00034037
42.7 0.00158772 0.000338096
42.75 0.00156703 0.000335832
42.8 0.00154608 0.000333577
42.85 0.00152488 0.00033133
42.9 0.00150343 0.00032909
42.95 0.00148175 0.000326857
43 0.00145985 0.000324628
43.05 0.00143774 0.000322404
43.1 0.00141543 0.000320184
43.15 0.00139292 0.000317966
43.2 0.00137024 0.00031575
43.25 0.0013474 0.000313536
43.3 0.00132439 0.000311323
43.35 0.00130124 0.00030911
43.4 0.00127796 0.000306896
43.45 0.00125455 0.000304682
43.5 0.00123102 0.000302466
43.55 0.00120739 0.000300249
43.6 0.00118366 0.000298029
43.65 0.00115986 0.000295807
43.7 0.00113597 0.000293581
43.75 0.00111203 0.000291353
43.8 0.00108803 0.000289121
43.85 0.00106399 0.000286886
43.9 0.00103992 0.000284646
43.95 0.00101582 0.000282402
44 0.000991707 0.000280154
44.05 0.000967592 0.000277902
44.1 0.000943482 0.000275644
44.15 0.000919387 0.000273383
44.2 0.000895316 0.000271116
44.25 0.000871279 0.000268845
44.3 0.000847285 0.000266569
44.35 0.000823343 0.000264289
44.4 0.000799461 0.000262004
44.45 0.000775648 0.000259714
44.5 0.000751914 0.000257419
44.55 0.000728266 0.00025512
44.6 0.000704713 0.000252817
44.65 0.000681264 0.000250509
44.7 0.000657926 0.000248198
44.75 0.000634707 0.000245882
44.8 0.000611616 0.000243563
44.85 0.000588659 0.00024124
44.9 0.000565846 0.000238913
44.95 0.000543182 0.000236584
45 0.000520676 0.000234252
45.05 0.000498335 0.000231916
45.1 0.000476165 0.000229579
45.15 0.000454173 0.000227239
45.2 0.000432367 0.000224898
45.25 0.000410753 0.000222555
45.3 0.000389336 0.00022021
45.35 0.000368124 0.000217865
45.4 0.000347122 0.000215519
45.45 0.000326337 0.000213172
45.5 0.000305774 0.000210825
45.55 0.000285438 0.000208479
45.6 0.000265336 0.000206133
45.65 0.000245472 0.000203788
45.7 0.000225852 0.000201445
45.75 0.00020648 0.000199103
45.8 0.000187362 0.000196763
45.85 0.000168502 0.000194426
45.9 0.000149904 0.000192091
45.95 0.000131572 0.000189759
46 0.000113512 0.00018743
46.05 9.57261e-05 0.000185106
46.1 7.82189e-05 0.000182785
46.15 6.09938e-05 0.000180469
46.2 4.40544e-05 0.000178158
46.25 2.74038e-05 0.000175852
46.3 1.10452e-05 0.000173552
46.35 -5.01837e-06 0.000171258
46.4 -2.07842e-05 0.00016897
46.45 -3.62497e-05 0.000166689
46.5 -5.14124e-05 0.000164414
46.55 -6.62701e-05 0.000162148
46.6 -8.08205e-05 0.000159889
46.65 -9.50617e-05 0.000157638
46.7 -0.000108992 0.000155395
46.75 -0.00012261 0.000153162
46.8 -0.000135913 0.000150937
46.85 -0.000148902 0.000148722
46.9 -0.000161574 0.000146517
46.95 -0.000173928 0.000144322
47 -0.000185964 0.000142137
47.05 -0.000197681 0.000139964
47.1 -0.000209078 0.000137801
47.15 -0.000220156 0.00013565
47.2 -0.000230914 0.00013351
47.25 -0.000241351 0.000131383
47.3 -0.000251468 0.000129268
47.35 -0.000261266 0.000127165
47.4 -0.000270744 0.000125076
47.45 -0.000279903 0.000122999
47.5 -0.000288744 0.000120936
47.55 -0.000297267 0.000118887
47.6 -0.000305474 0.000116852
47.65 -0.000313366 0.000114831
47.7 -0.000320943 0.000112824
47.75 -0.000328207 0.000110833
47.8 -0.000335161 0.000108856
47.85 -0.000341804 0.000106894
47.9 -0.000348139 0.000104948
47.95 -0.000354169 0.000103017
48 -0.000359894 0.000101102
48.05 -0.000365317 9.92032e-05
48.1 -0.00037044 9.73204e-05
48.15 -0.000375266 9.54541e-05
48.2 -0.000379796 9.36043e-05
48.25 -0.000384035 9.17713e-05
48.3 -0.000387983 8.99551e-05
48.35 -0.000391645 8.81559e-05
48.4 -0.000395022 8.6374e-05
48.45 -0.000398118 8.46093e-05
48.5 -0.000400936 8.28622e-05
48.55 -0.00040348 8.11326e-05
48.6 -0.000405752 7.94207e-05
48.65 -0.000407755 7.77266e-05
48.7 -0.000409494 7.60504e-05
48.75 -0.000410971 7.43923e-05
48.8 -0.000412191 7.27523e-05
48.85 -0.000413157 7.11304e-05
48.9 -0.000413873 6.95268e-05
48.95 -0.000414342 6.79416e-05
49 -0.000414569 6.63748e-05
49.05 -0.000414558 6.48264e-05
49.1 -0.000414312 6.32965e-05
49.15 -0.000413837 6.17852e-05
49.2 -0.000413135 6.02925e-05
49.25 -0.000412211 5.88183e-05
49.3 -0.00041107 5.73629e-05
49.35 -0.000409716 5.5926e-05
49.4 -0.000408153 5.45079e-05
49.45 -0.000406386 5.31084e-05
49.5 -0.000404419 5.17276e-05
49.55 -0.000402257 5.03654e-05
49.6 -0.000399904 4.90219e-05
49.65 -0.000397365 4.7697e-05
49.7 -0.000394644 4.63908e-05
49.75 -0.000391747 4.51031e-05
49.8 -0.000388678 4.3834e-05
49.85 -0.000385441 4.25833e-05
49.9 -0.000382042 4.13511e-05
49.95 -0.000378485 4.01373e-05
50 -0.000374775 3.89419e-05
