-0.498 0.00020051 0.00372128
-0.496 -0.000869501 0.0153403
-0.494 -0.00572624 0.0355023
-0.492 -0.0168846 0.0648006
-0.49 -0.0368417 0.103774
-0.488 -0.0680604 0.152904
-0.486 -0.112953 0.212614
-0.484 -0.173866 0.283267
-0.482 -0.253062 0.365164
-0.48 -0.352706 0.458544
-0.478 -0.474851 0.563582
-0.476 -0.621422 0.680388
-0.474 -0.794199 0.809011
-0.472 -0.994811 0.949433
-0.47 -1.22471 1.10158
-0.468 -1.48518 1.2653
-0.466 -1.77731 1.4404
-0.464 -2.10196 1.62662
-0.462 -2.45982 1.82363
-0.46 -2.85132 2.03107
-0.458 -3.27667 2.2485
-0.456 -3.73585 2.47544
-0.454 -4.2286 2.71138
-0.452 -4.75438 2.95574
-0.45 -5.31243 3.20791
-0.448 -5.90172 3.46724
-0.446 -6.52095 3.73306
-0.444 -7.16856 4.00465
-0.442 -7.84275 4.28127
-0.44 -8.54145 4.56218
-0.438 -9.26232 4.84659
-0.436 -10.0028 5.13372
-0.434 -10.76 5.42278
-0.432 -11.5309 5.71297
-0.43 -12.3122 6.00349
-0.428 -13.1003 6.29356
-0.426 -13.8915 6.58239
-0.424 -14.6817 6.86923
-0.422 -15.4669 7.15332
-0.42 -16.2427 7.43394
-0.418 -17.0045 7.7104
-0.416 -17.7477 7.98204
-0.414 -18.4674 8.24822
-0.412 -19.1587 8.50836
-0.41 -19.8164 8.76191
-0.408 -20.4355 9.00836
-0.406 -21.0106 9.24727
-0.404 -21.5365 9.47823
-0.402 -22.0078 9.7009
-0.4 -22.4192 9.91497
-0.398 -22.7653 10.1202
-0.396 -23.0407 10.3164
-0.394 -23.2402 10.5036
-0.392 -23.3585 10.6815
-0.39 -23.3905 10.8503
-0.388 -23.3311 11.0099
-0.386 -23.1755 11.1606
-0.384 -22.9187 11.3025
-0.382 -22.5563 11.4359
-0.38 -22.0839 11.561
-0.378 -21.4971 11.6784
-0.376 -20.7922 11.7883
-0.374 -19.9653 11.8913
-0.372 -19.013 11.9879
-0.37 -17.9321 12.0788
-0.368 -16.7198 12.1645
-0.366 -15.3736 12.2458
-0.364 -13.8913 12.3234
-0.362 -12.271 12.398
-0.36 -10.5114 12.4706
-0.358 -8.61115 12.5419
-0.356 -6.56975 12.6129
-0.354 -4.38686 12.6844
-0.352 -2.06262 12.7575
-0.35 0.402429 12.833
-0.348 3.00731 12.9119
-0.346 5.7506 12.9953
-0.344 8.63046 13.0841
-0.342 11.6446 13.1793
-0.34 14.7903 13.282
-0.338 18.0643 13.3931
-0.336 21.4631 13.5137
-0.334 24.9825 13.6447
-0.332 28.6182 13.7871
-0.33 32.3651 13.9419
-0.328 36.218 14.11
-0.326 40.171 14.2923
-0.324 44.2181 14.4896
-0.322 48.3527 14.7028
-0.32 52.5679 14.9327
-0.318 56.8564 15.1801
-0.316 61.2106 15.4456
-0.314 65.6225 15.7299
-0.312 70.0838 16.0336
-0.31 74.586 16.3573
-0.308 79.1202 16.7014
-0.306 83.6773 17.0663
-0.304 88.248 17.4524
-0.302 92.8227 17.86
-0.3 97.3916 18.2892
-0.298 101.945 18.7402
-0.296 106.472 19.213
-0.294 110.964 19.7075
-0.292 115.409 20.2237
-0.29 119.798 20.7612
-0.288 124.119 21.3197
-0.286 128.363 21.8989
-0.284 132.519 22.4981
-0.282 136.577 23.1168
-0.28 140.526 23.7542
-0.278 144.355 24.4095
-0.276 148.056 25.0818
-0.274 151.617 25.77
-0.272 155.028 26.4729
-0.27 158.28 27.1893
-0.268 161.363 27.9179
-0.266 164.268 28.6571
-0.264 166.986 29.4053
-0.262 169.507 30.161
-0.26 171.823 30.9222
-0.258 173.926 31.687
-0.256 175.807 32.4536
-0.254 177.459 33.2198
-0.252 178.875 33.9834
-0.25 180.047 34.7421
-0.248 180.969 35.4936
-0.246 181.635 36.2354
-0.244 182.039 36.9651
-0.242 182.175 37.6801
-0.24 182.04 38.3778
-0.238 181.628 39.0554
-0.236 180.935 39.7102
-0.234 179.959 40.3395
-0.232 178.696 40.9404
-0.23 177.143 41.5103
-0.228 175.3 42.0461
-0.226 173.164 42.5452
-0.224 170.735 43.0046
-0.222 168.013 43.4217
-0.22 164.997 43.7935
-0.218 161.689 44.1175
-0.216 158.091 44.3909
-0.214 154.203 44.6111
-0.212 150.03 44.7756
-0.21 145.574 44.8819
-0.208 140.838 44.9276
-0.206 135.827 44.9106
-0.204 130.547 44.8286
-0.202 125.001 44.6797
-0.2 119.197 44.462
-0.198 113.142 44.1737
-0.196 106.841 43.8134
-0.194 100.303 43.3796
-0.192 93.5357 42.8711
-0.19 86.5482 42.2869
-0.188 79.3497 41.6262
-0.186 71.9497 40.8883
-0.184 64.3586 40.0727
-0.182 56.5869 39.1794
-0.18 48.6458 38.2082
-0.178 40.5469 37.1595
-0.176 32.3021 36.0337
-0.174 23.9239 34.8315
-0.172 15.4248 33.5539
-0.17 6.81808 32.202
-0.168 -1.88287 30.7773
-0.166 -10.6643 29.2815
-0.164 -19.5122 27.7164
-0.162 -28.4124 26.0842
-0.16 -37.3502 24.3872
-0.158 -46.311 22.6282
-0.156 -55.2798 20.81
-0.154 -64.2417 18.9356
-0.152 -73.1815 17.0084
-0.15 -82.0839 15.0318
-0.148 -90.9336 13.0097
-0.146 -99.7153 10.9459
-0.144 -108.414 8.84453
-0.142 -117.013 6.70991
-0.14 -125.499 4.5465
-0.138 -133.855 2.35893
-0.136 -142.068 0.151973
-0.134 -150.121 -2.06947
-0.132 -158.001 -4.30038
-0.13 -165.693 -6.53562
-0.128 -173.182 -8.76998
-0.126 -180.455 -10.9982
-0.124 -187.498 -13.2148
-0.122 -194.299 -15.4146
-0.12 -200.843 -17.592
-0.118 -207.12 -19.7417
-0.116 -213.116 -21.8583
-0.114 -218.82 -23.9363
-0.112 -224.221 -25.9705
-0.11 -229.309 -27.9556
-0.108 -234.075 -29.8863
-0.106 -238.507 -31.7578
-0.104 -242.598 -33.5648
-0.102 -246.34 -35.3028
-0.1 -249.726 -36.967
-0.098 -252.747 -38.5529
-0.096 -255.399 -40.0562
-0.094 -257.676 -41.4728
-0.092 -259.573 -42.7989
-0.09 -261.086 -44.0308
-0.088 -262.213 -45.165
-0.086 -262.949 -46.1986
-0.084 -263.295 -47.1286
-0.082 -263.249 -47.9524
-0.08 -262.81 -48.6678
-0.078 -261.98 -49.2726
-0.076 -260.758 -49.7653
-0.074 -259.149 -50.1445
-0.072 -257.153 -50.409
-0.07 -254.775 -50.558
-0.068 -252.018 -50.5912
-0.066 -248.888 -50.5084
-0.064 -245.39 -50.3098
-0.062 -241.53 -49.9958
-0.06 -237.314 -49.5671
-0.058 -232.751 -49.025
-0.056 -227.847 -48.3706
-0.054 -222.611 -47.6057
-0.052 -217.052 -46.7322
-0.05 -211.18 -45.7522
-0.048 -205.003 -44.6682
-0.046 -198.533 -43.4827
-0.044 -191.779 -42.1987
-0.042 -184.752 -40.8193
-0.04 -177.464 -39.3477
-0.038 -169.927 -37.7874
-0.036 -162.15 -36.142
-0.034 -154.148 -34.4154
-0.032 -145.931 -32.6115
-0.03 -137.512 -30.7344
-0.028 -128.902 -28.7882
-0.026 -120.116 -26.7773
-0.024 -111.165 -24.7061
-0.022 -102.061 -22.579
-0.02 -92.8179 -20.4007
-0.018 -83.448 -18.1757
-0.016 -73.964 -15.9087
-0.014 -64.3787 -13.6046
-0.012 -54.7049 -11.268
-0.01 -44.9555 -8.90374
-0.008 -35.1431 -6.51671
-0.006 -25.2806 -4.11173
-0.004 -15.3809 -1.69369
-0.002 -5.45661 0.732529
0 4.47934 3.16204
0.002 14.4142 5.58996
0.004 24.3352 8.0114
0.006 34.2295 10.4215
0.008 44.0843 12.8153
0.01 53.8868 15.188
0.012 63.6243 17.5348
0.014 73.2838 19.8509
0.016 82.8527 22.1315
0.018 92.3182 24.3719
0.02 101.667 26.5673
0.022 110.888 28.7132
0.024 119.966 30.8049
0.026 128.89 32.8381
0.028 137.648 34.8082
0.03 146.225 36.7109
0.032 154.611 38.5421
0.034 162.792 40.2975
0.036 170.757 41.9732
0.038 178.494 43.5654
0.04 185.989 45.0703
0.042 193.233 46.4844
0.044 200.214 47.8044
0.046 206.92 49.0269
0.048 213.34 50.1491
0.05 219.465 51.1682
0.052 225.284 52.0816
0.054 230.787 52.8871
0.056 235.965 53.5825
0.058 240.81 54.1662
0.06 245.312 54.6364
0.062 249.464 54.9921
0.064 253.259 55.2322
0.066 256.691 55.3561
0.068 259.752 55.3635
0.07 262.439 55.2541
0.072 264.745 55.0284
0.074 266.667 54.6869
0.076 268.202 54.2304
0.078 269.347 53.6602
0.08 270.099 52.9776
0.082 270.459 52.1846
0.084 270.424 51.2832
0.086 269.996 50.2759
0.088 269.176 49.1652
0.09 267.964 47.9541
0.092 266.365 46.6459
0.094 264.381 45.244
0.096 262.016 43.7522
0.098 259.274 42.1744
0.1 256.162 40.5148
0.102 252.685 38.7778
0.104 248.851 36.9678
0.106 244.666 35.0896
0.108 240.139 33.1482
0.11 235.279 31.1485
0.112 230.095 29.0956
0.114 224.597 26.9947
0.116 218.796 24.8513
0.118 212.703 22.6705
0.12 206.328 20.458
0.122 199.685 18.219
0.124 192.786 15.959
0.126 185.643 13.6835
0.128 178.271 11.3979
0.13 170.682 9.10758
0.132 162.89 6.81778
0.134 154.911 4.53375
0.136 146.757 2.26064
0.138 138.445 0.00347325
0.14 129.989 -2.23286
0.142 121.403 -4.44358
0.144 112.704 -6.62408
0.146 103.907 -8.76989
0.148 95.0267 -10.8767
0.15 86.0786 -12.9405
0.152 77.0783 -14.9574
0.154 68.0411 -16.9235
0.156 58.9824 -18.8355
0.158 49.9174 -20.69
0.16 40.8612 -22.4841
0.162 31.8286 -24.2148
0.164 22.8346 -25.8797
0.166 13.8936 -27.4763
0.168 5.01993 -29.0025
0.17 -3.77224 -30.4565
0.172 -12.4692 -31.8367
0.174 -21.0574 -33.1416
0.176 -29.5238 -34.3701
0.178 -37.8555 -35.5214
0.18 -46.0402 -36.5948
0.182 -54.0658 -37.5898
0.184 -61.9208 -38.5063
0.186 -69.594 -39.3443
0.188 -77.0746 -40.104
0.19 -84.3525 -40.786
0.192 -91.418 -41.3908
0.194 -98.2616 -41.9195
0.196 -104.875 -42.373
0.198 -111.249 -42.7527
0.2 -117.377 -43.0599
0.202 -123.252 -43.2963
0.204 -128.867 -43.4636
0.206 -134.215 -43.5637
0.208 -139.292 -43.5988
0.21 -144.092 -43.5709
0.212 -148.612 -43.4824
0.214 -152.847 -43.3356
0.216 -156.794 -43.1331
0.218 -160.451 -42.8774
0.22 -163.816 -42.5712
0.222 -166.887 -42.217
0.224 -169.664 -41.8179
0.226 -172.145 -41.3764
0.228 -174.332 -40.8954
0.23 -176.225 -40.3778
0.232 -177.826 -39.8263
0.234 -179.136 -39.244
0.236 -180.157 -38.6334
0.238 -180.894 -37.9976
0.24 -181.348 -37.3392
0.242 -181.525 -36.661
0.244 -181.428 -35.9656
0.246 -181.063 -35.2558
0.248 -180.434 -34.534
0.25 -179.548 -33.8028
0.252 -178.41 -33.0646
0.254 -177.028 -32.3218
0.256 -175.408 -31.5765
0.258 -173.558 -30.8311
0.26 -171.485 -30.0875
0.262 -169.198 -29.3478
0.264 -166.705 -28.6138
0.266 -164.014 -27.8873
0.268 -161.135 -27.17
0.27 -158.077 -26.4634
0.272 -154.849 -25.7691
0.274 -151.46 -25.0882
0.276 -147.921 -24.4222
0.278 -144.242 -23.7721
0.28 -140.433 -23.139
0.282 -136.504 -22.5237
0.284 -132.465 -21.9271
0.286 -128.327 -21.3498
0.288 -124.1 -20.7926
0.29 -119.795 -20.2558
0.292 -115.422 -19.7399
0.294 -110.992 -19.2451
0.296 -106.515 -18.7718
0.298 -102.001 -18.32
0.3 -97.4607 -17.8897
0.302 -92.9043 -17.4808
0.304 -88.3416 -17.0933
0.306 -83.7823 -16.727
0.308 -79.236 -16.3814
0.31 -74.7121 -16.0563
0.312 -70.2196 -15.7513
0.314 -65.7675 -15.4657
0.316 -61.3644 -15.1992
0.318 -57.0184 -14.9509
0.32 -52.7377 -14.7204
0.322 -48.5298 -14.5068
0.324 -44.4021 -14.3094
0.326 -40.3614 -14.1274
0.328 -36.4143 -13.9599
0.33 -32.567 -13.8061
0.332 -28.8253 -13.665
0.334 -25.1944 -13.5357
0.336 -21.6793 -13.4173
0.338 -18.2845 -13.3087
0.34 -15.0141 -13.2091
0.342 -11.8716 -13.1173
0.344 -8.86036 -13.0324
0.346 -5.98302 -12.9534
0.348 -3.24189 -12.8792
0.35 -0.638841 -12.809
0.352 1.82471 -12.7416
0.354 4.14778 -12.6762
0.356 6.32982 -12.6117
0.358 8.37068 -12.5473
0.36 10.2707 -12.482
0.362 12.0304 -12.415
0.364 13.651 -12.3454
0.366 15.134 -12.2724
0.368 16.4811 -12.1953
0.37 17.6946 -12.1133
0.372 18.7769 -12.0257
0.374 19.7309 -11.932
0.376 20.5597 -11.8315
0.378 21.2669 -11.7237
0.38 21.856 -11.6082
0.382 22.3311 -11.4845
0.384 22.6963 -11.3523
0.386 22.9561 -11.2112
0.388 23.115 -11.0611
0.39 23.1779 -10.9018
0.392 23.1495 -10.7331
0.394 23.035 -10.555
0.396 22.8394 -10.3676
0.398 22.5681 -10.1708
0.4 22.2263 -9.96484
0.402 21.8193 -9.74991
0.404 21.3525 -9.52624
0.406 20.8313 -9.29416
0.408 20.2609 -9.05402
0.41 19.6467 -8.80624
0.412 18.9939 -8.55128
0.414 18.3077 -8.28967
0.416 17.5931 -8.02196
0.418 16.8551 -7.74875
0.42 16.0985 -7.47069
0.422 15.328 -7.18844
0.424 14.5481 -6.90271
0.426 13.7632 -6.61424
0.428 12.9774 -6.32377
0.43 12.1946 -6.03207
0.432 11.4187 -5.73995
0.434 10.6531 -5.44818
0.436 9.90119 -5.15757
0.438 9.16599 -4.86893
0.44 8.45034 -4.58304
0.442 7.75681 -4.30071
0.444 7.08771 -4.0227
0.446 6.44511 -3.74978
0.448 5.83081 -3.48268
0.45 5.24637 -3.22212
0.452 4.69304 -2.96877
0.454 4.17187 -2.72329
0.456 3.68361 -2.48629
0.458 3.22878 -2.25833
0.46 2.80763 -2.03995
0.462 2.42019 -1.83161
0.464 2.06623 -1.63375
0.466 1.7453 -1.44674
0.468 1.45673 -1.2709
0.47 1.19962 -1.10649
0.472 0.97289 -0.953703
0.474 0.775256 -0.812687
0.476 0.605252 -0.683519
0.478 0.461248 -0.566214
0.48 0.341456 -0.460723
0.482 0.243947 -0.366933
0.484 0.166667 -0.284669
0.486 0.107446 -0.213692
0.488 0.0640205 -0.1537
0.49 0.0340418 -0.10433
0.492 0.0150973 -0.0651596
0.494 0.00472402 -0.035706
0.496 0.000425725 -0.0154317
0.498 -0.000310978 -0.0037444
0.05 2.49505 1.69178
0.1 2.49498 1.69169
0.15 2.49485 1.69154
0.2 2.49468 1.69133
0.25 2.49445 1.69106
0.3 2.49418 1.69073
0.35 2.49385 1.69034
0.4 2.49348 1.68989
0.45 2.49306 1.68939
0.5 2.49258 1.68882
0.55 2.49206 1.6882
0.6 2.49148 1.68751
0.65 2.49086 1.68677
0.7 2.49018 1.68596
0.75 2.48946 1.6851
0.8 2.48868 1.68418
0.85 2.48786 1.68319
0.9 2.48698 1.68215
0.95 2.48606 1.68106
1 2.48508 1.6799
1.05 2.48406 1.67868
1.1 2.48298 1.67741
1.15 2.48185 1.67607
1.2 2.48067 1.67468
1.25 2.47945 1.67323
1.3 2.47817 1.67173
1.35 2.47684 1.67016
1.4 2.47546 1.66854
1.45 2.47403 1.66686
1.5 2.47254 1.66512
1.55 2.47101 1.66333
1.6 2.46943 1.66147
1.65 2.46779 1.65957
1.7 2.4661 1.6576
1.75 2.46437 1.65558
1.8 2.46258 1.6535
1.85 2.46074 1.65137
1.9 2.45884 1.64918
1.95 2.4569 1.64693
2 2.45491 1.64463
2.05 2.45286 1.64227
2.1 2.45076 1.63986
2.15 2.44861 1.6374
2.2 2.44641 1.63488
2.25 2.44415 1.6323
2.3 2.44184 1.62967
2.35 2.43949 1.62699
2.4 2.43707 1.62425
2.45 2.43461 1.62146
2.5 2.43209 1.61862
2.55 2.42953 1.61572
2.6 2.4269 1.61278
2.65 2.42423 1.60978
2.7 2.4215 1.60672
2.75 2.41872 1.60362
2.8 2.41589 1.60046
2.85 2.413 1.59726
2.9 2.41007 1.594
2.95 2.40707 1.59069
3 2.40403 1.58734
3.05 2.40093 1.58393
3.1 2.39778 1.58047
3.15 2.39457 1.57697
3.2 2.39131 1.57341
3.25 2.388 1.56981
3.3 2.38463 1.56616
3.35 2.38121 1.56246
3.4 2.37774 1.55871
3.45 2.37421 1.55492
3.5 2.37063 1.55108
3.55 2.36699 1.54719
3.6 2.3633 1.54326
3.65 2.35956 1.53928
3.7 2.35576 1.53526
3.75 2.3519 1.53119
3.8 2.348 1.52707
3.85 2.34403 1.52292
3.9 2.34002 1.51872
3.95 2.33595 1.51447
4 2.33182 1.51019
4.05 2.32764 1.50586
4.1 2.32341 1.50148
4.15 2.31912 1.49707
4.2 2.31477 1.49262
4.25 2.31038 1.48812
4.3 2.30592 1.48359
4.35 2.30142 1.47901
4.4 2.29685 1.47439
4.45 2.29224 1.46974
4.5 2.28756 1.46505
4.55 2.28284 1.46032
4.6 2.27806 1.45555
4.65 2.27322 1.45074
4.7 2.26833 1.4459
4.75 2.26339 1.44102
4.8 2.25839 1.4361
4.85 2.25333 1.43115
4.9 2.24822 1.42616
4.95 2.24306 1.42114
5 2.23784 1.41609
5.05 2.23257 1.411
5.1 2.22725 1.40588
5.15 2.22187 1.40072
5.2 2.21643 1.39553
5.25 2.21094 1.39031
5.3 2.2054 1.38506
5.35 2.1998 1.37978
5.4 2.19415 1.37447
5.45 2.18845 1.36913
5.5 2.18269 1.36376
5.55 2.17688 1.35836
5.6 2.17101 1.35293
5.65 2.1651 1.34748
5.7 2.15912 1.342
5.75 2.1531 1.33649
5.8 2.14702 1.33095
5.85 2.14089 1.32539
5.9 2.13471 1.31981
5.95 2.12848 1.31419
6 2.12219 1.30856
6.05 2.11585 1.3029
6.1 2.10946 1.29722
6.15 2.10302 1.29151
6.2 2.09652 1.28579
6.25 2.08998 1.28004
6.3 2.08338 1.27427
6.35 2.07673 1.26848
6.4 2.07003 1.26267
6.45 2.06329 1.25684
6.5 2.05649 1.25099
6.55 2.04964 1.24512
6.6 2.04274 1.23924
6.65 2.03579 1.23333
6.7 2.02879 1.22741
6.75 2.02175 1.22148
6.8 2.01466 1.21553
6.85 2.00751 1.20956
6.9 2.00032 1.20358
6.95 1.99308 1.19758
7 1.9858 1.19157
7.05 1.97847 1.18555
7.1 1.97109 1.17952
7.15 1.96366 1.17347
7.2 1.95619 1.16741
7.25 1.94867 1.16134
7.3 1.94111 1.15526
7.35 1.9335 1.14917
7.4 1.92585 1.14308
7.45 1.91815 1.13697
7.5 1.91041 1.13085
7.55 1.90263 1.12473
7.6 1.8948 1.1186
7.65 1.88693 1.11246
7.7 1.87902 1.10632
7.75 1.87107 1.10017
7.8 1.86308 1.09402
7.85 1.85504 1.08786
7.9 1.84697 1.0817
7.95 1.83885 1.07553
8 1.8307 1.06936
8.05 1.8225 1.06319
8.1 1.81427 1.05702
8.15 1.806 1.05084
8.2 1.79769 1.04467
8.25 1.78935 1.03849
8.3 1.78096 1.03232
8.35 1.77255 1.02614
8.4 1.76409 1.01997
8.45 1.75561 1.0138
8.5 1.74708 1.00763
8.55 1.73853 1.00147
8.6 1.72994 0.995304
8.65 1.72132 0.989146
8.7 1.71266 0.982992
8.75 1.70397 0.976843
8.8 1.69526 0.970699
8.85 1.68651 0.964562
8.9 1.67773 0.95843
8.95 1.66892 0.952306
9 1.66009 0.946189
9.05 1.65122 0.94008
9.1 1.64233 0.933979
9.15 1.63341 0.927887
9.2 1.62447 0.921805
9.25 1.6155 0.915732
9.3 1.6065 0.90967
9.35 1.59748 0.903618
9.4 1.58843 0.897578
9.45 1.57937 0.891549
9.5 1.57028 0.885533
9.55 1.56117 0.879529
9.6 1.55203 0.873539
9.65 1.54288 0.867562
9.7 1.53371 0.861599
9.75 1.52451 0.855651
9.8 1.5153 0.849718
9.85 1.50608 0.8438
9.9 1.49683 0.837897
9.95 1.48757 0.832012
10 1.47829 0.826142
10.05 1.469 0.82029
10.1 1.45969 0.814456
10.15 1.45037 0.808639
10.2 1.44103 0.802841
10.25 1.43169 0.797062
10.3 1.42233 0.791302
10.35 1.41296 0.785562
10.4 1.40358 0.779841
10.45 1.3942 0.774141
10.5 1.3848 0.768462
10.55 1.37539 0.762804
10.6 1.36598 0.757168
10.65 1.35656 0.751553
10.7 1.34714 0.745961
10.75 1.33771 0.740392
10.8 1.32828 0.734846
10.85 1.31884 0.729323
10.9 1.3094 0.723824
10.95 1.29996 0.718349
11 1.29052 0.712898
11.05 1.28107 0.707473
11.1 1.27163 0.702073
11.15 1.26219 0.696698
11.2 1.25275 0.691349
11.25 1.24331 0.686026
11.3 1.23387 0.680729
11.35 1.22444 0.67546
11.4 1.21501 0.670217
11.45 1.20559 0.665002
11.5 1.19617 0.659814
11.55 1.18676 0.654655
11.6 1.17736 0.649524
11.65 1.16797 0.644421
11.7 1.15858 0.639347
11.75 1.14921 0.634302
11.8 1.13984 0.629287
11.85 1.13049 0.624301
11.9 1.12115 0.619345
11.95 1.11182 0.614419
12 1.1025 0.609524
12.05 1.0932 0.604659
12.1 1.08392 0.599825
12.15 1.07464 0.595022
12.2 1.06539 0.59025
12.25 1.05615 0.585509
12.3 1.04693 0.580801
12.35 1.03773 0.576124
12.4 1.02854 0.57148
12.45 1.01938 0.566867
12.5 1.01023 0.562287
12.55 1.00111 0.55774
12.6 0.99201 0.553226
12.65 0.982931 0.548744
12.7 0.973875 0.544296
12.75 0.964843 0.539881
12.8 0.955835 0.5355
12.85 0.946853 0.531152
12.9 0.937895 0.526838
12.95 0.928965 0.522557
13 0.920061 0.518311
13.05 0.911184 0.514099
13.1 0.902336 0.509921
13.15 0.893517 0.505777
13.2 0.884727 0.501668
13.25 0.875968 0.497594
13.3 0.867239 0.493554
13.35 0.858541 0.489549
13.4 0.849875 0.485578
13.45 0.841242 0.481643
13.5 0.832642 0.477743
13.55 0.824075 0.473877
13.6 0.815543 0.470047
13.65 0.807045 0.466251
13.7 0.798583 0.462491
13.75 0.790156 0.458767
13.8 0.781766 0.455077
13.85 0.773413 0.451423
13.9 0.765097 0.447804
13.95 0.756819 0.44422
14 0.74858 0.440671
14.05 0.74038 0.437158
14.1 0.732219 0.433681
14.15 0.724098 0.430238
14.2 0.716018 0.426831
14.25 0.707979 0.423459
14.3 0.699981 0.420123
14.35 0.692025 0.416822
14.4 0.684111 0.413556
14.45 0.67624 0.410325
14.5 0.668412 0.407129
14.55 0.660628 0.403968
14.6 0.652888 0.400843
14.65 0.645192 0.397752
14.7 0.637541 0.394696
14.75 0.629935 0.391675
14.8 0.622375 0.388689
14.85 0.614861 0.385737
14.9 0.607393 0.382821
14.95 0.599972 0.379938
15 0.592598 0.37709
15.05 0.585271 0.374276
15.1 0.577991 0.371496
15.15 0.57076 0.368751
15.2 0.563577 0.366039
15.25 0.556443 0.363361
15.3 0.549358 0.360717
15.35 0.542322 0.358107
15.4 0.535335 0.35553
15.45 0.528398 0.352986
15.5 0.521511 0.350475
15.55 0.514674 0.347997
15.6 0.507887 0.345552
15.65 0.501151 0.34314
15.7 0.494467 0.34076
15.75 0.487833 0.338413
15.8 0.48125 0.336098
15.85 0.474719 0.333814
15.9 0.468239 0.331563
15.95 0.461812 0.329343
16 0.455436 0.327154
16.05 0.449112 0.324997
16.1 0.442841 0.322871
16.15 0.436622 0.320775
16.2 0.430456 0.318711
16.25 0.424342 0.316676
16.3 0.418281 0.314672
16.35 0.412272 0.312698
16.4 0.406317 0.310753
16.45 0.400415 0.308838
16.5 0.394565 0.306953
16.55 0.388769 0.305096
16.6 0.383026 0.303268
16.65 0.377336 0.301469
16.7 0.371699 0.299698
16.75 0.366115 0.297955
16.8 0.360585 0.29624
16.85 0.355108 0.294553
16.9 0.349684 0.292893
16.95 0.344314 0.29126
17 0.338996 0.289654
17.05 0.333732 0.288074
17.1 0.328521 0.286521
17.15 0.323363 0.284994
17.2 0.318258 0.283492
17.25 0.313206 0.282016
17.3 0.308207 0.280566
17.35 0.30326 0.27914
17.4 0.298367 0.277738
17.45 0.293526 0.276362
17.5 0.288737 0.275009
17.55 0.284001 0.27368
17.6 0.279317 0.272374
17.65 0.274685 0.271092
17.7 0.270105 0.269832
17.75 0.265577 0.268596
17.8 0.261101 0.267381
17.85 0.256676 0.266188
17.9 0.252303 0.265018
17.95 0.24798 0.263868
18 0.243709 0.26274
18.05 0.239488 0.261633
18.1 0.235319 0.260546
18.15 0.231199 0.259479
18.2 0.22713 0.258432
18.25 0.223111 0.257405
18.3 0.219141 0.256397
18.35 0.215221 0.255407
18.4 0.21135 0.254437
18.45 0.207528 0.253485
18.5 0.203755 0.252551
18.55 0.200031 0.251634
18.6 0.196355 0.250735
18.65 0.192727 0.249853
18.7 0.189146 0.248988
18.75 0.185613 0.248139
18.8 0.182128 0.247307
18.85 0.178689 0.24649
18.9 0.175296 0.245689
18.95 0.17195 0.244903
19 0.16865 0.244131
19.05 0.165396 0.243375
19.1 0.162187 0.242632
19.15 0.159022 0.241904
19.2 0.155903 0.241189
19.25 0.152828 0.240487
19.3 0.149797 0.239798
19.35 0.14681 0.239122
19.4 0.143866 0.238459
19.45 0.140965 0.237807
19.5 0.138107 0.237167
19.55 0.135291 0.236539
19.6 0.132517 0.235921
19.65 0.129785 0.235315
19.7 0.127094 0.234719
19.75 0.124444 0.234133
19.8 0.121834 0.233557
19.85 0.119265 0.23299
19.9 0.116735 0.232433
19.95 0.114245 0.231885
20 0.111793 0.231345
20.05 0.109381 0.230814
20.1 0.107006 0.230291
20.15 0.10467 0.229776
20.2 0.102371 0.229268
20.25 0.100109 0.228768
20.3 0.0978832 0.228274
20.35 0.0956941 0.227787
20.4 0.093541 0.227306
20.45 0.0914234 0.226832
20.5 0.0893408 0.226363
20.55 0.087293 0.225899
20.6 0.0852795 0.225441
20.65 0.0832999 0.224988
20.7 0.0813538 0.22454
20.75 0.0794408 0.224095
20.8 0.0775605 0.223655
20.85 0.0757125 0.223219
20.9 0.0738964 0.222787
20.95 0.0721117 0.222357
21 0.0703582 0.221931
21.05 0.0686354 0.221508
21.1 0.0669428 0.221087
21.15 0.0652801 0.220669
21.2 0.0636469 0.220252
21.25 0.0620428 0.219838
21.3 0.0604673 0.219425
21.35 0.0589201 0.219013
21.4 0.0574008 0.218602
21.45 0.0559089 0.218193
21.5 0.0544442 0.217784
21.55 0.053006 0.217375
21.6 0.0515942 0.216967
21.65 0.0502082 0.216558
21.7 0.0488478 0.216149
21.75 0.0475124 0.21574
21.8 0.0462017 0.21533
21.85 0.0449154 0.214919
21.9 0.0436529 0.214508
21.95 0.0424141 0.214094
22 0.0411984 0.21368
22.05 0.0400054 0.213263
22.1 0.0388349 0.212845
22.15 0.0376864 0.212425
22.2 0.0365595 0.212002
22.25 0.0354539 0.211577
22.3 0.0343692 0.211149
22.35 0.0333051 0.210719
22.4 0.0322612 0.210285
22.45 0.031237 0.209849
22.5 0.0302323 0.209409
22.55 0.0292467 0.208965
22.6 0.0282799 0.208518
22.65 0.0273315 0.208067
22.7 0.0264011 0.207613
22.75 0.0254884 0.207154
22.8 0.0245931 0.206691
22.85 0.0237148 0.206223
22.9 0.0228532 0.205751
22.95 0.022008 0.205275
23 0.0211788 0.204793
23.05 0.0203653 0.204307
23.1 0.0195672 0.203816
23.15 0.0187842 0.203319
23.2 0.0180159 0.202818
23.25 0.0172621 0.202311
23.3 0.0165224 0.201798
23.35 0.0157966 0.20128
23.4 0.0150843 0.200757
23.45 0.0143853 0.200227
23.5 0.0136993 0.199692
23.55 0.0130259 0.199151
23.6 0.0123649 0.198603
23.65 0.011716 0.19805
23.7 0.011079 0.19749
23.75 0.0104535 0.196925
23.8 0.00983929 0.196352
23.85 0.00923615 0.195774
23.9 0.00864379 0.195189
23.95 0.00806195 0.194597
24 0.00749039 0.193999
24.05 0.00692886 0.193394
24.1 0.00637712 0.192783
24.15 0.00583493 0.192164
24.2 0.00530205 0.191539
24.25 0.00477827 0.190907
24.3 0.00426334 0.190269
24.35 0.00375706 0.189623
24.4 0.00325921 0.188971
24.45 0.00276957 0.188311
24.5 0.00228793 0.187645
24.55 0.0018141 0.186971
24.6 0.00134788 0.186291
24.65 0.000889061 0.185604
24.7 0.000437461 0.184909
24.75 -7.1077e-06 0.184208
24.8 -0.000444827 0.183499
24.85 -0.000875876 0.182784
24.9 -0.00130043 0.182061
24.95 -0.00171865 0.181332
25 -0.00213071 0.180595
25.05 -0.00253678 0.179852
25.1 -0.002937 0.179102
25.15 -0.00333152 0.178344
25.2 -0.00372051 0.17758
25.25 -0.00410411 0.176809
25.3 -0.00448244 0.176031
25.35 -0.00485566 0.175246
25.4 -0.00522389 0.174454
25.45 -0.00558727 0.173655
25.5 -0.00594591 0.17285
25.55 -0.00629995 0.172038
25.6 -0.00664949 0.17122
25.65 -0.00699465 0.170395
25.7 -0.00733553 0.169563
25.75 -0.00767225 0.168725
25.8 -0.00800491 0.16788
25.85 -0.0083336 0.167029
25.9 -0.00865843 0.166172
25.95 -0.00897947 0.165309
26 -0.00929681 0.164439
26.05 -0.00961055 0.163563
26.1 -0.00992076 0.162681
26.15 -0.0102275 0.161793
26.2 -0.0105309 0.1609
26.25 -0.010831 0.16
26.3 -0.0111278 0.159095
26.35 -0.0114214 0.158184
26.4 -0.0117119 0.157268
26.45 -0.0119994 0.156346
26.5 -0.0122839 0.155419
26.55 -0.0125653 0.154486
26.6 -0.0128439 0.153548
26.65 -0.0131196 0.152605
26.7 -0.0133925 0.151657
26.75 -0.0136626 0.150705
26.8 -0.01393 0.149747
26.85 -0.0141946 0.148784
26.9 -0.0144566 0.147817
26.95 -0.0147159 0.146846
27 -0.0149725 0.14587
27.05 -0.0152266 0.14489
27.1 -0.015478 0.143905
27.15 -0.0157269 0.142917
27.2 -0.0159732 0.141924
27.25 -0.016217 0.140928
27.3 -0.0164583 0.139928
27.35 -0.016697 0.138924
27.4 -0.0169332 0.137917
27.45 -0.0171669 0.136906
27.5 -0.017398 0.135892
27.55 -0.0176267 0.134875
27.6 -0.0178529 0.133855
27.65 -0.0180765 0.132832
27.7 -0.0182976 0.131806
27.75 -0.0185162 0.130778
27.8 -0.0187323 0.129747
27.85 -0.0189458 0.128713
27.9 -0.0191567 0.127677
27.95 -0.0193651 0.126639
28 -0.0195709 0.125599
28.05 -0.0197741 0.124557
28.1 -0.0199747 0.123514
28.15 -0.0201726 0.122468
28.2 -0.0203679 0.121421
28.25 -0.0205605 0.120373
28.3 -0.0207504 0.119323
28.35 -0.0209376 0.118273
28.4 -0.021122 0.117221
28.45 -0.0213037 0.116168
28.5 -0.0214826 0.115115
28.55 -0.0216586 0.114061
28.6 -0.0218318 0.113006
28.65 -0.0220021 0.111951
28.7 -0.0221695 0.110896
28.75 -0.022334 0.10984
28.8 -0.0224955 0.108785
28.85 -0.0226541 0.10773
28.9 -0.0228096 0.106675
28.95 -0.022962 0.105621
29 -0.0231114 0.104567
29.05 -0.0232577 0.103514
29.1 -0.0234008 0.102461
29.15 -0.0235407 0.10141
29.2 -0.0236774 0.100359
29.25 -0.0238109 0.0993098
29.3 -0.0239411 0.0982618
29.35 -0.024068 0.0972152
29.4 -0.0241916 0.0961702
29.45 -0.0243118 0.0951269
29.5 -0.0244286 0.0940853
29.55 -0.024542 0.0930457
29.6 -0.0246519 0.0920081
29.65 -0.0247584 0.0909727
29.7 -0.0248613 0.0899396
29.75 -0.0249607 0.0889089
29.8 -0.0250565 0.0878807
29.85 -0.0251487 0.0868552
29.9 -0.0252373 0.0858325
29.95 -0.0253222 0.0848126
30 -0.0254034 0.0837957
30.05 -0.0254809 0.082782
30.1 -0.0255547 0.0817714
30.15 -0.0256247 0.0807643
30.2 -0.025691 0.0797605
30.25 -0.0257534 0.0787603
30.3 -0.025812 0.0777638
30.35 -0.0258668 0.0767711
30.4 -0.0259177 0.0757823
30.45 -0.0259647 0.0747974
30.5 -0.0260078 0.0738167
30.55 -0.026047 0.0728401
30.6 -0.0260822 0.0718679
30.65 -0.0261135 0.0709
30.7 -0.0261408 0.0699367
30.75 -0.0261641 0.0689779
30.8 -0.0261835 0.0680238
30.85 -0.0261988 0.0670746
30.9 -0.0262101 0.0661302
30.95 -0.0262174 0.0651907
31 -0.0262206 0.0642564
31.05 -0.0262198 0.0633271
31.1 -0.026215 0.0624032
31.15 -0.0262061 0.0614845
31.2 -0.0261932 0.0605713
31.25 -0.0261762 0.0596635
31.3 -0.0261551 0.0587613
31.35 -0.0261301 0.0578648
31.4 -0.0261009 0.056974
31.45 -0.0260677 0.056089
31.5 -0.0260305 0.0552099
31.55 -0.0259892 0.0543367
31.6 -0.0259439 0.0534696
31.65 -0.0258946 0.0526085
31.7 -0.0258413 0.0517537
31.75 -0.025784 0.050905
31.8 -0.0257227 0.0500626
31.85 -0.0256574 0.0492266
31.9 -0.0255882 0.048397
31.95 -0.025515 0.0475739
32 -0.025438 0.0467573
32.05 -0.025357 0.0459473
32.1 -0.0252721 0.045144
32.15 -0.0251834 0.0443473
32.2 -0.0250908 0.0435574
32.25 -0.0249945 0.0427743
32.3 -0.0248944 0.0419981
32.35 -0.0247905 0.0412287
32.4 -0.0246828 0.0404663
32.45 -0.0245715 0.0397108
32.5 -0.0244565 0.0389623
32.55 -0.0243379 0.0382209
32.6 -0.0242157 0.0374866
32.65 -0.02409 0.0367595
32.7 -0.0239607 0.0360394
32.75 -0.0238279 0.0353266
32.8 -0.0236916 0.034621
32.85 -0.023552 0.0339227
32.9 -0.023409 0.0332316
32.95 -0.0232626 0.0325478
33 -0.023113 0.0318713
33.05 -0.0229601 0.0312022
33.1 -0.0228041 0.0305405
33.15 -0.0226449 0.0298861
33.2 -0.0224826 0.0292391
33.25 -0.0223172 0.0285996
33.3 -0.0221488 0.0279674
33.35 -0.0219775 0.0273427
33.4 -0.0218033 0.0267255
33.45 -0.0216263 0.0261157
33.5 -0.0214464 0.0255133
33.55 -0.0212639 0.0249185
33.6 -0.0210786 0.0243311
33.65 -0.0208907 0.0237511
33.7 -0.0207003 0.0231786
33.75 -0.0205073 0.0226136
33.8 -0.0203119 0.0220561
33.85 -0.0201141 0.021506
33.9 -0.019914 0.0209634
33.95 -0.0197116 0.0204282
34 -0.019507 0.0199005
34.05 -0.0193002 0.0193802
34.1 -0.0190914 0.0188672
34.15 -0.0188805 0.0183617
34.2 -0.0186677 0.0178636
34.25 -0.018453 0.0173728
34.3 -0.0182365 0.0168894
34.35 -0.0180182 0.0164133
34.4 -0.0177983 0.0159445
34.45 -0.0175767 0.015483
34.5 -0.0173535 0.0150288
34.55 -0.0171289 0.0145818
34.6 -0.0169028 0.014142
34.65 -0.0166754 0.0137094
34.7 -0.0164467 0.0132839
34.75 -0.0162168 0.0128656
34.8 -0.0159857 0.0124544
34.85 -0.0157536 0.0120502
34.9 -0.0155204 0.011653
34.95 -0.0152863 0.0112629
35 -0.0150514 0.0108797
35.05 -0.0148156 0.0105034
35.1 -0.0145791 0.010134
35.15 -0.0143419 0.00977142
35.2 -0.0141042 0.00941565
35.25 -0.0138659 0.00906665
35.3 -0.0136272 0.00872436
35.35 -0.0133881 0.00838874
35.4 -0.0131486 0.00805975
35.45 -0.012909 0.00773734
35.5 -0.0126691 0.00742147
35.55 -0.0124292 0.00711209
35.6 -0.0121892 0.00680915
35.65 -0.0119492 0.00651261
35.7 -0.0117093 0.0062224
35.75 -0.0114696 0.00593849
35.8 -0.0112301 0.00566082
35.85 -0.0109909 0.00538934
35.9 -0.0107521 0.00512399
35.95 -0.0105137 0.00486472
36 -0.0102759 0.00461149
36.05 -0.0100385 0.00436422
36.1 -0.00980183 0.00412287
36.15 -0.00956581 0.00388738
36.2 -0.00933055 0.00365769
36.25 -0.0090961 0.00343375
36.3 -0.00886253 0.00321549
36.35 -0.0086299 0.00300286
36.4 -0.00839827 0.0027958
36.45 -0.0081677 0.00259425
36.5 -0.00793825 0.00239814
36.55 -0.00770997 0.00220743
36.6 -0.00748293 0.00202203
36.65 -0.00725719 0.00184191
36.7 -0.00703279 0.00166699
36.75 -0.0068098 0.0014972
36.8 -0.00658826 0.0013325
36.85 -0.00636824 0.0011728
36.9 -0.00614978 0.00101806
36.95 -0.00593294 0.000868205
37 -0.00571777 0.000723173
37.05 -0.00550432 0.000582899
37.1 -0.00529263 0.000447318
37.15 -0.00508276 0.000316367
37.2 -0.00487476 0.000189981
37.25 -0.00466866 6.80931e-05
37.3 -0.00446452 -4.93602e-05
37.35 -0.00426238 -0.000162445
37.4 -0.00406228 -0.000271226
37.45 -0.00386426 -0.00037577
37.5 -0.00366837 -0.000476141
37.55 -0.00347465 -0.000572405
37.6 -0.00328313 -0.000664629
37.65 -0.00309385 -0.000752878
37.7 -0.00290684 -0.000837216
37.75 -0.00272215 -0.000917711
37.8 -0.00253981 -0.000994427
37.85 -0.00235986 -0.00106743
37.9 -0.00218231 -0.00113679
37.95 -0.00200721 -0.00120256
38 -0.00183458 -0.00126482
38.05 -0.00166446 -0.00132362
38.1 -0.00149687 -0.00137904
38.15 -0.00133183 -0.00143113
38.2 -0.00116937 -0.00147997
38.25 -0.00100952 -0.00152561
38.3 -0.000852299 -0.00156812
38.35 -0.000697726 -0.00160757
38.4 -0.000545823 -0.00164401
38.45 -0.000396609 -0.00167752
38.5 -0.000250102 -0.00170815
38.55 -0.000106318 -0.00173597
38.6 3.47261e-05 -0.00176103
38.65 0.000173017 -0.00178341
38.7 0.000308541 -0.00180316
38.75 0.000441287 -0.00182035
38.8 0.000571244 -0.00183503
38.85 0.000698402 -0.00184727
38.9 0.000822752 -0.00185712
38.95 0.000944289 -0.00186465
39 0.001063 -0.00186991
39.05 0.00117889 -0.00187297
39.1 0.00129196 -0.00187388
39.15 0.00140219 -0.00187271
39.2 0.00150958 -0.0018695
39.25 0.00161415 -0.00186432
39.3 0.00171588 -0.00185722
39.35 0.00181478 -0.00184826
39.4 0.00191085 -0.00183749
39.45 0.00200411 -0.00182497
39.5 0.00209454 -0.00181076
39.55 0.00218216 -0.0017949
39.6 0.00226698 -0.00177745
39.65 0.00234901 -0.00175847
39.7 0.00242824 -0.001738
39.75 0.00250471 -0.00171611
39.8 0.00257841 -0.00169283
39.85 0.00264936 -0.00166822
39.9 0.00271757 -0.00164233
39.95 0.00278306 -0.00161521
40 0.00284585 -0.00158691
40.05 0.00290594 -0.00155748
40.1 0.00296337 -0.00152696
40.15 0.00301814 -0.0014954
40.2 0.00307027 -0.00146284
40.25 0.00311979 -0.00142934
40.3 0.00316672 -0.00139494
40.35 0.00321108 -0.00135968
40.4 0.00325289 -0.00132361
40.45 0.00329217 -0.00128676
40.5 0.00332896 -0.00124919
40.55 0.00336327 -0.00121092
40.6 0.00339514 -0.00117202
40.65 0.00342458 -0.00113251
40.7 0.00345163 -0.00109243
40.75 0.00347632 -0.00105182
40.8 0.00349867 -0.00101073
40.85 0.00351871 -0.000969186
40.9 0.00353648 -0.00092723
40.95 0.003552 -0.000884897
41 0.00356531 -0.000842222
41.05 0.00357643 -0.000799241
41.1 0.00358541 -0.000755988
41.15 0.00359228 -0.000712497
41.2 0.00359706 -0.000668801
41.25 0.0035998 -0.000624932
41.3 0.00360053 -0.000580922
41.35 0.00359928 -0.000536802
41.4 0.0035961 -0.000492602
41.45 0.00359101 -0.000448351
41.5 0.00358405 -0.000404079
41.55 0.00357526 -0.000359813
41.6 0.00356469 -0.000315582
41.65 0.00355235 -0.000271413
41.7 0.00353831 -0.000227331
41.75 0.00352258 -0.000183362
41.8 0.00350522 -0.000139531
41.85 0.00348626 -9.58632e-05
41.9 0.00346574 -5.23811e-05
41.95 0.0034437 -9.10809e-06
42 0.00342018 3.39336e-05
42.05 0.00339522 7.67221e-05
42.1 0.00336886 0.000119237
42.15 0.00334115 0.000161457
42.2 0.00331211 0.000203362
42.25 0.00328179 0.000244934
42.3 0.00325024 0.000286154
42.35 0.00321749 0.000327004
42.4 0.00318359 0.000367467
42.45 0.00314857 0.000407526
42.5 0.00311247 0.000447165
42.55 0.00307534 0.000486368
42.6 0.00303722 0.000525121
42.65 0.00299814 0.000563409
42.7 0.00295816 0.000601218
42.75 0.0029173 0.000638536
42.8 0.00287561 0.000675349
42.85 0.00283313 0.000711646
42.9 0.0027899 0.000747415
42.95 0.00274596 0.000782645
43 0.00270135 0.000817326
43.05 0.00265611 0.000851447
43.1 0.00261027 0.000885
43.15 0.00256389 0.000917976
43.2 0.00251698 0.000950366
43.25 0.00246961 0.000982162
43.3 0.00242179 0.00101336
43.35 0.00237358 0.00104395
43.4 0.00232501 0.00107392
43.45 0.00227611 0.00110327
43.5 0.00222692 0.001132
43.55 0.00217748 0.0011601
43.6 0.00212783 0.00118757
43.65 0.00207799 0.00121439
43.7 0.00202802 0.00124058
43.75 0.00197793 0.00126612
43.8 0.00192777 0.00129101
43.85 0.00187757 0.00131525
43.9 0.00182737 0.00133884
43.95 0.00177719 0.00136177
44 0.00172707 0.00138405
44.05 0.00167704 0.00140568
44.1 0.00162713 0.00142664
44.15 0.00157737 0.00144696
44.2 0.0015278 0.00146662
44.25 0.00147845 0.00148562
44.3 0.00142933 0.00150397
44.35 0.00138049 0.00152167
44.4 0.00133195 0.00153871
44.45 0.00128374 0.00155511
44.5 0.00123588 0.00157087
44.55 0.0011884 0.00158598
44.6 0.00114134 0.00160045
44.65 0.0010947 0.00161428
44.7 0.00104852 0.00162748
44.75 0.00100282 0.00164005
44.8 0.000957628 0.001652
44.85 0.000912961 0.00166332
44.9 0.000868844 0.00167403
44.95 0.000825297 0.00168413
45 0.000782342 0.00169362
45.05 0.000739998 0.00170251
45.1 0.000698284 0.0017108
45.15 0.000657221 0.00171851
45.2 0.000616824 0.00172563
45.25 0.000577113 0.00173218
45.3 0.000538104 0.00173815
45.35 0.000499812 0.00174356
45.4 0.000462253 0.00174841
45.45 0.000425442 0.00175271
45.5 0.000389392 0.00175647
45.55 0.000354118 0.00175969
45.6 0.000319631 0.00176238
45.65 0.000285944 0.00176455
45.7 0.000253067 0.0017662
45.75 0.000221012 0.00176735
45.8 0.000189788 0.001768
45.85 0.000159405 0.00176816
45.9 0.00012987 0.00176783
45.95 0.000101193 0.00176704
46 7.33794e-05 0.00176577
46.05 4.64365e-05 0.00176405
46.1 2.03702e-05 0.00176188
46.15 -4.81454e-06 0.00175927
46.2 -2.9113e-05 0.00175623
46.25 -5.25213e-05 0.00175276
46.3 -7.50362e-05 0.00174888
46.35 -9.66552e-05 0.00174459
46.4 -0.000117376 0.0017399
46.45 -0.000137198 0.00173483
46.5 -0.000156119 0.00172938
46.55 -0.000174141 0.00172355
46.6 -0.000191262 0.00171736
46.65 -0.000207485 0.00171083
46.7 -0.000222812 0.00170394
46.75 -0.000237243 0.00169672
46.8 -0.000250783 0.00168918
46.85 -0.000263435 0.00168132
46.9 -0.000275203 0.00167315
46.95 -0.00028609 0.00166468
47 -0.000296103 0.00165592
47.05 -0.000305248 0.00164688
47.1 -0.000313529 0.00163756
47.15 -0.000320955 0.00162798
47.2 -0.000327531 0.00161815
47.25 -0.000333267 0.00160807
47.3 -0.000338169 0.00159775
47.35 -0.000342247 0.00158721
47.4 -0.000345511 0.00157644
47.45 -0.000347968 0.00156546
47.5 -0.000349631 0.00155428
47.55 -0.000350508 0.0015429
47.6 -0.000350611 0.00153133
47.65 -0.000349952 0.00151959
47.7 -0.000348542 0.00150767
47.75 -0.000346393 0.0014956
47.8 -0.000343517 0.00148337
47.85 -0.000339929 0.00147099
47.9 -0.00033564 0.00145848
47.95 -0.000330664 0.00144583
48 -0.000325017 0.00143306
48.05 -0.00031871 0.00142018
48.1 -0.00031176 0.00140719
48.15 -0.000304181 0.0013941
48.2 -0.000295988 0.00138091
48.25 -0.000287197 0.00136764
48.3 -0.000277823 0.00135429
48.35 -0.000267882 0.00134087
48.4 -0.00025739 0.00132739
48.45 -0.000246365 0.00131385
48.5 -0.000234821 0.00130025
48.55 -0.000222777 0.00128662
48.6 -0.000210248 0.00127294
48.65 -0.000197253 0.00125923
48.7 -0.000183808 0.0012455
48.75 -0.000169931 0.00123175
48.8 -0.00015564 0.00121798
48.85 -0.000140952 0.00120421
48.9 -0.000125885 0.00119044
48.95 -0.000110457 0.00117667
49 -9.46857e-05 0.00116291
49.05 -7.85894e-05 0.00114917
49.1 -6.21863e-05 0.00113544
49.15 -4.54945e-05 0.00112174
49.2 -2.85322e-05 0.00110808
49.25 -1.13176e-05 0.00109445
49.3 6.1311e-06 0.00108085
49.35 2.37956e-05 0.00106731
49.4 4.16576e-05 0.00105381
49.45 5.9699e-05 0.00104037
49.5 7.79015e-05 0.00102699
49.55 9.62472e-05 0.00101367
49.6 0.000114718 0.00100042
49.65 0.000133295 0.000987236
49.7 0.000151962 0.000974129
49.75 0.0001707 0.000961101
49.8 0.000189492 0.000948155
49.85 0.000208319 0.000935296
49.9 0.000227165 0.000922525
49.95 0.000246012 0.000909846
50 0.000264843 0.000897264
