-0.498 0.000438055 -0.000222413
-0.496 0.00178591 -0.000876057
-0.494 0.00408874 -0.00193745
-0.492 0.0073847 -0.00337909
-0.49 0.011705 -0.00516954
-0.488 0.017074 -0.00727364
-0.486 0.0235097 -0.00965259
-0.484 0.0310236 -0.0122642
-0.482 0.0396209 -0.015063
-0.48 0.0493011 -0.0180007
-0.478 0.0600583 -0.021026
-0.476 0.0718809 -0.0240852
-0.474 0.0847526 -0.0271222
-0.472 0.0986524 -0.0300793
-0.47 0.113555 -0.0328965
-0.468 0.129431 -0.0355127
-0.466 0.146249 -0.0378658
-0.464 0.163971 -0.0398925
-0.462 0.182558 -0.0415293
-0.46 0.201971 -0.0427122
-0.458 0.222165 -0.0433776
-0.456 0.243096 -0.0434621
-0.454 0.264716 -0.0429031
-0.452 0.286978 -0.0416392
-0.45 0.309834 -0.03961
-0.448 0.333236 -0.0367572
-0.446 0.357135 -0.0330242
-0.444 0.381483 -0.0283567
-0.442 0.406231 -0.0227031
-0.44 0.431333 -0.0160146
-0.438 0.456743 -0.00824534
-0.436 0.482416 0.000646914
-0.434 0.508309 0.0107009
-0.432 0.534381 0.0219513
-0.43 0.56059 0.034429
-0.428 0.5869 0.0481603
-0.426 0.613273 0.063167
-0.424 0.639677 0.0794663
-0.422 0.666079 0.0970703
-0.42 0.692448 0.115986
-0.418 0.718758 0.136216
-0.416 0.744982 0.157756
-0.414 0.771096 0.180598
-0.412 0.797078 0.204727
-0.41 0.822908 0.230124
-0.408 0.848567 0.256761
-0.406 0.874038 0.284609
-0.404 0.899303 0.313629
-0.402 0.924348 0.343778
-0.4 0.949158 0.375008
-0.398 0.97372 0.407263
-0.396 0.998019 0.440483
-0.394 1.02204 0.474601
-0.392 1.04577 0.509546
-0.39 1.0692 0.54524
-0.388 1.0923 0.581599
-0.386 1.11507 0.618535
-0.384 1.13747 0.655955
-0.382 1.1595 0.693759
-0.38 1.18113 0.731843
-0.378 1.20233 0.770099
-0.376 1.22307 0.808414
-0.374 1.24333 0.84667
-0.372 1.26307 0.884745
-0.37 1.28225 0.922516
-0.368 1.30083 0.959851
-0.366 1.31877 0.996621
-0.364 1.33601 1.03269
-0.362 1.3525 1.06792
-0.36 1.36819 1.10217
-0.358 1.38301 1.1353
-0.356 1.39689 1.16718
-0.354 1.40977 1.19764
-0.352 1.42157 1.22656
-0.35 1.43222 1.25379
-0.348 1.44163 1.27918
-0.346 1.44972 1.30259
-0.344 1.4564 1.32389
-0.342 1.46157 1.34293
-0.34 1.46516 1.35958
-0.338 1.46706 1.37371
-0.336 1.46717 1.38518
-0.334 1.46541 1.39388
-0.332 1.46166 1.39968
-0.33 1.45585 1.40247
-0.328 1.44786 1.40214
-0.326 1.43761 1.39859
-0.324 1.42501 1.39173
-0.322 1.40996 1.38146
-0.32 1.39238 1.36772
-0.318 1.37218 1.35043
-0.316 1.3493 1.32952
-0.314 1.32366 1.30496
-0.312 1.2952 1.27669
-0.31 1.26386 1.24469
-0.308 1.22959 1.20892
-0.306 1.19234 1.1694
-0.304 1.15209 1.1261
-0.302 1.10881 1.07905
-0.3 1.06248 1.02828
-0.298 1.0131 0.973799
-0.296 0.960678 0.915674
-0.294 0.905226 0.853955
-0.292 0.846772 0.788713
-0.29 0.785353 0.720027
-0.288 0.721017 0.64799
-0.286 0.653824 0.572703
-0.284 0.583844 0.494279
-0.282 0.511157 0.412841
-0.28 0.435855 0.328524
-0.278 0.358041 0.241468
-0.276 0.277825 0.151828
-0.274 0.19533 0.0597619
-0.272 0.110685 -0.03456
-0.27 0.0240305 -0.130962
-0.268 -0.0644857 -0.22926
-0.266 -0.154708 -0.329264
-0.264 -0.246475 -0.430779
-0.262 -0.339616 -0.533604
-0.26 -0.433956 -0.637533
-0.258 -0.529315 -0.742357
-0.256 -0.625508 -0.847863
-0.254 -0.722345 -0.953835
-0.252 -0.819634 -1.06006
-0.25 -0.917179 -1.16631
-0.248 -1.01478 -1.27237
-0.246 -1.11224 -1.37803
-0.244 -1.20937 -1.48305
-0.242 -1.30594 -1.58724
-0.24 -1.40178 -1.69035
-0.238 -1.49667 -1.7922
-0.236 -1.59042 -1.89255
-0.234 -1.68283 -1.99121
-0.232 -1.7737 -2.08797
-0.23 -1.86283 -2.18263
-0.228 -1.95004 -2.27499
-0.226 -2.03514 -2.36487
-0.224 -2.11794 -2.45206
-0.222 -2.19826 -2.53641
-0.22 -2.27591 -2.61772
-0.218 -2.35071 -2.69584
-0.216 -2.42251 -2.77059
-0.214 -2.49111 -2.84183
-0.212 -2.55637 -2.90941
-0.21 -2.61811 -2.97317
-0.208 -2.67617 -3.033
-0.206 -2.73041 -3.08876
-0.204 -2.78067 -3.14033
-0.202 -2.8268 -3.1876
-0.2 -2.86866 -3.23046
-0.198 -2.90611 -3.26882
-0.196 -2.93901 -3.30258
-0.194 -2.96724 -3.33167
-0.192 -2.99066 -3.356
-0.19 -3.00916 -3.37552
-0.188 -3.02262 -3.39017
-0.186 -3.03092 -3.39989
-0.184 -3.03395 -3.40465
-0.182 -3.03163 -3.4044
-0.18 -3.02383 -3.39913
-0.178 -3.01048 -3.38881
-0.176 -2.99149 -3.37343
-0.174 -2.96678 -3.35299
-0.172 -2.93628 -3.3275
-0.17 -2.89991 -3.29697
-0.168 -2.85763 -3.26142
-0.166 -2.80937 -3.22088
-0.164 -2.7551 -3.1754
-0.162 -2.69478 -3.125
-0.16 -2.62839 -3.06976
-0.158 -2.5559 -3.00973
-0.156 -2.47731 -2.94498
-0.154 -2.39263 -2.87559
-0.152 -2.30185 -2.80164
-0.15 -2.20502 -2.72324
-0.148 -2.10216 -2.64047
-0.146 -1.99331 -2.55345
-0.144 -1.87855 -2.46229
-0.142 -1.75794 -2.36713
-0.14 -1.63155 -2.26809
-0.138 -1.4995 -2.1653
-0.136 -1.36189 -2.05893
-0.134 -1.21885 -1.94911
-0.132 -1.0705 -1.83602
-0.13 -0.917014 -1.71981
-0.128 -0.758549 -1.60067
-0.126 -0.595288 -1.47878
-0.124 -0.427429 -1.35431
-0.122 -0.255182 -1.22746
-0.12 -0.0787758 -1.09844
-0.118 0.101549 -0.96745
-0.116 0.285534 -0.834694
-0.114 0.472909 -0.700391
-0.112 0.663385 -0.56476
-0.11 0.856662 -0.428026
-0.108 1.05242 -0.290418
-0.106 1.25034 -0.152168
-0.104 1.45006 -0.013513
-0.102 1.65123 0.125309
-0.1 1.85349 0.264056
-0.098 2.05645 0.402484
-0.096 2.25971 0.540348
-0.094 2.46287 0.677401
-0.092 2.66552 0.813395
-0.09 2.86723 0.948083
-0.088 3.06758 1.08122
-0.086 3.26613 1.21255
-0.084 3.46243 1.34184
-0.082 3.65604 1.46885
-0.08 3.84653 1.59333
-0.078 4.03343 1.71505
-0.076 4.2163 1.83379
-0.074 4.39471 1.94931
-0.072 4.56822 2.0614
-0.07 4.7364 2.16985
-0.068 4.89884 2.27446
-0.066 5.05512 2.37502
-0.064 5.20487 2.47137
-0.062 5.3477 2.56332
-0.06 5.48327 2.65072
-0.058 5.61123 2.73342
-0.056 5.73129 2.81128
-0.054 5.84317 2.88419
-0.052 5.94661 2.95204
-0.05 6.04139 3.01474
-0.048 6.12732 3.07223
-0.046 6.20427 3.12445
-0.044 6.2721 3.17136
-0.042 6.33074 3.21296
-0.04 6.38017 3.24925
-0.038 6.42038 3.28025
-0.036 6.45143 3.30601
-0.034 6.4734 3.32658
-0.032 6.48644 3.34207
-0.03 6.49072 3.35257
-0.028 6.48646 3.35821
-0.026 6.47393 3.35913
-0.024 6.45343 3.35551
-0.022 6.42532 3.34751
-0.02 6.38997 3.33536
-0.018 6.34782 3.31925
-0.016 6.29931 3.29943
-0.014 6.24494 3.27615
-0.012 6.18523 3.24967
-0.01 6.12071 3.22027
-0.008 6.05198 3.18822
-0.006 5.9796 3.15384
-0.004 5.90419 3.11741
-0.002 5.82636 3.07926
0 5.74674 3.03969
0.002 5.66598 2.99901
0.004 5.58469 2.95755
0.006 5.50348 2.91563
0.008 5.42299 2.87356
0.01 5.34381 2.83167
0.012 5.26655 2.79024
0.014 5.19177 2.7496
0.016 5.12003 2.71001
0.018 5.05185 2.67178
0.02 4.98774 2.63516
0.022 4.92814 2.60041
0.024 4.87351 2.56778
0.026 4.82422 2.5375
0.028 4.78065 2.50978
0.03 4.7431 2.48482
0.032 4.71186 2.46279
0.034 4.68716 2.44386
0.036 4.66918 2.42818
0.038 4.65808 2.41586
0.04 4.65397 2.40702
0.042 4.6569 2.40175
0.044 4.66691 2.40012
0.046 4.68396 2.40217
0.048 4.70801 2.40795
0.05 4.73895 2.41748
0.052 4.77665 2.43075
0.054 4.82094 2.44775
0.056 4.87163 2.46844
0.058 4.92847 2.49279
0.06 4.99121 2.52073
0.062 5.05956 2.5522
0.064 5.13322 2.58709
0.066 5.21184 2.62532
0.068 5.29508 2.66677
0.07 5.38258 2.71133
0.072 5.47394 2.75887
0.074 5.56879 2.80924
0.076 5.66672 2.86232
0.078 5.76731 2.91793
0.08 5.87016 2.97594
0.082 5.97486 3.03616
0.084 6.08097 3.09844
0.086 6.1881 3.1626
0.088 6.29583 3.22847
0.09 6.40374 3.29587
0.092 6.51144 3.36462
0.094 6.61852 3.43453
0.096 6.72462 3.50543
0.098 6.82934 3.57712
0.1 6.93233 3.64942
0.102 7.03323 3.72216
0.104 7.13169 3.79514
0.106 7.2274 3.86817
0.108 7.32003 3.94109
0.11 7.4093 4.01371
0.112 7.49491 4.08584
0.114 7.5766 4.15731
0.116 7.65411 4.22796
0.118 7.72721 4.29759
0.12 7.79567 4.36606
0.122 7.8593 4.43318
0.124 7.9179 4.49879
0.126 7.97129 4.56274
0.128 8.01934 4.62487
0.13 8.06188 4.68502
0.132 8.0988 4.74304
0.134 8.12999 4.7988
0.136 8.15536 4.85214
0.138 8.17482 4.90293
0.14 8.1883 4.95104
0.142 8.19577 4.99634
0.144 8.19717 5.03871
0.146 8.19249 5.07803
0.148 8.18172 5.11418
0.15 8.16486 5.14705
0.152 8.14191 5.17655
0.154 8.11292 5.20257
0.156 8.07791 5.22502
0.158 8.03692 5.24381
0.16 7.99003 5.25886
0.162 7.93729 5.2701
0.164 7.87878 5.27745
0.166 7.81459 5.28085
0.168 7.7448 5.28025
0.17 7.66952 5.27559
0.172 7.58886 5.26682
0.174 7.50293 5.25392
0.176 7.41186 5.23683
0.178 7.31576 5.21555
0.18 7.21478 5.19005
0.182 7.10904 5.16032
0.184 6.9987 5.12635
0.186 6.88391 5.08815
0.188 6.7648 5.04573
0.19 6.64154 4.9991
0.192 6.5143 4.94829
0.194 6.38322 4.89334
0.196 6.24848 4.83428
0.198 6.11024 4.77115
0.2 5.96869 4.70402
0.202 5.82399 4.63295
0.204 5.67632 4.55801
0.206 5.52586 4.47928
0.208 5.3728 4.39684
0.21 5.21731 4.31079
0.212 5.0596 4.22124
0.214 4.89984 4.12829
0.216 4.73822 4.03206
0.218 4.57495 3.93268
0.22 4.41021 3.83028
0.222 4.2442 3.725
0.224 4.07713 3.61699
0.226 3.90918 3.50641
0.228 3.74057 3.39341
0.23 3.5715 3.27816
0.232 3.40216 3.16084
0.234 3.23277 3.04164
0.236 3.06352 2.92072
0.238 2.89463 2.7983
0.24 2.7263 2.67455
0.242 2.55873 2.54968
0.244 2.39213 2.4239
0.246 2.2267 2.29741
0.248 2.06264 2.17042
0.25 1.90015 2.04314
0.252 1.73943 1.91578
0.254 1.58066 1.78857
0.256 1.42405 1.66171
0.258 1.26976 1.53541
0.26 1.11799 1.4099
0.262 0.968909 1.28538
0.264 0.822684 1.16205
0.266 0.679479 1.04014
0.268 0.539448 0.91983
0.27 0.402739 0.801329
0.272 0.269491 0.684827
0.274 0.139836 0.570512
0.276 0.013895 0.458563
0.278 -0.10822 0.349155
0.28 -0.226408 0.242455
0.282 -0.340577 0.138621
0.284 -0.450646 0.0378032
0.286 -0.556544 -0.0598581
0.288 -0.658213 -0.154231
0.29 -0.755606 -0.245194
0.292 -0.848685 -0.332635
0.294 -0.937426 -0.416454
0.296 -1.02182 -0.49656
0.298 -1.10185 -0.572873
0.3 -1.17754 -0.645327
0.302 -1.2489 -0.713863
0.304 -1.31596 -0.778437
0.306 -1.37876 -0.839013
0.308 -1.43735 -0.895569
0.31 -1.49179 -0.948092
0.312 -1.54215 -0.996582
0.314 -1.5885 -1.04105
0.316 -1.63092 -1.08151
0.318 -1.6695 -1.118
0.32 -1.70433 -1.15056
0.322 -1.73553 -1.17924
0.324 -1.76319 -1.2041
0.326 -1.78742 -1.22521
0.328 -1.80834 -1.24264
0.33 -1.82607 -1.25648
0.332 -1.84072 -1.26682
0.334 -1.85241 -1.27377
0.336 -1.86127 -1.27743
0.338 -1.86741 -1.27791
0.34 -1.87096 -1.27533
0.342 -1.87204 -1.26982
0.344 -1.87076 -1.26149
0.346 -1.86723 -1.25049
0.348 -1.86159 -1.23694
0.35 -1.85393 -1.22099
0.352 -1.84436 -1.20277
0.354 -1.83299 -1.18243
0.356 -1.81992 -1.16011
0.358 -1.80524 -1.13595
0.36 -1.78906 -1.1101
0.362 -1.77145 -1.08271
0.364 -1.7525 -1.05391
0.366 -1.73229 -1.02385
0.368 -1.71091 -0.992674
0.37 -1.68841 -0.960519
0.372 -1.66487 -0.927524
0.374 -1.64035 -0.893825
0.376 -1.61491 -0.859554
0.378 -1.58861 -0.82484
0.38 -1.56149 -0.789811
0.382 -1.53361 -0.754589
0.384 -1.50502 -0.719292
0.386 -1.47575 -0.684036
0.388 -1.44585 -0.648929
0.39 -1.41536 -0.614078
0.392 -1.38431 -0.579583
0.394 -1.35275 -0.54554
0.396 -1.3207 -0.51204
0.398 -1.28819 -0.479166
0.4 -1.25527 -0.447
0.402 -1.22196 -0.415615
0.404 -1.18829 -0.385079
0.406 -1.1543 -0.355457
0.408 -1.12003 -0.326803
0.41 -1.0855 -0.299171
0.412 -1.05074 -0.272604
0.414 -1.0158 -0.247143
0.416 -0.980714 -0.222822
0.418 -0.945514 -0.199667
0.42 -0.910241 -0.177702
0.422 -0.874937 -0.156944
0.424 -0.839645 -0.137401
0.426 -0.804409 -0.119081
0.428 -0.769274 -0.101984
0.43 -0.734288 -0.0861028
0.432 -0.699501 -0.0714285
0.434 -0.664962 -0.0579456
0.436 -0.630726 -0.045634
0.438 -0.596844 -0.0344692
0.44 -0.563372 -0.0244223
0.442 -0.530366 -0.0154604
0.444 -0.497883 -0.00754662
0.446 -0.465979 -0.000640633
0.448 -0.434713 0.00530129
0.45 -0.404142 0.0103259
0.452 -0.374324 0.0144827
0.454 -0.345317 0.0178237
0.456 -0.317177 0.0204029
0.458 -0.289959 0.0222763
0.46 -0.263718 0.0235013
0.462 -0.238507 0.0241366
0.464 -0.214375 0.0242415
0.466 -0.19137 0.0238761
0.468 -0.169537 0.0231006
0.47 -0.148919 0.0219751
0.472 -0.129553 0.0205592
0.474 -0.111474 0.0189118
0.476 -0.0947117 0.0170906
0.478 -0.079292 0.0151522
0.48 -0.0652352 0.0131511
0.482 -0.0525567 0.0111402
0.484 -0.041266 0.00916999
0.486 -0.031367 0.00728844
0.488 -0.0228572 0.00554082
0.49 -0.0157278 0.00396941
0.492 -0.00996321 0.00261328
0.494 -0.00554117 0.00150808
0.496 -0.00243223 0.000685888
0.498 -0.000599817 0.000175048
0.05 3.44182 1.74738
0.1 3.44171 1.74729
0.15 3.44152 1.74713
0.2 3.44125 1.74692
0.25 3.44091 1.74665
0.3 3.44049 1.74632
0.35 3.44 1.74592
0.4 3.43943 1.74547
0.45 3.43878 1.74496
0.5 3.43806 1.74438
0.55 3.43726 1.74375
0.6 3.43638 1.74305
0.65 3.43543 1.7423
0.7 3.4344 1.74149
0.75 3.4333 1.74061
0.8 3.43211 1.73968
0.85 3.43086 1.73868
0.9 3.42952 1.73763
0.95 3.42811 1.73651
1 3.42662 1.73534
1.05 3.42506 1.73411
1.1 3.42342 1.73281
1.15 3.4217 1.73146
1.2 3.4199 1.73005
1.25 3.41803 1.72858
1.3 3.41608 1.72705
1.35 3.41405 1.72546
1.4 3.41195 1.72382
1.45 3.40977 1.72211
1.5 3.40751 1.72035
1.55 3.40517 1.71853
1.6 3.40276 1.71665
1.65 3.40026 1.71471
1.7 3.39769 1.71271
1.75 3.39504 1.71066
1.8 3.39232 1.70855
1.85 3.38951 1.70638
1.9 3.38663 1.70415
1.95 3.38367 1.70187
2 3.38062 1.69953
2.05 3.3775 1.69714
2.1 3.37431 1.69469
2.15 3.37103 1.69218
2.2 3.36767 1.68961
2.25 3.36423 1.68699
2.3 3.36072 1.68432
2.35 3.35712 1.68159
2.4 3.35345 1.6788
2.45 3.3497 1.67596
2.5 3.34586 1.67307
2.55 3.34195 1.67012
2.6 3.33795 1.66712
2.65 3.33388 1.66406
2.7 3.32972 1.66095
2.75 3.32549 1.65778
2.8 3.32117 1.65457
2.85 3.31678 1.6513
2.9 3.3123 1.64798
2.95 3.30774 1.6446
3 3.3031 1.64117
3.05 3.29838 1.6377
3.1 3.29358 1.63417
3.15 3.2887 1.63059
3.2 3.28373 1.62695
3.25 3.27869 1.62327
3.3 3.27356 1.61954
3.35 3.26835 1.61576
3.4 3.26306 1.61193
3.45 3.25768 1.60805
3.5 3.25223 1.60412
3.55 3.24669 1.60014
3.6 3.24107 1.59611
3.65 3.23537 1.59204
3.7 3.22958 1.58792
3.75 3.22372 1.58375
3.8 3.21777 1.57954
3.85 3.21174 1.57527
3.9 3.20562 1.57097
3.95 3.19943 1.56661
4 3.19315 1.56221
4.05 3.18678 1.55777
4.1 3.18034 1.55328
4.15 3.17381 1.54875
4.2 3.1672 1.54417
4.25 3.16051 1.53955
4.3 3.15373 1.53489
4.35 3.14687 1.53018
4.4 3.13993 1.52543
4.45 3.1329 1.52064
4.5 3.1258 1.51581
4.55 3.11861 1.51094
4.6 3.11133 1.50603
4.65 3.10398 1.50108
4.7 3.09654 1.49608
4.75 3.08902 1.49105
4.8 3.08141 1.48598
4.85 3.07373 1.48087
4.9 3.06596 1.47572
4.95 3.05811 1.47054
5 3.05017 1.46531
5.05 3.04216 1.46006
5.1 3.03406 1.45476
5.15 3.02588 1.44943
5.2 3.01762 1.44406
5.25 3.00928 1.43866
5.3 3.00085 1.43323
5.35 2.99235 1.42776
5.4 2.98376 1.42225
5.45 2.97509 1.41672
5.5 2.96634 1.41115
5.55 2.95751 1.40555
5.6 2.9486 1.39992
5.65 2.93961 1.39425
5.7 2.93054 1.38856
5.75 2.92139 1.38284
5.8 2.91216 1.37708
5.85 2.90285 1.3713
5.9 2.89346 1.36549
5.95 2.884 1.35965
6 2.87445 1.35378
6.05 2.86483 1.34789
6.1 2.85513 1.34197
6.15 2.84535 1.33602
6.2 2.83549 1.33005
6.25 2.82556 1.32405
6.3 2.81555 1.31803
6.35 2.80546 1.31198
6.4 2.7953 1.30591
6.45 2.78506 1.29982
6.5 2.77475 1.29371
6.55 2.76436 1.28757
6.6 2.7539 1.28141
6.65 2.74337 1.27523
6.7 2.73276 1.26903
6.75 2.72208 1.26281
6.8 2.71133 1.25657
6.85 2.7005 1.25032
6.9 2.6896 1.24404
6.95 2.67864 1.23775
7 2.6676 1.23144
7.05 2.65649 1.22511
7.1 2.64531 1.21877
7.15 2.63407 1.21241
7.2 2.62275 1.20604
7.25 2.61137 1.19965
7.3 2.59992 1.19325
7.35 2.5884 1.18683
7.4 2.57682 1.1804
7.45 2.56518 1.17396
7.5 2.55346 1.16751
7.55 2.54169 1.16105
7.6 2.52985 1.15458
7.65 2.51795 1.14809
7.7 2.50598 1.1416
7.75 2.49396 1.1351
7.8 2.48187 1.12859
7.85 2.46973 1.12207
7.9 2.45752 1.11554
7.95 2.44526 1.10901
8 2.43294 1.10247
8.05 2.42056 1.09593
8.1 2.40813 1.08938
8.15 2.39564 1.08283
8.2 2.38309 1.07627
8.25 2.37049 1.06971
8.3 2.35784 1.06314
8.35 2.34514 1.05658
8.4 2.33239 1.05001
8.45 2.31958 1.04344
8.5 2.30673 1.03687
8.55 2.29383 1.0303
8.6 2.28087 1.02373
8.65 2.26788 1.01716
8.7 2.25483 1.01059
8.75 2.24174 1.00402
8.8 2.22861 0.99746
8.85 2.21543 0.990899
8.9 2.20221 0.984342
8.95 2.18895 0.97779
9 2.17565 0.971241
9.05 2.16231 0.964698
9.1 2.14893 0.958161
9.15 2.13552 0.95163
9.2 2.12206 0.945105
9.25 2.10858 0.938588
9.3 2.09505 0.932078
9.35 2.0815 0.925577
9.4 2.06791 0.919084
9.45 2.05429 0.912601
9.5 2.04063 0.906127
9.55 2.02695 0.899664
9.6 2.01324 0.893212
9.65 1.99951 0.88677
9.7 1.98574 0.880341
9.75 1.97196 0.873924
9.8 1.95815 0.86752
9.85 1.94431 0.861128
9.9 1.93045 0.854751
9.95 1.91658 0.848388
10 1.90268 0.842039
10.05 1.88876 0.835706
10.1 1.87483 0.829388
10.15 1.86088 0.823087
10.2 1.84692 0.816802
10.25 1.83294 0.810534
10.3 1.81894 0.804283
10.35 1.80494 0.798051
10.4 1.79093 0.791836
10.45 1.7769 0.785641
10.5 1.76287 0.779465
10.55 1.74883 0.773308
10.6 1.73478 0.767172
10.65 1.72073 0.761056
10.7 1.70668 0.754961
10.75 1.69262 0.748888
10.8 1.67856 0.742837
10.85 1.66451 0.736807
10.9 1.65045 0.7308
10.95 1.63639 0.724817
11 1.62234 0.718857
11.05 1.60829 0.71292
11.1 1.59425 0.707008
11.15 1.58021 0.70112
11.2 1.56619 0.695258
11.25 1.55217 0.68942
11.3 1.53816 0.683609
11.35 1.52416 0.677823
11.4 1.51018 0.672064
11.45 1.49621 0.666332
11.5 1.48225 0.660627
11.55 1.46831 0.654949
11.6 1.45439 0.649299
11.65 1.44049 0.643678
11.7 1.4266 0.638084
11.75 1.41274 0.63252
11.8 1.3989 0.626985
11.85 1.38508 0.621479
11.9 1.37129 0.616002
11.95 1.35752 0.610556
12 1.34377 0.60514
12.05 1.33006 0.599755
12.1 1.31637 0.594401
12.15 1.30272 0.589077
12.2 1.28909 0.583785
12.25 1.2755 0.578525
12.3 1.26194 0.573297
12.35 1.24841 0.568101
12.4 1.23493 0.562937
12.45 1.22147 0.557806
12.5 1.20806 0.552708
12.55 1.19468 0.547644
12.6 1.18134 0.542612
12.65 1.16805 0.537614
12.7 1.15479 0.53265
12.75 1.14158 0.52772
12.8 1.12841 0.522824
12.85 1.11529 0.517963
12.9 1.10221 0.513136
12.95 1.08918 0.508343
13 1.0762 0.503586
13.05 1.06327 0.498864
13.1 1.05039 0.494177
13.15 1.03756 0.489525
13.2 1.02478 0.484909
13.25 1.01205 0.480329
13.3 0.999382 0.475784
13.35 0.986765 0.471276
13.4 0.974204 0.466803
13.45 0.9617 0.462367
13.5 0.949254 0.457967
13.55 0.936866 0.453603
13.6 0.924537 0.449276
13.65 0.912269 0.444985
13.7 0.900063 0.440732
13.75 0.887918 0.436514
13.8 0.875837 0.432334
13.85 0.863819 0.428191
13.9 0.851866 0.424084
13.95 0.839978 0.420015
14 0.828156 0.415982
14.05 0.816402 0.411987
14.1 0.804715 0.408029
14.15 0.793097 0.404108
14.2 0.781548 0.400224
14.25 0.77007 0.396377
14.3 0.758662 0.392567
14.35 0.747325 0.388795
14.4 0.736061 0.38506
14.45 0.724869 0.381362
14.5 0.713751 0.377701
14.55 0.702707 0.374077
14.6 0.691738 0.370491
14.65 0.680845 0.366941
14.7 0.670027 0.363429
14.75 0.659286 0.359953
14.8 0.648623 0.356515
14.85 0.638037 0.353113
14.9 0.627529 0.349748
14.95 0.617101 0.34642
15 0.606751 0.343129
15.05 0.596482 0.339874
15.1 0.586293 0.336656
15.15 0.576185 0.333474
15.2 0.566159 0.330328
15.25 0.556214 0.327219
15.3 0.546351 0.324146
15.35 0.536571 0.321109
15.4 0.526874 0.318107
15.45 0.517261 0.315142
15.5 0.507731 0.312212
15.55 0.498286 0.309317
15.6 0.488925 0.306458
15.65 0.479649 0.303634
15.7 0.470458 0.300845
15.75 0.461353 0.298091
15.8 0.452333 0.295372
15.85 0.4434 0.292687
15.9 0.434552 0.290037
15.95 0.425791 0.287421
16 0.417117 0.284839
16.05 0.40853 0.282291
16.1 0.40003 0.279776
16.15 0.391617 0.277295
16.2 0.383291 0.274847
16.25 0.375054 0.272433
16.3 0.366903 0.270051
16.35 0.358841 0.267702
16.4 0.350867 0.265385
16.45 0.34298 0.2631
16.5 0.335182 0.260848
16.55 0.327471 0.258627
16.6 0.319849 0.256438
16.65 0.312315 0.25428
16.7 0.304869 0.252153
16.75 0.297512 0.250057
16.8 0.290242 0.247991
16.85 0.28306 0.245956
16.9 0.275967 0.243951
16.95 0.268961 0.241976
17 0.262044 0.24003
17.05 0.255214 0.238113
17.1 0.248472 0.236226
17.15 0.241817 0.234367
17.2 0.23525 0.232537
17.25 0.22877 0.230735
17.3 0.222377 0.22896
17.35 0.216071 0.227214
17.4 0.209852 0.225495
17.45 0.203719 0.223803
17.5 0.197672 0.222137
17.55 0.191712 0.220498
17.6 0.185837 0.218886
17.65 0.180047 0.217299
17.7 0.174343 0.215738
17.75 0.168724 0.214202
17.8 0.16319 0.212691
17.85 0.15774 0.211205
17.9 0.152374 0.209743
17.95 0.147091 0.208305
18 0.141892 0.206891
18.05 0.136776 0.2055
18.1 0.131742 0.204133
18.15 0.126791 0.202788
18.2 0.121921 0.201466
18.25 0.117133 0.200166
18.3 0.112426 0.198888
18.35 0.107799 0.197632
18.4 0.103253 0.196396
18.45 0.0987858 0.195182
18.5 0.094398 0.193988
18.55 0.0900889 0.192815
18.6 0.0858581 0.191661
18.65 0.081705 0.190528
18.7 0.0776291 0.189413
18.75 0.0736299 0.188317
18.8 0.069707 0.18724
18.85 0.0658596 0.186182
18.9 0.0620875 0.185141
18.95 0.0583899 0.184118
19 0.0547663 0.183113
19.05 0.0512161 0.182124
19.1 0.0477389 0.181152
19.15 0.0443339 0.180197
19.2 0.0410007 0.179257
19.25 0.0377385 0.178334
19.3 0.0345469 0.177425
19.35 0.0314252 0.176532
19.4 0.0283727 0.175654
19.45 0.025389 0.17479
19.5 0.0224732 0.17394
19.55 0.0196248 0.173104
19.6 0.0168432 0.172281
19.65 0.0141276 0.171472
19.7 0.0114775 0.170675
19.75 0.00889217 0.169891
19.8 0.00637094 0.16912
19.85 0.00391315 0.16836
19.9 0.00151812 0.167612
19.95 -0.000814831 0.166875
20 -0.00308639 0.166149
20.05 -0.00529724 0.165434
20.1 -0.00744808 0.164729
20.15 -0.00953961 0.164034
20.2 -0.0115725 0.163349
20.25 -0.0135475 0.162674
20.3 -0.0154654 0.162007
20.35 -0.0173267 0.16135
20.4 -0.0191322 0.160701
20.45 -0.0208827 0.160061
20.5 -0.0225789 0.159428
20.55 -0.0242214 0.158803
20.6 -0.0258111 0.158186
20.65 -0.0273485 0.157576
20.7 -0.0288346 0.156973
20.75 -0.0302699 0.156376
20.8 -0.0316552 0.155786
20.85 -0.0329913 0.155202
20.9 -0.0342788 0.154624
20.95 -0.0355185 0.154051
21 -0.0367112 0.153484
21.05 -0.0378576 0.152921
21.1 -0.0389583 0.152363
21.15 -0.0400142 0.15181
21.2 -0.0410259 0.151261
21.25 -0.0419943 0.150717
21.3 -0.0429199 0.150175
21.35 -0.0438036 0.149638
21.4 -0.0446461 0.149104
21.45 -0.0454481 0.148573
21.5 -0.0462103 0.148044
21.55 -0.0469334 0.147518
21.6 -0.0476183 0.146995
21.65 -0.0482655 0.146474
21.7 -0.0488758 0.145955
21.75 -0.04945 0.145437
21.8 -0.0499887 0.144921
21.85 -0.0504926 0.144407
21.9 -0.0509625 0.143893
21.95 -0.0513991 0.143381
22 -0.051803 0.142869
22.05 -0.052175 0.142357
22.1 -0.0525157 0.141846
22.15 -0.0528258 0.141335
22.2 -0.0531061 0.140825
22.25 -0.0533572 0.140313
22.3 -0.0535797 0.139802
22.35 -0.0537745 0.13929
22.4 -0.053942 0.138777
22.45 -0.054083 0.138263
22.5 -0.0541982 0.137749
22.55 -0.0542882 0.137233
22.6 -0.0543536 0.136716
22.65 -0.0543952 0.136197
22.7 -0.0544135 0.135676
22.75 -0.0544091 0.135154
22.8 -0.0543828 0.13463
22.85 -0.0543351 0.134104
22.9 -0.0542667 0.133576
22.95 -0.0541781 0.133045
23 -0.05407 0.132512
23.05 -0.0539429 0.131977
23.1 -0.0537976 0.131438
23.15 -0.0536344 0.130897
23.2 -0.0534541 0.130354
23.25 -0.0532573 0.129807
23.3 -0.0530444 0.129257
23.35 -0.052816 0.128704
23.4 -0.0525728 0.128148
23.45 -0.0523152 0.127588
23.5 -0.0520438 0.127025
23.55 -0.0517591 0.126459
23.6 -0.0514617 0.125889
23.65 -0.0511521 0.125315
23.7 -0.0508307 0.124738
23.75 -0.0504982 0.124156
23.8 -0.050155 0.123571
23.85 -0.0498016 0.122983
23.9 -0.0494385 0.12239
23.95 -0.0490661 0.121793
24 -0.048685 0.121192
24.05 -0.0482956 0.120587
24.1 -0.0478983 0.119978
24.15 -0.0474937 0.119365
24.2 -0.0470821 0.118748
24.25 -0.046664 0.118127
24.3 -0.0462398 0.117501
24.35 -0.04581 0.116871
24.4 -0.0453749 0.116237
24.45 -0.0449349 0.115599
24.5 -0.0444905 0.114956
24.55 -0.0440421 0.114309
24.6 -0.0435899 0.113658
24.65 -0.0431345 0.113002
24.7 -0.0426761 0.112342
24.75 -0.0422151 0.111678
24.8 -0.0417519 0.11101
24.85 -0.0412868 0.110338
24.9 -0.0408201 0.109661
24.95 -0.0403522 0.10898
25 -0.0398834 0.108295
25.05 -0.039414 0.107605
25.1 -0.0389442 0.106912
25.15 -0.0384745 0.106214
25.2 -0.0380051 0.105513
25.25 -0.0375363 0.104807
25.3 -0.0370683 0.104097
25.35 -0.0366014 0.103384
25.4 -0.0361358 0.102666
25.45 -0.0356719 0.101945
25.5 -0.0352099 0.10122
25.55 -0.0347499 0.100491
25.6 -0.0342923 0.0997581
25.65 -0.0338373 0.0990219
25.7 -0.033385 0.0982821
25.75 -0.0329356 0.0975388
25.8 -0.0324895 0.096792
25.85 -0.0320467 0.0960419
25.9 -0.0316074 0.0952885
25.95 -0.0311719 0.0945318
26 -0.0307403 0.0937719
26.05 -0.0303127 0.093009
26.1 -0.0298894 0.0922431
26.15 -0.0294704 0.0914742
26.2 -0.0290559 0.0907025
26.25 -0.0286461 0.089928
26.3 -0.0282411 0.0891508
26.35 -0.027841 0.0883711
26.4 -0.0274459 0.0875888
26.45 -0.027056 0.0868041
26.5 -0.0266712 0.0860171
26.55 -0.0262919 0.0852279
26.6 -0.0259179 0.0844365
26.65 -0.0255495 0.0836432
26.7 -0.0251867 0.0828478
26.75 -0.0248296 0.0820507
26.8 -0.0244782 0.0812518
26.85 -0.0241326 0.0804512
26.9 -0.0237928 0.0796491
26.95 -0.023459 0.0788456
27 -0.0231312 0.0780408
27.05 -0.0228093 0.0772347
27.1 -0.0224935 0.0764275
27.15 -0.0221837 0.0756194
27.2 -0.0218801 0.0748103
27.25 -0.0215826 0.0740004
27.3 -0.0212911 0.0731899
27.35 -0.0210059 0.0723788
27.4 -0.0207267 0.0715672
27.45 -0.0204537 0.0707553
27.5 -0.0201869 0.0699431
27.55 -0.0199262 0.0691308
27.6 -0.0196716 0.0683185
27.65 -0.0194231 0.0675064
27.7 -0.0191807 0.0666944
27.75 -0.0189443 0.0658828
27.8 -0.018714 0.0650716
27.85 -0.0184897 0.064261
27.9 -0.0182713 0.063451
27.95 -0.0180588 0.0626419
28 -0.0178522 0.0618336
28.05 -0.0176515 0.0610264
28.1 -0.0174565 0.0602203
28.15 -0.0172672 0.0594154
28.2 -0.0170836 0.0586119
28.25 -0.0169056 0.0578099
28.3 -0.0167331 0.0570095
28.35 -0.0165661 0.0562107
28.4 -0.0164045 0.0554138
28.45 -0.0162482 0.0546188
28.5 -0.0160971 0.0538258
28.55 -0.0159513 0.053035
28.6 -0.0158105 0.0522464
28.65 -0.0156748 0.0514602
28.7 -0.0155439 0.0506765
28.75 -0.0154179 0.0498954
28.8 -0.0152967 0.0491169
28.85 -0.0151801 0.0483413
28.9 -0.0150682 0.0475685
28.95 -0.0149606 0.0467988
29 -0.0148575 0.0460322
29.05 -0.0147587 0.0452688
29.1 -0.014664 0.0445087
29.15 -0.0145734 0.0437521
29.2 -0.0144868 0.0429989
29.25 -0.0144041 0.0422494
29.3 -0.0143252 0.0415037
29.35 -0.0142499 0.0407617
29.4 -0.0141783 0.0400236
29.45 -0.01411 0.0392896
29.5 -0.0140452 0.0385597
29.55 -0.0139836 0.0378339
29.6 -0.0139251 0.0371125
29.65 -0.0138697 0.0363954
29.7 -0.0138172 0.0356828
29.75 -0.0137675 0.0349747
29.8 -0.0137205 0.0342713
29.85 -0.0136761 0.0335726
29.9 -0.0136342 0.0328787
29.95 -0.0135947 0.0321897
30 -0.0135575 0.0315056
30.05 -0.0135224 0.0308266
30.1 -0.0134893 0.0301527
30.15 -0.0134582 0.029484
30.2 -0.013429 0.0288206
30.25 -0.0134014 0.0281625
30.3 -0.0133755 0.0275098
30.35 -0.0133511 0.0268626
30.4 -0.0133281 0.0262209
30.45 -0.0133064 0.0255848
30.5 -0.0132859 0.0249544
30.55 -0.0132665 0.0243298
30.6 -0.013248 0.0237109
30.65 -0.0132305 0.0230979
30.7 -0.0132137 0.0224908
30.75 -0.0131976 0.0218896
30.8 -0.0131822 0.0212945
30.85 -0.0131672 0.0207054
30.9 -0.0131525 0.0201225
30.95 -0.0131382 0.0195457
31 -0.0131241 0.0189751
31.05 -0.0131101 0.0184108
31.1 -0.0130961 0.0178527
31.15 -0.0130821 0.017301
31.2 -0.0130679 0.0167557
31.25 -0.0130534 0.0162168
31.3 -0.0130387 0.0156843
31.35 -0.0130235 0.0151583
31.4 -0.0130078 0.0146388
31.45 -0.0129915 0.0141258
31.5 -0.0129746 0.0136194
31.55 -0.0129569 0.0131195
31.6 -0.0129385 0.0126263
31.65 -0.0129192 0.0121397
31.7 -0.0128989 0.0116598
31.75 -0.0128776 0.0111865
31.8 -0.0128552 0.0107199
31.85 -0.0128317 0.01026
31.9 -0.012807 0.0098068
31.95 -0.012781 0.00936034
32 -0.0127536 0.0089206
32.05 -0.0127249 0.0084876
32.1 -0.0126947 0.00806133
32.15 -0.0126631 0.00764181
32.2 -0.0126298 0.00722904
32.25 -0.012595 0.00682301
32.3 -0.0125585 0.00642372
32.35 -0.0125204 0.00603118
32.4 -0.0124805 0.00564536
32.45 -0.0124388 0.00526627
32.5 -0.0123953 0.0048939
32.55 -0.01235 0.00452823
32.6 -0.0123027 0.00416926
32.65 -0.0122536 0.00381696
32.7 -0.0122025 0.00347133
32.75 -0.0121494 0.00313235
32.8 -0.0120943 0.00279999
32.85 -0.0120372 0.00247424
32.9 -0.0119781 0.00215508
32.95 -0.0119168 0.00184248
33 -0.0118535 0.00153641
33.05 -0.0117881 0.00123685
33.1 -0.0117205 0.000943777
33.15 -0.0116509 0.000657153
33.2 -0.0115791 0.000376948
33.25 -0.0115051 0.000103132
33.3 -0.011429 -0.000164331
33.35 -0.0113507 -0.000425475
33.4 -0.0112703 -0.000680338
33.45 -0.0111877 -0.000928957
33.5 -0.0111029 -0.00117137
33.55 -0.011016 -0.00140762
33.6 -0.0109269 -0.00163776
33.65 -0.0108357 -0.00186181
33.7 -0.0107424 -0.00207983
33.75 -0.010647 -0.00229186
33.8 -0.0105494 -0.00249795
33.85 -0.0104497 -0.00269815
33.9 -0.010348 -0.0028925
33.95 -0.0102442 -0.00308106
34 -0.0101384 -0.00326388
34.05 -0.0100306 -0.003441
34.1 -0.00992071 -0.00361249
34.15 -0.0098089 -0.0037784
34.2 -0.00969515 -0.00393878
34.25 -0.00957948 -0.0040937
34.3 -0.00946192 -0.00424319
34.35 -0.0093425 -0.00438734
34.4 -0.00922126 -0.00452618
34.45 -0.00909823 -0.00465979
34.5 -0.00897345 -0.00478822
34.55 -0.00884694 -0.00491154
34.6 -0.00871875 -0.00502981
34.65 -0.00858892 -0.00514308
34.7 -0.00845748 -0.00525143
34.75 -0.00832448 -0.00535492
34.8 -0.00818996 -0.00545361
34.85 -0.00805396 -0.00554756
34.9 -0.00791653 -0.00563685
34.95 -0.00777771 -0.00572154
35 -0.00763755 -0.0058017
35.05 -0.00749609 -0.00587739
35.1 -0.00735338 -0.00594869
35.15 -0.00720948 -0.00601565
35.2 -0.00706444 -0.00607836
35.25 -0.00691829 -0.00613687
35.3 -0.0067711 -0.00619127
35.35 -0.00662292 -0.00624161
35.4 -0.00647379 -0.00628797
35.45 -0.00632378 -0.00633042
35.5 -0.00617293 -0.00636902
35.55 -0.00602131 -0.00640386
35.6 -0.00586896 -0.006435
35.65 -0.00571595 -0.00646251
35.7 -0.00556232 -0.00648647
35.75 -0.00540814 -0.00650694
35.8 -0.00525346 -0.00652399
35.85 -0.00509834 -0.00653771
35.9 -0.00494283 -0.00654815
35.95 -0.004787 -0.0065554
36 -0.00463089 -0.00655952
36.05 -0.00447458 -0.00656058
36.1 -0.00431811 -0.00655866
36.15 -0.00416154 -0.00655383
36.2 -0.00400494 -0.00654615
36.25 -0.00384836 -0.00653571
36.3 -0.00369186 -0.00652256
36.35 -0.0035355 -0.00650678
36.4 -0.00337933 -0.00648845
36.45 -0.00322341 -0.00646762
36.5 -0.00306781 -0.00644438
36.55 -0.00291257 -0.00641879
36.6 -0.00275776 -0.00639091
36.65 -0.00260343 -0.00636083
36.7 -0.00244964 -0.0063286
36.75 -0.00229644 -0.0062943
36.8 -0.00214389 -0.006258
36.85 -0.00199205 -0.00621975
36.9 -0.00184097 -0.00617963
36.95 -0.00169071 -0.00613771
37 -0.00154131 -0.00609405
37.05 -0.00139284 -0.00604871
37.1 -0.00124534 -0.00600176
37.15 -0.00109887 -0.00595327
37.2 -0.000953479 -0.0059033
37.25 -0.000809219 -0.00585191
37.3 -0.000666139 -0.00579916
37.35 -0.00052429 -0.00574512
37.4 -0.00038372 -0.00568985
37.45 -0.000244477 -0.00563341
37.5 -0.000106608 -0.00557586
37.55 2.98397e-05 -0.00551726
37.6 0.000164821 -0.00545767
37.65 0.000298292 -0.00539715
37.7 0.000430207 -0.00533575
37.75 0.000560524 -0.00527352
37.8 0.000689201 -0.00521054
37.85 0.000816197 -0.00514685
37.9 0.000941472 -0.0050825
37.95 0.00106499 -0.00501756
38 0.0011867 -0.00495206
38.05 0.00130658 -0.00488608
38.1 0.00142459 -0.00481964
38.15 0.00154069 -0.00475282
38.2 0.00165485 -0.00468565
38.25 0.00176704 -0.00461819
38.3 0.00187722 -0.00455048
38.35 0.00198536 -0.00448257
38.4 0.00209144 -0.00441451
38.45 0.00219543 -0.00434634
38.5 0.00229729 -0.00427811
38.55 0.00239701 -0.00420986
38.6 0.00249455 -0.00414163
38.65 0.0025899 -0.00407347
38.7 0.00268302 -0.00400542
38.75 0.00277391 -0.00393751
38.8 0.00286254 -0.00386978
38.85 0.00294888 -0.00380229
38.9 0.00303293 -0.00373505
38.95 0.00311466 -0.00366811
39 0.00319407 -0.00360151
39.05 0.00327113 -0.00353527
39.1 0.00334583 -0.00346944
39.15 0.00341816 -0.00340404
39.2 0.00348811 -0.00333911
39.25 0.00355568 -0.00327467
39.3 0.00362084 -0.00321077
39.35 0.00368361 -0.00314742
39.4 0.00374396 -0.00308466
39.45 0.00380189 -0.00302251
39.5 0.00385741 -0.002961
39.55 0.00391051 -0.00290015
39.6 0.00396119 -0.00283999
39.65 0.00400944 -0.00278055
39.7 0.00405528 -0.00272185
39.75 0.0040987 -0.0026639
39.8 0.0041397 -0.00260673
39.85 0.0041783 -0.00255036
39.9 0.00421449 -0.00249481
39.95 0.00424829 -0.00244009
40 0.00427969 -0.00238623
40.05 0.00430873 -0.00233324
40.1 0.00433539 -0.00228114
40.15 0.00435969 -0.00222994
40.2 0.00438166 -0.00217965
40.25 0.00440129 -0.00213029
40.3 0.00441861 -0.00208187
40.35 0.00443362 -0.00203441
40.4 0.00444636 -0.00198791
40.45 0.00445682 -0.00194238
40.5 0.00446505 -0.00189783
40.55 0.00447104 -0.00185428
40.6 0.00447483 -0.00181172
40.65 0.00447644 -0.00177016
40.7 0.00447588 -0.00172962
40.75 0.00447318 -0.00169009
40.8 0.00446838 -0.00165158
40.85 0.00446148 -0.0016141
40.9 0.00445252 -0.00157764
40.95 0.00444152 -0.00154221
41 0.00442851 -0.00150782
41.05 0.00441353 -0.00147445
41.1 0.00439659 -0.00144211
41.15 0.00437773 -0.00141081
41.2 0.00435699 -0.00138053
41.25 0.00433438 -0.00135128
41.3 0.00430995 -0.00132306
41.35 0.00428372 -0.00129586
41.4 0.00425574 -0.00126968
41.45 0.00422603 -0.00124451
41.5 0.00419462 -0.00122035
41.55 0.00416156 -0.00119719
41.6 0.00412688 -0.00117503
41.65 0.00409062 -0.00115386
41.7 0.00405281 -0.00113368
41.75 0.00401349 -0.00111447
41.8 0.00397269 -0.00109623
41.85 0.00393046 -0.00107894
41.9 0.00388684 -0.00106261
41.95 0.00384186 -0.00104721
42 0.00379556 -0.00103275
42.05 0.00374798 -0.0010192
42.1 0.00369916 -0.00100656
42.15 0.00364915 -0.000994817
42.2 0.00359798 -0.000983958
42.25 0.0035457 -0.000973971
42.3 0.00349233 -0.000964844
42.35 0.00343794 -0.000956563
42.4 0.00338255 -0.000949115
42.45 0.00332621 -0.000942485
42.5 0.00326896 -0.000936661
42.55 0.00321085 -0.000931628
42.6 0.00315191 -0.00092737
42.65 0.00309218 -0.000923873
42.7 0.00303171 -0.000921122
42.75 0.00297054 -0.000919101
42.8 0.00290872 -0.000917795
42.85 0.00284627 -0.000917186
42.9 0.00278326 -0.00091726
42.95 0.00271971 -0.000918
43 0.00265567 -0.000919389
43.05 0.00259118 -0.00092141
43.1 0.00252628 -0.000924046
43.15 0.00246101 -0.000927281
43.2 0.00239542 -0.000931096
43.25 0.00232955 -0.000935475
43.3 0.00226343 -0.0009404
43.35 0.0021971 -0.000945853
43.4 0.00213062 -0.000951817
43.45 0.002064 -0.000958274
43.5 0.00199731 -0.000965206
43.55 0.00193057 -0.000972595
43.6 0.00186382 -0.000980423
43.65 0.0017971 -0.000988672
43.7 0.00173045 -0.000997325
43.75 0.00166391 -0.00100636
43.8 0.00159752 -0.00101577
43.85 0.0015313 -0.00102552
43.9 0.00146531 -0.00103561
43.95 0.00139956 -0.001046
44 0.00133411 -0.0010567
44.05 0.00126898 -0.00106767
44.1 0.00120421 -0.0010789
44.15 0.00113983 -0.00109037
44.2 0.00107588 -0.00110207
44.25 0.00101238 -0.00111397
44.3 0.000949375 -0.00112607
44.35 0.000886891 -0.00113833
44.4 0.00082496 -0.00115075
44.45 0.000763612 -0.00116331
44.5 0.000702876 -0.00117599
44.55 0.000642783 -0.00118878
44.6 0.000583359 -0.00120165
44.65 0.000524634 -0.00121459
44.7 0.000466633 -0.00122759
44.75 0.000409384 -0.00124063
44.8 0.000352913 -0.00125369
44.85 0.000297243 -0.00126676
44.9 0.0002424 -0.00127983
44.95 0.000188408 -0.00129287
45 0.000135288 -0.00130587
45.05 8.30633e-05 -0.00131882
45.1 3.17554e-05 -0.0013317
45.15 -1.86153e-05 -0.00134451
45.2 -6.80287e-05 -0.00135721
45.25 -0.000116466 -0.00136981
45.3 -0.000163908 -0.00138229
45.35 -0.000210338 -0.00139462
45.4 -0.000255738 -0.00140682
45.45 -0.000300093 -0.00141884
45.5 -0.000343387 -0.0014307
45.55 -0.000385606 -0.00144237
45.6 -0.000426735 -0.00145384
45.65 -0.000466762 -0.0014651
45.7 -0.000505675 -0.00147614
45.75 -0.000543461 -0.00148695
45.8 -0.000580111 -0.00149752
45.85 -0.000615614 -0.00150784
45.9 -0.000649962 -0.00151789
45.95 -0.000683145 -0.00152767
46 -0.000715157 -0.00153717
46.05 -0.00074599 -0.00154637
46.1 -0.000775639 -0.00155528
46.15 -0.000804097 -0.00156388
46.2 -0.000831362 -0.00157216
46.25 -0.000857428 -0.00158012
46.3 -0.000882293 -0.00158774
46.35 -0.000905955 -0.00159503
46.4 -0.000928412 -0.00160197
46.45 -0.000949664 -0.00160856
46.5 -0.000969709 -0.00161479
46.55 -0.00098855 -0.00162065
46.6 -0.00100619 -0.00162615
46.65 -0.00102262 -0.00163127
46.7 -0.00103786 -0.00163601
46.75 -0.0010519 -0.00164036
46.8 -0.00106476 -0.00164433
46.85 -0.00107642 -0.0016479
46.9 -0.00108691 -0.00165108
46.95 -0.00109622 -0.00165385
47 -0.00110437 -0.00165623
47.05 -0.00111135 -0.0016582
47.1 -0.00111719 -0.00165976
47.15 -0.00112188 -0.0016609
47.2 -0.00112544 -0.00166164
47.25 -0.00112788 -0.00166197
47.3 -0.0011292 -0.00166188
47.35 -0.00112943 -0.00166137
47.4 -0.00112856 -0.00166045
47.45 -0.00112662 -0.00165912
47.5 -0.00112362 -0.00165737
47.55 -0.00111956 -0.0016552
47.6 -0.00111447 -0.00165262
47.65 -0.00110836 -0.00164962
47.7 -0.00110124 -0.00164621
47.75 -0.00109313 -0.00164239
47.8 -0.00108405 -0.00163816
47.85 -0.00107401 -0.00163353
47.9 -0.00106302 -0.00162849
47.95 -0.00105111 -0.00162304
48 -0.0010383 -0.0016172
48.05 -0.00102459 -0.00161096
48.1 -0.00101002 -0.00160432
48.15 -0.000994597 -0.0015973
48.2 -0.000978341 -0.00158989
48.25 -0.000961273 -0.0015821
48.3 -0.000943413 -0.00157393
48.35 -0.000924781 -0.00156539
48.4 -0.000905398 -0.00155648
48.45 -0.000885285 -0.0015472
48.5 -0.000864462 -0.00153757
48.55 -0.000842952 -0.00152758
48.6 -0.000820776 -0.00151725
48.65 -0.000797955 -0.00150657
48.7 -0.000774512 -0.00149556
48.75 -0.00075047 -0.00148421
48.8 -0.00072585 -0.00147255
48.85 -0.000700675 -0.00146056
48.9 -0.000674968 -0.00144826
48.95 -0.000648752 -0.00143566
49 -0.000622051 -0.00142276
49.05 -0.000594886 -0.00140957
49.1 -0.000567282 -0.00139609
49.15 -0.000539262 -0.00138234
49.2 -0.000510848 -0.00136832
49.25 -0.000482066 -0.00135404
49.3 -0.000452937 -0.0013395
49.35 -0.000423486 -0.00132472
49.4 -0.000393736 -0.0013097
49.45 -0.000363711 -0.00129444
49.5 -0.000333433 -0.00127897
49.55 -0.000302927 -0.00126328
49.6 -0.000272216 -0.00124738
49.65 -0.000241323 -0.00123129
49.7 -0.000210271 -0.001215
49.75 -0.000179084 -0.00119853
49.8 -0.000147784 -0.00118189
49.85 -0.000116395 -0.00116509
49.9 -8.49384e-05 -0.00114812
49.95 -5.3438e-05 -0.00113101
50 -2.19159e-05 -0.00111376
