-0.498 -0.000439361 -0.000148472
-0.496 -0.00176443 -0.000598549
-0.494 -0.00398488 -0.00135672
-0.492 -0.00710924 -0.00242878
-0.49 -0.0111448 -0.00381973
-0.488 -0.0160978 -0.00553377
-0.486 -0.0219728 -0.0075742
-0.484 -0.0287732 -0.00994338
-0.482 -0.0365011 -0.0126427
-0.48 -0.045157 -0.0156726
-0.478 -0.0547398 -0.0190322
-0.476 -0.065247 -0.0227198
-0.474 -0.0766744 -0.0267325
-0.472 -0.0890162 -0.0310659
-0.47 -0.102265 -0.0357148
-0.468 -0.116412 -0.0406725
-0.466 -0.131445 -0.0459311
-0.464 -0.147353 -0.0514815
-0.462 -0.164121 -0.0573132
-0.46 -0.181732 -0.0634145
-0.458 -0.20017 -0.0697722
-0.456 -0.219414 -0.076372
-0.454 -0.239442 -0.0831983
-0.452 -0.260233 -0.090234
-0.45 -0.281759 -0.0974608
-0.448 -0.303995 -0.104859
-0.446 -0.326913 -0.112409
-0.444 -0.350481 -0.120087
-0.442 -0.374668 -0.127872
-0.44 -0.399441 -0.135738
-0.438 -0.424764 -0.14366
-0.436 -0.4506 -0.151612
-0.434 -0.47691 -0.159567
-0.432 -0.503656 -0.167496
-0.43 -0.530795 -0.17537
-0.428 -0.558285 -0.18316
-0.426 -0.586081 -0.190834
-0.424 -0.614138 -0.198361
-0.422 -0.642409 -0.20571
-0.42 -0.670847 -0.212848
-0.418 -0.699402 -0.219743
-0.416 -0.728024 -0.226361
-0.414 -0.756663 -0.23267
-0.412 -0.785267 -0.238635
-0.41 -0.813782 -0.244224
-0.408 -0.842156 -0.249404
-0.406 -0.870334 -0.254142
-0.404 -0.898263 -0.258405
-0.402 -0.925886 -0.26216
-0.4 -0.953149 -0.265377
-0.398 -0.979997 -0.268023
-0.396 -1.00637 -0.27007
-0.394 -1.03222 -0.271487
-0.392 -1.05749 -0.272247
-0.39 -1.08211 -0.272321
-0.388 -1.10605 -0.271684
-0.386 -1.12923 -0.270312
-0.384 -1.15161 -0.26818
-0.382 -1.17313 -0.265266
-0.38 -1.19375 -0.261552
-0.378 -1.21339 -0.257018
-0.376 -1.23203 -0.251647
-0.374 -1.24959 -0.245424
-0.372 -1.26604 -0.238338
-0.37 -1.28133 -0.230376
-0.368 -1.2954 -0.221531
-0.366 -1.30821 -0.211795
-0.364 -1.31972 -0.201164
-0.362 -1.32989 -0.189637
-0.36 -1.33866 -0.177213
-0.358 -1.34601 -0.163895
-0.356 -1.35189 -0.149688
-0.354 -1.35627 -0.134599
-0.352 -1.35911 -0.118638
-0.35 -1.36038 -0.101818
-0.348 -1.36005 -0.0841519
-0.346 -1.35809 -0.0656576
-0.344 -1.35447 -0.046354
-0.342 -1.34917 -0.0262626
-0.34 -1.34216 -0.0054072
-0.338 -1.33343 0.0161862
-0.336 -1.32296 0.0384897
-0.334 -1.31072 0.061473
-0.332 -1.29671 0.085104
-0.33 -1.28092 0.109349
-0.328 -1.26333 0.134172
-0.326 -1.24393 0.159535
-0.324 -1.22272 0.1854
-0.322 -1.1997 0.211726
-0.32 -1.17487 0.238471
-0.318 -1.14821 0.265593
-0.316 -1.11975 0.293047
-0.314 -1.08946 0.320789
-0.312 -1.05738 0.348774
-0.31 -1.02349 0.376954
-0.308 -0.987807 0.405284
-0.306 -0.950343 0.433716
-0.304 -0.911105 0.462205
-0.302 -0.870107 0.490702
-0.3 -0.82736 0.519163
-0.298 -0.782877 0.54754
-0.296 -0.736675 0.575789
-0.294 -0.688767 0.603864
-0.292 -0.639169 0.631722
-0.29 -0.587898 0.659322
-0.288 -0.534969 0.68662
-0.286 -0.480399 0.713579
-0.284 -0.424205 0.740159
-0.282 -0.366403 0.766324
-0.28 -0.307008 0.79204
-0.278 -0.246038 0.817275
-0.276 -0.183506 0.841999
-0.274 -0.119427 0.866184
-0.272 -0.0538161 0.889804
-0.27 0.0133153 0.912838
-0.268 0.0819548 0.935266
-0.266 0.152092 0.95707
-0.264 0.223717 0.978237
-0.262 0.296822 0.998756
-0.26 0.371401 1.01862
-0.258 0.447447 1.03782
-0.256 0.524959 1.05636
-0.254 0.603933 1.07424
-0.252 0.68437 1.09146
-0.25 0.766273 1.10804
-0.248 0.849644 1.12399
-0.246 0.934489 1.13931
-0.244 1.02082 1.15404
-0.242 1.10864 1.16819
-0.24 1.19796 1.18178
-0.238 1.2888 1.19486
-0.236 1.38117 1.20744
-0.234 1.4751 1.21957
-0.232 1.5706 1.23129
-0.23 1.66769 1.24263
-0.228 1.76639 1.25364
-0.226 1.86675 1.26437
-0.224 1.96877 1.27487
-0.222 2.07249 1.2852
-0.22 2.17795 1.2954
-0.218 2.28517 1.30555
-0.216 2.3942 1.31569
-0.214 2.50506 1.3259
-0.212 2.6178 1.33624
-0.21 2.73245 1.34677
-0.208 2.84906 1.35756
-0.206 2.96767 1.36869
-0.204 3.08831 1.38023
-0.202 3.21104 1.39225
-0.2 3.3359 1.40482
-0.198 3.46292 1.41802
-0.196 3.59217 1.43193
-0.194 3.72368 1.44662
-0.192 3.8575 1.46216
-0.19 3.99368 1.47864
-0.188 4.13226 1.49613
-0.186 4.27329 1.51471
-0.184 4.41682 1.53445
-0.182 4.56288 1.55542
-0.18 4.71152 1.57771
-0.178 4.8628 1.60137
-0.176 5.01674 1.6265
-0.174 5.1734 1.65314
-0.172 5.3328 1.68138
-0.17 5.495 1.71127
-0.168 5.66003 1.74289
-0.166 5.82792 1.77629
-0.164 5.9987 1.81153
-0.162 6.17242 1.84868
-0.16 6.3491 1.88777
-0.158 6.52877 1.92887
-0.156 6.71145 1.97203
-0.154 6.89716 2.01727
-0.152 7.08594 2.06466
-0.15 7.27779 2.11422
-0.148 7.47272 2.16599
-0.146 7.67076 2.21999
-0.144 7.87191 2.27627
-0.142 8.07618 2.33483
-0.14 8.28356 2.39569
-0.138 8.49406 2.45887
-0.136 8.70767 2.52438
-0.134 8.92439 2.59222
-0.132 9.1442 2.6624
-0.13 9.36709 2.7349
-0.128 9.59303 2.80973
-0.126 9.82201 2.88686
-0.124 10.054 2.96628
-0.122 10.289 3.04796
-0.12 10.5268 3.13189
-0.118 10.7676 3.21801
-0.116 11.0113 3.30631
-0.114 11.2577 3.39674
-0.112 11.5069 3.48924
-0.11 11.7588 3.58378
-0.108 12.0132 3.68028
-0.106 12.2703 3.77869
-0.104 12.5298 3.87895
-0.102 12.7917 3.98099
-0.1 13.0559 4.08472
-0.098 13.3223 4.19007
-0.096 13.5908 4.29695
-0.094 13.8613 4.40528
-0.092 14.1337 4.51496
-0.09 14.4079 4.62589
-0.088 14.6838 4.73798
-0.086 14.9611 4.85111
-0.084 15.2399 4.96518
-0.082 15.5199 5.08007
-0.08 15.801 5.19566
-0.078 16.0831 5.31184
-0.076 16.3659 5.42847
-0.074 16.6493 5.54543
-0.072 16.9332 5.66258
-0.07 17.2173 5.7798
-0.068 17.5015 5.89694
-0.066 17.7855 6.01386
-0.064 18.0692 6.13042
-0.062 18.3523 6.24647
-0.06 18.6346 6.36187
-0.058 18.9159 6.47646
-0.056 19.196 6.5901
-0.054 19.4746 6.70263
-0.052 19.7514 6.8139
-0.05 20.0263 6.92374
-0.048 20.2989 7.03201
-0.046 20.569 7.13855
-0.044 20.8364 7.2432
-0.042 21.1006 7.3458
-0.04 21.3615 7.4462
-0.038 21.6188 7.54424
-0.036 21.8722 7.63977
-0.034 22.1213 7.73264
-0.032 22.366 7.82268
-0.03 22.6058 7.90975
-0.028 22.8405 7.99371
-0.026 23.0697 8.07441
-0.024 23.2932 8.15171
-0.022 23.5107 8.22546
-0.02 23.7218 8.29555
-0.018 23.9263 8.36182
-0.016 24.1238 8.42416
-0.014 24.314 8.48245
-0.012 24.4966 8.53658
-0.01 24.6714 8.58642
-0.008 24.838 8.63188
-0.006 24.9961 8.67286
-0.004 25.1456 8.70926
-0.002 25.286 8.74101
0 25.4171 8.76802
0.002 25.5386 8.79016
0.004 25.6504 8.80743
0.006 25.7521 8.81978
0.008 25.8436 8.82716
0.01 25.9246 8.82953
0.012 25.995 8.82687
0.014 26.0544 8.81916
0.016 26.1028 8.80638
0.018 26.14 8.78854
0.02 26.1658 8.76563
0.022 26.1801 8.73769
0.024 26.1828 8.70472
0.026 26.1738 8.66678
0.028 26.153 8.62389
0.03 26.1202 8.57612
0.032 26.0755 8.52353
0.034 26.0189 8.46619
0.036 25.9502 8.40418
0.038 25.8695 8.33759
0.04 25.7769 8.26651
0.042 25.6723 8.19106
0.044 25.5557 8.11134
0.046 25.4274 8.02747
0.048 25.2873 7.93959
0.05 25.1355 7.84782
0.052 24.9722 7.75231
0.054 24.7974 7.65322
0.056 24.6114 7.55068
0.058 24.4144 7.44487
0.06 24.2064 7.33593
0.062 23.9877 7.22406
0.064 23.7585 7.10941
0.066 23.519 6.99216
0.068 23.2695 6.87249
0.07 23.0102 6.75059
0.072 22.7414 6.62663
0.074 22.4633 6.50081
0.076 22.1763 6.37332
0.078 21.8806 6.24433
0.08 21.5765 6.11404
0.082 21.2644 5.98264
0.084 20.9445 5.85031
0.086 20.6173 5.71725
0.088 20.283 5.58363
0.09 19.942 5.44964
0.092 19.5946 5.31546
0.094 19.2413 5.18127
0.096 18.8823 5.04724
0.098 18.518 4.91354
0.1 18.1488 4.78034
0.102 17.7751 4.64781
0.104 17.3972 4.51609
0.106 17.0155 4.38536
0.108 16.6305 4.25574
0.11 16.2423 4.12739
0.112 15.8515 4.00044
0.114 15.4584 3.87502
0.116 15.0634 3.75126
0.118 14.6669 3.62927
0.12 14.2691 3.50917
0.122 13.8706 3.39107
0.124 13.4715 3.27505
0.126 13.0724 3.16122
0.128 12.6735 3.04965
0.13 12.2752 2.94043
0.132 11.8779 2.83363
0.134 11.4818 2.72931
0.136 11.0873 2.62752
0.138 10.6948 2.52832
0.14 10.3045 2.43175
0.142 9.91678 2.33785
0.144 9.53191 2.24664
0.146 9.15018 2.15816
0.148 8.7719 2.0724
0.15 8.39733 1.98939
0.152 8.02675 1.90913
0.154 7.66042 1.83161
0.156 7.2986 1.75683
0.158 6.94151 1.68477
0.16 6.5894 1.61542
0.162 6.2425 1.54874
0.164 5.90101 1.48471
0.166 5.56514 1.4233
0.168 5.23508 1.36446
0.17 4.91102 1.30814
0.172 4.59313 1.25431
0.174 4.28158 1.2029
0.176 3.97651 1.15386
0.178 3.67808 1.10714
0.18 3.38641 1.06267
0.182 3.10162 1.02038
0.184 2.82382 0.980208
0.186 2.55312 0.942082
0.188 2.2896 0.905928
0.19 2.03335 0.871673
0.192 1.78442 0.839241
0.194 1.54288 0.808553
0.196 1.30878 0.779533
0.198 1.08214 0.7521
0.2 0.863008 0.726174
0.202 0.651384 0.701676
0.204 0.44728 0.678525
0.206 0.25069 0.65664
0.208 0.0616006 0.635943
0.21 -0.120011 0.616353
0.212 -0.294179 0.597792
0.214 -0.460946 0.580184
0.216 -0.620362 0.563451
0.218 -0.77249 0.547518
0.22 -0.917396 0.532312
0.222 -1.05516 0.517761
0.224 -1.18587 0.503796
0.226 -1.30961 0.490349
0.228 -1.42649 0.477354
0.23 -1.53662 0.464747
0.232 -1.6401 0.452468
0.234 -1.73708 0.440457
0.236 -1.82766 0.428661
0.238 -1.91199 0.417024
0.24 -1.9902 0.405497
0.242 -2.06244 0.394033
0.244 -2.12887 0.382587
0.246 -2.18963 0.371117
0.248 -2.24489 0.359585
0.25 -2.2948 0.347956
0.252 -2.33953 0.336197
0.254 -2.37926 0.324279
0.256 -2.41414 0.312175
0.258 -2.44436 0.299864
0.26 -2.4701 0.287324
0.262 -2.49152 0.274539
0.264 -2.5088 0.261495
0.266 -2.52213 0.248181
0.268 -2.53167 0.23459
0.27 -2.53762 0.220715
0.272 -2.54014 0.206556
0.274 -2.53941 0.192111
0.276 -2.53561 0.177385
0.278 -2.52891 0.162384
0.28 -2.51948 0.147115
0.282 -2.50749 0.131589
0.284 -2.4931 0.11582
0.286 -2.47648 0.099821
0.288 -2.45779 0.083611
0.29 -2.43718 0.0672085
0.292 -2.41481 0.0506346
0.294 -2.39082 0.0339119
0.296 -2.36536 0.0170647
0.298 -2.33857 0.000118806
0.3 -2.31057 -0.0168988
0.302 -2.28151 -0.0339599
0.304 -2.2515 -0.0510353
0.306 -2.22066 -0.0680948
0.308 -2.18911 -0.0851074
0.31 -2.15696 -0.102042
0.312 -2.1243 -0.118865
0.314 -2.09124 -0.135546
0.316 -2.05787 -0.152052
0.318 -2.02427 -0.168349
0.32 -1.99052 -0.184406
0.322 -1.95669 -0.20019
0.324 -1.92287 -0.215668
0.326 -1.8891 -0.23081
0.328 -1.85545 -0.245584
0.33 -1.82197 -0.25996
0.332 -1.78871 -0.273908
0.334 -1.75571 -0.2874
0.336 -1.723 -0.300408
0.338 -1.69062 -0.312906
0.34 -1.6586 -0.324868
0.342 -1.62695 -0.336271
0.344 -1.59571 -0.347092
0.346 -1.56487 -0.357311
0.348 -1.53446 -0.366908
0.35 -1.50448 -0.375865
0.352 -1.47493 -0.384166
0.354 -1.44581 -0.391797
0.356 -1.41712 -0.398745
0.358 -1.38885 -0.405001
0.36 -1.361 -0.410555
0.362 -1.33355 -0.4154
0.364 -1.30649 -0.419533
0.366 -1.2798 -0.422949
0.368 -1.25348 -0.425647
0.37 -1.22749 -0.42763
0.372 -1.20183 -0.4289
0.374 -1.17646 -0.429461
0.376 -1.15138 -0.429322
0.378 -1.12656 -0.428489
0.38 -1.10198 -0.426975
0.382 -1.07761 -0.424791
0.384 -1.05344 -0.421952
0.386 -1.02944 -0.418473
0.388 -1.0056 -0.414372
0.39 -0.98189 -0.409668
0.392 -0.958299 -0.404383
0.394 -0.934807 -0.398537
0.396 -0.911397 -0.392154
0.398 -0.888055 -0.38526
0.4 -0.864766 -0.377879
0.402 -0.84152 -0.37004
0.404 -0.818306 -0.361769
0.406 -0.795115 -0.353097
0.408 -0.771942 -0.344052
0.41 -0.748781 -0.334665
0.412 -0.72563 -0.324968
0.414 -0.702489 -0.31499
0.416 -0.67936 -0.304766
0.418 -0.656245 -0.294325
0.42 -0.633152 -0.283702
0.422 -0.610088 -0.272928
0.424 -0.587063 -0.262035
0.426 -0.56409 -0.251055
0.428 -0.541183 -0.240021
0.43 -0.518359 -0.228964
0.432 -0.495636 -0.217914
0.434 -0.473034 -0.206903
0.436 -0.450577 -0.195959
0.438 -0.428287 -0.185112
0.44 -0.406192 -0.174391
0.442 -0.384317 -0.163821
0.444 -0.362694 -0.15343
0.446 -0.34135 -0.143243
0.448 -0.32032 -0.133283
0.45 -0.299635 -0.123573
0.452 -0.27933 -0.114135
0.454 -0.259439 -0.10499
0.456 -0.239999 -0.0961545
0.458 -0.221046 -0.0876476
0.46 -0.202618 -0.0794849
0.462 -0.184751 -0.0716808
0.464 -0.167483 -0.0642483
0.466 -0.150853 -0.0571989
0.468 -0.134898 -0.0505427
0.47 -0.119656 -0.044288
0.472 -0.105164 -0.0384419
0.474 -0.0914601 -0.0330097
0.476 -0.0785795 -0.0279955
0.478 -0.0665582 -0.0234017
0.48 -0.0554306 -0.0192296
0.482 -0.0452304 -0.0154787
0.484 -0.03599 -0.0121474
0.486 -0.0277404 -0.00923274
0.488 -0.0205111 -0.00673054
0.49 -0.0143302 -0.00463538
0.492 -0.0092238 -0.00294069
0.494 -0.00521628 -0.00163889
0.496 -0.00233 -0.000721336
0.498 -0.000585222 -0.000178504
0.05 11.1727 3.92556
0.1 11.1728 3.92547
0.15 11.1729 3.92532
0.2 11.1731 3.92512
0.25 11.1733 3.92486
0.3 11.1735 3.92454
0.35 11.1738 3.92416
0.4 11.1742 3.92372
0.45 11.1746 3.92322
0.5 11.175 3.92267
0.55 11.1755 3.92205
0.6 11.1761 3.92138
0.65 11.1766 3.92065
0.7 11.1773 3.91986
0.75 11.1779 3.91901
0.8 11.1786 3.9181
0.85 11.1793 3.91713
0.9 11.1801 3.9161
0.95 11.1809 3.91501
1 11.1818 3.91386
1.05 11.1826 3.91265
1.1 11.1835 3.91138
1.15 11.1845 3.91005
1.2 11.1854 3.90866
1.25 11.1864 3.9072
1.3 11.1874 3.90569
1.35 11.1884 3.90411
1.4 11.1895 3.90247
1.45 11.1906 3.90077
1.5 11.1917 3.89901
1.55 11.1927 3.89719
1.6 11.1939 3.8953
1.65 11.195 3.89335
1.7 11.1961 3.89133
1.75 11.1972 3.88925
1.8 11.1984 3.88711
1.85 11.1995 3.8849
1.9 11.2006 3.88263
1.95 11.2017 3.88029
2 11.2028 3.87789
2.05 11.2039 3.87542
2.1 11.205 3.87288
2.15 11.2061 3.87028
2.2 11.2071 3.86761
2.25 11.2081 3.86488
2.3 11.2091 3.86207
2.35 11.2101 3.8592
2.4 11.211 3.85626
2.45 11.2119 3.85326
2.5 11.2127 3.85018
2.55 11.2136 3.84703
2.6 11.2143 3.84382
2.65 11.215 3.84053
2.7 11.2157 3.83717
2.75 11.2163 3.83374
2.8 11.2168 3.83024
2.85 11.2173 3.82667
2.9 11.2177 3.82303
2.95 11.218 3.81931
3 11.2183 3.81552
3.05 11.2185 3.81166
3.1 11.2186 3.80772
3.15 11.2186 3.80371
3.2 11.2185 3.79963
3.25 11.2184 3.79547
3.3 11.2181 3.79124
3.35 11.2177 3.78692
3.4 11.2172 3.78254
3.45 11.2167 3.77808
3.5 11.216 3.77354
3.55 11.2151 3.76892
3.6 11.2142 3.76423
3.65 11.2132 3.75945
3.7 11.212 3.7546
3.75 11.2106 3.74967
3.8 11.2092 3.74467
3.85 11.2076 3.73958
3.9 11.2058 3.73441
3.95 11.2039 3.72917
4 11.2019 3.72384
4.05 11.1997 3.71843
4.1 11.1973 3.71295
4.15 11.1948 3.70738
4.2 11.1921 3.70173
4.25 11.1892 3.69599
4.3 11.1862 3.69018
4.35 11.1829 3.68428
4.4 11.1795 3.6783
4.45 11.1759 3.67224
4.5 11.1721 3.66609
4.55 11.1681 3.65986
4.6 11.1639 3.65355
4.65 11.1595 3.64716
4.7 11.1549 3.64068
4.75 11.1501 3.63411
4.8 11.1451 3.62746
4.85 11.1398 3.62073
4.9 11.1343 3.61391
4.95 11.1286 3.60701
5 11.1227 3.60002
5.05 11.1165 3.59295
5.1 11.1101 3.58579
5.15 11.1034 3.57855
5.2 11.0965 3.57122
5.25 11.0894 3.5638
5.3 11.082 3.5563
5.35 11.0743 3.54872
5.4 11.0664 3.54105
5.45 11.0582 3.53329
5.5 11.0498 3.52545
5.55 11.041 3.51752
5.6 11.0321 3.5095
5.65 11.0228 3.5014
5.7 11.0132 3.49322
5.75 11.0034 3.48495
5.8 10.9933 3.47659
5.85 10.9829 3.46815
5.9 10.9722 3.45962
5.95 10.9612 3.45101
6 10.9499 3.44232
6.05 10.9383 3.43354
6.1 10.9264 3.42467
6.15 10.9142 3.41572
6.2 10.9017 3.40669
6.25 10.8889 3.39757
6.3 10.8757 3.38837
6.35 10.8623 3.37908
6.4 10.8485 3.36972
6.45 10.8344 3.36027
6.5 10.82 3.35073
6.55 10.8053 3.34112
6.6 10.7902 3.33142
6.65 10.7748 3.32164
6.7 10.7591 3.31178
6.75 10.7431 3.30185
6.8 10.7267 3.29183
6.85 10.71 3.28173
6.9 10.6929 3.27155
6.95 10.6755 3.26129
7 10.6577 3.25096
7.05 10.6397 3.24054
7.1 10.6212 3.23005
7.15 10.6024 3.21949
7.2 10.5833 3.20885
7.25 10.5639 3.19813
7.3 10.544 3.18734
7.35 10.5239 3.17647
7.4 10.5033 3.16553
7.45 10.4825 3.15452
7.5 10.4612 3.14343
7.55 10.4397 3.13227
7.6 10.4177 3.12105
7.65 10.3955 3.10975
7.7 10.3728 3.09838
7.75 10.3498 3.08695
7.8 10.3265 3.07545
7.85 10.3028 3.06388
7.9 10.2787 3.05224
7.95 10.2543 3.04054
8 10.2295 3.02878
8.05 10.2044 3.01695
8.1 10.179 3.00506
8.15 10.1531 2.99311
8.2 10.1269 2.9811
8.25 10.1004 2.96903
8.3 10.0735 2.9569
8.35 10.0463 2.94471
8.4 10.0187 2.93246
8.45 9.99074 2.92016
8.5 9.96245 2.90781
8.55 9.93381 2.8954
8.6 9.90483 2.88294
8.65 9.8755 2.87043
8.7 9.84582 2.85786
8.75 9.8158 2.84525
8.8 9.78544 2.83259
8.85 9.75474 2.81988
8.9 9.72369 2.80713
8.95 9.69232 2.79433
9 9.6606 2.78149
9.05 9.62856 2.76861
9.1 9.59618 2.75568
9.15 9.56347 2.74272
9.2 9.53044 2.72971
9.25 9.49708 2.71667
9.3 9.46339 2.70359
9.35 9.42939 2.69048
9.4 9.39507 2.67734
9.45 9.36043 2.66416
9.5 9.32548 2.65095
9.55 9.29022 2.63771
9.6 9.25465 2.62444
9.65 9.21877 2.61115
9.7 9.1826 2.59783
9.75 9.14612 2.58448
9.8 9.10935 2.57111
9.85 9.07228 2.55772
9.9 9.03493 2.54431
9.95 8.99728 2.53088
10 8.95936 2.51744
10.05 8.92115 2.50397
10.1 8.88267 2.4905
10.15 8.84391 2.47701
10.2 8.80488 2.4635
10.25 8.76558 2.44999
10.3 8.72603 2.43646
10.35 8.68621 2.42293
10.4 8.64614 2.4094
10.45 8.60582 2.39585
10.5 8.56525 2.38231
10.55 8.52443 2.36876
10.6 8.48338 2.35521
10.65 8.44209 2.34166
10.7 8.40057 2.32812
10.75 8.35882 2.31457
10.8 8.31685 2.30104
10.85 8.27466 2.28751
10.9 8.23225 2.27398
10.95 8.18964 2.26047
11 8.14681 2.24697
11.05 8.10379 2.23348
11.1 8.06057 2.22
11.15 8.01716 2.20654
11.2 7.97356 2.1931
11.25 7.92978 2.17967
11.3 7.88582 2.16626
11.35 7.84168 2.15288
11.4 7.79738 2.13951
11.45 7.75291 2.12617
11.5 7.70828 2.11286
11.55 7.66349 2.09957
11.6 7.61856 2.08631
11.65 7.57348 2.07308
11.7 7.52826 2.05988
11.75 7.48291 2.04671
11.8 7.43742 2.03357
11.85 7.39181 2.02047
11.9 7.34608 2.00741
11.95 7.30024 1.99438
12 7.25428 1.98139
12.05 7.20822 1.96844
12.1 7.16206 1.95554
12.15 7.1158 1.94267
12.2 7.06945 1.92986
12.25 7.02302 1.91708
12.3 6.97651 1.90435
12.35 6.92992 1.89167
12.4 6.88326 1.87904
12.45 6.83654 1.86646
12.5 6.78976 1.85394
12.55 6.74292 1.84146
12.6 6.69604 1.82904
12.65 6.64911 1.81667
12.7 6.60214 1.80436
12.75 6.55514 1.79211
12.8 6.50811 1.77992
12.85 6.46106 1.76778
12.9 6.41399 1.75571
12.95 6.3669 1.7437
13 6.31981 1.73175
13.05 6.27271 1.71987
13.1 6.22562 1.70805
13.15 6.17853 1.6963
13.2 6.13146 1.68461
13.25 6.0844 1.67299
13.3 6.03736 1.66145
13.35 5.99035 1.64997
13.4 5.94338 1.63856
13.45 5.89644 1.62723
13.5 5.84954 1.61597
13.55 5.80269 1.60478
13.6 5.75589 1.59367
13.65 5.70915 1.58263
13.7 5.66247 1.57167
13.75 5.61585 1.56079
13.8 5.56931 1.54998
13.85 5.52284 1.53926
13.9 5.47646 1.52861
13.95 5.43015 1.51804
14 5.38394 1.50755
14.05 5.33782 1.49715
14.1 5.2918 1.48683
14.15 5.24589 1.47659
14.2 5.20008 1.46643
14.25 5.15438 1.45636
14.3 5.10881 1.44637
14.35 5.06335 1.43647
14.4 5.01801 1.42665
14.45 4.97281 1.41692
14.5 4.92774 1.40728
14.55 4.88281 1.39772
14.6 4.83802 1.38825
14.65 4.79338 1.37887
14.7 4.74889 1.36958
14.75 4.70455 1.36037
14.8 4.66037 1.35126
14.85 4.61636 1.34223
14.9 4.5725 1.3333
14.95 4.52882 1.32445
15 4.48531 1.3157
15.05 4.44198 1.30703
15.1 4.39883 1.29846
15.15 4.35587 1.28997
15.2 4.31309 1.28158
15.25 4.2705 1.27328
15.3 4.22811 1.26507
15.35 4.18591 1.25695
15.4 4.14392 1.24892
15.45 4.10213 1.24098
15.5 4.06055 1.23314
15.55 4.01918 1.22538
15.6 3.97802 1.21772
15.65 3.93708 1.21015
15.7 3.89636 1.20267
15.75 3.85586 1.19528
15.8 3.81559 1.18798
15.85 3.77554 1.18077
15.9 3.73573 1.17366
15.95 3.69614 1.16663
16 3.6568 1.1597
16.05 3.61769 1.15285
16.1 3.57882 1.14609
16.15 3.54019 1.13943
16.2 3.50181 1.13285
16.25 3.46368 1.12636
16.3 3.42579 1.11996
16.35 3.38816 1.11365
16.4 3.35078 1.10742
16.45 3.31366 1.10129
16.5 3.27679 1.09524
16.55 3.24018 1.08927
16.6 3.20383 1.0834
16.65 3.16774 1.0776
16.7 3.13192 1.0719
16.75 3.09636 1.06627
16.8 3.06107 1.06073
16.85 3.02605 1.05528
16.9 2.9913 1.0499
16.95 2.95682 1.04461
17 2.92261 1.0394
17.05 2.88867 1.03427
17.1 2.85501 1.02923
17.15 2.82162 1.02426
17.2 2.78851 1.01937
17.25 2.75567 1.01455
17.3 2.72311 1.00982
17.35 2.69083 1.00516
17.4 2.65883 1.00058
17.45 2.62711 0.996067
17.5 2.59567 0.991633
17.55 2.56451 0.987273
17.6 2.53363 0.982984
17.65 2.50304 0.978768
17.7 2.47272 0.974622
17.75 2.44269 0.970547
17.8 2.41294 0.96654
17.85 2.38347 0.962601
17.9 2.35428 0.95873
17.95 2.32537 0.954925
18 2.29675 0.951186
18.05 2.26841 0.94751
18.1 2.24035 0.943899
18.15 2.21257 0.940349
18.2 2.18507 0.936861
18.25 2.15785 0.933434
18.3 2.13092 0.930066
18.35 2.10426 0.926757
18.4 2.07788 0.923505
18.45 2.05179 0.92031
18.5 2.02597 0.91717
18.55 2.00042 0.914084
18.6 1.97516 0.911051
18.65 1.95016 0.908071
18.7 1.92545 0.905142
18.75 1.90101 0.902262
18.8 1.87684 0.899432
18.85 1.85294 0.89665
18.9 1.82931 0.893914
18.95 1.80596 0.891224
19 1.78287 0.888579
19.05 1.76005 0.885977
19.1 1.7375 0.883417
19.15 1.71521 0.880899
19.2 1.69318 0.87842
19.25 1.67142 0.875981
19.3 1.64992 0.873579
19.35 1.62868 0.871214
19.4 1.60769 0.868885
19.45 1.58697 0.86659
19.5 1.56649 0.864328
19.55 1.54627 0.862099
19.6 1.5263 0.8599
19.65 1.50659 0.857732
19.7 1.48712 0.855592
19.75 1.46789 0.853479
19.8 1.44891 0.851394
19.85 1.43018 0.849333
19.9 1.41168 0.847297
19.95 1.39343 0.845284
20 1.37541 0.843293
20.05 1.35763 0.841323
20.1 1.34008 0.839373
20.15 1.32276 0.837441
20.2 1.30567 0.835527
20.25 1.28881 0.833629
20.3 1.27217 0.831746
20.35 1.25576 0.829878
20.4 1.23957 0.828023
20.45 1.2236 0.826181
20.5 1.20784 0.824349
20.55 1.1923 0.822527
20.6 1.17698 0.820714
20.65 1.16186 0.818909
20.7 1.14695 0.817111
20.75 1.13225 0.815319
20.8 1.11775 0.813531
20.85 1.10345 0.811747
20.9 1.08935 0.809966
20.95 1.07545 0.808187
21 1.06174 0.806408
21.05 1.04823 0.80463
21.1 1.0349 0.80285
21.15 1.02177 0.801068
21.2 1.00882 0.799283
21.25 0.996047 0.797494
21.3 0.98346 0.7957
21.35 0.971052 0.7939
21.4 0.958819 0.792094
21.45 0.946761 0.79028
21.5 0.934873 0.788458
21.55 0.923155 0.786626
21.6 0.911604 0.784784
21.65 0.900217 0.782932
21.7 0.888993 0.781067
21.75 0.877928 0.77919
21.8 0.86702 0.777299
21.85 0.856268 0.775395
21.9 0.845668 0.773475
21.95 0.835219 0.77154
22 0.824918 0.769588
22.05 0.814763 0.767619
22.1 0.804751 0.765633
22.15 0.79488 0.763628
22.2 0.785149 0.761604
22.25 0.775554 0.75956
22.3 0.766093 0.757495
22.35 0.756765 0.75541
22.4 0.747567 0.753303
22.45 0.738496 0.751173
22.5 0.729551 0.749021
22.55 0.720729 0.746846
22.6 0.712028 0.744646
22.65 0.703445 0.742422
22.7 0.69498 0.740174
22.75 0.686629 0.737899
22.8 0.678391 0.735599
22.85 0.670263 0.733273
22.9 0.662243 0.73092
22.95 0.65433 0.728539
23 0.64652 0.726131
23.05 0.638813 0.723695
23.1 0.631205 0.721231
23.15 0.623696 0.718738
23.2 0.616283 0.716216
23.25 0.608964 0.713665
23.3 0.601737 0.711084
23.35 0.594601 0.708473
23.4 0.587553 0.705832
23.45 0.580591 0.703161
23.5 0.573715 0.700459
23.55 0.566921 0.697726
23.6 0.560208 0.694962
23.65 0.553574 0.692167
23.7 0.547018 0.68934
23.75 0.540538 0.686483
23.8 0.534132 0.683593
23.85 0.527799 0.680672
23.9 0.521536 0.677719
23.95 0.515342 0.674735
24 0.509216 0.671718
24.05 0.503156 0.668669
24.1 0.497161 0.665589
24.15 0.491229 0.662477
24.2 0.485358 0.659332
24.25 0.479547 0.656156
24.3 0.473795 0.652948
24.35 0.468099 0.649708
24.4 0.46246 0.646437
24.45 0.456875 0.643134
24.5 0.451344 0.6398
24.55 0.445864 0.636434
24.6 0.440434 0.633037
24.65 0.435054 0.629609
24.7 0.429723 0.626151
24.75 0.424438 0.622661
24.8 0.419198 0.619142
24.85 0.414004 0.615592
24.9 0.408853 0.612012
24.95 0.403745 0.608403
25 0.398677 0.604764
25.05 0.393651 0.601096
25.1 0.388664 0.597399
25.15 0.383715 0.593674
25.2 0.378804 0.58992
25.25 0.373929 0.586139
25.3 0.36909 0.58233
25.35 0.364286 0.578495
25.4 0.359516 0.574632
25.45 0.354779 0.570743
25.5 0.350075 0.566829
25.55 0.345403 0.562888
25.6 0.340762 0.558923
25.65 0.336151 0.554933
25.7 0.331569 0.550919
25.75 0.327017 0.546881
25.8 0.322493 0.54282
25.85 0.317997 0.538737
25.9 0.313529 0.534631
25.95 0.309087 0.530503
26 0.304671 0.526354
26.05 0.300282 0.522185
26.1 0.295917 0.517995
26.15 0.291577 0.513786
26.2 0.287262 0.509558
26.25 0.282971 0.505311
26.3 0.278704 0.501046
26.35 0.27446 0.496765
26.4 0.270238 0.492466
26.45 0.26604 0.488151
26.5 0.261864 0.483821
26.55 0.257711 0.479476
26.6 0.253579 0.475117
26.65 0.249469 0.470744
26.7 0.245381 0.466358
26.75 0.241314 0.46196
26.8 0.237268 0.45755
26.85 0.233244 0.453128
26.9 0.22924 0.448697
26.95 0.225258 0.444256
27 0.221296 0.439805
27.05 0.217355 0.435346
27.1 0.213434 0.43088
27.15 0.209535 0.426406
27.2 0.205656 0.421926
27.25 0.201797 0.417441
27.3 0.19796 0.41295
27.35 0.194143 0.408455
27.4 0.190347 0.403956
27.45 0.186572 0.399454
27.5 0.182818 0.394951
27.55 0.179085 0.390445
27.6 0.175373 0.385939
27.65 0.171683 0.381432
27.7 0.168014 0.376926
27.75 0.164366 0.372422
27.8 0.16074 0.367919
27.85 0.157137 0.363419
27.9 0.153555 0.358922
27.95 0.149995 0.354429
28 0.146459 0.349941
28.05 0.142944 0.345459
28.1 0.139453 0.340982
28.15 0.135985 0.336512
28.2 0.13254 0.33205
28.25 0.129119 0.327596
28.3 0.125722 0.323151
28.35 0.122349 0.318716
28.4 0.119 0.31429
28.45 0.115676 0.309876
28.5 0.112377 0.305473
28.55 0.109103 0.301083
28.6 0.105855 0.296705
28.65 0.102633 0.292341
28.7 0.0994364 0.287991
28.75 0.0962665 0.283656
28.8 0.0931233 0.279336
28.85 0.0900071 0.275033
28.9 0.0869182 0.270747
28.95 0.083857 0.266477
29 0.0808237 0.262226
29.05 0.0778187 0.257994
29.1 0.0748422 0.253781
29.15 0.0718946 0.249588
29.2 0.0689761 0.245415
29.25 0.0660872 0.241263
29.3 0.063228 0.237133
29.35 0.0603989 0.233025
29.4 0.0576003 0.22894
29.45 0.0548324 0.224878
29.5 0.0520955 0.22084
29.55 0.0493899 0.216827
29.6 0.0467159 0.212838
29.65 0.0440738 0.208875
29.7 0.041464 0.204938
29.75 0.0388866 0.201028
29.8 0.036342 0.197144
29.85 0.0338304 0.193288
29.9 0.0313521 0.189461
29.95 0.0289075 0.185661
30 0.0264966 0.181891
30.05 0.0241199 0.178149
30.1 0.0217775 0.174438
30.15 0.0194697 0.170757
30.2 0.0171967 0.167107
30.25 0.0149588 0.163488
30.3 0.0127562 0.1599
30.35 0.010589 0.156344
30.4 0.00845759 0.152821
30.45 0.00636205 0.14933
30.5 0.00430262 0.145872
30.55 0.00227946 0.142448
30.6 0.000292764 0.139057
30.65 -0.00165731 0.1357
30.7 -0.0035706 0.132378
30.75 -0.00544697 0.12909
30.8 -0.00728625 0.125838
30.85 -0.00908834 0.12262
30.9 -0.0108531 0.119439
30.95 -0.0125804 0.116293
31 -0.0142702 0.113183
31.05 -0.0159224 0.110109
31.1 -0.0175368 0.107072
31.15 -0.0191135 0.104072
31.2 -0.0206523 0.101108
31.25 -0.0221532 0.0981821
31.3 -0.0236162 0.0952932
31.35 -0.0250411 0.092442
31.4 -0.0264282 0.0896284
31.45 -0.0277772 0.0868526
31.5 -0.0290882 0.0841149
31.55 -0.0303612 0.0814152
31.6 -0.0315963 0.0787538
31.65 -0.0327934 0.0761308
31.7 -0.0339526 0.0735462
31.75 -0.0350741 0.0710002
31.8 -0.0361577 0.0684927
31.85 -0.0372037 0.066024
31.9 -0.0382121 0.0635939
31.95 -0.039183 0.0612027
32 -0.0401165 0.0588502
32.05 -0.0410127 0.0565366
32.1 -0.0418719 0.0542617
32.15 -0.042694 0.0520257
32.2 -0.0434793 0.0498286
32.25 -0.044228 0.0476702
32.3 -0.0449402 0.0455506
32.35 -0.045616 0.0434697
32.4 -0.0462558 0.0414274
32.45 -0.0468597 0.0394238
32.5 -0.047428 0.0374587
32.55 -0.0479608 0.035532
32.6 -0.0484584 0.0336437
32.65 -0.048921 0.0317936
32.7 -0.049349 0.0299816
32.75 -0.0497425 0.0282076
32.8 -0.050102 0.0264715
32.85 -0.0504276 0.0247731
32.9 -0.0507196 0.0231123
32.95 -0.0509784 0.0214889
33 -0.0512044 0.0199028
33.05 -0.0513977 0.0183537
33.1 -0.0515588 0.0168414
33.15 -0.051688 0.0153659
33.2 -0.0517857 0.0139268
33.25 -0.0518522 0.0125239
33.3 -0.0518879 0.0111571
33.35 -0.0518932 0.00982604
33.4 -0.0518685 0.00853056
33.45 -0.0518142 0.00727039
33.5 -0.0517307 0.00604527
33.55 -0.0516183 0.00485494
33.6 -0.0514776 0.00369913
33.65 -0.051309 0.00257755
33.7 -0.0511128 0.00148993
33.75 -0.0508896 0.000435978
33.8 -0.0506398 -0.000584612
33.85 -0.0503638 -0.00157214
33.9 -0.0500621 -0.00252693
33.95 -0.0497352 -0.00344929
34 -0.0493836 -0.00433954
34.05 -0.0490077 -0.00519802
34.1 -0.048608 -0.00602507
34.15 -0.0481851 -0.00682102
34.2 -0.0477393 -0.00758623
34.25 -0.0472713 -0.00832105
34.3 -0.0467815 -0.00902583
34.35 -0.0462704 -0.00970095
34.4 -0.0457386 -0.0103468
34.45 -0.0451866 -0.0109636
34.5 -0.0446148 -0.011552
34.55 -0.0440239 -0.0121121
34.6 -0.0434143 -0.0126445
34.65 -0.0427866 -0.0131495
34.7 -0.0421414 -0.0136275
34.75 -0.0414791 -0.0140789
34.8 -0.0408002 -0.0145041
34.85 -0.0401055 -0.0149035
34.9 -0.0393953 -0.0152775
34.95 -0.0386702 -0.0156266
35 -0.0379308 -0.0159511
35.05 -0.0371776 -0.0162514
35.1 -0.0364112 -0.016528
35.15 -0.0356322 -0.0167813
35.2 -0.0348409 -0.0170117
35.25 -0.0340382 -0.0172197
35.3 -0.0332243 -0.0174056
35.35 -0.0324 -0.0175699
35.4 -0.0315658 -0.017713
35.45 -0.0307222 -0.0178354
35.5 -0.0298698 -0.0179375
35.55 -0.029009 -0.0180197
35.6 -0.0281405 -0.0180824
35.65 -0.0272648 -0.0181261
35.7 -0.0263825 -0.0181512
35.75 -0.025494 -0.0181582
35.8 -0.0245999 -0.0181475
35.85 -0.0237008 -0.0181195
35.9 -0.0227971 -0.0180746
35.95 -0.0218894 -0.0180133
36 -0.0209782 -0.0179361
36.05 -0.0200641 -0.0178433
36.1 -0.0191476 -0.0177353
36.15 -0.0182291 -0.0176127
36.2 -0.0173091 -0.0174758
36.25 -0.0163883 -0.0173251
36.3 -0.015467 -0.017161
36.35 -0.0145458 -0.0169839
36.4 -0.0136252 -0.0167942
36.45 -0.0127056 -0.0165924
36.5 -0.0117876 -0.0163788
36.55 -0.0108715 -0.016154
36.6 -0.00995791 -0.0159182
36.65 -0.00904725 -0.015672
36.7 -0.00813998 -0.0154157
36.75 -0.00723654 -0.0151497
36.8 -0.00633737 -0.0148745
36.85 -0.00544293 -0.0145903
36.9 -0.00455362 -0.0142978
36.95 -0.00366989 -0.0139971
37 -0.00279215 -0.0136887
37.05 -0.0019208 -0.0133731
37.1 -0.00105625 -0.0130505
37.15 -0.000198893 -0.0127214
37.2 0.000650883 -0.0123861
37.25 0.0014927 -0.0120451
37.3 0.00232618 -0.0116986
37.35 0.00315096 -0.011347
37.4 0.0039667 -0.0109907
37.45 0.00477303 -0.0106301
37.5 0.00556961 -0.0102655
37.55 0.00635613 -0.00989722
37.6 0.00713224 -0.00952564
37.65 0.00789765 -0.00915108
37.7 0.00865203 -0.00877387
37.75 0.0093951 -0.00839435
37.8 0.0101266 -0.00801283
37.85 0.0108461 -0.00762963
37.9 0.0115536 -0.00724507
37.95 0.0122486 -0.00685944
38 0.0129309 -0.00647306
38.05 0.0136003 -0.00608621
38.1 0.0142565 -0.0056992
38.15 0.0148994 -0.00531229
38.2 0.0155287 -0.00492578
38.25 0.0161442 -0.00453995
38.3 0.0167456 -0.00415505
38.35 0.0173329 -0.00377135
38.4 0.0179058 -0.00338911
38.45 0.0184641 -0.00300859
38.5 0.0190077 -0.00263003
38.55 0.0195365 -0.00225367
38.6 0.0200503 -0.00187975
38.65 0.0205489 -0.0015085
38.7 0.0210322 -0.00114013
38.75 0.0215002 -0.000774879
38.8 0.0219527 -0.000412948
38.85 0.0223896 -5.4545e-05
38.9 0.0228108 0.000300129
38.95 0.0232163 0.000650878
39 0.0236059 0.000997514
39.05 0.0239797 0.00133985
39.1 0.0243375 0.00167772
39.15 0.0246794 0.00201094
39.2 0.0250052 0.00233935
39.25 0.025315 0.00266279
39.3 0.0256088 0.0029811
39.35 0.0258864 0.00329415
39.4 0.026148 0.00360177
39.45 0.0263936 0.00390385
39.5 0.0266231 0.00420025
39.55 0.0268367 0.00449083
39.6 0.0270342 0.0047755
39.65 0.0272158 0.00505412
39.7 0.0273815 0.0053266
39.75 0.0275315 0.00559283
39.8 0.0276656 0.00585271
39.85 0.0277841 0.00610616
39.9 0.027887 0.00635309
39.95 0.0279744 0.00659341
40 0.0280464 0.00682706
40.05 0.028103 0.00705397
40.1 0.0281445 0.00727407
40.15 0.028171 0.00748731
40.2 0.0281824 0.00769363
40.25 0.0281791 0.00789298
40.3 0.0281611 0.00808533
40.35 0.0281286 0.00827063
40.4 0.0280817 0.00844886
40.45 0.0280207 0.00861998
40.5 0.0279456 0.00878397
40.55 0.0278566 0.00894083
40.6 0.0277539 0.00909053
40.65 0.0276378 0.00923306
40.7 0.0275083 0.00936843
40.75 0.0273657 0.00949664
40.8 0.0272102 0.00961769
40.85 0.027042 0.0097316
40.9 0.0268613 0.00983837
40.95 0.0266684 0.00993803
41 0.0264634 0.0100306
41.05 0.0262465 0.0101161
41.1 0.0260181 0.0101946
41.15 0.0257783 0.0102661
41.2 0.0255273 0.0103307
41.25 0.0252655 0.0103883
41.3 0.0249931 0.0104391
41.35 0.0247102 0.0104831
41.4 0.0244173 0.0105203
41.45 0.0241145 0.0105509
41.5 0.023802 0.0105748
41.55 0.0234802 0.0105921
41.6 0.0231494 0.010603
41.65 0.0228097 0.0106074
41.7 0.0224615 0.0106055
41.75 0.022105 0.0105973
41.8 0.0217405 0.010583
41.85 0.0213683 0.0105625
41.9 0.0209887 0.010536
41.95 0.020602 0.0105036
42 0.0202083 0.0104654
42.05 0.0198081 0.0104214
42.1 0.0194016 0.0103718
42.15 0.0189891 0.0103167
42.2 0.0185708 0.0102561
42.25 0.0181471 0.0101902
42.3 0.0177183 0.010119
42.35 0.0172846 0.0100428
42.4 0.0168464 0.0099615
42.45 0.0164038 0.00987534
42.5 0.0159573 0.00978439
42.55 0.0155071 0.00968877
42.6 0.0150534 0.0095886
42.65 0.0145967 0.009484
42.7 0.014137 0.00937508
42.75 0.0136749 0.00926197
42.8 0.0132104 0.00914479
42.85 0.012744 0.00902366
42.9 0.0122759 0.0088987
42.95 0.0118063 0.00877005
43 0.0113357 0.00863782
43.05 0.0108641 0.00850215
43.1 0.0103919 0.00836315
43.15 0.00991948 0.00822096
43.2 0.00944697 0.00807571
43.25 0.00897467 0.00792751
43.3 0.00850287 0.00777651
43.35 0.00803182 0.00762283
43.4 0.00756179 0.0074666
43.45 0.00709302 0.00730795
43.5 0.00662578 0.00714701
43.55 0.00616032 0.0069839
43.6 0.0056969 0.00681876
43.65 0.00523574 0.00665172
43.7 0.0047771 0.00648289
43.75 0.00432122 0.00631242
43.8 0.00386832 0.00614043
43.85 0.00341865 0.00596704
43.9 0.00297243 0.00579238
43.95 0.00252988 0.00561658
44 0.00209122 0.00543976
44.05 0.00165668 0.00526204
44.1 0.00122645 0.00508356
44.15 0.000800748 0.00490442
44.2 0.000379777 0.00472476
44.25 -3.62654e-05 0.00454469
44.3 -0.000447186 0.00436433
44.35 -0.000852795 0.0041838
44.4 -0.00125291 0.00400321
44.45 -0.00164735 0.00382269
44.5 -0.00203593 0.00364234
44.55 -0.0024185 0.00346227
44.6 -0.00279488 0.00328261
44.65 -0.00316492 0.00310345
44.7 -0.00352845 0.00292491
44.75 -0.00388533 0.00274709
44.8 -0.00423541 0.0025701
44.85 -0.00457856 0.00239404
44.9 -0.00491463 0.002219
44.95 -0.0052435 0.0020451
45 -0.00556505 0.00187243
45.05 -0.00587915 0.00170107
45.1 -0.00618569 0.00153114
45.15 -0.00648456 0.00136271
45.2 -0.00677567 0.00119589
45.25 -0.0070589 0.00103075
45.3 -0.00733418 0.000867379
45.35 -0.0076014 0.000705867
45.4 -0.0078605 0.000546293
45.45 -0.00811139 0.000388737
45.5 -0.00835401 0.000233275
45.55 -0.00858828 7.99836e-05
45.6 -0.00881415 -7.10653e-05
45.65 -0.00903157 -0.000219801
45.7 -0.00924048 -0.000366154
45.75 -0.00944084 -0.000510059
45.8 -0.00963261 -0.000651451
45.85 -0.00981577 -0.00079027
45.9 -0.00999027 -0.000926454
45.95 -0.0101561 -0.00105995
46 -0.0103132 -0.0011907
46.05 -0.0104617 -0.00131865
46.1 -0.0106014 -0.00144375
46.15 -0.0107324 -0.00156596
46.2 -0.0108548 -0.00168523
46.25 -0.0109684 -0.00180151
46.3 -0.0110733 -0.00191477
46.35 -0.0111696 -0.00202497
46.4 -0.0112572 -0.00213206
46.45 -0.0113362 -0.00223603
46.5 -0.0114066 -0.00233683
46.55 -0.0114685 -0.00243444
46.6 -0.0115219 -0.00252883
46.65 -0.0115668 -0.00261997
46.7 -0.0116033 -0.00270785
46.75 -0.0116315 -0.00279244
46.8 -0.0116514 -0.00287374
46.85 -0.011663 -0.00295171
46.9 -0.0116666 -0.00302635
46.95 -0.011662 -0.00309766
47 -0.0116494 -0.00316561
47.05 -0.0116289 -0.00323021
47.1 -0.0116006 -0.00329145
47.15 -0.0115645 -0.00334933
47.2 -0.0115208 -0.00340384
47.25 -0.0114696 -0.003455
47.3 -0.0114108 -0.00350281
47.35 -0.0113448 -0.00354727
47.4 -0.0112715 -0.00358839
47.45 -0.011191 -0.00362619
47.5 -0.0111036 -0.00366067
47.55 -0.0110093 -0.00369185
47.6 -0.0109081 -0.00371975
47.65 -0.0108004 -0.00374439
47.7 -0.0106861 -0.00376578
47.75 -0.0105654 -0.00378396
47.8 -0.0104385 -0.00379894
47.85 -0.0103054 -0.00381074
47.9 -0.0101664 -0.00381941
47.95 -0.0100215 -0.00382496
48 -0.00987091 -0.00382743
48.05 -0.00971477 -0.00382686
48.1 -0.00955322 -0.00382327
48.15 -0.0093864 -0.0038167
48.2 -0.00921448 -0.00380719
48.25 -0.0090376 -0.00379479
48.3 -0.00885592 -0.00377952
48.35 -0.0086696 -0.00376143
48.4 -0.00847879 -0.00374057
48.45 -0.00828365 -0.00371698
48.5 -0.00808435 -0.0036907
48.55 -0.00788104 -0.00366179
48.6 -0.0076739 -0.00363029
48.65 -0.00746308 -0.00359626
48.7 -0.00724874 -0.00355973
48.75 -0.00703106 -0.00352077
48.8 -0.0068102 -0.00347943
48.85 -0.00658633 -0.00343576
48.9 -0.00635962 -0.00338982
48.95 -0.00613023 -0.00334166
49 -0.00589833 -0.00329134
49.05 -0.0056641 -0.00323892
49.1 -0.00542769 -0.00318445
49.15 -0.00518928 -0.003128
49.2 -0.00494904 -0.00306962
49.25 -0.00470713 -0.00300938
49.3 -0.00446373 -0.00294733
49.35 -0.004219 -0.00288354
49.4 -0.00397311 -0.00281807
49.45 -0.00372622 -0.00275099
49.5 -0.0034785 -0.00268235
49.55 -0.00323012 -0.00261222
49.6 -0.00298124 -0.00254066
49.65 -0.00273202 -0.00246774
49.7 -0.00248263 -0.00239352
49.75 -0.00223322 -0.00231807
49.8 -0.00198396 -0.00224146
49.85 -0.00173501 -0.00216373
49.9 -0.00148652 -0.00208497
49.95 -0.00123864 -0.00200524
50 -0.000991542 -0.0019246
