-0.498 0.00146398 0.00322394
-0.496 0.00426984 0.0133424
-0.494 0.00601596 0.0309957
-0.492 0.00428407 0.056782
-0.49 -0.00334423 0.0912551
-0.488 -0.0192708 0.134922
-0.486 -0.0458643 0.188241
-0.484 -0.0854439 0.25162
-0.482 -0.140263 0.325413
-0.48 -0.212492 0.409922
-0.478 -0.304205 0.505395
-0.476 -0.417363 0.612023
-0.474 -0.553797 0.729941
-0.472 -0.715199 0.859229
-0.47 -0.903102 0.99991
-0.468 -1.11887 1.15195
-0.466 -1.36369 1.31527
-0.464 -1.63855 1.48972
-0.462 -1.94423 1.6751
-0.46 -2.2813 1.87118
-0.458 -2.65013 2.07765
-0.456 -3.05081 2.29417
-0.454 -3.48322 2.52036
-0.452 -3.94701 2.75577
-0.45 -4.44154 2.99995
-0.448 -4.96595 3.25237
-0.446 -5.51911 3.51249
-0.444 -6.09962 3.77974
-0.442 -6.70585 4.0535
-0.44 -7.33588 4.33316
-0.438 -7.98754 4.61806
-0.436 -8.65842 4.90753
-0.434 -9.34584 5.2009
-0.432 -10.0469 5.49746
-0.43 -10.7584 5.79654
-0.428 -11.477 6.09743
-0.426 -12.1991 6.39943
-0.424 -12.9208 6.70185
-0.422 -13.6381 7.00402
-0.42 -14.3469 7.30527
-0.418 -15.0426 7.60494
-0.416 -15.7209 7.90241
-0.414 -16.3768 8.19708
-0.412 -17.0056 8.48835
-0.41 -17.6024 8.77569
-0.408 -18.1621 9.05858
-0.406 -18.6795 9.33653
-0.404 -19.1495 9.6091
-0.402 -19.5668 9.87589
-0.4 -19.9261 10.1365
-0.398 -20.2223 10.3907
-0.396 -20.4499 10.6382
-0.394 -20.6039 10.8787
-0.392 -20.6791 11.112
-0.39 -20.6704 11.3381
-0.388 -20.573 11.5568
-0.386 -20.3818 11.7682
-0.384 -20.0924 11.9721
-0.382 -19.7002 12.1688
-0.38 -19.2008 12.3582
-0.378 -18.5903 12.5406
-0.376 -17.8647 12.7161
-0.374 -17.0204 12.885
-0.372 -16.0541 13.0477
-0.37 -14.9627 13.2043
-0.368 -13.7437 13.3553
-0.366 -12.3944 13.5012
-0.364 -10.913 13.6422
-0.362 -9.29762 13.779
-0.36 -7.54707 13.912
-0.358 -5.66039 14.0418
-0.356 -3.63704 14.1689
-0.354 -1.47692 14.2939
-0.352 0.819676 14.4174
-0.35 3.25202 14.5401
-0.348 5.81894 14.6626
-0.346 8.51884 14.7855
-0.344 11.3497 14.9096
-0.342 14.3089 15.0354
-0.34 17.3937 15.1637
-0.338 20.6007 15.2951
-0.336 23.9259 15.4303
-0.334 27.3652 15.57
-0.332 30.9139 15.7149
-0.33 34.5668 15.8656
-0.328 38.3185 16.0227
-0.326 42.163 16.187
-0.324 46.094 16.3589
-0.322 50.1047 16.5391
-0.32 54.1883 16.7283
-0.318 58.3371 16.9268
-0.316 62.5434 17.1353
-0.314 66.7993 17.3542
-0.312 71.0963 17.5839
-0.31 75.4257 17.825
-0.308 79.7787 18.0777
-0.306 84.1462 18.3425
-0.304 88.5187 18.6195
-0.302 92.8867 18.9092
-0.3 97.2406 19.2115
-0.298 101.57 19.5268
-0.296 105.866 19.855
-0.294 110.118 20.1962
-0.292 114.316 20.5504
-0.29 118.449 20.9175
-0.288 122.507 21.2973
-0.286 126.48 21.6895
-0.284 130.359 22.094
-0.282 134.132 22.5102
-0.28 137.79 22.9377
-0.278 141.323 23.376
-0.276 144.72 23.8245
-0.274 147.973 24.2825
-0.272 151.071 24.7491
-0.27 154.006 25.2235
-0.268 156.767 25.7047
-0.266 159.347 26.1918
-0.264 161.736 26.6834
-0.262 163.927 27.1785
-0.26 165.91 27.6756
-0.258 167.679 28.1734
-0.256 169.225 28.6704
-0.254 170.542 29.165
-0.252 171.623 29.6555
-0.25 172.462 30.1402
-0.248 173.052 30.6173
-0.246 173.388 31.0848
-0.244 173.465 31.5409
-0.242 173.277 31.9834
-0.24 172.822 32.4102
-0.238 172.095 32.8194
-0.236 171.093 33.2085
-0.234 169.812 33.5754
-0.232 168.252 33.9179
-0.23 166.409 34.2336
-0.228 164.283 34.5202
-0.226 161.872 34.7753
-0.224 159.177 34.9968
-0.222 156.199 35.1822
-0.22 152.936 35.3292
-0.218 149.392 35.4355
-0.216 145.569 35.499
-0.214 141.467 35.5174
-0.212 137.092 35.4886
-0.21 132.446 35.4105
-0.208 127.533 35.2811
-0.206 122.358 35.0985
-0.204 116.928 34.861
-0.202 111.246 34.5668
-0.2 105.32 34.2144
-0.198 99.1575 33.8023
-0.196 92.7647 33.3291
-0.194 86.15 32.7938
-0.192 79.3219 32.1953
-0.19 72.2894 31.5328
-0.188 65.0619 30.8056
-0.186 57.6495 30.0132
-0.184 50.0624 29.1553
-0.182 42.3116 28.2318
-0.18 34.4083 27.2427
-0.178 26.3642 26.1884
-0.176 18.1914 25.0694
-0.174 9.9022 23.8863
-0.172 1.50954 22.6401
-0.17 -6.97353 21.3319
-0.168 -15.5336 19.9631
-0.166 -24.1569 18.5352
-0.164 -32.8297 17.05
-0.162 -41.5376 15.5096
-0.16 -50.2663 13.9161
-0.158 -59.0013 12.2721
-0.156 -67.7279 10.58
-0.154 -76.4313 8.84285
-0.152 -85.0966 7.06362
-0.15 -93.7089 5.24556
-0.148 -102.253 3.39209
-0.146 -110.714 1.50683
-0.144 -119.078 -0.406448
-0.142 -127.329 -2.34382
-0.14 -135.452 -4.3012
-0.138 -143.433 -6.27436
-0.136 -151.257 -8.25895
-0.134 -158.911 -10.2505
-0.132 -166.38 -12.2445
-0.13 -173.651 -14.2362
-0.128 -180.709 -16.221
-0.126 -187.542 -18.1939
-0.124 -194.137 -20.1503
-0.122 -200.482 -22.0853
-0.12 -206.565 -23.994
-0.118 -212.374 -25.8715
-0.116 -217.897 -27.713
-0.114 -223.126 -29.5137
-0.112 -228.049 -31.2688
-0.11 -232.657 -32.9738
-0.108 -236.942 -34.624
-0.106 -240.894 -36.2149
-0.104 -244.507 -37.7423
-0.102 -247.773 -39.2018
-0.1 -250.687 -40.5896
-0.098 -253.242 -41.9016
-0.096 -255.434 -43.1342
-0.094 -257.258 -44.284
-0.092 -258.71 -45.3476
-0.09 -259.79 -46.322
-0.088 -260.493 -47.2045
-0.086 -260.819 -47.9923
-0.084 -260.767 -48.6833
-0.082 -260.338 -49.2755
-0.08 -259.532 -49.767
-0.078 -258.352 -50.1563
-0.076 -256.799 -50.4424
-0.074 -254.876 -50.6242
-0.072 -252.588 -50.7011
-0.07 -249.938 -50.6729
-0.068 -246.933 -50.5394
-0.066 -243.577 -50.3009
-0.064 -239.876 -49.9578
-0.062 -235.839 -49.5111
-0.06 -231.471 -48.9616
-0.058 -226.781 -48.3108
-0.056 -221.778 -47.5601
-0.054 -216.47 -46.7114
-0.052 -210.866 -45.7667
-0.05 -204.977 -44.7282
-0.048 -198.811 -43.5984
-0.046 -192.38 -42.3798
-0.044 -185.693 -41.0753
-0.042 -178.762 -39.6879
-0.04 -171.597 -38.2207
-0.038 -164.209 -36.6769
-0.036 -156.611 -35.0599
-0.034 -148.811 -33.3732
-0.032 -140.824 -31.6204
-0.03 -132.659 -29.8051
-0.028 -124.328 -27.9312
-0.026 -115.842 -26.0023
-0.024 -107.214 -24.0224
-0.022 -98.4541 -21.9954
-0.02 -89.5739 -19.9252
-0.018 -80.5848 -17.8158
-0.016 -71.498 -15.6711
-0.014 -62.3248 -13.4952
-0.012 -53.0762 -11.2921
-0.01 -43.7634 -9.06583
-0.008 -34.3973 -6.82041
-0.006 -24.989 -4.55988
-0.004 -15.5494 -2.28828
-0.002 -6.08932 -0.00964823
0 3.38022 2.27198
0.002 12.8484 4.55264
0.004 22.3043 6.82822
0.006 31.7371 9.09471
0.008 41.136 11.3481
0.01 50.4899 13.5842
0.012 59.7879 15.7993
0.014 69.019 17.9891
0.016 78.1722 20.1497
0.018 87.2363 22.2771
0.02 96.2001 24.3673
0.022 105.052 26.4164
0.024 113.782 28.4205
0.026 122.378 30.3755
0.028 130.828 32.2777
0.03 139.121 34.1233
0.032 147.246 35.9084
0.034 155.191 37.6294
0.036 162.945 39.2827
0.038 170.497 40.8647
0.04 177.835 42.372
0.042 184.949 43.8012
0.044 191.827 45.1492
0.046 198.458 46.4129
0.048 204.832 47.5894
0.05 210.938 48.676
0.052 216.766 49.67
0.054 222.307 50.5691
0.056 227.55 51.3712
0.058 232.487 52.0742
0.06 237.108 52.6765
0.062 241.406 53.1765
0.064 245.372 53.573
0.066 249 53.8651
0.068 252.283 54.052
0.07 255.213 54.1332
0.072 257.786 54.1087
0.074 259.997 53.9785
0.076 261.841 53.743
0.078 263.315 53.4029
0.08 264.415 52.9592
0.082 265.14 52.4132
0.084 265.487 51.7663
0.086 265.456 51.0204
0.088 265.047 50.1776
0.09 264.26 49.2403
0.092 263.097 48.211
0.094 261.56 47.0926
0.096 259.651 45.8882
0.098 257.375 44.6011
0.1 254.735 43.2349
0.102 251.736 41.7933
0.104 248.385 40.2801
0.106 244.687 38.6996
0.108 240.649 37.0559
0.11 236.28 35.3533
0.112 231.587 33.5965
0.114 226.58 31.7901
0.116 221.268 29.9386
0.118 215.661 28.0469
0.12 209.769 26.1198
0.122 203.604 24.1622
0.124 197.178 22.179
0.126 190.501 20.175
0.128 183.588 18.1551
0.13 176.45 16.1241
0.132 169.101 14.0869
0.134 161.554 12.0482
0.136 153.823 10.0127
0.138 145.922 7.98485
0.14 137.866 5.96923
0.142 129.669 3.97016
0.144 121.345 1.99186
0.146 112.909 0.0384357
0.148 104.377 -1.88619
0.15 95.7628 -3.77826
0.152 87.0818 -5.63415
0.154 78.3489 -7.45045
0.156 69.5792 -9.22392
0.158 60.7875 -10.9515
0.16 51.9886 -12.6304
0.162 43.1972 -14.258
0.164 34.4279 -15.8318
0.166 25.6951 -17.3497
0.168 17.013 -18.8095
0.17 8.39543 -20.2097
0.172 -0.143807 -21.5486
0.174 -8.59133 -22.8248
0.176 -16.934 -24.0373
0.178 -25.1591 -25.1851
0.18 -33.2541 -26.2676
0.182 -41.2069 -27.2843
0.184 -49.006 -28.2349
0.186 -56.64 -29.1194
0.188 -64.098 -29.9379
0.19 -71.3698 -30.6907
0.192 -78.4453 -31.3783
0.194 -85.3152 -32.0015
0.196 -91.9703 -32.5611
0.198 -98.4023 -33.0581
0.2 -104.603 -33.4936
0.202 -110.566 -33.8692
0.204 -116.283 -34.1861
0.206 -121.748 -34.4461
0.208 -126.955 -34.6507
0.21 -131.9 -34.8019
0.212 -136.577 -34.9015
0.214 -140.982 -34.9516
0.216 -145.112 -34.9542
0.218 -148.964 -34.9114
0.22 -152.534 -34.8256
0.222 -155.822 -34.6989
0.224 -158.825 -34.5336
0.226 -161.544 -34.3321
0.228 -163.977 -34.0966
0.23 -166.125 -33.8295
0.232 -167.988 -33.5331
0.234 -169.569 -33.2098
0.236 -170.868 -32.8618
0.238 -171.889 -32.4914
0.24 -172.634 -32.1009
0.242 -173.106 -31.6924
0.244 -173.309 -31.2681
0.246 -173.247 -30.8301
0.248 -172.926 -30.3804
0.25 -172.35 -29.9209
0.252 -171.525 -29.4537
0.254 -170.457 -28.9804
0.256 -169.152 -28.5028
0.258 -167.618 -28.0226
0.26 -165.86 -27.5413
0.262 -163.888 -27.0605
0.264 -161.707 -26.5815
0.266 -159.328 -26.1056
0.268 -156.758 -25.634
0.27 -154.005 -25.168
0.272 -151.08 -24.7085
0.274 -147.99 -24.2565
0.276 -144.745 -23.8128
0.278 -141.356 -23.3782
0.28 -137.831 -22.9535
0.282 -134.18 -22.5392
0.284 -130.414 -22.1358
0.286 -126.542 -21.7439
0.288 -122.575 -21.3637
0.29 -118.524 -20.9956
0.292 -114.397 -20.6398
0.294 -110.205 -20.2965
0.296 -105.96 -19.9657
0.298 -101.67 -19.6475
0.3 -97.3455 -19.3418
0.302 -92.9971 -19.0485
0.304 -88.6345 -18.7676
0.306 -84.2673 -18.4987
0.308 -79.905 -18.2417
0.31 -75.5571 -17.9962
0.312 -71.2326 -17.762
0.314 -66.9405 -17.5385
0.316 -62.6894 -17.3255
0.318 -58.4877 -17.1225
0.32 -54.3434 -16.9289
0.322 -50.2643 -16.7442
0.324 -46.2578 -16.568
0.326 -42.331 -16.3997
0.328 -38.4906 -16.2385
0.33 -34.7428 -16.0841
0.332 -31.0937 -15.9356
0.334 -27.5487 -15.7925
0.336 -24.1129 -15.6542
0.338 -20.7911 -15.52
0.34 -17.5874 -15.3891
0.342 -14.5057 -15.261
0.344 -11.5493 -15.135
0.346 -8.72121 -15.0104
0.348 -6.02385 -14.8866
0.35 -3.45929 -14.7628
0.352 -1.02911 -14.6385
0.354 1.26552 -14.5131
0.356 3.42388 -14.3858
0.358 5.44568 -14.2562
0.36 7.33104 -14.1237
0.362 9.08049 -13.9876
0.364 10.695 -13.8475
0.366 12.1758 -13.703
0.368 13.5246 -13.5534
0.37 14.7435 -13.3985
0.372 15.8349 -13.2377
0.374 16.8015 -13.0708
0.376 17.6464 -12.8975
0.378 18.3728 -12.7174
0.38 18.9845 -12.5304
0.382 19.4851 -12.3362
0.384 19.8789 -12.1347
0.386 20.1701 -11.9258
0.388 20.3632 -11.7094
0.39 20.463 -11.4857
0.392 20.4742 -11.2545
0.394 20.4017 -11.0161
0.396 20.2507 -10.7705
0.398 20.0262 -10.518
0.4 19.7334 -10.2587
0.402 19.3777 -9.99301
0.404 18.9642 -9.72122
0.406 18.4982 -9.4437
0.408 17.9849 -9.16086
0.41 17.4296 -8.87316
0.412 16.8372 -8.58108
0.414 16.213 -8.28516
0.416 15.5618 -7.98593
0.418 14.8885 -7.68401
0.42 14.1977 -7.37998
0.422 13.4941 -7.0745
0.424 12.7819 -6.76821
0.426 12.0655 -6.46178
0.428 11.3487 -6.15591
0.43 10.6354 -5.85128
0.432 9.92931 -5.54859
0.434 9.23367 -5.24855
0.436 8.55167 -4.95184
0.438 7.8862 -4.65916
0.44 7.23992 -4.37119
0.442 6.61525 -4.08861
0.444 6.01432 -3.81205
0.446 5.43904 -3.54215
0.448 4.89105 -3.2795
0.45 4.37171 -3.0247
0.452 3.88215 -2.77827
0.454 3.42323 -2.54073
0.456 2.99554 -2.31254
0.458 2.59946 -2.09415
0.46 2.23509 -1.88593
0.462 1.9023 -1.68822
0.464 1.60075 -1.50132
0.466 1.32983 -1.32547
0.468 1.08877 -1.16085
0.47 0.876567 -1.00762
0.472 0.692025 -0.865849
0.474 0.533775 -0.735568
0.476 0.400276 -0.616751
0.478 0.289832 -0.509313
0.48 0.200607 -0.413117
0.482 0.130636 -0.327967
0.484 0.0778406 -0.253612
0.486 0.0400485 -0.189748
0.488 0.015004 -0.136016
0.49 0.00038682 -0.0920066
0.492 -0.0061723 -0.0572579
0.494 -0.00707505 -0.0312608
0.496 -0.00473897 -0.0134592
0.498 -0.00158082 -0.00325289
0.05 1.56973 1.07726
0.1 1.56971 1.07725
0.15 1.56967 1.07722
0.2 1.56962 1.07717
0.25 1.56956 1.07712
0.3 1.56948 1.07705
0.35 1.56938 1.07697
0.4 1.56927 1.07688
0.45 1.56915 1.07678
0.5 1.56901 1.07666
0.55 1.56886 1.07654
0.6 1.5687 1.0764
0.65 1.56852 1.07624
0.7 1.56832 1.07608
0.75 1.56811 1.0759
0.8 1.56788 1.07571
0.85 1.56764 1.07551
0.9 1.56738 1.0753
0.95 1.56711 1.07507
1 1.56683 1.07483
1.05 1.56652 1.07458
1.1 1.56621 1.07431
1.15 1.56587 1.07403
1.2 1.56552 1.07374
1.25 1.56516 1.07344
1.3 1.56478 1.07312
1.35 1.56438 1.07279
1.4 1.56397 1.07245
1.45 1.56354 1.07209
1.5 1.56309 1.07172
1.55 1.56263 1.07134
1.6 1.56215 1.07094
1.65 1.56165 1.07053
1.7 1.56114 1.0701
1.75 1.5606 1.06966
1.8 1.56005 1.06921
1.85 1.55949 1.06874
1.9 1.5589 1.06826
1.95 1.5583 1.06776
2 1.55768 1.06725
2.05 1.55704 1.06672
2.1 1.55638 1.06618
2.15 1.5557 1.06563
2.2 1.55501 1.06506
2.25 1.55429 1.06447
2.3 1.55356 1.06387
2.35 1.5528 1.06326
2.4 1.55203 1.06262
2.45 1.55124 1.06198
2.5 1.55042 1.06131
2.55 1.54959 1.06063
2.6 1.54873 1.05994
2.65 1.54785 1.05923
2.7 1.54696 1.0585
2.75 1.54604 1.05775
2.8 1.5451 1.05699
2.85 1.54413 1.05622
2.9 1.54315 1.05542
2.95 1.54214 1.05461
3 1.54111 1.05378
3.05 1.54006 1.05293
3.1 1.53899 1.05207
3.15 1.53789 1.05119
3.2 1.53677 1.05029
3.25 1.53562 1.04937
3.3 1.53445 1.04844
3.35 1.53326 1.04748
3.4 1.53204 1.04651
3.45 1.5308 1.04552
3.5 1.52953 1.04451
3.55 1.52823 1.04348
3.6 1.52692 1.04243
3.65 1.52557 1.04137
3.7 1.5242 1.04028
3.75 1.52281 1.03917
3.8 1.52138 1.03805
3.85 1.51993 1.0369
3.9 1.51846 1.03574
3.95 1.51696 1.03455
4 1.51543 1.03335
4.05 1.51387 1.03212
4.1 1.51228 1.03087
4.15 1.51067 1.02961
4.2 1.50903 1.02832
4.25 1.50736 1.02701
4.3 1.50566 1.02568
4.35 1.50393 1.02433
4.4 1.50217 1.02296
4.45 1.50039 1.02156
4.5 1.49857 1.02015
4.55 1.49672 1.01871
4.6 1.49485 1.01725
4.65 1.49294 1.01577
4.7 1.49101 1.01426
4.75 1.48904 1.01274
4.8 1.48704 1.01119
4.85 1.48501 1.00962
4.9 1.48295 1.00802
4.95 1.48086 1.00641
5 1.47874 1.00477
5.05 1.47658 1.0031
5.1 1.47439 1.00142
5.15 1.47218 0.999708
5.2 1.46992 0.997976
5.25 1.46764 0.99622
5.3 1.46532 0.99444
5.35 1.46298 0.992637
5.4 1.46059 0.99081
5.45 1.45818 0.988959
5.5 1.45573 0.987084
5.55 1.45325 0.985185
5.6 1.45073 0.983263
5.65 1.44818 0.981316
5.7 1.4456 0.979344
5.75 1.44299 0.977349
5.8 1.44033 0.975329
5.85 1.43765 0.973285
5.9 1.43493 0.971216
5.95 1.43218 0.969122
6 1.42939 0.967004
6.05 1.42657 0.964862
6.1 1.42371 0.962694
6.15 1.42082 0.960502
6.2 1.4179 0.958286
6.25 1.41494 0.956044
6.3 1.41194 0.953778
6.35 1.40891 0.951486
6.4 1.40585 0.94917
6.45 1.40275 0.946829
6.5 1.39961 0.944463
6.55 1.39644 0.942073
6.6 1.39324 0.939657
6.65 1.39 0.937216
6.7 1.38673 0.934751
6.75 1.38342 0.932261
6.8 1.38007 0.929746
6.85 1.37669 0.927206
6.9 1.37328 0.924641
6.95 1.36983 0.922052
7 1.36635 0.919437
7.05 1.36283 0.916799
7.1 1.35928 0.914135
7.15 1.35569 0.911447
7.2 1.35207 0.908734
7.25 1.34841 0.905997
7.3 1.34472 0.903236
7.35 1.34099 0.90045
7.4 1.33723 0.89764
7.45 1.33344 0.894805
7.5 1.32961 0.891947
7.55 1.32575 0.889065
7.6 1.32185 0.886158
7.65 1.31792 0.883228
7.7 1.31396 0.880274
7.75 1.30997 0.877297
7.8 1.30594 0.874296
7.85 1.30187 0.871272
7.9 1.29778 0.868224
7.95 1.29365 0.865154
8 1.28949 0.86206
8.05 1.2853 0.858944
8.1 1.28107 0.855805
8.15 1.27682 0.852644
8.2 1.27253 0.84946
8.25 1.26821 0.846254
8.3 1.26386 0.843025
8.35 1.25948 0.839775
8.4 1.25506 0.836504
8.45 1.25062 0.833211
8.5 1.24615 0.829896
8.55 1.24164 0.82656
8.6 1.23711 0.823204
8.65 1.23255 0.819826
8.7 1.22795 0.816429
8.75 1.22333 0.81301
8.8 1.21868 0.809572
8.85 1.21401 0.806114
8.9 1.2093 0.802636
8.95 1.20457 0.799139
9 1.19981 0.795622
9.05 1.19502 0.792087
9.1 1.1902 0.788532
9.15 1.18536 0.78496
9.2 1.1805 0.781369
9.25 1.1756 0.77776
9.3 1.17069 0.774133
9.35 1.16574 0.770489
9.4 1.16078 0.766828
9.45 1.15579 0.76315
9.5 1.15077 0.759455
9.55 1.14573 0.755744
9.6 1.14067 0.752017
9.65 1.13559 0.748274
9.7 1.13048 0.744515
9.75 1.12536 0.740742
9.8 1.12021 0.736953
9.85 1.11504 0.73315
9.9 1.10985 0.729333
9.95 1.10464 0.725502
10 1.09941 0.721657
10.05 1.09416 0.717798
10.1 1.08889 0.713927
10.15 1.0836 0.710043
10.2 1.0783 0.706147
10.25 1.07298 0.702239
10.3 1.06764 0.698319
10.35 1.06228 0.694387
10.4 1.05691 0.690445
10.45 1.05152 0.686492
10.5 1.04612 0.682529
10.55 1.0407 0.678556
10.6 1.03527 0.674573
10.65 1.02983 0.670581
10.7 1.02437 0.66658
10.75 1.0189 0.662571
10.8 1.01342 0.658553
10.85 1.00793 0.654528
10.9 1.00242 0.650495
10.95 0.996904 0.646455
11 0.991378 0.642409
11.05 0.985843 0.638356
11.1 0.980298 0.634297
11.15 0.974744 0.630232
11.2 0.969182 0.626163
11.25 0.963613 0.622088
11.3 0.958036 0.61801
11.35 0.952453 0.613927
11.4 0.946864 0.60984
11.45 0.941269 0.60575
11.5 0.935669 0.601658
11.55 0.930064 0.597563
11.6 0.924456 0.593465
11.65 0.918843 0.589366
11.7 0.913228 0.585266
11.75 0.90761 0.581164
11.8 0.901991 0.577063
11.85 0.89637 0.57296
11.9 0.890748 0.568859
11.95 0.885125 0.564757
12 0.879503 0.560657
12.05 0.873881 0.556558
12.1 0.86826 0.552461
12.15 0.862641 0.548367
12.2 0.857024 0.544274
12.25 0.85141 0.540185
12.3 0.845799 0.536099
12.35 0.840191 0.532017
12.4 0.834588 0.527939
12.45 0.828989 0.523865
12.5 0.823396 0.519797
12.55 0.817808 0.515734
12.6 0.812227 0.511676
12.65 0.806652 0.507624
12.7 0.801084 0.503579
12.75 0.795524 0.499541
12.8 0.789972 0.49551
12.85 0.784429 0.491487
12.9 0.778895 0.487471
12.95 0.773371 0.483464
13 0.767857 0.479466
13.05 0.762353 0.475476
13.1 0.75686 0.471497
13.15 0.751379 0.467527
13.2 0.74591 0.463567
13.25 0.740453 0.459618
13.3 0.735009 0.455679
13.35 0.729578 0.451752
13.4 0.724161 0.447837
13.45 0.718759 0.443934
13.5 0.713371 0.440043
13.55 0.707998 0.436164
13.6 0.70264 0.432299
13.65 0.697299 0.428447
13.7 0.691974 0.424609
13.75 0.686666 0.420785
13.8 0.681375 0.416976
13.85 0.676101 0.413181
13.9 0.670846 0.409401
13.95 0.665609 0.405637
14 0.660391 0.401888
14.05 0.655192 0.398155
14.1 0.650012 0.394439
14.15 0.644853 0.390739
14.2 0.639713 0.387056
14.25 0.634595 0.383391
14.3 0.629497 0.379743
14.35 0.624421 0.376113
14.4 0.619367 0.372501
14.45 0.614334 0.368908
14.5 0.609324 0.365333
14.55 0.604337 0.361777
14.6 0.599372 0.358241
14.65 0.594431 0.354724
14.7 0.589514 0.351226
14.75 0.584621 0.347749
14.8 0.579752 0.344293
14.85 0.574907 0.340856
14.9 0.570087 0.337441
14.95 0.565293 0.334047
15 0.560524 0.330674
15.05 0.55578 0.327322
15.1 0.551062 0.323993
15.15 0.546371 0.320685
15.2 0.541705 0.317399
15.25 0.537067 0.314136
15.3 0.532455 0.310896
15.35 0.52787 0.307678
15.4 0.523313 0.304484
15.45 0.518783 0.301312
15.5 0.514281 0.298164
15.55 0.509806 0.29504
15.6 0.50536 0.29194
15.65 0.500942 0.288863
15.7 0.496552 0.285811
15.75 0.492191 0.282782
15.8 0.487859 0.279779
15.85 0.483555 0.276799
15.9 0.479281 0.273845
15.95 0.475035 0.270915
16 0.470819 0.268011
16.05 0.466633 0.265132
16.1 0.462476 0.262278
16.15 0.458348 0.259449
16.2 0.454251 0.256646
16.25 0.450183 0.253868
16.3 0.446145 0.251116
16.35 0.442137 0.24839
16.4 0.438159 0.24569
16.45 0.434212 0.243016
16.5 0.430294 0.240368
16.55 0.426407 0.237746
16.6 0.42255 0.23515
16.65 0.418724 0.232581
16.7 0.414927 0.230038
16.75 0.411162 0.227521
16.8 0.407426 0.225031
16.85 0.403721 0.222568
16.9 0.400047 0.22013
16.95 0.396403 0.21772
17 0.392789 0.215336
17.05 0.389206 0.212979
17.1 0.385654 0.210648
17.15 0.382131 0.208344
17.2 0.378639 0.206067
17.25 0.375178 0.203816
17.3 0.371746 0.201592
17.35 0.368345 0.199394
17.4 0.364974 0.197224
17.45 0.361633 0.195079
17.5 0.358322 0.192962
17.55 0.355041 0.190871
17.6 0.35179 0.188806
17.65 0.348568 0.186768
17.7 0.345376 0.184756
17.75 0.342214 0.182771
17.8 0.339082 0.180812
17.85 0.335978 0.178879
17.9 0.332904 0.176972
17.95 0.329859 0.175092
18 0.326843 0.173238
18.05 0.323856 0.171409
18.1 0.320898 0.169607
18.15 0.317969 0.16783
18.2 0.315067 0.166079
18.25 0.312194 0.164353
18.3 0.30935 0.162653
18.35 0.306533 0.160978
18.4 0.303744 0.159329
18.45 0.300983 0.157705
18.5 0.298249 0.156106
18.55 0.295543 0.154531
18.6 0.292863 0.152982
18.65 0.290211 0.151457
18.7 0.287585 0.149956
18.75 0.284986 0.14848
18.8 0.282414 0.147029
18.85 0.279867 0.145601
18.9 0.277347 0.144197
18.95 0.274852 0.142817
19 0.272383 0.14146
19.05 0.269939 0.140127
19.1 0.26752 0.138817
19.15 0.265126 0.13753
19.2 0.262757 0.136266
19.25 0.260412 0.135025
19.3 0.258092 0.133806
19.35 0.255795 0.13261
19.4 0.253523 0.131436
19.45 0.251274 0.130284
19.5 0.249048 0.129153
19.55 0.246845 0.128045
19.6 0.244665 0.126957
19.65 0.242508 0.125891
19.7 0.240372 0.124845
19.75 0.238259 0.123821
19.8 0.236168 0.122817
19.85 0.234099 0.121833
19.9 0.23205 0.120869
19.95 0.230023 0.119926
20 0.228017 0.119002
20.05 0.226031 0.118097
20.1 0.224065 0.117212
20.15 0.22212 0.116345
20.2 0.220194 0.115497
20.25 0.218288 0.114668
20.3 0.216401 0.113857
20.35 0.214533 0.113064
20.4 0.212683 0.112289
20.45 0.210853 0.111532
20.5 0.20904 0.110792
20.55 0.207246 0.110069
20.6 0.205469 0.109362
20.65 0.203709 0.108673
20.7 0.201967 0.108
20.75 0.200242 0.107342
20.8 0.198533 0.106701
20.85 0.196841 0.106075
20.9 0.195165 0.105465
20.95 0.193504 0.104869
21 0.19186 0.104289
21.05 0.190231 0.103723
21.1 0.188616 0.103171
21.15 0.187017 0.102634
21.2 0.185432 0.10211
21.25 0.183862 0.1016
21.3 0.182305 0.101103
21.35 0.180763 0.10062
21.4 0.179234 0.100149
21.45 0.177718 0.0996902
21.5 0.176216 0.0992441
21.55 0.174726 0.09881
21.6 0.173249 0.0983876
21.65 0.171785 0.0979768
21.7 0.170332 0.0975772
21.75 0.168891 0.0971886
21.8 0.167462 0.0968108
21.85 0.166045 0.0964434
21.9 0.164638 0.0960863
21.95 0.163243 0.0957391
22 0.161858 0.0954017
22.05 0.160484 0.0950738
22.1 0.15912 0.0947551
22.15 0.157766 0.0944453
22.2 0.156422 0.0941443
22.25 0.155088 0.0938517
22.3 0.153763 0.0935674
22.35 0.152448 0.093291
22.4 0.151141 0.0930224
22.45 0.149843 0.0927613
22.5 0.148554 0.0925074
22.55 0.147273 0.0922605
22.6 0.146 0.0920203
22.65 0.144736 0.0917867
22.7 0.143479 0.0915594
22.75 0.14223 0.0913381
22.8 0.140989 0.0911227
22.85 0.139754 0.0909128
22.9 0.138527 0.0907083
22.95 0.137307 0.0905089
23 0.136094 0.0903144
23.05 0.134887 0.0901246
23.1 0.133687 0.0899392
23.15 0.132493 0.089758
23.2 0.131305 0.0895809
23.25 0.130123 0.0894076
23.3 0.128947 0.0892378
23.35 0.127777 0.0890715
23.4 0.126612 0.0889082
23.45 0.125453 0.088748
23.5 0.124299 0.0885904
23.55 0.12315 0.0884355
23.6 0.122007 0.0882828
23.65 0.120868 0.0881323
23.7 0.119734 0.0879838
23.75 0.118605 0.087837
23.8 0.11748 0.0876918
23.85 0.11636 0.0875479
23.9 0.115244 0.0874053
23.95 0.114132 0.0872637
24 0.113024 0.0871229
24.05 0.111921 0.0869827
24.1 0.110821 0.0868431
24.15 0.109726 0.0867037
24.2 0.108634 0.0865645
24.25 0.107546 0.0864253
24.3 0.106462 0.0862858
24.35 0.105381 0.0861461
24.4 0.104303 0.0860058
24.45 0.103229 0.0858649
24.5 0.102159 0.0857231
24.55 0.101092 0.0855804
24.6 0.100028 0.0854366
24.65 0.0989671 0.0852916
24.7 0.0979096 0.0851452
24.75 0.0968552 0.0849972
24.8 0.0958039 0.0848476
24.85 0.0947556 0.0846962
24.9 0.0937103 0.084543
24.95 0.092668 0.0843876
25 0.0916286 0.0842302
25.05 0.0905922 0.0840704
25.1 0.0895587 0.0839083
25.15 0.0885281 0.0837437
25.2 0.0875003 0.0835765
25.25 0.0864754 0.0834065
25.3 0.0854533 0.0832338
25.35 0.0844341 0.0830582
25.4 0.0834177 0.0828795
25.45 0.0824042 0.0826978
25.5 0.0813935 0.0825128
25.55 0.0803857 0.0823246
25.6 0.0793807 0.082133
25.65 0.0783786 0.081938
25.7 0.0773793 0.0817395
25.75 0.076383 0.0815374
25.8 0.0753896 0.0813317
25.85 0.0743991 0.0811222
25.9 0.0734116 0.0809089
25.95 0.0724271 0.0806918
26 0.0714456 0.0804708
26.05 0.0704671 0.0802458
26.1 0.0694918 0.0800168
26.15 0.0685195 0.0797837
26.2 0.0675504 0.0795465
26.25 0.0665846 0.0793051
26.3 0.0656219 0.0790596
26.35 0.0646626 0.0788098
26.4 0.0637066 0.0785558
26.45 0.0627539 0.0782974
26.5 0.0618047 0.0780347
26.55 0.060859 0.0777677
26.6 0.0599168 0.0774963
26.65 0.0589782 0.0772205
26.7 0.0580433 0.0769402
26.75 0.0571121 0.0766556
26.8 0.0561846 0.0763665
26.85 0.055261 0.0760729
26.9 0.0543413 0.0757749
26.95 0.0534255 0.0754724
27 0.0525138 0.0751654
27.05 0.0516061 0.074854
27.1 0.0507026 0.0745381
27.15 0.0498034 0.0742178
27.2 0.0489084 0.073893
27.25 0.0480178 0.0735638
27.3 0.0471317 0.0732302
27.35 0.04625 0.0728921
27.4 0.045373 0.0725497
27.45 0.0445006 0.0722029
27.5 0.043633 0.0718518
27.55 0.0427701 0.0714963
27.6 0.0419122 0.0711366
27.65 0.0410592 0.0707726
27.7 0.0402113 0.0704043
27.75 0.0393685 0.0700319
27.8 0.0385308 0.0696553
27.85 0.0376985 0.0692746
27.9 0.0368715 0.0688898
27.95 0.03605 0.0685009
28 0.0352339 0.0681081
28.05 0.0344234 0.0677113
28.1 0.0336186 0.0673106
28.15 0.0328196 0.0669061
28.2 0.0320263 0.0664977
28.25 0.031239 0.0660856
28.3 0.0304576 0.0656698
28.35 0.0296823 0.0652504
28.4 0.0289131 0.0648274
28.45 0.0281501 0.0644009
28.5 0.0273934 0.0639709
28.55 0.026643 0.0635375
28.6 0.0258991 0.0631008
28.65 0.0251616 0.0626608
28.7 0.0244307 0.0622176
28.75 0.0237065 0.0617713
28.8 0.022989 0.0613219
28.85 0.0222783 0.0608695
28.9 0.0215744 0.0604142
28.95 0.0208774 0.0599561
29 0.0201874 0.0594951
29.05 0.0195045 0.0590315
29.1 0.0188287 0.0585652
29.15 0.0181601 0.0580964
29.2 0.0174987 0.0576251
29.25 0.0168446 0.0571515
29.3 0.0161979 0.0566755
29.35 0.0155586 0.0561973
29.4 0.0149268 0.0557169
29.45 0.0143026 0.0552344
29.5 0.0136859 0.05475
29.55 0.0130769 0.0542637
29.6 0.0124755 0.0537755
29.65 0.0118819 0.0532856
29.7 0.0112962 0.0527941
29.75 0.0107182 0.052301
29.8 0.0101481 0.0518064
29.85 0.00958598 0.0513104
29.9 0.00903181 0.0508131
29.95 0.00848564 0.0503146
30 0.00794752 0.0498149
30.05 0.00741749 0.0493142
30.1 0.00689558 0.0488125
30.15 0.00638181 0.04831
30.2 0.00587623 0.0478067
30.25 0.00537885 0.0473027
30.3 0.00488972 0.046798
30.35 0.00440884 0.0462929
30.4 0.00393625 0.0457873
30.45 0.00347196 0.0452813
30.5 0.003016 0.0447751
30.55 0.00256838 0.0442688
30.6 0.00212912 0.0437623
30.65 0.00169823 0.0432559
30.7 0.00127572 0.0427495
30.75 0.000861598 0.0422433
30.8 0.000455873 0.0417374
30.85 5.85496e-05 0.0412318
30.9 -0.00033037 0.0407266
30.95 -0.000710884 0.040222
31 -0.001083 0.039718
31.05 -0.00144671 0.0392146
31.1 -0.00180202 0.0387121
31.15 -0.00214895 0.0382103
31.2 -0.00248751 0.0377095
31.25 -0.0028177 0.0372098
31.3 -0.00313954 0.0367111
31.35 -0.00345304 0.0362136
31.4 -0.00375823 0.0357174
31.45 -0.00405512 0.0352225
31.5 -0.00434374 0.034729
31.55 -0.0046241 0.034237
31.6 -0.00489625 0.0337466
31.65 -0.0051602 0.0332578
31.7 -0.00541598 0.0327707
31.75 -0.00566364 0.0322855
31.8 -0.0059032 0.0318021
31.85 -0.00613469 0.0313207
31.9 -0.00635817 0.0308412
31.95 -0.00657366 0.0303639
32 -0.00678122 0.0298887
32.05 -0.00698088 0.0294158
32.1 -0.0071727 0.0289451
32.15 -0.00735671 0.0284768
32.2 -0.00753298 0.0280109
32.25 -0.00770155 0.0275475
32.3 -0.00786248 0.0270867
32.35 -0.00801582 0.0266284
32.4 -0.00816163 0.0261729
32.45 -0.00829997 0.0257201
32.5 -0.00843091 0.0252701
32.55 -0.00855449 0.0248229
32.6 -0.0086708 0.0243787
32.65 -0.00877989 0.0239374
32.7 -0.00888183 0.0234991
32.75 -0.0089767 0.023064
32.8 -0.00906456 0.0226319
32.85 -0.00914549 0.022203
32.9 -0.00921955 0.0217774
32.95 -0.00928684 0.021355
33 -0.00934742 0.020936
33.05 -0.00940137 0.0205203
33.1 -0.00944877 0.0201081
33.15 -0.00948971 0.0196993
33.2 -0.00952427 0.019294
33.25 -0.00955252 0.0188922
33.3 -0.00957457 0.0184941
33.35 -0.00959048 0.0180995
33.4 -0.00960036 0.0177086
33.45 -0.00960429 0.0173214
33.5 -0.00960237 0.016938
33.55 -0.00959467 0.0165583
33.6 -0.0095813 0.0161824
33.65 -0.00956234 0.0158103
33.7 -0.0095379 0.015442
33.75 -0.00950807 0.0150777
33.8 -0.00947294 0.0147172
33.85 -0.00943262 0.0143607
33.9 -0.00938719 0.0140082
33.95 -0.00933676 0.0136596
34 -0.00928143 0.013315
34.05 -0.0092213 0.0129744
34.1 -0.00915647 0.0126379
34.15 -0.00908704 0.0123055
34.2 -0.00901311 0.0119771
34.25 -0.00893478 0.0116528
34.3 -0.00885217 0.0113326
34.35 -0.00876537 0.0110166
34.4 -0.00867448 0.0107046
34.45 -0.00857962 0.0103968
34.5 -0.00848088 0.0100932
34.55 -0.00837838 0.00979371
34.6 -0.00827221 0.00949838
34.65 -0.00816248 0.00920721
34.7 -0.0080493 0.00892022
34.75 -0.00793278 0.00863741
34.8 -0.00781302 0.00835877
34.85 -0.00769013 0.00808431
34.9 -0.00756421 0.00781402
34.95 -0.00743536 0.00754791
35 -0.00730371 0.00728597
35.05 -0.00716935 0.0070282
35.1 -0.00703238 0.00677459
35.15 -0.00689292 0.00652514
35.2 -0.00675107 0.00627984
35.25 -0.00660693 0.00603868
35.3 -0.00646061 0.00580165
35.35 -0.00631222 0.00556874
35.4 -0.00616186 0.00533995
35.45 -0.00600963 0.00511525
35.5 -0.00585563 0.00489463
35.55 -0.00569998 0.00467809
35.6 -0.00554276 0.00446559
35.65 -0.0053841 0.00425714
35.7 -0.00522407 0.0040527
35.75 -0.0050628 0.00385227
35.8 -0.00490037 0.00365582
35.85 -0.00473688 0.00346334
35.9 -0.00457244 0.00327479
35.95 -0.00440715 0.00309017
36 -0.00424109 0.00290944
36.05 -0.00407437 0.00273259
36.1 -0.00390709 0.00255958
36.15 -0.00373933 0.00239041
36.2 -0.00357119 0.00222503
36.25 -0.00340276 0.00206342
36.3 -0.00323414 0.00190556
36.35 -0.00306541 0.00175141
36.4 -0.00289667 0.00160095
36.45 -0.00272801 0.00145416
36.5 -0.00255951 0.00131099
36.55 -0.00239125 0.00117142
36.6 -0.00222334 0.00103541
36.65 -0.00205583 0.000902942
36.7 -0.00188884 0.000773974
36.75 -0.00172242 0.000648475
36.8 -0.00155667 0.000526411
36.85 -0.00139166 0.000407748
36.9 -0.00122747 0.000292452
36.95 -0.00106419 0.000180486
37 -0.000901872 7.18159e-05
37.05 -0.000740606 -3.35954e-05
37.1 -0.00058046 -0.000135784
37.15 -0.000421507 -0.000234788
37.2 -0.000263816 -0.000330644
37.25 -0.000107455 -0.00042339
37.3 4.75083e-05 -0.000513064
37.35 0.000201008 -0.000599705
37.4 0.00035298 -0.000683352
37.45 0.000503361 -0.000764044
37.5 0.000652091 -0.00084182
37.55 0.00079911 -0.000916721
37.6 0.000944359 -0.000988787
37.65 0.00108778 -0.00105806
37.7 0.00122932 -0.00112457
37.75 0.00136893 -0.00118838
37.8 0.00150655 -0.0012495
37.85 0.00164213 -0.001308
37.9 0.00177562 -0.00136391
37.95 0.00190698 -0.00141727
38 0.00203616 -0.00146812
38.05 0.00216312 -0.0015165
38.1 0.00228781 -0.00156246
38.15 0.00241019 -0.00160604
38.2 0.00253023 -0.00164728
38.25 0.00264788 -0.00168622
38.3 0.00276311 -0.0017229
38.35 0.00287589 -0.00175737
38.4 0.00298618 -0.00178967
38.45 0.00309394 -0.00181984
38.5 0.00319916 -0.00184791
38.55 0.0033018 -0.00187394
38.6 0.00340184 -0.00189797
38.65 0.00349925 -0.00192003
38.7 0.003594 -0.00194017
38.75 0.00368608 -0.00195843
38.8 0.00377547 -0.00197485
38.85 0.00386215 -0.00198948
38.9 0.00394609 -0.00200234
38.95 0.00402729 -0.00201349
39 0.00410573 -0.00202297
39.05 0.0041814 -0.00203081
39.1 0.00425428 -0.00203706
39.15 0.00432438 -0.00204175
39.2 0.00439167 -0.00204493
39.25 0.00445616 -0.00204664
39.3 0.00451784 -0.00204691
39.35 0.00457671 -0.00204578
39.4 0.00463276 -0.0020433
39.45 0.00468599 -0.0020395
39.5 0.00473641 -0.00203441
39.55 0.00478402 -0.00202809
39.6 0.00482882 -0.00202056
39.65 0.00487081 -0.00201186
39.7 0.00491001 -0.00200204
39.75 0.00494642 -0.00199112
39.8 0.00498005 -0.00197914
39.85 0.00501091 -0.00196614
39.9 0.00503902 -0.00195216
39.95 0.00506438 -0.00193722
40 0.00508702 -0.00192137
40.05 0.00510694 -0.00190464
40.1 0.00512417 -0.00188706
40.15 0.00513872 -0.00186867
40.2 0.00515061 -0.0018495
40.25 0.00515987 -0.00182958
40.3 0.00516651 -0.00180894
40.35 0.00517056 -0.00178762
40.4 0.00517204 -0.00176565
40.45 0.00517098 -0.00174306
40.5 0.0051674 -0.00171987
40.55 0.00516133 -0.00169613
40.6 0.0051528 -0.00167186
40.65 0.00514183 -0.00164708
40.7 0.00512847 -0.00162184
40.75 0.00511273 -0.00159615
40.8 0.00509466 -0.00157004
40.85 0.00507428 -0.00154354
40.9 0.00505162 -0.00151668
40.95 0.00502673 -0.00148949
41 0.00499963 -0.00146198
41.05 0.00497037 -0.00143419
41.1 0.00493898 -0.00140615
41.15 0.0049055 -0.00137786
41.2 0.00486997 -0.00134936
41.25 0.00483242 -0.00132068
41.3 0.0047929 -0.00129183
41.35 0.00475144 -0.00126284
41.4 0.00470809 -0.00123373
41.45 0.00466289 -0.00120452
41.5 0.00461588 -0.00117523
41.55 0.0045671 -0.00114588
41.6 0.0045166 -0.00111649
41.65 0.00446442 -0.00108709
41.7 0.00441061 -0.00105768
41.75 0.0043552 -0.0010283
41.8 0.00429824 -0.000998951
41.85 0.00423979 -0.000969657
41.9 0.00417988 -0.000940434
41.95 0.00411856 -0.000911299
42 0.00405587 -0.000882268
42.05 0.00399187 -0.000853356
42.1 0.00392659 -0.000824578
42.15 0.0038601 -0.000795949
42.2 0.00379242 -0.000767484
42.25 0.00372362 -0.000739194
42.3 0.00365373 -0.000711095
42.35 0.00358281 -0.000683198
42.4 0.0035109 -0.000655515
42.45 0.00343805 -0.000628059
42.5 0.0033643 -0.000600841
42.55 0.00328971 -0.000573871
42.6 0.00321433 -0.00054716
42.65 0.00313819 -0.000520718
42.7 0.00306135 -0.000494555
42.75 0.00298386 -0.000468679
42.8 0.00290575 -0.000443099
42.85 0.00282709 -0.000417823
42.9 0.00274791 -0.00039286
42.95 0.00266826 -0.000368216
43 0.00258819 -0.000343899
43.05 0.00250774 -0.000319915
43.1 0.00242697 -0.00029627
43.15 0.00234591 -0.000272971
43.2 0.00226461 -0.000250022
43.25 0.00218312 -0.000227429
43.3 0.00210148 -0.000205196
43.35 0.00201974 -0.000183327
43.4 0.00193794 -0.000161827
43.45 0.00185612 -0.000140699
43.5 0.00177432 -0.000119947
43.55 0.00169259 -9.95722e-05
43.6 0.00161098 -7.95783e-05
43.65 0.00152952 -5.99674e-05
43.7 0.00144825 -4.07411e-05
43.75 0.00136721 -2.19012e-05
43.8 0.00128646 -3.44873e-06
43.85 0.00120601 1.46152e-05
43.9 0.00112592 3.229e-05
43.95 0.00104622 4.95754e-05
44 0.000966953 6.64713e-05
44.05 0.000888151 8.29778e-05
44.1 0.000809854 9.90955e-05
44.15 0.000732097 0.000114825
44.2 0.000654915 0.000130168
44.25 0.000578344 0.000145125
44.3 0.000502416 0.000159697
44.35 0.000427167 0.000173887
44.4 0.000352627 0.000187697
44.45 0.00027883 0.000201128
44.5 0.000205807 0.000214183
44.55 0.000133588 0.000226865
44.6 6.22021e-05 0.000239177
44.65 -8.32045e-06 0.000251121
44.7 -7.79518e-05 0.000262701
44.75 -0.000146665 0.00027392
44.8 -0.000214432 0.000284782
44.85 -0.000281228 0.000295291
44.9 -0.000347027 0.00030545
44.95 -0.000411805 0.000315263
45 -0.000475539 0.000324735
45.05 -0.000538205 0.000333871
45.1 -0.000599782 0.000342673
45.15 -0.000660249 0.000351149
45.2 -0.000719585 0.000359301
45.25 -0.00077777 0.000367135
45.3 -0.000834786 0.000374656
45.35 -0.000890616 0.000381868
45.4 -0.000945242 0.000388778
45.45 -0.000998647 0.000395391
45.5 -0.00105082 0.00040171
45.55 -0.00110174 0.000407744
45.6 -0.00115139 0.000413496
45.65 -0.00119977 0.000418972
45.7 -0.00124686 0.000424178
45.75 -0.00129265 0.000429119
45.8 -0.00133713 0.000433802
45.85 -0.00138029 0.000438233
45.9 -0.00142213 0.000442416
45.95 -0.00146262 0.000446358
46 -0.00150177 0.000450065
46.05 -0.00153957 0.000453542
46.1 -0.00157602 0.000456796
46.15 -0.00161111 0.000459833
46.2 -0.00164483 0.000462658
46.25 -0.00167718 0.000465278
46.3 -0.00170817 0.000467698
46.35 -0.00173779 0.000469925
46.4 -0.00176603 0.000471964
46.45 -0.0017929 0.000473821
46.5 -0.0018184 0.000475502
46.55 -0.00184253 0.000477014
46.6 -0.0018653 0.000478361
46.65 -0.0018867 0.000479551
46.7 -0.00190674 0.000480587
46.75 -0.00192543 0.000481477
46.8 -0.00194277 0.000482227
46.85 -0.00195876 0.00048284
46.9 -0.00197341 0.000483324
46.95 -0.00198674 0.000483684
47 -0.00199874 0.000483925
47.05 -0.00200943 0.000484053
47.1 -0.00201881 0.000484073
47.15 -0.0020269 0.000483991
47.2 -0.00203371 0.000483811
47.25 -0.00203924 0.000483539
47.3 -0.00204352 0.000483179
47.35 -0.00204654 0.000482738
47.4 -0.00204833 0.000482219
47.45 -0.0020489 0.000481628
47.5 -0.00204826 0.00048097
47.55 -0.00204643 0.000480248
47.6 -0.00204342 0.000479468
47.65 -0.00203925 0.000478634
47.7 -0.00203393 0.000477751
47.75 -0.00202749 0.000476822
47.8 -0.00201993 0.000475852
47.85 -0.00201127 0.000474845
47.9 -0.00200155 0.000473806
47.95 -0.00199076 0.000472737
48 -0.00197894 0.000471643
48.05 -0.00196609 0.000470527
48.1 -0.00195225 0.000469394
48.15 -0.00193743 0.000468246
48.2 -0.00192164 0.000467086
48.25 -0.00190492 0.000465919
48.3 -0.00188729 0.000464747
48.35 -0.00186876 0.000463573
48.4 -0.00184935 0.000462401
48.45 -0.00182909 0.000461232
48.5 -0.00180801 0.00046007
48.55 -0.00178612 0.000458918
48.6 -0.00176344 0.000457778
48.65 -0.00174 0.000456651
48.7 -0.00171583 0.000455542
48.75 -0.00169094 0.000454451
48.8 -0.00166536 0.00045338
48.85 -0.00163912 0.000452333
48.9 -0.00161223 0.00045131
48.95 -0.00158472 0.000450313
49 -0.00155662 0.000449344
49.05 -0.00152795 0.000448405
49.1 -0.00149874 0.000447496
49.15 -0.001469 0.000446619
49.2 -0.00143877 0.000445776
49.25 -0.00140807 0.000444968
49.3 -0.00137691 0.000444194
49.35 -0.00134534 0.000443457
49.4 -0.00131337 0.000442758
49.45 -0.00128102 0.000442096
49.5 -0.00124833 0.000441472
49.55 -0.00121531 0.000440887
49.6 -0.001182 0.000440342
49.65 -0.0011484 0.000439836
49.7 -0.00111456 0.000439371
49.75 -0.00108049 0.000438945
49.8 -0.00104622 0.000438559
49.85 -0.00101177 0.000438213
49.9 -0.000977168 0.000437908
49.95 -0.000942433 0.000437641
50 -0.000907592 0.000437415
