-0.498 -4.13129e-05 -4.52943e-05
-0.496 -0.000165165 -0.000180834
-0.494 -0.000372739 -0.000406144
-0.492 -0.000666927 -0.000720788
-0.49 -0.00105227 -0.00112435
-0.488 -0.00153489 -0.0016164
-0.486 -0.0021224 -0.00219649
-0.484 -0.00282383 -0.00286412
-0.482 -0.00364953 -0.0036187
-0.48 -0.00461102 -0.00445954
-0.478 -0.00572093 -0.0053858
-0.476 -0.00699284 -0.00639649
-0.474 -0.00844119 -0.0074904
-0.472 -0.0100811 -0.0086661
-0.47 -0.0119282 -0.00992189
-0.468 -0.0139987 -0.0112558
-0.466 -0.0163088 -0.0126655
-0.464 -0.0188752 -0.0141483
-0.462 -0.0217143 -0.0157012
-0.46 -0.0248424 -0.0173206
-0.458 -0.0282756 -0.0190027
-0.456 -0.0320293 -0.020743
-0.454 -0.0361186 -0.0225367
-0.452 -0.0405575 -0.0243782
-0.45 -0.0453595 -0.0262617
-0.448 -0.0505367 -0.0281805
-0.446 -0.0561004 -0.0301274
-0.444 -0.0620603 -0.0320948
-0.442 -0.0684249 -0.0340742
-0.44 -0.0752012 -0.0360566
-0.438 -0.0823945 -0.0380322
-0.436 -0.0900083 -0.0399907
-0.434 -0.0980444 -0.041921
-0.432 -0.106503 -0.0438114
-0.43 -0.115381 -0.0456496
-0.428 -0.124676 -0.0474224
-0.426 -0.13438 -0.0491162
-0.424 -0.144485 -0.0507164
-0.422 -0.154981 -0.052208
-0.42 -0.165855 -0.0535753
-0.418 -0.17709 -0.0548019
-0.416 -0.188671 -0.0558709
-0.414 -0.200576 -0.0567645
-0.412 -0.212784 -0.0574648
-0.41 -0.22527 -0.0579528
-0.408 -0.238007 -0.0582095
-0.406 -0.250965 -0.058215
-0.404 -0.264113 -0.0579491
-0.402 -0.277417 -0.0573912
-0.4 -0.290841 -0.0565201
-0.398 -0.304346 -0.0553145
-0.396 -0.317892 -0.0537527
-0.394 -0.331435 -0.0518125
-0.392 -0.34493 -0.0494718
-0.39 -0.358332 -0.0467081
-0.388 -0.37159 -0.0434988
-0.386 -0.384653 -0.0398213
-0.384 -0.39747 -0.035653
-0.382 -0.409986 -0.0309711
-0.38 -0.422144 -0.0257532
-0.378 -0.433886 -0.0199768
-0.376 -0.445154 -0.0136198
-0.374 -0.455887 -0.00666037
-0.372 -0.466023 0.00092305
-0.37 -0.475498 0.00915151
-0.368 -0.484249 0.0180456
-0.366 -0.492211 0.0276251
-0.364 -0.499317 0.0379095
-0.362 -0.505501 0.0489173
-0.36 -0.510696 0.060666
-0.358 -0.514834 0.0731725
-0.356 -0.517848 0.0864524
-0.354 -0.51967 0.10052
-0.352 -0.520231 0.115389
-0.35 -0.519465 0.131072
-0.348 -0.517305 0.147579
-0.346 -0.513684 0.164918
-0.344 -0.508537 0.183098
-0.342 -0.5018 0.202124
-0.34 -0.493409 0.222001
-0.338 -0.483304 0.242729
-0.336 -0.471425 0.264309
-0.334 -0.457713 0.286738
-0.332 -0.442115 0.310013
-0.33 -0.424576 0.334125
-0.328 -0.405048 0.359067
-0.326 -0.383484 0.384825
-0.324 -0.359839 0.411385
-0.322 -0.334075 0.438729
-0.32 -0.306155 0.466839
-0.318 -0.276048 0.49569
-0.316 -0.243727 0.525256
-0.314 -0.209169 0.555509
-0.312 -0.172357 0.586417
-0.31 -0.133279 0.617944
-0.308 -0.0919281 0.650051
-0.306 -0.048303 0.682699
-0.304 -0.00240872 0.715841
-0.302 0.0457437 0.74943
-0.3 0.096137 0.783416
-0.298 0.148748 0.817745
-0.296 0.203546 0.85236
-0.294 0.260494 0.8872
-0.292 0.31955 0.922204
-0.29 0.380664 0.957307
-0.288 0.443779 0.992441
-0.286 0.508832 1.02754
-0.284 0.575753 1.06252
-0.282 0.644467 1.09732
-0.28 0.714892 1.13185
-0.278 0.786939 1.16605
-0.276 0.860516 1.19983
-0.274 0.935523 1.23311
-0.272 1.01186 1.26581
-0.27 1.08941 1.29785
-0.268 1.16806 1.32914
-0.266 1.2477 1.35962
-0.264 1.3282 1.38919
-0.262 1.40945 1.41778
-0.26 1.49131 1.44531
-0.258 1.57367 1.47169
-0.256 1.65637 1.49687
-0.254 1.73931 1.52075
-0.252 1.82234 1.54327
-0.25 1.90534 1.56437
-0.248 1.98818 1.58398
-0.246 2.07073 1.60203
-0.244 2.15286 1.61847
-0.242 2.23444 1.63325
-0.24 2.31537 1.64632
-0.238 2.39552 1.65763
-0.236 2.47478 1.66715
-0.234 2.55304 1.67484
-0.232 2.6302 1.68068
-0.23 2.70616 1.68463
-0.228 2.78083 1.68669
-0.226 2.85413 1.68684
-0.224 2.92598 1.68507
-0.222 2.99631 1.6814
-0.22 3.06506 1.67582
-0.218 3.13216 1.66835
-0.216 3.19757 1.65901
-0.214 3.26126 1.64782
-0.212 3.32318 1.63481
-0.21 3.38332 1.62003
-0.208 3.44165 1.60352
-0.206 3.49818 1.58532
-0.204 3.55289 1.56549
-0.202 3.6058 1.54409
-0.2 3.65692 1.5212
-0.198 3.70627 1.49687
-0.196 3.7539 1.47119
-0.194 3.79982 1.44423
-0.192 3.8441 1.41609
-0.19 3.88677 1.38684
-0.188 3.92791 1.35659
-0.186 3.96757 1.32544
-0.184 4.00583 1.29347
-0.182 4.04276 1.26081
-0.18 4.07844 1.22754
-0.178 4.11297 1.19379
-0.176 4.14643 1.15966
-0.174 4.17893 1.12527
-0.172 4.21056 1.09073
-0.17 4.24143 1.05616
-0.168 4.27165 1.02167
-0.166 4.30133 0.987397
-0.164 4.3306 0.953444
-0.162 4.35956 0.919935
-0.16 4.38833 0.886991
-0.158 4.41706 0.854731
-0.156 4.44585 0.823275
-0.154 4.47484 0.792741
-0.152 4.50416 0.763248
-0.15 4.53395 0.734912
-0.148 4.56432 0.707849
-0.146 4.59543 0.682174
-0.144 4.6274 0.658
-0.142 4.66037 0.635436
-0.14 4.69448 0.614593
-0.138 4.72987 0.595578
-0.136 4.76667 0.578494
-0.134 4.80503 0.563444
-0.132 4.84508 0.550527
-0.13 4.88697 0.539841
-0.128 4.93083 0.531479
-0.126 4.9768 0.525531
-0.124 5.02502 0.522087
-0.122 5.07563 0.521229
-0.12 5.12877 0.523038
-0.118 5.18457 0.527593
-0.116 5.24318 0.534966
-0.114 5.30472 0.545226
-0.112 5.36932 0.558441
-0.11 5.43713 0.574669
-0.108 5.50826 0.59397
-0.106 5.58285 0.616395
-0.104 5.66102 0.641991
-0.102 5.74289 0.670802
-0.1 5.82858 0.702867
-0.098 5.9182 0.738217
-0.096 6.01187 0.77688
-0.094 6.10968 0.818878
-0.092 6.21174 0.864227
-0.09 6.31814 0.912938
-0.088 6.42898 0.965014
-0.086 6.54432 1.02045
-0.084 6.66424 1.07925
-0.082 6.78882 1.14138
-0.08 6.9181 1.20683
-0.078 7.05213 1.27556
-0.076 7.19094 1.34755
-0.074 7.33458 1.42274
-0.072 7.48304 1.50108
-0.07 7.63633 1.58251
-0.068 7.79444 1.66697
-0.066 7.95734 1.75436
-0.064 8.125 1.84462
-0.062 8.29736 1.93764
-0.06 8.47434 2.03332
-0.058 8.65587 2.13155
-0.056 8.84183 2.2322
-0.054 9.03211 2.33515
-0.052 9.22657 2.44024
-0.05 9.42504 2.54734
-0.048 9.62735 2.65628
-0.046 9.83331 2.7669
-0.044 10.0427 2.87901
-0.042 10.2553 2.99243
-0.04 10.4708 3.10696
-0.038 10.6889 3.22241
-0.036 10.9095 3.33855
-0.034 11.1321 3.45516
-0.032 11.3564 3.57203
-0.03 11.582 3.6889
-0.028 11.8087 3.80555
-0.026 12.036 3.92172
-0.024 12.2635 4.03717
-0.022 12.4908 4.15163
-0.02 12.7175 4.26484
-0.018 12.9431 4.37654
-0.016 13.1672 4.48647
-0.014 13.3893 4.59435
-0.012 13.6089 4.69993
-0.01 13.8256 4.80292
-0.008 14.0389 4.90308
-0.006 14.2482 5.00014
-0.004 14.4532 5.09385
-0.002 14.6534 5.18394
0 14.8481 5.27018
0.002 15.0371 5.35234
0.004 15.2198 5.43017
0.006 15.3957 5.50347
0.008 15.5644 5.57201
0.01 15.7254 5.6356
0.012 15.8784 5.69407
0.014 16.0229 5.74722
0.016 16.1585 5.79492
0.018 16.2848 5.837
0.02 16.4016 5.87336
0.022 16.5084 5.90387
0.024 16.605 5.92844
0.026 16.6911 5.947
0.028 16.7665 5.95948
0.03 16.8308 5.96585
0.032 16.8839 5.96608
0.034 16.9256 5.96016
0.036 16.9558 5.94812
0.038 16.9744 5.92997
0.04 16.9812 5.90577
0.042 16.9762 5.87559
0.044 16.9593 5.8395
0.046 16.9305 5.79761
0.048 16.8899 5.75003
0.05 16.8375 5.6969
0.052 16.7734 5.63835
0.054 16.6976 5.57456
0.056 16.6102 5.5057
0.058 16.5114 5.43195
0.06 16.4014 5.35351
0.062 16.2804 5.27059
0.064 16.1484 5.18342
0.066 16.0059 5.09222
0.068 15.8529 4.99722
0.07 15.6899 4.89868
0.072 15.5169 4.79684
0.074 15.3344 4.69196
0.076 15.1426 4.5843
0.078 14.9419 4.47413
0.08 14.7326 4.3617
0.082 14.5149 4.24729
0.084 14.2894 4.13116
0.086 14.0562 4.01358
0.088 13.8159 3.89482
0.09 13.5687 3.77514
0.092 13.315 3.6548
0.094 13.0553 3.53406
0.096 12.7898 3.41317
0.098 12.5191 3.29238
0.1 12.2434 3.17194
0.102 11.9632 3.05207
0.104 11.6788 2.93301
0.106 11.3907 2.81498
0.108 11.0992 2.69819
0.11 10.8048 2.58285
0.112 10.5078 2.46916
0.114 10.2086 2.35729
0.116 9.90761 2.24744
0.118 9.60518 2.13977
0.12 9.30169 2.03443
0.122 8.99752 1.93158
0.124 8.69304 1.83135
0.126 8.3886 1.73388
0.128 8.08456 1.63928
0.13 7.78127 1.54766
0.132 7.47907 1.45911
0.134 7.17831 1.37372
0.136 6.87931 1.29158
0.138 6.5824 1.21273
0.14 6.28789 1.13725
0.142 5.99609 1.06517
0.144 5.7073 0.996535
0.146 5.42182 0.931368
0.148 5.13992 0.869686
0.15 4.86188 0.811497
0.152 4.58796 0.756801
0.154 4.31843 0.705586
0.156 4.05352 0.657835
0.158 3.79348 0.61352
0.16 3.53853 0.572608
0.162 3.28889 0.535057
0.164 3.04476 0.500816
0.166 2.80634 0.469831
0.168 2.5738 0.442037
0.17 2.34733 0.417367
0.172 2.12708 0.395745
0.174 1.9132 0.37709
0.176 1.70582 0.361318
0.178 1.50508 0.348336
0.18 1.31109 0.338051
0.182 1.12393 0.330363
0.184 0.943706 0.325169
0.186 0.770486 0.322362
0.188 0.604331 0.321833
0.19 0.445288 0.323469
0.192 0.293394 0.327155
0.194 0.148669 0.332775
0.196 0.0111222 0.340208
0.198 -0.119251 0.349336
0.2 -0.242469 0.360036
0.202 -0.358562 0.372187
0.204 -0.467575 0.385665
0.206 -0.569565 0.400347
0.208 -0.664601 0.416111
0.21 -0.752766 0.432833
0.212 -0.834155 0.450393
0.214 -0.908873 0.468667
0.216 -0.977041 0.487538
0.218 -1.03879 0.506886
0.22 -1.09425 0.526594
0.222 -1.14359 0.546548
0.224 -1.18696 0.566636
0.226 -1.22453 0.586746
0.228 -1.25649 0.606773
0.23 -1.28302 0.62661
0.232 -1.30432 0.646158
0.234 -1.3206 0.665317
0.236 -1.33206 0.683995
0.238 -1.33893 0.702099
0.24 -1.34141 0.719543
0.242 -1.33975 0.736246
0.244 -1.33417 0.752128
0.246 -1.3249 0.767116
0.248 -1.31217 0.78114
0.25 -1.29623 0.794137
0.252 -1.27731 0.806047
0.254 -1.25565 0.816816
0.256 -1.23148 0.826394
0.258 -1.20503 0.834737
0.26 -1.17653 0.841807
0.262 -1.14622 0.84757
0.264 -1.11431 0.851998
0.266 -1.08103 0.855069
0.268 -1.04658 0.856764
0.27 -1.01118 0.857073
0.272 -0.975021 0.855989
0.274 -0.938298 0.853511
0.276 -0.901198 0.849643
0.278 -0.863897 0.844395
0.28 -0.826566 0.83778
0.282 -0.789364 0.829819
0.284 -0.752443 0.820535
0.286 -0.715944 0.809958
0.288 -0.679999 0.798121
0.29 -0.644732 0.785062
0.292 -0.610256 0.770822
0.294 -0.576673 0.755447
0.296 -0.544078 0.738987
0.298 -0.512554 0.721495
0.3 -0.482175 0.703026
0.302 -0.453007 0.683639
0.304 -0.425104 0.663395
0.306 -0.398515 0.642359
0.308 -0.373276 0.620595
0.31 -0.349418 0.598171
0.312 -0.326961 0.575157
0.314 -0.305919 0.551621
0.316 -0.286298 0.527635
0.318 -0.268097 0.50327
0.32 -0.251308 0.478598
0.322 -0.235918 0.453688
0.324 -0.221906 0.428614
0.326 -0.209247 0.403444
0.328 -0.197912 0.378248
0.33 -0.187863 0.353095
0.332 -0.179064 0.328051
0.334 -0.171469 0.30318
0.336 -0.165034 0.278547
0.338 -0.159708 0.254213
0.34 -0.155438 0.230235
0.342 -0.152172 0.206669
0.344 -0.149851 0.18357
0.346 -0.148419 0.160988
0.348 -0.147816 0.138971
0.35 -0.147981 0.117563
0.352 -0.148854 0.0968045
0.354 -0.150373 0.0767349
0.356 -0.152477 0.0573883
0.358 -0.155105 0.0387961
0.36 -0.158197 0.0209862
0.362 -0.161691 0.00398278
0.364 -0.165528 -0.0121931
0.366 -0.169651 -0.027524
0.368 -0.174002 -0.041996
0.37 -0.178526 -0.0555983
0.372 -0.183167 -0.0683238
0.374 -0.187875 -0.0801684
0.376 -0.192597 -0.0911312
0.378 -0.197286 -0.101215
0.38 -0.201895 -0.110424
0.382 -0.206379 -0.118767
0.384 -0.210697 -0.126256
0.386 -0.214808 -0.132903
0.388 -0.218675 -0.138725
0.39 -0.222263 -0.14374
0.392 -0.22554 -0.14797
0.394 -0.228477 -0.151436
0.396 -0.231047 -0.154164
0.398 -0.233224 -0.156181
0.4 -0.234988 -0.157514
0.402 -0.23632 -0.158192
0.404 -0.237203 -0.158248
0.406 -0.237626 -0.157712
0.408 -0.237576 -0.156618
0.41 -0.237047 -0.154999
0.412 -0.236034 -0.15289
0.414 -0.234534 -0.150325
0.416 -0.232548 -0.14734
0.418 -0.23008 -0.143969
0.42 -0.227134 -0.140249
0.422 -0.22372 -0.136213
0.424 -0.219848 -0.131898
0.426 -0.215531 -0.127336
0.428 -0.210786 -0.122563
0.43 -0.20563 -0.117612
0.432 -0.200083 -0.112514
0.434 -0.194168 -0.107302
0.436 -0.187908 -0.102006
0.438 -0.181329 -0.0966559
0.44 -0.17446 -0.0912797
0.442 -0.167329 -0.0859048
0.444 -0.159968 -0.080557
0.446 -0.152409 -0.0752607
0.448 -0.144684 -0.070039
0.45 -0.136828 -0.0649135
0.452 -0.128876 -0.0599044
0.454 -0.120865 -0.05503
0.456 -0.11283 -0.0503075
0.458 -0.104809 -0.0457522
0.46 -0.0968391 -0.0413779
0.462 -0.0889565 -0.0371968
0.464 -0.0811987 -0.0332196
0.466 -0.0736024 -0.0294554
0.468 -0.0662037 -0.0259117
0.47 -0.0590384 -0.0225945
0.472 -0.0521412 -0.0195084
0.474 -0.0455459 -0.0166563
0.476 -0.0392853 -0.0140401
0.478 -0.0333908 -0.01166
0.48 -0.0278925 -0.00951512
0.482 -0.0228186 -0.0076032
0.484 -0.018196 -0.00592091
0.486 -0.0140494 -0.0044638
0.488 -0.0104017 -0.0032264
0.49 -0.00727382 -0.00220227
0.492 -0.00468426 -0.00138413
0.494 -0.00264936 -0.000763911
0.496 -0.00118309 -0.000332829
0.498 -0.00029696 -8.14974e-05
0.05 7.084 2.4605
0.1 7.08385 2.46034
0.15 7.0836 2.46007
0.2 7.08326 2.45969
0.25 7.08281 2.45921
0.3 7.08227 2.45862
0.35 7.08163 2.45793
0.4 7.08089 2.45713
0.45 7.08005 2.45622
0.5 7.07911 2.4552
0.55 7.07807 2.45408
0.6 7.07693 2.45285
0.65 7.07569 2.45152
0.7 7.07436 2.45008
0.75 7.07292 2.44853
0.8 7.07138 2.44688
0.85 7.06974 2.44512
0.9 7.06801 2.44326
0.95 7.06617 2.44129
1 7.06423 2.43922
1.05 7.06219 2.43704
1.1 7.06005 2.43476
1.15 7.0578 2.43237
1.2 7.05546 2.42988
1.25 7.05301 2.42729
1.3 7.05046 2.42459
1.35 7.04781 2.42179
1.4 7.04505 2.41889
1.45 7.04219 2.41589
1.5 7.03923 2.41278
1.55 7.03616 2.40957
1.6 7.03299 2.40626
1.65 7.02972 2.40286
1.7 7.02634 2.39935
1.75 7.02285 2.39574
1.8 7.01926 2.39203
1.85 7.01556 2.38822
1.9 7.01176 2.38431
1.95 7.00785 2.38031
2 7.00383 2.37621
2.05 6.9997 2.37201
2.1 6.99547 2.36771
2.15 6.99113 2.36332
2.2 6.98668 2.35883
2.25 6.98212 2.35424
2.3 6.97744 2.34957
2.35 6.97266 2.34479
2.4 6.96777 2.33993
2.45 6.96277 2.33497
2.5 6.95765 2.32992
2.55 6.95243 2.32478
2.6 6.94709 2.31954
2.65 6.94164 2.31422
2.7 6.93607 2.30881
2.75 6.93039 2.3033
2.8 6.92459 2.29771
2.85 6.91869 2.29203
2.9 6.91266 2.28626
2.95 6.90652 2.28041
3 6.90026 2.27447
3.05 6.89389 2.26845
3.1 6.8874 2.26234
3.15 6.88079 2.25614
3.2 6.87406 2.24987
3.25 6.86721 2.24351
3.3 6.86024 2.23707
3.35 6.85316 2.23055
3.4 6.84595 2.22395
3.45 6.83862 2.21727
3.5 6.83118 2.21052
3.55 6.82361 2.20368
3.6 6.81591 2.19677
3.65 6.8081 2.18978
3.7 6.80016 2.18272
3.75 6.7921 2.17558
3.8 6.78391 2.16837
3.85 6.7756 2.16109
3.9 6.76716 2.15374
3.95 6.7586 2.14631
4 6.74991 2.13882
4.05 6.7411 2.13125
4.1 6.73216 2.12362
4.15 6.72309 2.11593
4.2 6.7139 2.10816
4.25 6.70457 2.10033
4.3 6.69512 2.09244
4.35 6.68554 2.08448
4.4 6.67583 2.07646
4.45 6.66599 2.06838
4.5 6.65602 2.06024
4.55 6.64592 2.05204
4.6 6.63569 2.04378
4.65 6.62533 2.03546
4.7 6.61483 2.02709
4.75 6.60421 2.01866
4.8 6.59345 2.01018
4.85 6.58256 2.00164
4.9 6.57154 1.99306
4.95 6.56039 1.98442
5 6.5491 1.97573
5.05 6.53768 1.96699
5.1 6.52613 1.9582
5.15 6.51444 1.94937
5.2 6.50262 1.94049
5.25 6.49066 1.93157
5.3 6.47857 1.9226
5.35 6.46635 1.91359
5.4 6.45399 1.90454
5.45 6.44149 1.89544
5.5 6.42886 1.88631
5.55 6.4161 1.87714
5.6 6.4032 1.86793
5.65 6.39017 1.85869
5.7 6.377 1.84941
5.75 6.36369 1.8401
5.8 6.35025 1.83076
5.85 6.33668 1.82138
5.9 6.32297 1.81198
5.95 6.30912 1.80254
6 6.29514 1.79308
6.05 6.28103 1.78359
6.1 6.26678 1.77407
6.15 6.25239 1.76453
6.2 6.23787 1.75497
6.25 6.22322 1.74539
6.3 6.20843 1.73578
6.35 6.19351 1.72616
6.4 6.17845 1.71651
6.45 6.16326 1.70685
6.5 6.14794 1.69717
6.55 6.13248 1.68748
6.6 6.11689 1.67777
6.65 6.10116 1.66805
6.7 6.08531 1.65832
6.75 6.06932 1.64858
6.8 6.0532 1.63883
6.85 6.03695 1.62907
6.9 6.02057 1.61931
6.95 6.00405 1.60954
7 5.98741 1.59976
7.05 5.97064 1.58998
7.1 5.95374 1.5802
7.15 5.93671 1.57042
7.2 5.91955 1.56064
7.25 5.90227 1.55086
7.3 5.88486 1.54109
7.35 5.86732 1.53132
7.4 5.84965 1.52155
7.45 5.83186 1.51179
7.5 5.81395 1.50204
7.55 5.79591 1.49229
7.6 5.77775 1.48256
7.65 5.75947 1.47284
7.7 5.74107 1.46313
7.75 5.72254 1.45343
7.8 5.7039 1.44375
7.85 5.68513 1.43408
7.9 5.66625 1.42443
7.95 5.64725 1.4148
8 5.62814 1.40519
8.05 5.6089 1.3956
8.1 5.58956 1.38603
8.15 5.5701 1.37648
8.2 5.55052 1.36695
8.25 5.53084 1.35746
8.3 5.51104 1.34798
8.35 5.49113 1.33854
8.4 5.47112 1.32912
8.45 5.451 1.31973
8.5 5.43077 1.31037
8.55 5.41043 1.30105
8.6 5.38999 1.29176
8.65 5.36945 1.2825
8.7 5.3488 1.27327
8.75 5.32806 1.26408
8.8 5.30721 1.25493
8.85 5.28627 1.24582
8.9 5.26523 1.23675
8.95 5.24409 1.22771
9 5.22286 1.21872
9.05 5.20153 1.20977
9.1 5.18011 1.20086
9.15 5.1586 1.192
9.2 5.137 1.18318
9.25 5.11532 1.17441
9.3 5.09354 1.16568
9.35 5.07168 1.15701
9.4 5.04974 1.14838
9.45 5.02772 1.1398
9.5 5.00561 1.13128
9.55 4.98342 1.1228
9.6 4.96116 1.11438
9.65 4.93882 1.10602
9.7 4.91641 1.0977
9.75 4.89392 1.08945
9.8 4.87136 1.08125
9.85 4.84872 1.0731
9.9 4.82602 1.06502
9.95 4.80326 1.05699
10 4.78042 1.04902
10.05 4.75752 1.04112
10.1 4.73456 1.03328
10.15 4.71154 1.02549
10.2 4.68846 1.01777
10.25 4.66533 1.01012
10.3 4.64213 1.00253
10.35 4.61889 0.995004
10.4 4.59559 0.987545
10.45 4.57224 0.980153
10.5 4.54884 0.972828
10.55 4.52539 0.965572
10.6 4.5019 0.958384
10.65 4.47836 0.951266
10.7 4.45478 0.944218
10.75 4.43116 0.93724
10.8 4.4075 0.930335
10.85 4.38381 0.923501
10.9 4.36008 0.91674
10.95 4.33631 0.910052
11 4.31252 0.903438
11.05 4.2887 0.896898
11.1 4.26484 0.890433
11.15 4.24096 0.884043
11.2 4.21706 0.877729
11.25 4.19314 0.871492
11.3 4.16919 0.865331
11.35 4.14522 0.859248
11.4 4.12124 0.853242
11.45 4.09725 0.847315
11.5 4.07323 0.841466
11.55 4.04921 0.835696
11.6 4.02518 0.830005
11.65 4.00114 0.824394
11.7 3.97709 0.818863
11.75 3.95304 0.813412
11.8 3.92899 0.808042
11.85 3.90494 0.802753
11.9 3.88088 0.797545
11.95 3.85683 0.792419
12 3.83279 0.787374
12.05 3.80875 0.782412
12.1 3.78472 0.777531
12.15 3.7607 0.772733
12.2 3.7367 0.768018
12.25 3.7127 0.763385
12.3 3.68872 0.758835
12.35 3.66476 0.754368
12.4 3.64082 0.749985
12.45 3.6169 0.745684
12.5 3.593 0.741467
12.55 3.56913 0.737332
12.6 3.54529 0.733282
12.65 3.52147 0.729315
12.7 3.49768 0.725431
12.75 3.47392 0.72163
12.8 3.4502 0.717913
12.85 3.42651 0.714279
12.9 3.40286 0.710729
12.95 3.37924 0.707261
13 3.35567 0.703877
13.05 3.33214 0.700576
13.1 3.30865 0.697357
13.15 3.28521 0.694222
13.2 3.26181 0.691168
13.25 3.23846 0.688198
13.3 3.21516 0.685309
13.35 3.19192 0.682502
13.4 3.16872 0.679777
13.45 3.14558 0.677134
13.5 3.1225 0.674571
13.55 3.09948 0.67209
13.6 3.07651 0.669689
13.65 3.05361 0.667369
13.7 3.03077 0.665128
13.75 3.00799 0.662968
13.8 2.98528 0.660886
13.85 2.96263 0.658884
13.9 2.94005 0.656959
13.95 2.91755 0.655114
14 2.89511 0.653345
14.05 2.87275 0.651654
14.1 2.85046 0.65004
14.15 2.82824 0.648502
14.2 2.8061 0.64704
14.25 2.78405 0.645653
14.3 2.76207 0.644341
14.35 2.74017 0.643103
14.4 2.71835 0.64194
14.45 2.69661 0.640849
14.5 2.67496 0.639831
14.55 2.6534 0.638884
14.6 2.63192 0.638009
14.65 2.61053 0.637205
14.7 2.58923 0.636472
14.75 2.56802 0.635807
14.8 2.5469 0.635212
14.85 2.52587 0.634684
14.9 2.50494 0.634224
14.95 2.4841 0.633831
15 2.46336 0.633504
15.05 2.44271 0.633242
15.1 2.42216 0.633045
15.15 2.40171 0.632911
15.2 2.38136 0.632841
15.25 2.36111 0.632833
15.3 2.34096 0.632887
15.35 2.32092 0.633001
15.4 2.30097 0.633175
15.45 2.28113 0.633408
15.5 2.2614 0.6337
15.55 2.24177 0.634048
15.6 2.22224 0.634454
15.65 2.20283 0.634915
15.7 2.18352 0.635431
15.75 2.16432 0.636001
15.8 2.14523 0.636623
15.85 2.12625 0.637298
15.9 2.10738 0.638025
15.95 2.08862 0.638801
16 2.06997 0.639627
16.05 2.05143 0.640501
16.1 2.03301 0.641423
16.15 2.0147 0.642391
16.2 1.9965 0.643405
16.25 1.97842 0.644463
16.3 1.96045 0.645565
16.35 1.9426 0.64671
16.4 1.92486 0.647896
16.45 1.90724 0.649123
16.5 1.88974 0.650389
16.55 1.87235 0.651694
16.6 1.85508 0.653037
16.65 1.83792 0.654416
16.7 1.82089 0.655831
16.75 1.80397 0.65728
16.8 1.78717 0.658763
16.85 1.77048 0.660278
16.9 1.75392 0.661824
16.95 1.73747 0.663401
17 1.72115 0.665007
17.05 1.70494 0.666642
17.1 1.68885 0.668303
17.15 1.67288 0.669991
17.2 1.65702 0.671703
17.25 1.64129 0.67344
17.3 1.62568 0.675199
17.35 1.61018 0.67698
17.4 1.59481 0.678782
17.45 1.57955 0.680604
17.5 1.56441 0.682444
17.55 1.54939 0.684301
17.6 1.53449 0.686175
17.65 1.51971 0.688065
17.7 1.50505 0.689968
17.75 1.4905 0.691885
17.8 1.47608 0.693814
17.85 1.46177 0.695754
17.9 1.44758 0.697704
17.95 1.4335 0.699663
18 1.41955 0.701629
18.05 1.40571 0.703603
18.1 1.39198 0.705582
18.15 1.37838 0.707565
18.2 1.36488 0.709552
18.25 1.35151 0.711542
18.3 1.33825 0.713533
18.35 1.3251 0.715524
18.4 1.31207 0.717515
18.45 1.29916 0.719504
18.5 1.28635 0.72149
18.55 1.27366 0.723473
18.6 1.26108 0.72545
18.65 1.24862 0.727422
18.7 1.23627 0.729387
18.75 1.22402 0.731344
18.8 1.21189 0.733292
18.85 1.19987 0.73523
18.9 1.18796 0.737157
18.95 1.17616 0.739073
19 1.16447 0.740975
19.05 1.15288 0.742864
19.1 1.1414 0.744738
19.15 1.13003 0.746595
19.2 1.11877 0.748437
19.25 1.10761 0.75026
19.3 1.09655 0.752065
19.35 1.0856 0.75385
19.4 1.07476 0.755615
19.45 1.06401 0.757359
19.5 1.05337 0.75908
19.55 1.04283 0.760778
19.6 1.03239 0.762452
19.65 1.02205 0.764101
19.7 1.01181 0.765724
19.75 1.00167 0.767321
19.8 0.991629 0.76889
19.85 0.981684 0.77043
19.9 0.971835 0.771942
19.95 0.962081 0.773423
20 0.952423 0.774874
20.05 0.942859 0.776293
20.1 0.933388 0.77768
20.15 0.92401 0.779034
20.2 0.914723 0.780353
20.25 0.905528 0.781639
20.3 0.896423 0.782888
20.35 0.887407 0.784102
20.4 0.878481 0.785279
20.45 0.869641 0.786419
20.5 0.860889 0.78752
20.55 0.852223 0.788583
20.6 0.843643 0.789606
20.65 0.835147 0.790589
20.7 0.826735 0.791532
20.75 0.818405 0.792433
20.8 0.810158 0.793292
20.85 0.801992 0.794108
20.9 0.793906 0.794882
20.95 0.7859 0.795611
21 0.777972 0.796297
21.05 0.770123 0.796938
21.1 0.76235 0.797533
21.15 0.754654 0.798083
21.2 0.747033 0.798586
21.25 0.739486 0.799043
21.3 0.732013 0.799453
21.35 0.724613 0.799814
21.4 0.717285 0.800128
21.45 0.710028 0.800394
21.5 0.702842 0.80061
21.55 0.695725 0.800777
21.6 0.688676 0.800895
21.65 0.681696 0.800962
21.7 0.674782 0.800979
21.75 0.667935 0.800946
21.8 0.661153 0.800861
21.85 0.654435 0.800725
21.9 0.647781 0.800538
21.95 0.641191 0.800299
22 0.634662 0.800007
22.05 0.628195 0.799664
22.1 0.621788 0.799267
22.15 0.615441 0.798819
22.2 0.609153 0.798317
22.25 0.602924 0.797762
22.3 0.596751 0.797153
22.35 0.590636 0.796492
22.4 0.584576 0.795776
22.45 0.578571 0.795008
22.5 0.572621 0.794185
22.55 0.566724 0.793308
22.6 0.560881 0.792378
22.65 0.555089 0.791393
22.7 0.549349 0.790355
22.75 0.54366 0.789263
22.8 0.538021 0.788116
22.85 0.532431 0.786916
22.9 0.526889 0.785661
22.95 0.521396 0.784353
23 0.51595 0.78299
23.05 0.51055 0.781574
23.1 0.505197 0.780104
23.15 0.499888 0.77858
23.2 0.494625 0.777002
23.25 0.489405 0.775372
23.3 0.484229 0.773687
23.35 0.479095 0.77195
23.4 0.474003 0.77016
23.45 0.468953 0.768316
23.5 0.463944 0.766421
23.55 0.458975 0.764472
23.6 0.454046 0.762472
23.65 0.449156 0.760419
23.7 0.444305 0.758315
23.75 0.439491 0.756159
23.8 0.434715 0.753953
23.85 0.429977 0.751695
23.9 0.425274 0.749386
23.95 0.420608 0.747028
24 0.415977 0.744619
24.05 0.41138 0.74216
24.1 0.406819 0.739653
24.15 0.402291 0.737096
24.2 0.397797 0.734491
24.25 0.393335 0.731838
24.3 0.388907 0.729136
24.35 0.38451 0.726388
24.4 0.380145 0.723592
24.45 0.375812 0.72075
24.5 0.371509 0.717862
24.55 0.367237 0.714928
24.6 0.362995 0.711949
24.65 0.358782 0.708926
24.7 0.354599 0.705858
24.75 0.350445 0.702746
24.8 0.34632 0.699591
24.85 0.342222 0.696394
24.9 0.338153 0.693154
24.95 0.334111 0.689873
25 0.330097 0.68655
25.05 0.326109 0.683187
25.1 0.322148 0.679784
25.15 0.318214 0.676341
25.2 0.314306 0.67286
25.25 0.310423 0.66934
25.3 0.306566 0.665783
25.35 0.302734 0.662188
25.4 0.298928 0.658557
25.45 0.295146 0.65489
25.5 0.291389 0.651188
25.55 0.287656 0.647452
25.6 0.283948 0.643681
25.65 0.280263 0.639877
25.7 0.276602 0.63604
25.75 0.272965 0.632171
25.8 0.269351 0.628271
25.85 0.26576 0.62434
25.9 0.262193 0.620379
25.95 0.258648 0.616389
26 0.255126 0.61237
26.05 0.251627 0.608323
26.1 0.24815 0.604248
26.15 0.244696 0.600147
26.2 0.241264 0.59602
26.25 0.237854 0.591868
26.3 0.234466 0.587692
26.35 0.231101 0.583491
26.4 0.227757 0.579268
26.45 0.224434 0.575022
26.5 0.221134 0.570754
26.55 0.217855 0.566466
26.6 0.214598 0.562157
26.65 0.211362 0.557829
26.7 0.208148 0.553482
26.75 0.204955 0.549117
26.8 0.201784 0.544735
26.85 0.198634 0.540336
26.9 0.195505 0.535921
26.95 0.192397 0.531492
27 0.189311 0.527047
27.05 0.186246 0.52259
27.1 0.183203 0.518119
27.15 0.18018 0.513636
27.2 0.177179 0.509142
27.25 0.174199 0.504638
27.3 0.171241 0.500123
27.35 0.168304 0.495599
27.4 0.165388 0.491067
27.45 0.162493 0.486526
27.5 0.15962 0.481979
27.55 0.156768 0.477426
27.6 0.153937 0.472867
27.65 0.151128 0.468303
27.7 0.14834 0.463735
27.75 0.145574 0.459164
27.8 0.14283 0.45459
27.85 0.140107 0.450014
27.9 0.137406 0.445437
27.95 0.134726 0.440859
28 0.132068 0.436281
28.05 0.129432 0.431705
28.1 0.126818 0.42713
28.15 0.124226 0.422557
28.2 0.121656 0.417987
28.25 0.119108 0.413421
28.3 0.116582 0.408859
28.35 0.114078 0.404302
28.4 0.111596 0.39975
28.45 0.109137 0.395206
28.5 0.1067 0.390668
28.55 0.104286 0.386137
28.6 0.101894 0.381615
28.65 0.0995245 0.377103
28.7 0.0971777 0.372599
28.75 0.0948537 0.368106
28.8 0.0925524 0.363624
28.85 0.090274 0.359153
28.9 0.0880185 0.354694
28.95 0.085786 0.350248
29 0.0835765 0.345815
29.05 0.0813901 0.341396
29.1 0.0792269 0.336992
29.15 0.077087 0.332603
29.2 0.0749703 0.328229
29.25 0.0728769 0.323872
29.3 0.070807 0.319531
29.35 0.0687606 0.315208
29.4 0.0667376 0.310903
29.45 0.0647383 0.306616
29.5 0.0627625 0.302348
29.55 0.0608105 0.298099
29.6 0.0588822 0.293871
29.65 0.0569776 0.289662
29.7 0.0550969 0.285475
29.75 0.05324 0.28131
29.8 0.0514071 0.277166
29.85 0.049598 0.273045
29.9 0.047813 0.268947
29.95 0.0460519 0.264872
30 0.0443149 0.26082
30.05 0.0426019 0.256794
30.1 0.040913 0.252791
30.15 0.0392481 0.248814
30.2 0.0376074 0.244863
30.25 0.0359908 0.240937
30.3 0.0343984 0.237037
30.35 0.0328301 0.233165
30.4 0.0312859 0.229319
30.45 0.0297659 0.225501
30.5 0.02827 0.221711
30.55 0.0267983 0.217948
30.6 0.0253507 0.214215
30.65 0.0239272 0.21051
30.7 0.0225278 0.206834
30.75 0.0211524 0.203187
30.8 0.0198011 0.199571
30.85 0.0184738 0.195984
30.9 0.0171705 0.192428
30.95 0.0158912 0.188903
31 0.0146357 0.185408
31.05 0.0134041 0.181944
31.1 0.0121963 0.178512
31.15 0.0110123 0.175111
31.2 0.00985196 0.171743
31.25 0.00871526 0.168406
31.3 0.00760214 0.165102
31.35 0.00651251 0.16183
31.4 0.00544632 0.15859
31.45 0.00440348 0.155384
31.5 0.00338391 0.15221
31.55 0.00238753 0.14907
31.6 0.00141424 0.145963
31.65 0.000463953 0.14289
31.7 -0.000463431 0.13985
31.75 -0.00136801 0.136844
31.8 -0.0022499 0.133871
31.85 -0.00310921 0.130933
31.9 -0.00394604 0.128029
31.95 -0.00476053 0.125159
32 -0.00555278 0.122323
32.05 -0.00632293 0.119521
32.1 -0.00707111 0.116754
32.15 -0.00779746 0.114021
32.2 -0.0085021 0.111323
32.25 -0.00918519 0.108659
32.3 -0.00984687 0.106029
32.35 -0.0104873 0.103434
32.4 -0.0111066 0.100874
32.45 -0.011705 0.0983483
32.5 -0.0122825 0.0958571
32.55 -0.0128395 0.0934004
32.6 -0.013376 0.0909782
32.65 -0.0138922 0.0885905
32.7 -0.0143883 0.0862373
32.75 -0.0148645 0.0839184
32.8 -0.015321 0.0816339
32.85 -0.0157578 0.0793837
32.9 -0.0161754 0.0771676
32.95 -0.0165737 0.0749857
33 -0.0169531 0.0728378
33.05 -0.0173137 0.0707239
33.1 -0.0176557 0.0686439
33.15 -0.0179793 0.0665976
33.2 -0.0182848 0.0645849
33.25 -0.0185723 0.0626057
33.3 -0.0188421 0.0606599
33.35 -0.0190944 0.0587474
33.4 -0.0193293 0.056868
33.45 -0.0195472 0.0550215
33.5 -0.0197482 0.0532078
33.55 -0.0199326 0.0514268
33.6 -0.0201006 0.0496783
33.65 -0.0202525 0.0479621
33.7 -0.0203884 0.0462779
33.75 -0.0205086 0.0446258
33.8 -0.0206133 0.0430054
33.85 -0.0207028 0.0414165
33.9 -0.0207774 0.039859
33.95 -0.0208372 0.0383326
34 -0.0208825 0.0368372
34.05 -0.0209136 0.0353725
34.1 -0.0209307 0.0339383
34.15 -0.020934 0.0325343
34.2 -0.0209239 0.0311604
34.25 -0.0209005 0.0298162
34.3 -0.0208642 0.0285017
34.35 -0.0208151 0.0272164
34.4 -0.0207535 0.0259601
34.45 -0.0206798 0.0247327
34.5 -0.0205941 0.0235338
34.55 -0.0204967 0.0223632
34.6 -0.0203878 0.0212206
34.65 -0.0202678 0.0201057
34.7 -0.0201369 0.0190183
34.75 -0.0199953 0.017958
34.8 -0.0198433 0.0169247
34.85 -0.0196812 0.015918
34.9 -0.0195092 0.0149376
34.95 -0.0193276 0.0139832
35 -0.0191367 0.0130546
35.05 -0.0189367 0.0121514
35.1 -0.0187279 0.0112734
35.15 -0.0185106 0.0104203
35.2 -0.0182849 0.00959164
35.25 -0.0180512 0.00878726
35.3 -0.0178097 0.0080068
35.35 -0.0175607 0.00724997
35.4 -0.0173045 0.00651644
35.45 -0.0170413 0.0058059
35.5 -0.0167713 0.00511803
35.55 -0.0164948 0.00445253
35.6 -0.0162122 0.00380907
35.65 -0.0159235 0.00318733
35.7 -0.0156291 0.00258699
35.75 -0.0153293 0.00200773
35.8 -0.0150242 0.00144922
35.85 -0.0147142 0.000911144
35.9 -0.0143994 0.000393176
35.95 -0.0140802 -0.00010501
36 -0.0137567 -0.00058374
36.05 -0.0134293 -0.00104334
36.1 -0.013098 -0.00148413
36.15 -0.0127633 -0.00190645
36.2 -0.0124253 -0.00231061
36.25 -0.0120843 -0.00269695
36.3 -0.0117404 -0.00306579
36.35 -0.011394 -0.00341745
36.4 -0.0110452 -0.00375227
36.45 -0.0106943 -0.00407056
36.5 -0.0103415 -0.00437265
36.55 -0.00998705 -0.00465887
36.6 -0.00963111 -0.00492953
36.65 -0.00927391 -0.00518496
36.7 -0.00891569 -0.00542548
36.75 -0.00855664 -0.00565141
36.8 -0.00819697 -0.00586307
36.85 -0.00783689 -0.00606077
36.9 -0.00747661 -0.00624483
36.95 -0.00711631 -0.00641557
37 -0.0067562 -0.0065733
37.05 -0.00639647 -0.00671833
37.1 -0.00603731 -0.00685096
37.15 -0.0056789 -0.00697152
37.2 -0.00532144 -0.00708029
37.25 -0.00496509 -0.0071776
37.3 -0.00461005 -0.00726373
37.35 -0.00425648 -0.00733899
37.4 -0.00390455 -0.00740368
37.45 -0.00355443 -0.00745809
37.5 -0.00320629 -0.00750252
37.55 -0.00286029 -0.00753725
37.6 -0.00251657 -0.00756258
37.65 -0.00217531 -0.00757879
37.7 -0.00183664 -0.00758616
37.75 -0.00150072 -0.00758498
37.8 -0.00116769 -0.00757552
37.85 -0.000837689 -0.00755805
37.9 -0.000510851 -0.00753285
37.95 -0.00018731 -0.00750019
38 0.000132805 -0.00746034
38.05 0.000449367 -0.00741355
38.1 0.000762256 -0.00736009
38.15 0.00107135 -0.00730022
38.2 0.00137654 -0.00723418
38.25 0.00167772 -0.00716223
38.3 0.00197477 -0.00708463
38.35 0.00226759 -0.0070016
38.4 0.00255608 -0.0069134
38.45 0.00284015 -0.00682025
38.5 0.0031197 -0.0067224
38.55 0.00339465 -0.00662008
38.6 0.00366491 -0.00651351
38.65 0.0039304 -0.00640292
38.7 0.00419104 -0.00628852
38.75 0.00444676 -0.00617054
38.8 0.00469749 -0.00604918
38.85 0.00494315 -0.00592466
38.9 0.0051837 -0.00579719
38.95 0.00541906 -0.00566696
39 0.00564919 -0.00553417
39.05 0.00587402 -0.00539902
39.1 0.00609352 -0.00526171
39.15 0.00630764 -0.00512241
39.2 0.00651633 -0.00498131
39.25 0.00671956 -0.00483859
39.3 0.00691729 -0.00469444
39.35 0.0071095 -0.00454901
39.4 0.00729615 -0.00440249
39.45 0.00747722 -0.00425503
39.5 0.00765269 -0.00410679
39.55 0.00782254 -0.00395795
39.6 0.00798676 -0.00380864
39.65 0.00814534 -0.00365902
39.7 0.00829827 -0.00350923
39.75 0.00844555 -0.00335942
39.8 0.00858717 -0.00320973
39.85 0.00872314 -0.00306029
39.9 0.00885346 -0.00291124
39.95 0.00897814 -0.00276269
40 0.0090972 -0.00261478
40.05 0.00921063 -0.00246763
40.1 0.00931848 -0.00232135
40.15 0.00942074 -0.00217605
40.2 0.00951745 -0.00203185
40.25 0.00960863 -0.00188885
40.3 0.00969431 -0.00174716
40.35 0.00977452 -0.00160686
40.4 0.0098493 -0.00146806
40.45 0.00991868 -0.00133085
40.5 0.0099827 -0.00119531
40.55 0.0100414 -0.00106154
40.6 0.0100948 -0.000929604
40.65 0.010143 -0.000799589
40.7 0.010186 -0.000671568
40.75 0.0102239 -0.000545612
40.8 0.0102567 -0.000421787
40.85 0.0102845 -0.000300159
40.9 0.0103074 -0.000180788
40.95 0.0103253 -6.37316e-05
41 0.0103384 5.09549e-05
41.05 0.0103467 0.00016322
41.1 0.0103503 0.000273017
41.15 0.0103492 0.000380298
41.2 0.0103436 0.000485023
41.25 0.0103335 0.000587152
41.3 0.0103189 0.000686649
41.35 0.0103 0.000783481
41.4 0.0102768 0.000877617
41.45 0.0102494 0.00096903
41.5 0.0102178 0.0010577
41.55 0.0101822 0.00114359
41.6 0.0101427 0.0012267
41.65 0.0100992 0.001307
41.7 0.010052 0.00138448
41.75 0.010001 0.00145912
41.8 0.00994645 0.00153093
41.85 0.00988832 0.00159989
41.9 0.00982674 0.001666
41.95 0.00976179 0.00172926
42 0.00969356 0.00178967
42.05 0.00962214 0.00184722
42.1 0.00954762 0.00190194
42.15 0.00947011 0.00195381
42.2 0.00938967 0.00200287
42.25 0.00930642 0.0020491
42.3 0.00922045 0.00209254
42.35 0.00913183 0.00213318
42.4 0.00904068 0.00217106
42.45 0.00894709 0.00220619
42.5 0.00885114 0.0022386
42.55 0.00875294 0.0022683
42.6 0.00865258 0.00229532
42.65 0.00855015 0.00231968
42.7 0.00844575 0.00234142
42.75 0.00833947 0.00236057
42.8 0.00823141 0.00237715
42.85 0.00812166 0.0023912
42.9 0.00801033 0.00240275
42.95 0.00789749 0.00241184
43 0.00778324 0.0024185
43.05 0.00766769 0.00242277
43.1 0.00755092 0.0024247
43.15 0.00743302 0.00242432
43.2 0.00731409 0.00242167
43.25 0.00719422 0.0024168
43.3 0.00707349 0.00240975
43.35 0.00695201 0.00240056
43.4 0.00682985 0.00238929
43.45 0.00670712 0.00237597
43.5 0.00658389 0.00236065
43.55 0.00646025 0.00234338
43.6 0.00633629 0.00232422
43.65 0.0062121 0.0023032
43.7 0.00608776 0.00228039
43.75 0.00596336 0.00225582
43.8 0.00583897 0.00222955
43.85 0.00571467 0.00220164
43.9 0.00559056 0.00217213
43.95 0.00546671 0.00214108
44 0.00534319 0.00210854
44.05 0.00522008 0.00207457
44.1 0.00509747 0.00203921
44.15 0.00497542 0.00200252
44.2 0.004854 0.00196455
44.25 0.00473329 0.00192536
44.3 0.00461336 0.00188501
44.35 0.00449429 0.00184354
44.4 0.00437612 0.00180101
44.45 0.00425894 0.00175747
44.5 0.00414281 0.00171299
44.55 0.00402778 0.00166761
44.6 0.00391393 0.00162138
44.65 0.00380132 0.00157436
44.7 0.00368999 0.00152661
44.75 0.00358001 0.00147817
44.8 0.00347144 0.00142911
44.85 0.00336433 0.00137946
44.9 0.00325873 0.0013293
44.95 0.00315469 0.00127866
45 0.00305226 0.00122759
45.05 0.00295149 0.00117616
45.1 0.00285242 0.00112441
45.15 0.00275511 0.00107239
45.2 0.00265958 0.00102014
45.25 0.00256589 0.000967731
45.3 0.00247407 0.000915197
45.35 0.00238416 0.000862589
45.4 0.00229619 0.000809954
45.45 0.0022102 0.000757339
45.5 0.00212622 0.000704789
45.55 0.00204429 0.000652352
45.6 0.00196442 0.00060007
45.65 0.00188665 0.000547988
45.7 0.001811 0.000496148
45.75 0.0017375 0.000444594
45.8 0.00166617 0.000393367
45.85 0.00159703 0.000342507
45.9 0.00153009 0.000292054
45.95 0.00146538 0.000242047
46 0.00140291 0.000192525
46.05 0.00134269 0.000143525
46.1 0.00128473 9.50824e-05
46.15 0.00122905 4.72335e-05
46.2 0.00117565 1.25898e-08
46.25 0.00112454 -4.65467e-05
46.3 0.00107573 -9.24117e-05
46.35 0.00102921 -0.000137551
46.4 0.000984994 -0.000181933
46.45 0.000943078 -0.000225529
46.5 0.000903463 -0.00026831
46.55 0.000866143 -0.000310248
46.6 0.000831116 -0.000351316
46.65 0.000798375 -0.000391488
46.7 0.000767914 -0.00043074
46.75 0.000739722 -0.000469048
46.8 0.00071379 -0.00050639
46.85 0.000690106 -0.000542743
46.9 0.000668656 -0.000578087
46.95 0.000649427 -0.000612402
47 0.000632401 -0.000645669
47.05 0.000617563 -0.000677871
47.1 0.000604892 -0.000708992
47.15 0.000594369 -0.000739016
47.2 0.000585973 -0.000767927
47.25 0.000579681 -0.000795713
47.3 0.00057547 -0.000822362
47.35 0.000573313 -0.000847861
47.4 0.000573186 -0.0008722
47.45 0.00057506 -0.00089537
47.5 0.000578908 -0.000917362
47.55 0.0005847 -0.000938169
47.6 0.000592405 -0.000957784
47.65 0.000601991 -0.000976202
47.7 0.000613426 -0.000993417
47.75 0.000626676 -0.00100943
47.8 0.000641707 -0.00102423
47.85 0.000658483 -0.00103782
47.9 0.000676967 -0.0010502
47.95 0.000697123 -0.00106137
48 0.000718912 -0.00107134
48.05 0.000742296 -0.00108009
48.1 0.000767235 -0.00108764
48.15 0.000793688 -0.00109399
48.2 0.000821615 -0.00109914
48.25 0.000850974 -0.0011031
48.3 0.000881722 -0.00110588
48.35 0.000913816 -0.00110748
48.4 0.000947214 -0.00110791
48.45 0.000981871 -0.00110718
48.5 0.00101774 -0.00110529
48.55 0.00105478 -0.00110227
48.6 0.00109295 -0.00109812
48.65 0.00113219 -0.00109284
48.7 0.00117247 -0.00108647
48.75 0.00121373 -0.00107899
48.8 0.00125593 -0.00107045
48.85 0.00129902 -0.00106083
48.9 0.00134295 -0.00105017
48.95 0.00138769 -0.00103847
49 0.00143317 -0.00102576
49.05 0.00147935 -0.00101204
49.1 0.00152619 -0.000997348
49.15 0.00157363 -0.000981688
49.2 0.00162163 -0.000965082
49.25 0.00167014 -0.00094755
49.3 0.00171912 -0.000929111
49.35 0.0017685 -0.000909785
49.4 0.00181825 -0.000889594
49.45 0.00186832 -0.000868558
49.5 0.00191866 -0.000846699
49.55 0.00196922 -0.000824039
49.6 0.00201996 -0.000800599
49.65 0.00207082 -0.000776404
49.7 0.00212177 -0.000751475
49.75 0.00217275 -0.000725837
49.8 0.00222372 -0.000699513
49.85 0.00227464 -0.000672526
49.9 0.00232545 -0.000644902
49.95 0.00237612 -0.000616665
50 0.00242659 -0.000587839
