-0.498 0.000327464 -0.00020632
-0.496 0.00137267 -0.000808572
-0.494 0.00322285 -0.00177899
-0.492 0.00595575 -0.00308628
-0.49 0.00963961 -0.00469574
-0.488 0.0143331 -0.00656943
-0.486 0.0200854 -0.0086663
-0.484 0.0269363 -0.0109423
-0.482 0.0349164 -0.0133508
-0.48 0.0440473 -0.0158425
-0.478 0.054342 -0.0183656
-0.476 0.0658052 -0.0208667
-0.474 0.0784337 -0.02329
-0.472 0.0922165 -0.0255784
-0.47 0.107136 -0.0276733
-0.468 0.123168 -0.0295153
-0.466 0.140282 -0.0310439
-0.464 0.158442 -0.0321983
-0.462 0.177607 -0.0329173
-0.46 0.197733 -0.0331401
-0.458 0.218772 -0.0328061
-0.456 0.24067 -0.0318555
-0.454 0.263375 -0.0302294
-0.452 0.286829 -0.0278703
-0.45 0.310976 -0.0247225
-0.448 0.335756 -0.0207321
-0.446 0.361111 -0.0158475
-0.444 0.386982 -0.0100195
-0.442 0.413311 -0.00320192
-0.44 0.440041 0.00464834
-0.438 0.467117 0.013571
-0.436 0.494485 0.0236022
-0.434 0.522093 0.0347741
-0.432 0.549894 0.0471147
-0.43 0.577839 0.0606478
-0.428 0.605887 0.0753924
-0.426 0.633997 0.0913629
-0.424 0.662132 0.108569
-0.422 0.690257 0.127015
-0.42 0.718342 0.146699
-0.418 0.74636 0.167617
-0.416 0.774286 0.189755
-0.414 0.802099 0.213098
-0.412 0.829781 0.237623
-0.41 0.857316 0.263301
-0.408 0.88469 0.290098
-0.406 0.911894 0.317977
-0.404 0.938917 0.346891
-0.402 0.965753 0.376791
-0.4 0.992395 0.407621
-0.398 1.01884 0.439321
-0.396 1.04508 0.471824
-0.394 1.07111 0.505061
-0.392 1.09694 0.538956
-0.39 1.12254 0.573429
-0.388 1.14793 0.608396
-0.386 1.17309 0.643769
-0.384 1.19801 0.679457
-0.382 1.22268 0.715364
-0.38 1.2471 0.751392
-0.378 1.27124 0.78744
-0.376 1.29509 0.823405
-0.374 1.31862 0.859182
-0.372 1.34182 0.894665
-0.37 1.36466 0.929744
-0.368 1.38709 0.964311
-0.366 1.4091 0.998258
-0.364 1.43063 1.03148
-0.362 1.45164 1.06386
-0.36 1.4721 1.09529
-0.358 1.49194 1.12568
-0.356 1.51112 1.15491
-0.354 1.52956 1.18288
-0.352 1.54722 1.20951
-0.35 1.56402 1.23468
-0.348 1.5799 1.25831
-0.346 1.59478 1.28032
-0.344 1.60859 1.30062
-0.342 1.62126 1.31913
-0.34 1.63269 1.33578
-0.338 1.64282 1.3505
-0.336 1.65155 1.36324
-0.334 1.65881 1.37393
-0.332 1.66451 1.38254
-0.33 1.66856 1.38901
-0.328 1.67089 1.39332
-0.326 1.6714 1.39544
-0.324 1.67001 1.39534
-0.322 1.66664 1.39302
-0.32 1.66121 1.38847
-0.318 1.65363 1.38169
-0.316 1.64384 1.37269
-0.314 1.63175 1.36149
-0.312 1.61729 1.34811
-0.31 1.60039 1.33257
-0.308 1.58098 1.31492
-0.306 1.55901 1.29521
-0.304 1.5344 1.27347
-0.302 1.5071 1.24976
-0.3 1.47706 1.22416
-0.298 1.44423 1.19671
-0.296 1.40856 1.1675
-0.294 1.37001 1.1366
-0.292 1.32853 1.10409
-0.29 1.28411 1.07005
-0.288 1.2367 1.03458
-0.286 1.18628 0.997751
-0.284 1.13284 0.95967
-0.282 1.07634 0.920427
-0.28 1.01679 0.880119
-0.278 0.95417 0.838841
-0.276 0.888481 0.796691
-0.274 0.819724 0.753768
-0.272 0.747907 0.710169
-0.27 0.673042 0.665992
-0.268 0.595148 0.621332
-0.266 0.514249 0.576284
-0.264 0.430374 0.530943
-0.262 0.343561 0.485398
-0.26 0.253853 0.439739
-0.258 0.161299 0.394053
-0.256 0.0659584 0.348424
-0.254 -0.0321038 0.302931
-0.252 -0.132814 0.257654
-0.25 -0.236089 0.212666
-0.248 -0.341839 0.168038
-0.246 -0.449961 0.123837
-0.244 -0.560347 0.0801279
-0.242 -0.672874 0.0369693
-0.24 -0.787412 -0.00558233
-0.238 -0.90382 -0.0474746
-0.236 -1.02194 -0.088659
-0.234 -1.14162 -0.129091
-0.232 -1.26267 -0.168729
-0.23 -1.38491 -0.207536
-0.228 -1.50814 -0.245479
-0.226 -1.63215 -0.282527
-0.224 -1.75671 -0.318654
-0.222 -1.8816 -0.353836
-0.22 -2.00656 -0.388052
-0.218 -2.13134 -0.421287
-0.216 -2.25567 -0.453525
-0.214 -2.37928 -0.484755
-0.212 -2.50187 -0.514969
-0.21 -2.62315 -0.54416
-0.208 -2.74281 -0.572325
-0.206 -2.86054 -0.599461
-0.204 -2.97602 -0.625568
-0.202 -3.08892 -0.65065
-0.2 -3.19891 -0.674709
-0.198 -3.30565 -0.69775
-0.196 -3.40881 -0.719781
-0.194 -3.50804 -0.740809
-0.192 -3.603 -0.760842
-0.19 -3.69336 -0.779891
-0.188 -3.77876 -0.797965
-0.186 -3.85889 -0.815074
-0.184 -3.9334 -0.831231
-0.182 -4.00197 -0.846445
-0.18 -4.06429 -0.860729
-0.178 -4.12004 -0.874092
-0.176 -4.16893 -0.886546
-0.174 -4.21066 -0.898101
-0.172 -4.24498 -0.908766
-0.17 -4.2716 -0.918551
-0.168 -4.2903 -0.927464
-0.166 -4.30084 -0.935511
-0.164 -4.30302 -0.942698
-0.162 -4.29664 -0.949031
-0.16 -4.28153 -0.954513
-0.158 -4.25755 -0.959146
-0.156 -4.22457 -0.96293
-0.154 -4.18248 -0.965866
-0.152 -4.13121 -0.96795
-0.15 -4.0707 -0.969178
-0.148 -4.00094 -0.969545
-0.146 -3.9219 -0.969043
-0.144 -3.83362 -0.967663
-0.142 -3.73616 -0.965394
-0.14 -3.62959 -0.962224
-0.138 -3.51402 -0.958138
-0.136 -3.38959 -0.953121
-0.134 -3.25647 -0.947156
-0.132 -3.11484 -0.940223
-0.13 -2.96493 -0.932304
-0.128 -2.80699 -0.923376
-0.126 -2.6413 -0.913417
-0.124 -2.46816 -0.902404
-0.122 -2.2879 -0.890314
-0.12 -2.10089 -0.87712
-0.118 -1.9075 -0.862798
-0.116 -1.70816 -0.847322
-0.114 -1.50329 -0.830666
-0.112 -1.29335 -0.812806
-0.11 -1.07881 -0.793715
-0.108 -0.860195 -0.77337
-0.106 -0.638008 -0.751745
-0.104 -0.412792 -0.728818
-0.102 -0.185104 -0.704567
-0.1 0.0444827 -0.678972
-0.098 0.275383 -0.652013
-0.096 0.506998 -0.623674
-0.094 0.738719 -0.593939
-0.092 0.969929 -0.562795
-0.09 1.2 -0.530233
-0.088 1.42831 -0.496243
-0.086 1.65423 -0.460821
-0.084 1.87712 -0.423964
-0.082 2.09637 -0.385673
-0.08 2.31133 -0.345951
-0.078 2.52141 -0.304804
-0.076 2.72599 -0.262243
-0.074 2.92448 -0.21828
-0.072 3.11631 -0.172932
-0.07 3.30091 -0.126219
-0.068 3.47774 -0.0781622
-0.066 3.64629 -0.0287884
-0.064 3.80607 0.0218735
-0.062 3.95661 0.0737916
-0.06 4.09749 0.126931
-0.058 4.22831 0.181254
-0.056 4.34871 0.236721
-0.054 4.45837 0.293288
-0.052 4.55701 0.350911
-0.05 4.64439 0.409542
-0.048 4.72031 0.469134
-0.046 4.78464 0.529634
-0.044 4.83728 0.590991
-0.042 4.87817 0.653152
-0.04 4.90732 0.716062
-0.038 4.92479 0.779666
-0.036 4.93069 0.843907
-0.034 4.92516 0.90873
-0.032 4.90843 0.974077
-0.03 4.88075 1.03989
-0.028 4.84244 1.10612
-0.026 4.79386 1.1727
-0.024 4.73543 1.23958
-0.022 4.66761 1.3067
-0.02 4.5909 1.37401
-0.018 4.50584 1.44145
-0.016 4.41303 1.50896
-0.014 4.31308 1.5765
-0.012 4.20666 1.64402
-0.01 4.09445 1.71145
-0.008 3.97717 1.77874
-0.006 3.85554 1.84586
-0.004 3.73034 1.91274
-0.002 3.60232 1.97933
0 3.47227 2.04558
0.002 3.34098 2.11136
0.004 3.20923 2.17671
0.006 3.07781 2.24157
0.008 2.94749 2.30591
0.01 2.81902 2.36967
0.012 2.69317 2.43281
0.014 2.57066 2.49527
0.016 2.45219 2.55701
0.018 2.33844 2.61797
0.02 2.23005 2.6781
0.022 2.12764 2.73736
0.024 2.03177 2.7957
0.026 1.94298 2.85306
0.028 1.86177 2.90939
0.03 1.78857 2.96465
0.032 1.72379 3.01878
0.034 1.66777 3.07174
0.036 1.62082 3.12347
0.038 1.5832 3.17392
0.04 1.5551 3.22305
0.042 1.53668 3.27081
0.044 1.52804 3.31716
0.046 1.52923 3.36204
0.048 1.54027 3.40541
0.05 1.56109 3.44724
0.052 1.59162 3.48748
0.054 1.63171 3.5261
0.056 1.68119 3.56305
0.058 1.73983 3.59832
0.06 1.80739 3.63186
0.062 1.88355 3.66364
0.064 1.96798 3.69366
0.066 2.06032 3.72188
0.068 2.16018 3.74828
0.07 2.26712 3.77285
0.072 2.3807 3.79559
0.074 2.50046 3.81648
0.076 2.62589 3.83551
0.078 2.75648 3.85269
0.08 2.89172 3.86803
0.082 3.03108 3.88151
0.084 3.17399 3.89317
0.086 3.31992 3.903
0.088 3.46829 3.91102
0.09 3.61857 3.91726
0.092 3.77017 3.92173
0.094 3.92255 3.92446
0.096 4.07515 3.92547
0.098 4.22742 3.9248
0.1 4.37883 3.92247
0.102 4.52883 3.91852
0.104 4.67692 3.91297
0.106 4.82258 3.90588
0.108 4.96532 3.89727
0.11 5.10467 3.88718
0.112 5.24018 3.87564
0.114 5.37139 3.86271
0.116 5.4979 3.84841
0.118 5.6193 3.83279
0.12 5.73522 3.81587
0.122 5.8453 3.79771
0.124 5.94921 3.77834
0.126 6.04665 3.75779
0.128 6.13733 3.73609
0.13 6.221 3.71329
0.132 6.29742 3.68941
0.134 6.3664 3.66448
0.136 6.42774 3.63853
0.138 6.48131 3.61159
0.14 6.52696 3.58367
0.142 6.5646 3.55482
0.144 6.59416 3.52503
0.146 6.61558 3.49434
0.148 6.62883 3.46275
0.15 6.63393 3.43028
0.152 6.63089 3.39695
0.154 6.61976 3.36275
0.156 6.60062 3.32771
0.158 6.57355 3.29181
0.16 6.53867 3.25508
0.162 6.49612 3.2175
0.164 6.44605 3.17908
0.166 6.38863 3.13981
0.168 6.32406 3.0997
0.17 6.25255 3.05874
0.172 6.17432 3.01691
0.174 6.0896 2.97422
0.176 5.99865 2.93066
0.178 5.90174 2.88622
0.18 5.79913 2.84088
0.182 5.6911 2.79465
0.184 5.57796 2.74751
0.186 5.46 2.69945
0.188 5.33752 2.65046
0.19 5.21083 2.60054
0.192 5.08024 2.54968
0.194 4.94607 2.49787
0.196 4.80863 2.44511
0.198 4.66823 2.39139
0.2 4.52519 2.33672
0.202 4.37982 2.28108
0.204 4.23242 2.22449
0.206 4.08329 2.16694
0.208 3.93274 2.10844
0.21 3.78105 2.049
0.212 3.62851 1.98863
0.214 3.47539 1.92735
0.216 3.32197 1.86517
0.218 3.16849 1.80211
0.22 3.01522 1.73819
0.222 2.86239 1.67345
0.224 2.71024 1.6079
0.226 2.55898 1.54159
0.228 2.40882 1.47455
0.23 2.25997 1.40682
0.232 2.11262 1.33844
0.234 1.96694 1.26947
0.236 1.8231 1.19995
0.238 1.68126 1.12994
0.24 1.54157 1.0595
0.242 1.40417 0.988699
0.244 1.26918 0.917593
0.246 1.13673 0.846257
0.248 1.00692 0.774765
0.25 0.879862 0.703194
0.252 0.755638 0.631625
0.254 0.634336 0.560142
0.256 0.516033 0.488831
0.258 0.400798 0.417782
0.26 0.288691 0.347088
0.262 0.179767 0.276842
0.264 0.0740757 0.207141
0.266 -0.0283428 0.138084
0.268 -0.127452 0.0697703
0.27 -0.223223 0.00230093
0.272 -0.315631 -0.0642223
0.274 -0.404656 -0.129697
0.276 -0.490287 -0.194021
0.278 -0.572513 -0.257093
0.28 -0.651332 -0.31881
0.282 -0.726744 -0.379072
0.284 -0.798756 -0.437782
0.286 -0.867379 -0.494842
0.288 -0.932626 -0.550157
0.29 -0.994519 -0.603636
0.292 -1.05308 -0.65519
0.294 -1.10834 -0.704736
0.296 -1.16034 -0.752191
0.298 -1.2091 -0.79748
0.3 -1.25467 -0.840531
0.302 -1.2971 -0.881279
0.304 -1.33644 -0.919661
0.306 -1.37273 -0.955624
0.308 -1.40605 -0.989118
0.31 -1.43646 -1.0201
0.312 -1.46401 -1.04854
0.314 -1.48878 -1.0744
0.316 -1.51084 -1.09767
0.318 -1.53026 -1.11832
0.32 -1.54714 -1.13636
0.322 -1.56154 -1.15178
0.324 -1.57355 -1.16459
0.326 -1.58326 -1.1748
0.328 -1.59076 -1.18244
0.33 -1.59613 -1.18754
0.332 -1.59946 -1.19013
0.334 -1.60085 -1.19026
0.336 -1.60038 -1.18798
0.338 -1.59815 -1.18335
0.34 -1.59424 -1.17643
0.342 -1.58874 -1.16729
0.344 -1.58174 -1.156
0.346 -1.57333 -1.14266
0.348 -1.56359 -1.12734
0.35 -1.55259 -1.11013
0.352 -1.54043 -1.09113
0.354 -1.52716 -1.07045
0.356 -1.51288 -1.04818
0.358 -1.49763 -1.02442
0.36 -1.48149 -0.999298
0.362 -1.46452 -0.972911
0.364 -1.44678 -0.945376
0.366 -1.42831 -0.916804
0.368 -1.40917 -0.887313
0.37 -1.38939 -0.857015
0.372 -1.36903 -0.826026
0.374 -1.34812 -0.794461
0.376 -1.32668 -0.762432
0.378 -1.30476 -0.730052
0.38 -1.28237 -0.697431
0.382 -1.25953 -0.664677
0.384 -1.23627 -0.631896
0.386 -1.2126 -0.599191
0.388 -1.18854 -0.56666
0.39 -1.1641 -0.534402
0.392 -1.13929 -0.502506
0.394 -1.11412 -0.471063
0.396 -1.08859 -0.440155
0.398 -1.06273 -0.409862
0.4 -1.03653 -0.380259
0.402 -1.01 -0.351415
0.404 -0.983151 -0.323395
0.406 -0.955998 -0.296257
0.408 -0.92855 -0.270056
0.41 -0.90082 -0.244841
0.412 -0.872824 -0.220653
0.414 -0.84458 -0.19753
0.416 -0.816107 -0.175503
0.418 -0.787431 -0.154599
0.42 -0.758577 -0.134839
0.422 -0.729575 -0.116236
0.424 -0.700458 -0.0988006
0.426 -0.671262 -0.0825365
0.428 -0.642027 -0.0674424
0.43 -0.612796 -0.0535119
0.432 -0.583614 -0.0407336
0.434 -0.554533 -0.0290913
0.436 -0.525603 -0.018564
0.438 -0.49688 -0.0091264
0.44 -0.468422 -0.000748971
0.442 -0.440288 0.00660185
0.444 -0.41254 0.0129633
0.446 -0.385241 0.0183763
0.448 -0.358455 0.0228846
0.45 -0.332248 0.0265353
0.452 -0.306682 0.0293778
0.454 -0.281824 0.031464
0.456 -0.257735 0.0328477
0.458 -0.234479 0.0335847
0.46 -0.212113 0.033732
0.462 -0.190696 0.0333475
0.464 -0.17028 0.0324903
0.466 -0.150915 0.0312196
0.468 -0.132646 0.0295949
0.47 -0.115512 0.0276756
0.472 -0.0995482 0.0255204
0.474 -0.0847811 0.0231875
0.476 -0.071232 0.0207338
0.478 -0.0589143 0.0182149
0.48 -0.0478337 0.0156849
0.482 -0.0379877 0.0131959
0.484 -0.0293649 0.0107979
0.486 -0.0219451 0.00853841
0.488 -0.0156988 0.00646244
0.49 -0.0105871 0.00461216
0.492 -0.00656121 0.00302668
0.494 -0.00356272 0.00174195
0.496 -0.00152334 0.000790501
0.498 -0.000365015 0.000201389
0.05 1.88025 1.47216
0.1 1.88017 1.47205
0.15 1.88003 1.47188
0.2 1.87984 1.47164
0.25 1.87959 1.47133
0.3 1.87929 1.47095
0.35 1.87893 1.4705
0.4 1.87852 1.46999
0.45 1.87805 1.4694
0.5 1.87752 1.46875
0.55 1.87694 1.46803
0.6 1.87631 1.46724
0.65 1.87562 1.46638
0.7 1.87488 1.46545
0.75 1.87408 1.46446
0.8 1.87323 1.46339
0.85 1.87232 1.46226
0.9 1.87136 1.46106
0.95 1.87034 1.4598
1 1.86927 1.45846
1.05 1.86814 1.45706
1.1 1.86696 1.4556
1.15 1.86573 1.45406
1.2 1.86444 1.45246
1.25 1.8631 1.45079
1.3 1.8617 1.44906
1.35 1.86025 1.44726
1.4 1.85875 1.44539
1.45 1.85719 1.44346
1.5 1.85558 1.44146
1.55 1.85392 1.4394
1.6 1.8522 1.43727
1.65 1.85043 1.43508
1.7 1.8486 1.43282
1.75 1.84673 1.4305
1.8 1.8448 1.42812
1.85 1.84282 1.42567
1.9 1.84078 1.42316
1.95 1.83869 1.42059
2 1.83656 1.41795
2.05 1.83436 1.41525
2.1 1.83212 1.41249
2.15 1.82983 1.40967
2.2 1.82748 1.40679
2.25 1.82508 1.40384
2.3 1.82263 1.40084
2.35 1.82014 1.39777
2.4 1.81758 1.39465
2.45 1.81498 1.39146
2.5 1.81233 1.38822
2.55 1.80963 1.38491
2.6 1.80688 1.38155
2.65 1.80408 1.37813
2.7 1.80123 1.37466
2.75 1.79832 1.37112
2.8 1.79537 1.36753
2.85 1.79238 1.36389
2.9 1.78933 1.36019
2.95 1.78623 1.35643
3 1.78309 1.35262
3.05 1.77989 1.34875
3.1 1.77665 1.34483
3.15 1.77337 1.34085
3.2 1.77003 1.33683
3.25 1.76665 1.33275
3.3 1.76322 1.32861
3.35 1.75974 1.32443
3.4 1.75622 1.3202
3.45 1.75265 1.31591
3.5 1.74904 1.31157
3.55 1.74538 1.30719
3.6 1.74167 1.30275
3.65 1.73792 1.29827
3.7 1.73412 1.29374
3.75 1.73028 1.28916
3.8 1.7264 1.28454
3.85 1.72247 1.27986
3.9 1.7185 1.27515
3.95 1.71449 1.27038
4 1.71043 1.26557
4.05 1.70633 1.26072
4.1 1.70218 1.25583
4.15 1.698 1.25089
4.2 1.69377 1.2459
4.25 1.6895 1.24088
4.3 1.68519 1.23581
4.35 1.68084 1.23071
4.4 1.67645 1.22556
4.45 1.67202 1.22037
4.5 1.66755 1.21515
4.55 1.66304 1.20988
4.6 1.65849 1.20458
4.65 1.6539 1.19924
4.7 1.64927 1.19387
4.75 1.64461 1.18845
4.8 1.6399 1.18301
4.85 1.63516 1.17752
4.9 1.63038 1.172
4.95 1.62557 1.16645
5 1.62072 1.16087
5.05 1.61583 1.15525
5.1 1.61091 1.1496
5.15 1.60595 1.14392
5.2 1.60096 1.13821
5.25 1.59593 1.13247
5.3 1.59087 1.1267
5.35 1.58577 1.12091
5.4 1.58064 1.11508
5.45 1.57548 1.10922
5.5 1.57028 1.10334
5.55 1.56506 1.09744
5.6 1.5598 1.0915
5.65 1.55451 1.08555
5.7 1.54919 1.07956
5.75 1.54383 1.07356
5.8 1.53845 1.06753
5.85 1.53304 1.06148
5.9 1.5276 1.0554
5.95 1.52212 1.04931
6 1.51662 1.04319
6.05 1.5111 1.03706
6.1 1.50554 1.03091
6.15 1.49996 1.02473
6.2 1.49435 1.01854
6.25 1.48871 1.01234
6.3 1.48304 1.00611
6.35 1.47736 0.999871
6.4 1.47164 0.993616
6.45 1.4659 0.987345
6.5 1.46014 0.98106
6.55 1.45435 0.974762
6.6 1.44854 0.968451
6.65 1.4427 0.962128
6.7 1.43685 0.955793
6.75 1.43097 0.949447
6.8 1.42506 0.943091
6.85 1.41914 0.936726
6.9 1.4132 0.930351
6.95 1.40723 0.923967
7 1.40125 0.917576
7.05 1.39524 0.911178
7.1 1.38922 0.904773
7.15 1.38318 0.898362
7.2 1.37711 0.891945
7.25 1.37104 0.885524
7.3 1.36494 0.879099
7.35 1.35883 0.87267
7.4 1.3527 0.866239
7.45 1.34655 0.859805
7.5 1.34039 0.853369
7.55 1.33421 0.846932
7.6 1.32802 0.840495
7.65 1.32182 0.834057
7.7 1.3156 0.827621
7.75 1.30936 0.821185
7.8 1.30312 0.814751
7.85 1.29686 0.80832
7.9 1.29059 0.801892
7.95 1.28431 0.795467
8 1.27801 0.789047
8.05 1.27171 0.782631
8.1 1.2654 0.77622
8.15 1.25907 0.769815
8.2 1.25274 0.763417
8.25 1.2464 0.757025
8.3 1.24005 0.750641
8.35 1.23369 0.744265
8.4 1.22732 0.737897
8.45 1.22095 0.731539
8.5 1.21457 0.72519
8.55 1.20819 0.718851
8.6 1.2018 0.712523
8.65 1.1954 0.706207
8.7 1.189 0.699901
8.75 1.1826 0.693608
8.8 1.17619 0.687328
8.85 1.16978 0.681061
8.9 1.16336 0.674808
8.95 1.15695 0.668569
9 1.15053 0.662344
9.05 1.14411 0.656135
9.1 1.13768 0.649942
9.15 1.13126 0.643764
9.2 1.12484 0.637603
9.25 1.11842 0.63146
9.3 1.112 0.625333
9.35 1.10557 0.619225
9.4 1.09916 0.613135
9.45 1.09274 0.607064
9.5 1.08632 0.601013
9.55 1.07991 0.594981
9.6 1.0735 0.588969
9.65 1.0671 0.582978
9.7 1.0607 0.577007
9.75 1.0543 0.571058
9.8 1.04791 0.565131
9.85 1.04152 0.559227
9.9 1.03514 0.553344
9.95 1.02877 0.547485
10 1.0224 0.541649
10.05 1.01604 0.535837
10.1 1.00969 0.530049
10.15 1.00335 0.524286
10.2 0.997011 0.518547
10.25 0.990683 0.512834
10.3 0.984365 0.507146
10.35 0.978056 0.501484
10.4 0.971757 0.495849
10.45 0.965468 0.49024
10.5 0.959191 0.484657
10.55 0.952924 0.479102
10.6 0.946669 0.473575
10.65 0.940425 0.468075
10.7 0.934194 0.462604
10.75 0.927975 0.457161
10.8 0.92177 0.451747
10.85 0.915578 0.446362
10.9 0.9094 0.441006
10.95 0.903235 0.435679
11 0.897086 0.430383
11.05 0.890951 0.425117
11.1 0.884831 0.419881
11.15 0.878727 0.414675
11.2 0.872639 0.409501
11.25 0.866567 0.404357
11.3 0.860511 0.399245
11.35 0.854473 0.394165
11.4 0.848451 0.389116
11.45 0.842448 0.384099
11.5 0.836462 0.379114
11.55 0.830495 0.374162
11.6 0.824546 0.369243
11.65 0.818616 0.364356
11.7 0.812705 0.359502
11.75 0.806814 0.354681
11.8 0.800943 0.349894
11.85 0.795092 0.34514
11.9 0.789261 0.34042
11.95 0.783451 0.335733
12 0.777662 0.331081
12.05 0.771894 0.326462
12.1 0.766148 0.321878
12.15 0.760424 0.317329
12.2 0.754722 0.312813
12.25 0.749042 0.308333
12.3 0.743385 0.303887
12.35 0.737751 0.299476
12.4 0.73214 0.2951
12.45 0.726553 0.290758
12.5 0.720989 0.286453
12.55 0.715449 0.282182
12.6 0.709933 0.277946
12.65 0.704442 0.273746
12.7 0.698976 0.269582
12.75 0.693534 0.265453
12.8 0.688117 0.261359
12.85 0.682726 0.257301
12.9 0.677361 0.253279
12.95 0.672021 0.249293
13 0.666707 0.245342
13.05 0.661419 0.241427
13.1 0.656157 0.237548
13.15 0.650922 0.233705
13.2 0.645714 0.229897
13.25 0.640533 0.226126
13.3 0.635378 0.22239
13.35 0.630251 0.218691
13.4 0.625152 0.215027
13.45 0.62008 0.211399
13.5 0.615035 0.207807
13.55 0.610019 0.20425
13.6 0.605031 0.20073
13.65 0.600071 0.197245
13.7 0.595139 0.193796
13.75 0.590235 0.190383
13.8 0.585361 0.187006
13.85 0.580515 0.183664
13.9 0.575697 0.180358
13.95 0.570909 0.177087
14 0.56615 0.173852
14.05 0.56142 0.170652
14.1 0.556719 0.167487
14.15 0.552048 0.164358
14.2 0.547406 0.161264
14.25 0.542794 0.158205
14.3 0.538211 0.155181
14.35 0.533658 0.152192
14.4 0.529135 0.149238
14.45 0.524642 0.146319
14.5 0.520179 0.143434
14.55 0.515745 0.140584
14.6 0.511342 0.137768
14.65 0.506969 0.134987
14.7 0.502626 0.132239
14.75 0.498313 0.129526
14.8 0.49403 0.126847
14.85 0.489778 0.124202
14.9 0.485556 0.12159
14.95 0.481364 0.119012
15 0.477202 0.116467
15.05 0.473071 0.113956
15.1 0.46897 0.111478
15.15 0.4649 0.109032
15.2 0.46086 0.10662
15.25 0.45685 0.10424
15.3 0.452871 0.101893
15.35 0.448922 0.0995785
15.4 0.445003 0.0972959
15.45 0.441115 0.0950454
15.5 0.437257 0.0928267
15.55 0.433429 0.0906398
15.6 0.429631 0.0884844
15.65 0.425864 0.0863604
15.7 0.422126 0.0842675
15.75 0.418419 0.0822057
15.8 0.414742 0.0801746
15.85 0.411095 0.0781742
15.9 0.407478 0.0762042
15.95 0.403891 0.0742644
16 0.400333 0.0723547
16.05 0.396805 0.0704749
16.1 0.393307 0.0686247
16.15 0.389839 0.066804
16.2 0.3864 0.0650125
16.25 0.382991 0.06325
16.3 0.379611 0.0615164
16.35 0.37626 0.0598115
16.4 0.372938 0.0581349
16.45 0.369646 0.0564866
16.5 0.366382 0.0548663
16.55 0.363147 0.0532738
16.6 0.359942 0.0517088
16.65 0.356764 0.0501712
16.7 0.353616 0.0486607
16.75 0.350495 0.0471771
16.8 0.347403 0.0457202
16.85 0.344339 0.0442898
16.9 0.341304 0.0428856
16.95 0.338296 0.0415074
17 0.335316 0.040155
17.05 0.332364 0.0388281
17.1 0.329439 0.0375266
17.15 0.326541 0.0362502
17.2 0.323671 0.0349986
17.25 0.320828 0.0337717
17.3 0.318012 0.0325692
17.35 0.315223 0.0313909
17.4 0.31246 0.0302364
17.45 0.309724 0.0291057
17.5 0.307014 0.0279984
17.55 0.30433 0.0269144
17.6 0.301672 0.0258534
17.65 0.29904 0.0248151
17.7 0.296434 0.0237993
17.75 0.293853 0.0228058
17.8 0.291298 0.0218343
17.85 0.288768 0.0208846
17.9 0.286262 0.0199565
17.95 0.283782 0.0190497
18 0.281326 0.018164
18.05 0.278894 0.0172991
18.1 0.276487 0.0164548
18.15 0.274104 0.0156309
18.2 0.271745 0.0148271
18.25 0.269409 0.0140432
18.3 0.267097 0.0132789
18.35 0.264808 0.0125341
18.4 0.262542 0.0118084
18.45 0.2603 0.0111016
18.5 0.25808 0.0104135
18.55 0.255882 0.0097439
18.6 0.253707 0.00909249
18.65 0.251554 0.00845905
18.7 0.249422 0.00784336
18.75 0.247313 0.00724517
18.8 0.245225 0.00666425
18.85 0.243158 0.00610036
18.9 0.241113 0.00555327
18.95 0.239088 0.00502275
19 0.237084 0.00450856
19.05 0.235101 0.00401048
19.1 0.233138 0.00352826
19.15 0.231194 0.00306168
19.2 0.229271 0.00261051
19.25 0.227368 0.00217452
19.3 0.225484 0.00175348
19.35 0.223619 0.00134716
19.4 0.221773 0.000955344
19.45 0.219946 0.0005778
19.5 0.218137 0.000214305
19.55 0.216347 -0.000135365
19.6 0.214576 -0.000471431
19.65 0.212822 -0.000794115
19.7 0.211086 -0.00110364
19.75 0.209367 -0.00140021
19.8 0.207666 -0.00168406
19.85 0.205982 -0.0019554
19.9 0.204315 -0.00221445
19.95 0.202664 -0.00246141
20 0.20103 -0.00269651
20.05 0.199413 -0.00291995
20.1 0.197811 -0.00313194
20.15 0.196225 -0.00333268
20.2 0.194655 -0.0035224
20.25 0.193101 -0.00370129
20.3 0.191562 -0.00386956
20.35 0.190037 -0.0040274
20.4 0.188528 -0.00417503
20.45 0.187033 -0.00431264
20.5 0.185553 -0.00444043
20.55 0.184087 -0.00455859
20.6 0.182635 -0.00466733
20.65 0.181197 -0.00476683
20.7 0.179772 -0.00485729
20.75 0.178361 -0.00493889
20.8 0.176963 -0.00501183
20.85 0.175579 -0.0050763
20.9 0.174207 -0.00513247
20.95 0.172847 -0.00518054
21 0.171501 -0.00522068
21.05 0.170166 -0.00525308
21.1 0.168844 -0.00527791
21.15 0.167533 -0.00529535
21.2 0.166234 -0.00530559
21.25 0.164947 -0.00530878
21.3 0.163671 -0.00530511
21.35 0.162406 -0.00529474
21.4 0.161152 -0.00527784
21.45 0.159909 -0.00525458
21.5 0.158676 -0.00522513
21.55 0.157454 -0.00518964
21.6 0.156242 -0.00514828
21.65 0.15504 -0.00510121
21.7 0.153848 -0.00504859
21.75 0.152666 -0.00499057
21.8 0.151494 -0.00492731
21.85 0.150331 -0.00485895
21.9 0.149177 -0.00478566
21.95 0.148032 -0.00470757
22 0.146896 -0.00462484
22.05 0.145769 -0.00453761
22.1 0.14465 -0.00444603
22.15 0.14354 -0.00435023
22.2 0.142438 -0.00425035
22.25 0.141344 -0.00414655
22.3 0.140259 -0.00403894
22.35 0.139181 -0.00392766
22.4 0.13811 -0.00381285
22.45 0.137048 -0.00369464
22.5 0.135993 -0.00357316
22.55 0.134944 -0.00344853
22.6 0.133904 -0.00332087
22.65 0.13287 -0.00319032
22.7 0.131843 -0.00305699
22.75 0.130822 -0.00292101
22.8 0.129809 -0.00278249
22.85 0.128801 -0.00264154
22.9 0.1278 -0.00249828
22.95 0.126806 -0.00235283
23 0.125817 -0.0022053
23.05 0.124835 -0.00205579
23.1 0.123858 -0.00190441
23.15 0.122887 -0.00175127
23.2 0.121921 -0.00159646
23.25 0.120962 -0.0014401
23.3 0.120007 -0.00128229
23.35 0.119058 -0.00112311
23.4 0.118114 -0.000962678
23.45 0.117175 -0.000801076
23.5 0.116242 -0.000638401
23.55 0.115313 -0.000474744
23.6 0.114389 -0.000310196
23.65 0.113469 -0.000144844
23.7 0.112555 2.12232e-05
23.75 0.111644 0.000187922
23.8 0.110739 0.000355169
23.85 0.109837 0.000522882
23.9 0.10894 0.000690982
23.95 0.108048 0.000859389
24 0.107159 0.00102803
24.05 0.106274 0.00119682
24.1 0.105394 0.0013657
24.15 0.104517 0.00153458
24.2 0.103644 0.00170341
24.25 0.102775 0.0018721
24.3 0.10191 0.0020406
24.35 0.101048 0.00220883
24.4 0.10019 0.00237674
24.45 0.0993351 0.00254426
24.5 0.098484 0.00271132
24.55 0.0976363 0.00287787
24.6 0.096792 0.00304385
24.65 0.095951 0.00320921
24.7 0.0951132 0.00337388
24.75 0.0942787 0.00353781
24.8 0.0934474 0.00370095
24.85 0.0926192 0.00386325
24.9 0.0917941 0.00402466
24.95 0.090972 0.00418512
25 0.090153 0.0043446
25.05 0.089337 0.00450304
25.1 0.0885239 0.00466041
25.15 0.0877137 0.00481665
25.2 0.0869064 0.00497172
25.25 0.086102 0.00512559
25.3 0.0853004 0.00527822
25.35 0.0845016 0.00542956
25.4 0.0837056 0.00557958
25.45 0.0829123 0.00572824
25.5 0.0821218 0.00587551
25.55 0.081334 0.00602135
25.6 0.080549 0.00616573
25.65 0.0797666 0.00630863
25.7 0.0789869 0.00645
25.75 0.0782099 0.00658983
25.8 0.0774356 0.00672808
25.85 0.0766638 0.00686472
25.9 0.0758948 0.00699974
25.95 0.0751284 0.0071331
26 0.0743646 0.00726478
26.05 0.0736034 0.00739476
26.1 0.0728448 0.00752302
26.15 0.0720889 0.00764954
26.2 0.0713357 0.00777429
26.25 0.070585 0.00789726
26.3 0.069837 0.00801843
26.35 0.0690916 0.00813778
26.4 0.0683488 0.0082553
26.45 0.0676087 0.00837097
26.5 0.0668713 0.00848478
26.55 0.0661365 0.00859671
26.6 0.0654044 0.00870676
26.65 0.064675 0.0088149
26.7 0.0639483 0.00892114
26.75 0.0632243 0.00902545
26.8 0.0625031 0.00912783
26.85 0.0617845 0.00922828
26.9 0.0610688 0.00932678
26.95 0.0603558 0.00942332
27 0.0596455 0.00951791
27.05 0.0589381 0.00961053
27.1 0.0582336 0.00970119
27.15 0.0575318 0.00978987
27.2 0.056833 0.00987657
27.25 0.056137 0.00996129
27.3 0.055444 0.010044
27.35 0.0547538 0.0101248
27.4 0.0540667 0.0102036
27.45 0.0533825 0.0102804
27.5 0.0527013 0.0103552
27.55 0.0520231 0.010428
27.6 0.051348 0.0104988
27.65 0.050676 0.0105677
27.7 0.0500071 0.0106346
27.75 0.0493413 0.0106995
27.8 0.0486787 0.0107624
27.85 0.0480192 0.0108234
27.9 0.047363 0.0108824
27.95 0.04671 0.0109395
28 0.0460603 0.0109946
28.05 0.0454139 0.0110477
28.1 0.0447708 0.011099
28.15 0.044131 0.0111483
28.2 0.0434947 0.0111956
28.25 0.0428617 0.0112411
28.3 0.0422322 0.0112846
28.35 0.0416061 0.0113263
28.4 0.0409836 0.0113661
28.45 0.0403645 0.0114039
28.5 0.0397491 0.01144
28.55 0.0391372 0.0114741
28.6 0.0385289 0.0115064
28.65 0.0379243 0.0115369
28.7 0.0373233 0.0115655
28.75 0.036726 0.0115923
28.8 0.0361325 0.0116173
28.85 0.0355427 0.0116405
28.9 0.0349567 0.011662
28.95 0.0343745 0.0116816
29 0.0337962 0.0116995
29.05 0.0332217 0.0117157
29.1 0.0326511 0.0117301
29.15 0.0320844 0.0117428
29.2 0.0315217 0.0117539
29.25 0.0309629 0.0117632
29.3 0.0304082 0.0117708
29.35 0.0298574 0.0117768
29.4 0.0293108 0.0117811
29.45 0.0287681 0.0117838
29.5 0.0282296 0.0117849
29.55 0.0276952 0.0117844
29.6 0.027165 0.0117823
29.65 0.0266389 0.0117786
29.7 0.026117 0.0117734
29.75 0.0255993 0.0117666
29.8 0.0250859 0.0117583
29.85 0.0245767 0.0117485
29.9 0.0240718 0.0117371
29.95 0.0235711 0.0117243
30 0.0230748 0.0117101
30.05 0.0225828 0.0116944
30.1 0.0220952 0.0116772
30.15 0.0216119 0.0116587
30.2 0.021133 0.0116387
30.25 0.0206585 0.0116174
30.3 0.0201885 0.0115946
30.35 0.0197228 0.0115706
30.4 0.0192616 0.0115452
30.45 0.0188048 0.0115185
30.5 0.0183525 0.0114905
30.55 0.0179047 0.0114612
30.6 0.0174614 0.0114306
30.65 0.0170226 0.0113988
30.7 0.0165882 0.0113657
30.75 0.0161584 0.0113315
30.8 0.0157332 0.011296
30.85 0.0153124 0.0112593
30.9 0.0148962 0.0112215
30.95 0.0144846 0.0111825
31 0.0140775 0.0111424
31.05 0.0136749 0.0111012
31.1 0.0132769 0.0110589
31.15 0.0128835 0.0110154
31.2 0.0124947 0.010971
31.25 0.0121104 0.0109254
31.3 0.0117307 0.0108789
31.35 0.0113555 0.0108313
31.4 0.0109849 0.0107827
31.45 0.0106189 0.0107331
31.5 0.0102574 0.0106826
31.55 0.0099005 0.0106311
31.6 0.00954814 0.0105786
31.65 0.00920034 0.0105253
31.7 0.00885707 0.010471
31.75 0.00851834 0.0104159
31.8 0.00818415 0.0103599
31.85 0.00785447 0.010303
31.9 0.00752931 0.0102453
31.95 0.00720865 0.0101867
32 0.00689248 0.0101274
32.05 0.0065808 0.0100673
32.1 0.00627358 0.0100064
32.15 0.00597082 0.00994468
32.2 0.00567251 0.00988226
32.25 0.00537863 0.00981911
32.3 0.00508916 0.00975525
32.35 0.0048041 0.00969069
32.4 0.00452342 0.00962545
32.45 0.0042471 0.00955953
32.5 0.00397514 0.00949297
32.55 0.00370751 0.00942576
32.6 0.00344419 0.00935794
32.65 0.00318516 0.0092895
32.7 0.00293041 0.00922047
32.75 0.0026799 0.00915086
32.8 0.00243363 0.00908069
32.85 0.00219157 0.00900997
32.9 0.00195369 0.00893872
32.95 0.00171997 0.00886694
33 0.00149039 0.00879466
33.05 0.00126492 0.00872188
33.1 0.00104354 0.00864863
33.15 0.000826217 0.00857491
33.2 0.000612931 0.00850074
33.25 0.000403653 0.00842614
33.3 0.000198356 0.00835111
33.35 -2.99028e-06 0.00827568
33.4 -0.000200413 0.00819985
33.45 -0.000393942 0.00812364
33.5 -0.000583607 0.00804706
33.55 -0.000769438 0.00797012
33.6 -0.000951465 0.00789285
33.65 -0.00112972 0.00781524
33.7 -0.00130424 0.00773732
33.75 -0.00147504 0.0076591
33.8 -0.00164217 0.00758059
33.85 -0.00180566 0.0075018
33.9 -0.00196554 0.00742274
33.95 -0.00212184 0.00734344
34 -0.0022746 0.00726389
34.05 -0.00242386 0.00718412
34.1 -0.00256964 0.00710414
34.15 -0.00271198 0.00702395
34.2 -0.00285092 0.00694357
34.25 -0.0029865 0.00686301
34.3 -0.00311875 0.00678229
34.35 -0.0032477 0.00670141
34.4 -0.0033734 0.00662039
34.45 -0.00349587 0.00653924
34.5 -0.00361517 0.00645797
34.55 -0.00373132 0.00637659
34.6 -0.00384436 0.00629512
34.65 -0.00395433 0.00621356
34.7 -0.00406127 0.00613193
34.75 -0.00416522 0.00605023
34.8 -0.00426621 0.00596848
34.85 -0.00436428 0.00588669
34.9 -0.00445948 0.00580488
34.95 -0.00455184 0.00572304
35 -0.00464139 0.00564119
35.05 -0.00472819 0.00555935
35.1 -0.00481227 0.00547752
35.15 -0.00489366 0.00539571
35.2 -0.0049724 0.00531393
35.25 -0.00504854 0.0052322
35.3 -0.00512212 0.00515053
35.35 -0.00519317 0.00506891
35.4 -0.00526173 0.00498737
35.45 -0.00532785 0.00490592
35.5 -0.00539156 0.00482456
35.55 -0.00545289 0.0047433
35.6 -0.0055119 0.00466216
35.65 -0.00556861 0.00458113
35.7 -0.00562308 0.00450024
35.75 -0.00567533 0.00441949
35.8 -0.0057254 0.0043389
35.85 -0.00577334 0.00425846
35.9 -0.00581918 0.00417819
35.95 -0.00586297 0.0040981
36 -0.00590473 0.0040182
36.05 -0.00594451 0.00393849
36.1 -0.00598234 0.00385899
36.15 -0.00601827 0.0037797
36.2 -0.00605233 0.00370064
36.25 -0.00608456 0.0036218
36.3 -0.00611499 0.0035432
36.35 -0.00614366 0.00346486
36.4 -0.00617062 0.00338676
36.45 -0.00619589 0.00330894
36.5 -0.00621951 0.00323138
36.55 -0.00624151 0.00315411
36.6 -0.00626194 0.00307712
36.65 -0.00628083 0.00300043
36.7 -0.00629821 0.00292404
36.75 -0.00631413 0.00284797
36.8 -0.0063286 0.00277221
36.85 -0.00634167 0.00269678
36.9 -0.00635337 0.00262169
36.95 -0.00636374 0.00254694
37 -0.0063728 0.00247253
37.05 -0.00638059 0.00239849
37.1 -0.00638715 0.0023248
37.15 -0.0063925 0.00225149
37.2 -0.00639667 0.00217855
37.25 -0.00639971 0.002106
37.3 -0.00640163 0.00203384
37.35 -0.00640247 0.00196207
37.4 -0.00640227 0.00189071
37.45 -0.00640104 0.00181977
37.5 -0.00639882 0.00174923
37.55 -0.00639563 0.00167912
37.6 -0.00639152 0.00160945
37.65 -0.0063865 0.0015402
37.7 -0.0063806 0.0014714
37.75 -0.00637385 0.00140305
37.8 -0.00636627 0.00133515
37.85 -0.0063579 0.00126771
37.9 -0.00634875 0.00120073
37.95 -0.00633886 0.00113423
38 -0.00632825 0.0010682
38.05 -0.00631695 0.00100266
38.1 -0.00630497 0.000937597
38.15 -0.00629234 0.000873031
38.2 -0.00627908 0.000808963
38.25 -0.00626523 0.000745398
38.3 -0.00625079 0.00068234
38.35 -0.0062358 0.000619795
38.4 -0.00622027 0.000557768
38.45 -0.00620422 0.000496262
38.5 -0.00618768 0.000435284
38.55 -0.00617066 0.000374837
38.6 -0.00615319 0.000314925
38.65 -0.00613528 0.000255554
38.7 -0.00611695 0.000196727
38.75 -0.00609822 0.000138448
38.8 -0.00607911 8.07223e-05
38.85 -0.00605964 2.35527e-05
38.9 -0.00603981 -3.30564e-05
38.95 -0.00601966 -8.91014e-05
39 -0.00599919 -0.000144579
39.05 -0.00597842 -0.000199484
39.1 -0.00595736 -0.000253815
39.15 -0.00593603 -0.000307568
39.2 -0.00591444 -0.000360739
39.25 -0.00589262 -0.000413326
39.3 -0.00587056 -0.000465325
39.35 -0.00584828 -0.000516733
39.4 -0.0058258 -0.000567547
39.45 -0.00580312 -0.000617765
39.5 -0.00578027 -0.000667383
39.55 -0.00575724 -0.0007164
39.6 -0.00573405 -0.000764813
39.65 -0.00571071 -0.000812619
39.7 -0.00568723 -0.000859816
39.75 -0.00566362 -0.000906402
39.8 -0.00563989 -0.000952375
39.85 -0.00561604 -0.000997732
39.9 -0.00559209 -0.00104247
39.95 -0.00556803 -0.00108659
40 -0.00554389 -0.0011301
40.05 -0.00551967 -0.00117297
40.1 -0.00549537 -0.00121523
40.15 -0.00547099 -0.00125686
40.2 -0.00544655 -0.00129786
40.25 -0.00542205 -0.00133824
40.3 -0.0053975 -0.00137799
40.35 -0.0053729 -0.0014171
40.4 -0.00534825 -0.00145559
40.45 -0.00532356 -0.00149345
40.5 -0.00529883 -0.00153067
40.55 -0.00527407 -0.00156726
40.6 -0.00524928 -0.00160322
40.65 -0.00522446 -0.00163855
40.7 -0.00519961 -0.00167324
40.75 -0.00517474 -0.0017073
40.8 -0.00514985 -0.00174072
40.85 -0.00512494 -0.00177351
40.9 -0.00510001 -0.00180567
40.95 -0.00507506 -0.00183719
41 -0.00505009 -0.00186808
41.05 -0.00502511 -0.00189834
41.1 -0.00500011 -0.00192797
41.15 -0.0049751 -0.00195696
41.2 -0.00495007 -0.00198532
41.25 -0.00492503 -0.00201306
41.3 -0.00489996 -0.00204016
41.35 -0.00487488 -0.00206663
41.4 -0.00484979 -0.00209248
41.45 -0.00482467 -0.00211771
41.5 -0.00479952 -0.0021423
41.55 -0.00477436 -0.00216628
41.6 -0.00474917 -0.00218963
41.65 -0.00472396 -0.00221237
41.7 -0.00469871 -0.00223448
41.75 -0.00467343 -0.00225598
41.8 -0.00464812 -0.00227687
41.85 -0.00462278 -0.00229714
41.9 -0.00459739 -0.0023168
41.95 -0.00457197 -0.00233586
42 -0.0045465 -0.00235431
42.05 -0.00452098 -0.00237215
42.1 -0.00449541 -0.00238939
42.15 -0.00446978 -0.00240604
42.2 -0.0044441 -0.00242209
42.25 -0.00441836 -0.00243754
42.3 -0.00439256 -0.00245241
42.35 -0.00436668 -0.00246668
42.4 -0.00434074 -0.00248037
42.45 -0.00431472 -0.00249348
42.5 -0.00428862 -0.00250602
42.55 -0.00426244 -0.00251797
42.6 -0.00423618 -0.00252936
42.65 -0.00420982 -0.00254017
42.7 -0.00418337 -0.00255042
42.75 -0.00415683 -0.00256011
42.8 -0.00413018 -0.00256924
42.85 -0.00410343 -0.00257782
42.9 -0.00407657 -0.00258584
42.95 -0.00404959 -0.00259332
43 -0.0040225 -0.00260026
43.05 -0.00399529 -0.00260665
43.1 -0.00396796 -0.00261252
43.15 -0.0039405 -0.00261785
43.2 -0.00391291 -0.00262265
43.25 -0.00388518 -0.00262694
43.3 -0.00385732 -0.0026307
43.35 -0.00382931 -0.00263395
43.4 -0.00380116 -0.0026367
43.45 -0.00377286 -0.00263893
43.5 -0.00374441 -0.00264067
43.55 -0.00371581 -0.00264192
43.6 -0.00368704 -0.00264267
43.65 -0.00365812 -0.00264294
43.7 -0.00362903 -0.00264273
43.75 -0.00359978 -0.00264204
43.8 -0.00357036 -0.00264088
43.85 -0.00354076 -0.00263925
43.9 -0.00351099 -0.00263717
43.95 -0.00348105 -0.00263462
44 -0.00345092 -0.00263163
44.05 -0.00342062 -0.00262819
44.1 -0.00339013 -0.00262431
44.15 -0.00335946 -0.00262
44.2 -0.0033286 -0.00261526
44.25 -0.00329755 -0.00261009
44.3 -0.00326631 -0.00260451
44.35 -0.00323489 -0.00259851
44.4 -0.00320327 -0.00259211
44.45 -0.00317145 -0.0025853
44.5 -0.00313945 -0.0025781
44.55 -0.00310725 -0.0025705
44.6 -0.00307485 -0.00256252
44.65 -0.00304226 -0.00255416
44.7 -0.00300947 -0.00254543
44.75 -0.00297649 -0.00253633
44.8 -0.00294331 -0.00252687
44.85 -0.00290993 -0.00251705
44.9 -0.00287636 -0.00250688
44.95 -0.0028426 -0.00249636
45 -0.00280864 -0.00248551
45.05 -0.00277448 -0.00247432
45.1 -0.00274014 -0.00246281
45.15 -0.00270561 -0.00245098
45.2 -0.00267088 -0.00243883
45.25 -0.00263597 -0.00242637
45.3 -0.00260087 -0.00241361
45.35 -0.00256559 -0.00240055
45.4 -0.00253013 -0.0023872
45.45 -0.00249448 -0.00237356
45.5 -0.00245866 -0.00235965
45.55 -0.00242267 -0.00234546
45.6 -0.0023865 -0.00233101
45.65 -0.00235016 -0.00231629
45.7 -0.00231366 -0.00230132
45.75 -0.00227699 -0.0022861
45.8 -0.00224017 -0.00227063
45.85 -0.00220319 -0.00225493
45.9 -0.00216605 -0.002239
45.95 -0.00212877 -0.00222284
46 -0.00209135 -0.00220647
46.05 -0.00205379 -0.00218988
46.1 -0.00201609 -0.00217308
46.15 -0.00197825 -0.00215608
46.2 -0.0019403 -0.00213889
46.25 -0.00190222 -0.00212151
46.3 -0.00186403 -0.00210394
46.35 -0.00182572 -0.0020862
46.4 -0.00178731 -0.00206829
46.45 -0.0017488 -0.00205021
46.5 -0.00171019 -0.00203197
46.55 -0.00167149 -0.00201357
46.6 -0.00163271 -0.00199503
46.65 -0.00159385 -0.00197635
46.7 -0.00155493 -0.00195753
46.75 -0.00151593 -0.00193857
46.8 -0.00147688 -0.00191949
46.85 -0.00143777 -0.0019003
46.9 -0.00139862 -0.00188099
46.95 -0.00135943 -0.00186157
47 -0.0013202 -0.00184204
47.05 -0.00128095 -0.00182242
47.1 -0.00124169 -0.00180271
47.15 -0.00120241 -0.00178291
47.2 -0.00116312 -0.00176303
47.25 -0.00112384 -0.00174308
47.3 -0.00108457 -0.00172305
47.35 -0.00104531 -0.00170296
47.4 -0.00100608 -0.00168281
47.45 -0.000966884 -0.0016626
47.5 -0.000927727 -0.00164235
47.55 -0.000888617 -0.00162205
47.6 -0.000849563 -0.00160171
47.65 -0.000810572 -0.00158134
47.7 -0.000771652 -0.00156094
47.75 -0.000732811 -0.00154051
47.8 -0.000694057 -0.00152007
47.85 -0.000655398 -0.00149961
47.9 -0.000616842 -0.00147914
47.95 -0.000578397 -0.00145867
48 -0.000540071 -0.00143819
48.05 -0.000501872 -0.00141772
48.1 -0.000463808 -0.00139726
48.15 -0.000425888 -0.00137681
48.2 -0.00038812 -0.00135638
48.25 -0.000350511 -0.00133597
48.3 -0.00031307 -0.00131559
48.35 -0.000275805 -0.00129524
48.4 -0.000238724 -0.00127492
48.45 -0.000201836 -0.00125464
48.5 -0.000165148 -0.00123441
48.55 -0.000128668 -0.00121422
48.6 -9.24048e-05 -0.00119408
48.65 -5.63661e-05 -0.001174
48.7 -2.05598e-05 -0.00115398
48.75 1.5006e-05 -0.00113402
48.8 5.03234e-05 -0.00111413
48.85 8.53847e-05 -0.00109431
48.9 0.000120182 -0.00107456
48.95 0.000154707 -0.00105488
49 0.000188953 -0.00103529
49.05 0.000222912 -0.00101579
49.1 0.000256576 -0.000996367
49.15 0.000289939 -0.000977039
49.2 0.000322991 -0.000957804
49.25 0.000355727 -0.000938667
49.3 0.000388138 -0.000919629
49.35 0.000420218 -0.000900696
49.4 0.00045196 -0.000881868
49.45 0.000483357 -0.000863149
49.5 0.000514401 -0.000844542
49.55 0.000545086 -0.00082605
49.6 0.000575406 -0.000807676
49.65 0.000605353 -0.000789421
49.7 0.000634922 -0.000771289
49.75 0.000664105 -0.000753281
49.8 0.000692898 -0.000735402
49.85 0.000721293 -0.000717652
49.9 0.000749285 -0.000700034
49.95 0.000776867 -0.00068255
50 0.000804035 -0.000665203
