-0.498 -0.000247366 -8.93608e-05
-0.496 -0.000997527 -0.000362752
-0.494 -0.00226222 -0.00082791
-0.492 -0.00405266 -0.00149222
-0.49 -0.00637948 -0.00236265
-0.488 -0.00925274 -0.00344573
-0.486 -0.0126818 -0.00474744
-0.484 -0.0166753 -0.00627322
-0.482 -0.0212412 -0.00802786
-0.48 -0.0263866 -0.0100155
-0.478 -0.0321178 -0.0122395
-0.476 -0.0384402 -0.0147025
-0.474 -0.0453583 -0.0174064
-0.472 -0.0528756 -0.020352
-0.47 -0.0609947 -0.0235395
-0.468 -0.0697171 -0.0269679
-0.466 -0.0790433 -0.0306354
-0.464 -0.0889727 -0.0345392
-0.462 -0.0995034 -0.0386754
-0.46 -0.110633 -0.0430391
-0.458 -0.122356 -0.0476242
-0.456 -0.134669 -0.0524237
-0.454 -0.147565 -0.0574295
-0.452 -0.161036 -0.0626322
-0.45 -0.175073 -0.0680214
-0.448 -0.189667 -0.0735857
-0.446 -0.204804 -0.0793123
-0.444 -0.220474 -0.0851877
-0.442 -0.236662 -0.0911971
-0.44 -0.253353 -0.0973245
-0.438 -0.27053 -0.103553
-0.436 -0.288176 -0.109865
-0.434 -0.306271 -0.116241
-0.432 -0.324796 -0.122662
-0.43 -0.343729 -0.129107
-0.428 -0.363048 -0.135554
-0.426 -0.382728 -0.141982
-0.424 -0.402746 -0.148366
-0.422 -0.423074 -0.154682
-0.42 -0.443686 -0.160908
-0.418 -0.464554 -0.167017
-0.416 -0.485649 -0.172984
-0.414 -0.506939 -0.178783
-0.412 -0.528396 -0.184388
-0.41 -0.549985 -0.189773
-0.408 -0.571676 -0.19491
-0.406 -0.593434 -0.199774
-0.404 -0.615224 -0.204336
-0.402 -0.637013 -0.208571
-0.4 -0.658764 -0.212452
-0.398 -0.680442 -0.215953
-0.396 -0.702011 -0.219048
-0.394 -0.723432 -0.221712
-0.392 -0.744669 -0.22392
-0.39 -0.765685 -0.225648
-0.388 -0.786441 -0.226872
-0.386 -0.806901 -0.22757
-0.384 -0.827025 -0.22772
-0.382 -0.846777 -0.227303
-0.38 -0.866118 -0.226298
-0.378 -0.885011 -0.224687
-0.376 -0.903419 -0.222454
-0.374 -0.921304 -0.219583
-0.372 -0.938631 -0.216061
-0.37 -0.955364 -0.211874
-0.368 -0.971466 -0.207012
-0.366 -0.986903 -0.201465
-0.364 -1.00164 -0.195227
-0.362 -1.01565 -0.188292
-0.36 -1.02889 -0.180656
-0.358 -1.04133 -0.172317
-0.356 -1.05295 -0.163276
-0.354 -1.06372 -0.153534
-0.352 -1.07359 -0.143096
-0.35 -1.08256 -0.131967
-0.348 -1.09059 -0.120156
-0.346 -1.09766 -0.107673
-0.344 -1.10375 -0.0945307
-0.342 -1.10882 -0.0807425
-0.34 -1.11287 -0.066325
-0.338 -1.11588 -0.0512962
-0.336 -1.11782 -0.0356765
-0.334 -1.11868 -0.0194877
-0.332 -1.11845 -0.00275371
-0.33 -1.11711 0.0144997
-0.328 -1.11466 0.0322452
-0.326 -1.11107 0.0504538
-0.324 -1.10635 0.0690947
-0.322 -1.10048 0.088136
-0.32 -1.09347 0.107544
-0.318 -1.0853 0.127284
-0.316 -1.07597 0.147321
-0.314 -1.06549 0.167616
-0.312 -1.05385 0.188132
-0.31 -1.04105 0.208831
-0.308 -1.0271 0.229672
-0.306 -1.012 0.250616
-0.304 -0.995745 0.271622
-0.302 -0.978353 0.292649
-0.3 -0.959826 0.313657
-0.298 -0.94017 0.334604
-0.296 -0.919395 0.355449
-0.294 -0.897507 0.376153
-0.292 -0.874516 0.396675
-0.29 -0.850432 0.416975
-0.288 -0.825263 0.437015
-0.286 -0.79902 0.456757
-0.284 -0.771713 0.476165
-0.282 -0.743351 0.495202
-0.28 -0.713944 0.513834
-0.278 -0.683503 0.532029
-0.276 -0.652035 0.549755
-0.274 -0.619551 0.566983
-0.272 -0.586059 0.583685
-0.27 -0.551566 0.599835
-0.268 -0.516079 0.615411
-0.266 -0.479605 0.630389
-0.264 -0.442149 0.644752
-0.262 -0.403716 0.658483
-0.26 -0.364308 0.671567
-0.258 -0.32393 0.683992
-0.256 -0.28258 0.695749
-0.254 -0.24026 0.706833
-0.252 -0.196969 0.717238
-0.25 -0.152702 0.726965
-0.248 -0.107458 0.736015
-0.246 -0.0612288 0.744392
-0.244 -0.0140091 0.752104
-0.242 0.0342098 0.759161
-0.24 0.0834377 0.765577
-0.238 0.133686 0.771367
-0.236 0.184967 0.77655
-0.234 0.237295 0.781148
-0.232 0.290686 0.785184
-0.23 0.345156 0.788686
-0.228 0.400725 0.791683
-0.226 0.457412 0.794208
-0.224 0.515238 0.796295
-0.222 0.574225 0.79798
-0.22 0.634398 0.799304
-0.218 0.695781 0.800308
-0.216 0.758401 0.801035
-0.214 0.822283 0.801531
-0.212 0.887457 0.801844
-0.21 0.953951 0.802024
-0.208 1.0218 0.80212
-0.206 1.09102 0.802187
-0.204 1.16166 0.802278
-0.202 1.23374 0.802448
-0.2 1.3073 0.802754
-0.198 1.38236 0.803254
-0.196 1.45897 0.804006
-0.194 1.53716 0.805068
-0.192 1.61695 0.806501
-0.19 1.69839 0.808364
-0.188 1.7815 0.810719
-0.186 1.86633 0.813626
-0.184 1.9529 0.817144
-0.182 2.04124 0.821335
-0.18 2.1314 0.826259
-0.178 2.2234 0.831975
-0.176 2.31727 0.838542
-0.174 2.41305 0.846019
-0.172 2.51076 0.854462
-0.17 2.61043 0.863929
-0.168 2.7121 0.874474
-0.166 2.81578 0.886152
-0.164 2.92151 0.899015
-0.162 3.02931 0.913113
-0.16 3.13921 0.928497
-0.158 3.25122 0.945214
-0.156 3.36537 0.96331
-0.154 3.48168 0.982827
-0.152 3.60016 1.00381
-0.15 3.72083 1.02629
-0.148 3.84371 1.05032
-0.146 3.9688 1.07591
-0.144 4.09612 1.10312
-0.142 4.22568 1.13196
-0.14 4.35748 1.16246
-0.138 4.49152 1.19465
-0.136 4.62781 1.22854
-0.134 4.76635 1.26416
-0.132 4.90713 1.30152
-0.13 5.05015 1.34063
-0.128 5.1954 1.38151
-0.126 5.34287 1.42415
-0.124 5.49255 1.46856
-0.122 5.64441 1.51474
-0.12 5.79844 1.56268
-0.118 5.95462 1.61238
-0.116 6.11292 1.66383
-0.114 6.27332 1.71701
-0.112 6.43577 1.77191
-0.11 6.60024 1.82849
-0.108 6.76671 1.88675
-0.106 6.93511 1.94665
-0.104 7.10541 2.00816
-0.102 7.27755 2.07124
-0.1 7.45148 2.13586
-0.098 7.62714 2.20197
-0.096 7.80447 2.26952
-0.094 7.9834 2.33848
-0.092 8.16385 2.40878
-0.09 8.34576 2.48037
-0.088 8.52904 2.55319
-0.086 8.7136 2.62717
-0.084 8.89936 2.70226
-0.082 9.08621 2.77837
-0.08 9.27406 2.85544
-0.078 9.4628 2.93338
-0.076 9.65232 3.01213
-0.074 9.84251 3.09159
-0.072 10.0332 3.17169
-0.07 10.2244 3.25232
-0.068 10.4158 3.3334
-0.066 10.6074 3.41484
-0.064 10.7989 3.49653
-0.062 10.9903 3.57837
-0.06 11.1814 3.66027
-0.058 11.3721 3.74212
-0.056 11.5621 3.8238
-0.054 11.7513 3.90522
-0.052 11.9395 3.98625
-0.05 12.1266 4.06679
-0.048 12.3123 4.14671
-0.046 12.4965 4.22591
-0.044 12.679 4.30427
-0.042 12.8595 4.38166
-0.04 13.0379 4.45796
-0.038 13.214 4.53307
-0.036 13.3875 4.60685
-0.034 13.5582 4.67918
-0.032 13.726 4.74996
-0.03 13.8906 4.81904
-0.028 14.0517 4.88633
-0.026 14.2093 4.95169
-0.024 14.3629 5.01502
-0.022 14.5125 5.07619
-0.02 14.6577 5.1351
-0.018 14.7984 5.19162
-0.016 14.9344 5.24567
-0.014 15.0654 5.29712
-0.012 15.1912 5.34587
-0.01 15.3115 5.39184
-0.008 15.4263 5.43491
-0.006 15.5352 5.47501
-0.004 15.6381 5.51203
-0.002 15.7347 5.54591
0 15.8249 5.57656
0.002 15.9084 5.60391
0.004 15.9852 5.62789
0.006 16.0549 5.64845
0.008 16.1175 5.66553
0.01 16.1728 5.67908
0.012 16.2207 5.68905
0.014 16.2609 5.69541
0.016 16.2935 5.69814
0.018 16.3181 5.69721
0.02 16.3349 5.6926
0.022 16.3436 5.6843
0.024 16.3441 5.67232
0.026 16.3364 5.65666
0.028 16.3205 5.63733
0.03 16.2962 5.61435
0.032 16.2636 5.58775
0.034 16.2225 5.55757
0.036 16.1731 5.52385
0.038 16.1153 5.48663
0.04 16.0491 5.44597
0.042 15.9745 5.40193
0.044 15.8916 5.35459
0.046 15.8004 5.30402
0.048 15.701 5.2503
0.05 15.5934 5.19351
0.052 15.4779 5.13376
0.054 15.3544 5.07114
0.056 15.223 5.00575
0.058 15.084 4.93771
0.06 14.9373 4.86712
0.062 14.7833 4.79411
0.064 14.622 4.7188
0.066 14.4536 4.64132
0.068 14.2783 4.56178
0.07 14.0963 4.48033
0.072 13.9077 4.3971
0.074 13.7128 4.31222
0.076 13.5118 4.22583
0.078 13.305 4.13807
0.08 13.0924 4.04909
0.082 12.8744 3.95902
0.084 12.6513 3.868
0.086 12.4232 3.77618
0.088 12.1904 3.68369
0.09 11.9532 3.59068
0.092 11.7118 3.49728
0.094 11.4665 3.40362
0.096 11.2176 3.30986
0.098 10.9653 3.21611
0.1 10.7099 3.1225
0.102 10.4517 3.02917
0.104 10.1909 2.93624
0.106 9.92783 2.84382
0.108 9.66278 2.75204
0.11 9.396 2.66101
0.112 9.12776 2.57084
0.114 8.85834 2.48163
0.116 8.58802 2.39348
0.118 8.31705 2.30649
0.12 8.0457 2.22075
0.122 7.77424 2.13634
0.124 7.50293 2.05335
0.126 7.23202 1.97185
0.128 6.96177 1.89191
0.13 6.69243 1.8136
0.132 6.42423 1.73698
0.134 6.15743 1.6621
0.136 5.89224 1.58901
0.138 5.6289 1.51776
0.14 5.36764 1.44839
0.142 5.10867 1.38092
0.144 4.8522 1.31539
0.146 4.59844 1.25182
0.148 4.34758 1.19022
0.15 4.09982 1.13062
0.152 3.85534 1.07302
0.154 3.61432 1.01742
0.156 3.37692 0.963828
0.158 3.14331 0.91223
0.16 2.91366 0.86262
0.162 2.68809 0.814984
0.164 2.46676 0.769303
0.166 2.24979 0.725557
0.168 2.03732 0.683721
0.17 1.82945 0.643764
0.172 1.6263 0.605655
0.174 1.42796 0.56936
0.176 1.23453 0.53484
0.178 1.0461 0.502055
0.18 0.862737 0.470962
0.182 0.684511 0.441514
0.184 0.511484 0.413666
0.186 0.343708 0.387367
0.188 0.181227 0.362566
0.19 0.0240773 0.339212
0.192 -0.127712 0.317251
0.194 -0.27412 0.296627
0.196 -0.415133 0.277286
0.198 -0.550746 0.25917
0.2 -0.680961 0.242224
0.202 -0.805787 0.226389
0.204 -0.92524 0.21161
0.206 -1.03934 0.197828
0.208 -1.14813 0.184987
0.21 -1.25163 0.173029
0.212 -1.3499 0.1619
0.214 -1.44297 0.151542
0.216 -1.53092 0.141902
0.218 -1.6138 0.132926
0.22 -1.69167 0.12456
0.222 -1.76462 0.116753
0.224 -1.83272 0.109455
0.226 -1.89606 0.102617
0.228 -1.95472 0.0961911
0.23 -2.0088 0.0901313
0.232 -2.0584 0.0843934
0.234 -2.10362 0.0789346
0.236 -2.14456 0.073714
0.238 -2.18134 0.0686926
0.24 -2.21407 0.0638332
0.242 -2.24286 0.0591004
0.244 -2.26783 0.0544609
0.246 -2.28911 0.0498833
0.248 -2.30682 0.0453383
0.25 -2.32108 0.0407985
0.252 -2.33201 0.0362386
0.254 -2.33976 0.0316353
0.256 -2.34444 0.0269674
0.258 -2.34619 0.0222157
0.26 -2.34513 0.0173628
0.262 -2.34141 0.0123937
0.264 -2.33514 0.00729493
0.266 -2.32645 0.00205534
0.268 -2.31548 -0.00333453
0.27 -2.30236 -0.00888219
0.272 -2.28721 -0.0145933
0.274 -2.27015 -0.0204718
0.276 -2.25131 -0.0265199
0.278 -2.23082 -0.0327379
0.28 -2.20879 -0.0391247
0.282 -2.18534 -0.0456775
0.284 -2.16058 -0.0523921
0.286 -2.13463 -0.0592627
0.288 -2.1076 -0.0662821
0.29 -2.07958 -0.0734419
0.292 -2.0507 -0.0807324
0.294 -2.02103 -0.0881427
0.296 -1.99069 -0.0956607
0.298 -1.95976 -0.103273
0.3 -1.92833 -0.110967
0.302 -1.89648 -0.118726
0.304 -1.8643 -0.126535
0.306 -1.83186 -0.134378
0.308 -1.79924 -0.142238
0.31 -1.7665 -0.150097
0.312 -1.73371 -0.157937
0.314 -1.70094 -0.165739
0.316 -1.66822 -0.173485
0.318 -1.63562 -0.181155
0.32 -1.60319 -0.188732
0.322 -1.57098 -0.196194
0.324 -1.53901 -0.203524
0.326 -1.50733 -0.210701
0.328 -1.47597 -0.217708
0.33 -1.44496 -0.224526
0.332 -1.41432 -0.231135
0.334 -1.38408 -0.237518
0.336 -1.35426 -0.243658
0.338 -1.32487 -0.249538
0.34 -1.29593 -0.255142
0.342 -1.26744 -0.260453
0.344 -1.23941 -0.265457
0.346 -1.21184 -0.27014
0.348 -1.18474 -0.274489
0.35 -1.15811 -0.278492
0.352 -1.13194 -0.282136
0.354 -1.10623 -0.285412
0.356 -1.08097 -0.288311
0.358 -1.05615 -0.290825
0.36 -1.03177 -0.292946
0.362 -1.00781 -0.294668
0.364 -0.984253 -0.295987
0.366 -0.961098 -0.2969
0.368 -0.938324 -0.297403
0.37 -0.915919 -0.297497
0.372 -0.893865 -0.297181
0.374 -0.872148 -0.296456
0.376 -0.850752 -0.295326
0.378 -0.82966 -0.293794
0.38 -0.808857 -0.291865
0.382 -0.788327 -0.289546
0.384 -0.768054 -0.286844
0.386 -0.748024 -0.283767
0.388 -0.728221 -0.280326
0.39 -0.708633 -0.276531
0.392 -0.689246 -0.272394
0.394 -0.670047 -0.267928
0.396 -0.651026 -0.263146
0.398 -0.632172 -0.258063
0.4 -0.613476 -0.252695
0.402 -0.594929 -0.247058
0.404 -0.576525 -0.241169
0.406 -0.558258 -0.235046
0.408 -0.540122 -0.228706
0.41 -0.522116 -0.222169
0.412 -0.504237 -0.215453
0.414 -0.486485 -0.208579
0.416 -0.468859 -0.201565
0.418 -0.451363 -0.194433
0.42 -0.433999 -0.187203
0.422 -0.416772 -0.179894
0.424 -0.399689 -0.172527
0.426 -0.382756 -0.165122
0.428 -0.365981 -0.1577
0.43 -0.349375 -0.15028
0.432 -0.332949 -0.142883
0.434 -0.316713 -0.135526
0.436 -0.300682 -0.12823
0.438 -0.284868 -0.121012
0.44 -0.269288 -0.11389
0.442 -0.253956 -0.106881
0.444 -0.238889 -0.100003
0.446 -0.224105 -0.0932708
0.448 -0.209621 -0.0866993
0.45 -0.195456 -0.0803032
0.452 -0.181628 -0.0740957
0.454 -0.168158 -0.0680895
0.456 -0.155064 -0.0622962
0.458 -0.142367 -0.0567265
0.46 -0.130086 -0.0513902
0.462 -0.118242 -0.046296
0.464 -0.106854 -0.0414518
0.466 -0.0959427 -0.0368642
0.468 -0.0855273 -0.0325391
0.47 -0.0756271 -0.0284812
0.472 -0.0662609 -0.0246942
0.474 -0.057447 -0.021181
0.476 -0.0492031 -0.0179432
0.478 -0.0415463 -0.0149818
0.48 -0.0344928 -0.0122965
0.482 -0.028058 -0.00988635
0.484 -0.0222564 -0.00774944
0.486 -0.0171013 -0.00588299
0.488 -0.0126052 -0.00428344
0.49 -0.00877916 -0.00294644
0.492 -0.0056331 -0.00186692
0.494 -0.00317564 -0.00103917
0.496 -0.00141402 -0.000456805
0.498 -0.000354034 -0.0001129
0.05 6.09087 2.32439
0.1 6.09106 2.32436
0.15 6.09139 2.32431
0.2 6.09184 2.32425
0.25 6.09242 2.32416
0.3 6.09312 2.32405
0.35 6.09396 2.32393
0.4 6.09492 2.32378
0.45 6.09601 2.32361
0.5 6.09723 2.32343
0.55 6.09857 2.32322
0.6 6.10003 2.323
0.65 6.10162 2.32275
0.7 6.10334 2.32248
0.75 6.10517 2.3222
0.8 6.10713 2.32189
0.85 6.10921 2.32156
0.9 6.1114 2.32122
0.95 6.11372 2.32085
1 6.11615 2.32046
1.05 6.1187 2.32004
1.1 6.12136 2.31961
1.15 6.12413 2.31915
1.2 6.12702 2.31868
1.25 6.13002 2.31818
1.3 6.13312 2.31765
1.35 6.13633 2.31711
1.4 6.13965 2.31654
1.45 6.14307 2.31595
1.5 6.14659 2.31534
1.55 6.15021 2.3147
1.6 6.15393 2.31404
1.65 6.15774 2.31335
1.7 6.16164 2.31264
1.75 6.16564 2.3119
1.8 6.16973 2.31114
1.85 6.1739 2.31035
1.9 6.17816 2.30954
1.95 6.1825 2.3087
2 6.18693 2.30784
2.05 6.19142 2.30694
2.1 6.196 2.30602
2.15 6.20065 2.30508
2.2 6.20536 2.3041
2.25 6.21015 2.3031
2.3 6.215 2.30206
2.35 6.21991 2.301
2.4 6.22488 2.29991
2.45 6.2299 2.29879
2.5 6.23498 2.29764
2.55 6.24012 2.29646
2.6 6.2453 2.29524
2.65 6.25052 2.294
2.7 6.25579 2.29272
2.75 6.26109 2.29141
2.8 6.26643 2.29007
2.85 6.27181 2.2887
2.9 6.27721 2.28729
2.95 6.28264 2.28585
3 6.28809 2.28437
3.05 6.29357 2.28286
3.1 6.29906 2.28131
3.15 6.30456 2.27973
3.2 6.31008 2.27811
3.25 6.3156 2.27646
3.3 6.32112 2.27476
3.35 6.32664 2.27304
3.4 6.33217 2.27127
3.45 6.33768 2.26946
3.5 6.34318 2.26762
3.55 6.34867 2.26574
3.6 6.35415 2.26381
3.65 6.3596 2.26185
3.7 6.36503 2.25985
3.75 6.37043 2.2578
3.8 6.3758 2.25572
3.85 6.38113 2.25359
3.9 6.38643 2.25142
3.95 6.39168 2.24921
4 6.39689 2.24696
4.05 6.40205 2.24466
4.1 6.40716 2.24232
4.15 6.41221 2.23993
4.2 6.4172 2.2375
4.25 6.42213 2.23503
4.3 6.42698 2.23251
4.35 6.43177 2.22994
4.4 6.43649 2.22733
4.45 6.44112 2.22467
4.5 6.44568 2.22197
4.55 6.45015 2.21921
4.6 6.45453 2.21641
4.65 6.45882 2.21356
4.7 6.46301 2.21067
4.75 6.4671 2.20772
4.8 6.47109 2.20473
4.85 6.47497 2.20169
4.9 6.47874 2.19859
4.95 6.4824 2.19545
5 6.48595 2.19226
5.05 6.48937 2.18902
5.1 6.49266 2.18572
5.15 6.49583 2.18238
5.2 6.49887 2.17898
5.25 6.50177 2.17553
5.3 6.50454 2.17203
5.35 6.50717 2.16848
5.4 6.50965 2.16488
5.45 6.51198 2.16122
5.5 6.51416 2.15751
5.55 6.51619 2.15375
5.6 6.51806 2.14993
5.65 6.51977 2.14607
5.7 6.52131 2.14214
5.75 6.52269 2.13817
5.8 6.5239 2.13414
5.85 6.52494 2.13005
5.9 6.5258 2.12592
5.95 6.52648 2.12173
6 6.52698 2.11748
6.05 6.52729 2.11318
6.1 6.52742 2.10882
6.15 6.52736 2.10442
6.2 6.5271 2.09995
6.25 6.52665 2.09543
6.3 6.52599 2.09086
6.35 6.52514 2.08623
6.4 6.52408 2.08155
6.45 6.52282 2.07681
6.5 6.52135 2.07202
6.55 6.51966 2.06717
6.6 6.51776 2.06227
6.65 6.51565 2.05732
6.7 6.51332 2.05231
6.75 6.51076 2.04724
6.8 6.50799 2.04213
6.85 6.50499 2.03695
6.9 6.50176 2.03173
6.95 6.4983 2.02645
7 6.49461 2.02111
7.05 6.49069 2.01572
7.1 6.48653 2.01028
7.15 6.48214 2.00479
7.2 6.4775 1.99924
7.25 6.47263 1.99364
7.3 6.46751 1.98799
7.35 6.46215 1.98228
7.4 6.45655 1.97653
7.45 6.4507 1.97072
7.5 6.4446 1.96486
7.55 6.43825 1.95895
7.6 6.43165 1.95298
7.65 6.4248 1.94697
7.7 6.4177 1.94091
7.75 6.41034 1.9348
7.8 6.40272 1.92863
7.85 6.39485 1.92242
7.9 6.38673 1.91616
7.95 6.37834 1.90985
8 6.3697 1.9035
8.05 6.36079 1.8971
8.1 6.35163 1.89065
8.15 6.3422 1.88415
8.2 6.33252 1.87761
8.25 6.32257 1.87102
8.3 6.31236 1.86439
8.35 6.30188 1.85771
8.4 6.29115 1.85099
8.45 6.28015 1.84422
8.5 6.26889 1.83742
8.55 6.25736 1.83057
8.6 6.24557 1.82368
8.65 6.23352 1.81675
8.7 6.2212 1.80977
8.75 6.20862 1.80276
8.8 6.19578 1.79571
8.85 6.18268 1.78862
8.9 6.16931 1.78149
8.95 6.15568 1.77433
9 6.14179 1.76712
9.05 6.12764 1.75989
9.1 6.11323 1.75261
9.15 6.09856 1.74531
9.2 6.08363 1.73797
9.25 6.06844 1.73059
9.3 6.053 1.72319
9.35 6.0373 1.71575
9.4 6.02134 1.70828
9.45 6.00513 1.70078
9.5 5.98867 1.69326
9.55 5.97196 1.6857
9.6 5.95499 1.67812
9.65 5.93778 1.67051
9.7 5.92032 1.66287
9.75 5.90261 1.65521
9.8 5.88465 1.64752
9.85 5.86646 1.63982
9.9 5.84802 1.63208
9.95 5.82934 1.62433
10 5.81042 1.61656
10.05 5.79126 1.60876
10.1 5.77187 1.60095
10.15 5.75225 1.59312
10.2 5.7324 1.58527
10.25 5.71231 1.5774
10.3 5.692 1.56952
10.35 5.67146 1.56162
10.4 5.6507 1.55371
10.45 5.62972 1.54579
10.5 5.60852 1.53786
10.55 5.5871 1.52991
10.6 5.56547 1.52195
10.65 5.54363 1.51399
10.7 5.52158 1.50602
10.75 5.49932 1.49804
10.8 5.47686 1.49005
10.85 5.45419 1.48206
10.9 5.43133 1.47406
10.95 5.40827 1.46606
11 5.38501 1.45805
11.05 5.36156 1.45005
11.1 5.33793 1.44204
11.15 5.31411 1.43404
11.2 5.2901 1.42603
11.25 5.26592 1.41803
11.3 5.24156 1.41003
11.35 5.21702 1.40204
11.4 5.19232 1.39405
11.45 5.16744 1.38606
11.5 5.1424 1.37809
11.55 5.1172 1.37012
11.6 5.09184 1.36216
11.65 5.06632 1.3542
11.7 5.04065 1.34626
11.75 5.01483 1.33834
11.8 4.98887 1.33042
11.85 4.96276 1.32252
11.9 4.93651 1.31463
11.95 4.91012 1.30675
12 4.8836 1.2989
12.05 4.85695 1.29106
12.1 4.83018 1.28324
12.15 4.80328 1.27543
12.2 4.77626 1.26765
12.25 4.74913 1.25989
12.3 4.72188 1.25215
12.35 4.69452 1.24443
12.4 4.66706 1.23673
12.45 4.6395 1.22906
12.5 4.61183 1.22142
12.55 4.58407 1.2138
12.6 4.55622 1.2062
12.65 4.52828 1.19864
12.7 4.50025 1.1911
12.75 4.47215 1.18359
12.8 4.44396 1.17612
12.85 4.4157 1.16867
12.9 4.38737 1.16126
12.95 4.35898 1.15387
13 4.33051 1.14653
13.05 4.30199 1.13921
13.1 4.27342 1.13193
13.15 4.24479 1.12469
13.2 4.21611 1.11748
13.25 4.18738 1.11031
13.3 4.15861 1.10317
13.35 4.12981 1.09608
13.4 4.10096 1.08902
13.45 4.07209 1.082
13.5 4.04319 1.07503
13.55 4.01426 1.06809
13.6 3.98531 1.0612
13.65 3.95635 1.05435
13.7 3.92737 1.04754
13.75 3.89838 1.04078
13.8 3.86938 1.03406
13.85 3.84038 1.02739
13.9 3.81138 1.02076
13.95 3.78238 1.01417
14 3.75339 1.00764
14.05 3.72441 1.00115
14.1 3.69544 0.994703
14.15 3.66649 0.988309
14.2 3.63756 0.981963
14.25 3.60866 0.975666
14.3 3.57978 0.969419
14.35 3.55093 0.963221
14.4 3.52211 0.957074
14.45 3.49333 0.950978
14.5 3.46459 0.944932
14.55 3.43589 0.938939
14.6 3.40724 0.932997
14.65 3.37863 0.927107
14.7 3.35008 0.92127
14.75 3.32159 0.915486
14.8 3.29315 0.909755
14.85 3.26478 0.904078
14.9 3.23646 0.898455
14.95 3.20822 0.892885
15 3.18005 0.88737
15.05 3.15195 0.88191
15.1 3.12392 0.876504
15.15 3.09598 0.871153
15.2 3.06811 0.865858
15.25 3.04033 0.860618
15.3 3.01264 0.855433
15.35 2.98504 0.850304
15.4 2.95753 0.84523
15.45 2.93011 0.840213
15.5 2.90279 0.835251
15.55 2.87558 0.830346
15.6 2.84846 0.825496
15.65 2.82145 0.820703
15.7 2.79455 0.815966
15.75 2.76776 0.811285
15.8 2.74108 0.80666
15.85 2.71451 0.802091
15.9 2.68806 0.797578
15.95 2.66173 0.793122
16 2.63553 0.788721
16.05 2.60944 0.784376
16.1 2.58348 0.780088
16.15 2.55765 0.775854
16.2 2.53195 0.771677
16.25 2.50638 0.767555
16.3 2.48094 0.763488
16.35 2.45564 0.759476
16.4 2.43047 0.755519
16.45 2.40544 0.751617
16.5 2.38056 0.747769
16.55 2.35582 0.743976
16.6 2.33122 0.740237
16.65 2.30676 0.736551
16.7 2.28246 0.732919
16.75 2.2583 0.72934
16.8 2.23429 0.725814
16.85 2.21044 0.722341
16.9 2.18673 0.71892
16.95 2.16319 0.715551
17 2.1398 0.712233
17.05 2.11656 0.708967
17.1 2.09348 0.705751
17.15 2.07057 0.702586
17.2 2.04781 0.699471
17.25 2.02521 0.696406
17.3 2.00278 0.693389
17.35 1.98051 0.690422
17.4 1.95841 0.687503
17.45 1.93647 0.684631
17.5 1.9147 0.681807
17.55 1.89309 0.67903
17.6 1.87165 0.676299
17.65 1.85039 0.673614
17.7 1.82929 0.670974
17.75 1.80836 0.66838
17.8 1.7876 0.665829
17.85 1.76701 0.663322
17.9 1.74659 0.660858
17.95 1.72635 0.658437
18 1.70628 0.656058
18.05 1.68638 0.65372
18.1 1.66666 0.651423
18.15 1.6471 0.649166
18.2 1.62773 0.646949
18.25 1.60852 0.644771
18.3 1.58949 0.642631
18.35 1.57064 0.640528
18.4 1.55196 0.638463
18.45 1.53345 0.636435
18.5 1.51512 0.634442
18.55 1.49696 0.632484
18.6 1.47898 0.63056
18.65 1.46117 0.62867
18.7 1.44354 0.626814
18.75 1.42608 0.624989
18.8 1.40879 0.623196
18.85 1.39168 0.621435
18.9 1.37474 0.619703
18.95 1.35797 0.618001
19 1.34138 0.616328
19.05 1.32495 0.614683
19.1 1.3087 0.613066
19.15 1.29262 0.611475
19.2 1.27672 0.60991
19.25 1.26098 0.60837
19.3 1.24541 0.606855
19.35 1.23001 0.605363
19.4 1.21478 0.603895
19.45 1.19972 0.602449
19.5 1.18482 0.601024
19.55 1.17009 0.59962
19.6 1.15553 0.598237
19.65 1.14113 0.596872
19.7 1.1269 0.595526
19.75 1.11282 0.594198
19.8 1.09892 0.592888
19.85 1.08517 0.591593
19.9 1.07158 0.590314
19.95 1.05816 0.58905
20 1.04489 0.5878
20.05 1.03178 0.586563
20.1 1.01883 0.585339
20.15 1.00603 0.584127
20.2 0.993388 0.582927
20.25 0.9809 0.581736
20.3 0.968564 0.580556
20.35 0.95638 0.579384
20.4 0.944346 0.57822
20.45 0.932462 0.577065
20.5 0.920725 0.575916
20.55 0.909136 0.574773
20.6 0.897692 0.573635
20.65 0.886393 0.572503
20.7 0.875237 0.571374
20.75 0.864224 0.570248
20.8 0.853351 0.569126
20.85 0.842617 0.568005
20.9 0.832022 0.566886
20.95 0.821564 0.565767
21 0.811241 0.564648
21.05 0.801052 0.563528
21.1 0.790997 0.562407
21.15 0.781073 0.561284
21.2 0.771279 0.560159
21.25 0.761614 0.55903
21.3 0.752077 0.557897
21.35 0.742666 0.556759
21.4 0.733379 0.555617
21.45 0.724216 0.554469
21.5 0.715175 0.553314
21.55 0.706254 0.552153
21.6 0.697452 0.550984
21.65 0.688768 0.549807
21.7 0.6802 0.548621
21.75 0.671747 0.547426
21.8 0.663408 0.546222
21.85 0.65518 0.545007
21.9 0.647063 0.543782
21.95 0.639055 0.542545
22 0.631154 0.541296
22.05 0.62336 0.540035
22.1 0.61567 0.538762
22.15 0.608084 0.537475
22.2 0.6006 0.536174
22.25 0.593216 0.534859
22.3 0.585931 0.53353
22.35 0.578743 0.532186
22.4 0.571652 0.530826
22.45 0.564656 0.52945
22.5 0.557752 0.528058
22.55 0.550941 0.526649
22.6 0.54422 0.525223
22.65 0.537588 0.52378
22.7 0.531044 0.522319
22.75 0.524586 0.52084
22.8 0.518214 0.519343
22.85 0.511924 0.517826
22.9 0.505717 0.516291
22.95 0.49959 0.514736
23 0.493543 0.513162
23.05 0.487574 0.511567
23.1 0.481682 0.509953
23.15 0.475865 0.508317
23.2 0.470122 0.506662
23.25 0.464452 0.504985
23.3 0.458854 0.503287
23.35 0.453325 0.501567
23.4 0.447866 0.499827
23.45 0.442474 0.498064
23.5 0.437149 0.496279
23.55 0.431889 0.494473
23.6 0.426693 0.492644
23.65 0.421559 0.490793
23.7 0.416488 0.488919
23.75 0.411476 0.487023
23.8 0.406524 0.485104
23.85 0.40163 0.483162
23.9 0.396792 0.481198
23.95 0.392011 0.47921
24 0.387284 0.4772
24.05 0.38261 0.475166
24.1 0.377989 0.47311
24.15 0.37342 0.47103
24.2 0.368901 0.468928
24.25 0.364431 0.466802
24.3 0.360009 0.464654
24.35 0.355635 0.462482
24.4 0.351306 0.460287
24.45 0.347024 0.45807
24.5 0.342785 0.45583
24.55 0.33859 0.453567
24.6 0.334437 0.451281
24.65 0.330326 0.448973
24.7 0.326256 0.446642
24.75 0.322225 0.444289
24.8 0.318233 0.441913
24.85 0.31428 0.439516
24.9 0.310363 0.437097
24.95 0.306483 0.434656
25 0.302639 0.432193
25.05 0.29883 0.429709
25.1 0.295055 0.427203
25.15 0.291313 0.424677
25.2 0.287604 0.42213
25.25 0.283926 0.419562
25.3 0.28028 0.416974
25.35 0.276665 0.414365
25.4 0.27308 0.411737
25.45 0.269524 0.409089
25.5 0.265996 0.406422
25.55 0.262497 0.403736
25.6 0.259025 0.401031
25.65 0.255581 0.398307
25.7 0.252162 0.395566
25.75 0.24877 0.392806
25.8 0.245402 0.390029
25.85 0.24206 0.387234
25.9 0.238742 0.384423
25.95 0.235448 0.381595
26 0.232177 0.378751
26.05 0.22893 0.375891
26.1 0.225704 0.373015
26.15 0.222502 0.370124
26.2 0.21932 0.367219
26.25 0.216161 0.364299
26.3 0.213022 0.361365
26.35 0.209904 0.358417
26.4 0.206807 0.355456
26.45 0.203729 0.352483
26.5 0.200671 0.349497
26.55 0.197633 0.346499
26.6 0.194614 0.343489
26.65 0.191614 0.340469
26.7 0.188633 0.337437
26.75 0.185671 0.334395
26.8 0.182726 0.331344
26.85 0.1798 0.328283
26.9 0.176892 0.325213
26.95 0.174001 0.322135
27 0.171128 0.319049
27.05 0.168273 0.315955
27.1 0.165435 0.312854
27.15 0.162614 0.309746
27.2 0.15981 0.306632
27.25 0.157023 0.303513
27.3 0.154253 0.300388
27.35 0.1515 0.297258
27.4 0.148763 0.294125
27.45 0.146044 0.290987
27.5 0.143341 0.287846
27.55 0.140655 0.284703
27.6 0.137985 0.281556
27.65 0.135332 0.278409
27.7 0.132696 0.275259
27.75 0.130076 0.272109
27.8 0.127473 0.268958
27.85 0.124886 0.265808
27.9 0.122316 0.262658
27.95 0.119763 0.259509
28 0.117227 0.256362
28.05 0.114708 0.253216
28.1 0.112205 0.250074
28.15 0.10972 0.246934
28.2 0.107251 0.243798
28.25 0.1048 0.240665
28.3 0.102366 0.237538
28.35 0.0999489 0.234415
28.4 0.0975495 0.231297
28.45 0.0951677 0.228186
28.5 0.0928036 0.225081
28.55 0.0904572 0.221982
28.6 0.0881287 0.218891
28.65 0.0858183 0.215808
28.7 0.083526 0.212733
28.75 0.081252 0.209667
28.8 0.0789964 0.20661
28.85 0.0767594 0.203562
28.9 0.0745412 0.200525
28.95 0.0723418 0.197498
29 0.0701614 0.194482
29.05 0.0680002 0.191478
29.1 0.0658583 0.188485
29.15 0.063736 0.185505
29.2 0.0616332 0.182537
29.25 0.0595503 0.179583
29.3 0.0574873 0.176642
29.35 0.0554445 0.173715
29.4 0.053422 0.170803
29.45 0.0514199 0.167905
29.5 0.0494385 0.165023
29.55 0.0474778 0.162156
29.6 0.0455381 0.159305
29.65 0.0436195 0.156471
29.7 0.0417222 0.153653
29.75 0.0398463 0.150852
29.8 0.037992 0.148069
29.85 0.0361595 0.145304
29.9 0.0343488 0.142557
29.95 0.0325603 0.139829
30 0.0307939 0.137119
30.05 0.0290499 0.134429
30.1 0.0273285 0.131758
30.15 0.0256297 0.129107
30.2 0.0239537 0.126477
30.25 0.0223006 0.123866
30.3 0.0206706 0.121277
30.35 0.0190638 0.118709
30.4 0.0174804 0.116162
30.45 0.0159204 0.113638
30.5 0.0143841 0.111135
30.55 0.0128714 0.108654
30.6 0.0113826 0.106196
30.65 0.00991765 0.10376
30.7 0.00847677 0.101348
30.75 0.00706002 0.0989587
30.8 0.00566751 0.0965931
30.85 0.00429932 0.0942512
30.9 0.00295554 0.0919332
30.95 0.00163624 0.0896394
31 0.000341514 0.0873699
31.05 -0.000928581 0.085125
31.1 -0.00217398 0.0829048
31.15 -0.00339461 0.0807096
31.2 -0.00459044 0.0785394
31.25 -0.00576141 0.0763945
31.3 -0.00690747 0.074275
31.35 -0.0080286 0.0721811
31.4 -0.00912476 0.0701129
31.45 -0.0101959 0.0680706
31.5 -0.0112421 0.0660542
31.55 -0.0122632 0.0640638
31.6 -0.0132593 0.0620997
31.65 -0.0142304 0.0601619
31.7 -0.0151765 0.0582505
31.75 -0.0160976 0.0563656
31.8 -0.0169937 0.0545072
31.85 -0.0178648 0.0526755
31.9 -0.018711 0.0508705
31.95 -0.0195323 0.0490922
32 -0.0203288 0.0473408
32.05 -0.0211005 0.0456162
32.1 -0.0218475 0.0439185
32.15 -0.0225698 0.0422477
32.2 -0.0232676 0.0406038
32.25 -0.0239408 0.0389869
32.3 -0.0245897 0.0373969
32.35 -0.0252141 0.0358338
32.4 -0.0258144 0.0342977
32.45 -0.0263906 0.0327886
32.5 -0.0269427 0.0313063
32.55 -0.027471 0.0298508
32.6 -0.0279755 0.0284222
32.65 -0.0284563 0.0270204
32.7 -0.0289137 0.0256453
32.75 -0.0293477 0.0242968
32.8 -0.0297586 0.0229749
32.85 -0.0301464 0.0216796
32.9 -0.0305113 0.0204107
32.95 -0.0308535 0.0191681
33 -0.0311732 0.0179518
33.05 -0.0314706 0.0167617
33.1 -0.0317458 0.0155976
33.15 -0.031999 0.0144595
33.2 -0.0322305 0.0133472
33.25 -0.0324404 0.0122605
33.3 -0.032629 0.0111995
33.35 -0.0327965 0.0101638
33.4 -0.032943 0.00915348
33.45 -0.0330689 0.00816826
33.5 -0.0331744 0.00720802
33.55 -0.0332596 0.0062726
33.6 -0.0333249 0.00536183
33.65 -0.0333704 0.00447554
33.7 -0.0333966 0.00361355
33.75 -0.0334035 0.00277569
33.8 -0.0333915 0.00196176
33.85 -0.0333608 0.00117158
33.9 -0.0333117 0.000404943
33.95 -0.0332446 -0.000338347
34 -0.0331596 -0.0010585
34.05 -0.033057 -0.00175572
34.1 -0.0329372 -0.00243023
34.15 -0.0328004 -0.00308225
34.2 -0.032647 -0.00371199
34.25 -0.0324771 -0.0043197
34.3 -0.0322913 -0.0049056
34.35 -0.0320896 -0.00546992
34.4 -0.0318726 -0.00601291
34.45 -0.0316404 -0.00653481
34.5 -0.0313933 -0.00703586
34.55 -0.0311318 -0.00751632
34.6 -0.0308561 -0.00797644
34.65 -0.0305666 -0.00841648
34.7 -0.0302635 -0.0088367
34.75 -0.0299473 -0.00923735
34.8 -0.0296182 -0.00961871
34.85 -0.0292766 -0.00998104
34.9 -0.0289228 -0.0103246
34.95 -0.0285571 -0.0106497
35 -0.0281799 -0.0109566
35.05 -0.0277916 -0.0112456
35.1 -0.0273924 -0.0115169
35.15 -0.0269827 -0.0117708
35.2 -0.0265629 -0.0120077
35.25 -0.0261333 -0.0122278
35.3 -0.0256942 -0.0124313
35.35 -0.025246 -0.0126187
35.4 -0.024789 -0.0127901
35.45 -0.0243237 -0.0129458
35.5 -0.0238502 -0.0130863
35.55 -0.023369 -0.0132116
35.6 -0.0228804 -0.0133223
35.65 -0.0223848 -0.0134184
35.7 -0.0218825 -0.0135004
35.75 -0.0213739 -0.0135685
35.8 -0.0208592 -0.013623
35.85 -0.0203389 -0.0136643
35.9 -0.0198132 -0.0136926
35.95 -0.0192826 -0.0137082
36 -0.0187473 -0.0137114
36.05 -0.0182078 -0.0137026
36.1 -0.0176642 -0.013682
36.15 -0.017117 -0.0136498
36.2 -0.0165665 -0.0136065
36.25 -0.0160131 -0.0135523
36.3 -0.0154569 -0.0134875
36.35 -0.0148985 -0.0134123
36.4 -0.014338 -0.0133272
36.45 -0.0137759 -0.0132324
36.5 -0.0132124 -0.0131281
36.55 -0.0126479 -0.0130147
36.6 -0.0120826 -0.0128924
36.65 -0.0115169 -0.0127616
36.7 -0.0109511 -0.0126225
36.75 -0.0103855 -0.0124754
36.8 -0.00982036 -0.0123206
36.85 -0.009256 -0.0121584
36.9 -0.00869271 -0.0119891
36.95 -0.00813077 -0.0118129
37 -0.00757049 -0.0116301
37.05 -0.00701212 -0.011441
37.1 -0.00645597 -0.0112459
37.15 -0.00590228 -0.011045
37.2 -0.00535135 -0.0108386
37.25 -0.00480342 -0.0106269
37.3 -0.00425876 -0.0104103
37.35 -0.00371763 -0.010189
37.4 -0.00318028 -0.00996319
37.45 -0.00264695 -0.00973321
37.5 -0.00211789 -0.00949928
37.55 -0.00159333 -0.00926165
37.6 -0.00107351 -0.00902056
37.65 -0.000558647 -0.00877627
37.7 -4.89749e-05 -0.00852902
37.75 0.000455293 -0.00827903
37.8 0.000953944 -0.00802654
37.85 0.00144677 -0.00777179
37.9 0.00193357 -0.007515
37.95 0.00241415 -0.0072564
38 0.00288831 -0.00699621
38.05 0.00335586 -0.00673465
38.1 0.00381664 -0.00647193
38.15 0.00427045 -0.00620826
38.2 0.00471714 -0.00594386
38.25 0.00515653 -0.00567892
38.3 0.00558847 -0.00541364
38.35 0.0060128 -0.00514822
38.4 0.00642938 -0.00488286
38.45 0.00683806 -0.00461775
38.5 0.0072387 -0.00435306
38.55 0.00763118 -0.00408899
38.6 0.00801537 -0.0038257
38.65 0.00839114 -0.00356339
38.7 0.00875839 -0.0033022
38.75 0.00911701 -0.00304232
38.8 0.00946689 -0.0027839
38.85 0.00980794 -0.00252711
38.9 0.0101401 -0.00227209
38.95 0.0104632 -0.002019
39 0.0107772 -0.00176799
39.05 0.011082 -0.0015192
39.1 0.0113777 -0.00127277
39.15 0.011664 -0.00102883
39.2 0.0119409 -0.000787514
39.25 0.0122085 -0.000548951
39.3 0.0124666 -0.000313264
39.35 0.0127152 -8.05709e-05
39.4 0.0129543 0.000149012
39.45 0.0131838 0.000375375
39.5 0.0134037 0.000598409
39.55 0.0136141 0.000818011
39.6 0.0138148 0.00103408
39.65 0.0140059 0.00124653
39.7 0.0141873 0.00145525
39.75 0.0143591 0.00166017
39.8 0.0145214 0.0018612
39.85 0.014674 0.00205826
39.9 0.014817 0.00225128
39.95 0.0149504 0.00244018
40 0.0150743 0.00262489
40.05 0.0151888 0.00280535
40.1 0.0152937 0.00298151
40.15 0.0153892 0.00315329
40.2 0.0154753 0.00332065
40.25 0.0155521 0.00348354
40.3 0.0156197 0.00364192
40.35 0.015678 0.00379573
40.4 0.0157272 0.00394495
40.45 0.0157673 0.00408953
40.5 0.0157984 0.00422945
40.55 0.0158206 0.00436468
40.6 0.0158339 0.00449519
40.65 0.0158385 0.00462096
40.7 0.0158344 0.00474197
40.75 0.0158217 0.00485822
40.8 0.0158006 0.00496968
40.85 0.0157711 0.00507635
40.9 0.0157333 0.00517823
40.95 0.0156874 0.00527531
41 0.0156334 0.00536759
41.05 0.0155715 0.00545508
41.1 0.0155018 0.00553779
41.15 0.0154244 0.00561573
41.2 0.0153394 0.00568891
41.25 0.015247 0.00575734
41.3 0.0151473 0.00582106
41.35 0.0150405 0.00588007
41.4 0.0149265 0.0059344
41.45 0.0148057 0.00598408
41.5 0.0146782 0.00602914
41.55 0.014544 0.00606961
41.6 0.0144034 0.00610553
41.65 0.0142564 0.00613693
41.7 0.0141033 0.00616386
41.75 0.0139442 0.00618635
41.8 0.0137792 0.00620445
41.85 0.0136086 0.00621821
41.9 0.0134323 0.00622767
41.95 0.0132507 0.00623289
42 0.0130639 0.00623391
42.05 0.012872 0.0062308
42.1 0.0126753 0.0062236
42.15 0.0124738 0.00621238
42.2 0.0122677 0.0061972
42.25 0.0120572 0.00617812
42.3 0.0118425 0.0061552
42.35 0.0116238 0.00612851
42.4 0.0114011 0.00609811
42.45 0.0111748 0.00606408
42.5 0.0109448 0.00602647
42.55 0.0107115 0.00598537
42.6 0.010475 0.00594085
42.65 0.0102355 0.00589297
42.7 0.00999309 0.00584182
42.75 0.00974798 0.00578746
42.8 0.00950036 0.00572999
42.85 0.00925039 0.00566946
42.9 0.00899823 0.00560596
42.95 0.00874407 0.00553958
43 0.00848806 0.00547039
43.05 0.00823038 0.00539847
43.1 0.00797121 0.00532391
43.15 0.0077107 0.00524678
43.2 0.00744902 0.00516718
43.25 0.00718634 0.00508518
43.3 0.00692283 0.00500086
43.35 0.00665865 0.00491432
43.4 0.00639396 0.00482564
43.45 0.00612892 0.0047349
43.5 0.0058637 0.00464218
43.55 0.00559846 0.00454758
43.6 0.00533334 0.00445118
43.65 0.00506852 0.00435307
43.7 0.00480413 0.00425332
43.75 0.00454035 0.00415203
43.8 0.0042773 0.00404928
43.85 0.00401516 0.00394516
43.9 0.00375405 0.00383975
43.95 0.00349413 0.00373314
44 0.00323555 0.00362541
44.05 0.00297843 0.00351664
44.1 0.00272293 0.00340693
44.15 0.00246917 0.00329636
44.2 0.0022173 0.003185
44.25 0.00196743 0.00307294
44.3 0.00171971 0.00296027
44.35 0.00147426 0.00284706
44.4 0.00123121 0.00273339
44.45 0.000990673 0.00261935
44.5 0.000752772 0.00250502
44.55 0.000517624 0.00239047
44.6 0.000285342 0.00227578
44.65 5.60394e-05 0.00216103
44.7 -0.000170177 0.0020463
44.75 -0.0003932 0.00193165
44.8 -0.000612928 0.00181718
44.85 -0.00082926 0.00170294
44.9 -0.0010421 0.00158901
44.95 -0.00125135 0.00147546
45 -0.00145693 0.00136236
45.05 -0.00165874 0.00124979
45.1 -0.0018567 0.00113781
45.15 -0.00205072 0.00102648
45.2 -0.00224074 0.000915873
45.25 -0.00242666 0.000806052
45.3 -0.00260843 0.000697082
45.35 -0.00278597 0.000589022
45.4 -0.00295921 0.000481934
45.45 -0.00312809 0.000375877
45.5 -0.00329255 0.000270909
45.55 -0.00345253 0.000167086
45.6 -0.00360799 6.44636e-05
45.65 -0.00375886 -3.69042e-05
45.7 -0.00390511 -0.000136965
45.75 -0.00404668 -0.000235669
45.8 -0.00418354 -0.000332965
45.85 -0.00431565 -0.000428806
45.9 -0.00444297 -0.000523146
45.95 -0.00456548 -0.000615938
46 -0.00468315 -0.000707141
46.05 -0.00479594 -0.000796711
46.1 -0.00490384 -0.000884608
46.15 -0.00500683 -0.000970793
46.2 -0.0051049 -0.00105523
46.25 -0.00519802 -0.00113788
46.3 -0.0052862 -0.00121871
46.35 -0.00536943 -0.00129769
46.4 -0.00544769 -0.00137478
46.45 -0.005521 -0.00144997
46.5 -0.00558935 -0.0015232
46.55 -0.00565276 -0.00159448
46.6 -0.00571122 -0.00166375
46.65 -0.00576476 -0.00173101
46.7 -0.00581337 -0.00179624
46.75 -0.0058571 -0.0018594
46.8 -0.00589594 -0.00192048
46.85 -0.00592993 -0.00197947
46.9 -0.00595909 -0.00203635
46.95 -0.00598345 -0.0020911
47 -0.00600304 -0.00214371
47.05 -0.0060179 -0.00219418
47.1 -0.00602806 -0.00224248
47.15 -0.00603355 -0.00228862
47.2 -0.00603443 -0.00233258
47.25 -0.00603073 -0.00237436
47.3 -0.0060225 -0.00241396
47.35 -0.00600979 -0.00245138
47.4 -0.00599265 -0.0024866
47.45 -0.00597114 -0.00251964
47.5 -0.0059453 -0.0025505
47.55 -0.0059152 -0.00257917
47.6 -0.0058809 -0.00260567
47.65 -0.00584246 -0.00263
47.7 -0.00579993 -0.00265216
47.75 -0.0057534 -0.00267217
47.8 -0.00570292 -0.00269004
47.85 -0.00564856 -0.00270577
47.9 -0.0055904 -0.00271938
47.95 -0.00552851 -0.00273088
48 -0.00546297 -0.00274029
48.05 -0.00539384 -0.00274762
48.1 -0.00532121 -0.0027529
48.15 -0.00524516 -0.00275613
48.2 -0.00516577 -0.00275734
48.25 -0.00508312 -0.00275656
48.3 -0.0049973 -0.00275379
48.35 -0.00490838 -0.00274907
48.4 -0.00481646 -0.00274241
48.45 -0.00472162 -0.00273385
48.5 -0.00462395 -0.00272341
48.55 -0.00452355 -0.00271111
48.6 -0.00442049 -0.00269698
48.65 -0.00431488 -0.00268106
48.7 -0.0042068 -0.00266337
48.75 -0.00409635 -0.00264393
48.8 -0.00398361 -0.00262279
48.85 -0.0038687 -0.00259998
48.9 -0.00375169 -0.00257552
48.95 -0.00363269 -0.00254945
49 -0.00351179 -0.00252181
49.05 -0.00338908 -0.00249263
49.1 -0.00326467 -0.00246194
49.15 -0.00313865 -0.00242978
49.2 -0.00301111 -0.00239619
49.25 -0.00288217 -0.0023612
49.3 -0.0027519 -0.00232486
49.35 -0.00262041 -0.0022872
49.4 -0.0024878 -0.00224826
49.45 -0.00235417 -0.00220807
49.5 -0.0022196 -0.00216669
49.55 -0.00208421 -0.00212414
49.6 -0.00194808 -0.00208047
49.65 -0.00181131 -0.00203572
49.7 -0.001674 -0.00198993
49.75 -0.00153624 -0.00194315
49.8 -0.00139813 -0.0018954
49.85 -0.00125977 -0.00184675
49.9 -0.00112124 -0.00179722
49.95 -0.000982647 -0.00174685
50 -0.000844077 -0.0016957
