-0.498 -0.00033141 -0.000164701
-0.496 -0.00129694 -0.000638873
-0.494 -0.00285242 -0.00139126
-0.492 -0.00495242 -0.00238896
-0.49 -0.00755052 -0.0035976
-0.488 -0.0105997 -0.00498155
-0.486 -0.0140526 -0.00650414
-0.484 -0.0178617 -0.00812785
-0.482 -0.02198 -0.00981457
-0.48 -0.0263608 -0.0115258
-0.478 -0.0309584 -0.0132227
-0.476 -0.0357283 -0.0148667
-0.474 -0.0406272 -0.0164194
-0.472 -0.0456136 -0.0178428
-0.47 -0.050648 -0.0190996
-0.468 -0.055693 -0.0201535
-0.466 -0.0607136 -0.0209692
-0.464 -0.0656774 -0.0215126
-0.462 -0.0705547 -0.0217512
-0.46 -0.0753191 -0.0216543
-0.458 -0.079947 -0.0211926
-0.456 -0.0844183 -0.0203392
-0.454 -0.0887162 -0.0190692
-0.452 -0.0928276 -0.0173598
-0.45 -0.0967428 -0.015191
-0.448 -0.100456 -0.0125449
-0.446 -0.103965 -0.0094064
-0.444 -0.10727 -0.00576319
-0.442 -0.110379 -0.0016056
-0.44 -0.113299 0.00307318
-0.438 -0.116043 0.00827706
-0.436 -0.118627 0.0140071
-0.434 -0.121071 0.0202614
-0.432 -0.123399 0.0270353
-0.43 -0.125637 0.034321
-0.428 -0.127814 0.0421082
-0.426 -0.129964 0.0503835
-0.424 -0.132122 0.0591311
-0.422 -0.134325 0.0683322
-0.42 -0.136615 0.0779659
-0.418 -0.139033 0.0880085
-0.416 -0.141625 0.0984343
-0.414 -0.144435 0.109215
-0.412 -0.147513 0.120321
-0.41 -0.150905 0.131721
-0.408 -0.15466 0.143381
-0.406 -0.158829 0.155266
-0.404 -0.16346 0.167339
-0.402 -0.168603 0.179565
-0.4 -0.174305 0.191904
-0.398 -0.180615 0.204318
-0.396 -0.187578 0.216767
-0.394 -0.195239 0.229213
-0.392 -0.20364 0.241616
-0.39 -0.212821 0.253938
-0.388 -0.222819 0.266138
-0.386 -0.233667 0.27818
-0.384 -0.245397 0.290026
-0.382 -0.258035 0.301642
-0.38 -0.271604 0.312991
-0.378 -0.286122 0.324042
-0.376 -0.301602 0.334764
-0.374 -0.318053 0.345127
-0.372 -0.335479 0.355104
-0.37 -0.353878 0.364671
-0.368 -0.373241 0.373806
-0.366 -0.393555 0.382489
-0.364 -0.414801 0.390703
-0.362 -0.436953 0.398434
-0.36 -0.459978 0.405673
-0.358 -0.483839 0.412409
-0.356 -0.50849 0.41864
-0.354 -0.533881 0.424364
-0.352 -0.559953 0.429582
-0.35 -0.586643 0.434299
-0.348 -0.613879 0.438524
-0.346 -0.641585 0.442268
-0.344 -0.669677 0.445545
-0.342 -0.698068 0.448374
-0.34 -0.726662 0.450776
-0.338 -0.755358 0.452774
-0.336 -0.784051 0.454395
-0.334 -0.81263 0.455668
-0.332 -0.840979 0.456627
-0.33 -0.868978 0.457306
-0.328 -0.896502 0.457741
-0.326 -0.923424 0.457972
-0.324 -0.949612 0.45804
-0.322 -0.974933 0.457989
-0.32 -0.999248 0.457862
-0.318 -1.02242 0.457706
-0.316 -1.04431 0.457567
-0.314 -1.06477 0.457494
-0.312 -1.08367 0.457535
-0.31 -1.10086 0.457739
-0.308 -1.1162 0.458156
-0.306 -1.12954 0.458835
-0.304 -1.14076 0.459824
-0.302 -1.14972 0.461173
-0.3 -1.15627 0.462929
-0.298 -1.16029 0.46514
-0.296 -1.16165 0.467849
-0.294 -1.16023 0.471104
-0.292 -1.15591 0.474944
-0.29 -1.14857 0.479413
-0.288 -1.1381 0.484549
-0.286 -1.12441 0.490388
-0.284 -1.10739 0.496965
-0.282 -1.08695 0.504313
-0.28 -1.06301 0.51246
-0.278 -1.0355 0.521434
-0.276 -1.00434 0.531259
-0.274 -0.96948 0.541955
-0.272 -0.930856 0.553541
-0.27 -0.888426 0.566032
-0.268 -0.842153 0.579438
-0.266 -0.792009 0.593769
-0.264 -0.737973 0.609031
-0.262 -0.680032 0.625224
-0.26 -0.618184 0.642348
-0.258 -0.552433 0.660399
-0.256 -0.482792 0.679368
-0.254 -0.409284 0.699245
-0.252 -0.331937 0.720015
-0.25 -0.25079 0.741661
-0.248 -0.165887 0.764164
-0.246 -0.0772829 0.7875
-0.244 0.0149625 0.811642
-0.242 0.110781 0.836562
-0.24 0.210099 0.862228
-0.238 0.312835 0.888606
-0.236 0.418901 0.91566
-0.234 0.528205 0.943349
-0.232 0.640646 0.971634
-0.23 0.756123 1.00047
-0.228 0.874525 1.02981
-0.226 0.995741 1.05962
-0.224 1.11965 1.08983
-0.222 1.24614 1.12041
-0.22 1.37508 1.15129
-0.218 1.50634 1.18244
-0.216 1.63981 1.21378
-0.214 1.77533 1.24528
-0.212 1.9128 1.27687
-0.21 2.05206 1.3085
-0.208 2.19299 1.34011
-0.206 2.33546 1.37165
-0.204 2.47933 1.40307
-0.202 2.62446 1.4343
-0.2 2.77073 1.4653
-0.198 2.918 1.496
-0.196 3.06615 1.52637
-0.194 3.21504 1.55633
-0.192 3.36455 1.58585
-0.19 3.51457 1.61487
-0.188 3.66496 1.64335
-0.186 3.81561 1.67124
-0.184 3.96642 1.69849
-0.182 4.11726 1.72507
-0.18 4.26804 1.75094
-0.178 4.41866 1.77605
-0.176 4.569 1.80039
-0.174 4.719 1.8239
-0.172 4.86855 1.84657
-0.17 5.01757 1.86838
-0.168 5.16598 1.8893
-0.166 5.31373 1.90931
-0.164 5.46072 1.92841
-0.162 5.60691 1.94657
-0.16 5.75225 1.96381
-0.158 5.89666 1.98011
-0.156 6.04013 1.99548
-0.154 6.1826 2.00992
-0.152 6.32405 2.02346
-0.15 6.46444 2.0361
-0.148 6.60376 2.04786
-0.146 6.742 2.05879
-0.144 6.87914 2.06889
-0.142 7.01519 2.07822
-0.14 7.15015 2.08681
-0.138 7.28403 2.09471
-0.136 7.41685 2.10196
-0.134 7.54864 2.10863
-0.132 7.67942 2.11478
-0.13 7.80923 2.12046
-0.128 7.93811 2.12575
-0.126 8.06611 2.13072
-0.124 8.19329 2.13545
-0.122 8.31971 2.14001
-0.12 8.44542 2.14451
-0.118 8.57051 2.14902
-0.116 8.69504 2.15363
-0.114 8.8191 2.15845
-0.112 8.94277 2.16357
-0.11 9.06614 2.16908
-0.108 9.1893 2.1751
-0.106 9.31234 2.18172
-0.104 9.43537 2.18906
-0.102 9.55848 2.19721
-0.1 9.68178 2.20628
-0.098 9.80537 2.21638
-0.096 9.92935 2.22761
-0.094 10.0538 2.24007
-0.092 10.1789 2.25387
-0.09 10.3046 2.26911
-0.088 10.4312 2.28588
-0.086 10.5586 2.30428
-0.084 10.6871 2.32439
-0.082 10.8165 2.3463
-0.08 10.9471 2.37009
-0.078 11.0789 2.39583
-0.076 11.212 2.42359
-0.074 11.3465 2.45343
-0.072 11.4822 2.4854
-0.07 11.6194 2.51955
-0.068 11.758 2.55591
-0.066 11.8981 2.59451
-0.064 12.0396 2.63537
-0.062 12.1825 2.67849
-0.06 12.3268 2.72388
-0.058 12.4724 2.77152
-0.056 12.6193 2.82138
-0.054 12.7674 2.87343
-0.052 12.9165 2.92763
-0.05 13.0667 2.98391
-0.048 13.2177 3.0422
-0.046 13.3693 3.10243
-0.044 13.5215 3.16449
-0.042 13.6739 3.22827
-0.04 13.8265 3.29367
-0.038 13.9789 3.36054
-0.036 14.1309 3.42875
-0.034 14.2823 3.49814
-0.032 14.4327 3.56854
-0.03 14.5818 3.63979
-0.028 14.7293 3.71169
-0.026 14.875 3.78404
-0.024 15.0183 3.85665
-0.022 15.1589 3.92929
-0.02 15.2965 4.00176
-0.018 15.4307 4.07382
-0.016 15.561 4.14523
-0.014 15.687 4.21576
-0.012 15.8083 4.28518
-0.01 15.9245 4.35322
-0.008 16.0352 4.41965
-0.006 16.1398 4.48421
-0.004 16.2381 4.54667
-0.002 16.3294 4.60677
0 16.4135 4.66427
0.002 16.4899 4.71896
0.004 16.5581 4.77057
0.006 16.6179 4.81888
0.008 16.6688 4.86368
0.01 16.7104 4.90475
0.012 16.7425 4.94189
0.014 16.7646 4.97492
0.016 16.7765 5.00365
0.018 16.778 5.02792
0.02 16.7686 5.04758
0.022 16.7483 5.06249
0.024 16.7168 5.07253
0.026 16.674 5.07759
0.028 16.6197 5.07759
0.03 16.5537 5.07245
0.032 16.4761 5.06212
0.034 16.3867 5.04656
0.036 16.2856 5.02575
0.038 16.1727 4.99969
0.04 16.0482 4.96838
0.042 15.912 4.93188
0.044 15.7644 4.89022
0.046 15.6054 4.84347
0.048 15.4352 4.79171
0.05 15.2541 4.73506
0.052 15.0622 4.67362
0.054 14.8599 4.60753
0.056 14.6474 4.53693
0.058 14.4251 4.46199
0.06 14.1932 4.38287
0.062 13.9522 4.29977
0.064 13.7024 4.21288
0.066 13.4442 4.12242
0.068 13.1781 4.0286
0.07 12.9046 3.93165
0.072 12.6239 3.83181
0.074 12.3367 3.72931
0.076 12.0435 3.62442
0.078 11.7446 3.51739
0.08 11.4407 3.40846
0.082 11.1322 3.29791
0.084 10.8196 3.186
0.086 10.5035 3.073
0.088 10.1844 2.95916
0.09 9.86275 2.84476
0.092 9.53918 2.73005
0.094 9.21415 2.61529
0.096 8.8882 2.50074
0.098 8.56182 2.38666
0.1 8.23553 2.27328
0.102 7.90983 2.16085
0.104 7.58519 2.0496
0.106 7.2621 1.93976
0.108 6.94102 1.83155
0.11 6.62242 1.72517
0.112 6.30672 1.62082
0.114 5.99436 1.5187
0.116 5.68576 1.41899
0.118 5.38129 1.32185
0.12 5.08136 1.22745
0.122 4.78632 1.13593
0.124 4.49652 1.04743
0.126 4.21229 0.96207
0.128 3.93393 0.87997
0.13 3.66175 0.801227
0.132 3.396 0.725931
0.134 3.13696 0.65416
0.136 2.88485 0.585978
0.138 2.63989 0.521439
0.14 2.40227 0.460584
0.142 2.17217 0.403442
0.144 1.94975 0.350032
0.146 1.73515 0.300361
0.148 1.52848 0.254424
0.15 1.32985 0.212206
0.152 1.13932 0.173681
0.154 0.956974 0.138812
0.156 0.782843 0.107554
0.158 0.616954 0.0798503
0.16 0.459313 0.0556362
0.162 0.309909 0.0348377
0.164 0.168713 0.0173721
0.166 0.0356808 0.00314902
0.168 -0.0892507 -0.00792983
0.17 -0.206159 -0.0159698
0.172 -0.315137 -0.0210831
0.174 -0.416295 -0.0233881
0.176 -0.509754 -0.0230091
0.178 -0.595652 -0.0200756
0.18 -0.67414 -0.0147221
0.182 -0.745382 -0.00708753
0.184 -0.809552 0.00268552
0.186 -0.866839 0.0144509
0.188 -0.917441 0.0280595
0.19 -0.961567 0.04336
0.192 -0.999436 0.0601989
0.194 -1.03127 0.0784213
0.196 -1.05732 0.0978716
0.198 -1.07781 0.118393
0.2 -1.09301 0.13983
0.202 -1.10315 0.162026
0.204 -1.10852 0.184827
0.206 -1.10937 0.208078
0.208 -1.10598 0.231629
0.21 -1.09861 0.255328
0.212 -1.08754 0.279031
0.214 -1.07305 0.302592
0.216 -1.05542 0.325872
0.218 -1.03493 0.348734
0.22 -1.01184 0.371047
0.222 -0.986434 0.392681
0.224 -0.958987 0.413516
0.226 -0.929765 0.433433
0.228 -0.899034 0.45232
0.23 -0.867054 0.470073
0.232 -0.834079 0.48659
0.234 -0.800359 0.50178
0.236 -0.766137 0.515554
0.238 -0.731645 0.527834
0.24 -0.697113 0.538546
0.242 -0.662756 0.547625
0.244 -0.628786 0.555013
0.246 -0.595401 0.560659
0.248 -0.562791 0.56452
0.25 -0.531135 0.566561
0.252 -0.500599 0.566753
0.254 -0.471342 0.565076
0.256 -0.443508 0.561519
0.258 -0.417229 0.556077
0.26 -0.392627 0.548752
0.262 -0.369809 0.539556
0.264 -0.348873 0.528506
0.266 -0.329901 0.515629
0.268 -0.312963 0.500956
0.27 -0.298119 0.484528
0.272 -0.285413 0.46639
0.274 -0.274878 0.446597
0.276 -0.266536 0.425207
0.278 -0.260394 0.402287
0.28 -0.256449 0.377907
0.282 -0.254686 0.352144
0.284 -0.25508 0.325081
0.286 -0.257592 0.296805
0.288 -0.262176 0.267406
0.29 -0.268772 0.236981
0.292 -0.277315 0.205627
0.294 -0.287727 0.173448
0.296 -0.299924 0.140549
0.298 -0.313813 0.107036
0.3 -0.329294 0.0730209
0.302 -0.34626 0.0386132
0.304 -0.364599 0.00392541
0.306 -0.384192 -0.0309297
0.308 -0.404917 -0.0658393
0.31 -0.426647 -0.100691
0.312 -0.449252 -0.135372
0.314 -0.472599 -0.169773
0.316 -0.496554 -0.203784
0.318 -0.520982 -0.237299
0.32 -0.545746 -0.270212
0.322 -0.570711 -0.302424
0.324 -0.59574 -0.333834
0.326 -0.620701 -0.36435
0.328 -0.645463 -0.393879
0.33 -0.669896 -0.422338
0.332 -0.693875 -0.449643
0.334 -0.717279 -0.47572
0.336 -0.73999 -0.500496
0.338 -0.761896 -0.523907
0.34 -0.782891 -0.545893
0.342 -0.802873 -0.566401
0.344 -0.821747 -0.585382
0.346 -0.839425 -0.602796
0.348 -0.855825 -0.618609
0.35 -0.870872 -0.632791
0.352 -0.8845 -0.645322
0.354 -0.896649 -0.656185
0.356 -0.907266 -0.665374
0.358 -0.916308 -0.672885
0.36 -0.923737 -0.678724
0.362 -0.929526 -0.6829
0.364 -0.933654 -0.685432
0.366 -0.936108 -0.686342
0.368 -0.936883 -0.68566
0.37 -0.935981 -0.68342
0.372 -0.933413 -0.679663
0.374 -0.929196 -0.674434
0.376 -0.923355 -0.667785
0.378 -0.91592 -0.659769
0.38 -0.906929 -0.650446
0.382 -0.896427 -0.639881
0.384 -0.884464 -0.628141
0.386 -0.871094 -0.615295
0.388 -0.85638 -0.601418
0.39 -0.840386 -0.586585
0.392 -0.823182 -0.570876
0.394 -0.804843 -0.554369
0.396 -0.785446 -0.537147
0.398 -0.765072 -0.519292
0.4 -0.743804 -0.500887
0.402 -0.721728 -0.482015
0.404 -0.698931 -0.46276
0.406 -0.675503 -0.443204
0.408 -0.651532 -0.423428
0.41 -0.62711 -0.403512
0.412 -0.602326 -0.383537
0.414 -0.577269 -0.363577
0.416 -0.55203 -0.343707
0.418 -0.526695 -0.323999
0.42 -0.50135 -0.304521
0.422 -0.47608 -0.285339
0.424 -0.450966 -0.266514
0.426 -0.426086 -0.248106
0.428 -0.401516 -0.230167
0.43 -0.377329 -0.212749
0.432 -0.353592 -0.195897
0.434 -0.330372 -0.179653
0.436 -0.307727 -0.164053
0.438 -0.285714 -0.14913
0.44 -0.264385 -0.134912
0.442 -0.243786 -0.121421
0.444 -0.223959 -0.108675
0.446 -0.20494 -0.0966886
0.448 -0.186762 -0.0854696
0.45 -0.169451 -0.0750221
0.452 -0.153027 -0.0653457
0.454 -0.137509 -0.0564353
0.456 -0.122906 -0.0482815
0.458 -0.109225 -0.0408707
0.46 -0.096466 -0.0341855
0.462 -0.0846261 -0.0282043
0.464 -0.0736964 -0.022902
0.466 -0.0636637 -0.0182503
0.468 -0.0545103 -0.0142174
0.47 -0.0462144 -0.0107687
0.472 -0.0387501 -0.00786708
0.474 -0.0320879 -0.00547281
0.476 -0.0261948 -0.00354421
0.478 -0.0210344 -0.00203773
0.48 -0.0165676 -0.000908374
0.482 -0.0127526 -0.000109912
0.484 -0.00954531 0.000404751
0.486 -0.00689983 0.000683277
0.488 -0.00476853 0.000773587
0.49 -0.00310256 0.000723537
0.492 -0.00185216 0.000580617
0.494 -0.000967054 0.000391637
0.496 -0.000396766 0.000202429
0.498 -9.10005e-05 5.75507e-05
0.05 6.72145 2.19628
0.1 6.72147 2.1962
0.15 6.72151 2.19606
0.2 6.72158 2.19587
0.25 6.72165 2.19563
0.3 6.72175 2.19533
0.35 6.72186 2.19498
0.4 6.72199 2.19457
0.45 6.72213 2.19411
0.5 6.72229 2.19359
0.55 6.72246 2.19302
0.6 6.72265 2.1924
0.65 6.72286 2.19172
0.7 6.72308 2.19099
0.75 6.72331 2.1902
0.8 6.72356 2.18936
0.85 6.72381 2.18847
0.9 6.72408 2.18752
0.95 6.72436 2.18651
1 6.72465 2.18546
1.05 6.72495 2.18434
1.1 6.72526 2.18318
1.15 6.72558 2.18195
1.2 6.7259 2.18068
1.25 6.72624 2.17935
1.3 6.72657 2.17797
1.35 6.72691 2.17653
1.4 6.72726 2.17503
1.45 6.7276 2.17349
1.5 6.72795 2.17188
1.55 6.7283 2.17023
1.6 6.72864 2.16852
1.65 6.72899 2.16675
1.7 6.72933 2.16493
1.75 6.72967 2.16306
1.8 6.73 2.16113
1.85 6.73032 2.15915
1.9 6.73064 2.15711
1.95 6.73095 2.15502
2 6.73124 2.15287
2.05 6.73152 2.15067
2.1 6.73179 2.14842
2.15 6.73205 2.14611
2.2 6.73228 2.14375
2.25 6.7325 2.14133
2.3 6.7327 2.13885
2.35 6.73288 2.13633
2.4 6.73303 2.13375
2.45 6.73316 2.13111
2.5 6.73327 2.12842
2.55 6.73334 2.12568
2.6 6.73339 2.12288
2.65 6.7334 2.12002
2.7 6.73338 2.11712
2.75 6.73333 2.11415
2.8 6.73324 2.11114
2.85 6.73311 2.10807
2.9 6.73295 2.10494
2.95 6.73274 2.10176
3 6.73248 2.09853
3.05 6.73219 2.09525
3.1 6.73184 2.0919
3.15 6.73145 2.08851
3.2 6.731 2.08506
3.25 6.7305 2.08156
3.3 6.72995 2.078
3.35 6.72934 2.07439
3.4 6.72867 2.07073
3.45 6.72794 2.06701
3.5 6.72715 2.06324
3.55 6.72629 2.05942
3.6 6.72537 2.05554
3.65 6.72438 2.05161
3.7 6.72331 2.04762
3.75 6.72218 2.04359
3.8 6.72097 2.0395
3.85 6.71968 2.03535
3.9 6.71832 2.03116
3.95 6.71688 2.02691
4 6.71535 2.02261
4.05 6.71374 2.01825
4.1 6.71204 2.01385
4.15 6.71026 2.00939
4.2 6.70838 2.00488
4.25 6.70641 2.00032
4.3 6.70435 1.9957
4.35 6.70219 1.99104
4.4 6.69993 1.98632
4.45 6.69758 1.98155
4.5 6.69512 1.97673
4.55 6.69256 1.97186
4.6 6.68989 1.96694
4.65 6.68711 1.96197
4.7 6.68422 1.95695
4.75 6.68122 1.95188
4.8 6.67811 1.94676
4.85 6.67488 1.94158
4.9 6.67153 1.93636
4.95 6.66807 1.93109
5 6.66448 1.92577
5.05 6.66077 1.9204
5.1 6.65693 1.91499
5.15 6.65297 1.90952
5.2 6.64888 1.90401
5.25 6.64466 1.89845
5.3 6.64031 1.89284
5.35 6.63582 1.88718
5.4 6.6312 1.88148
5.45 6.62644 1.87573
5.5 6.62154 1.86993
5.55 6.6165 1.86409
5.6 6.61132 1.8582
5.65 6.606 1.85227
5.7 6.60053 1.84629
5.75 6.59491 1.84027
5.8 6.58914 1.8342
5.85 6.58323 1.82809
5.9 6.57716 1.82194
5.95 6.57094 1.81574
6 6.56457 1.8095
6.05 6.55804 1.80321
6.1 6.55135 1.79689
6.15 6.5445 1.79052
6.2 6.5375 1.78411
6.25 6.53033 1.77766
6.3 6.523 1.77117
6.35 6.51551 1.76464
6.4 6.50785 1.75807
6.45 6.50003 1.75146
6.5 6.49204 1.74481
6.55 6.48388 1.73813
6.6 6.47555 1.7314
6.65 6.46705 1.72464
6.7 6.45838 1.71784
6.75 6.44954 1.71101
6.8 6.44053 1.70414
6.85 6.43134 1.69723
6.9 6.42198 1.69029
6.95 6.41244 1.68332
7 6.40273 1.67631
7.05 6.39283 1.66927
7.1 6.38276 1.66219
7.15 6.37252 1.65509
7.2 6.36209 1.64795
7.25 6.35148 1.64078
7.3 6.3407 1.63358
7.35 6.32973 1.62635
7.4 6.31858 1.61909
7.45 6.30725 1.6118
7.5 6.29574 1.60448
7.55 6.28405 1.59714
7.6 6.27217 1.58977
7.65 6.26011 1.58237
7.7 6.24787 1.57495
7.75 6.23544 1.5675
7.8 6.22283 1.56003
7.85 6.21004 1.55253
7.9 6.19706 1.54502
7.95 6.18391 1.53747
8 6.17056 1.52991
8.05 6.15704 1.52233
8.1 6.14333 1.51472
8.15 6.12943 1.5071
8.2 6.11536 1.49946
8.25 6.1011 1.49179
8.3 6.08666 1.48411
8.35 6.07204 1.47642
8.4 6.05723 1.46871
8.45 6.04224 1.46098
8.5 6.02708 1.45323
8.55 6.01173 1.44548
8.6 5.9962 1.43771
8.65 5.9805 1.42992
8.7 5.96461 1.42213
8.75 5.94855 1.41432
8.8 5.93231 1.40651
8.85 5.91589 1.39868
8.9 5.8993 1.39084
8.95 5.88253 1.383
9 5.86559 1.37515
9.05 5.84847 1.36729
9.1 5.83118 1.35943
9.15 5.81373 1.35156
9.2 5.7961 1.34369
9.25 5.7783 1.33581
9.3 5.76033 1.32793
9.35 5.7422 1.32005
9.4 5.7239 1.31217
9.45 5.70543 1.30429
9.5 5.6868 1.2964
9.55 5.66801 1.28852
9.6 5.64906 1.28064
9.65 5.62995 1.27277
9.7 5.61068 1.26489
9.75 5.59126 1.25703
9.8 5.57168 1.24916
9.85 5.55195 1.24131
9.9 5.53206 1.23345
9.95 5.51202 1.22561
10 5.49184 1.21778
10.05 5.47151 1.20995
10.1 5.45103 1.20213
10.15 5.4304 1.19433
10.2 5.40964 1.18653
10.25 5.38874 1.17875
10.3 5.36769 1.17098
10.35 5.34651 1.16323
10.4 5.3252 1.15549
10.45 5.30375 1.14776
10.5 5.28217 1.14006
10.55 5.26046 1.13236
10.6 5.23862 1.12469
10.65 5.21666 1.11704
10.7 5.19458 1.1094
10.75 5.17237 1.10178
10.8 5.15005 1.09419
10.85 5.12761 1.08662
10.9 5.10505 1.07907
10.95 5.08238 1.07154
11 5.0596 1.06404
11.05 5.03672 1.05656
11.1 5.01372 1.0491
11.15 4.99062 1.04168
11.2 4.96743 1.03428
11.25 4.94413 1.02691
11.3 4.92073 1.01956
11.35 4.89724 1.01225
11.4 4.87366 1.00496
11.45 4.84999 0.997708
11.5 4.82623 0.990485
11.55 4.80238 0.983294
11.6 4.77845 0.976136
11.65 4.75444 0.969011
11.7 4.73036 0.961921
11.75 4.70619 0.954865
11.8 4.68196 0.947844
11.85 4.65765 0.94086
11.9 4.63328 0.933913
11.95 4.60884 0.927003
12 4.58434 0.920131
12.05 4.55977 0.913297
12.1 4.53515 0.906503
12.15 4.51047 0.899749
12.2 4.48574 0.893036
12.25 4.46096 0.886364
12.3 4.43613 0.879733
12.35 4.41126 0.873145
12.4 4.38634 0.8666
12.45 4.36138 0.860099
12.5 4.33639 0.853641
12.55 4.31136 0.847228
12.6 4.2863 0.840861
12.65 4.2612 0.834539
12.7 4.23608 0.828263
12.75 4.21093 0.822034
12.8 4.18577 0.815852
12.85 4.16058 0.809718
12.9 4.13537 0.803632
12.95 4.11015 0.797595
13 4.08492 0.791607
13.05 4.05968 0.785669
13.1 4.03443 0.77978
13.15 4.00918 0.773943
13.2 3.98392 0.768156
13.25 3.95866 0.76242
13.3 3.93341 0.756736
13.35 3.90816 0.751104
13.4 3.88293 0.745525
13.45 3.8577 0.739998
13.5 3.83248 0.734525
13.55 3.80728 0.729105
13.6 3.7821 0.723739
13.65 3.75694 0.718427
13.7 3.7318 0.71317
13.75 3.70668 0.707967
13.8 3.68159 0.70282
13.85 3.65654 0.697727
13.9 3.63151 0.69269
13.95 3.60652 0.687709
14 3.58157 0.682784
14.05 3.55665 0.677916
14.1 3.53178 0.673103
14.15 3.50695 0.668347
14.2 3.48217 0.663649
14.25 3.45743 0.659007
14.3 3.43275 0.654422
14.35 3.40812 0.649894
14.4 3.38354 0.645424
14.45 3.35902 0.641011
14.5 3.33456 0.636656
14.55 3.31016 0.632359
14.6 3.28582 0.628119
14.65 3.26155 0.623937
14.7 3.23735 0.619813
14.75 3.21322 0.615747
14.8 3.18915 0.611739
14.85 3.16516 0.607789
14.9 3.14125 0.603896
14.95 3.11741 0.600062
15 3.09366 0.596286
15.05 3.06998 0.592567
15.1 3.04639 0.588906
15.15 3.02288 0.585303
15.2 2.99946 0.581758
15.25 2.97612 0.57827
15.3 2.95288 0.57484
15.35 2.92973 0.571467
15.4 2.90667 0.568151
15.45 2.8837 0.564892
15.5 2.86083 0.56169
15.55 2.83806 0.558545
15.6 2.81539 0.555456
15.65 2.79282 0.552424
15.7 2.77036 0.549448
15.75 2.748 0.546528
15.8 2.72574 0.543664
15.85 2.70359 0.540855
15.9 2.68155 0.538101
15.95 2.65962 0.535402
16 2.63779 0.532758
16.05 2.61609 0.530168
16.1 2.59449 0.527632
16.15 2.57301 0.52515
16.2 2.55164 0.522721
16.25 2.53039 0.520346
16.3 2.50926 0.518023
16.35 2.48825 0.515752
16.4 2.46736 0.513534
16.45 2.44659 0.511367
16.5 2.42594 0.509251
16.55 2.40542 0.507187
16.6 2.38502 0.505172
16.65 2.36474 0.503208
16.7 2.34459 0.501293
16.75 2.32457 0.499427
16.8 2.30467 0.49761
16.85 2.2849 0.495841
16.9 2.26526 0.49412
16.95 2.24575 0.492446
17 2.22637 0.490819
17.05 2.20712 0.489238
17.1 2.188 0.487702
17.15 2.16901 0.486212
17.2 2.15016 0.484767
17.25 2.13144 0.483366
17.3 2.11285 0.482008
17.35 2.09439 0.480693
17.4 2.07607 0.479421
17.45 2.05788 0.478191
17.5 2.03983 0.477002
17.55 2.02191 0.475853
17.6 2.00413 0.474745
17.65 1.98648 0.473677
17.7 1.96897 0.472647
17.75 1.9516 0.471656
17.8 1.93436 0.470702
17.85 1.91725 0.469786
17.9 1.90028 0.468906
17.95 1.88345 0.468061
18 1.86676 0.467252
18.05 1.8502 0.466478
18.1 1.83377 0.465737
18.15 1.81749 0.465029
18.2 1.80133 0.464354
18.25 1.78532 0.463711
18.3 1.76944 0.463099
18.35 1.75369 0.462518
18.4 1.73808 0.461966
18.45 1.72261 0.461444
18.5 1.70727 0.46095
18.55 1.69206 0.460483
18.6 1.67699 0.460044
18.65 1.66205 0.459631
18.7 1.64725 0.459244
18.75 1.63258 0.458882
18.8 1.61804 0.458543
18.85 1.60363 0.458229
18.9 1.58936 0.457937
18.95 1.57521 0.457667
19 1.5612 0.457419
19.05 1.54732 0.457191
19.1 1.53356 0.456984
19.15 1.51994 0.456795
19.2 1.50644 0.456625
19.25 1.49307 0.456473
19.3 1.47983 0.456338
19.35 1.46671 0.456219
19.4 1.45372 0.456116
19.45 1.44086 0.456027
19.5 1.42812 0.455953
19.55 1.4155 0.455893
19.6 1.403 0.455845
19.65 1.39063 0.455809
19.7 1.37838 0.455784
19.75 1.36625 0.45577
19.8 1.35423 0.455766
19.85 1.34234 0.455771
19.9 1.33057 0.455784
19.95 1.31891 0.455805
20 1.30736 0.455833
20.05 1.29594 0.455868
20.1 1.28462 0.455908
20.15 1.27342 0.455953
20.2 1.26234 0.456003
20.25 1.25136 0.456056
20.3 1.24049 0.456112
20.35 1.22974 0.45617
20.4 1.21909 0.456229
20.45 1.20855 0.45629
20.5 1.19811 0.456351
20.55 1.18778 0.456411
20.6 1.17756 0.45647
20.65 1.16744 0.456527
20.7 1.15742 0.456582
20.75 1.1475 0.456634
20.8 1.13768 0.456683
20.85 1.12796 0.456727
20.9 1.11834 0.456766
20.95 1.10882 0.456799
21 1.09939 0.456826
21.05 1.09005 0.456847
21.1 1.08081 0.45686
21.15 1.07167 0.456865
21.2 1.06261 0.456862
21.25 1.05364 0.45685
21.3 1.04477 0.456828
21.35 1.03598 0.456795
21.4 1.02728 0.456752
21.45 1.01866 0.456698
21.5 1.01013 0.456632
21.55 1.00168 0.456553
21.6 0.993315 0.456461
21.65 0.985031 0.456356
21.7 0.976828 0.456237
21.75 0.968703 0.456104
21.8 0.960656 0.455956
21.85 0.952687 0.455792
21.9 0.944793 0.455612
21.95 0.936973 0.455416
22 0.929228 0.455204
22.05 0.921554 0.454974
22.1 0.913952 0.454726
22.15 0.906421 0.45446
22.2 0.898958 0.454176
22.25 0.891564 0.453873
22.3 0.884236 0.453551
22.35 0.876975 0.453208
22.4 0.869778 0.452846
22.45 0.862645 0.452464
22.5 0.855575 0.45206
22.55 0.848566 0.451636
22.6 0.841618 0.45119
22.65 0.83473 0.450722
22.7 0.8279 0.450232
22.75 0.821128 0.449719
22.8 0.814413 0.449184
22.85 0.807753 0.448626
22.9 0.801147 0.448045
22.95 0.794595 0.44744
23 0.788096 0.446811
23.05 0.781648 0.446158
23.1 0.775251 0.445481
23.15 0.768904 0.44478
23.2 0.762605 0.444053
23.25 0.756355 0.443302
23.3 0.750151 0.442526
23.35 0.743993 0.441724
23.4 0.737881 0.440897
23.45 0.731813 0.440044
23.5 0.725788 0.439166
23.55 0.719806 0.438262
23.6 0.713865 0.437331
23.65 0.707965 0.436375
23.7 0.702106 0.435392
23.75 0.696286 0.434383
23.8 0.690504 0.433347
23.85 0.684759 0.432285
23.9 0.679052 0.431196
23.95 0.673381 0.430081
24 0.667745 0.428939
24.05 0.662144 0.42777
24.1 0.656577 0.426574
24.15 0.651044 0.425352
24.2 0.645543 0.424103
24.25 0.640073 0.422827
24.3 0.634635 0.421525
24.35 0.629228 0.420196
24.4 0.623851 0.41884
24.45 0.618503 0.417457
24.5 0.613184 0.416048
24.55 0.607892 0.414613
24.6 0.602629 0.413151
24.65 0.597393 0.411662
24.7 0.592183 0.410148
24.75 0.586999 0.408607
24.8 0.58184 0.40704
24.85 0.576707 0.405448
24.9 0.571598 0.403829
24.95 0.566513 0.402185
25 0.561451 0.400516
25.05 0.556413 0.398821
25.1 0.551397 0.397101
25.15 0.546403 0.395356
25.2 0.541431 0.393586
25.25 0.536481 0.391792
25.3 0.531552 0.389973
25.35 0.526643 0.38813
25.4 0.521755 0.386263
25.45 0.516887 0.384373
25.5 0.512038 0.382459
25.55 0.507209 0.380522
25.6 0.502399 0.378561
25.65 0.497608 0.376578
25.7 0.492836 0.374573
25.75 0.488082 0.372545
25.8 0.483346 0.370495
25.85 0.478628 0.368424
25.9 0.473927 0.366331
25.95 0.469244 0.364218
26 0.464578 0.362083
26.05 0.45993 0.359929
26.1 0.455298 0.357754
26.15 0.450683 0.355559
26.2 0.446085 0.353345
26.25 0.441503 0.351111
26.3 0.436938 0.348859
26.35 0.432389 0.346589
26.4 0.427856 0.344301
26.45 0.42334 0.341994
26.5 0.418839 0.339671
26.55 0.414355 0.33733
26.6 0.409887 0.334973
26.65 0.405434 0.3326
26.7 0.400998 0.330211
26.75 0.396578 0.327807
26.8 0.392173 0.325387
26.85 0.387785 0.322953
26.9 0.383412 0.320504
26.95 0.379056 0.318042
27 0.374715 0.315566
27.05 0.370391 0.313078
27.1 0.366083 0.310576
27.15 0.361791 0.308063
27.2 0.357516 0.305538
27.25 0.353256 0.303001
27.3 0.349014 0.300454
27.35 0.344788 0.297896
27.4 0.340578 0.295328
27.45 0.336386 0.29275
27.5 0.33221 0.290163
27.55 0.328052 0.287568
27.6 0.32391 0.284964
27.65 0.319786 0.282352
27.7 0.31568 0.279733
27.75 0.311591 0.277107
27.8 0.30752 0.274474
27.85 0.303466 0.271835
27.9 0.299431 0.269191
27.95 0.295415 0.266541
28 0.291417 0.263887
28.05 0.287437 0.261228
28.1 0.283477 0.258565
28.15 0.279535 0.255899
28.2 0.275613 0.25323
28.25 0.271711 0.250559
28.3 0.267828 0.247885
28.35 0.263965 0.24521
28.4 0.260122 0.242534
28.45 0.256299 0.239857
28.5 0.252497 0.237179
28.55 0.248716 0.234502
28.6 0.244956 0.231825
28.65 0.241217 0.22915
28.7 0.2375 0.226476
28.75 0.233804 0.223803
28.8 0.23013 0.221133
28.85 0.226479 0.218466
28.9 0.22285 0.215802
28.95 0.219243 0.213141
29 0.215659 0.210485
29.05 0.212099 0.207833
29.1 0.208562 0.205186
29.15 0.205048 0.202544
29.2 0.201559 0.199908
29.25 0.198093 0.197278
29.3 0.194652 0.194654
29.35 0.191235 0.192037
29.4 0.187843 0.189428
29.45 0.184476 0.186827
29.5 0.181134 0.184233
29.55 0.177817 0.181648
29.6 0.174527 0.179072
29.65 0.171262 0.176505
29.7 0.168023 0.173948
29.75 0.164811 0.1714
29.8 0.161625 0.168863
29.85 0.158466 0.166337
29.9 0.155334 0.163822
29.95 0.15223 0.161318
30 0.149152 0.158826
30.05 0.146102 0.156346
30.1 0.14308 0.153879
30.15 0.140086 0.151425
30.2 0.137121 0.148983
30.25 0.134183 0.146555
30.3 0.131274 0.144141
30.35 0.128394 0.141741
30.4 0.125543 0.139355
30.45 0.122721 0.136985
30.5 0.119928 0.134629
30.55 0.117164 0.132288
30.6 0.11443 0.129963
30.65 0.111725 0.127654
30.7 0.109051 0.12536
30.75 0.106406 0.123084
30.8 0.103792 0.120824
30.85 0.101207 0.118581
30.9 0.0986535 0.116355
30.95 0.0961301 0.114146
31 0.0936371 0.111955
31.05 0.0911749 0.109782
31.1 0.0887434 0.107627
31.15 0.0863428 0.105491
31.2 0.0839731 0.103373
31.25 0.0816344 0.101273
31.3 0.0793269 0.0991932
31.35 0.0770505 0.097132
31.4 0.0748053 0.0950903
31.45 0.0725913 0.093068
31.5 0.0704087 0.0910655
31.55 0.0682574 0.0890828
31.6 0.0661376 0.0871202
31.65 0.0640491 0.0851777
31.7 0.0619921 0.0832557
31.75 0.0599665 0.0813541
31.8 0.0579724 0.0794731
31.85 0.0560097 0.077613
31.9 0.0540785 0.0757737
31.95 0.0521787 0.0739554
32 0.0503103 0.0721583
32.05 0.0484733 0.0703824
32.1 0.0466676 0.0686278
32.15 0.0448932 0.0668946
32.2 0.0431501 0.065183
32.25 0.0414382 0.0634929
32.3 0.0397574 0.0618246
32.35 0.0381077 0.0601779
32.4 0.036489 0.0585531
32.45 0.0349012 0.0569501
32.5 0.0333442 0.0553691
32.55 0.031818 0.05381
32.6 0.0303223 0.0522728
32.65 0.0288572 0.0507577
32.7 0.0274225 0.0492647
32.75 0.026018 0.0477937
32.8 0.0246437 0.0463448
32.85 0.0232994 0.044918
32.9 0.021985 0.0435133
32.95 0.0207002 0.0421306
33 0.0194451 0.0407701
33.05 0.0182193 0.0394316
33.1 0.0170228 0.0381151
33.15 0.0158553 0.0368207
33.2 0.0147168 0.0355482
33.25 0.0136069 0.0342977
33.3 0.0125255 0.033069
33.35 0.0114724 0.0318623
33.4 0.0104475 0.0306773
33.45 0.00945041 0.029514
33.5 0.00848103 0.0283724
33.55 0.00753911 0.0272524
33.6 0.00662444 0.026154
33.65 0.00573677 0.0250769
33.7 0.00487588 0.0240213
33.75 0.00404152 0.0229869
33.8 0.00323345 0.0219736
33.85 0.00245142 0.0209815
33.9 0.00169517 0.0200103
33.95 0.000964451 0.0190599
34 0.000258988 0.0181303
34.05 -0.000421485 0.0172213
34.1 -0.00107724 0.0163328
34.15 -0.00170855 0.0154647
34.2 -0.00231571 0.0146169
34.25 -0.00289899 0.0137891
34.3 -0.00345869 0.0129813
34.35 -0.00399509 0.0121933
34.4 -0.0045085 0.0114251
34.45 -0.00499922 0.0106763
34.5 -0.00546754 0.00994689
34.55 -0.00591378 0.0092367
34.6 -0.00633825 0.00854556
34.65 -0.00674126 0.0078733
34.7 -0.00712312 0.00721975
34.75 -0.00748415 0.00658475
34.8 -0.00782468 0.00596811
34.85 -0.00814504 0.00536966
34.9 -0.00844553 0.00478921
34.95 -0.0087265 0.00422659
35 -0.00898828 0.00368159
35.05 -0.00923119 0.00315404
35.1 -0.00945557 0.00264374
35.15 -0.00966176 0.0021505
35.2 -0.0098501 0.00167411
35.25 -0.0100209 0.00121437
35.3 -0.0101746 0.000771089
35.35 -0.0103114 0.000344056
35.4 -0.0104317 -6.69363e-05
35.45 -0.0105359 -0.000462096
35.5 -0.0106243 -0.000841635
35.55 -0.0106972 -0.00120576
35.6 -0.010755 -0.0015547
35.65 -0.0107981 -0.00188866
35.7 -0.0108267 -0.00220786
35.75 -0.0108413 -0.00251251
35.8 -0.0108421 -0.00280285
35.85 -0.0108296 -0.00307909
35.9 -0.010804 -0.00334145
35.95 -0.0107658 -0.00359016
36 -0.0107152 -0.00382545
36.05 -0.0106526 -0.00404754
36.1 -0.0105784 -0.00425665
36.15 -0.0104929 -0.00445302
36.2 -0.0103964 -0.00463687
36.25 -0.0102892 -0.00480843
36.3 -0.0101718 -0.00496794
36.35 -0.0100445 -0.00511562
36.4 -0.00990752 -0.00525169
36.45 -0.00976129 -0.00537641
36.5 -0.00960613 -0.00548998
36.55 -0.00944236 -0.00559265
36.6 -0.00927032 -0.00568464
36.65 -0.00909033 -0.00576618
36.7 -0.00890272 -0.00583752
36.75 -0.00870781 -0.00589886
36.8 -0.00850593 -0.00595045
36.85 -0.00829739 -0.00599252
36.9 -0.00808252 -0.00602529
36.95 -0.00786162 -0.00604899
37 -0.00763501 -0.00606385
37.05 -0.00740299 -0.0060701
37.1 -0.00716587 -0.00606796
37.15 -0.00692395 -0.00605766
37.2 -0.00667754 -0.00603942
37.25 -0.00642692 -0.00601347
37.3 -0.00617239 -0.00598002
37.35 -0.00591425 -0.0059393
37.4 -0.00565277 -0.00589154
37.45 -0.00538824 -0.00583694
37.5 -0.00512093 -0.00577572
37.55 -0.00485113 -0.00570811
37.6 -0.00457911 -0.00563432
37.65 -0.00430512 -0.00555455
37.7 -0.00402944 -0.00546902
37.75 -0.00375233 -0.00537795
37.8 -0.00347403 -0.00528153
37.85 -0.00319481 -0.00517998
37.9 -0.00291491 -0.00507349
37.95 -0.00263457 -0.00496228
38 -0.00235403 -0.00484654
38.05 -0.00207353 -0.00472648
38.1 -0.0017933 -0.00460228
38.15 -0.00151356 -0.00447414
38.2 -0.00123453 -0.00434226
38.25 -0.000956432 -0.00420683
38.3 -0.000679479 -0.00406803
38.35 -0.000403877 -0.00392605
38.4 -0.000129829 -0.00378107
38.45 0.000142466 -0.00363328
38.5 0.000412815 -0.00348286
38.55 0.000681029 -0.00332998
38.6 0.000946922 -0.00317481
38.65 0.00121032 -0.00301753
38.7 0.00147104 -0.0028583
38.75 0.00172891 -0.0026973
38.8 0.00198378 -0.00253469
38.85 0.00223548 -0.00237063
38.9 0.00248385 -0.00220527
38.95 0.00272875 -0.00203878
39 0.00297002 -0.00187131
39.05 0.00320754 -0.001703
39.1 0.00344115 -0.00153402
39.15 0.00367074 -0.00136449
39.2 0.00389617 -0.00119458
39.25 0.00411732 -0.0010244
39.3 0.00433408 -0.000854112
39.35 0.00454634 -0.000683838
39.4 0.00475398 -0.000513713
39.45 0.00495692 -0.000343865
39.5 0.00515504 -0.000174419
39.55 0.00534826 -5.50032e-06
39.6 0.00553648 0.000162773
39.65 0.00571964 0.000330282
39.7 0.00589764 0.000496914
39.75 0.00607042 0.000662557
39.8 0.00623791 0.000827101
39.85 0.00640004 0.000990442
39.9 0.00655675 0.00115248
39.95 0.006708 0.0013131
40 0.00685372 0.00147223
40.05 0.00699387 0.00162976
40.1 0.00712842 0.00178559
40.15 0.00725733 0.00193965
40.2 0.00738055 0.00209185
40.25 0.00749808 0.0022421
40.3 0.00760987 0.00239033
40.35 0.00771592 0.00253645
40.4 0.00781621 0.0026804
40.45 0.00791072 0.0028221
40.5 0.00799945 0.00296148
40.55 0.0080824 0.00309848
40.6 0.00815957 0.00323304
40.65 0.00823096 0.00336509
40.7 0.00829658 0.00349457
40.75 0.00835645 0.00362144
40.8 0.00841058 0.00374564
40.85 0.008459 0.00386712
40.9 0.00850172 0.00398584
40.95 0.00853878 0.00410174
41 0.0085702 0.0042148
41.05 0.00859602 0.00432496
41.1 0.00861628 0.0044322
41.15 0.00863102 0.00453648
41.2 0.00864029 0.00463776
41.25 0.00864412 0.00473603
41.3 0.00864258 0.00483125
41.35 0.00863572 0.00492341
41.4 0.00862359 0.00501247
41.45 0.00860626 0.00509842
41.5 0.00858378 0.00518125
41.55 0.00855623 0.00526093
41.6 0.00852366 0.00533747
41.65 0.00848616 0.00541084
41.7 0.00844379 0.00548104
41.75 0.00839662 0.00554806
41.8 0.00834475 0.00561191
41.85 0.00828824 0.00567258
41.9 0.00822718 0.00573007
41.95 0.00816166 0.00578438
42 0.00809176 0.00583552
42.05 0.00801757 0.00588351
42.1 0.00793918 0.00592833
42.15 0.00785668 0.00597001
42.2 0.00777016 0.00600857
42.25 0.00767973 0.006044
42.3 0.00758548 0.00607634
42.35 0.00748751 0.00610559
42.4 0.00738591 0.00613179
42.45 0.0072808 0.00615494
42.5 0.00717227 0.00617507
42.55 0.00706042 0.00619222
42.6 0.00694536 0.00620639
42.65 0.0068272 0.00621763
42.7 0.00670605 0.00622596
42.75 0.00658201 0.00623141
42.8 0.00645519 0.00623401
42.85 0.00632569 0.0062338
42.9 0.00619364 0.0062308
42.95 0.00605914 0.00622507
43 0.0059223 0.00621663
43.05 0.00578323 0.00620552
43.1 0.00564205 0.00619178
43.15 0.00549886 0.00617546
43.2 0.00535378 0.00615659
43.25 0.00520692 0.00613521
43.3 0.00505839 0.00611137
43.35 0.0049083 0.00608512
43.4 0.00475678 0.0060565
43.45 0.00460392 0.00602555
43.5 0.00444984 0.00599232
43.55 0.00429465 0.00595686
43.6 0.00413847 0.00591922
43.65 0.0039814 0.00587945
43.7 0.00382355 0.0058376
43.75 0.00366503 0.00579371
43.8 0.00350596 0.00574784
43.85 0.00334643 0.00570004
43.9 0.00318656 0.00565036
43.95 0.00302646 0.00559886
44 0.00286622 0.00554558
44.05 0.00270595 0.00549058
44.1 0.00254577 0.00543392
44.15 0.00238576 0.00537564
44.2 0.00222603 0.0053158
44.25 0.00206668 0.00525446
44.3 0.00190782 0.00519167
44.35 0.00174953 0.00512748
44.4 0.00159192 0.00506195
44.45 0.00143507 0.00499513
44.5 0.0012791 0.00492708
44.55 0.00112407 0.00485786
44.6 0.000970098 0.00478751
44.65 0.000817259 0.00471609
44.7 0.000665644 0.00464366
44.75 0.000515339 0.00457027
44.8 0.000366429 0.00449598
44.85 0.000218996 0.00442083
44.9 7.31216e-05 0.00434489
44.95 -7.11148e-05 0.00426821
45 -0.000213636 0.00419084
45.05 -0.000354366 0.00411282
45.1 -0.000493232 0.00403423
45.15 -0.000630161 0.00395511
45.2 -0.000765083 0.0038755
45.25 -0.00089793 0.00379547
45.3 -0.00102864 0.00371506
45.35 -0.00115714 0.00363432
45.4 -0.00128337 0.00355331
45.45 -0.00140728 0.00347207
45.5 -0.00152881 0.00339066
45.55 -0.00164789 0.00330911
45.6 -0.00176447 0.00322749
45.65 -0.00187851 0.00314583
45.7 -0.00198996 0.00306418
45.75 -0.00209876 0.0029826
45.8 -0.00220487 0.00290111
45.85 -0.00230825 0.00281978
45.9 -0.00240886 0.00273864
45.95 -0.00250665 0.00265774
46 -0.00260159 0.00257712
46.05 -0.00269365 0.00249682
46.1 -0.00278279 0.00241688
46.15 -0.00286899 0.00233734
46.2 -0.00295221 0.00225825
46.25 -0.00303243 0.00217963
46.3 -0.00310963 0.00210154
46.35 -0.00318378 0.002024
46.4 -0.00325486 0.00194705
46.45 -0.00332287 0.00187073
46.5 -0.00338777 0.00179506
46.55 -0.00344956 0.0017201
46.6 -0.00350823 0.00164586
46.65 -0.00356377 0.00157238
46.7 -0.00361617 0.00149969
46.75 -0.00366543 0.00142782
46.8 -0.00371154 0.0013568
46.85 -0.0037545 0.00128666
46.9 -0.00379433 0.00121742
46.95 -0.00383101 0.00114911
47 -0.00386455 0.00108176
47.05 -0.00389497 0.00101538
47.1 -0.00392227 0.000950013
47.15 -0.00394646 0.000885669
47.2 -0.00396756 0.000822372
47.25 -0.00398557 0.000760143
47.3 -0.00400053 0.000699002
47.35 -0.00401244 0.000638967
47.4 -0.00402133 0.000580055
47.45 -0.00402722 0.000522285
47.5 -0.00403013 0.00046567
47.55 -0.00403009 0.000410227
47.6 -0.00402713 0.000355969
47.65 -0.00402127 0.000302909
47.7 -0.00401255 0.000251059
47.75 -0.004001 0.000200431
47.8 -0.00398664 0.000151034
47.85 -0.00396953 0.000102878
47.9 -0.00394969 5.59716e-05
47.95 -0.00392717 1.03214e-05
48 -0.003902 -3.40656e-05
48.05 -0.00387422 -7.71838e-05
48.1 -0.00384387 -0.000119028
48.15 -0.00381101 -0.000159595
48.2 -0.00377567 -0.000198882
48.25 -0.0037379 -0.000236885
48.3 -0.00369775 -0.000273605
48.35 -0.00365527 -0.000309039
48.4 -0.0036105 -0.00034319
48.45 -0.0035635 -0.000376057
48.5 -0.00351432 -0.000407643
48.55 -0.00346301 -0.000437951
48.6 -0.00340962 -0.000466984
48.65 -0.00335421 -0.000494746
48.7 -0.00329684 -0.000521242
48.75 -0.00323755 -0.000546479
48.8 -0.00317642 -0.000570463
48.85 -0.00311349 -0.0005932
48.9 -0.00304882 -0.0006147
48.95 -0.00298247 -0.00063497
49 -0.00291451 -0.00065402
49.05 -0.00284499 -0.00067186
49.1 -0.00277397 -0.000688501
49.15 -0.00270151 -0.000703953
49.2 -0.00262768 -0.000718229
49.25 -0.00255254 -0.000731342
49.3 -0.00247615 -0.000743304
49.35 -0.00239857 -0.000754129
49.4 -0.00231986 -0.000763831
49.45 -0.00224009 -0.000772425
49.5 -0.00215932 -0.000779926
49.55 -0.00207762 -0.00078635
49.6 -0.00199505 -0.000791714
49.65 -0.00191166 -0.000796033
49.7 -0.00182754 -0.000799326
49.75 -0.00174273 -0.00080161
49.8 -0.0016573 -0.000802902
49.85 -0.00157132 -0.000803222
49.9 -0.00148485 -0.000802589
49.95 -0.00139795 -0.000801021
50 -0.00131068 -0.000798538
