-0.498 0.00358184 8.31407e-05
-0.496 0.0129849 0.000848817
-0.494 0.0261157 0.00308243
-0.492 0.0407878 0.00758147
-0.49 0.0547397 0.0151522
-0.488 0.0656522 0.0266064
-0.486 0.0711675 0.0427577
-0.484 0.0689075 0.0644186
-0.482 0.0564931 0.0923965
-0.48 0.0315633 0.127491
-0.478 -0.00820572 0.17049
-0.476 -0.0650811 0.222166
-0.474 -0.141255 0.283274
-0.472 -0.238824 0.354548
-0.47 -0.359772 0.436698
-0.468 -0.505954 0.530405
-0.466 -0.679075 0.636323
-0.464 -0.880673 0.755069
-0.462 -1.11211 0.88723
-0.46 -1.37454 1.03335
-0.458 -1.66891 1.19394
-0.456 -1.99596 1.36947
-0.454 -2.35616 1.56035
-0.452 -2.74975 1.76696
-0.45 -3.17671 1.98965
-0.448 -3.63675 2.22868
-0.446 -4.12929 2.4843
-0.444 -4.65348 2.7567
-0.442 -5.20819 3.046
-0.44 -5.79198 3.35231
-0.438 -6.40313 3.67565
-0.436 -7.0396 4.01602
-0.434 -7.69909 4.37335
-0.432 -8.37899 4.74754
-0.43 -9.07641 5.13841
-0.428 -9.78816 5.54577
-0.426 -10.5108 5.96937
-0.424 -11.2406 6.4089
-0.422 -11.9736 6.86401
-0.42 -12.7055 7.33433
-0.418 -13.4319 7.81941
-0.416 -14.1482 8.3188
-0.414 -14.8494 8.83198
-0.412 -15.5306 9.3584
-0.41 -16.1864 9.89749
-0.408 -16.8115 10.4486
-0.406 -17.4004 11.0112
-0.404 -17.9475 11.5844
-0.402 -18.4471 12.1677
-0.4 -18.8934 12.7602
-0.398 -19.2808 13.3613
-0.396 -19.6033 13.9701
-0.394 -19.8553 14.5857
-0.392 -20.031 15.2075
-0.39 -20.1247 15.8345
-0.388 -20.131 16.4659
-0.386 -20.0443 17.1008
-0.384 -19.8594 17.7382
-0.382 -19.5712 18.3774
-0.38 -19.1749 19.0172
-0.378 -18.6657 19.6568
-0.376 -18.0393 20.2953
-0.374 -17.2915 20.9317
-0.372 -16.4187 21.5649
-0.37 -15.4172 22.1941
-0.368 -14.284 22.8182
-0.366 -13.0164 23.4363
-0.364 -11.6121 24.0473
-0.362 -10.0691 24.6503
-0.36 -8.386 25.2443
-0.358 -6.56179 25.8282
-0.356 -4.59591 26.4012
-0.354 -2.48833 26.9621
-0.352 -0.239465 27.51
-0.35 2.14973 28.044
-0.348 4.6778 28.5631
-0.346 7.34278 29.0663
-0.344 10.1422 29.5527
-0.342 13.073 30.0214
-0.34 16.1317 30.4715
-0.338 19.3142 30.9022
-0.336 22.616 31.3125
-0.334 26.032 31.7018
-0.332 29.5566 32.0691
-0.33 33.1839 32.4139
-0.328 36.9073 32.7353
-0.326 40.7198 33.0328
-0.324 44.614 33.3057
-0.322 48.5822 33.5534
-0.32 52.6162 33.7756
-0.318 56.7072 33.9716
-0.316 60.8465 34.1412
-0.314 65.0247 34.2839
-0.312 69.2324 34.3996
-0.31 73.4597 34.488
-0.308 77.6965 34.5491
-0.306 81.9326 34.5826
-0.304 86.1575 34.5887
-0.302 90.3607 34.5674
-0.3 94.5315 34.5188
-0.298 98.659 34.4432
-0.296 102.732 34.3408
-0.294 106.741 34.212
-0.292 110.674 34.0571
-0.29 114.52 33.8768
-0.288 118.268 33.6714
-0.286 121.909 33.4415
-0.284 125.431 33.1878
-0.282 128.824 32.911
-0.28 132.079 32.6118
-0.278 135.184 32.291
-0.276 138.13 31.9492
-0.274 140.908 31.5875
-0.272 143.509 31.2064
-0.27 145.924 30.8071
-0.268 148.143 30.3901
-0.266 150.16 29.9565
-0.264 151.966 29.507
-0.262 153.553 29.0425
-0.26 154.916 28.5638
-0.258 156.046 28.0716
-0.256 156.939 27.5667
-0.254 157.587 27.0498
-0.252 157.987 26.5215
-0.25 158.132 25.9825
-0.248 158.019 25.4332
-0.246 157.645 24.8742
-0.244 157.004 24.306
-0.242 156.096 23.7287
-0.24 154.917 23.1429
-0.238 153.466 22.5485
-0.236 151.741 21.9459
-0.234 149.741 21.3351
-0.232 147.467 20.716
-0.23 144.919 20.0886
-0.228 142.097 19.4527
-0.226 139.004 18.8082
-0.224 135.64 18.1548
-0.222 132.009 17.4921
-0.22 128.113 16.8196
-0.218 123.956 16.1371
-0.216 119.543 15.444
-0.214 114.877 14.7397
-0.212 109.964 14.0238
-0.21 104.81 13.2955
-0.208 99.4207 12.5544
-0.206 93.8031 11.7997
-0.204 87.9645 11.0309
-0.202 81.9126 10.2473
-0.2 75.6556 9.44845
-0.198 69.2022 8.63363
-0.196 62.5616 7.80236
-0.194 55.7435 6.95412
-0.192 48.7578 6.08845
-0.19 41.6152 5.20497
-0.188 34.3265 4.30334
-0.186 26.903 3.3833
-0.184 19.3564 2.44468
-0.182 11.6987 1.48739
-0.18 3.94216 0.51144
-0.178 -3.90048 -0.483065
-0.176 -11.8163 -1.49591
-0.174 -19.7922 -2.52676
-0.172 -27.8147 -3.57516
-0.17 -35.8701 -4.64056
-0.168 -43.9447 -5.72225
-0.166 -52.0245 -6.81942
-0.164 -60.0955 -7.93111
-0.162 -68.1434 -9.05624
-0.16 -76.154 -10.1936
-0.158 -84.1132 -11.3418
-0.156 -92.0065 -12.4994
-0.154 -99.8198 -13.6648
-0.152 -107.539 -14.8363
-0.15 -115.15 -16.012
-0.148 -122.639 -17.1899
-0.146 -129.992 -18.3679
-0.144 -137.195 -19.5439
-0.142 -144.235 -20.7155
-0.14 -151.1 -21.8803
-0.138 -157.776 -23.036
-0.136 -164.251 -24.1798
-0.134 -170.512 -25.3093
-0.132 -176.549 -26.4217
-0.13 -182.35 -27.5143
-0.128 -187.903 -28.5843
-0.126 -193.2 -29.6289
-0.124 -198.229 -30.6454
-0.122 -202.983 -31.631
-0.12 -207.451 -32.5828
-0.118 -211.626 -33.4982
-0.116 -215.501 -34.3743
-0.114 -219.068 -35.2087
-0.112 -222.322 -35.9986
-0.11 -225.258 -36.7415
-0.108 -227.869 -37.4352
-0.106 -230.153 -38.0772
-0.104 -232.107 -38.6654
-0.102 -233.726 -39.1977
-0.1 -235.011 -39.6724
-0.098 -235.96 -40.0876
-0.096 -236.572 -40.4417
-0.094 -236.848 -40.7335
-0.092 -236.789 -40.9617
-0.09 -236.398 -41.1254
-0.088 -235.678 -41.2236
-0.086 -234.63 -41.256
-0.084 -233.261 -41.222
-0.082 -231.575 -41.1216
-0.08 -229.577 -40.9547
-0.078 -227.274 -40.7218
-0.076 -224.672 -40.4232
-0.074 -221.78 -40.0598
-0.072 -218.605 -39.6324
-0.07 -215.155 -39.142
-0.068 -211.44 -38.5902
-0.066 -207.469 -37.9782
-0.064 -203.251 -37.3078
-0.062 -198.797 -36.5808
-0.06 -194.117 -35.7991
-0.058 -189.222 -34.9648
-0.056 -184.122 -34.0802
-0.054 -178.828 -33.1474
-0.052 -173.352 -32.169
-0.05 -167.702 -31.1473
-0.048 -161.892 -30.0847
-0.046 -155.93 -28.9839
-0.044 -149.828 -27.8472
-0.042 -143.595 -26.6772
-0.04 -137.243 -25.4764
-0.038 -130.78 -24.2472
-0.036 -124.215 -22.9919
-0.034 -117.558 -21.7129
-0.032 -110.818 -20.4123
-0.03 -104.002 -19.0924
-0.028 -97.1174 -17.755
-0.026 -90.1726 -16.4023
-0.024 -83.174 -15.0358
-0.022 -76.1277 -13.6574
-0.02 -69.0398 -12.2686
-0.018 -61.9158 -10.8709
-0.016 -54.7605 -9.46562
-0.014 -47.5788 -8.05399
-0.012 -40.375 -6.63716
-0.01 -33.1529 -5.21619
-0.008 -25.9163 -3.79204
-0.006 -18.6686 -2.36562
-0.004 -11.4131 -0.93776
-0.002 -4.15283 0.490739
0 3.10921 1.91911
0.002 10.37 3.34661
0.004 17.6268 4.77247
0.006 24.8765 6.19593
0.008 32.116 7.61621
0.01 39.3421 9.03247
0.012 46.5515 10.4438
0.014 53.7403 11.8493
0.016 60.9046 13.2479
0.018 68.0402 14.6384
0.02 75.1424 16.0197
0.022 82.2061 17.3904
0.024 89.226 18.7491
0.026 96.196 20.0942
0.028 103.11 21.424
0.03 109.961 22.7369
0.032 116.742 24.0308
0.034 123.445 25.3038
0.036 130.062 26.5539
0.038 136.585 27.7787
0.04 143.004 28.9761
0.042 149.311 30.1438
0.044 155.495 31.2793
0.046 161.547 32.3802
0.048 167.457 33.4441
0.05 173.213 34.4685
0.052 178.807 35.4509
0.054 184.226 36.389
0.056 189.46 37.2803
0.058 194.498 38.1226
0.06 199.33 38.9135
0.062 203.944 39.651
0.064 208.331 40.333
0.066 212.48 40.9576
0.068 216.382 41.5231
0.07 220.025 42.0278
0.072 223.402 42.4704
0.074 226.503 42.8496
0.076 229.32 43.1643
0.078 231.844 43.4136
0.08 234.069 43.597
0.082 235.987 43.714
0.084 237.593 43.7643
0.086 238.881 43.748
0.088 239.846 43.6652
0.09 240.484 43.5164
0.092 240.791 43.3022
0.094 240.765 43.0235
0.096 240.403 42.6812
0.098 239.705 42.2767
0.1 238.671 41.8113
0.102 237.3 41.2867
0.104 235.593 40.7046
0.106 233.553 40.0669
0.108 231.182 39.3758
0.11 228.483 38.6335
0.112 225.461 37.8422
0.114 222.12 37.0045
0.116 218.466 36.1228
0.118 214.505 35.1998
0.12 210.244 34.2382
0.122 205.691 33.2406
0.124 200.853 32.21
0.126 195.74 31.149
0.128 190.36 30.0605
0.13 184.724 28.9473
0.132 178.842 27.8122
0.134 172.724 26.658
0.136 166.383 25.4874
0.138 159.83 24.3031
0.14 153.076 23.1078
0.142 146.136 21.904
0.144 139.02 20.6942
0.146 131.743 19.4807
0.148 124.318 18.266
0.15 116.759 17.0521
0.152 109.078 15.8412
0.154 101.291 14.6353
0.156 93.4117 13.4361
0.158 85.4535 12.2455
0.16 77.4312 11.065
0.162 69.3589 9.89608
0.164 61.251 8.74011
0.166 53.1217 7.59828
0.168 44.9852 6.47167
0.17 36.8555 5.36122
0.172 28.7467 4.26774
0.174 20.6726 3.19192
0.176 12.6467 2.1343
0.178 4.68248 1.09533
0.18 -3.20685 0.0753154
0.182 -11.0084 -0.925532
0.184 -18.7095 -1.90712
0.186 -26.2979 -2.86946
0.188 -33.7616 -3.81264
0.19 -41.0889 -4.73686
0.192 -48.2685 -5.6424
0.194 -55.2896 -6.52959
0.196 -62.1418 -7.39884
0.198 -68.8149 -8.25063
0.2 -75.2993 -9.08548
0.202 -81.586 -9.90393
0.204 -87.6662 -10.7066
0.206 -93.5318 -11.494
0.208 -99.1749 -12.2669
0.21 -104.589 -13.0259
0.212 -109.766 -13.7716
0.214 -114.701 -14.5045
0.216 -119.387 -15.2254
0.218 -123.821 -15.9348
0.22 -127.996 -16.6332
0.222 -131.91 -17.3211
0.224 -135.558 -17.999
0.226 -138.937 -18.6673
0.228 -142.046 -19.3263
0.23 -144.881 -19.9763
0.232 -147.443 -20.6175
0.234 -149.729 -21.2501
0.236 -151.741 -21.8741
0.238 -153.477 -22.4897
0.24 -154.939 -23.0966
0.242 -156.128 -23.6947
0.244 -157.045 -24.2839
0.246 -157.694 -24.8639
0.248 -158.078 -25.4342
0.25 -158.198 -25.9946
0.252 -158.06 -26.5444
0.254 -157.668 -27.0831
0.256 -157.026 -27.6102
0.258 -156.14 -28.125
0.26 -155.016 -28.6268
0.262 -153.66 -29.1148
0.264 -152.078 -29.5883
0.266 -150.277 -30.0465
0.268 -148.266 -30.4884
0.27 -146.051 -30.9134
0.272 -143.642 -31.3206
0.274 -141.046 -31.709
0.276 -138.273 -32.0779
0.278 -135.331 -32.4264
0.28 -132.231 -32.7537
0.282 -128.981 -33.0591
0.284 -125.592 -33.3417
0.286 -122.075 -33.6008
0.288 -118.438 -33.8358
0.29 -114.694 -34.0461
0.292 -110.852 -34.231
0.294 -106.924 -34.39
0.296 -102.92 -34.5226
0.298 -98.8506 -34.6285
0.3 -94.7273 -34.7073
0.302 -90.5608 -34.7588
0.304 -86.3618 -34.7827
0.306 -82.1411 -34.7788
0.308 -77.9091 -34.7472
0.31 -73.6764 -34.6878
0.312 -69.4532 -34.6006
0.314 -65.2496 -34.4859
0.316 -61.0753 -34.3439
0.318 -56.9399 -34.1747
0.32 -52.8527 -33.9788
0.322 -48.8225 -33.7565
0.324 -44.8579 -33.5083
0.326 -40.9671 -33.2347
0.328 -37.158 -32.9363
0.33 -33.4379 -32.6136
0.332 -29.8138 -32.2674
0.334 -26.2921 -31.8984
0.336 -22.8789 -31.5072
0.338 -19.5797 -31.0948
0.34 -16.3997 -30.6618
0.342 -13.3432 -30.2092
0.344 -10.4144 -29.7378
0.346 -7.61684 -29.2485
0.348 -4.95344 -28.7422
0.35 -2.42671 -28.22
0.352 -0.0386014 -27.6827
0.354 2.20943 -27.1313
0.356 4.31645 -26.5668
0.358 6.28203 -25.9902
0.36 8.10623 -25.4025
0.362 9.7896 -24.8047
0.364 11.3331 -24.1978
0.366 12.7383 -23.5828
0.368 14.0071 -22.9606
0.37 15.1417 -22.3324
0.372 16.1449 -21.6991
0.374 17.0198 -21.0617
0.376 17.7699 -20.4212
0.378 18.399 -19.7786
0.38 18.9111 -19.1347
0.382 19.3106 -18.4907
0.384 19.6023 -17.8475
0.386 19.791 -17.2059
0.388 19.8817 -16.567
0.39 19.8797 -15.9316
0.392 19.7905 -15.3006
0.394 19.6196 -14.6748
0.396 19.3727 -14.0553
0.398 19.0554 -13.4427
0.4 18.6735 -12.8379
0.402 18.2328 -12.2417
0.404 17.739 -11.6549
0.406 17.1978 -11.0781
0.408 16.6151 -10.5122
0.41 15.9962 -9.95774
0.412 15.3468 -9.41543
0.414 14.6721 -8.88588
0.416 13.9774 -8.36968
0.418 13.2677 -7.86737
0.42 12.5479 -7.37947
0.422 11.8226 -6.90643
0.424 11.0963 -6.4487
0.426 10.3732 -6.00666
0.428 9.65723 -5.58066
0.43 8.95209 -5.17099
0.432 8.26122 -4.7779
0.434 7.5878 -4.40161
0.436 6.9347 -4.04227
0.438 6.30451 -3.7
0.44 5.69953 -3.37484
0.442 5.12178 -3.06681
0.444 4.57296 -2.77587
0.446 4.0545 -2.50193
0.448 3.56752 -2.24485
0.45 3.11287 -2.00444
0.452 2.69111 -1.78046
0.454 2.30251 -1.57263
0.456 1.9471 -1.3806
0.458 1.62464 -1.20401
0.46 1.33462 -1.04241
0.462 1.07632 -0.895355
0.464 0.848797 -0.762319
0.466 0.650873 -0.642758
0.468 0.481193 -0.536084
0.47 0.338216 -0.441674
0.472 0.220237 -0.358875
0.474 0.125402 -0.287001
0.476 0.0517296 -0.225342
0.478 -0.00287643 -0.173162
0.48 -0.0406043 -0.129705
0.482 -0.0637173 -0.0941966
0.484 -0.0745346 -0.0658476
0.486 -0.0754119 -0.0438583
0.488 -0.0687223 -0.0274207
0.49 -0.0568374 -0.0157223
0.492 -0.0421079 -0.00794971
0.494 -0.0268454 -0.0032917
0.496 -0.0133034 -0.000942878
0.498 -0.00365999 -0.000106945
0.05 1.34222 0.831315
0.1 1.34222 0.83131
0.15 1.34223 0.831302
0.2 1.34223 0.831291
0.25 1.34223 0.831277
0.3 1.34224 0.831259
0.35 1.34224 0.831238
0.4 1.34225 0.831213
0.45 1.34225 0.831186
0.5 1.34226 0.831154
0.55 1.34226 0.83112
0.6 1.34227 0.831082
0.65 1.34228 0.831041
0.7 1.34228 0.830996
0.75 1.34229 0.830947
0.8 1.3423 0.830895
0.85 1.3423 0.83084
0.9 1.34231 0.83078
0.95 1.34231 0.830717
1 1.34232 0.83065
1.05 1.34232 0.830579
1.1 1.34233 0.830504
1.15 1.34233 0.830425
1.2 1.34233 0.830342
1.25 1.34233 0.830255
1.3 1.34233 0.830163
1.35 1.34232 0.830068
1.4 1.34232 0.829967
1.45 1.34231 0.829863
1.5 1.3423 0.829753
1.55 1.34228 0.829639
1.6 1.34227 0.82952
1.65 1.34225 0.829396
1.7 1.34222 0.829267
1.75 1.3422 0.829133
1.8 1.34217 0.828994
1.85 1.34213 0.828849
1.9 1.34209 0.828699
1.95 1.34205 0.828544
2 1.342 0.828382
2.05 1.34195 0.828215
2.1 1.34189 0.828042
2.15 1.34182 0.827863
2.2 1.34175 0.827678
2.25 1.34168 0.827486
2.3 1.34159 0.827288
2.35 1.3415 0.827083
2.4 1.3414 0.826872
2.45 1.3413 0.826653
2.5 1.34119 0.826428
2.55 1.34106 0.826196
2.6 1.34093 0.825956
2.65 1.3408 0.825709
2.7 1.34065 0.825454
2.75 1.34049 0.825191
2.8 1.34032 0.824921
2.85 1.34015 0.824642
2.9 1.33996 0.824355
2.95 1.33976 0.82406
3 1.33955 0.823757
3.05 1.33933 0.823444
3.1 1.33909 0.823123
3.15 1.33885 0.822793
3.2 1.33859 0.822454
3.25 1.33831 0.822105
3.3 1.33803 0.821747
3.35 1.33773 0.821379
3.4 1.33742 0.821002
3.45 1.33709 0.820614
3.5 1.33675 0.820216
3.55 1.33639 0.819808
3.6 1.33601 0.81939
3.65 1.33562 0.818961
3.7 1.33522 0.818521
3.75 1.33479 0.81807
3.8 1.33435 0.817607
3.85 1.33389 0.817134
3.9 1.33342 0.816649
3.95 1.33292 0.816152
4 1.33241 0.815643
4.05 1.33188 0.815123
4.1 1.33132 0.81459
4.15 1.33075 0.814045
4.2 1.33016 0.813487
4.25 1.32955 0.812916
4.3 1.32891 0.812333
4.35 1.32826 0.811737
4.4 1.32758 0.811127
4.45 1.32688 0.810504
4.5 1.32616 0.809868
4.55 1.32541 0.809218
4.6 1.32464 0.808553
4.65 1.32385 0.807875
4.7 1.32304 0.807183
4.75 1.3222 0.806476
4.8 1.32133 0.805755
4.85 1.32044 0.805019
4.9 1.31952 0.804268
4.95 1.31858 0.803503
5 1.31762 0.802722
5.05 1.31662 0.801925
5.1 1.3156 0.801114
5.15 1.31455 0.800286
5.2 1.31348 0.799443
5.25 1.31237 0.798584
5.3 1.31124 0.797709
5.35 1.31008 0.796818
5.4 1.30889 0.79591
5.45 1.30768 0.794986
5.5 1.30643 0.794045
5.55 1.30515 0.793088
5.6 1.30385 0.792113
5.65 1.30251 0.791122
5.7 1.30114 0.790113
5.75 1.29974 0.789088
5.8 1.29831 0.788044
5.85 1.29685 0.786983
5.9 1.29536 0.785905
5.95 1.29384 0.784809
6 1.29228 0.783695
6.05 1.29069 0.782562
6.1 1.28907 0.781412
6.15 1.28742 0.780244
6.2 1.28573 0.779057
6.25 1.28401 0.777852
6.3 1.28225 0.776628
6.35 1.28047 0.775386
6.4 1.27864 0.774125
6.45 1.27679 0.772845
6.5 1.2749 0.771547
6.55 1.27297 0.770229
6.6 1.27102 0.768893
6.65 1.26902 0.767537
6.7 1.26699 0.766162
6.75 1.26493 0.764768
6.8 1.26283 0.763355
6.85 1.2607 0.761922
6.9 1.25853 0.76047
6.95 1.25632 0.758998
7 1.25408 0.757507
7.05 1.2518 0.755996
7.1 1.24949 0.754466
7.15 1.24714 0.752916
7.2 1.24476 0.751346
7.25 1.24234 0.749757
7.3 1.23988 0.748148
7.35 1.23739 0.746519
7.4 1.23486 0.74487
7.45 1.23229 0.743201
7.5 1.22969 0.741513
7.55 1.22705 0.739805
7.6 1.22438 0.738076
7.65 1.22166 0.736329
7.7 1.21892 0.734561
7.75 1.21613 0.732773
7.8 1.21331 0.730966
7.85 1.21046 0.729138
7.9 1.20756 0.727291
7.95 1.20463 0.725425
8 1.20167 0.723538
8.05 1.19867 0.721632
8.1 1.19563 0.719706
8.15 1.19256 0.71776
8.2 1.18945 0.715795
8.25 1.1863 0.71381
8.3 1.18312 0.711806
8.35 1.17991 0.709782
8.4 1.17666 0.707739
8.45 1.17337 0.705677
8.5 1.17005 0.703595
8.55 1.16669 0.701495
8.6 1.1633 0.699375
8.65 1.15988 0.697236
8.7 1.15642 0.695078
8.75 1.15292 0.692901
8.8 1.1494 0.690706
8.85 1.14583 0.688492
8.9 1.14224 0.686259
8.95 1.13861 0.684008
9 1.13495 0.681738
9.05 1.13125 0.67945
9.1 1.12752 0.677145
9.15 1.12376 0.674821
9.2 1.11997 0.672479
9.25 1.11615 0.670119
9.3 1.11229 0.667742
9.35 1.1084 0.665348
9.4 1.10449 0.662936
9.45 1.10054 0.660507
9.5 1.09656 0.65806
9.55 1.09255 0.655597
9.6 1.08851 0.653117
9.65 1.08444 0.650621
9.7 1.08034 0.648108
9.75 1.07621 0.645579
9.8 1.07206 0.643034
9.85 1.06787 0.640473
9.9 1.06366 0.637896
9.95 1.05942 0.635303
10 1.05516 0.632695
10.05 1.05086 0.630072
10.1 1.04654 0.627434
10.15 1.0422 0.624781
10.2 1.03783 0.622114
10.25 1.03343 0.619432
10.3 1.02901 0.616736
10.35 1.02457 0.614026
10.4 1.0201 0.611302
10.45 1.01561 0.608564
10.5 1.01109 0.605813
10.55 1.00655 0.603049
10.6 1.002 0.600272
10.65 0.997414 0.597482
10.7 0.992811 0.59468
10.75 0.988188 0.591866
10.8 0.983544 0.589039
10.85 0.978881 0.586201
10.9 0.974198 0.583351
10.95 0.969496 0.58049
11 0.964776 0.577618
11.05 0.960038 0.574735
11.1 0.955282 0.571841
11.15 0.950509 0.568937
11.2 0.94572 0.566023
11.25 0.940915 0.563099
11.3 0.936094 0.560166
11.35 0.931259 0.557223
11.4 0.926408 0.554271
11.45 0.921544 0.551311
11.5 0.916667 0.548342
11.55 0.911776 0.545364
11.6 0.906873 0.542379
11.65 0.901958 0.539386
11.7 0.897031 0.536385
11.75 0.892094 0.533378
11.8 0.887146 0.530363
11.85 0.882188 0.527342
11.9 0.877221 0.524314
11.95 0.872245 0.52128
12 0.867261 0.518241
12.05 0.862269 0.515196
12.1 0.857269 0.512145
12.15 0.852263 0.50909
12.2 0.847251 0.50603
12.25 0.842233 0.502966
12.3 0.83721 0.499897
12.35 0.832182 0.496825
12.4 0.82715 0.493749
12.45 0.822115 0.49067
12.5 0.817076 0.487588
12.55 0.812035 0.484503
12.6 0.806992 0.481416
12.65 0.801948 0.478327
12.7 0.796902 0.475236
12.75 0.791856 0.472143
12.8 0.786811 0.469049
12.85 0.781765 0.465954
12.9 0.776721 0.462859
12.95 0.771679 0.459763
13 0.766639 0.456667
13.05 0.761601 0.453571
13.1 0.756566 0.450476
13.15 0.751536 0.447381
13.2 0.746509 0.444288
13.25 0.741487 0.441196
13.3 0.73647 0.438105
13.35 0.731459 0.435017
13.4 0.726454 0.43193
13.45 0.721456 0.428846
13.5 0.716465 0.425765
13.55 0.711481 0.422687
13.6 0.706506 0.419612
13.65 0.701539 0.416541
13.7 0.696581 0.413474
13.75 0.691633 0.41041
13.8 0.686695 0.407352
13.85 0.681767 0.404298
13.9 0.67685 0.401249
13.95 0.671944 0.398205
14 0.66705 0.395166
14.05 0.662169 0.392134
14.1 0.6573 0.389107
14.15 0.652444 0.386087
14.2 0.647601 0.383074
14.25 0.642773 0.380067
14.3 0.637959 0.377067
14.35 0.63316 0.374075
14.4 0.628376 0.37109
14.45 0.623607 0.368113
14.5 0.618854 0.365145
14.55 0.614118 0.362184
14.6 0.609399 0.359233
14.65 0.604696 0.35629
14.7 0.600011 0.353356
14.75 0.595344 0.350432
14.8 0.590696 0.347517
14.85 0.586065 0.344612
14.9 0.581454 0.341717
14.95 0.576862 0.338832
15 0.572289 0.335958
15.05 0.567737 0.333095
15.1 0.563205 0.330242
15.15 0.558693 0.327401
15.2 0.554202 0.324571
15.25 0.549732 0.321753
15.3 0.545284 0.318946
15.35 0.540857 0.316152
15.4 0.536453 0.313369
15.45 0.532071 0.3106
15.5 0.527711 0.307842
15.55 0.523375 0.305098
15.6 0.519061 0.302367
15.65 0.514771 0.299648
15.7 0.510504 0.296944
15.75 0.506261 0.294253
15.8 0.502042 0.291575
15.85 0.497848 0.288912
15.9 0.493677 0.286262
15.95 0.489532 0.283627
16 0.485412 0.281007
16.05 0.481316 0.278401
16.1 0.477246 0.275809
16.15 0.473201 0.273233
16.2 0.469182 0.270672
16.25 0.465188 0.268126
16.3 0.461221 0.265595
16.35 0.457279 0.26308
16.4 0.453364 0.260581
16.45 0.449475 0.258097
16.5 0.445613 0.255629
16.55 0.441777 0.253178
16.6 0.437968 0.250742
16.65 0.434185 0.248323
16.7 0.43043 0.24592
16.75 0.426701 0.243534
16.8 0.423 0.241165
16.85 0.419325 0.238812
16.9 0.415678 0.236476
16.95 0.412058 0.234157
17 0.408466 0.231855
17.05 0.404901 0.22957
17.1 0.401363 0.227303
17.15 0.397852 0.225052
17.2 0.39437 0.222819
17.25 0.390914 0.220604
17.3 0.387486 0.218406
17.35 0.384086 0.216226
17.4 0.380713 0.214064
17.45 0.377368 0.211919
17.5 0.37405 0.209792
17.55 0.37076 0.207683
17.6 0.367497 0.205591
17.65 0.364262 0.203518
17.7 0.361053 0.201463
17.75 0.357873 0.199426
17.8 0.354719 0.197407
17.85 0.351593 0.195406
17.9 0.348494 0.193423
17.95 0.345422 0.191458
18 0.342377 0.189512
18.05 0.339359 0.187583
18.1 0.336368 0.185673
18.15 0.333403 0.183781
18.2 0.330465 0.181908
18.25 0.327554 0.180053
18.3 0.324669 0.178216
18.35 0.321811 0.176397
18.4 0.318979 0.174596
18.45 0.316173 0.172814
18.5 0.313393 0.17105
18.55 0.310638 0.169304
18.6 0.30791 0.167576
18.65 0.305206 0.165867
18.7 0.302529 0.164175
18.75 0.299876 0.162502
18.8 0.297249 0.160847
18.85 0.294646 0.15921
18.9 0.292069 0.15759
18.95 0.289515 0.155989
19 0.286987 0.154406
19.05 0.284482 0.152841
19.1 0.282002 0.151293
19.15 0.279545 0.149763
19.2 0.277112 0.148251
19.25 0.274703 0.146757
19.3 0.272316 0.14528
19.35 0.269953 0.143821
19.4 0.267613 0.142379
19.45 0.265295 0.140954
19.5 0.263 0.139547
19.55 0.260727 0.138157
19.6 0.258476 0.136784
19.65 0.256247 0.135428
19.7 0.25404 0.13409
19.75 0.251853 0.132768
19.8 0.249688 0.131463
19.85 0.247544 0.130174
19.9 0.245421 0.128903
19.95 0.243317 0.127648
20 0.241235 0.126409
20.05 0.239172 0.125186
20.1 0.237128 0.12398
20.15 0.235104 0.12279
20.2 0.2331 0.121616
20.25 0.231114 0.120458
20.3 0.229148 0.119315
20.35 0.227199 0.118189
20.4 0.225269 0.117077
20.45 0.223357 0.115982
20.5 0.221463 0.114901
20.55 0.219586 0.113836
20.6 0.217726 0.112786
20.65 0.215884 0.11175
20.7 0.214058 0.11073
20.75 0.212248 0.109724
20.8 0.210455 0.108733
20.85 0.208678 0.107756
20.9 0.206916 0.106794
20.95 0.20517 0.105845
21 0.20344 0.104911
21.05 0.201724 0.103991
21.1 0.200023 0.103084
21.15 0.198336 0.102191
21.2 0.196664 0.101311
21.25 0.195005 0.100445
21.3 0.19336 0.0995918
21.35 0.191729 0.0987517
21.4 0.190111 0.0979244
21.45 0.188506 0.0971099
21.5 0.186913 0.096308
21.55 0.185333 0.0955185
21.6 0.183766 0.0947413
21.65 0.18221 0.0939762
21.7 0.180666 0.0932232
21.75 0.179133 0.0924819
21.8 0.177612 0.0917524
21.85 0.176102 0.0910343
21.9 0.174602 0.0903277
21.95 0.173113 0.0896322
22 0.171635 0.0889478
22.05 0.170166 0.0882744
22.1 0.168708 0.0876117
22.15 0.167259 0.0869596
22.2 0.165819 0.0863179
22.25 0.164389 0.0856865
22.3 0.162967 0.0850653
22.35 0.161555 0.084454
22.4 0.160151 0.0838526
22.45 0.158755 0.0832608
22.5 0.157367 0.0826785
22.55 0.155988 0.0821056
22.6 0.154616 0.0815418
22.65 0.153252 0.0809871
22.7 0.151895 0.0804413
22.75 0.150545 0.0799042
22.8 0.149202 0.0793757
22.85 0.147866 0.0788556
22.9 0.146536 0.0783438
22.95 0.145213 0.0778401
23 0.143896 0.0773443
23.05 0.142585 0.0768563
23.1 0.14128 0.076376
23.15 0.13998 0.0759032
23.2 0.138687 0.0754377
23.25 0.137398 0.0749794
23.3 0.136115 0.0745281
23.35 0.134837 0.0740837
23.4 0.133564 0.0736461
23.45 0.132295 0.0732151
23.5 0.131031 0.0727905
23.55 0.129772 0.0723722
23.6 0.128517 0.0719601
23.65 0.127266 0.071554
23.7 0.12602 0.0711537
23.75 0.124777 0.0707592
23.8 0.123538 0.0703702
23.85 0.122303 0.0699867
23.9 0.121071 0.0696085
23.95 0.119843 0.0692354
24 0.118619 0.0688674
24.05 0.117397 0.0685043
24.1 0.116179 0.0681459
24.15 0.114964 0.0677921
24.2 0.113752 0.0674428
24.25 0.112543 0.0670979
24.3 0.111336 0.0667572
24.35 0.110133 0.0664206
24.4 0.108932 0.0660879
24.45 0.107734 0.0657591
24.5 0.106538 0.065434
24.55 0.105344 0.0651125
24.6 0.104153 0.0647945
24.65 0.102965 0.0644798
24.7 0.101779 0.0641684
24.75 0.100595 0.06386
24.8 0.0994127 0.0635547
24.85 0.0982329 0.0632522
24.9 0.0970553 0.0629525
24.95 0.0958798 0.0626555
25 0.0947063 0.062361
25.05 0.0935349 0.062069
25.1 0.0923654 0.0617793
25.15 0.0911979 0.0614918
25.2 0.0900323 0.0612064
25.25 0.0888687 0.0609231
25.3 0.087707 0.0606417
25.35 0.0865472 0.0603621
25.4 0.0853894 0.0600842
25.45 0.0842334 0.059808
25.5 0.0830794 0.0595333
25.55 0.0819273 0.05926
25.6 0.0807771 0.0589881
25.65 0.0796289 0.0587175
25.7 0.0784826 0.058448
25.75 0.0773384 0.0581797
25.8 0.0761961 0.0579123
25.85 0.0750558 0.0576459
25.9 0.0739176 0.0573804
25.95 0.0727815 0.0571156
26 0.0716475 0.0568515
26.05 0.0705156 0.056588
26.1 0.069386 0.0563251
26.15 0.0682585 0.0560627
26.2 0.0671334 0.0558006
26.25 0.0660106 0.0555389
26.3 0.0648901 0.0552775
26.35 0.0637721 0.0550163
26.4 0.0626566 0.0547553
26.45 0.0615436 0.0544943
26.5 0.0604332 0.0542334
26.55 0.0593255 0.0539724
26.6 0.0582205 0.0537114
26.65 0.0571182 0.0534502
26.7 0.0560189 0.0531889
26.75 0.0549225 0.0529273
26.8 0.0538291 0.0526654
26.85 0.0527387 0.0524032
26.9 0.0516515 0.0521406
26.95 0.0505676 0.0518776
27 0.049487 0.0516142
27.05 0.0484097 0.0513502
27.1 0.0473359 0.0510857
27.15 0.0462657 0.0508207
27.2 0.0451992 0.050555
27.25 0.0441363 0.0502886
27.3 0.0430773 0.0500216
27.35 0.0420223 0.0497539
27.4 0.0409712 0.0494855
27.45 0.0399242 0.0492163
27.5 0.0388814 0.0489463
27.55 0.0378429 0.0486755
27.6 0.0368088 0.0484038
27.65 0.0357791 0.0481314
27.7 0.034754 0.047858
27.75 0.0337336 0.0475838
27.8 0.032718 0.0473086
27.85 0.0317073 0.0470325
27.9 0.0307015 0.0467555
27.95 0.0297008 0.0464776
28 0.0287052 0.0461986
28.05 0.027715 0.0459188
28.1 0.0267301 0.0456379
28.15 0.0257507 0.0453561
28.2 0.0247769 0.0450733
28.25 0.0238088 0.0447895
28.3 0.0228464 0.0445047
28.35 0.0218899 0.0442189
28.4 0.0209395 0.0439321
28.45 0.0199951 0.0436444
28.5 0.0190569 0.0433556
28.55 0.018125 0.0430659
28.6 0.0171995 0.0427752
28.65 0.0162805 0.0424835
28.7 0.0153681 0.0421908
28.75 0.0144624 0.0418972
28.8 0.0135635 0.0416027
28.85 0.0126715 0.0413072
28.9 0.0117864 0.0410108
28.95 0.0109085 0.0407134
29 0.0100378 0.0404152
29.05 0.00917432 0.0401161
29.1 0.00831823 0.0398161
29.15 0.00746962 0.0395153
29.2 0.00662857 0.0392137
29.25 0.00579518 0.0389112
29.3 0.00496953 0.0386079
29.35 0.00415172 0.0383039
29.4 0.00334183 0.0379991
29.45 0.00253995 0.0376936
29.5 0.00174617 0.0373874
29.55 0.000960562 0.0370804
29.6 0.00018322 0.0367729
29.65 -0.000585779 0.0364647
29.7 -0.00134635 0.0361558
29.75 -0.00209843 0.0358464
29.8 -0.00284193 0.0355365
29.85 -0.00357677 0.035226
29.9 -0.00430289 0.034915
29.95 -0.00502021 0.0346035
30 -0.00572866 0.0342916
30.05 -0.00642817 0.0339793
30.1 -0.00711869 0.0336666
30.15 -0.00780014 0.0333536
30.2 -0.00847246 0.0330402
30.25 -0.00913559 0.0327266
30.3 -0.00978947 0.0324127
30.35 -0.0104341 0.0320986
30.4 -0.0110693 0.0317842
30.45 -0.0116951 0.0314698
30.5 -0.0123114 0.0311552
30.55 -0.0129183 0.0308405
30.6 -0.0135156 0.0305258
30.65 -0.0141033 0.0302111
30.7 -0.0146813 0.0298963
30.75 -0.0152497 0.0295817
30.8 -0.0158083 0.0292671
30.85 -0.0163572 0.0289527
30.9 -0.0168963 0.0286384
30.95 -0.0174256 0.0283243
31 -0.0179451 0.0280104
31.05 -0.0184546 0.0276968
31.1 -0.0189543 0.0273835
31.15 -0.0194441 0.0270706
31.2 -0.0199239 0.0267581
31.25 -0.0203938 0.0264459
31.3 -0.0208537 0.0261342
31.35 -0.0213037 0.025823
31.4 -0.0217437 0.0255124
31.45 -0.0221736 0.0252023
31.5 -0.0225936 0.0248928
31.55 -0.0230036 0.0245839
31.6 -0.0234036 0.0242757
31.65 -0.0237935 0.0239682
31.7 -0.0241735 0.0236615
31.75 -0.0245435 0.0233555
31.8 -0.0249036 0.0230504
31.85 -0.0252537 0.0227461
31.9 -0.0255938 0.0224427
31.95 -0.025924 0.0221402
32 -0.0262443 0.0218387
32.05 -0.0265547 0.0215382
32.1 -0.0268552 0.0212388
32.15 -0.0271459 0.0209403
32.2 -0.0274268 0.020643
32.25 -0.027698 0.0203468
32.3 -0.0279594 0.0200518
32.35 -0.028211 0.019758
32.4 -0.028453 0.0194654
32.45 -0.0286854 0.0191741
32.5 -0.0289082 0.0188841
32.55 -0.0291215 0.0185954
32.6 -0.0293253 0.0183081
32.65 -0.0295196 0.0180222
32.7 -0.0297045 0.0177377
32.75 -0.0298801 0.0174546
32.8 -0.0300464 0.017173
32.85 -0.0302035 0.016893
32.9 -0.0303514 0.0166145
32.95 -0.0304903 0.0163375
33 -0.0306201 0.0160622
33.05 -0.0307409 0.0157885
33.1 -0.0308528 0.0155164
33.15 -0.0309559 0.0152461
33.2 -0.0310502 0.0149774
33.25 -0.0311359 0.0147105
33.3 -0.0312129 0.0144453
33.35 -0.0312814 0.0141819
33.4 -0.0313414 0.0139203
33.45 -0.0313931 0.0136606
33.5 -0.0314365 0.0134027
33.55 -0.0314717 0.0131467
33.6 -0.0314988 0.0128925
33.65 -0.0315178 0.0126403
33.7 -0.0315289 0.0123901
33.75 -0.0315322 0.0121418
33.8 -0.0315277 0.0118955
33.85 -0.0315156 0.0116512
33.9 -0.0314958 0.0114089
33.95 -0.0314687 0.0111687
34 -0.0314341 0.0109305
34.05 -0.0313923 0.0106944
34.1 -0.0313433 0.0104604
34.15 -0.0312873 0.0102285
34.2 -0.0312242 0.00999868
34.25 -0.0311544 0.00977102
34.3 -0.0310778 0.00954552
34.35 -0.0309945 0.00932219
34.4 -0.0309047 0.00910103
34.45 -0.0308085 0.00888206
34.5 -0.0307059 0.00866529
34.55 -0.0305972 0.00845074
34.6 -0.0304824 0.00823841
34.65 -0.0303616 0.00802831
34.7 -0.0302349 0.00782045
34.75 -0.0301024 0.00761485
34.8 -0.0299644 0.0074115
34.85 -0.0298208 0.00721043
34.9 -0.0296718 0.00701163
34.95 -0.0295175 0.0068151
35 -0.0293581 0.00662087
35.05 -0.0291935 0.00642893
35.1 -0.0290241 0.00623928
35.15 -0.0288498 0.00605194
35.2 -0.0286709 0.0058669
35.25 -0.0284874 0.00568417
35.3 -0.0282994 0.00550374
35.35 -0.028107 0.00532563
35.4 -0.0279105 0.00514984
35.45 -0.0277098 0.00497635
35.5 -0.0275052 0.00480519
35.55 -0.0272967 0.00463633
35.6 -0.0270845 0.00446979
35.65 -0.0268687 0.00430556
35.7 -0.0266494 0.00414364
35.75 -0.0264267 0.00398403
35.8 -0.0262007 0.00382673
35.85 -0.0259716 0.00367172
35.9 -0.0257395 0.00351901
35.95 -0.0255045 0.0033686
36 -0.0252667 0.00322047
36.05 -0.0250262 0.00307463
36.1 -0.0247832 0.00293106
36.15 -0.0245378 0.00278976
36.2 -0.0242901 0.00265073
36.25 -0.0240402 0.00251395
36.3 -0.0237882 0.00237942
36.35 -0.0235343 0.00224712
36.4 -0.0232785 0.00211707
36.45 -0.023021 0.00198923
36.5 -0.0227619 0.0018636
36.55 -0.0225012 0.00174018
36.6 -0.0222392 0.00161895
36.65 -0.0219759 0.0014999
36.7 -0.0217115 0.00138302
36.75 -0.0214459 0.0012683
36.8 -0.0211795 0.00115573
36.85 -0.0209122 0.00104529
36.9 -0.0206441 0.000936973
36.95 -0.0203754 0.000830765
37 -0.0201062 0.000726652
37.05 -0.0198366 0.000624621
37.1 -0.0195667 0.000524657
37.15 -0.0192965 0.000426746
37.2 -0.0190262 0.000330873
37.25 -0.0187559 0.000237024
37.3 -0.0184857 0.000145183
37.35 -0.0182157 5.53337e-05
37.4 -0.0179459 -3.25388e-05
37.45 -0.0176765 -0.000118451
37.5 -0.0174076 -0.00020242
37.55 -0.0171392 -0.000284461
37.6 -0.0168714 -0.000364592
37.65 -0.0166044 -0.000442831
37.7 -0.0163382 -0.000519194
37.75 -0.0160729 -0.000593699
37.8 -0.0158086 -0.000666365
37.85 -0.0155454 -0.000737208
37.9 -0.0152833 -0.000806248
37.95 -0.0150224 -0.000873504
38 -0.0147629 -0.000938993
38.05 -0.0145047 -0.00100273
38.1 -0.014248 -0.00106475
38.15 -0.0139928 -0.00112505
38.2 -0.0137393 -0.00118366
38.25 -0.0134874 -0.00124061
38.3 -0.0132373 -0.0012959
38.35 -0.0129889 -0.00134956
38.4 -0.0127425 -0.00140161
38.45 -0.012498 -0.00145207
38.5 -0.0122555 -0.00150096
38.55 -0.0120151 -0.0015483
38.6 -0.0117768 -0.0015941
38.65 -0.0115407 -0.0016384
38.7 -0.0113069 -0.00168121
38.75 -0.0110753 -0.00172254
38.8 -0.0108461 -0.00176243
38.85 -0.0106193 -0.00180089
38.9 -0.010395 -0.00183794
38.95 -0.0101731 -0.0018736
39 -0.00995377 -0.0019079
39.05 -0.00973704 -0.00194085
39.1 -0.00952293 -0.00197248
39.15 -0.00931149 -0.0020028
39.2 -0.00910277 -0.00203184
39.25 -0.00889678 -0.00205961
39.3 -0.00869358 -0.00208615
39.35 -0.0084932 -0.00211146
39.4 -0.00829566 -0.00213557
39.45 -0.008101 -0.0021585
39.5 -0.00790925 -0.00218027
39.55 -0.00772044 -0.0022009
39.6 -0.00753458 -0.00222041
39.65 -0.00735171 -0.00223883
39.7 -0.00717184 -0.00225616
39.75 -0.006995 -0.00227244
39.8 -0.00682121 -0.00228768
39.85 -0.00665048 -0.00230191
39.9 -0.00648283 -0.00231513
39.95 -0.00631828 -0.00232738
40 -0.00615683 -0.00233867
40.05 -0.0059985 -0.00234902
40.1 -0.00584329 -0.00235846
40.15 -0.00569122 -0.00236699
40.2 -0.00554229 -0.00237465
40.25 -0.00539651 -0.00238145
40.3 -0.00525388 -0.0023874
40.35 -0.00511439 -0.00239254
40.4 -0.00497806 -0.00239687
40.45 -0.00484488 -0.00240041
40.5 -0.00471485 -0.00240319
40.55 -0.00458796 -0.00240522
40.6 -0.00446421 -0.00240653
40.65 -0.0043436 -0.00240712
40.7 -0.0042261 -0.00240702
40.75 -0.00411173 -0.00240625
40.8 -0.00400045 -0.00240481
40.85 -0.00389227 -0.00240274
40.9 -0.00378717 -0.00240005
40.95 -0.00368513 -0.00239675
41 -0.00358614 -0.00239286
41.05 -0.00349018 -0.00238839
41.1 -0.00339723 -0.00238338
41.15 -0.00330728 -0.00237782
41.2 -0.0032203 -0.00237174
41.25 -0.00313628 -0.00236516
41.3 -0.00305518 -0.00235808
41.35 -0.00297698 -0.00235053
41.4 -0.00290167 -0.00234252
41.45 -0.0028292 -0.00233407
41.5 -0.00275957 -0.00232518
41.55 -0.00269273 -0.00231588
41.6 -0.00262867 -0.00230618
41.65 -0.00256734 -0.0022961
41.7 -0.00250872 -0.00228564
41.75 -0.00245278 -0.00227483
41.8 -0.00239949 -0.00226367
41.85 -0.0023488 -0.00225218
41.9 -0.0023007 -0.00224038
41.95 -0.00225513 -0.00222827
42 -0.00221207 -0.00221587
42.05 -0.00217148 -0.00220319
42.1 -0.00213333 -0.00219025
42.15 -0.00209757 -0.00217705
42.2 -0.00206416 -0.00216361
42.25 -0.00203307 -0.00214995
42.3 -0.00200426 -0.00213606
42.35 -0.00197769 -0.00212197
42.4 -0.00195332 -0.00210769
42.45 -0.00193109 -0.00209322
42.5 -0.00191099 -0.00207858
42.55 -0.00189295 -0.00206377
42.6 -0.00187694 -0.00204882
42.65 -0.00186292 -0.00203372
42.7 -0.00185083 -0.00201849
42.75 -0.00184065 -0.00200313
42.8 -0.00183232 -0.00198767
42.85 -0.00182579 -0.0019721
42.9 -0.00182103 -0.00195643
42.95 -0.00181799 -0.00194068
43 -0.00181663 -0.00192486
43.05 -0.00181689 -0.00190896
43.1 -0.00181873 -0.00189301
43.15 -0.00182211 -0.001877
43.2 -0.00182698 -0.00186095
43.25 -0.00183329 -0.00184486
43.3 -0.001841 -0.00182875
43.35 -0.00185007 -0.00181261
43.4 -0.00186044 -0.00179646
43.45 -0.00187207 -0.0017803
43.5 -0.00188491 -0.00176414
43.55 -0.00189892 -0.00174798
43.6 -0.00191405 -0.00173184
43.65 -0.00193025 -0.00171571
43.7 -0.00194749 -0.00169961
43.75 -0.0019657 -0.00168353
43.8 -0.00198486 -0.0016675
43.85 -0.00200491 -0.0016515
43.9 -0.0020258 -0.00163555
43.95 -0.00204749 -0.00161965
44 -0.00206995 -0.0016038
44.05 -0.00209311 -0.00158802
44.1 -0.00211694 -0.0015723
44.15 -0.0021414 -0.00155665
44.2 -0.00216644 -0.00154108
44.25 -0.00219201 -0.00152558
44.3 -0.00221808 -0.00151016
44.35 -0.0022446 -0.00149483
44.4 -0.00227153 -0.00147959
44.45 -0.00229883 -0.00146444
44.5 -0.00232646 -0.00144938
44.55 -0.00235437 -0.00143443
44.6 -0.00238252 -0.00141957
44.65 -0.00241088 -0.00140483
44.7 -0.00243941 -0.00139018
44.75 -0.00246807 -0.00137565
44.8 -0.00249681 -0.00136123
44.85 -0.0025256 -0.00134693
44.9 -0.00255441 -0.00133274
44.95 -0.00258319 -0.00131867
45 -0.00261192 -0.00130472
45.05 -0.00264055 -0.0012909
45.1 -0.00266905 -0.0012772
45.15 -0.00269739 -0.00126362
45.2 -0.00272553 -0.00125017
45.25 -0.00275343 -0.00123686
45.3 -0.00278108 -0.00122367
45.35 -0.00280843 -0.00121061
45.4 -0.00283545 -0.00119769
45.45 -0.00286212 -0.00118489
45.5 -0.0028884 -0.00117224
45.55 -0.00291427 -0.00115971
45.6 -0.00293969 -0.00114733
45.65 -0.00296464 -0.00113508
45.7 -0.00298909 -0.00112296
45.75 -0.00301302 -0.00111098
45.8 -0.0030364 -0.00109914
45.85 -0.00305921 -0.00108744
45.9 -0.00308142 -0.00107588
45.95 -0.003103 -0.00106445
46 -0.00312395 -0.00105316
46.05 -0.00314422 -0.00104201
46.1 -0.00316381 -0.00103099
46.15 -0.0031827 -0.00102012
46.2 -0.00320086 -0.00100938
46.25 -0.00321827 -0.000998776
46.3 -0.00323492 -0.00098831
46.35 -0.0032508 -0.000977981
46.4 -0.00326587 -0.000967786
46.45 -0.00328014 -0.000957727
46.5 -0.00329358 -0.000947802
46.55 -0.00330618 -0.000938012
46.6 -0.00331792 -0.000928354
46.65 -0.0033288 -0.000918828
46.7 -0.0033388 -0.000909435
46.75 -0.00334791 -0.000900172
46.8 -0.00335613 -0.000891039
46.85 -0.00336343 -0.000882035
46.9 -0.00336982 -0.000873159
46.95 -0.00337528 -0.000864411
47 -0.00337982 -0.000855788
47.05 -0.00338341 -0.000847291
47.1 -0.00338606 -0.000838919
47.15 -0.00338775 -0.000830669
47.2 -0.0033885 -0.000822541
47.25 -0.00338829 -0.000814535
47.3 -0.00338711 -0.000806648
47.35 -0.00338498 -0.00079888
47.4 -0.00338188 -0.000791229
47.45 -0.00337782 -0.000783694
47.5 -0.00337279 -0.000776275
47.55 -0.0033668 -0.00076897
47.6 -0.00335985 -0.000761777
47.65 -0.00335193 -0.000754696
47.7 -0.00334306 -0.000747725
47.75 -0.00333323 -0.000740863
47.8 -0.00332245 -0.000734108
47.85 -0.00331073 -0.00072746
47.9 -0.00329807 -0.000720918
47.95 -0.00328447 -0.000714479
48 -0.00326994 -0.000708143
48.05 -0.00325449 -0.000701908
48.1 -0.00323812 -0.000695773
48.15 -0.00322085 -0.000689737
48.2 -0.00320268 -0.000683799
48.25 -0.00318362 -0.000677957
48.3 -0.00316368 -0.00067221
48.35 -0.00314288 -0.000666557
48.4 -0.00312121 -0.000660997
48.45 -0.0030987 -0.000655527
48.5 -0.00307535 -0.000650148
48.55 -0.00305118 -0.000644858
48.6 -0.00302621 -0.000639655
48.65 -0.00300043 -0.000634539
48.7 -0.00297387 -0.000629507
48.75 -0.00294654 -0.00062456
48.8 -0.00291845 -0.000619696
48.85 -0.00288963 -0.000614913
48.9 -0.00286008 -0.000610211
48.95 -0.00282982 -0.000605588
49 -0.00279886 -0.000601043
49.05 -0.00276723 -0.000596575
49.1 -0.00273494 -0.000592183
49.15 -0.002702 -0.000587867
49.2 -0.00266843 -0.000583623
49.25 -0.00263426 -0.000579453
49.3 -0.00259949 -0.000575354
49.35 -0.00256415 -0.000571326
49.4 -0.00252825 -0.000567368
49.45 -0.00249182 -0.000563478
49.5 -0.00245486 -0.000559655
49.55 -0.00241741 -0.0005559
49.6 -0.00237948 -0.00055221
49.65 -0.00234108 -0.000548584
49.7 -0.00230224 -0.000545022
49.75 -0.00226298 -0.000541524
49.8 -0.00222332 -0.000538087
49.85 -0.00218327 -0.000534711
49.9 -0.00214287 -0.000531395
49.95 -0.00210211 -0.000528138
50 -0.00206104 -0.00052494
