-0.498 -0.000339993 -0.000109327
-0.496 -0.00136862 -0.000440504
-0.494 -0.00309848 -0.00099787
-0.492 -0.00554168 -0.00178512
-0.49 -0.00870972 -0.00280526
-0.488 -0.0126135 -0.00406058
-0.486 -0.0172631 -0.00555262
-0.484 -0.022668 -0.00728211
-0.482 -0.0288369 -0.00924898
-0.48 -0.0357773 -0.0114523
-0.478 -0.0434961 -0.0138903
-0.476 -0.0519992 -0.0165602
-0.474 -0.0612912 -0.0194585
-0.472 -0.0713758 -0.0225805
-0.47 -0.0822556 -0.0259208
-0.468 -0.0939319 -0.029473
-0.466 -0.106405 -0.0332297
-0.464 -0.119673 -0.0371824
-0.462 -0.133734 -0.0413218
-0.46 -0.148584 -0.0456376
-0.458 -0.164217 -0.0501186
-0.456 -0.180628 -0.0547526
-0.454 -0.197807 -0.0595264
-0.452 -0.215744 -0.064426
-0.45 -0.234429 -0.0694364
-0.448 -0.253849 -0.0745419
-0.446 -0.273989 -0.0797258
-0.444 -0.294833 -0.0849706
-0.442 -0.316363 -0.0902582
-0.44 -0.33856 -0.0955696
-0.438 -0.361404 -0.100885
-0.436 -0.384871 -0.106184
-0.434 -0.408938 -0.111447
-0.432 -0.433578 -0.116651
-0.43 -0.458764 -0.121774
-0.428 -0.484468 -0.126794
-0.426 -0.510658 -0.131689
-0.424 -0.537302 -0.136435
-0.422 -0.564367 -0.141009
-0.42 -0.591816 -0.145387
-0.418 -0.619615 -0.149546
-0.416 -0.647723 -0.153461
-0.414 -0.676103 -0.15711
-0.412 -0.704711 -0.160469
-0.41 -0.733508 -0.163513
-0.408 -0.762448 -0.16622
-0.406 -0.791487 -0.168567
-0.404 -0.82058 -0.170531
-0.402 -0.849679 -0.17209
-0.4 -0.878736 -0.173223
-0.398 -0.907703 -0.173909
-0.396 -0.93653 -0.174127
-0.394 -0.965166 -0.173858
-0.392 -0.993559 -0.173083
-0.39 -1.02166 -0.171785
-0.388 -1.04941 -0.169946
-0.386 -1.07677 -0.167552
-0.384 -1.10367 -0.164588
-0.382 -1.13006 -0.16104
-0.38 -1.1559 -0.156897
-0.378 -1.18112 -0.152147
-0.376 -1.20568 -0.146781
-0.374 -1.22951 -0.140792
-0.372 -1.25258 -0.134172
-0.37 -1.27481 -0.126918
-0.368 -1.29616 -0.119025
-0.366 -1.31658 -0.110492
-0.364 -1.33602 -0.10132
-0.362 -1.35443 -0.0915083
-0.36 -1.37174 -0.0810619
-0.358 -1.38793 -0.0699854
-0.356 -1.40293 -0.0582855
-0.354 -1.4167 -0.0459708
-0.352 -1.4292 -0.0330513
-0.35 -1.44038 -0.0195391
-0.348 -1.45019 -0.00544776
-0.346 -1.45859 0.00920739
-0.344 -1.46555 0.0244094
-0.342 -1.47102 0.0401396
-0.34 -1.47497 0.056378
-0.338 -1.47736 0.0731027
-0.336 -1.47815 0.0902905
-0.334 -1.47731 0.107917
-0.332 -1.47481 0.125956
-0.33 -1.47062 0.14438
-0.328 -1.46472 0.163162
-0.326 -1.45707 0.18227
-0.324 -1.44765 0.201676
-0.322 -1.43645 0.221346
-0.32 -1.42344 0.24125
-0.318 -1.4086 0.261353
-0.316 -1.39191 0.281622
-0.314 -1.37337 0.302024
-0.312 -1.35295 0.322522
-0.31 -1.33064 0.343084
-0.308 -1.30644 0.363673
-0.306 -1.28033 0.384255
-0.304 -1.25232 0.404795
-0.302 -1.22239 0.425259
-0.3 -1.19053 0.445612
-0.298 -1.15676 0.46582
-0.296 -1.12106 0.485852
-0.294 -1.08344 0.505674
-0.292 -1.0439 0.525256
-0.29 -1.00243 0.544567
-0.288 -0.959052 0.563578
-0.286 -0.913758 0.582262
-0.284 -0.866556 0.600593
-0.282 -0.817453 0.618546
-0.28 -0.766454 0.636097
-0.278 -0.713566 0.653226
-0.276 -0.658797 0.669914
-0.274 -0.602155 0.686143
-0.272 -0.543647 0.701898
-0.27 -0.483282 0.717166
-0.268 -0.421067 0.731936
-0.266 -0.357012 0.746201
-0.264 -0.291125 0.759953
-0.262 -0.223413 0.773189
-0.26 -0.153885 0.785909
-0.258 -0.0825479 0.798115
-0.256 -0.00940934 0.80981
-0.254 0.0655241 0.821001
-0.252 0.142246 0.831698
-0.25 0.220751 0.841913
-0.248 0.301033 0.851662
-0.246 0.383088 0.860961
-0.244 0.466912 0.869832
-0.242 0.552503 0.878297
-0.24 0.639857 0.886383
-0.238 0.728972 0.894116
-0.236 0.819849 0.901528
-0.234 0.912487 0.908653
-0.232 1.00689 0.915526
-0.23 1.10305 0.922185
-0.228 1.20098 0.92867
-0.226 1.30067 0.935025
-0.224 1.40214 0.941293
-0.222 1.50539 0.947522
-0.22 1.61041 0.95376
-0.218 1.71723 0.960058
-0.216 1.82584 0.966467
-0.214 1.93625 0.973042
-0.212 2.04848 0.979836
-0.21 2.16252 0.986908
-0.208 2.27839 0.994314
-0.206 2.3961 1.00211
-0.204 2.51565 1.01036
-0.202 2.63706 1.01912
-0.2 2.76034 1.02846
-0.198 2.8855 1.03843
-0.196 3.01255 1.04909
-0.194 3.1415 1.06051
-0.192 3.27236 1.07275
-0.19 3.40515 1.08587
-0.188 3.53986 1.09993
-0.186 3.67653 1.11499
-0.184 3.81515 1.13111
-0.182 3.95573 1.14834
-0.18 4.0983 1.16676
-0.178 4.24285 1.1864
-0.176 4.38939 1.20734
-0.174 4.53795 1.22961
-0.172 4.68851 1.25328
-0.17 4.8411 1.2784
-0.168 4.99571 1.30501
-0.166 5.15237 1.33315
-0.164 5.31106 1.36289
-0.162 5.4718 1.39424
-0.16 5.63459 1.42727
-0.158 5.79943 1.462
-0.156 5.96632 1.49846
-0.154 6.13527 1.5367
-0.152 6.30628 1.57674
-0.15 6.47934 1.6186
-0.148 6.65446 1.66231
-0.146 6.83161 1.70789
-0.144 7.01082 1.75535
-0.142 7.19205 1.80471
-0.14 7.37532 1.85599
-0.138 7.5606 1.90917
-0.136 7.74789 1.96428
-0.134 7.93717 2.02131
-0.132 8.12843 2.08026
-0.13 8.32165 2.14112
-0.128 8.51682 2.20387
-0.126 8.7139 2.26851
-0.124 8.91289 2.33502
-0.122 9.11375 2.40337
-0.12 9.31646 2.47355
-0.118 9.52099 2.54551
-0.116 9.7273 2.61924
-0.114 9.93536 2.69469
-0.112 10.1451 2.77182
-0.11 10.3566 2.85059
-0.108 10.5697 2.93096
-0.106 10.7843 3.01287
-0.104 11.0005 3.09627
-0.102 11.2182 3.18111
-0.1 11.4373 3.26731
-0.098 11.6578 3.35482
-0.096 11.8796 3.44358
-0.094 12.1026 3.53349
-0.092 12.3267 3.62451
-0.09 12.552 3.71654
-0.088 12.7782 3.8095
-0.086 13.0053 3.90332
-0.084 13.2333 3.9979
-0.082 13.462 4.09315
-0.08 13.6913 4.18899
-0.078 13.9212 4.28532
-0.076 14.1514 4.38203
-0.074 14.3819 4.47903
-0.072 14.6126 4.57622
-0.07 14.8433 4.67349
-0.068 15.0739 4.77072
-0.066 15.3043 4.86782
-0.064 15.5343 4.96467
-0.062 15.7637 5.06115
-0.06 15.9924 5.15714
-0.058 16.2202 5.25254
-0.056 16.4469 5.34722
-0.054 16.6725 5.44106
-0.052 16.8966 5.53393
-0.05 17.1191 5.62572
-0.048 17.3397 5.71631
-0.046 17.5584 5.80555
-0.044 17.7748 5.89334
-0.042 17.9887 5.97955
-0.04 18.2 6.06404
-0.038 18.4084 6.1467
-0.036 18.6136 6.2274
-0.034 18.8155 6.30602
-0.032 19.0138 6.38243
-0.03 19.2082 6.45651
-0.028 19.3985 6.52814
-0.026 19.5844 6.5972
-0.024 19.7658 6.66357
-0.022 19.9423 6.72715
-0.02 20.1136 6.7878
-0.018 20.2796 6.84544
-0.016 20.4399 6.89994
-0.014 20.5944 6.95122
-0.012 20.7427 6.99916
-0.01 20.8846 7.04367
-0.008 21.0199 7.08467
-0.006 21.1483 7.12207
-0.004 21.2696 7.15578
-0.002 21.3834 7.18573
0 21.4897 7.21185
0.002 21.5881 7.2341
0.004 21.6785 7.2524
0.006 21.7606 7.26669
0.008 21.8342 7.27692
0.01 21.8992 7.28307
0.012 21.9554 7.28509
0.014 22.0026 7.28296
0.016 22.0406 7.27667
0.018 22.0693 7.2662
0.02 22.0886 7.25155
0.022 22.0984 7.23272
0.024 22.0984 7.20973
0.026 22.0887 7.1826
0.028 22.0692 7.15135
0.03 22.0397 7.11602
0.032 22.0003 7.07666
0.034 21.9508 7.0333
0.036 21.8913 6.98602
0.038 21.8218 6.93488
0.04 21.7422 6.87994
0.042 21.6527 6.82129
0.044 21.5531 6.75902
0.046 21.4436 6.69321
0.048 21.3242 6.62397
0.05 21.1951 6.5514
0.052 21.0563 6.47562
0.054 20.9079 6.39673
0.056 20.75 6.31487
0.058 20.5829 6.23016
0.06 20.4065 6.14272
0.062 20.2212 6.05271
0.064 20.027 5.96024
0.066 19.8242 5.86548
0.068 19.613 5.76856
0.07 19.3936 5.66963
0.072 19.1661 5.56884
0.074 18.9309 5.46635
0.076 18.6881 5.3623
0.078 18.4381 5.25686
0.08 18.181 5.15019
0.082 17.9172 5.04242
0.084 17.6469 4.93373
0.086 17.3704 4.82427
0.088 17.088 4.71418
0.09 16.8 4.60363
0.092 16.5066 4.49277
0.094 16.2082 4.38174
0.096 15.9051 4.27069
0.098 15.5976 4.15977
0.1 15.2859 4.04912
0.102 14.9705 3.93887
0.104 14.6516 3.82917
0.106 14.3295 3.72013
0.108 14.0046 3.6119
0.11 13.6771 3.50458
0.112 13.3474 3.3983
0.114 13.0158 3.29318
0.116 12.6826 3.18931
0.118 12.3481 3.08681
0.12 12.0126 2.98577
0.122 11.6764 2.88628
0.124 11.3399 2.78844
0.126 11.0032 2.69232
0.128 10.6667 2.59799
0.13 10.3308 2.50554
0.132 9.99557 2.41503
0.134 9.66142 2.3265
0.136 9.32859 2.24003
0.138 8.99734 2.15565
0.14 8.66795 2.07341
0.142 8.34065 1.99334
0.144 8.0157 1.91548
0.146 7.69335 1.83984
0.148 7.37382 1.76646
0.15 7.05734 1.69534
0.152 6.74413 1.62649
0.154 6.43441 1.55993
0.156 6.12838 1.49564
0.158 5.82623 1.43362
0.16 5.52816 1.37386
0.162 5.23435 1.31635
0.164 4.94498 1.26106
0.166 4.6602 1.20798
0.168 4.38018 1.15707
0.17 4.10506 1.10831
0.172 3.83498 1.06166
0.174 3.57009 1.01708
0.176 3.3105 0.974523
0.178 3.05632 0.933955
0.18 2.80767 0.895325
0.182 2.56464 0.858581
0.184 2.32733 0.823671
0.186 2.09581 0.790541
0.188 1.87016 0.759133
0.19 1.65045 0.729389
0.192 1.43673 0.701248
0.194 1.22905 0.674649
0.196 1.02745 0.64953
0.198 0.831966 0.625826
0.2 0.642619 0.603473
0.202 0.459427 0.582405
0.204 0.282397 0.562558
0.206 0.111532 0.543866
0.208 -0.053176 0.526262
0.21 -0.211741 0.509682
0.212 -0.364183 0.49406
0.214 -0.510533 0.479331
0.216 -0.650825 0.465432
0.218 -0.785103 0.452299
0.22 -0.913415 0.43987
0.222 -1.03582 0.428084
0.224 -1.15237 0.416881
0.226 -1.26315 0.406203
0.228 -1.36822 0.395993
0.23 -1.46766 0.386195
0.232 -1.56157 0.376757
0.234 -1.65002 0.367625
0.236 -1.73312 0.358751
0.238 -1.81097 0.350087
0.24 -1.88367 0.341587
0.242 -1.95133 0.333207
0.244 -2.01406 0.324907
0.246 -2.07198 0.316646
0.248 -2.12521 0.30839
0.25 -2.17387 0.300103
0.252 -2.21809 0.291754
0.254 -2.258 0.283312
0.256 -2.29373 0.274753
0.258 -2.32541 0.26605
0.26 -2.35317 0.257182
0.262 -2.37715 0.248131
0.264 -2.3975 0.238877
0.266 -2.41433 0.229409
0.268 -2.4278 0.219712
0.27 -2.43804 0.209778
0.272 -2.44519 0.1996
0.274 -2.44938 0.189172
0.276 -2.45076 0.178492
0.278 -2.44945 0.16756
0.28 -2.4456 0.156378
0.282 -2.43934 0.14495
0.284 -2.43079 0.133282
0.286 -2.42009 0.121381
0.288 -2.40737 0.109258
0.29 -2.39274 0.0969258
0.292 -2.37634 0.0843964
0.294 -2.35828 0.0716857
0.296 -2.33867 0.0588103
0.298 -2.31763 0.0457886
0.3 -2.29528 0.0326401
0.302 -2.2717 0.0193856
0.304 -2.24702 0.00604719
0.306 -2.22133 -0.00735226
0.308 -2.19471 -0.0207888
0.31 -2.16727 -0.0342377
0.312 -2.13909 -0.0476735
0.314 -2.11026 -0.0610703
0.316 -2.08085 -0.0744016
0.318 -2.05093 -0.0876408
0.32 -2.02059 -0.100761
0.322 -1.98988 -0.113734
0.324 -1.95887 -0.126534
0.326 -1.92762 -0.139134
0.328 -1.89617 -0.151506
0.33 -1.86459 -0.163625
0.332 -1.83292 -0.175464
0.334 -1.80121 -0.186998
0.336 -1.76948 -0.198203
0.338 -1.73778 -0.209053
0.34 -1.70614 -0.219527
0.342 -1.67459 -0.229601
0.344 -1.64316 -0.239254
0.346 -1.61186 -0.248467
0.348 -1.58072 -0.257219
0.35 -1.54975 -0.265495
0.352 -1.51897 -0.273276
0.354 -1.48838 -0.280548
0.356 -1.45801 -0.287297
0.358 -1.42785 -0.293512
0.36 -1.39792 -0.29918
0.362 -1.3682 -0.304294
0.364 -1.33872 -0.308846
0.366 -1.30946 -0.31283
0.368 -1.28042 -0.316241
0.37 -1.25161 -0.319076
0.372 -1.22302 -0.321336
0.374 -1.19465 -0.32302
0.376 -1.16648 -0.324131
0.378 -1.13853 -0.324672
0.38 -1.11077 -0.324649
0.382 -1.08321 -0.32407
0.384 -1.05584 -0.322943
0.386 -1.02866 -0.321278
0.388 -1.00165 -0.319086
0.39 -0.97482 -0.316382
0.392 -0.948159 -0.313179
0.394 -0.921664 -0.309493
0.396 -0.895332 -0.305341
0.398 -0.869161 -0.300743
0.4 -0.843148 -0.295716
0.402 -0.817294 -0.290282
0.404 -0.791599 -0.284462
0.406 -0.766064 -0.278278
0.408 -0.740691 -0.271754
0.41 -0.715485 -0.264913
0.412 -0.69045 -0.257781
0.414 -0.665592 -0.250381
0.416 -0.640918 -0.242741
0.418 -0.616438 -0.234886
0.42 -0.59216 -0.226842
0.422 -0.568095 -0.218635
0.424 -0.544257 -0.210292
0.426 -0.520657 -0.201841
0.428 -0.497311 -0.193306
0.43 -0.474234 -0.184716
0.432 -0.451443 -0.176094
0.434 -0.428956 -0.167469
0.436 -0.406791 -0.158864
0.438 -0.384967 -0.150304
0.44 -0.363506 -0.141814
0.442 -0.342428 -0.133417
0.444 -0.321756 -0.125136
0.446 -0.301511 -0.116994
0.448 -0.281717 -0.10901
0.45 -0.262396 -0.101205
0.452 -0.243574 -0.0935994
0.454 -0.225274 -0.08621
0.456 -0.20752 -0.0790543
0.458 -0.190337 -0.0721482
0.46 -0.173749 -0.0655066
0.462 -0.157779 -0.0591429
0.464 -0.142452 -0.0530696
0.466 -0.127792 -0.0472978
0.468 -0.113821 -0.0418373
0.47 -0.100563 -0.0366967
0.472 -0.0880394 -0.0318833
0.474 -0.0762715 -0.0274032
0.476 -0.0652801 -0.0232611
0.478 -0.0550848 -0.0194604
0.48 -0.0457044 -0.0160036
0.482 -0.0371566 -0.0128915
0.484 -0.0294581 -0.010124
0.486 -0.0226242 -0.00769977
0.488 -0.0166689 -0.0056163
0.49 -0.0116051 -0.00387002
0.492 -0.00744396 -0.00245629
0.494 -0.00419541 -0.00136947
0.496 -0.00186771 -0.000602957
0.498 -0.000467558 -0.000149249
0.05 9.28196 3.23471
0.1 9.2821 3.23463
0.15 9.28233 3.23449
0.2 9.28266 3.23431
0.25 9.28308 3.23407
0.3 9.28359 3.23377
0.35 9.2842 3.23343
0.4 9.28489 3.23303
0.45 9.28568 3.23257
0.5 9.28656 3.23207
0.55 9.28753 3.2315
0.6 9.28858 3.23089
0.65 9.28973 3.23022
0.7 9.29096 3.2295
0.75 9.29228 3.22872
0.8 9.29368 3.22789
0.85 9.29516 3.22701
0.9 9.29673 3.22607
0.95 9.29838 3.22507
1 9.3001 3.22403
1.05 9.30191 3.22292
1.1 9.30379 3.22177
1.15 9.30574 3.22055
1.2 9.30777 3.21929
1.25 9.30987 3.21797
1.3 9.31203 3.21659
1.35 9.31426 3.21516
1.4 9.31656 3.21367
1.45 9.31892 3.21213
1.5 9.32134 3.21053
1.55 9.32382 3.20887
1.6 9.32636 3.20716
1.65 9.32894 3.20539
1.7 9.33158 3.20357
1.75 9.33427 3.20169
1.8 9.337 3.19975
1.85 9.33978 3.19776
1.9 9.34259 3.1957
1.95 9.34545 3.19359
2 9.34834 3.19143
2.05 9.35126 3.1892
2.1 9.3542 3.18692
2.15 9.35718 3.18458
2.2 9.36018 3.18218
2.25 9.36319 3.17972
2.3 9.36623 3.17721
2.35 9.36927 3.17463
2.4 9.37233 3.172
2.45 9.37539 3.1693
2.5 9.37846 3.16655
2.55 9.38152 3.16374
2.6 9.38459 3.16086
2.65 9.38764 3.15793
2.7 9.39068 3.15494
2.75 9.39371 3.15188
2.8 9.39672 3.14876
2.85 9.39971 3.14559
2.9 9.40267 3.14235
2.95 9.40561 3.13905
3 9.40851 3.13569
3.05 9.41137 3.13226
3.1 9.41419 3.12878
3.15 9.41697 3.12523
3.2 9.4197 3.12162
3.25 9.42238 3.11795
3.3 9.425 3.11421
3.35 9.42755 3.11041
3.4 9.43005 3.10655
3.45 9.43247 3.10262
3.5 9.43482 3.09863
3.55 9.4371 3.09457
3.6 9.43929 3.09045
3.65 9.4414 3.08627
3.7 9.44342 3.08202
3.75 9.44534 3.07771
3.8 9.44717 3.07333
3.85 9.44889 3.06889
3.9 9.45051 3.06438
3.95 9.45202 3.05981
4 9.45342 3.05517
4.05 9.45469 3.05047
4.1 9.45584 3.0457
4.15 9.45687 3.04086
4.2 9.45776 3.03596
4.25 9.45852 3.03099
4.3 9.45913 3.02596
4.35 9.45961 3.02086
4.4 9.45993 3.01569
4.45 9.4601 3.01046
4.5 9.46012 3.00516
4.55 9.45997 2.99979
4.6 9.45966 2.99436
4.65 9.45918 2.98886
4.7 9.45853 2.98329
4.75 9.4577 2.97765
4.8 9.45669 2.97195
4.85 9.45549 2.96618
4.9 9.4541 2.96035
4.95 9.45252 2.95445
5 9.45074 2.94848
5.05 9.44876 2.94244
5.1 9.44657 2.93634
5.15 9.44418 2.93016
5.2 9.44157 2.92393
5.25 9.43874 2.91762
5.3 9.4357 2.91125
5.35 9.43243 2.90481
5.4 9.42893 2.89831
5.45 9.42519 2.89173
5.5 9.42123 2.8851
5.55 9.41702 2.87839
5.6 9.41257 2.87162
5.65 9.40787 2.86478
5.7 9.40292 2.85788
5.75 9.39772 2.85091
5.8 9.39226 2.84387
5.85 9.38654 2.83677
5.9 9.38056 2.82961
5.95 9.37431 2.82237
6 9.3678 2.81508
6.05 9.361 2.80772
6.1 9.35394 2.80029
6.15 9.34659 2.7928
6.2 9.33896 2.78525
6.25 9.33104 2.77763
6.3 9.32284 2.76995
6.35 9.31435 2.76221
6.4 9.30556 2.7544
6.45 9.29648 2.74653
6.5 9.2871 2.7386
6.55 9.27741 2.7306
6.6 9.26743 2.72255
6.65 9.25713 2.71443
6.7 9.24653 2.70626
6.75 9.23562 2.69802
6.8 9.22439 2.68972
6.85 9.21285 2.68137
6.9 9.201 2.67295
6.95 9.18882 2.66448
7 9.17632 2.65595
7.05 9.1635 2.64736
7.1 9.15036 2.63871
7.15 9.13689 2.63001
7.2 9.12309 2.62125
7.25 9.10896 2.61244
7.3 9.0945 2.60357
7.35 9.0797 2.59464
7.4 9.06458 2.58566
7.45 9.04912 2.57663
7.5 9.03332 2.56755
7.55 9.01719 2.55841
7.6 9.00072 2.54923
7.65 8.98391 2.53999
7.7 8.96676 2.5307
7.75 8.94926 2.52136
7.8 8.93143 2.51197
7.85 8.91326 2.50254
7.9 8.89474 2.49306
7.95 8.87588 2.48353
8 8.85668 2.47395
8.05 8.83714 2.46433
8.1 8.81725 2.45467
8.15 8.79702 2.44496
8.2 8.77644 2.4352
8.25 8.75552 2.42541
8.3 8.73426 2.41557
8.35 8.71265 2.4057
8.4 8.69071 2.39578
8.45 8.66842 2.38582
8.5 8.64578 2.37583
8.55 8.62281 2.3658
8.6 8.5995 2.35573
8.65 8.57584 2.34563
8.7 8.55185 2.33549
8.75 8.52752 2.32532
8.8 8.50285 2.31511
8.85 8.47785 2.30487
8.9 8.45251 2.2946
8.95 8.42684 2.2843
9 8.40084 2.27397
9.05 8.3745 2.26362
9.1 8.34784 2.25323
9.15 8.32084 2.24282
9.2 8.29353 2.23238
9.25 8.26588 2.22192
9.3 8.23792 2.21144
9.35 8.20963 2.20093
9.4 8.18103 2.1904
9.45 8.15211 2.17985
9.5 8.12287 2.16928
9.55 8.09333 2.15869
9.6 8.06347 2.14808
9.65 8.0333 2.13746
9.7 8.00283 2.12682
9.75 7.97206 2.11617
9.8 7.94098 2.1055
9.85 7.90961 2.09482
9.9 7.87795 2.08413
9.95 7.84599 2.07343
10 7.81374 2.06272
10.05 7.78121 2.052
10.1 7.74839 2.04127
10.15 7.71529 2.03054
10.2 7.68192 2.0198
10.25 7.64827 2.00906
10.3 7.61435 1.99831
10.35 7.58016 1.98756
10.4 7.54571 1.97682
10.45 7.511 1.96607
10.5 7.47603 1.95532
10.55 7.4408 1.94458
10.6 7.40533 1.93384
10.65 7.36961 1.9231
10.7 7.33365 1.91237
10.75 7.29745 1.90164
10.8 7.26102 1.89093
10.85 7.22435 1.88022
10.9 7.18746 1.86952
10.95 7.15034 1.85884
11 7.113 1.84816
11.05 7.07545 1.8375
11.1 7.03769 1.82685
11.15 6.99973 1.81622
11.2 6.96155 1.8056
11.25 6.92319 1.795
11.3 6.88462 1.78442
11.35 6.84587 1.77386
11.4 6.80694 1.76332
11.45 6.76782 1.7528
11.5 6.72852 1.74231
11.55 6.68906 1.73183
11.6 6.64943 1.72138
11.65 6.60963 1.71096
11.7 6.56968 1.70057
11.75 6.52957 1.6902
11.8 6.48932 1.67986
11.85 6.44892 1.66955
11.9 6.40838 1.65927
11.95 6.36771 1.64902
12 6.3269 1.63881
12.05 6.28598 1.62862
12.1 6.24493 1.61848
12.15 6.20377 1.60836
12.2 6.16249 1.59829
12.25 6.12112 1.58825
12.3 6.07964 1.57825
12.35 6.03806 1.56829
12.4 5.99639 1.55837
12.45 5.95464 1.54849
12.5 5.91281 1.53865
12.55 5.8709 1.52886
12.6 5.82892 1.5191
12.65 5.78687 1.5094
12.7 5.74476 1.49973
12.75 5.7026 1.49012
12.8 5.66038 1.48055
12.85 5.61812 1.47102
12.9 5.57582 1.46155
12.95 5.53348 1.45213
13 5.49111 1.44275
13.05 5.44871 1.43343
13.1 5.40629 1.42416
13.15 5.36385 1.41494
13.2 5.32141 1.40577
13.25 5.27895 1.39665
13.3 5.23649 1.38759
13.35 5.19404 1.37859
13.4 5.15159 1.36964
13.45 5.10916 1.36075
13.5 5.06674 1.35191
13.55 5.02435 1.34313
13.6 4.98198 1.33441
13.65 4.93965 1.32575
13.7 4.89735 1.31715
13.75 4.8551 1.3086
13.8 4.81289 1.30012
13.85 4.77073 1.2917
13.9 4.72862 1.28333
13.95 4.68658 1.27503
14 4.6446 1.2668
14.05 4.60269 1.25862
14.1 4.56085 1.25051
14.15 4.5191 1.24246
14.2 4.47742 1.23448
14.25 4.43584 1.22656
14.3 4.39434 1.2187
14.35 4.35294 1.21091
14.4 4.31164 1.20318
14.45 4.27045 1.19552
14.5 4.22937 1.18793
14.55 4.18839 1.1804
14.6 4.14754 1.17294
14.65 4.10681 1.16555
14.7 4.0662 1.15822
14.75 4.02572 1.15096
14.8 3.98538 1.14376
14.85 3.94517 1.13664
14.9 3.90511 1.12958
14.95 3.86519 1.12259
15 3.82542 1.11567
15.05 3.7858 1.10881
15.1 3.74634 1.10203
15.15 3.70704 1.09531
15.2 3.66791 1.08866
15.25 3.62894 1.08208
15.3 3.59014 1.07556
15.35 3.55152 1.06912
15.4 3.51308 1.06274
15.45 3.47481 1.05643
15.5 3.43673 1.05019
15.55 3.39884 1.04402
15.6 3.36114 1.03792
15.65 3.32364 1.03188
15.7 3.28633 1.02591
15.75 3.24922 1.02001
15.8 3.21231 1.01418
15.85 3.17561 1.00842
15.9 3.13912 1.00272
15.95 3.10284 0.997086
16 3.06677 0.991522
16.05 3.03093 0.986024
16.1 2.9953 0.980593
16.15 2.95989 0.975227
16.2 2.9247 0.969928
16.25 2.88975 0.964694
16.3 2.85502 0.959525
16.35 2.82052 0.95442
16.4 2.78626 0.949381
16.45 2.75223 0.944405
16.5 2.71844 0.939494
16.55 2.68489 0.934645
16.6 2.65159 0.92986
16.65 2.61852 0.925137
16.7 2.5857 0.920476
16.75 2.55313 0.915877
16.8 2.5208 0.911339
16.85 2.48873 0.906862
16.9 2.45691 0.902446
16.95 2.42534 0.898088
17 2.39403 0.893791
17.05 2.36297 0.889552
17.1 2.33217 0.885371
17.15 2.30163 0.881247
17.2 2.27135 0.877181
17.25 2.24133 0.873171
17.3 2.21158 0.869218
17.35 2.18208 0.865319
17.4 2.15285 0.861475
17.45 2.12388 0.857686
17.5 2.09518 0.853949
17.55 2.06675 0.850266
17.6 2.03858 0.846634
17.65 2.01068 0.843055
17.7 1.98305 0.839526
17.75 1.95569 0.836047
17.8 1.9286 0.832617
17.85 1.90177 0.829236
17.9 1.87522 0.825904
17.95 1.84893 0.822618
18 1.82292 0.819379
18.05 1.79718 0.816186
18.1 1.7717 0.813039
18.15 1.7465 0.809935
18.2 1.72156 0.806875
18.25 1.6969 0.803858
18.3 1.67251 0.800883
18.35 1.64838 0.797949
18.4 1.62453 0.795056
18.45 1.60094 0.792202
18.5 1.57762 0.789388
18.55 1.55457 0.786611
18.6 1.53179 0.783872
18.65 1.50928 0.78117
18.7 1.48703 0.778503
18.75 1.46505 0.775871
18.8 1.44333 0.773273
18.85 1.42188 0.770708
18.9 1.40069 0.768176
18.95 1.37976 0.765675
19 1.3591 0.763205
19.05 1.33869 0.760765
19.1 1.31855 0.758354
19.15 1.29866 0.755972
19.2 1.27904 0.753617
19.25 1.25966 0.751288
19.3 1.24055 0.748985
19.35 1.22169 0.746707
19.4 1.20308 0.744453
19.45 1.18472 0.742223
19.5 1.16661 0.740014
19.55 1.14875 0.737828
19.6 1.13114 0.735661
19.65 1.11377 0.733515
19.7 1.09665 0.731388
19.75 1.07977 0.729279
19.8 1.06313 0.727188
19.85 1.04673 0.725113
19.9 1.03057 0.723053
19.95 1.01465 0.721009
20 0.998957 0.718979
20.05 0.983499 0.716962
20.1 0.968272 0.714957
20.15 0.953274 0.712964
20.2 0.938503 0.710982
20.25 0.923958 0.70901
20.3 0.909636 0.707047
20.35 0.895536 0.705093
20.4 0.881655 0.703146
20.45 0.867992 0.701207
20.5 0.854544 0.699273
20.55 0.84131 0.697345
20.6 0.828288 0.695421
20.65 0.815475 0.693502
20.7 0.802869 0.691585
20.75 0.790469 0.689671
20.8 0.778272 0.687758
20.85 0.766275 0.685847
20.9 0.754478 0.683935
20.95 0.742877 0.682023
21 0.731471 0.68011
21.05 0.720257 0.678195
21.1 0.709232 0.676278
21.15 0.698396 0.674357
21.2 0.687745 0.672433
21.25 0.677278 0.670503
21.3 0.666991 0.668569
21.35 0.656884 0.666629
21.4 0.646953 0.664682
21.45 0.637196 0.662729
21.5 0.62761 0.660767
21.55 0.618195 0.658798
21.6 0.608947 0.65682
21.65 0.599863 0.654832
21.7 0.590942 0.652834
21.75 0.582182 0.650826
21.8 0.57358 0.648806
21.85 0.565133 0.646775
21.9 0.55684 0.644732
21.95 0.548697 0.642677
22 0.540704 0.640608
22.05 0.532857 0.638526
22.1 0.525154 0.636429
22.15 0.517592 0.634318
22.2 0.51017 0.632193
22.25 0.502886 0.630051
22.3 0.495736 0.627894
22.35 0.488719 0.625721
22.4 0.481832 0.623531
22.45 0.475073 0.621325
22.5 0.46844 0.6191
22.55 0.46193 0.616858
22.6 0.455542 0.614599
22.65 0.449273 0.61232
22.7 0.44312 0.610023
22.75 0.437082 0.607707
22.8 0.431157 0.605372
22.85 0.425341 0.603017
22.9 0.419634 0.600642
22.95 0.414033 0.598247
23 0.408535 0.595832
23.05 0.403139 0.593396
23.1 0.397842 0.59094
23.15 0.392643 0.588463
23.2 0.387539 0.585964
23.25 0.382528 0.583444
23.3 0.377608 0.580903
23.35 0.372777 0.578339
23.4 0.368034 0.575755
23.45 0.363376 0.573148
23.5 0.358801 0.570519
23.55 0.354307 0.567869
23.6 0.349892 0.565196
23.65 0.345555 0.5625
23.7 0.341293 0.559783
23.75 0.337105 0.557043
23.8 0.332989 0.554281
23.85 0.328943 0.551497
23.9 0.324964 0.54869
23.95 0.321052 0.545861
24 0.317205 0.543009
24.05 0.313421 0.540136
24.1 0.309698 0.53724
24.15 0.306034 0.534322
24.2 0.302428 0.531381
24.25 0.298879 0.528419
24.3 0.295384 0.525435
24.35 0.291942 0.522429
24.4 0.288551 0.519402
24.45 0.285211 0.516352
24.5 0.281919 0.513282
24.55 0.278674 0.51019
24.6 0.275474 0.507077
24.65 0.272318 0.503944
24.7 0.269205 0.500789
24.75 0.266134 0.497615
24.8 0.263102 0.494419
24.85 0.260109 0.491204
24.9 0.257153 0.487969
24.95 0.254233 0.484715
25 0.251349 0.481441
25.05 0.248497 0.478148
25.1 0.245679 0.474837
25.15 0.242891 0.471507
25.2 0.240134 0.468159
25.25 0.237405 0.464793
25.3 0.234705 0.461409
25.35 0.232031 0.458008
25.4 0.229383 0.454591
25.45 0.22676 0.451157
25.5 0.224161 0.447707
25.55 0.221585 0.44424
25.6 0.219032 0.440759
25.65 0.216499 0.437262
25.7 0.213986 0.433751
25.75 0.211493 0.430226
25.8 0.209019 0.426686
25.85 0.206562 0.423133
25.9 0.204122 0.419568
25.95 0.201699 0.415989
26 0.199292 0.412398
26.05 0.196899 0.408796
26.1 0.194521 0.405182
26.15 0.192156 0.401558
26.2 0.189804 0.397923
26.25 0.187465 0.394278
26.3 0.185138 0.390623
26.35 0.182822 0.38696
26.4 0.180517 0.383288
26.45 0.178223 0.379608
26.5 0.175938 0.375921
26.55 0.173663 0.372226
26.6 0.171397 0.368525
26.65 0.16914 0.364818
26.7 0.166891 0.361105
26.75 0.164649 0.357388
26.8 0.162416 0.353665
26.85 0.16019 0.349939
26.9 0.157971 0.346209
26.95 0.155758 0.342477
27 0.153552 0.338741
27.05 0.151353 0.335004
27.1 0.149159 0.331266
27.15 0.146972 0.327526
27.2 0.14479 0.323787
27.25 0.142614 0.320047
27.3 0.140443 0.316308
27.35 0.138278 0.312571
27.4 0.136118 0.308835
27.45 0.133963 0.305101
27.5 0.131813 0.301371
27.55 0.129669 0.297644
27.6 0.127529 0.29392
27.65 0.125395 0.290202
27.7 0.123266 0.286488
27.75 0.121142 0.28278
27.8 0.119023 0.279077
27.85 0.116909 0.275382
27.9 0.1148 0.271693
27.95 0.112697 0.268013
28 0.1106 0.26434
28.05 0.108508 0.260676
28.1 0.106421 0.257022
28.15 0.104341 0.253377
28.2 0.102267 0.249743
28.25 0.100198 0.246119
28.3 0.0981361 0.242507
28.35 0.0960805 0.238906
28.4 0.0940316 0.235318
28.45 0.0919895 0.231743
28.5 0.0899545 0.228181
28.55 0.0879269 0.224632
28.6 0.0859067 0.221099
28.65 0.0838943 0.21758
28.7 0.0818899 0.214076
28.75 0.0798937 0.210588
28.8 0.0779061 0.207116
28.85 0.0759272 0.203661
28.9 0.0739573 0.200223
28.95 0.0719968 0.196803
29 0.0700458 0.193401
29.05 0.0681047 0.190018
29.1 0.0661737 0.186653
29.15 0.0642533 0.183308
29.2 0.0623436 0.179983
29.25 0.0604449 0.176678
29.3 0.0585576 0.173394
29.35 0.056682 0.170131
29.4 0.0548184 0.166889
29.45 0.052967 0.16367
29.5 0.0511283 0.160472
29.55 0.0493025 0.157298
29.6 0.04749 0.154146
29.65 0.045691 0.151018
29.7 0.043906 0.147914
29.75 0.0421351 0.144834
29.8 0.0403787 0.141778
29.85 0.0386372 0.138748
29.9 0.0369109 0.135742
29.95 0.0352 0.132762
30 0.0335049 0.129808
30.05 0.031826 0.12688
30.1 0.0301634 0.123979
30.15 0.0285176 0.121104
30.2 0.0268888 0.118256
30.25 0.0252773 0.115436
30.3 0.0236835 0.112643
30.35 0.0221076 0.109878
30.4 0.02055 0.107142
30.45 0.0190108 0.104433
30.5 0.0174905 0.101753
30.55 0.0159892 0.0991024
30.6 0.0145073 0.0964805
30.65 0.013045 0.0938879
30.7 0.0116026 0.0913248
30.75 0.0101803 0.0887913
30.8 0.00877848 0.0862876
30.85 0.00739728 0.083814
30.9 0.00603697 0.0813706
30.95 0.00469779 0.0789576
31 0.00337996 0.076575
31.05 0.00208372 0.0742231
31.1 0.000809277 0.071902
31.15 -0.000443164 0.0696118
31.2 -0.0016734 0.0673527
31.25 -0.00288123 0.0651246
31.3 -0.00406647 0.0629278
31.35 -0.00522895 0.0607624
31.4 -0.00636849 0.0586283
31.45 -0.00748492 0.0565257
31.5 -0.0085781 0.0544547
31.55 -0.00964788 0.0524152
31.6 -0.0106941 0.0504074
31.65 -0.0117167 0.0484313
31.7 -0.0127154 0.0464869
31.75 -0.0136903 0.0445742
31.8 -0.0146411 0.0426932
31.85 -0.0155678 0.040844
31.9 -0.0164703 0.0390265
31.95 -0.0173486 0.0372408
32 -0.0182025 0.0354867
32.05 -0.0190319 0.0337644
32.1 -0.019837 0.0320736
32.15 -0.0206175 0.0304145
32.2 -0.0213735 0.0287868
32.25 -0.0221049 0.0271907
32.3 -0.0228117 0.0256259
32.35 -0.023494 0.0240925
32.4 -0.0241517 0.0225903
32.45 -0.0247848 0.0211192
32.5 -0.0253934 0.0196792
32.55 -0.0259774 0.0182701
32.6 -0.026537 0.0168918
32.65 -0.0270721 0.0155442
32.7 -0.0275829 0.0142271
32.75 -0.0280694 0.0129404
32.8 -0.0285317 0.0116841
32.85 -0.0289698 0.0104578
32.9 -0.0293838 0.00926145
32.95 -0.029774 0.0080949
33 -0.0301403 0.00695796
33.05 -0.0304828 0.00585045
33.1 -0.0308018 0.00477218
33.15 -0.0310974 0.00372295
33.2 -0.0313696 0.00270257
33.25 -0.0316187 0.00171083
33.3 -0.0318449 0.000747509
33.35 -0.0320482 -0.0001876
33.4 -0.0322289 -0.00109473
33.45 -0.0323871 -0.0019741
33.5 -0.0325231 -0.00282596
33.55 -0.0326371 -0.00365054
33.6 -0.0327292 -0.00444809
33.65 -0.0327997 -0.00521886
33.7 -0.0328489 -0.00596312
33.75 -0.0328769 -0.00668112
33.8 -0.0328839 -0.00737313
33.85 -0.0328703 -0.00803942
33.9 -0.0328363 -0.00868027
33.95 -0.0327822 -0.00929596
34 -0.0327081 -0.00988677
34.05 -0.0326145 -0.010453
34.1 -0.0325016 -0.0109949
34.15 -0.0323696 -0.0115129
34.2 -0.0322188 -0.0120071
34.25 -0.0320497 -0.012478
34.3 -0.0318623 -0.0129257
34.35 -0.0316572 -0.0133507
34.4 -0.0314345 -0.0137533
34.45 -0.0311947 -0.0141337
34.5 -0.030938 -0.0144923
34.55 -0.0306648 -0.0148294
34.6 -0.0303753 -0.0151454
34.65 -0.03007 -0.0154405
34.7 -0.0297492 -0.0157151
34.75 -0.0294133 -0.0159696
34.8 -0.0290625 -0.0162042
34.85 -0.0286973 -0.0164194
34.9 -0.0283179 -0.0166153
34.95 -0.0279249 -0.0167925
35 -0.0275185 -0.0169512
35.05 -0.027099 -0.0170918
35.1 -0.026667 -0.0172146
35.15 -0.0262227 -0.01732
35.2 -0.0257665 -0.0174083
35.25 -0.0252989 -0.0174799
35.3 -0.0248201 -0.0175351
35.35 -0.0243306 -0.0175742
35.4 -0.0238308 -0.0175977
35.45 -0.023321 -0.0176059
35.5 -0.0228016 -0.0175991
35.55 -0.0222731 -0.0175777
35.6 -0.0217358 -0.017542
35.65 -0.0211901 -0.0174924
35.7 -0.0206363 -0.0174292
35.75 -0.020075 -0.0173529
35.8 -0.0195064 -0.0172636
35.85 -0.018931 -0.0171619
35.9 -0.0183492 -0.0170479
35.95 -0.0177613 -0.0169222
36 -0.0171677 -0.016785
36.05 -0.0165689 -0.0166367
36.1 -0.0159651 -0.0164777
36.15 -0.0153569 -0.0163081
36.2 -0.0147446 -0.0161286
36.25 -0.0141285 -0.0159392
36.3 -0.0135091 -0.0157405
36.35 -0.0128867 -0.0155327
36.4 -0.0122618 -0.0153161
36.45 -0.0116346 -0.0150912
36.5 -0.0110056 -0.0148581
36.55 -0.0103751 -0.0146174
36.6 -0.00974349 -0.0143692
36.65 -0.00911117 -0.014114
36.7 -0.00847848 -0.0138519
36.75 -0.00784578 -0.0135835
36.8 -0.00721342 -0.0133089
36.85 -0.00658176 -0.0130284
36.9 -0.00595114 -0.0127425
36.95 -0.00532191 -0.0124514
37 -0.00469441 -0.0121554
37.05 -0.00406897 -0.0118547
37.1 -0.00344593 -0.0115498
37.15 -0.00282562 -0.0112409
37.2 -0.00220836 -0.0109283
37.25 -0.00159447 -0.0106123
37.3 -0.000984254 -0.0102931
37.35 -0.000378034 -0.00997109
37.4 0.00022389 -0.00964648
37.45 0.00082122 -0.00931958
37.5 0.00141366 -0.00899064
37.55 0.00200092 -0.00865993
37.6 0.00258273 -0.00832771
37.65 0.0031588 -0.00799424
37.7 0.00372885 -0.00765978
37.75 0.00429264 -0.00732458
37.8 0.00484988 -0.00698887
37.85 0.00540034 -0.0066529
37.9 0.00594376 -0.00631691
37.95 0.0064799 -0.00598114
38 0.00700853 -0.0056458
38.05 0.00752941 -0.00531112
38.1 0.00804232 -0.00497733
38.15 0.00854704 -0.00464463
38.2 0.00904337 -0.00431324
38.25 0.00953109 -0.00398337
38.3 0.01001 -0.00365521
38.35 0.01048 -0.00332896
38.4 0.0109407 -0.00300481
38.45 0.0113921 -0.00268296
38.5 0.011834 -0.00236358
38.55 0.0122662 -0.00204686
38.6 0.0126886 -0.00173296
38.65 0.013101 -0.00142205
38.7 0.0135032 -0.00111431
38.75 0.0138951 -0.000809883
38.8 0.0142767 -0.000508931
38.85 0.0146477 -0.000211601
38.9 0.0150081 8.19598e-05
38.95 0.0153577 0.000371612
39 0.0156965 0.000657219
39.05 0.0160243 0.000938651
39.1 0.0163411 0.00121578
39.15 0.0166467 0.00148849
39.2 0.0169412 0.00175665
39.25 0.0172244 0.00202017
39.3 0.0174963 0.00227892
39.35 0.0177568 0.00253282
39.4 0.0180058 0.00278175
39.45 0.0182434 0.00302562
39.5 0.0184695 0.00326436
39.55 0.0186841 0.00349787
39.6 0.0188871 0.00372607
39.65 0.0190786 0.00394889
39.7 0.0192585 0.00416626
39.75 0.0194268 0.00437811
39.8 0.0195836 0.00458438
39.85 0.0197288 0.00478501
39.9 0.0198625 0.00497995
39.95 0.0199846 0.00516916
40 0.0200953 0.00535258
40.05 0.0201945 0.00553018
40.1 0.0202824 0.00570192
40.15 0.0203589 0.00586777
40.2 0.0204241 0.0060277
40.25 0.020478 0.00618169
40.3 0.0205208 0.00632972
40.35 0.0205525 0.00647178
40.4 0.0205732 0.00660785
40.45 0.020583 0.00673793
40.5 0.0205819 0.00686201
40.55 0.02057 0.0069801
40.6 0.0205475 0.00709219
40.65 0.0205145 0.0071983
40.7 0.020471 0.00729843
40.75 0.0204172 0.00739261
40.8 0.0203532 0.00748084
40.85 0.0202791 0.00756316
40.9 0.0201951 0.00763958
40.95 0.0201013 0.00771014
41 0.0199977 0.00777486
41.05 0.0198847 0.00783379
41.1 0.0197622 0.00788696
41.15 0.0196305 0.00793441
41.2 0.0194897 0.00797618
41.25 0.01934 0.00801233
41.3 0.0191816 0.0080429
41.35 0.0190145 0.00806795
41.4 0.018839 0.00808753
41.45 0.0186552 0.0081017
41.5 0.0184634 0.00811052
41.55 0.0182636 0.00811405
41.6 0.0180561 0.00811236
41.65 0.0178411 0.00810552
41.7 0.0176187 0.0080936
41.75 0.0173892 0.00807667
41.8 0.0171527 0.00805481
41.85 0.0169094 0.00802808
41.9 0.0166595 0.00799658
41.95 0.0164033 0.00796039
42 0.0161408 0.00791958
42.05 0.0158724 0.00787424
42.1 0.0155982 0.00782445
42.15 0.0153185 0.00777031
42.2 0.0150334 0.00771191
42.25 0.0147431 0.00764933
42.3 0.0144479 0.00758266
42.35 0.0141479 0.00751201
42.4 0.0138434 0.00743747
42.45 0.0135347 0.00735913
42.5 0.0132218 0.00727709
42.55 0.012905 0.00719145
42.6 0.0125846 0.00710231
42.65 0.0122607 0.00700977
42.7 0.0119336 0.00691392
42.75 0.0116035 0.00681489
42.8 0.0112705 0.00671276
42.85 0.010935 0.00660763
42.9 0.010597 0.00649963
42.95 0.0102569 0.00638884
43 0.0099149 0.00627537
43.05 0.00957112 0.00615933
43.1 0.0092258 0.00604083
43.15 0.00887918 0.00591997
43.2 0.00853144 0.00579686
43.25 0.0081828 0.00567159
43.3 0.00783348 0.00554429
43.35 0.00748366 0.00541506
43.4 0.00713357 0.005284
43.45 0.00678341 0.00515121
43.5 0.00643336 0.00501681
43.55 0.00608365 0.0048809
43.6 0.00573445 0.00474359
43.65 0.00538598 0.00460497
43.7 0.00503842 0.00446516
43.75 0.00469197 0.00432426
43.8 0.00434681 0.00418237
43.85 0.00400313 0.0040396
43.9 0.00366112 0.00389604
43.95 0.00332097 0.0037518
44 0.00298284 0.00360698
44.05 0.00264692 0.00346168
44.1 0.00231338 0.003316
44.15 0.0019824 0.00317003
44.2 0.00165414 0.00302388
44.25 0.00132877 0.00287764
44.3 0.00100645 0.0027314
44.35 0.000687348 0.00258526
44.4 0.00037161 0.00243931
44.45 5.93928e-05 0.00229364
44.5 -0.000249152 0.00214834
44.55 -0.00055388 0.00200351
44.6 -0.000854645 0.00185923
44.65 -0.00115131 0.00171558
44.7 -0.00144374 0.00157266
44.75 -0.0017318 0.00143053
44.8 -0.00201535 0.0012893
44.85 -0.00229429 0.00114903
44.9 -0.00256848 0.00100981
44.95 -0.0028378 0.000871717
45 -0.00310215 0.000734821
45.05 -0.00336141 0.000599199
45.1 -0.00361548 0.000464925
45.15 -0.00386425 0.000332069
45.2 -0.00410762 0.0002007
45.25 -0.00434551 7.08867e-05
45.3 -0.00457781 -5.73053e-05
45.35 -0.00480445 -0.000183812
45.4 -0.00502535 -0.000308571
45.45 -0.00524041 -0.000431521
45.5 -0.00544957 -0.000552604
45.55 -0.00565277 -0.000671763
45.6 -0.00584992 -0.000788942
45.65 -0.00604098 -0.000904089
45.7 -0.00622587 -0.00101715
45.75 -0.00640456 -0.00112808
45.8 -0.00657698 -0.00123683
45.85 -0.0067431 -0.00134335
45.9 -0.00690286 -0.0014476
45.95 -0.00705624 -0.00154954
46 -0.0072032 -0.00164912
46.05 -0.00734371 -0.00174631
46.1 -0.00747775 -0.00184108
46.15 -0.00760529 -0.00193338
46.2 -0.00772632 -0.00202319
46.25 -0.00784082 -0.00211048
46.3 -0.00794878 -0.00219521
46.35 -0.0080502 -0.00227737
46.4 -0.00814508 -0.00235692
46.45 -0.00823342 -0.00243384
46.5 -0.00831522 -0.00250811
46.55 -0.0083905 -0.00257972
46.6 -0.00845927 -0.00264865
46.65 -0.00852155 -0.00271487
46.7 -0.00857735 -0.00277838
46.75 -0.00862671 -0.00283917
46.8 -0.00866965 -0.00289723
46.85 -0.0087062 -0.00295254
46.9 -0.00873641 -0.00300511
46.95 -0.0087603 -0.00305492
47 -0.00877793 -0.00310199
47.05 -0.00878933 -0.00314629
47.1 -0.00879456 -0.00318785
47.15 -0.00879367 -0.00322665
47.2 -0.00878672 -0.00326271
47.25 -0.00877376 -0.00329602
47.3 -0.00875486 -0.00332661
47.35 -0.00873009 -0.00335447
47.4 -0.0086995 -0.00337962
47.45 -0.00866318 -0.00340208
47.5 -0.00862119 -0.00342185
47.55 -0.00857362 -0.00343895
47.6 -0.00852054 -0.0034534
47.65 -0.00846204 -0.00346522
47.7 -0.00839819 -0.00347443
47.75 -0.0083291 -0.00348105
47.8 -0.00825484 -0.00348511
47.85 -0.00817551 -0.00348662
47.9 -0.00809121 -0.00348562
47.95 -0.00800202 -0.00348213
48 -0.00790806 -0.00347619
48.05 -0.00780942 -0.00346781
48.1 -0.00770621 -0.00345704
48.15 -0.00759852 -0.0034439
48.2 -0.00748647 -0.00342844
48.25 -0.00737017 -0.00341067
48.3 -0.00724973 -0.00339065
48.35 -0.00712525 -0.0033684
48.4 -0.00699685 -0.00334397
48.45 -0.00686465 -0.00331739
48.5 -0.00672877 -0.00328871
48.55 -0.00658932 -0.00325796
48.6 -0.00644641 -0.00322518
48.65 -0.00630018 -0.00319043
48.7 -0.00615074 -0.00315374
48.75 -0.00599822 -0.00311516
48.8 -0.00584273 -0.00307473
48.85 -0.00568441 -0.00303251
48.9 -0.00552337 -0.00298852
48.95 -0.00535975 -0.00294283
49 -0.00519366 -0.00289548
49.05 -0.00502524 -0.00284653
49.1 -0.00485461 -0.00279601
49.15 -0.00468191 -0.00274398
49.2 -0.00450725 -0.00269049
49.25 -0.00433076 -0.00263558
49.3 -0.00415258 -0.00257932
49.35 -0.00397283 -0.00252175
49.4 -0.00379165 -0.00246293
49.45 -0.00360915 -0.0024029
49.5 -0.00342546 -0.00234172
49.55 -0.00324072 -0.00227944
49.6 -0.00305505 -0.00221611
49.65 -0.00286858 -0.00215179
49.7 -0.00268144 -0.00208653
49.75 -0.00249374 -0.00202038
49.8 -0.00230562 -0.0019534
49.85 -0.0021172 -0.00188564
49.9 -0.0019286 -0.00181716
49.95 -0.00173995 -0.001748
50 -0.00155137 -0.00167821
