-0.498 -0.000163823 -7.01243e-05
-0.496 -0.000643854 -0.000278659
-0.494 -0.00142338 -0.0006225
-0.492 -0.00248636 -0.00109809
-0.49 -0.00381747 -0.00170142
-0.488 -0.00540218 -0.00242805
-0.486 -0.00722683 -0.00327313
-0.484 -0.00927862 -0.00423139
-0.482 -0.0115457 -0.00529714
-0.48 -0.0140172 -0.00646436
-0.478 -0.0166833 -0.0077266
-0.476 -0.0195349 -0.0090771
-0.474 -0.0225641 -0.0105087
-0.472 -0.025764 -0.0120141
-0.47 -0.0291286 -0.0135853
-0.468 -0.0326528 -0.0152144
-0.466 -0.0363324 -0.0168931
-0.464 -0.0401641 -0.0186127
-0.462 -0.0441454 -0.0203643
-0.46 -0.0482746 -0.0221389
-0.458 -0.0525504 -0.0239272
-0.456 -0.0569725 -0.0257196
-0.454 -0.0615409 -0.0275063
-0.452 -0.0662561 -0.0292775
-0.45 -0.071119 -0.031023
-0.448 -0.0761308 -0.0327327
-0.446 -0.0812929 -0.0343961
-0.444 -0.0866066 -0.0360026
-0.442 -0.0920736 -0.0375416
-0.44 -0.0976951 -0.0390023
-0.438 -0.103472 -0.0403738
-0.436 -0.109406 -0.0416452
-0.434 -0.115497 -0.0428052
-0.432 -0.121745 -0.0438428
-0.43 -0.128149 -0.0447467
-0.428 -0.134708 -0.0455055
-0.426 -0.141421 -0.0461079
-0.424 -0.148283 -0.0465423
-0.422 -0.155291 -0.0467974
-0.42 -0.16244 -0.0468615
-0.418 -0.169725 -0.0467231
-0.416 -0.177136 -0.0463705
-0.414 -0.184667 -0.045792
-0.412 -0.192306 -0.044976
-0.41 -0.200042 -0.0439107
-0.408 -0.207863 -0.0425846
-0.406 -0.215753 -0.0409857
-0.404 -0.223697 -0.0391025
-0.402 -0.231676 -0.0369232
-0.4 -0.239672 -0.0344362
-0.398 -0.247663 -0.0316299
-0.396 -0.255627 -0.0284927
-0.394 -0.263538 -0.025013
-0.392 -0.271371 -0.0211796
-0.39 -0.279097 -0.016981
-0.388 -0.286687 -0.012406
-0.386 -0.294109 -0.00744364
-0.384 -0.30133 -0.00208294
-0.382 -0.308317 0.00368682
-0.38 -0.315031 0.00987615
-0.378 -0.321436 0.0164953
-0.376 -0.327493 0.0235544
-0.374 -0.333161 0.031063
-0.372 -0.338398 0.0390306
-0.37 -0.343161 0.0474662
-0.368 -0.347408 0.0563784
-0.366 -0.351092 0.0657754
-0.364 -0.354169 0.0756648
-0.362 -0.356591 0.0860538
-0.36 -0.358313 0.096949
-0.358 -0.359288 0.108356
-0.356 -0.359467 0.120281
-0.354 -0.358804 0.132728
-0.352 -0.357251 0.1457
-0.35 -0.354762 0.159201
-0.348 -0.35129 0.173233
-0.346 -0.34679 0.187797
-0.344 -0.341216 0.202892
-0.342 -0.334525 0.218519
-0.34 -0.326674 0.234674
-0.338 -0.317621 0.251354
-0.336 -0.307328 0.268556
-0.334 -0.295756 0.286273
-0.332 -0.282869 0.304498
-0.33 -0.268633 0.323223
-0.328 -0.253017 0.342437
-0.326 -0.235991 0.36213
-0.324 -0.217528 0.382287
-0.322 -0.197605 0.402895
-0.32 -0.1762 0.423936
-0.318 -0.153296 0.445395
-0.316 -0.128875 0.46725
-0.314 -0.102928 0.48948
-0.312 -0.075444 0.512063
-0.31 -0.0464183 0.534974
-0.308 -0.0158483 0.558187
-0.306 0.0162648 0.581673
-0.304 0.0499165 0.605403
-0.302 0.085099 0.629346
-0.3 0.121801 0.653469
-0.298 0.160008 0.677737
-0.296 0.199701 0.702114
-0.294 0.24086 0.726563
-0.292 0.28346 0.751046
-0.29 0.327474 0.775523
-0.288 0.372871 0.799952
-0.286 0.419617 0.824293
-0.284 0.467676 0.848501
-0.282 0.51701 0.872533
-0.28 0.567576 0.896346
-0.278 0.619332 0.919894
-0.276 0.672232 0.943133
-0.274 0.726228 0.966017
-0.272 0.781271 0.988501
-0.27 0.83731 1.01054
-0.268 0.894293 1.03209
-0.266 0.952168 1.05311
-0.264 1.01088 1.07355
-0.262 1.07038 1.09338
-0.26 1.1306 1.11254
-0.258 1.1915 1.13101
-0.256 1.25302 1.14874
-0.254 1.31511 1.16569
-0.252 1.37771 1.18184
-0.25 1.44077 1.19714
-0.248 1.50425 1.21158
-0.246 1.56808 1.22511
-0.244 1.63223 1.23772
-0.242 1.69665 1.24939
-0.24 1.76129 1.26008
-0.238 1.82611 1.26979
-0.236 1.89108 1.27851
-0.234 1.95616 1.28621
-0.232 2.02131 1.29289
-0.23 2.08651 1.29855
-0.228 2.15173 1.30319
-0.226 2.21694 1.3068
-0.224 2.28212 1.3094
-0.222 2.34725 1.311
-0.22 2.41233 1.31159
-0.218 2.47734 1.31121
-0.216 2.54228 1.30987
-0.214 2.60714 1.3076
-0.212 2.67192 1.30441
-0.21 2.73663 1.30034
-0.208 2.80128 1.29542
-0.206 2.86587 1.28969
-0.204 2.93043 1.28318
-0.202 2.99496 1.27594
-0.2 3.0595 1.268
-0.198 3.12406 1.25943
-0.196 3.18868 1.25026
-0.194 3.25339 1.24054
-0.192 3.31821 1.23034
-0.19 3.3832 1.21971
-0.188 3.44838 1.2087
-0.186 3.51381 1.19738
-0.184 3.57952 1.1858
-0.182 3.64556 1.17404
-0.18 3.71198 1.16215
-0.178 3.77883 1.15019
-0.176 3.84617 1.13825
-0.174 3.91405 1.12638
-0.172 3.98252 1.11464
-0.17 4.05165 1.10312
-0.168 4.12148 1.09188
-0.166 4.19208 1.08098
-0.164 4.26351 1.07049
-0.162 4.33582 1.06049
-0.16 4.40908 1.05103
-0.158 4.48336 1.0422
-0.156 4.5587 1.03405
-0.154 4.63516 1.02665
-0.152 4.71282 1.02007
-0.15 4.79173 1.01437
-0.148 4.87194 1.00962
-0.146 4.95352 1.00587
-0.144 5.03652 1.00319
-0.142 5.121 1.00163
-0.14 5.20701 1.00125
-0.138 5.29461 1.00212
-0.136 5.38386 1.00428
-0.134 5.47479 1.00778
-0.132 5.56747 1.01268
-0.13 5.66193 1.01903
-0.128 5.75823 1.02687
-0.126 5.85641 1.03625
-0.124 5.95651 1.04721
-0.122 6.05857 1.05979
-0.12 6.16264 1.07404
-0.118 6.26874 1.08998
-0.116 6.37691 1.10766
-0.114 6.48718 1.1271
-0.112 6.59958 1.14835
-0.11 6.71414 1.17142
-0.108 6.83089 1.19635
-0.106 6.94983 1.22316
-0.104 7.071 1.25187
-0.102 7.1944 1.2825
-0.1 7.32006 1.31508
-0.098 7.44797 1.34961
-0.096 7.57814 1.38611
-0.094 7.71058 1.4246
-0.092 7.84528 1.46507
-0.09 7.98224 1.50754
-0.088 8.12144 1.55201
-0.086 8.26288 1.59849
-0.084 8.40652 1.64696
-0.082 8.55235 1.69742
-0.08 8.70033 1.74987
-0.078 8.85043 1.80429
-0.076 9.0026 1.86066
-0.074 9.15679 1.91898
-0.072 9.31294 1.9792
-0.07 9.471 2.04131
-0.068 9.63088 2.10527
-0.066 9.79251 2.17104
-0.064 9.9558 2.23858
-0.062 10.1206 2.30784
-0.06 10.2869 2.37876
-0.058 10.4545 2.4513
-0.056 10.6234 2.52537
-0.054 10.7932 2.60091
-0.052 10.964 2.67783
-0.05 11.1355 2.75606
-0.048 11.3076 2.83549
-0.046 11.4801 2.91602
-0.044 11.6528 2.99755
-0.042 11.8254 3.07997
-0.04 11.9978 3.16314
-0.038 12.1698 3.24693
-0.036 12.341 3.33121
-0.034 12.5112 3.41584
-0.032 12.6801 3.50065
-0.03 12.8476 3.58549
-0.028 13.0132 3.67019
-0.026 13.1767 3.75457
-0.024 13.3377 3.83847
-0.022 13.4961 3.92169
-0.02 13.6513 4.00404
-0.018 13.8031 4.08532
-0.016 13.9512 4.16535
-0.014 14.0953 4.24392
-0.012 14.2348 4.32082
-0.01 14.3697 4.39586
-0.008 14.4994 4.46882
-0.006 14.6236 4.53949
-0.004 14.7421 4.60769
-0.002 14.8544 4.6732
0 14.9602 4.73583
0.002 15.0592 4.79537
0.004 15.1511 4.85165
0.006 15.2356 4.90447
0.008 15.3124 4.95367
0.01 15.3812 4.99908
0.012 15.4417 5.04053
0.014 15.4938 5.07789
0.016 15.5371 5.111
0.018 15.5715 5.13974
0.02 15.5967 5.164
0.022 15.6126 5.18367
0.024 15.6191 5.19867
0.026 15.6159 5.20891
0.028 15.6031 5.21435
0.03 15.5805 5.21492
0.032 15.5481 5.21061
0.034 15.5058 5.20138
0.036 15.4536 5.18725
0.038 15.3916 5.16822
0.04 15.3197 5.14432
0.042 15.2381 5.11559
0.044 15.1467 5.08209
0.046 15.0458 5.04389
0.048 14.9354 5.00108
0.05 14.8157 4.95375
0.052 14.6869 4.90202
0.054 14.5492 4.84601
0.056 14.4026 4.78584
0.058 14.2476 4.72168
0.06 14.0843 4.65368
0.062 13.913 4.58199
0.064 13.734 4.50681
0.066 13.5475 4.42831
0.068 13.3539 4.34667
0.07 13.1534 4.26211
0.072 12.9464 4.17481
0.074 12.7333 4.08499
0.076 12.5143 3.99287
0.078 12.2898 3.89864
0.08 12.0601 3.80254
0.082 11.8257 3.70477
0.084 11.5868 3.60556
0.086 11.3439 3.50513
0.088 11.0973 3.4037
0.09 10.8473 3.30147
0.092 10.5944 3.19868
0.094 10.3388 3.09552
0.096 10.0811 2.9922
0.098 9.82138 2.88894
0.1 9.56016 2.78593
0.102 9.29775 2.68336
0.104 9.0345 2.58142
0.106 8.77074 2.48029
0.108 8.50681 2.38016
0.11 8.24302 2.28118
0.112 7.97969 2.18352
0.114 7.71713 2.08734
0.116 7.45564 1.99277
0.118 7.19551 1.89996
0.12 6.93703 1.80903
0.122 6.68045 1.72011
0.124 6.42605 1.6333
0.126 6.17407 1.54871
0.128 5.92475 1.46644
0.13 5.67834 1.38656
0.132 5.43503 1.30915
0.134 5.19505 1.23429
0.136 4.95859 1.16203
0.138 4.72583 1.09241
0.14 4.49696 1.02549
0.142 4.27214 0.961285
0.144 4.05151 0.899829
0.146 3.83523 0.841136
0.148 3.62342 0.785213
0.15 3.4162 0.732061
0.152 3.21369 0.681673
0.154 3.01598 0.634034
0.156 2.82315 0.589125
0.158 2.6353 0.546915
0.16 2.45248 0.507373
0.162 2.27476 0.470457
0.164 2.10217 0.436121
0.166 1.93476 0.404315
0.168 1.77255 0.374981
0.17 1.61557 0.34806
0.172 1.46382 0.323485
0.174 1.31729 0.301187
0.176 1.176 0.281093
0.178 1.0399 0.263128
0.18 0.908991 0.247211
0.182 0.783227 0.23326
0.184 0.662569 0.221192
0.186 0.54697 0.210919
0.188 0.436374 0.202355
0.19 0.330719 0.195409
0.192 0.229937 0.189991
0.194 0.133953 0.18601
0.196 0.0426869 0.183375
0.198 -0.0439481 0.181993
0.2 -0.126043 0.181772
0.202 -0.203694 0.182622
0.204 -0.277001 0.184452
0.206 -0.34607 0.187171
0.208 -0.41101 0.19069
0.21 -0.471932 0.194922
0.212 -0.528954 0.19978
0.214 -0.582193 0.205179
0.216 -0.631771 0.211037
0.218 -0.677811 0.217272
0.22 -0.720438 0.223805
0.222 -0.759781 0.230561
0.224 -0.795966 0.237464
0.226 -0.829124 0.244444
0.228 -0.859384 0.25143
0.23 -0.886877 0.258358
0.232 -0.911732 0.265163
0.234 -0.93408 0.271785
0.236 -0.95405 0.278166
0.238 -0.971771 0.284253
0.24 -0.987369 0.289995
0.242 -1.00097 0.295343
0.244 -1.0127 0.300252
0.246 -1.02268 0.304683
0.248 -1.03102 0.308597
0.25 -1.03786 0.311959
0.252 -1.04329 0.314738
0.254 -1.04743 0.316908
0.256 -1.0504 0.318444
0.258 -1.05228 0.319325
0.26 -1.0532 0.319534
0.262 -1.05323 0.319058
0.264 -1.05248 0.317887
0.266 -1.05103 0.316012
0.268 -1.04897 0.313432
0.27 -1.04638 0.310146
0.272 -1.04333 0.306156
0.274 -1.0399 0.30147
0.276 -1.03614 0.296095
0.278 -1.03213 0.290046
0.28 -1.02792 0.283336
0.282 -1.02356 0.275985
0.284 -1.0191 0.268012
0.286 -1.01458 0.259442
0.288 -1.01003 0.250299
0.29 -1.0055 0.240613
0.292 -1.001 0.230413
0.294 -0.996567 0.219733
0.296 -0.992214 0.208605
0.298 -0.987958 0.197066
0.3 -0.983808 0.185154
0.302 -0.979771 0.172906
0.304 -0.97585 0.160363
0.306 -0.972043 0.147566
0.308 -0.968347 0.134556
0.31 -0.964752 0.121375
0.312 -0.961248 0.108066
0.314 -0.957821 0.094671
0.316 -0.954455 0.0812329
0.318 -0.95113 0.067794
0.32 -0.947825 0.0543963
0.322 -0.944518 0.0410811
0.324 -0.941183 0.0278891
0.326 -0.937795 0.0148598
0.328 -0.934325 0.00203177
0.33 -0.930747 -0.0105577
0.332 -0.92703 -0.0228728
0.334 -0.923146 -0.0348793
0.336 -0.919065 -0.0465447
0.338 -0.914759 -0.0578381
0.34 -0.910197 -0.0687308
0.342 -0.905352 -0.079196
0.344 -0.900197 -0.089209
0.346 -0.894703 -0.0987474
0.348 -0.888846 -0.107791
0.35 -0.882602 -0.116322
0.352 -0.875949 -0.124324
0.354 -0.868865 -0.131785
0.356 -0.861331 -0.138694
0.358 -0.853331 -0.145041
0.36 -0.844849 -0.150822
0.362 -0.835874 -0.156032
0.364 -0.826394 -0.160671
0.366 -0.816403 -0.164738
0.368 -0.805893 -0.168237
0.37 -0.794864 -0.171173
0.372 -0.783313 -0.173554
0.374 -0.771244 -0.175388
0.376 -0.758661 -0.176687
0.378 -0.745571 -0.177465
0.38 -0.731984 -0.177735
0.382 -0.717913 -0.177514
0.384 -0.703371 -0.176819
0.386 -0.688376 -0.175671
0.388 -0.672948 -0.174088
0.39 -0.657107 -0.172094
0.392 -0.640877 -0.169709
0.394 -0.624284 -0.166958
0.396 -0.607354 -0.163865
0.398 -0.590117 -0.160453
0.4 -0.572603 -0.156749
0.402 -0.554844 -0.152778
0.404 -0.536873 -0.148565
0.406 -0.518725 -0.144136
0.408 -0.500435 -0.139516
0.41 -0.482038 -0.134732
0.412 -0.463572 -0.129808
0.414 -0.445073 -0.12477
0.416 -0.426579 -0.119641
0.418 -0.408128 -0.114445
0.42 -0.389756 -0.109207
0.422 -0.371501 -0.103947
0.424 -0.3534 -0.0986882
0.426 -0.335489 -0.0934504
0.428 -0.317804 -0.0882534
0.43 -0.300379 -0.083116
0.432 -0.283247 -0.0780556
0.434 -0.266443 -0.0730885
0.436 -0.249996 -0.0682301
0.438 -0.233937 -0.0634943
0.44 -0.218294 -0.0588938
0.442 -0.203093 -0.0544402
0.444 -0.18836 -0.0501436
0.446 -0.174118 -0.0460132
0.448 -0.160387 -0.0420566
0.45 -0.147186 -0.0382803
0.452 -0.134534 -0.0346895
0.454 -0.122443 -0.0312882
0.456 -0.110927 -0.0280792
0.458 -0.0999967 -0.0250643
0.46 -0.0896591 -0.0222439
0.462 -0.0799201 -0.0196175
0.464 -0.0707832 -0.0171837
0.466 -0.0622494 -0.0149398
0.468 -0.0543172 -0.0128825
0.47 -0.0469831 -0.0110073
0.472 -0.0402412 -0.00930939
0.474 -0.0340836 -0.00778276
0.476 -0.0284999 -0.00642098
0.478 -0.023478 -0.00521699
0.48 -0.0190034 -0.0041632
0.482 -0.0150601 -0.0032516
0.484 -0.0116299 -0.00247378
0.486 -0.0086933 -0.00182107
0.488 -0.00622884 -0.00128457
0.49 -0.00421382 -0.00085525
0.492 -0.00262416 -0.000524014
0.494 -0.00143464 -0.000281778
0.496 -0.00061897 -0.000119548
0.498 -0.000150034 -2.84891e-05
0.05 6.62061 2.18727
0.1 6.62055 2.18717
0.15 6.62045 2.18699
0.2 6.62031 2.18673
0.25 6.62013 2.18641
0.3 6.61992 2.18601
0.35 6.61966 2.18555
0.4 6.61936 2.18501
0.45 6.61902 2.1844
0.5 6.61865 2.18371
0.55 6.61823 2.18296
0.6 6.61777 2.18213
0.65 6.61727 2.18123
0.7 6.61672 2.18026
0.75 6.61614 2.17922
0.8 6.61551 2.17811
0.85 6.61484 2.17693
0.9 6.61413 2.17567
0.95 6.61337 2.17435
1 6.61257 2.17295
1.05 6.61173 2.17148
1.1 6.61084 2.16994
1.15 6.6099 2.16833
1.2 6.60892 2.16665
1.25 6.60789 2.1649
1.3 6.60681 2.16308
1.35 6.60568 2.16119
1.4 6.60451 2.15923
1.45 6.60328 2.1572
1.5 6.60201 2.15511
1.55 6.60068 2.15294
1.6 6.5993 2.1507
1.65 6.59787 2.14839
1.7 6.59639 2.14602
1.75 6.59485 2.14357
1.8 6.59326 2.14106
1.85 6.59161 2.13848
1.9 6.5899 2.13583
1.95 6.58814 2.13311
2 6.58632 2.13033
2.05 6.58444 2.12748
2.1 6.58249 2.12456
2.15 6.58049 2.12157
2.2 6.57842 2.11852
2.25 6.57629 2.1154
2.3 6.57409 2.11222
2.35 6.57183 2.10896
2.4 6.56951 2.10565
2.45 6.56711 2.10227
2.5 6.56465 2.09882
2.55 6.56211 2.09531
2.6 6.55951 2.09173
2.65 6.55683 2.08809
2.7 6.55408 2.08439
2.75 6.55125 2.08062
2.8 6.54835 2.07679
2.85 6.54537 2.0729
2.9 6.54231 2.06894
2.95 6.53918 2.06493
3 6.53596 2.06085
3.05 6.53267 2.05671
3.1 6.52928 2.0525
3.15 6.52582 2.04824
3.2 6.52227 2.04392
3.25 6.51863 2.03954
3.3 6.51491 2.03509
3.35 6.5111 2.03059
3.4 6.50719 2.02603
3.45 6.5032 2.02141
3.5 6.49911 2.01673
3.55 6.49493 2.012
3.6 6.49065 2.0072
3.65 6.48627 2.00236
3.7 6.4818 1.99745
3.75 6.47723 1.99249
3.8 6.47256 1.98747
3.85 6.46779 1.9824
3.9 6.46291 1.97727
3.95 6.45793 1.97209
4 6.45284 1.96686
4.05 6.44765 1.96157
4.1 6.44235 1.95623
4.15 6.43694 1.95084
4.2 6.43142 1.94539
4.25 6.42579 1.9399
4.3 6.42004 1.93435
4.35 6.41418 1.92876
4.4 6.40821 1.92311
4.45 6.40212 1.91741
4.5 6.39591 1.91167
4.55 6.38958 1.90588
4.6 6.38313 1.90004
4.65 6.37656 1.89415
4.7 6.36987 1.88822
4.75 6.36306 1.88224
4.8 6.35612 1.87621
4.85 6.34905 1.87014
4.9 6.34186 1.86403
4.95 6.33454 1.85787
5 6.32709 1.85167
5.05 6.31951 1.84542
5.1 6.3118 1.83914
5.15 6.30395 1.83281
5.2 6.29597 1.82644
5.25 6.28786 1.82003
5.3 6.27962 1.81358
5.35 6.27123 1.8071
5.4 6.26271 1.80057
5.45 6.25405 1.79401
5.5 6.24526 1.78741
5.55 6.23632 1.78077
5.6 6.22724 1.7741
5.65 6.21802 1.76739
5.7 6.20866 1.76065
5.75 6.19915 1.75387
5.8 6.1895 1.74706
5.85 6.17971 1.74022
5.9 6.16977 1.73334
5.95 6.15968 1.72644
6 6.14945 1.7195
6.05 6.13906 1.71253
6.1 6.12854 1.70554
6.15 6.11786 1.69851
6.2 6.10703 1.69146
6.25 6.09605 1.68438
6.3 6.08492 1.67728
6.35 6.07365 1.67014
6.4 6.06221 1.66299
6.45 6.05063 1.65581
6.5 6.0389 1.6486
6.55 6.02701 1.64137
6.6 6.01497 1.63412
6.65 6.00278 1.62685
6.7 5.99043 1.61956
6.75 5.97793 1.61225
6.8 5.96527 1.60491
6.85 5.95246 1.59756
6.9 5.9395 1.59019
6.95 5.92638 1.58281
7 5.9131 1.57541
7.05 5.89967 1.56799
7.1 5.88609 1.56056
7.15 5.87235 1.55311
7.2 5.85845 1.54565
7.25 5.8444 1.53817
7.3 5.8302 1.53069
7.35 5.81584 1.52319
7.4 5.80132 1.51569
7.45 5.78665 1.50817
7.5 5.77183 1.50064
7.55 5.75685 1.49311
7.6 5.74172 1.48557
7.65 5.72644 1.47802
7.7 5.711 1.47047
7.75 5.69541 1.46291
7.8 5.67967 1.45535
7.85 5.66377 1.44778
7.9 5.64773 1.44021
7.95 5.63153 1.43264
8 5.61518 1.42507
8.05 5.59868 1.41749
8.1 5.58204 1.40992
8.15 5.56524 1.40235
8.2 5.5483 1.39478
8.25 5.5312 1.38721
8.3 5.51397 1.37965
8.35 5.49658 1.37209
8.4 5.47905 1.36453
8.45 5.46138 1.35698
8.5 5.44357 1.34944
8.55 5.42561 1.3419
8.6 5.40751 1.33437
8.65 5.38927 1.32685
8.7 5.37089 1.31934
8.75 5.35237 1.31184
8.8 5.33371 1.30435
8.85 5.31492 1.29687
8.9 5.29599 1.28941
8.95 5.27693 1.28196
9 5.25774 1.27452
9.05 5.23841 1.26709
9.1 5.21895 1.25969
9.15 5.19937 1.25229
9.2 5.17966 1.24492
9.25 5.15982 1.23756
9.3 5.13985 1.23022
9.35 5.11976 1.2229
9.4 5.09955 1.2156
9.45 5.07922 1.20832
9.5 5.05877 1.20106
9.55 5.0382 1.19382
9.6 5.01751 1.18661
9.65 4.99671 1.17941
9.7 4.9758 1.17225
9.75 4.95478 1.1651
9.8 4.93364 1.15798
9.85 4.9124 1.15089
9.9 4.89105 1.14383
9.95 4.8696 1.13679
10 4.84804 1.12978
10.05 4.82638 1.1228
10.1 4.80463 1.11585
10.15 4.78277 1.10892
10.2 4.76082 1.10203
10.25 4.73877 1.09517
10.3 4.71664 1.08834
10.35 4.69441 1.08155
10.4 4.67209 1.07478
10.45 4.64969 1.06805
10.5 4.62721 1.06136
10.55 4.60464 1.0547
10.6 4.58199 1.04808
10.65 4.55926 1.04149
10.7 4.53646 1.03493
10.75 4.51358 1.02842
10.8 4.49063 1.02194
10.85 4.46761 1.0155
10.9 4.44453 1.00911
10.95 4.42137 1.00275
11 4.39816 0.996425
11.05 4.37488 0.990145
11.1 4.35154 0.983906
11.15 4.32815 0.977709
11.2 4.3047 0.971553
11.25 4.2812 0.96544
11.3 4.25764 0.95937
11.35 4.23404 0.953344
11.4 4.21039 0.947361
11.45 4.1867 0.941423
11.5 4.16297 0.935529
11.55 4.1392 0.929681
11.6 4.11539 0.923878
11.65 4.09154 0.918121
11.7 4.06767 0.912411
11.75 4.04376 0.906748
11.8 4.01982 0.901131
11.85 3.99586 0.895563
11.9 3.97188 0.890042
11.95 3.94788 0.88457
12 3.92385 0.879147
12.05 3.89981 0.873772
12.1 3.87576 0.868447
12.15 3.85169 0.863172
12.2 3.82762 0.857946
12.25 3.80353 0.852771
12.3 3.77945 0.847647
12.35 3.75536 0.842573
12.4 3.73127 0.837551
12.45 3.70718 0.832579
12.5 3.6831 0.82766
12.55 3.65902 0.822792
12.6 3.63495 0.817976
12.65 3.61089 0.813213
12.7 3.58685 0.808502
12.75 3.56282 0.803844
12.8 3.53881 0.799239
12.85 3.51482 0.794686
12.9 3.49086 0.790187
12.95 3.46692 0.785742
13 3.443 0.781349
13.05 3.41912 0.777011
13.1 3.39526 0.772726
13.15 3.37144 0.768494
13.2 3.34766 0.764317
13.25 3.32391 0.760194
13.3 3.30021 0.756124
13.35 3.27654 0.752109
13.4 3.25293 0.748148
13.45 3.22935 0.744241
13.5 3.20583 0.740389
13.55 3.18236 0.73659
13.6 3.15894 0.732846
13.65 3.13558 0.729156
13.7 3.11227 0.72552
13.75 3.08902 0.721938
13.8 3.06584 0.71841
13.85 3.04271 0.714937
13.9 3.01966 0.711517
13.95 2.99667 0.708151
14 2.97374 0.70484
14.05 2.95089 0.701581
14.1 2.92812 0.698377
14.15 2.90541 0.695225
14.2 2.88279 0.692128
14.25 2.86024 0.689083
14.3 2.83777 0.686091
14.35 2.81539 0.683152
14.4 2.79309 0.680266
14.45 2.77087 0.677433
14.5 2.74874 0.674651
14.55 2.7267 0.671922
14.6 2.70475 0.669244
14.65 2.6829 0.666619
14.7 2.66114 0.664044
14.75 2.63947 0.661521
14.8 2.6179 0.659048
14.85 2.59643 0.656626
14.9 2.57506 0.654255
14.95 2.55379 0.651933
15 2.53263 0.649661
15.05 2.51157 0.647439
15.1 2.49061 0.645265
15.15 2.46976 0.64314
15.2 2.44903 0.641064
15.25 2.4284 0.639035
15.3 2.40788 0.637055
15.35 2.38748 0.635121
15.4 2.36719 0.633235
15.45 2.34701 0.631395
15.5 2.32695 0.629601
15.55 2.30701 0.627852
15.6 2.28719 0.626149
15.65 2.26749 0.624491
15.7 2.24791 0.622877
15.75 2.22845 0.621307
15.8 2.20911 0.619781
15.85 2.1899 0.618298
15.9 2.17081 0.616857
15.95 2.15184 0.615458
16 2.13301 0.614101
16.05 2.1143 0.612785
16.1 2.09572 0.61151
16.15 2.07727 0.610275
16.2 2.05894 0.609079
16.25 2.04075 0.607922
16.3 2.02269 0.606804
16.35 2.00476 0.605724
16.4 1.98697 0.604681
16.45 1.9693 0.603675
16.5 1.95177 0.602706
16.55 1.93438 0.601772
16.6 1.91712 0.600874
16.65 1.89999 0.60001
16.7 1.883 0.59918
16.75 1.86614 0.598383
16.8 1.84943 0.59762
16.85 1.83285 0.596888
16.9 1.8164 0.596188
16.95 1.80009 0.59552
17 1.78392 0.594881
17.05 1.76789 0.594273
17.1 1.752 0.593693
17.15 1.73624 0.593143
17.2 1.72063 0.59262
17.25 1.70515 0.592124
17.3 1.68981 0.591655
17.35 1.6746 0.591212
17.4 1.65954 0.590794
17.45 1.64462 0.590401
17.5 1.62983 0.590033
17.55 1.61518 0.589687
17.6 1.60067 0.589364
17.65 1.5863 0.589063
17.7 1.57207 0.588784
17.75 1.55797 0.588525
17.8 1.54401 0.588287
17.85 1.53019 0.588067
17.9 1.51651 0.587867
17.95 1.50296 0.587684
18 1.48955 0.587519
18.05 1.47627 0.587371
18.1 1.46313 0.587238
18.15 1.45013 0.587121
18.2 1.43726 0.587019
18.25 1.42453 0.58693
18.3 1.41193 0.586855
18.35 1.39946 0.586792
18.4 1.38713 0.586742
18.45 1.37492 0.586702
18.5 1.36285 0.586674
18.55 1.35092 0.586655
18.6 1.33911 0.586645
18.65 1.32743 0.586644
18.7 1.31588 0.586651
18.75 1.30446 0.586665
18.8 1.29317 0.586685
18.85 1.282 0.586711
18.9 1.27097 0.586743
18.95 1.26005 0.586779
19 1.24927 0.586819
19.05 1.2386 0.586862
19.1 1.22806 0.586908
19.15 1.21764 0.586955
19.2 1.20735 0.587004
19.25 1.19717 0.587053
19.3 1.18711 0.587103
19.35 1.17717 0.587151
19.4 1.16735 0.587198
19.45 1.15765 0.587244
19.5 1.14806 0.587287
19.55 1.13859 0.587326
19.6 1.12923 0.587362
19.65 1.11999 0.587393
19.7 1.11085 0.587419
19.75 1.10183 0.587439
19.8 1.09292 0.587454
19.85 1.08411 0.587461
19.9 1.07542 0.587461
19.95 1.06683 0.587452
20 1.05834 0.587435
20.05 1.04996 0.587409
20.1 1.04169 0.587373
20.15 1.03351 0.587327
20.2 1.02544 0.58727
20.25 1.01746 0.587201
20.3 1.00959 0.587121
20.35 1.00181 0.587027
20.4 0.994129 0.586921
20.45 0.986543 0.586801
20.5 0.97905 0.586667
20.55 0.97165 0.586519
20.6 0.964341 0.586355
20.65 0.957123 0.586176
20.7 0.949994 0.58598
20.75 0.942953 0.585768
20.8 0.935998 0.585539
20.85 0.929128 0.585292
20.9 0.922343 0.585028
20.95 0.915641 0.584745
21 0.90902 0.584443
21.05 0.90248 0.584122
21.1 0.896019 0.583781
21.15 0.889636 0.58342
21.2 0.883329 0.583038
21.25 0.877099 0.582635
21.3 0.870942 0.582211
21.35 0.864858 0.581766
21.4 0.858846 0.581298
21.45 0.852905 0.580808
21.5 0.847032 0.580294
21.55 0.841228 0.579758
21.6 0.83549 0.579198
21.65 0.829818 0.578615
21.7 0.824211 0.578007
21.75 0.818666 0.577375
21.8 0.813183 0.576718
21.85 0.807761 0.576036
21.9 0.802398 0.575329
21.95 0.797094 0.574596
22 0.791846 0.573837
22.05 0.786655 0.573052
22.1 0.781518 0.572241
22.15 0.776434 0.571403
22.2 0.771403 0.570538
22.25 0.766422 0.569646
22.3 0.761492 0.568727
22.35 0.75661 0.567781
22.4 0.751776 0.566807
22.45 0.746989 0.565805
22.5 0.742247 0.564775
22.55 0.737549 0.563717
22.6 0.732894 0.562631
22.65 0.728281 0.561517
22.7 0.723709 0.560374
22.75 0.719177 0.559202
22.8 0.714684 0.558001
22.85 0.710228 0.556772
22.9 0.70581 0.555514
22.95 0.701426 0.554227
23 0.697078 0.55291
23.05 0.692763 0.551565
23.1 0.68848 0.550191
23.15 0.684229 0.548787
23.2 0.680009 0.547354
23.25 0.675818 0.545891
23.3 0.671656 0.5444
23.35 0.667522 0.542879
23.4 0.663415 0.541329
23.45 0.659334 0.53975
23.5 0.655277 0.538141
23.55 0.651245 0.536504
23.6 0.647236 0.534837
23.65 0.643249 0.533141
23.7 0.639284 0.531416
23.75 0.63534 0.529663
23.8 0.631416 0.52788
23.85 0.627511 0.526069
23.9 0.623624 0.524229
23.95 0.619755 0.52236
24 0.615902 0.520463
24.05 0.612066 0.518538
24.1 0.608245 0.516585
24.15 0.604439 0.514604
24.2 0.600646 0.512595
24.25 0.596867 0.510558
24.3 0.593101 0.508494
24.35 0.589346 0.506402
24.4 0.585603 0.504283
24.45 0.581871 0.502138
24.5 0.578149 0.499965
24.55 0.574436 0.497766
24.6 0.570733 0.495541
24.65 0.567038 0.49329
24.7 0.56335 0.491013
24.75 0.559671 0.48871
24.8 0.555998 0.486382
24.85 0.552331 0.484029
24.9 0.548671 0.481651
24.95 0.545016 0.479249
25 0.541366 0.476822
25.05 0.53772 0.474372
25.1 0.534079 0.471897
25.15 0.530442 0.4694
25.2 0.526808 0.466879
25.25 0.523177 0.464335
25.3 0.519549 0.461769
25.35 0.515924 0.459181
25.4 0.5123 0.456571
25.45 0.508679 0.45394
25.5 0.505059 0.451287
25.55 0.50144 0.448614
25.6 0.497822 0.445921
25.65 0.494205 0.443207
25.7 0.490589 0.440474
25.75 0.486973 0.437721
25.8 0.483357 0.434949
25.85 0.479741 0.432159
25.9 0.476125 0.429351
25.95 0.472509 0.426524
26 0.468892 0.423681
26.05 0.465275 0.42082
26.1 0.461657 0.417943
26.15 0.458039 0.415049
26.2 0.454419 0.41214
26.25 0.450799 0.409216
26.3 0.447178 0.406276
26.35 0.443556 0.403322
26.4 0.439932 0.400354
26.45 0.436308 0.397372
26.5 0.432683 0.394377
26.55 0.429057 0.391368
26.6 0.42543 0.388348
26.65 0.421801 0.385315
26.7 0.418173 0.382271
26.75 0.414543 0.379216
26.8 0.410912 0.376151
26.85 0.407281 0.373075
26.9 0.40365 0.369989
26.95 0.400018 0.366894
27 0.396385 0.36379
27.05 0.392753 0.360678
27.1 0.38912 0.357557
27.15 0.385488 0.354429
27.2 0.381855 0.351295
27.25 0.378223 0.348153
27.3 0.374592 0.345005
27.35 0.370962 0.341852
27.4 0.367333 0.338694
27.45 0.363704 0.33553
27.5 0.360078 0.332363
27.55 0.356453 0.329191
27.6 0.352829 0.326016
27.65 0.349208 0.322838
27.7 0.34559 0.319658
27.75 0.341974 0.316475
27.8 0.33836 0.313291
27.85 0.33475 0.310106
27.9 0.331144 0.30692
27.95 0.327541 0.303734
28 0.323942 0.300548
28.05 0.320347 0.297363
28.1 0.316757 0.294179
28.15 0.313172 0.290996
28.2 0.309592 0.287816
28.25 0.306018 0.284638
28.3 0.302449 0.281463
28.35 0.298887 0.278291
28.4 0.295331 0.275122
28.45 0.291782 0.271958
28.5 0.28824 0.268799
28.55 0.284705 0.265645
28.6 0.281179 0.262496
28.65 0.27766 0.259353
28.7 0.27415 0.256216
28.75 0.270649 0.253086
28.8 0.267158 0.249963
28.85 0.263675 0.246848
28.9 0.260203 0.24374
28.95 0.256741 0.240641
29 0.25329 0.237551
29.05 0.24985 0.23447
29.1 0.246421 0.231398
29.15 0.243004 0.228336
29.2 0.239599 0.225285
29.25 0.236207 0.222244
29.3 0.232828 0.219214
29.35 0.229461 0.216196
29.4 0.226109 0.213189
29.45 0.22277 0.210195
29.5 0.219446 0.207213
29.55 0.216136 0.204244
29.6 0.212841 0.201288
29.65 0.209562 0.198346
29.7 0.206298 0.195418
29.75 0.203051 0.192504
29.8 0.19982 0.189604
29.85 0.196606 0.186719
29.9 0.193409 0.18385
29.95 0.190229 0.180996
30 0.187068 0.178157
30.05 0.183924 0.175335
30.1 0.180799 0.172529
30.15 0.177693 0.16974
30.2 0.174607 0.166968
30.25 0.171539 0.164213
30.3 0.168492 0.161476
30.35 0.165465 0.158757
30.4 0.162458 0.156055
30.45 0.159472 0.153372
30.5 0.156507 0.150708
30.55 0.153563 0.148062
30.6 0.150641 0.145435
30.65 0.147741 0.142828
30.7 0.144864 0.14024
30.75 0.142009 0.137672
30.8 0.139177 0.135124
30.85 0.136368 0.132596
30.9 0.133582 0.130089
30.95 0.13082 0.127602
31 0.128082 0.125136
31.05 0.125367 0.122691
31.1 0.122678 0.120267
31.15 0.120013 0.117864
31.2 0.117372 0.115483
31.25 0.114757 0.113123
31.3 0.112167 0.110785
31.35 0.109603 0.108469
31.4 0.107064 0.106176
31.45 0.104551 0.103904
31.5 0.102065 0.101655
31.55 0.0996042 0.0994283
31.6 0.0971702 0.0972243
31.65 0.0947628 0.095043
31.7 0.0923822 0.0928845
31.75 0.0900285 0.0907489
31.8 0.0877019 0.0886364
31.85 0.0854026 0.086547
31.9 0.0831306 0.0844808
31.95 0.0808861 0.0824378
32 0.0786693 0.0804182
32.05 0.0764801 0.0784221
32.1 0.0743188 0.0764494
32.15 0.0721855 0.0745002
32.2 0.0700801 0.0725746
32.25 0.0680029 0.0706726
32.3 0.0659538 0.0687943
32.35 0.0639331 0.0669396
32.4 0.0619406 0.0651087
32.45 0.0599765 0.0633015
32.5 0.0580408 0.061518
32.55 0.0561336 0.0597583
32.6 0.0542548 0.0580223
32.65 0.0524046 0.0563101
32.7 0.0505829 0.0546215
32.75 0.0487898 0.0529568
32.8 0.0470252 0.0513157
32.85 0.0452891 0.0496983
32.9 0.0435816 0.0481045
32.95 0.0419025 0.0465343
33 0.040252 0.0449877
33.05 0.0386299 0.0434647
33.1 0.0370362 0.0419651
33.15 0.0354709 0.0404889
33.2 0.0339339 0.039036
33.25 0.0324251 0.0376065
33.3 0.0309445 0.0362001
33.35 0.029492 0.034817
33.4 0.0280675 0.0334568
33.45 0.0266709 0.0321197
33.5 0.0253022 0.0308054
33.55 0.0239612 0.0295139
33.6 0.0226478 0.0282451
33.65 0.0213619 0.0269989
33.7 0.0201034 0.0257752
33.75 0.0188721 0.0245738
33.8 0.017668 0.0233948
33.85 0.0164908 0.0222378
33.9 0.0153405 0.0211029
33.95 0.0142168 0.0199898
34 0.0131196 0.0188985
34.05 0.0120488 0.0178288
34.1 0.0110042 0.0167806
34.15 0.00998558 0.0157538
34.2 0.00899278 0.0147481
34.25 0.00802562 0.0137635
34.3 0.00708389 0.0127997
34.35 0.00616741 0.0118567
34.4 0.00527596 0.0109343
34.45 0.00440935 0.0100323
34.5 0.00356736 0.00915052
34.55 0.00274977 0.00828883
34.6 0.00195636 0.00744705
34.65 0.0011869 0.006625
34.7 0.000441154 0.00582251
34.75 -0.000281104 0.0050394
34.8 -0.000980118 0.00427548
34.85 -0.00165613 0.00353057
34.9 -0.0023094 0.00280448
34.95 -0.00294016 0.00209703
35 -0.00354868 0.00140802
35.05 -0.00413522 0.000737259
35.1 -0.00470004 8.45502e-05
35.15 -0.0052434 -0.000550304
35.2 -0.00576558 -0.0011675
35.25 -0.00626685 -0.00176725
35.3 -0.00674749 -0.00234974
35.35 -0.00720776 -0.00291519
35.4 -0.00764797 -0.0034638
35.45 -0.00806838 -0.00399578
35.5 -0.00846929 -0.00451134
35.55 -0.00885098 -0.00501069
35.6 -0.00921375 -0.00549403
35.65 -0.0095579 -0.0059616
35.7 -0.00988371 -0.00641359
35.75 -0.0101915 -0.00685022
35.8 -0.0104815 -0.00727172
35.85 -0.0107541 -0.00767829
35.9 -0.0110096 -0.00807016
35.95 -0.0112482 -0.00844754
36 -0.0114703 -0.00881066
36.05 -0.0116762 -0.00915972
36.1 -0.0118662 -0.00949496
36.15 -0.0120406 -0.0098166
36.2 -0.0121996 -0.0101248
36.25 -0.0123437 -0.0104199
36.3 -0.0124732 -0.0107021
36.35 -0.0125882 -0.0109715
36.4 -0.0126892 -0.0112284
36.45 -0.0127765 -0.011473
36.5 -0.0128503 -0.0117056
36.55 -0.012911 -0.0119263
36.6 -0.0129589 -0.0121355
36.65 -0.0129943 -0.0123332
36.7 -0.0130175 -0.0125198
36.75 -0.0130288 -0.0126953
36.8 -0.0130285 -0.0128602
36.85 -0.013017 -0.0130145
36.9 -0.0129945 -0.0131586
36.95 -0.0129614 -0.0132925
37 -0.0129179 -0.0134166
37.05 -0.0128644 -0.013531
37.1 -0.0128011 -0.013636
37.15 -0.0127284 -0.0137318
37.2 -0.0126465 -0.0138186
37.25 -0.0125558 -0.0138965
37.3 -0.0124565 -0.0139659
37.35 -0.012349 -0.0140268
37.4 -0.0122335 -0.0140797
37.45 -0.0121104 -0.0141245
37.5 -0.0119799 -0.0141616
37.55 -0.0118422 -0.0141911
37.6 -0.0116978 -0.0142132
37.65 -0.0115468 -0.0142282
37.7 -0.0113896 -0.0142363
37.75 -0.0112263 -0.0142376
37.8 -0.0110574 -0.0142323
37.85 -0.0108831 -0.0142206
37.9 -0.0107036 -0.0142028
37.95 -0.0105191 -0.014179
38 -0.0103301 -0.0141494
38.05 -0.0101366 -0.0141142
38.1 -0.00993907 -0.0140735
38.15 -0.00973764 -0.0140276
38.2 -0.00953259 -0.0139767
38.25 -0.00932417 -0.0139209
38.3 -0.00911262 -0.0138603
38.35 -0.00889818 -0.0137953
38.4 -0.00868108 -0.0137258
38.45 -0.00846157 -0.0136522
38.5 -0.00823987 -0.0135746
38.55 -0.00801621 -0.0134931
38.6 -0.0077908 -0.0134079
38.65 -0.00756387 -0.0133193
38.7 -0.00733564 -0.0132272
38.75 -0.0071063 -0.0131319
38.8 -0.00687608 -0.0130336
38.85 -0.00664517 -0.0129324
38.9 -0.00641377 -0.0128284
38.95 -0.00618209 -0.0127219
39 -0.0059503 -0.0126128
39.05 -0.00571861 -0.0125015
39.1 -0.00548718 -0.012388
39.15 -0.00525621 -0.0122724
39.2 -0.00502586 -0.012155
39.25 -0.00479631 -0.0120358
39.3 -0.00456773 -0.011915
39.35 -0.00434028 -0.0117926
39.4 -0.00411411 -0.0116689
39.45 -0.00388939 -0.0115439
39.5 -0.00366626 -0.0114178
39.55 -0.00344487 -0.0112906
39.6 -0.00322536 -0.0111626
39.65 -0.00300788 -0.0110338
39.7 -0.00279255 -0.0109043
39.75 -0.0025795 -0.0107742
39.8 -0.00236886 -0.0106437
39.85 -0.00216075 -0.0105128
39.9 -0.0019553 -0.0103817
39.95 -0.0017526 -0.0102504
40 -0.00155277 -0.010119
40.05 -0.00135592 -0.00998768
40.1 -0.00116215 -0.00985646
40.15 -0.000971543 -0.00972546
40.2 -0.000784204 -0.00959475
40.25 -0.000600218 -0.00946441
40.3 -0.000419669 -0.00933454
40.35 -0.000242637 -0.0092052
40.4 -6.91985e-05 -0.00907648
40.45 0.000100575 -0.00894844
40.5 0.000266615 -0.00882116
40.55 0.000428858 -0.00869471
40.6 0.000587243 -0.00856916
40.65 0.000741713 -0.00844456
40.7 0.000892217 -0.00832098
40.75 0.00103871 -0.00819848
40.8 0.00118113 -0.00807711
40.85 0.00131946 -0.00795694
40.9 0.00145365 -0.007838
40.95 0.00158366 -0.00772037
41 0.00170947 -0.00760407
41.05 0.00183106 -0.00748916
41.1 0.00194839 -0.00737568
41.15 0.00206144 -0.00726367
41.2 0.00217021 -0.00715318
41.25 0.00227468 -0.00704423
41.3 0.00237484 -0.00693687
41.35 0.00247068 -0.00683113
41.4 0.00256221 -0.00672703
41.45 0.00264941 -0.00662461
41.5 0.0027323 -0.00652389
41.55 0.00281088 -0.0064249
41.6 0.00288516 -0.00632767
41.65 0.00295516 -0.0062322
41.7 0.00302088 -0.00613853
41.75 0.00308236 -0.00604667
41.8 0.0031396 -0.00595664
41.85 0.00319263 -0.00586844
41.9 0.00324149 -0.0057821
41.95 0.0032862 -0.00569762
42 0.00332678 -0.00561501
42.05 0.00336328 -0.00553428
42.1 0.00339574 -0.00545543
42.15 0.00342419 -0.00537847
42.2 0.00344867 -0.0053034
42.25 0.00346922 -0.00523022
42.3 0.0034859 -0.00515893
42.35 0.00349876 -0.00508952
42.4 0.00350783 -0.005022
42.45 0.00351318 -0.00495636
42.5 0.00351485 -0.00489259
42.55 0.00351291 -0.00483069
42.6 0.00350741 -0.00477064
42.65 0.00349842 -0.00471243
42.7 0.00348599 -0.00465606
42.75 0.00347018 -0.00460151
42.8 0.00345106 -0.00454877
42.85 0.0034287 -0.00449782
42.9 0.00340316 -0.00444864
42.95 0.00337452 -0.00440123
43 0.00334284 -0.00435555
43.05 0.00330819 -0.0043116
43.1 0.00327064 -0.00426934
43.15 0.00323028 -0.00422877
43.2 0.00318717 -0.00418986
43.25 0.00314138 -0.00415258
43.3 0.00309301 -0.00411691
43.35 0.00304211 -0.00408283
43.4 0.00298878 -0.00405031
43.45 0.00293308 -0.00401933
43.5 0.00287511 -0.00398986
43.55 0.00281493 -0.00396187
43.6 0.00275263 -0.00393533
43.65 0.00268829 -0.00391022
43.7 0.00262198 -0.00388651
43.75 0.0025538 -0.00386417
43.8 0.00248383 -0.00384316
43.85 0.00241214 -0.00382346
43.9 0.00233881 -0.00380503
43.95 0.00226394 -0.00378785
44 0.0021876 -0.00377188
44.05 0.00210987 -0.0037571
44.1 0.00203084 -0.00374346
44.15 0.00195059 -0.00373094
44.2 0.0018692 -0.0037195
44.25 0.00178675 -0.0037091
44.3 0.00170333 -0.00369973
44.35 0.00161901 -0.00369134
44.4 0.00153387 -0.00368389
44.45 0.00144801 -0.00367737
44.5 0.00136148 -0.00367172
44.55 0.00127438 -0.00366692
44.6 0.00118679 -0.00366293
44.65 0.00109878 -0.00365973
44.7 0.00101042 -0.00365727
44.75 0.0009218 -0.00365552
44.8 0.000832991 -0.00365445
44.85 0.000744068 -0.00365402
44.9 0.000655105 -0.0036542
44.95 0.000566176 -0.00365496
45 0.000477353 -0.00365627
45.05 0.000388708 -0.00365808
45.1 0.00030031 -0.00366037
45.15 0.00021223 -0.00366311
45.2 0.000124535 -0.00366625
45.25 3.72937e-05 -0.00366978
45.3 -4.94291e-05 -0.00367366
45.35 -0.000135568 -0.00367785
45.4 -0.000221059 -0.00368233
45.45 -0.00030584 -0.00368706
45.5 -0.00038985 -0.00369201
45.55 -0.000473028 -0.00369716
45.6 -0.000555316 -0.00370247
45.65 -0.000636657 -0.00370791
45.7 -0.000716994 -0.00371346
45.75 -0.000796274 -0.00371909
45.8 -0.000874442 -0.00372476
45.85 -0.000951448 -0.00373046
45.9 -0.00102724 -0.00373614
45.95 -0.00110177 -0.0037418
46 -0.00117499 -0.00374739
46.05 -0.00124686 -0.0037529
46.1 -0.00131732 -0.00375829
46.15 -0.00138635 -0.00376356
46.2 -0.00145388 -0.00376866
46.25 -0.0015199 -0.00377358
46.3 -0.00158435 -0.00377829
46.35 -0.00164721 -0.00378277
46.4 -0.00170843 -0.00378701
46.45 -0.00176798 -0.00379097
46.5 -0.00182583 -0.00379464
46.55 -0.00188196 -0.003798
46.6 -0.00193632 -0.00380103
46.65 -0.0019889 -0.00380371
46.7 -0.00203967 -0.00380602
46.75 -0.0020886 -0.00380794
46.8 -0.00213568 -0.00380946
46.85 -0.00218088 -0.00381056
46.9 -0.00222418 -0.00381122
46.95 -0.00226556 -0.00381144
47 -0.00230501 -0.00381119
47.05 -0.00234252 -0.00381046
47.1 -0.00237807 -0.00380924
47.15 -0.00241164 -0.00380752
47.2 -0.00244324 -0.00380529
47.25 -0.00247285 -0.00380252
47.3 -0.00250047 -0.00379922
47.35 -0.00252608 -0.00379537
47.4 -0.00254969 -0.00379097
47.45 -0.0025713 -0.003786
47.5 -0.00259089 -0.00378046
47.55 -0.00260849 -0.00377434
47.6 -0.00262407 -0.00376763
47.65 -0.00263766 -0.00376033
47.7 -0.00264926 -0.00375243
47.75 -0.00265886 -0.00374393
47.8 -0.00266649 -0.00373482
47.85 -0.00267214 -0.0037251
47.9 -0.00267584 -0.00371477
47.95 -0.00267758 -0.00370382
48 -0.00267739 -0.00369225
48.05 -0.00267528 -0.00368006
48.1 -0.00267126 -0.00366726
48.15 -0.00266536 -0.00365383
48.2 -0.00265758 -0.00363979
48.25 -0.00264796 -0.00362512
48.3 -0.0026365 -0.00360984
48.35 -0.00262324 -0.00359395
48.4 -0.00260819 -0.00357744
48.45 -0.00259138 -0.00356033
48.5 -0.00257283 -0.00354261
48.55 -0.00255257 -0.00352429
48.6 -0.00253063 -0.00350537
48.65 -0.00250704 -0.00348586
48.7 -0.00248182 -0.00346577
48.75 -0.002455 -0.00344511
48.8 -0.00242661 -0.00342387
48.85 -0.0023967 -0.00340206
48.9 -0.00236528 -0.0033797
48.95 -0.00233239 -0.00335679
49 -0.00229807 -0.00333333
49.05 -0.00226234 -0.00330935
49.1 -0.00222526 -0.00328484
49.15 -0.00218684 -0.00325982
49.2 -0.00214714 -0.0032343
49.25 -0.00210618 -0.00320828
49.3 -0.00206401 -0.00318179
49.35 -0.00202066 -0.00315482
49.4 -0.00197617 -0.00312739
49.45 -0.00193059 -0.00309951
49.5 -0.00188395 -0.0030712
49.55 -0.00183629 -0.00304246
49.6 -0.00178765 -0.00301331
49.65 -0.00173808 -0.00298376
49.7 -0.00168762 -0.00295383
49.75 -0.0016363 -0.00292352
49.8 -0.00158418 -0.00289286
49.85 -0.00153129 -0.00286185
49.9 -0.00147767 -0.0028305
49.95 -0.00142338 -0.00279884
50 -0.00136845 -0.00276688
