-0.498 0.00987424 -0.00064763
-0.496 0.0385851 -0.00208935
-0.494 0.084614 -0.0035564
-0.492 0.146249 -0.0042624
-0.49 0.221596 -0.0034098
-0.488 0.308591 -0.000196479
-0.486 0.405009 0.00617749
-0.484 0.508483 0.016503
-0.482 0.616512 0.0315549
-0.48 0.72648 0.0520852
-0.478 0.835669 0.0788164
-0.476 0.941275 0.112434
-0.474 1.04043 0.153581
-0.472 1.1302 0.20285
-0.47 1.20763 0.260778
-0.468 1.26974 0.327841
-0.466 1.31355 0.404445
-0.464 1.3361 0.490926
-0.462 1.33446 0.587541
-0.46 1.30576 0.694465
-0.458 1.2472 0.811785
-0.456 1.15606 0.939501
-0.454 1.02975 1.07752
-0.452 0.865767 1.22565
-0.45 0.661781 1.38361
-0.448 0.415606 1.55101
-0.446 0.125231 1.72737
-0.444 -0.211164 1.91212
-0.442 -0.595196 2.10457
-0.44 -1.02826 2.30395
-0.438 -1.51153 2.5094
-0.436 -2.04591 2.71995
-0.434 -2.63207 2.93457
-0.432 -3.2704 3.15213
-0.43 -3.96101 3.37142
-0.428 -4.70373 3.59117
-0.426 -5.49808 3.81004
-0.424 -6.34328 4.02663
-0.422 -7.23824 4.2395
-0.42 -8.18156 4.44714
-0.418 -9.17152 4.64804
-0.416 -10.2061 4.84064
-0.414 -11.2828 5.02338
-0.412 -12.3991 5.19468
-0.41 -13.5518 5.35298
-0.408 -14.7377 5.49673
-0.406 -15.9531 5.62439
-0.404 -17.194 5.73449
-0.402 -18.4561 5.82558
-0.4 -19.7349 5.89628
-0.398 -21.0255 5.94527
-0.396 -22.3227 5.97133
-0.394 -23.6212 5.97332
-0.392 -24.9151 5.9502
-0.39 -26.1988 5.90105
-0.388 -27.4659 5.82506
-0.386 -28.7101 5.72157
-0.384 -29.925 5.59003
-0.382 -31.1037 5.43008
-0.38 -32.2394 5.24148
-0.378 -33.3252 5.02418
-0.376 -34.3538 4.77829
-0.374 -35.3181 4.50408
-0.372 -36.2109 4.20203
-0.37 -37.0247 3.87278
-0.368 -37.7524 3.51717
-0.366 -38.3867 3.13623
-0.364 -38.9202 2.73117
-0.362 -39.3457 2.30339
-0.36 -39.6563 1.8545
-0.358 -39.8449 1.38627
-0.356 -39.9047 0.900674
-0.354 -39.8291 0.399855
-0.352 -39.6118 -0.113865
-0.35 -39.2464 -0.637995
-0.348 -38.7273 -1.16988
-0.346 -38.0487 -1.70673
-0.344 -37.2054 -2.24558
-0.342 -36.1925 -2.78336
-0.34 -35.0056 -3.31685
-0.338 -33.6405 -3.84275
-0.336 -32.0937 -4.35765
-0.334 -30.3619 -4.85804
-0.332 -28.4424 -5.34037
-0.33 -26.3332 -5.80101
-0.328 -24.0327 -6.2363
-0.326 -21.5397 -6.64257
-0.324 -18.8538 -7.01612
-0.322 -15.9753 -7.35329
-0.32 -12.9048 -7.65044
-0.318 -9.64379 -7.90396
-0.316 -6.19435 -8.11032
-0.314 -2.5592 -8.26608
-0.312 1.25824 -8.3679
-0.31 5.25388 -8.41254
-0.308 9.42293 -8.39692
-0.306 13.7599 -8.31812
-0.304 18.2587 -8.17337
-0.302 22.9123 -7.96011
-0.3 27.7132 -7.67598
-0.298 32.6532 -7.31885
-0.296 37.7234 -6.88682
-0.294 42.914 -6.37827
-0.292 48.215 -5.7918
-0.29 53.6154 -5.12635
-0.288 59.1036 -4.38112
-0.286 64.6676 -3.55562
-0.284 70.2946 -2.64968
-0.282 75.9714 -1.66346
-0.28 81.6841 -0.597462
-0.278 87.4186 0.547483
-0.276 93.16 1.77019
-0.274 98.8932 3.06911
-0.272 104.602 4.44236
-0.27 110.272 5.88768
-0.268 115.885 7.40245
-0.266 121.426 8.98369
-0.264 126.877 10.6281
-0.262 132.222 12.3319
-0.26 137.443 14.0911
-0.258 142.524 15.9013
-0.256 147.446 17.7579
-0.254 152.192 19.6556
-0.252 156.746 21.5893
-0.25 161.09 23.5531
-0.248 165.206 25.5411
-0.246 169.079 27.547
-0.244 172.691 29.5643
-0.242 176.026 31.5863
-0.24 179.068 33.6059
-0.238 181.801 35.6159
-0.236 184.211 37.6089
-0.234 186.283 39.5772
-0.232 188.001 41.5133
-0.23 189.354 43.4091
-0.228 190.327 45.2567
-0.226 190.909 47.048
-0.224 191.087 48.775
-0.222 190.852 50.4295
-0.22 190.193 52.0033
-0.218 189.101 53.4883
-0.216 187.567 54.8766
-0.214 185.584 56.1599
-0.212 183.146 57.3306
-0.21 180.247 58.3808
-0.208 176.882 59.3029
-0.206 173.048 60.0895
-0.204 168.742 60.7336
-0.202 163.963 61.228
-0.2 158.71 61.5663
-0.198 152.985 61.742
-0.196 146.788 61.7491
-0.194 140.122 61.5819
-0.192 132.993 61.2352
-0.19 125.404 60.7041
-0.188 117.362 59.984
-0.186 108.874 59.0712
-0.184 99.9482 57.9619
-0.182 90.5949 56.6532
-0.18 80.8244 55.1427
-0.178 70.6483 53.4282
-0.176 60.0793 51.5085
-0.174 49.1313 49.3828
-0.172 37.8192 47.0506
-0.17 26.1587 44.5126
-0.168 14.1668 41.7695
-0.166 1.86115 38.823
-0.164 -10.7394 35.6754
-0.162 -23.6152 32.3295
-0.16 -36.7458 28.7889
-0.158 -50.1098 25.0578
-0.156 -63.6851 21.1409
-0.154 -77.4486 17.0438
-0.152 -91.3768 12.7726
-0.15 -105.445 8.33414
-0.148 -119.629 3.73581
-0.146 -133.903 -1.0143
-0.144 -148.24 -5.90752
-0.142 -162.614 -10.9345
-0.14 -176.997 -16.0854
-0.138 -191.363 -21.3498
-0.136 -205.684 -26.7165
-0.134 -219.93 -32.174
-0.132 -234.075 -37.7103
-0.13 -248.088 -43.3126
-0.128 -261.941 -48.9681
-0.126 -275.606 -54.6632
-0.124 -289.053 -60.384
-0.122 -302.254 -66.1162
-0.12 -315.18 -71.8454
-0.118 -327.802 -77.5566
-0.116 -340.091 -83.2347
-0.114 -352.021 -88.8644
-0.112 -363.562 -94.4302
-0.11 -374.687 -99.9164
-0.108 -385.37 -105.307
-0.106 -395.585 -110.587
-0.104 -405.304 -115.74
-0.102 -414.504 -120.751
-0.1 -423.16 -125.604
-0.098 -431.248 -130.284
-0.096 -438.745 -134.775
-0.094 -445.631 -139.063
-0.092 -451.883 -143.133
-0.09 -457.483 -146.971
-0.088 -462.411 -150.564
-0.086 -466.65 -153.897
-0.084 -470.184 -156.958
-0.082 -472.998 -159.736
-0.08 -475.077 -162.218
-0.078 -476.411 -164.394
-0.076 -476.988 -166.253
-0.074 -476.798 -167.786
-0.072 -475.834 -168.985
-0.07 -474.09 -169.842
-0.068 -471.561 -170.35
-0.066 -468.243 -170.502
-0.064 -464.135 -170.295
-0.062 -459.238 -169.724
-0.06 -453.554 -168.785
-0.058 -447.086 -167.477
-0.056 -439.839 -165.799
-0.054 -431.821 -163.752
-0.052 -423.04 -161.335
-0.05 -413.508 -158.551
-0.048 -403.235 -155.404
-0.046 -392.237 -151.897
-0.044 -380.528 -148.037
-0.042 -368.127 -143.829
-0.04 -355.051 -139.282
-0.038 -341.323 -134.403
-0.036 -326.962 -129.203
-0.034 -311.995 -123.691
-0.032 -296.444 -117.88
-0.03 -280.337 -111.781
-0.028 -263.702 -105.409
-0.026 -246.567 -98.777
-0.024 -228.964 -91.9003
-0.022 -210.923 -84.7949
-0.02 -192.478 -77.4772
-0.018 -173.662 -69.9645
-0.016 -154.51 -62.2746
-0.014 -135.056 -54.4261
-0.012 -115.338 -46.4377
-0.01 -95.393 -38.3291
-0.008 -75.2573 -30.1199
-0.006 -54.9695 -21.8302
-0.004 -34.5678 -13.4806
-0.002 -14.0911 -5.09158
0 6.42175 3.31613
0.002 26.9318 11.7216
0.004 47.4 20.1043
0.006 67.7876 28.4432
0.008 88.0558 36.718
0.01 108.166 44.9081
0.012 128.081 52.9936
0.014 147.763 60.9546
0.016 167.174 68.7718
0.018 186.28 76.4263
0.02 205.043 83.8996
0.022 223.431 91.1741
0.024 241.408 98.2325
0.026 258.943 105.058
0.028 276.004 111.636
0.03 292.561 117.95
0.032 308.584 123.987
0.034 324.047 129.734
0.036 338.921 135.177
0.038 353.183 140.306
0.04 366.809 145.111
0.042 379.777 149.581
0.044 392.066 153.709
0.046 403.658 157.486
0.048 414.536 160.907
0.05 424.684 163.967
0.052 434.087 166.661
0.054 442.735 168.986
0.056 450.617 170.941
0.058 457.723 172.523
0.06 464.047 173.734
0.062 469.584 174.574
0.064 474.33 175.046
0.066 478.283 175.152
0.068 481.444 174.898
0.07 483.813 174.287
0.072 485.394 173.327
0.074 486.193 172.025
0.076 486.214 170.387
0.078 485.467 168.424
0.08 483.96 166.144
0.082 481.706 163.558
0.084 478.715 160.677
0.086 475.003 157.512
0.088 470.583 154.076
0.09 465.474 150.382
0.092 459.691 146.443
0.094 453.254 142.272
0.096 446.184 137.886
0.098 438.5 133.297
0.1 430.225 128.521
0.102 421.382 123.573
0.104 411.994 118.469
0.106 402.086 113.224
0.108 391.684 107.854
0.11 380.813 102.375
0.112 369.499 96.8023
0.114 357.77 91.1522
0.116 345.654 85.4402
0.118 333.178 79.6818
0.12 320.37 73.8925
0.122 307.259 68.0872
0.124 293.874 62.2811
0.126 280.244 56.4886
0.128 266.398 50.724
0.13 252.365 45.0012
0.132 238.173 39.3336
0.134 223.852 33.7344
0.136 209.431 28.216
0.138 194.938 22.7906
0.14 180.401 17.4697
0.142 165.849 12.2643
0.144 151.309 7.18485
0.146 136.808 2.24116
0.148 122.374 -2.55748
0.15 108.031 -7.20245
0.152 93.807 -11.6857
0.154 79.7258 -16
0.156 65.8121 -20.1384
0.158 52.0897 -24.095
0.16 38.5816 -27.8643
0.162 25.31 -31.4416
0.164 12.2964 -34.8227
0.166 -0.438772 -38.0043
0.168 -12.8757 -40.9834
0.17 -24.9956 -43.758
0.172 -36.7807 -46.3265
0.174 -48.2141 -48.688
0.176 -59.2799 -50.8422
0.178 -69.9632 -52.7895
0.18 -80.2502 -54.5308
0.182 -90.1282 -56.0675
0.184 -99.5854 -57.4017
0.186 -108.611 -58.5359
0.188 -117.196 -59.4732
0.19 -125.332 -60.2173
0.192 -133.011 -60.7721
0.194 -140.227 -61.1422
0.196 -146.976 -61.3325
0.198 -153.253 -61.3484
0.2 -159.055 -61.1956
0.202 -164.381 -60.8801
0.204 -169.231 -60.4083
0.206 -173.603 -59.787
0.208 -177.501 -59.023
0.21 -180.927 -58.1237
0.212 -183.884 -57.0964
0.214 -186.377 -55.9487
0.216 -188.412 -54.6884
0.218 -189.995 -53.3234
0.22 -191.133 -51.8618
0.222 -191.836 -50.3114
0.224 -192.112 -48.6806
0.226 -191.972 -46.9774
0.228 -191.426 -45.21
0.23 -190.487 -43.3865
0.232 -189.166 -41.5148
0.234 -187.476 -39.6031
0.236 -185.432 -37.659
0.238 -183.047 -35.6904
0.24 -180.337 -33.7048
0.242 -177.316 -31.7096
0.244 -174 -29.712
0.246 -170.405 -27.7189
0.248 -166.548 -25.7372
0.25 -162.446 -23.7732
0.252 -158.115 -21.8333
0.254 -153.572 -19.9233
0.256 -148.835 -18.0489
0.258 -143.922 -16.2155
0.26 -138.849 -14.428
0.262 -133.633 -12.6911
0.264 -128.293 -11.0092
0.266 -122.846 -9.38636
0.268 -117.308 -7.82611
0.27 -111.696 -6.33179
0.272 -106.027 -4.90635
0.274 -100.318 -3.55236
0.276 -94.5841 -2.27205
0.278 -88.841 -1.06727
0.28 -83.1042 0.0604596
0.282 -77.3883 1.11
0.284 -71.7078 2.08053
0.286 -66.0765 2.97158
0.288 -60.5076 3.78304
0.29 -55.0139 4.51508
0.292 -49.6076 5.16821
0.294 -44.3001 5.74324
0.296 -39.1024 6.24128
0.298 -34.0249 6.66371
0.3 -29.077 7.01218
0.302 -24.2678 7.28859
0.304 -19.6055 7.49508
0.306 -15.0977 7.63402
0.308 -10.7512 7.70796
0.31 -6.57238 7.71967
0.312 -2.56656 7.67207
0.314 1.26141 7.56824
0.316 4.90744 7.41139
0.318 8.3681 7.20487
0.32 11.6407 6.9521
0.322 14.723 6.6566
0.324 17.6138 6.32194
0.326 20.3122 5.95176
0.328 22.8181 5.5497
0.33 25.1319 5.11943
0.332 27.2546 4.6646
0.334 29.1879 4.18884
0.336 30.934 3.69574
0.338 32.4954 3.18883
0.34 33.8753 2.67159
0.342 35.0774 2.1474
0.344 36.1058 1.61952
0.346 36.9649 1.09113
0.348 37.6597 0.56529
0.35 38.1954 0.0448967
0.352 38.5775 -0.467277
0.354 38.812 -0.968617
0.356 38.905 -1.45667
0.358 38.8629 -1.92915
0.36 38.6923 -2.38395
0.362 38.4001 -2.81915
0.364 37.9931 -3.23298
0.366 37.4784 -3.62391
0.368 36.8633 -3.99055
0.37 36.1549 -4.33172
0.372 35.3606 -4.64644
0.374 34.4876 -4.93391
0.376 33.5432 -5.1935
0.378 32.5347 -5.42479
0.38 31.4692 -5.62752
0.382 30.3539 -5.80161
0.384 29.1957 -5.94716
0.386 28.0015 -6.06441
0.388 26.778 -6.15377
0.39 25.5317 -6.21581
0.392 24.2689 -6.2512
0.394 22.9957 -6.26078
0.396 21.7181 -6.2455
0.398 20.4416 -6.2064
0.4 19.1717 -6.14465
0.402 17.9136 -6.06149
0.404 16.6719 -5.95826
0.406 15.4514 -5.83633
0.408 14.2562 -5.69717
0.41 13.0904 -5.54227
0.412 11.9574 -5.37317
0.414 10.8607 -5.19143
0.416 9.80331 -4.99861
0.418 8.78781 -4.7963
0.42 7.81659 -4.58607
0.422 6.89167 -4.36946
0.424 6.01477 -4.148
0.426 5.18725 -3.92318
0.428 4.4102 -3.69646
0.43 3.68438 -3.46921
0.432 3.01023 -3.24279
0.434 2.38793 -3.01846
0.436 1.81734 -2.79742
0.438 1.29805 -2.58078
0.44 0.82939 -2.36958
0.442 0.410433 -2.16477
0.444 0.0400002 -1.96721
0.446 -0.283315 -1.77766
0.448 -0.561136 -1.59679
0.45 -0.795293 -1.42517
0.452 -0.987799 -1.26327
0.454 -1.14084 -1.11145
0.456 -1.25677 -0.970007
0.458 -1.33807 -0.839105
0.46 -1.38733 -0.718831
0.462 -1.40728 -0.609175
0.464 -1.40072 -0.510037
0.466 -1.37051 -0.421233
0.468 -1.31957 -0.342496
0.47 -1.25086 -0.273481
0.472 -1.16736 -0.213771
0.474 -1.07202 -0.162882
0.476 -0.967808 -0.120268
0.478 -0.857629 -0.0853301
0.48 -0.744347 -0.0574169
0.482 -0.630752 -0.0358364
0.484 -0.519547 -0.0198602
0.486 -0.413335 -0.00873102
0.488 -0.314599 -0.00166928
0.49 -0.225692 0.00211985
0.492 -0.148821 0.00343957
0.494 -0.0860327 0.00309458
0.496 -0.0392031 0.00188432
0.498 -0.0100256 0.000596377
0.05 2.2437 1.13842
0.1 2.24382 1.13846
0.15 2.24401 1.13853
0.2 2.24428 1.13862
0.25 2.24463 1.13875
0.3 2.24506 1.1389
0.35 2.24556 1.13908
0.4 2.24614 1.13929
0.45 2.2468 1.13952
0.5 2.24753 1.13979
0.55 2.24834 1.14008
0.6 2.24922 1.14039
0.65 2.25018 1.14074
0.7 2.25121 1.14111
0.75 2.25232 1.1415
0.8 2.25351 1.14193
0.85 2.25476 1.14238
0.9 2.25609 1.14285
0.95 2.2575 1.14335
1 2.25897 1.14388
1.05 2.26052 1.14443
1.1 2.26213 1.14501
1.15 2.26382 1.14561
1.2 2.26557 1.14623
1.25 2.2674 1.14688
1.3 2.26929 1.14755
1.35 2.27125 1.14825
1.4 2.27328 1.14897
1.45 2.27537 1.14971
1.5 2.27752 1.15047
1.55 2.27974 1.15126
1.6 2.28203 1.15207
1.65 2.28437 1.15289
1.7 2.28678 1.15374
1.75 2.28924 1.15461
1.8 2.29176 1.1555
1.85 2.29435 1.15641
1.9 2.29699 1.15734
1.95 2.29968 1.15828
2 2.30243 1.15925
2.05 2.30523 1.16023
2.1 2.30809 1.16123
2.15 2.31099 1.16224
2.2 2.31395 1.16327
2.25 2.31695 1.16432
2.3 2.32 1.16538
2.35 2.3231 1.16645
2.4 2.32624 1.16754
2.45 2.32943 1.16864
2.5 2.33266 1.16976
2.55 2.33593 1.17088
2.6 2.33924 1.17202
2.65 2.34258 1.17317
2.7 2.34597 1.17433
2.75 2.34938 1.1755
2.8 2.35284 1.17668
2.85 2.35632 1.17786
2.9 2.35984 1.17906
2.95 2.36338 1.18026
3 2.36695 1.18146
3.05 2.37055 1.18268
3.1 2.37417 1.1839
3.15 2.37782 1.18512
3.2 2.38149 1.18635
3.25 2.38517 1.18758
3.3 2.38888 1.18881
3.35 2.3926 1.19004
3.4 2.39634 1.19128
3.45 2.40009 1.19251
3.5 2.40385 1.19375
3.55 2.40763 1.19498
3.6 2.41141 1.19621
3.65 2.4152 1.19744
3.7 2.41899 1.19867
3.75 2.42279 1.19989
3.8 2.42658 1.20111
3.85 2.43038 1.20232
3.9 2.43418 1.20353
3.95 2.43797 1.20473
4 2.44176 1.20592
4.05 2.44554 1.2071
4.1 2.44931 1.20828
4.15 2.45308 1.20944
4.2 2.45683 1.2106
4.25 2.46056 1.21174
4.3 2.46428 1.21287
4.35 2.46799 1.21399
4.4 2.47167 1.2151
4.45 2.47534 1.21619
4.5 2.47898 1.21726
4.55 2.48259 1.21832
4.6 2.48618 1.21937
4.65 2.48975 1.22039
4.7 2.49328 1.2214
4.75 2.49678 1.22239
4.8 2.50025 1.22336
4.85 2.50369 1.22432
4.9 2.50709 1.22525
4.95 2.51045 1.22616
5 2.51377 1.22704
5.05 2.51705 1.22791
5.1 2.52028 1.22875
5.15 2.52347 1.22956
5.2 2.52662 1.23035
5.25 2.52971 1.23112
5.3 2.53276 1.23186
5.35 2.53575 1.23257
5.4 2.53869 1.23325
5.45 2.54158 1.23391
5.5 2.54441 1.23454
5.55 2.54718 1.23513
5.6 2.54989 1.2357
5.65 2.55254 1.23623
5.7 2.55513 1.23674
5.75 2.55765 1.23721
5.8 2.56011 1.23765
5.85 2.5625 1.23805
5.9 2.56482 1.23842
5.95 2.56707 1.23875
6 2.56925 1.23905
6.05 2.57135 1.23932
6.1 2.57338 1.23954
6.15 2.57533 1.23973
6.2 2.57721 1.23989
6.25 2.57901 1.24
6.3 2.58072 1.24007
6.35 2.58236 1.24011
6.4 2.58391 1.2401
6.45 2.58537 1.24006
6.5 2.58675 1.23997
6.55 2.58805 1.23984
6.6 2.58925 1.23967
6.65 2.59037 1.23946
6.7 2.59139 1.2392
6.75 2.59232 1.2389
6.8 2.59316 1.23855
6.85 2.59391 1.23817
6.9 2.59455 1.23773
6.95 2.59511 1.23725
7 2.59556 1.23673
7.05 2.59592 1.23616
7.1 2.59617 1.23554
7.15 2.59633 1.23488
7.2 2.59638 1.23417
7.25 2.59633 1.23341
7.3 2.59618 1.2326
7.35 2.59592 1.23174
7.4 2.59556 1.23084
7.45 2.59509 1.22989
7.5 2.59452 1.22888
7.55 2.59383 1.22783
7.6 2.59304 1.22673
7.65 2.59214 1.22558
7.7 2.59112 1.22437
7.75 2.59 1.22312
7.8 2.58877 1.22182
7.85 2.58742 1.22046
7.9 2.58596 1.21906
7.95 2.58439 1.2176
8 2.5827 1.21609
8.05 2.5809 1.21453
8.1 2.57898 1.21291
8.15 2.57695 1.21125
8.2 2.5748 1.20953
8.25 2.57254 1.20776
8.3 2.57016 1.20594
8.35 2.56766 1.20407
8.4 2.56505 1.20214
8.45 2.56232 1.20016
8.5 2.55947 1.19813
8.55 2.5565 1.19605
8.6 2.55341 1.19391
8.65 2.55021 1.19172
8.7 2.54689 1.18948
8.75 2.54344 1.18718
8.8 2.53988 1.18483
8.85 2.5362 1.18243
8.9 2.53241 1.17998
8.95 2.52849 1.17748
9 2.52445 1.17492
9.05 2.5203 1.17231
9.1 2.51602 1.16965
9.15 2.51163 1.16694
9.2 2.50712 1.16417
9.25 2.50249 1.16135
9.3 2.49775 1.15849
9.35 2.49288 1.15557
9.4 2.4879 1.1526
9.45 2.4828 1.14958
9.5 2.47758 1.1465
9.55 2.47225 1.14338
9.6 2.4668 1.14021
9.65 2.46123 1.13699
9.7 2.45555 1.13372
9.75 2.44975 1.1304
9.8 2.44384 1.12703
9.85 2.43782 1.12361
9.9 2.43168 1.12014
9.95 2.42543 1.11663
10 2.41907 1.11306
10.05 2.41259 1.10945
10.1 2.406 1.1058
10.15 2.39931 1.10209
10.2 2.3925 1.09834
10.25 2.38558 1.09455
10.3 2.37856 1.09071
10.35 2.37143 1.08682
10.4 2.36419 1.08289
10.45 2.35684 1.07892
10.5 2.34939 1.0749
10.55 2.34184 1.07084
10.6 2.33418 1.06674
10.65 2.32642 1.06259
10.7 2.31856 1.05841
10.75 2.3106 1.05418
10.8 2.30254 1.04991
10.85 2.29438 1.0456
10.9 2.28612 1.04126
10.95 2.27776 1.03687
11 2.26931 1.03244
11.05 2.26077 1.02798
11.1 2.25213 1.02348
11.15 2.2434 1.01894
11.2 2.23458 1.01437
11.25 2.22566 1.00976
11.3 2.21666 1.00512
11.35 2.20758 1.00044
11.4 2.1984 0.995734
11.45 2.18914 0.990991
11.5 2.1798 0.986215
11.55 2.17037 0.981408
11.6 2.16086 0.976569
11.65 2.15127 0.971701
11.7 2.14161 0.966803
11.75 2.13186 0.961876
11.8 2.12204 0.95692
11.85 2.11214 0.951938
11.9 2.10217 0.946928
11.95 2.09213 0.941892
12 2.08202 0.93683
12.05 2.07184 0.931744
12.1 2.06159 0.926634
12.15 2.05127 0.921501
12.2 2.04089 0.916345
12.25 2.03044 0.911167
12.3 2.01993 0.905968
12.35 2.00936 0.900748
12.4 1.99874 0.895509
12.45 1.98805 0.890251
12.5 1.97731 0.884975
12.55 1.96651 0.879682
12.6 1.95566 0.874372
12.65 1.94476 0.869046
12.7 1.9338 0.863705
12.75 1.9228 0.858349
12.8 1.91175 0.85298
12.85 1.90065 0.847599
12.9 1.88951 0.842205
12.95 1.87833 0.836799
13 1.86711 0.831384
13.05 1.85584 0.825958
13.1 1.84454 0.820524
13.15 1.8332 0.815081
13.2 1.82183 0.809631
13.25 1.81042 0.804175
13.3 1.79898 0.798712
13.35 1.78751 0.793244
13.4 1.77601 0.787772
13.45 1.76449 0.782297
13.5 1.75293 0.776818
13.55 1.74136 0.771338
13.6 1.72976 0.765856
13.65 1.71814 0.760374
13.7 1.7065 0.754892
13.75 1.69484 0.749411
13.8 1.68317 0.743932
13.85 1.67148 0.738455
13.9 1.65977 0.732982
13.95 1.64806 0.727513
14 1.63633 0.722048
14.05 1.6246 0.716589
14.1 1.61286 0.711137
14.15 1.60111 0.705691
14.2 1.58936 0.700253
14.25 1.5776 0.694824
14.3 1.56585 0.689403
14.35 1.55409 0.683993
14.4 1.54233 0.678593
14.45 1.53058 0.673205
14.5 1.51883 0.667828
14.55 1.50709 0.662465
14.6 1.49536 0.657114
14.65 1.48363 0.651778
14.7 1.47191 0.646457
14.75 1.46021 0.641151
14.8 1.44852 0.635862
14.85 1.43684 0.630589
14.9 1.42518 0.625333
14.95 1.41353 0.620096
15 1.4019 0.614878
15.05 1.3903 0.609679
15.1 1.37871 0.6045
15.15 1.36715 0.599341
15.2 1.35561 0.594204
15.25 1.34409 0.589089
15.3 1.3326 0.583997
15.35 1.32114 0.578927
15.4 1.3097 0.573881
15.45 1.2983 0.56886
15.5 1.28693 0.563863
15.55 1.27559 0.558892
15.6 1.26428 0.553946
15.65 1.253 0.549027
15.7 1.24177 0.544135
15.75 1.23057 0.539271
15.8 1.2194 0.534435
15.85 1.20828 0.529627
15.9 1.19719 0.524849
15.95 1.18615 0.5201
16 1.17515 0.515381
16.05 1.16419 0.510692
16.1 1.15328 0.506035
16.15 1.14241 0.501409
16.2 1.13159 0.496815
16.25 1.12081 0.492253
16.3 1.11009 0.487724
16.35 1.09941 0.483228
16.4 1.08878 0.478766
16.45 1.0782 0.474337
16.5 1.06768 0.469943
16.55 1.0572 0.465584
16.6 1.04678 0.46126
16.65 1.03642 0.456971
16.7 1.02611 0.452718
16.75 1.01585 0.448501
16.8 1.00565 0.444321
16.85 0.995512 0.440177
16.9 0.985428 0.436071
16.95 0.975402 0.432001
17 0.965436 0.42797
17.05 0.95553 0.423976
17.1 0.945684 0.420021
17.15 0.9359 0.416103
17.2 0.926177 0.412225
17.25 0.916517 0.408385
17.3 0.906919 0.404585
17.35 0.897385 0.400824
17.4 0.887915 0.397102
17.45 0.878509 0.39342
17.5 0.869168 0.389778
17.55 0.859893 0.386176
17.6 0.850683 0.382614
17.65 0.84154 0.379092
17.7 0.832463 0.375611
17.75 0.823454 0.37217
17.8 0.814512 0.36877
17.85 0.805637 0.365411
17.9 0.796831 0.362092
17.95 0.788093 0.358815
18 0.779424 0.355578
18.05 0.770824 0.352383
18.1 0.762293 0.349229
18.15 0.753831 0.346116
18.2 0.74544 0.343044
18.25 0.737118 0.340013
18.3 0.728866 0.337024
18.35 0.720684 0.334075
18.4 0.712573 0.331168
18.45 0.704532 0.328302
18.5 0.696562 0.325477
18.55 0.688662 0.322694
18.6 0.680834 0.319951
18.65 0.673076 0.317249
18.7 0.665389 0.314588
18.75 0.657773 0.311968
18.8 0.650227 0.309389
18.85 0.642753 0.30685
18.9 0.635349 0.304352
18.95 0.628017 0.301894
19 0.620754 0.299476
19.05 0.613563 0.297099
19.1 0.606442 0.294761
19.15 0.599392 0.292464
19.2 0.592412 0.290205
19.25 0.585502 0.287987
19.3 0.578662 0.285807
19.35 0.571892 0.283667
19.4 0.565192 0.281566
19.45 0.558561 0.279503
19.5 0.552 0.277479
19.55 0.545508 0.275493
19.6 0.539084 0.273545
19.65 0.532729 0.271635
19.7 0.526442 0.269762
19.75 0.520223 0.267927
19.8 0.514072 0.266128
19.85 0.507989 0.264367
19.9 0.501972 0.262642
19.95 0.496023 0.260953
20 0.490139 0.259299
20.05 0.484322 0.257682
20.1 0.478571 0.2561
20.15 0.472884 0.254552
20.2 0.467263 0.25304
20.25 0.461707 0.251561
20.3 0.456214 0.250117
20.35 0.450785 0.248706
20.4 0.44542 0.247329
20.45 0.440117 0.245984
20.5 0.434877 0.244672
20.55 0.429699 0.243393
20.6 0.424582 0.242145
20.65 0.419526 0.240929
20.7 0.414531 0.239744
20.75 0.409596 0.23859
20.8 0.404721 0.237466
20.85 0.399904 0.236372
20.9 0.395146 0.235308
20.95 0.390446 0.234272
21 0.385804 0.233266
21.05 0.381219 0.232288
21.1 0.37669 0.231338
21.15 0.372217 0.230416
21.2 0.367799 0.229521
21.25 0.363436 0.228652
21.3 0.359128 0.22781
21.35 0.354873 0.226994
21.4 0.350671 0.226203
21.45 0.346522 0.225437
21.5 0.342424 0.224696
21.55 0.338378 0.223979
21.6 0.334383 0.223286
21.65 0.330438 0.222616
21.7 0.326543 0.221969
21.75 0.322697 0.221344
21.8 0.318899 0.220741
21.85 0.315149 0.22016
21.9 0.311446 0.219599
21.95 0.30779 0.219059
22 0.30418 0.21854
22.05 0.300615 0.21804
22.1 0.297095 0.217559
22.15 0.293619 0.217097
22.2 0.290187 0.216654
22.25 0.286798 0.216228
22.3 0.283452 0.215819
22.35 0.280147 0.215428
22.4 0.276883 0.215053
22.45 0.27366 0.214694
22.5 0.270477 0.214351
22.55 0.267333 0.214023
22.6 0.264228 0.213709
22.65 0.261161 0.21341
22.7 0.258132 0.213125
22.75 0.255139 0.212852
22.8 0.252183 0.212593
22.85 0.249263 0.212346
22.9 0.246378 0.212111
22.95 0.243527 0.211888
23 0.240711 0.211675
23.05 0.237928 0.211474
23.1 0.235178 0.211282
23.15 0.23246 0.2111
23.2 0.229774 0.210928
23.25 0.227118 0.210764
23.3 0.224494 0.210609
23.35 0.221899 0.210462
23.4 0.219334 0.210322
23.45 0.216798 0.21019
23.5 0.21429 0.210064
23.55 0.21181 0.209945
23.6 0.209357 0.209832
23.65 0.206931 0.209724
23.7 0.204531 0.209621
23.75 0.202157 0.209523
23.8 0.199808 0.209429
23.85 0.197483 0.209339
23.9 0.195183 0.209252
23.95 0.192906 0.209169
24 0.190653 0.209088
24.05 0.188422 0.20901
24.1 0.186213 0.208933
24.15 0.184026 0.208858
24.2 0.181861 0.208784
24.25 0.179716 0.208711
24.3 0.177591 0.208639
24.35 0.175486 0.208566
24.4 0.173401 0.208494
24.45 0.171335 0.20842
24.5 0.169287 0.208346
24.55 0.167257 0.208271
24.6 0.165245 0.208193
24.65 0.163251 0.208114
24.7 0.161273 0.208033
24.75 0.159312 0.207949
24.8 0.157367 0.207862
24.85 0.155437 0.207772
24.9 0.153524 0.207678
24.95 0.151625 0.207581
25 0.149741 0.207479
25.05 0.147871 0.207373
25.1 0.146015 0.207262
25.15 0.144173 0.207146
25.2 0.142344 0.207025
25.25 0.140528 0.206899
25.3 0.138725 0.206766
25.35 0.136934 0.206628
25.4 0.135155 0.206483
25.45 0.133389 0.206332
25.5 0.131633 0.206174
25.55 0.129889 0.206009
25.6 0.128156 0.205837
25.65 0.126434 0.205657
25.7 0.124722 0.20547
25.75 0.123021 0.205274
25.8 0.121329 0.205071
25.85 0.119647 0.204859
25.9 0.117975 0.204639
25.95 0.116312 0.20441
26 0.114659 0.204172
26.05 0.113014 0.203926
26.1 0.111378 0.20367
26.15 0.109751 0.203404
26.2 0.108132 0.203129
26.25 0.106522 0.202845
26.3 0.104919 0.20255
26.35 0.103325 0.202246
26.4 0.101738 0.201932
26.45 0.100159 0.201607
26.5 0.0985877 0.201272
26.55 0.0970237 0.200926
26.6 0.095467 0.20057
26.65 0.0939175 0.200203
26.7 0.0923751 0.199826
26.75 0.0908397 0.199437
26.8 0.0893112 0.199038
26.85 0.0877896 0.198627
26.9 0.0862747 0.198206
26.95 0.0847665 0.197773
27 0.0832649 0.197329
27.05 0.0817699 0.196874
27.1 0.0802814 0.196407
27.15 0.0787994 0.195928
27.2 0.0773239 0.195439
27.25 0.0758547 0.194938
27.3 0.0743919 0.194425
27.35 0.0729355 0.1939
27.4 0.0714854 0.193364
27.45 0.0700417 0.192817
27.5 0.0686042 0.192258
27.55 0.0671731 0.191687
27.6 0.0657484 0.191104
27.65 0.0643299 0.19051
27.7 0.0629179 0.189905
27.75 0.0615122 0.189287
27.8 0.0601129 0.188658
27.85 0.0587201 0.188018
27.9 0.0573337 0.187366
27.95 0.0559538 0.186702
28 0.0545805 0.186027
28.05 0.0532138 0.185341
28.1 0.0518537 0.184643
28.15 0.0505003 0.183934
28.2 0.0491537 0.183214
28.25 0.0478139 0.182482
28.3 0.046481 0.181739
28.35 0.0451551 0.180986
28.4 0.0438361 0.180221
28.45 0.0425243 0.179445
28.5 0.0412197 0.178659
28.55 0.0399223 0.177861
28.6 0.0386323 0.177053
28.65 0.0373497 0.176235
28.7 0.0360746 0.175406
28.75 0.0348072 0.174567
28.8 0.0335474 0.173717
28.85 0.0322955 0.172857
28.9 0.0310515 0.171987
28.95 0.0298154 0.171108
29 0.0285875 0.170218
29.05 0.0273678 0.169319
29.1 0.0261564 0.16841
29.15 0.0249534 0.167492
29.2 0.0237589 0.166564
29.25 0.0225731 0.165627
29.3 0.021396 0.164682
29.35 0.0202278 0.163727
29.4 0.0190686 0.162764
29.45 0.0179184 0.161792
29.5 0.0167774 0.160811
29.55 0.0156458 0.159822
29.6 0.0145235 0.158825
29.65 0.0134108 0.157821
29.7 0.0123078 0.156808
29.75 0.0112145 0.155787
29.8 0.0101311 0.154759
29.85 0.00905765 0.153724
29.9 0.00799434 0.152682
29.95 0.00694125 0.151632
30 0.00589849 0.150576
30.05 0.00486618 0.149513
30.1 0.00384442 0.148443
30.15 0.00283334 0.147367
30.2 0.00183303 0.146285
30.25 0.000843609 0.145197
30.3 -0.000134818 0.144104
30.35 -0.00110214 0.143004
30.4 -0.00205826 0.1419
30.45 -0.00300307 0.140789
30.5 -0.00393647 0.139674
30.55 -0.00485835 0.138554
30.6 -0.00576862 0.13743
30.65 -0.00666719 0.1363
30.7 -0.00755394 0.135167
30.75 -0.0084288 0.134029
30.8 -0.00929167 0.132887
30.85 -0.0101425 0.131742
30.9 -0.0109811 0.130593
30.95 -0.0118074 0.129441
31 -0.0126215 0.128285
31.05 -0.0134231 0.127127
31.1 -0.0142122 0.125965
31.15 -0.0149887 0.124801
31.2 -0.0157526 0.123635
31.25 -0.0165038 0.122466
31.3 -0.0172422 0.121296
31.35 -0.0179678 0.120123
31.4 -0.0186804 0.118949
31.45 -0.0193801 0.117773
31.5 -0.0200667 0.116596
31.55 -0.0207403 0.115418
31.6 -0.0214007 0.114239
31.65 -0.022048 0.113059
31.7 -0.022682 0.111879
31.75 -0.0233028 0.110698
31.8 -0.0239102 0.109517
31.85 -0.0245044 0.108336
31.9 -0.0250851 0.107156
31.95 -0.0256525 0.105975
32 -0.0262064 0.104796
32.05 -0.0267469 0.103617
32.1 -0.0272739 0.102439
32.15 -0.0277874 0.101262
32.2 -0.0282874 0.100086
32.25 -0.028774 0.0989118
32.3 -0.029247 0.0977392
32.35 -0.0297065 0.0965684
32.4 -0.0301525 0.0953995
32.45 -0.030585 0.0942328
32.5 -0.031004 0.0930683
32.55 -0.0314095 0.0919064
32.6 -0.0318015 0.0907471
32.65 -0.0321801 0.0895905
32.7 -0.0325453 0.088437
32.75 -0.0328971 0.0872866
32.8 -0.0332355 0.0861394
32.85 -0.0335605 0.0849957
32.9 -0.0338723 0.0838556
32.95 -0.0341708 0.0827192
33 -0.0344561 0.0815867
33.05 -0.0347282 0.0804583
33.1 -0.0349872 0.079334
33.15 -0.0352331 0.0782141
33.2 -0.035466 0.0770987
33.25 -0.035686 0.0759879
33.3 -0.035893 0.0748819
33.35 -0.0360873 0.0737807
33.4 -0.0362688 0.0726846
33.45 -0.0364376 0.0715936
33.5 -0.0365938 0.070508
33.55 -0.0367375 0.0694277
33.6 -0.0368688 0.068353
33.65 -0.0369877 0.067284
33.7 -0.0370944 0.0662208
33.75 -0.0371889 0.0651634
33.8 -0.0372713 0.0641121
33.85 -0.0373418 0.063067
33.9 -0.0374003 0.0620281
33.95 -0.0374471 0.0609955
34 -0.0374823 0.0599694
34.05 -0.0375059 0.0589499
34.1 -0.0375181 0.0579371
34.15 -0.0375189 0.056931
34.2 -0.0375086 0.0559318
34.25 -0.0374871 0.0549396
34.3 -0.0374548 0.0539544
34.35 -0.0374115 0.0529764
34.4 -0.0373576 0.0520056
34.45 -0.0372931 0.0510421
34.5 -0.0372182 0.050086
34.55 -0.037133 0.0491374
34.6 -0.0370376 0.0481963
34.65 -0.0369322 0.0472629
34.7 -0.0368169 0.0463372
34.75 -0.0366919 0.0454192
34.8 -0.0365573 0.0445091
34.85 -0.0364133 0.0436069
34.9 -0.0362599 0.0427126
34.95 -0.0360975 0.0418264
35 -0.035926 0.0409482
35.05 -0.0357457 0.0400782
35.1 -0.0355568 0.0392164
35.15 -0.0353593 0.0383628
35.2 -0.0351535 0.0375175
35.25 -0.0349395 0.0366805
35.3 -0.0347175 0.0358519
35.35 -0.0344877 0.0350317
35.4 -0.0342501 0.03422
35.45 -0.034005 0.0334167
35.5 -0.0337526 0.0326219
35.55 -0.0334929 0.0318357
35.6 -0.0332263 0.0310581
35.65 -0.0329528 0.030289
35.7 -0.0326727 0.0295286
35.75 -0.032386 0.0287768
35.8 -0.032093 0.0280337
35.85 -0.0317939 0.0272993
35.9 -0.0314887 0.0265735
35.95 -0.0311778 0.0258565
36 -0.0308613 0.0251481
36.05 -0.0305393 0.0244485
36.1 -0.030212 0.0237576
36.15 -0.0298796 0.0230755
36.2 -0.0295423 0.022402
36.25 -0.0292003 0.0217373
36.3 -0.0288537 0.0210813
36.35 -0.0285027 0.0204341
36.4 -0.0281475 0.0197955
36.45 -0.0277883 0.0191657
36.5 -0.0274252 0.0185445
36.55 -0.0270584 0.017932
36.6 -0.0266881 0.0173282
36.65 -0.0263145 0.016733
36.7 -0.0259377 0.0161464
36.75 -0.0255579 0.0155685
36.8 -0.0251753 0.0149991
36.85 -0.0247901 0.0144383
36.9 -0.0244024 0.013886
36.95 -0.0240124 0.0133422
37 -0.0236202 0.0128069
37.05 -0.0232262 0.01228
37.1 -0.0228303 0.0117615
37.15 -0.0224328 0.0112514
37.2 -0.0220339 0.0107496
37.25 -0.0216336 0.0102562
37.3 -0.0212322 0.00977096
37.35 -0.0208299 0.00929397
37.4 -0.0204268 0.00882515
37.45 -0.020023 0.00836446
37.5 -0.0196187 0.00791186
37.55 -0.0192141 0.0074673
37.6 -0.0188093 0.00703072
37.65 -0.0184045 0.00660209
37.7 -0.0179999 0.00618135
37.75 -0.0175955 0.00576845
37.8 -0.0171915 0.00536333
37.85 -0.0167881 0.00496595
37.9 -0.0163855 0.00457624
37.95 -0.0159836 0.00419415
38 -0.0155828 0.00381962
38.05 -0.0151832 0.0034526
38.1 -0.0147848 0.00309302
38.15 -0.0143878 0.00274082
38.2 -0.0139924 0.00239595
38.25 -0.0135987 0.00205833
38.3 -0.0132067 0.00172791
38.35 -0.0128167 0.00140462
38.4 -0.0124288 0.00108839
38.45 -0.012043 0.000779168
38.5 -0.0116595 0.000476877
38.55 -0.0112785 0.000181452
38.6 -0.0108999 -0.000107174
38.65 -0.010524 -0.000389072
38.7 -0.0101509 -0.00066431
38.75 -0.00978064 -0.000932959
38.8 -0.00941333 -0.00119509
38.85 -0.00904909 -0.00145077
38.9 -0.00868803 -0.00170007
38.95 -0.00833023 -0.00194308
39 -0.00797579 -0.00217985
39.05 -0.00762481 -0.00241046
39.1 -0.00727737 -0.00263498
39.15 -0.00693357 -0.0028535
39.2 -0.00659349 -0.00306608
39.25 -0.00625722 -0.00327279
39.3 -0.00592482 -0.00347372
39.35 -0.00559638 -0.00366893
39.4 -0.00527198 -0.00385851
39.45 -0.00495168 -0.00404252
39.5 -0.00463556 -0.00422105
39.55 -0.00432369 -0.00439416
39.6 -0.00401612 -0.00456194
39.65 -0.00371292 -0.00472446
39.7 -0.00341415 -0.0048818
39.75 -0.00311986 -0.00503403
39.8 -0.00283011 -0.00518123
39.85 -0.00254495 -0.00532347
39.9 -0.00226443 -0.00546084
39.95 -0.0019886 -0.0055934
40 -0.00171749 -0.00572123
40.05 -0.00145114 -0.00584441
40.1 -0.00118961 -0.00596301
40.15 -0.000932915 -0.00607711
40.2 -0.000681096 -0.00618679
40.25 -0.000434182 -0.00629211
40.3 -0.000192201 -0.00639316
40.35 4.48223e-05 -0.00649001
40.4 0.000276865 -0.00658273
40.45 0.000503906 -0.0066714
40.5 0.000725929 -0.00675608
40.55 0.000942917 -0.00683687
40.6 0.00115486 -0.00691381
40.65 0.00136174 -0.006987
40.7 0.00156356 -0.0070565
40.75 0.00176031 -0.00712239
40.8 0.00195198 -0.00718472
40.85 0.00213858 -0.00724359
40.9 0.00232011 -0.00729905
40.95 0.00249656 -0.00735118
41 0.00266795 -0.00740005
41.05 0.00283429 -0.00744572
41.1 0.00299558 -0.00748827
41.15 0.00315183 -0.00752776
41.2 0.00330307 -0.00756426
41.25 0.00344931 -0.00759784
41.3 0.00359056 -0.00762856
41.35 0.00372686 -0.00765649
41.4 0.00385821 -0.00768169
41.45 0.00398466 -0.00770424
41.5 0.00410621 -0.00772419
41.55 0.00422291 -0.00774161
41.6 0.00433478 -0.00775655
41.65 0.00444186 -0.00776909
41.7 0.00454418 -0.00777929
41.75 0.00464178 -0.00778719
41.8 0.00473469 -0.00779288
41.85 0.00482296 -0.00779639
41.9 0.00490662 -0.0077978
41.95 0.00498572 -0.00779717
42 0.0050603 -0.00779454
42.05 0.00513042 -0.00778997
42.1 0.00519611 -0.00778353
42.15 0.00525743 -0.00777526
42.2 0.00531442 -0.00776523
42.25 0.00536714 -0.00775348
42.3 0.00541565 -0.00774006
42.35 0.00545999 -0.00772504
42.4 0.00550022 -0.00770846
42.45 0.00553641 -0.00769037
42.5 0.0055686 -0.00767082
42.55 0.00559686 -0.00764987
42.6 0.00562125 -0.00762756
42.65 0.00564182 -0.00760393
42.7 0.00565865 -0.00757904
42.75 0.00567179 -0.00755293
42.8 0.00568131 -0.00752565
42.85 0.00568728 -0.00749723
42.9 0.00568976 -0.00746774
42.95 0.00568882 -0.0074372
43 0.00568452 -0.00740566
43.05 0.00567693 -0.00737317
43.1 0.00566613 -0.00733975
43.15 0.00565219 -0.00730546
43.2 0.00563516 -0.00727034
43.25 0.00561513 -0.00723441
43.3 0.00559217 -0.00719773
43.35 0.00556634 -0.00716031
43.4 0.00553773 -0.00712221
43.45 0.00550639 -0.00708346
43.5 0.00547241 -0.00704409
43.55 0.00543586 -0.00700414
43.6 0.00539681 -0.00696364
43.65 0.00535534 -0.00692261
43.7 0.00531151 -0.0068811
43.75 0.00526541 -0.00683914
43.8 0.00521711 -0.00679675
43.85 0.00516667 -0.00675397
43.9 0.00511419 -0.00671081
43.95 0.00505972 -0.00666732
44 0.00500335 -0.00662352
44.05 0.00494514 -0.00657944
44.1 0.00488518 -0.00653509
44.15 0.00482353 -0.00649052
44.2 0.00476027 -0.00644573
44.25 0.00469547 -0.00640076
44.3 0.00462921 -0.00635563
44.35 0.00456155 -0.00631036
44.4 0.00449258 -0.00626498
44.45 0.00442235 -0.0062195
44.5 0.00435095 -0.00617394
44.55 0.00427844 -0.00612833
44.6 0.0042049 -0.00608269
44.65 0.00413039 -0.00603703
44.7 0.00405499 -0.00599137
44.75 0.00397875 -0.00594573
44.8 0.00390176 -0.00590013
44.85 0.00382408 -0.00585458
44.9 0.00374577 -0.0058091
44.95 0.00366691 -0.00576371
45 0.00358755 -0.00571841
45.05 0.00350776 -0.00567323
45.1 0.00342761 -0.00562817
45.15 0.00334716 -0.00558326
45.2 0.00326647 -0.00553849
45.25 0.0031856 -0.00549389
45.3 0.00310462 -0.00544947
45.35 0.00302358 -0.00540523
45.4 0.00294255 -0.00536119
45.45 0.00286157 -0.00531736
45.5 0.00278072 -0.00527374
45.55 0.00270003 -0.00523035
45.6 0.00261958 -0.00518719
45.65 0.00253941 -0.00514428
45.7 0.00245957 -0.00510162
45.75 0.00238013 -0.00505921
45.8 0.00230112 -0.00501707
45.85 0.0022226 -0.00497521
45.9 0.00214461 -0.00493361
45.95 0.00206722 -0.0048923
46 0.00199045 -0.00485128
46.05 0.00191436 -0.00481056
46.1 0.00183899 -0.00477013
46.15 0.00176439 -0.00473
46.2 0.00169059 -0.00469018
46.25 0.00161764 -0.00465066
46.3 0.00154558 -0.00461146
46.35 0.00147444 -0.00457258
46.4 0.00140426 -0.00453401
46.45 0.00133508 -0.00449576
46.5 0.00126694 -0.00445784
46.55 0.00119986 -0.00442023
46.6 0.00113388 -0.00438296
46.65 0.00106904 -0.00434601
46.7 0.00100535 -0.00430938
46.75 0.000942853 -0.00427309
46.8 0.000881572 -0.00423712
46.85 0.000821535 -0.00420148
46.9 0.000762765 -0.00416617
46.95 0.000705288 -0.00413119
47 0.000649126 -0.00409653
47.05 0.000594299 -0.0040622
47.1 0.000540829 -0.00402819
47.15 0.000488735 -0.00399451
47.2 0.000438034 -0.00396116
47.25 0.000388742 -0.00392812
47.3 0.000340876 -0.0038954
47.35 0.000294449 -0.00386301
47.4 0.000249475 -0.00383093
47.45 0.000205964 -0.00379916
47.5 0.000163929 -0.0037677
47.55 0.000123378 -0.00373656
47.6 8.43194e-05 -0.00370572
47.65 4.6761e-05 -0.00367519
47.7 1.07086e-05 -0.00364496
47.75 -2.38329e-05 -0.00361502
47.8 -5.68597e-05 -0.00358539
47.85 -8.8369e-05 -0.00355604
47.9 -0.000118359 -0.00352699
47.95 -0.00014683 -0.00349822
48 -0.000173781 -0.00346974
48.05 -0.000199215 -0.00344154
48.1 -0.000223134 -0.00341361
48.15 -0.000245542 -0.00338596
48.2 -0.000266443 -0.00335858
48.25 -0.000285843 -0.00333146
48.3 -0.000303748 -0.00330461
48.35 -0.000320166 -0.00327802
48.4 -0.000335106 -0.00325168
48.45 -0.000348577 -0.0032256
48.5 -0.00036059 -0.00319976
48.55 -0.000371155 -0.00317417
48.6 -0.000380285 -0.00314882
48.65 -0.000387992 -0.00312371
48.7 -0.000394291 -0.00309883
48.75 -0.000399197 -0.00307418
48.8 -0.000402723 -0.00304976
48.85 -0.000404888 -0.00302555
48.9 -0.000405707 -0.00300157
48.95 -0.000405199 -0.00297781
49 -0.000403382 -0.00295425
49.05 -0.000400275 -0.00293091
49.1 -0.000395898 -0.00290776
49.15 -0.000390271 -0.00288482
49.2 -0.000383416 -0.00286208
49.25 -0.000375354 -0.00283953
49.3 -0.000366108 -0.00281717
49.35 -0.0003557 -0.00279499
49.4 -0.000344154 -0.002773
49.45 -0.000331494 -0.00275119
49.5 -0.000317745 -0.00272956
49.55 -0.000302932 -0.0027081
49.6 -0.000287079 -0.00268681
49.65 -0.000270213 -0.00266569
49.7 -0.000252361 -0.00264473
49.75 -0.000233548 -0.00262393
49.8 -0.000213803 -0.00260328
49.85 -0.000193153 -0.0025828
49.9 -0.000171625 -0.00256246
49.95 -0.000149247 -0.00254228
50 -0.000126049 -0.00252224
