-0.498 -0.00011519 -1.8147e-05
-0.496 -0.000465872 -6.2942e-05
-0.494 -0.00106003 -0.000120282
-0.492 -0.00190603 -0.000176598
-0.49 -0.00301248 -0.000218913
-0.488 -0.00438819 -0.000234892
-0.486 -0.00604205 -0.000212885
-0.484 -0.00798296 -0.000141976
-0.482 -0.0102197 -1.20118e-05
-0.48 -0.0127608 0.000186361
-0.478 -0.0156146 0.000461671
-0.476 -0.0187888 0.000821601
-0.474 -0.0222909 0.00127297
-0.472 -0.0261274 0.00182172
-0.47 -0.0303045 0.00247292
-0.468 -0.0348272 0.00323075
-0.466 -0.0396998 0.00409851
-0.464 -0.0449256 0.00507863
-0.462 -0.0505067 0.00617268
-0.46 -0.0564441 0.0073814
-0.458 -0.0627376 0.00870471
-0.456 -0.0693856 0.0101417
-0.454 -0.0763851 0.0116908
-0.452 -0.0837317 0.0133496
-0.45 -0.0914195 0.015115
-0.448 -0.0994411 0.0169835
-0.446 -0.107787 0.0189506
-0.444 -0.116448 0.0210115
-0.442 -0.12541 0.0231609
-0.44 -0.13466 0.0253931
-0.438 -0.144183 0.0277018
-0.436 -0.153961 0.0300805
-0.434 -0.163975 0.0325226
-0.432 -0.174205 0.0350209
-0.43 -0.184628 0.0375685
-0.428 -0.195222 0.0401581
-0.426 -0.205961 0.0427826
-0.424 -0.216818 0.0454347
-0.422 -0.227766 0.0481076
-0.42 -0.238775 0.0507943
-0.418 -0.249814 0.0534882
-0.416 -0.260852 0.0561831
-0.414 -0.271855 0.0588731
-0.412 -0.282789 0.0615527
-0.41 -0.29362 0.0642169
-0.408 -0.304312 0.0668613
-0.406 -0.314827 0.0694819
-0.404 -0.325129 0.0720758
-0.402 -0.33518 0.0746402
-0.4 -0.344941 0.0771734
-0.398 -0.354373 0.0796746
-0.396 -0.363439 0.0821433
-0.394 -0.372098 0.0845804
-0.392 -0.380312 0.0869873
-0.39 -0.388041 0.0893664
-0.388 -0.395247 0.0917211
-0.386 -0.401892 0.0940555
-0.384 -0.407936 0.0963748
-0.382 -0.413343 0.098685
-0.38 -0.418076 0.100993
-0.378 -0.422098 0.103307
-0.376 -0.425374 0.105636
-0.374 -0.427869 0.107989
-0.372 -0.429551 0.110377
-0.37 -0.430386 0.112812
-0.368 -0.430344 0.115305
-0.366 -0.429394 0.117869
-0.364 -0.427509 0.120519
-0.362 -0.424661 0.123268
-0.36 -0.420825 0.126131
-0.358 -0.415977 0.129125
-0.356 -0.410095 0.132264
-0.354 -0.403158 0.135566
-0.352 -0.395148 0.139047
-0.35 -0.386047 0.142725
-0.348 -0.375842 0.146616
-0.346 -0.36452 0.150739
-0.344 -0.352069 0.15511
-0.342 -0.338481 0.159748
-0.34 -0.32375 0.164669
-0.338 -0.307871 0.169892
-0.336 -0.290842 0.175433
-0.334 -0.272663 0.181308
-0.332 -0.253336 0.187534
-0.33 -0.232866 0.194127
-0.328 -0.211261 0.201101
-0.326 -0.188528 0.208471
-0.324 -0.164681 0.21625
-0.322 -0.139733 0.224451
-0.32 -0.1137 0.233086
-0.318 -0.0866005 0.242165
-0.316 -0.0584563 0.251697
-0.314 -0.0292903 0.26169
-0.312 0.00087189 0.272153
-0.31 0.0320026 0.28309
-0.308 0.064072 0.294505
-0.306 0.0970478 0.306401
-0.304 0.130896 0.31878
-0.302 0.165581 0.331642
-0.3 0.201064 0.344983
-0.298 0.237306 0.358802
-0.296 0.274265 0.373092
-0.294 0.311899 0.387848
-0.292 0.350162 0.403061
-0.29 0.389011 0.418721
-0.288 0.428398 0.434816
-0.286 0.468275 0.451333
-0.284 0.508595 0.468259
-0.282 0.549309 0.485575
-0.28 0.590368 0.503266
-0.278 0.631722 0.521312
-0.276 0.673324 0.539692
-0.274 0.715124 0.558386
-0.272 0.757075 0.57737
-0.27 0.79913 0.596621
-0.268 0.841243 0.616114
-0.266 0.88337 0.635824
-0.264 0.925469 0.655725
-0.262 0.967499 0.675789
-0.26 1.00942 0.695989
-0.258 1.0512 0.716298
-0.256 1.09281 0.736688
-0.254 1.1342 0.75713
-0.252 1.17537 0.777598
-0.25 1.21628 0.798062
-0.248 1.25692 0.818496
-0.246 1.29726 0.838872
-0.244 1.33731 0.859164
-0.242 1.37704 0.879346
-0.24 1.41647 0.899394
-0.238 1.45558 0.919282
-0.236 1.4944 0.938987
-0.234 1.53293 0.958489
-0.232 1.57118 0.977765
-0.23 1.60919 0.996798
-0.228 1.64697 1.01557
-0.226 1.68456 1.03406
-0.224 1.722 1.05226
-0.222 1.75933 1.07015
-0.22 1.7966 1.08772
-0.218 1.83387 1.10496
-0.216 1.87118 1.12187
-0.214 1.9086 1.13843
-0.212 1.9462 1.15465
-0.21 1.98406 1.17051
-0.208 2.02224 1.18603
-0.206 2.06082 1.2012
-0.204 2.0999 1.21602
-0.202 2.13956 1.23049
-0.2 2.17989 1.24464
-0.198 2.22098 1.25845
-0.196 2.26293 1.27195
-0.194 2.30585 1.28515
-0.192 2.34982 1.29805
-0.19 2.39497 1.31068
-0.188 2.44138 1.32304
-0.186 2.48917 1.33517
-0.184 2.53844 1.34708
-0.182 2.5893 1.35879
-0.18 2.64186 1.37032
-0.178 2.69622 1.3817
-0.176 2.75249 1.39295
-0.174 2.81077 1.40411
-0.172 2.87117 1.41519
-0.17 2.93379 1.42623
-0.168 2.99873 1.43725
-0.166 3.06609 1.4483
-0.164 3.13595 1.45939
-0.162 3.20842 1.47057
-0.16 3.28357 1.48187
-0.158 3.36149 1.49332
-0.156 3.44226 1.50495
-0.154 3.52597 1.51681
-0.152 3.61267 1.52893
-0.15 3.70243 1.54135
-0.148 3.79532 1.5541
-0.146 3.8914 1.56723
-0.144 3.99071 1.58078
-0.142 4.0933 1.59477
-0.14 4.19922 1.60926
-0.138 4.30849 1.62429
-0.136 4.42116 1.63989
-0.134 4.53723 1.6561
-0.132 4.65674 1.67296
-0.13 4.7797 1.69053
-0.128 4.90611 1.70882
-0.126 5.03597 1.7279
-0.124 5.1693 1.74779
-0.122 5.30606 1.76854
-0.12 5.44627 1.79019
-0.118 5.58988 1.81277
-0.116 5.73689 1.83633
-0.114 5.88725 1.8609
-0.112 6.04094 1.88652
-0.11 6.19793 1.91323
-0.108 6.35815 1.94106
-0.106 6.52157 1.97004
-0.104 6.68813 2.0002
-0.102 6.85777 2.03159
-0.1 7.03043 2.06421
-0.098 7.20605 2.09811
-0.096 7.38454 2.13331
-0.094 7.56584 2.16982
-0.092 7.74986 2.20767
-0.09 7.93651 2.24687
-0.088 8.12571 2.28744
-0.086 8.31736 2.32939
-0.084 8.51136 2.37272
-0.082 8.7076 2.41743
-0.08 8.90598 2.46354
-0.078 9.10638 2.51102
-0.076 9.30868 2.55988
-0.074 9.51276 2.6101
-0.072 9.71848 2.66165
-0.07 9.92571 2.71453
-0.068 10.1343 2.76869
-0.066 10.3441 2.82411
-0.064 10.555 2.88074
-0.062 10.7668 2.93855
-0.06 10.9794 2.99748
-0.058 11.1925 3.05747
-0.056 11.406 3.11847
-0.054 11.6197 3.18041
-0.052 11.8335 3.24322
-0.05 12.0471 3.30681
-0.048 12.2603 3.37111
-0.046 12.473 3.43601
-0.044 12.6848 3.50144
-0.042 12.8957 3.56727
-0.04 13.1052 3.63342
-0.038 13.3134 3.69976
-0.036 13.5198 3.76618
-0.034 13.7242 3.83255
-0.032 13.9265 3.89876
-0.03 14.1262 3.96466
-0.028 14.3233 4.03012
-0.026 14.5174 4.09501
-0.024 14.7082 4.15918
-0.022 14.8955 4.22249
-0.02 15.0791 4.2848
-0.018 15.2585 4.34594
-0.016 15.4336 4.40578
-0.014 15.6041 4.46416
-0.012 15.7698 4.52093
-0.01 15.9302 4.57594
-0.008 16.0852 4.62905
-0.006 16.2345 4.6801
-0.004 16.3778 4.72895
-0.002 16.5149 4.77546
0 16.6454 4.81949
0.002 16.7692 4.86099
0.004 16.8859 4.89975
0.006 16.9955 4.93564
0.008 17.0976 4.96856
0.01 17.192 4.99839
0.012 17.2785 5.02501
0.014 17.357 5.04835
0.016 17.4272 5.06831
0.018 17.4891 5.08481
0.02 17.5423 5.09779
0.022 17.5869 5.10717
0.024 17.6226 5.11292
0.026 17.6494 5.11498
0.028 17.6672 5.11334
0.03 17.6758 5.10797
0.032 17.6753 5.09885
0.034 17.6656 5.08599
0.036 17.6466 5.06941
0.038 17.6184 5.04912
0.04 17.581 5.02515
0.042 17.5343 4.99755
0.044 17.4784 4.96637
0.046 17.4135 4.93167
0.048 17.3394 4.89352
0.05 17.2564 4.85201
0.052 17.1645 4.80722
0.054 17.0639 4.75925
0.056 16.9547 4.7082
0.058 16.8369 4.6542
0.06 16.7109 4.59735
0.062 16.5767 4.5378
0.064 16.4346 4.47567
0.066 16.2847 4.41109
0.068 16.1272 4.34422
0.07 15.9624 4.27521
0.072 15.7905 4.2042
0.074 15.6117 4.13136
0.076 15.4262 4.05684
0.078 15.2344 3.9808
0.08 15.0364 3.90341
0.082 14.8326 3.82483
0.084 14.6232 3.74523
0.086 14.4084 3.66477
0.088 14.1887 3.58361
0.09 13.9641 3.50192
0.092 13.7351 3.41986
0.094 13.5019 3.33759
0.096 13.2648 3.25526
0.098 13.0241 3.17303
0.1 12.78 3.09105
0.102 12.5329 3.00947
0.104 12.2831 2.92842
0.106 12.0308 2.84805
0.108 11.7763 2.76848
0.11 11.5199 2.68984
0.112 11.2619 2.61225
0.114 11.0025 2.53584
0.116 10.742 2.4607
0.118 10.4808 2.38694
0.12 10.2189 2.31465
0.122 9.95682 2.24392
0.124 9.69465 2.17484
0.126 9.43269 2.10748
0.128 9.17116 2.04191
0.13 8.91032 1.97819
0.132 8.65038 1.91637
0.134 8.39158 1.8565
0.136 8.13412 1.79863
0.138 7.87821 1.74277
0.14 7.62408 1.68897
0.142 7.3719 1.63723
0.144 7.12187 1.58758
0.146 6.87418 1.54001
0.148 6.62901 1.49454
0.15 6.38652 1.45114
0.152 6.14689 1.40982
0.154 5.91026 1.37054
0.156 5.6768 1.3333
0.158 5.44664 1.29805
0.16 5.21993 1.26477
0.162 4.99679 1.23342
0.164 4.77735 1.20395
0.166 4.56172 1.17631
0.168 4.35003 1.15047
0.17 4.14236 1.12634
0.172 3.93882 1.10389
0.174 3.73951 1.08305
0.176 3.54449 1.06374
0.178 3.35386 1.04591
0.18 3.16767 1.02948
0.182 2.986 1.01437
0.184 2.80889 1.00052
0.186 2.63641 0.98785
0.188 2.46858 0.976274
0.19 2.30546 0.965717
0.192 2.14706 0.956098
0.194 1.99341 0.947336
0.196 1.84453 0.939349
0.198 1.70043 0.932055
0.2 1.5611 0.925373
0.202 1.42655 0.919221
0.204 1.29677 0.913518
0.206 1.17173 0.908183
0.208 1.05142 0.903138
0.21 0.935798 0.898304
0.212 0.82484 0.893605
0.214 0.7185 0.888964
0.216 0.61673 0.884309
0.218 0.519477 0.879568
0.22 0.426681 0.874672
0.222 0.338278 0.869553
0.224 0.254198 0.864146
0.226 0.174366 0.858391
0.228 0.098702 0.852227
0.23 0.0271211 0.845599
0.232 -0.0404657 0.838454
0.234 -0.104152 0.830741
0.236 -0.164034 0.822415
0.238 -0.220214 0.813432
0.24 -0.272794 0.803754
0.242 -0.321884 0.793344
0.244 -0.367592 0.782171
0.246 -0.410031 0.770207
0.248 -0.449315 0.757429
0.25 -0.485561 0.743815
0.252 -0.518886 0.72935
0.254 -0.549408 0.714023
0.256 -0.577248 0.697825
0.258 -0.602525 0.680754
0.26 -0.625359 0.662809
0.262 -0.645869 0.643995
0.264 -0.664174 0.624321
0.266 -0.680392 0.6038
0.268 -0.694639 0.582448
0.27 -0.707031 0.560287
0.272 -0.717681 0.53734
0.274 -0.726699 0.513635
0.276 -0.734194 0.489206
0.278 -0.740271 0.464086
0.28 -0.745034 0.438314
0.282 -0.748583 0.411934
0.284 -0.751012 0.384988
0.286 -0.752416 0.357526
0.288 -0.752883 0.329597
0.29 -0.752498 0.301254
0.292 -0.751343 0.272554
0.294 -0.749495 0.243552
0.296 -0.747027 0.214308
0.298 -0.744008 0.184883
0.3 -0.740502 0.155338
0.302 -0.73657 0.125737
0.304 -0.73227 0.0961429
0.306 -0.727651 0.0666208
0.308 -0.722764 0.0372353
0.31 -0.717652 0.00805121
0.312 -0.712355 -0.020867
0.314 -0.706909 -0.0494552
0.316 -0.701347 -0.07765
0.318 -0.695697 -0.105389
0.32 -0.689985 -0.132611
0.322 -0.684234 -0.159257
0.324 -0.678461 -0.185268
0.326 -0.672682 -0.210588
0.328 -0.66691 -0.235164
0.33 -0.661156 -0.258944
0.332 -0.655426 -0.281879
0.334 -0.649727 -0.303923
0.336 -0.64406 -0.325033
0.338 -0.638426 -0.345167
0.34 -0.632826 -0.36429
0.342 -0.627255 -0.382367
0.344 -0.621709 -0.399368
0.346 -0.616183 -0.415267
0.348 -0.61067 -0.430039
0.35 -0.605161 -0.443666
0.352 -0.599648 -0.456131
0.354 -0.59412 -0.467423
0.356 -0.588568 -0.477533
0.358 -0.58298 -0.486456
0.36 -0.577344 -0.494192
0.362 -0.57165 -0.500743
0.364 -0.565884 -0.506116
0.366 -0.560035 -0.510321
0.368 -0.55409 -0.513371
0.37 -0.548039 -0.515283
0.372 -0.541868 -0.516078
0.374 -0.535567 -0.515778
0.376 -0.529124 -0.514412
0.378 -0.522528 -0.512007
0.38 -0.515771 -0.508596
0.382 -0.508841 -0.504215
0.384 -0.501731 -0.4989
0.386 -0.494432 -0.492691
0.388 -0.486937 -0.48563
0.39 -0.47924 -0.47776
0.392 -0.471334 -0.469128
0.394 -0.463215 -0.459779
0.396 -0.454881 -0.449762
0.398 -0.446327 -0.439128
0.4 -0.437553 -0.427925
0.402 -0.428558 -0.416205
0.404 -0.419344 -0.404021
0.406 -0.409911 -0.391423
0.408 -0.400265 -0.378464
0.41 -0.390408 -0.365196
0.412 -0.380346 -0.351671
0.414 -0.370087 -0.33794
0.416 -0.359639 -0.324053
0.418 -0.349012 -0.310061
0.42 -0.338215 -0.296012
0.422 -0.327262 -0.281953
0.424 -0.316165 -0.267932
0.426 -0.304939 -0.253992
0.428 -0.293599 -0.240176
0.43 -0.282163 -0.226525
0.432 -0.270649 -0.21308
0.434 -0.259075 -0.199877
0.436 -0.247462 -0.18695
0.438 -0.235831 -0.174333
0.44 -0.224203 -0.162056
0.442 -0.212602 -0.150147
0.444 -0.201051 -0.138632
0.446 -0.189575 -0.127532
0.448 -0.178198 -0.116869
0.45 -0.166947 -0.106659
0.452 -0.155846 -0.0969191
0.454 -0.144923 -0.08766
0.456 -0.134204 -0.0788918
0.458 -0.123715 -0.0706217
0.46 -0.113483 -0.0628539
0.462 -0.103536 -0.0555905
0.464 -0.0938987 -0.0488307
0.466 -0.0845984 -0.0425716
0.468 -0.0756607 -0.0368078
0.47 -0.0671109 -0.0315315
0.472 -0.058974 -0.026733
0.474 -0.0512739 -0.0224001
0.476 -0.044034 -0.0185191
0.478 -0.0372765 -0.0150741
0.48 -0.0310229 -0.0120476
0.482 -0.0252933 -0.0094205
0.484 -0.0201069 -0.0071723
0.486 -0.0154814 -0.00528112
0.488 -0.0114333 -0.00372393
0.49 -0.00797752 -0.00247674
0.492 -0.00512754 -0.00151467
0.494 -0.00289532 -0.000812184
0.496 -0.00129117 -0.000343222
0.498 -0.000323737 -8.13635e-05
0.05 7.7748 2.45952
0.1 7.77467 2.45942
0.15 7.77446 2.45926
0.2 7.77415 2.45904
0.25 7.77376 2.45875
0.3 7.77329 2.4584
0.35 7.77272 2.45798
0.4 7.77207 2.4575
0.45 7.77134 2.45696
0.5 7.77051 2.45635
0.55 7.7696 2.45568
0.6 7.7686 2.45494
0.65 7.76751 2.45414
0.7 7.76633 2.45328
0.75 7.76507 2.45235
0.8 7.76371 2.45136
0.85 7.76227 2.4503
0.9 7.76074 2.44918
0.95 7.75912 2.44799
1 7.7574 2.44674
1.05 7.7556 2.44543
1.1 7.7537 2.44405
1.15 7.75172 2.44261
1.2 7.74964 2.4411
1.25 7.74747 2.43953
1.3 7.7452 2.4379
1.35 7.74285 2.4362
1.4 7.7404 2.43444
1.45 7.73785 2.43261
1.5 7.73521 2.43072
1.55 7.73247 2.42876
1.6 7.72964 2.42674
1.65 7.72671 2.42466
1.7 7.72368 2.42251
1.75 7.72056 2.42029
1.8 7.71733 2.41802
1.85 7.71401 2.41567
1.9 7.71059 2.41327
1.95 7.70706 2.41079
2 7.70344 2.40826
2.05 7.69971 2.40566
2.1 7.69588 2.40299
2.15 7.69194 2.40026
2.2 7.6879 2.39747
2.25 7.68376 2.39461
2.3 7.67951 2.39169
2.35 7.67515 2.3887
2.4 7.67068 2.38565
2.45 7.66611 2.38253
2.5 7.66143 2.37935
2.55 7.65663 2.3761
2.6 7.65173 2.37279
2.65 7.64671 2.36942
2.7 7.64158 2.36598
2.75 7.63634 2.36247
2.8 7.63098 2.3589
2.85 7.62551 2.35527
2.9 7.61992 2.35157
2.95 7.61421 2.34781
3 7.60839 2.34398
3.05 7.60245 2.34009
3.1 7.59638 2.33614
3.15 7.5902 2.33212
3.2 7.58389 2.32803
3.25 7.57747 2.32389
3.3 7.57092 2.31967
3.35 7.56424 2.3154
3.4 7.55744 2.31106
3.45 7.55051 2.30665
3.5 7.54346 2.30219
3.55 7.53628 2.29765
3.6 7.52896 2.29306
3.65 7.52152 2.2884
3.7 7.51395 2.28367
3.75 7.50625 2.27889
3.8 7.49841 2.27404
3.85 7.49044 2.26913
3.9 7.48234 2.26415
3.95 7.4741 2.25911
4 7.46572 2.25401
4.05 7.45721 2.24884
4.1 7.44856 2.24361
4.15 7.43977 2.23832
4.2 7.43085 2.23297
4.25 7.42178 2.22755
4.3 7.41257 2.22207
4.35 7.40321 2.21653
4.4 7.39372 2.21093
4.45 7.38408 2.20527
4.5 7.3743 2.19954
4.55 7.36437 2.19376
4.6 7.35429 2.18791
4.65 7.34407 2.182
4.7 7.3337 2.17603
4.75 7.32319 2.17
4.8 7.31252 2.16391
4.85 7.3017 2.15776
4.9 7.29074 2.15156
4.95 7.27962 2.14529
5 7.26835 2.13896
5.05 7.25693 2.13257
5.1 7.24535 2.12612
5.15 7.23362 2.11962
5.2 7.22174 2.11306
5.25 7.20971 2.10643
5.3 7.19751 2.09976
5.35 7.18516 2.09302
5.4 7.17266 2.08623
5.45 7.16 2.07938
5.5 7.14718 2.07247
5.55 7.1342 2.06551
5.6 7.12107 2.05849
5.65 7.10777 2.05142
5.7 7.09432 2.04429
5.75 7.08071 2.0371
5.8 7.06694 2.02987
5.85 7.05301 2.02258
5.9 7.03891 2.01523
5.95 7.02466 2.00783
6 7.01025 2.00038
6.05 6.99567 1.99288
6.1 6.98094 1.98533
6.15 6.96604 1.97772
6.2 6.95098 1.97007
6.25 6.93576 1.96236
6.3 6.92038 1.9546
6.35 6.90484 1.9468
6.4 6.88913 1.93894
6.45 6.87326 1.93104
6.5 6.85723 1.92309
6.55 6.84104 1.91509
6.6 6.82469 1.90705
6.65 6.80818 1.89896
6.7 6.7915 1.89082
6.75 6.77466 1.88264
6.8 6.75767 1.87441
6.85 6.74051 1.86614
6.9 6.72319 1.85782
6.95 6.70571 1.84947
7 6.68807 1.84107
7.05 6.67027 1.83263
7.1 6.65231 1.82414
7.15 6.63419 1.81562
7.2 6.61591 1.80706
7.25 6.59748 1.79846
7.3 6.57889 1.78982
7.35 6.56014 1.78114
7.4 6.54123 1.77242
7.45 6.52217 1.76367
7.5 6.50295 1.75488
7.55 6.48358 1.74606
7.6 6.46405 1.73721
7.65 6.44438 1.72831
7.7 6.42454 1.71939
7.75 6.40456 1.71044
7.8 6.38443 1.70145
7.85 6.36414 1.69243
7.9 6.34371 1.68338
7.95 6.32312 1.67431
8 6.30239 1.6652
8.05 6.28152 1.65607
8.1 6.26049 1.64691
8.15 6.23933 1.63772
8.2 6.21802 1.62851
8.25 6.19656 1.61928
8.3 6.17497 1.61002
8.35 6.15323 1.60073
8.4 6.13136 1.59143
8.45 6.10935 1.58211
8.5 6.0872 1.57276
8.55 6.06492 1.56339
8.6 6.0425 1.55401
8.65 6.01995 1.54461
8.7 5.99726 1.53519
8.75 5.97445 1.52576
8.8 5.95151 1.51631
8.85 5.92844 1.50684
8.9 5.90525 1.49737
8.95 5.88193 1.48788
9 5.85849 1.47838
9.05 5.83492 1.46886
9.1 5.81124 1.45934
9.15 5.78744 1.44981
9.2 5.76352 1.44027
9.25 5.73949 1.43073
9.3 5.71534 1.42118
9.35 5.69108 1.41162
9.4 5.66671 1.40206
9.45 5.64224 1.3925
9.5 5.61765 1.38293
9.55 5.59296 1.37336
9.6 5.56817 1.36379
9.65 5.54328 1.35422
9.7 5.51829 1.34466
9.75 5.4932 1.33509
9.8 5.46802 1.32553
9.85 5.44274 1.31598
9.9 5.41737 1.30642
9.95 5.39191 1.29688
10 5.36637 1.28734
10.05 5.34073 1.27781
10.1 5.31502 1.26829
10.15 5.28922 1.25878
10.2 5.26334 1.24928
10.25 5.23739 1.23979
10.3 5.21136 1.23031
10.35 5.18525 1.22085
10.4 5.15908 1.21141
10.45 5.13284 1.20198
10.5 5.10652 1.19256
10.55 5.08015 1.18316
10.6 5.05371 1.17379
10.65 5.02721 1.16443
10.7 5.00065 1.15509
10.75 4.97404 1.14577
10.8 4.94737 1.13648
10.85 4.92066 1.12721
10.9 4.89389 1.11796
10.95 4.86707 1.10874
11 4.84021 1.09955
11.05 4.81331 1.09038
11.1 4.78637 1.08124
11.15 4.75939 1.07213
11.2 4.73237 1.06304
11.25 4.70532 1.05399
11.3 4.67824 1.04498
11.35 4.65113 1.03599
11.4 4.624 1.02704
11.45 4.59684 1.01812
11.5 4.56966 1.00923
11.55 4.54246 1.00039
11.6 4.51524 0.991577
11.65 4.48801 0.982804
11.7 4.46076 0.974071
11.75 4.43351 0.965377
11.8 4.40625 0.956723
11.85 4.37898 0.948111
11.9 4.35171 0.93954
11.95 4.32444 0.931013
12 4.29717 0.922529
12.05 4.2699 0.91409
12.1 4.24264 0.905696
12.15 4.21539 0.897348
12.2 4.18815 0.889048
12.25 4.16093 0.880795
12.3 4.13372 0.87259
12.35 4.10652 0.864434
12.4 4.07935 0.856329
12.45 4.0522 0.848274
12.5 4.02508 0.840271
12.55 3.99798 0.83232
12.6 3.97091 0.824421
12.65 3.94388 0.816576
12.7 3.91687 0.808786
12.75 3.88991 0.80105
12.8 3.86298 0.79337
12.85 3.83609 0.785746
12.9 3.80925 0.778179
12.95 3.78245 0.770669
13 3.7557 0.763217
13.05 3.729 0.755825
13.1 3.70234 0.748491
13.15 3.67575 0.741217
13.2 3.64921 0.734004
13.25 3.62272 0.726852
13.3 3.5963 0.719762
13.35 3.56994 0.712733
13.4 3.54364 0.705767
13.45 3.51741 0.698864
13.5 3.49125 0.692025
13.55 3.46515 0.68525
13.6 3.43913 0.67854
13.65 3.41319 0.671894
13.7 3.38732 0.665314
13.75 3.36153 0.6588
13.8 3.33582 0.652352
13.85 3.31019 0.645971
13.9 3.28464 0.639657
13.95 3.25918 0.63341
14 3.2338 0.627232
14.05 3.20852 0.621121
14.1 3.18333 0.615079
14.15 3.15823 0.609105
14.2 3.13322 0.603201
14.25 3.10831 0.597366
14.3 3.0835 0.5916
14.35 3.05879 0.585905
14.4 3.03417 0.58028
14.45 3.00967 0.574725
14.5 2.98526 0.56924
14.55 2.96096 0.563826
14.6 2.93677 0.558484
14.65 2.91269 0.553212
14.7 2.88872 0.548011
14.75 2.86485 0.542882
14.8 2.84111 0.537825
14.85 2.81747 0.532839
14.9 2.79396 0.527924
14.95 2.77056 0.523082
15 2.74727 0.518311
15.05 2.72411 0.513612
15.1 2.70107 0.508985
15.15 2.67815 0.50443
15.2 2.65536 0.499947
15.25 2.63269 0.495535
15.3 2.61014 0.491196
15.35 2.58772 0.486928
15.4 2.56543 0.482732
15.45 2.54327 0.478608
15.5 2.52124 0.474555
15.55 2.49934 0.470574
15.6 2.47757 0.466664
15.65 2.45594 0.462825
15.7 2.43443 0.459057
15.75 2.41306 0.45536
15.8 2.39183 0.451734
15.85 2.37073 0.448178
15.9 2.34977 0.444692
15.95 2.32895 0.441277
16 2.30827 0.437931
16.05 2.28772 0.434655
16.1 2.26731 0.431448
16.15 2.24705 0.42831
16.2 2.22692 0.425241
16.25 2.20694 0.42224
16.3 2.1871 0.419307
16.35 2.1674 0.416442
16.4 2.14784 0.413644
16.45 2.12842 0.410914
16.5 2.10915 0.408249
16.55 2.09003 0.405651
16.6 2.07104 0.403119
16.65 2.0522 0.400653
16.7 2.03351 0.398251
16.75 2.01496 0.395913
16.8 1.99656 0.39364
16.85 1.9783 0.39143
16.9 1.96018 0.389284
16.95 1.94221 0.3872
17 1.92439 0.385178
17.05 1.90672 0.383217
17.1 1.88918 0.381318
17.15 1.8718 0.379479
17.2 1.85456 0.3777
17.25 1.83747 0.375981
17.3 1.82052 0.37432
17.35 1.80371 0.372718
17.4 1.78706 0.371173
17.45 1.77054 0.369685
17.5 1.75417 0.368254
17.55 1.73795 0.366878
17.6 1.72187 0.365558
17.65 1.70594 0.364292
17.7 1.69015 0.363079
17.75 1.6745 0.36192
17.8 1.65899 0.360814
17.85 1.64363 0.359759
17.9 1.62841 0.358755
17.95 1.61334 0.357802
18 1.5984 0.356899
18.05 1.5836 0.356044
18.1 1.56895 0.355238
18.15 1.55444 0.354479
18.2 1.54006 0.353767
18.25 1.52582 0.353101
18.3 1.51172 0.352481
18.35 1.49776 0.351905
18.4 1.48394 0.351373
18.45 1.47025 0.350883
18.5 1.4567 0.350436
18.55 1.44328 0.350031
18.6 1.43 0.349666
18.65 1.41685 0.349341
18.7 1.40383 0.349055
18.75 1.39095 0.348807
18.8 1.37819 0.348597
18.85 1.36557 0.348424
18.9 1.35308 0.348286
18.95 1.34071 0.348183
19 1.32847 0.348114
19.05 1.31636 0.348079
19.1 1.30438 0.348077
19.15 1.29252 0.348106
19.2 1.28078 0.348165
19.25 1.26917 0.348255
19.3 1.25767 0.348374
19.35 1.2463 0.348522
19.4 1.23505 0.348697
19.45 1.22392 0.348898
19.5 1.21291 0.349126
19.55 1.20202 0.349378
19.6 1.19124 0.349655
19.65 1.18057 0.349955
19.7 1.17002 0.350277
19.75 1.15958 0.350621
19.8 1.14926 0.350985
19.85 1.13904 0.35137
19.9 1.12894 0.351773
19.95 1.11894 0.352195
20 1.10905 0.352634
20.05 1.09927 0.35309
20.1 1.08959 0.353561
20.15 1.08002 0.354047
20.2 1.07054 0.354547
20.25 1.06117 0.355061
20.3 1.0519 0.355587
20.35 1.04273 0.356124
20.4 1.03366 0.356672
20.45 1.02469 0.35723
20.5 1.01581 0.357797
20.55 1.00702 0.358372
20.6 0.998334 0.358955
20.65 0.989735 0.359544
20.7 0.981228 0.36014
20.75 0.97281 0.36074
20.8 0.964481 0.361344
20.85 0.95624 0.361953
20.9 0.948085 0.362563
20.95 0.940015 0.363176
21 0.932028 0.36379
21.05 0.924125 0.364404
21.1 0.916303 0.365018
21.15 0.908562 0.365631
21.2 0.900899 0.366243
21.25 0.893315 0.366851
21.3 0.885808 0.367456
21.35 0.878376 0.368058
21.4 0.871018 0.368654
21.45 0.863734 0.369245
21.5 0.856522 0.36983
21.55 0.849381 0.370408
21.6 0.842309 0.370979
21.65 0.835307 0.371542
21.7 0.828371 0.372095
21.75 0.821502 0.372639
21.8 0.814699 0.373173
21.85 0.807959 0.373697
21.9 0.801282 0.374208
21.95 0.794668 0.374708
22 0.788113 0.375195
22.05 0.781619 0.375669
22.1 0.775183 0.376129
22.15 0.768805 0.376575
22.2 0.762483 0.377005
22.25 0.756216 0.37742
22.3 0.750003 0.377819
22.35 0.743844 0.378201
22.4 0.737737 0.378566
22.45 0.731681 0.378914
22.5 0.725675 0.379243
22.55 0.719719 0.379553
22.6 0.71381 0.379844
22.65 0.707949 0.380115
22.7 0.702134 0.380366
22.75 0.696364 0.380597
22.8 0.690639 0.380806
22.85 0.684957 0.380994
22.9 0.679317 0.38116
22.95 0.673719 0.381303
23 0.668161 0.381424
23.05 0.662643 0.381521
23.1 0.657164 0.381595
23.15 0.651724 0.381645
23.2 0.64632 0.38167
23.25 0.640952 0.381671
23.3 0.63562 0.381647
23.35 0.630323 0.381598
23.4 0.62506 0.381523
23.45 0.61983 0.381422
23.5 0.614632 0.381295
23.55 0.609466 0.381142
23.6 0.604331 0.380961
23.65 0.599225 0.380754
23.7 0.59415 0.380519
23.75 0.589103 0.380257
23.8 0.584084 0.379967
23.85 0.579093 0.37965
23.9 0.574128 0.379304
23.95 0.56919 0.37893
24 0.564277 0.378527
24.05 0.559389 0.378096
24.1 0.554526 0.377636
24.15 0.549686 0.377147
24.2 0.544869 0.376629
24.25 0.540075 0.376082
24.3 0.535304 0.375506
24.35 0.530553 0.3749
24.4 0.525824 0.374265
24.45 0.521116 0.373601
24.5 0.516428 0.372907
24.55 0.51176 0.372183
24.6 0.50711 0.37143
24.65 0.50248 0.370647
24.7 0.497869 0.369834
24.75 0.493275 0.368992
24.8 0.488699 0.36812
24.85 0.48414 0.367219
24.9 0.479599 0.366288
24.95 0.475074 0.365327
25 0.470565 0.364337
25.05 0.466072 0.363317
25.1 0.461595 0.362268
25.15 0.457134 0.36119
25.2 0.452688 0.360083
25.25 0.448256 0.358947
25.3 0.44384 0.357781
25.35 0.439438 0.356587
25.4 0.43505 0.355364
25.45 0.430676 0.354113
25.5 0.426316 0.352833
25.55 0.42197 0.351525
25.6 0.417638 0.350189
25.65 0.413319 0.348826
25.7 0.409014 0.347434
25.75 0.404721 0.346015
25.8 0.400442 0.344569
25.85 0.396176 0.343096
25.9 0.391922 0.341596
25.95 0.387682 0.340069
26 0.383455 0.338517
26.05 0.37924 0.336938
26.1 0.375038 0.335333
26.15 0.370849 0.333703
26.2 0.366672 0.332048
26.25 0.362508 0.330367
26.3 0.358357 0.328662
26.35 0.354219 0.326933
26.4 0.350094 0.32518
26.45 0.345981 0.323403
26.5 0.341882 0.321602
26.55 0.337795 0.319779
26.6 0.333722 0.317933
26.65 0.329661 0.316064
26.7 0.325614 0.314174
26.75 0.321581 0.312261
26.8 0.31756 0.310328
26.85 0.313553 0.308373
26.9 0.30956 0.306398
26.95 0.305581 0.304403
27 0.301616 0.302388
27.05 0.297665 0.300353
27.1 0.293728 0.2983
27.15 0.289806 0.296227
27.2 0.285898 0.294137
27.25 0.282005 0.292029
27.3 0.278128 0.289904
27.35 0.274265 0.287761
27.4 0.270418 0.285602
27.45 0.266586 0.283427
27.5 0.26277 0.281236
27.55 0.25897 0.27903
27.6 0.255187 0.276809
27.65 0.25142 0.274574
27.7 0.247669 0.272325
27.75 0.243936 0.270062
27.8 0.240219 0.267786
27.85 0.23652 0.265498
27.9 0.232839 0.263197
27.95 0.229176 0.260885
28 0.22553 0.258562
28.05 0.221903 0.256228
28.1 0.218295 0.253883
28.15 0.214706 0.251529
28.2 0.211136 0.249165
28.25 0.207585 0.246793
28.3 0.204054 0.244412
28.35 0.200543 0.242022
28.4 0.197052 0.239626
28.45 0.193582 0.237222
28.5 0.190132 0.234812
28.55 0.186704 0.232396
28.6 0.183296 0.229974
28.65 0.179911 0.227547
28.7 0.176547 0.225115
28.75 0.173205 0.222679
28.8 0.169886 0.220239
28.85 0.166589 0.217796
28.9 0.163315 0.21535
28.95 0.160065 0.212902
29 0.156837 0.210451
29.05 0.153634 0.207999
29.1 0.150454 0.205547
29.15 0.147299 0.203093
29.2 0.144168 0.20064
29.25 0.141062 0.198187
29.3 0.137981 0.195734
29.35 0.134925 0.193283
29.4 0.131894 0.190834
29.45 0.12889 0.188387
29.5 0.125911 0.185942
29.55 0.122958 0.183501
29.6 0.120032 0.181063
29.65 0.117132 0.178628
29.7 0.11426 0.176199
29.75 0.111414 0.173773
29.8 0.108596 0.171353
29.85 0.105805 0.168939
29.9 0.103042 0.16653
29.95 0.100307 0.164128
30 0.0975998 0.161733
30.05 0.0949211 0.159345
30.1 0.0922709 0.156965
30.15 0.0896494 0.154592
30.2 0.0870568 0.152228
30.25 0.0844931 0.149873
30.3 0.0819587 0.147527
30.35 0.0794536 0.145191
30.4 0.0769781 0.142864
30.45 0.0745322 0.140548
30.5 0.072116 0.138242
30.55 0.0697299 0.135947
30.6 0.0673737 0.133664
30.65 0.0650478 0.131392
30.7 0.0627522 0.129132
30.75 0.060487 0.126885
30.8 0.0582523 0.12465
30.85 0.0560482 0.122428
30.9 0.0538748 0.12022
30.95 0.0517322 0.118025
31 0.0496204 0.115844
31.05 0.0475396 0.113678
31.1 0.0454898 0.111526
31.15 0.043471 0.109389
31.2 0.0414833 0.107267
31.25 0.0395268 0.10516
31.3 0.0376014 0.103069
31.35 0.0357073 0.100994
31.4 0.0338443 0.0989345
31.45 0.0320126 0.096892
31.5 0.0302121 0.094866
31.55 0.0284429 0.092857
31.6 0.0267049 0.0908651
31.65 0.0249981 0.0888906
31.7 0.0233225 0.0869337
31.75 0.0216781 0.0849946
31.8 0.0200647 0.0830734
31.85 0.0184825 0.0811705
31.9 0.0169313 0.079286
31.95 0.015411 0.07742
32 0.0139216 0.0755728
32.05 0.0124631 0.0737446
32.1 0.0110353 0.0719354
32.15 0.00963813 0.0701455
32.2 0.00827153 0.0683751
32.25 0.00693539 0.0666242
32.3 0.0056296 0.064893
32.35 0.00435404 0.0631816
32.4 0.00310858 0.0614902
32.45 0.0018931 0.0598189
32.5 0.000707456 0.0581679
32.55 -0.000448493 0.0565371
32.6 -0.0015749 0.0549268
32.65 -0.00267191 0.0533369
32.7 -0.00373971 0.0517677
32.75 -0.00477845 0.0502191
32.8 -0.00578831 0.0486913
32.85 -0.00676948 0.0471844
32.9 -0.00772215 0.0456983
32.95 -0.0086465 0.0442332
33 -0.00954275 0.042789
33.05 -0.0104111 0.0413659
33.1 -0.0112518 0.0399639
33.15 -0.012065 0.038583
33.2 -0.0128509 0.0372233
33.25 -0.0136099 0.0358847
33.3 -0.014342 0.0345672
33.35 -0.0150477 0.033271
33.4 -0.015727 0.0319959
33.45 -0.0163803 0.030742
33.5 -0.0170079 0.0295092
33.55 -0.0176099 0.0282976
33.6 -0.0181867 0.0271071
33.65 -0.0187385 0.0259378
33.7 -0.0192656 0.0247894
33.75 -0.0197682 0.0236621
33.8 -0.0202468 0.0225558
33.85 -0.0207015 0.0214704
33.9 -0.0211327 0.0204059
33.95 -0.0215406 0.0193622
34 -0.0219256 0.0183392
34.05 -0.0222879 0.0173369
34.1 -0.0226279 0.0163552
34.15 -0.0229459 0.015394
34.2 -0.0232422 0.0144533
34.25 -0.0235171 0.0135328
34.3 -0.0237709 0.0126327
34.35 -0.024004 0.0117526
34.4 -0.0242167 0.0108926
34.45 -0.0244094 0.0100525
34.5 -0.0245823 0.00923227
34.55 -0.0247358 0.00843168
34.6 -0.0248703 0.00765066
34.65 -0.024986 0.00688908
34.7 -0.0250833 0.0061468
34.75 -0.0251627 0.00542369
34.8 -0.0252243 0.00471961
34.85 -0.0252686 0.00403442
34.9 -0.025296 0.00336796
34.95 -0.0253067 0.00272008
35 -0.0253011 0.00209064
35.05 -0.0252796 0.00147947
35.1 -0.0252425 0.000886403
35.15 -0.0251902 0.000311281
35.2 -0.0251231 -0.000246068
35.25 -0.0250415 -0.000785817
35.3 -0.0249457 -0.00130814
35.35 -0.0248362 -0.00181321
35.4 -0.0247132 -0.00230122
35.45 -0.0245771 -0.00277235
35.5 -0.0244284 -0.00322679
35.55 -0.0242673 -0.00366472
35.6 -0.0240942 -0.00408633
35.65 -0.0239095 -0.00449183
35.7 -0.0237135 -0.00488141
35.75 -0.0235065 -0.00525526
35.8 -0.023289 -0.0056136
35.85 -0.0230613 -0.00595661
35.9 -0.0228237 -0.00628452
35.95 -0.0225766 -0.00659752
36 -0.0223203 -0.00689583
36.05 -0.0220553 -0.00717966
36.1 -0.0217817 -0.00744921
36.15 -0.0215 -0.00770471
36.2 -0.0212106 -0.00794636
36.25 -0.0209137 -0.00817439
36.3 -0.0206097 -0.00838901
36.35 -0.0202989 -0.00859045
36.4 -0.0199817 -0.00877892
36.45 -0.0196584 -0.00895465
36.5 -0.0193293 -0.00911785
36.55 -0.0189948 -0.00926875
36.6 -0.0186551 -0.00940757
36.65 -0.0183107 -0.00953455
36.7 -0.0179617 -0.00964989
36.75 -0.0176086 -0.00975384
36.8 -0.0172517 -0.00984661
36.85 -0.0168911 -0.00992842
36.9 -0.0165274 -0.00999952
36.95 -0.0161607 -0.0100601
37 -0.0157913 -0.0101104
37.05 -0.0154196 -0.0101507
37.1 -0.0150458 -0.0101812
37.15 -0.0146702 -0.0102021
37.2 -0.0142932 -0.0102136
37.25 -0.0139149 -0.0102159
37.3 -0.0135357 -0.0102094
37.35 -0.0131558 -0.0101941
37.4 -0.0127755 -0.0101704
37.45 -0.0123951 -0.0101384
37.5 -0.0120147 -0.0100984
37.55 -0.0116348 -0.0100506
37.6 -0.0112554 -0.00999525
37.65 -0.010877 -0.00993251
37.7 -0.0104996 -0.00986262
37.75 -0.0101235 -0.00978581
37.8 -0.00974905 -0.00970228
37.85 -0.00937636 -0.00961226
37.9 -0.00900569 -0.00951596
37.95 -0.00863724 -0.00941358
38 -0.00827124 -0.00930535
38.05 -0.00790788 -0.00919146
38.1 -0.00754737 -0.00907213
38.15 -0.0071899 -0.00894756
38.2 -0.00683568 -0.00881797
38.25 -0.00648488 -0.00868354
38.3 -0.00613768 -0.00854448
38.35 -0.00579427 -0.00840099
38.4 -0.00545481 -0.00825327
38.45 -0.00511947 -0.00810151
38.5 -0.00478842 -0.00794591
38.55 -0.0044618 -0.00778665
38.6 -0.00413977 -0.00762393
38.65 -0.00382248 -0.00745794
38.7 -0.00351007 -0.00728885
38.75 -0.00320267 -0.00711685
38.8 -0.00290041 -0.00694212
38.85 -0.00260343 -0.00676484
38.9 -0.00231183 -0.00658519
38.95 -0.00202574 -0.00640333
39 -0.00174526 -0.00621944
39.05 -0.0014705 -0.00603369
39.1 -0.00120156 -0.00584624
39.15 -0.000938533 -0.00565725
39.2 -0.000681511 -0.0054669
39.25 -0.000430579 -0.00527533
39.3 -0.000185814 -0.0050827
39.35 5.27075e-05 -0.00488916
39.4 0.000284917 -0.00469487
39.45 0.000510748 -0.00449998
39.5 0.000730143 -0.00430462
39.55 0.000943047 -0.00410894
39.6 0.00114941 -0.00391308
39.65 0.00134918 -0.00371718
39.7 0.00154233 -0.00352137
39.75 0.00172881 -0.00332579
39.8 0.0019086 -0.00313055
39.85 0.00208167 -0.00293579
39.9 0.002248 -0.00274163
39.95 0.00240757 -0.0025482
40 0.00256037 -0.0023556
40.05 0.00270639 -0.00216395
40.1 0.00284562 -0.00197336
40.15 0.00297807 -0.00178395
40.2 0.00310375 -0.00159582
40.25 0.00322265 -0.00140906
40.3 0.0033348 -0.00122379
40.35 0.00344021 -0.0010401
40.4 0.0035389 -0.000858084
40.45 0.00363091 -0.000677831
40.5 0.00371625 -0.000499433
40.55 0.00379496 -0.000322974
40.6 0.00386708 -0.000148539
40.65 0.00393266 2.37929e-05
40.7 0.00399172 0.000193944
40.75 0.00404433 0.000361838
40.8 0.00409053 0.000527406
40.85 0.00413038 0.000690576
40.9 0.00416394 0.000851284
40.95 0.00419127 0.00100946
41 0.00421243 0.00116506
41.05 0.00422749 0.00131801
41.1 0.00423652 0.00146825
41.15 0.00423961 0.00161574
41.2 0.00423681 0.00176043
41.25 0.00422822 0.00190227
41.3 0.00421392 0.00204121
41.35 0.00419399 0.00217722
41.4 0.00416852 0.00231024
41.45 0.0041376 0.00244025
41.5 0.00410132 0.00256722
41.55 0.00405977 0.0026911
41.6 0.00401307 0.00281187
41.65 0.00396129 0.0029295
41.7 0.00390456 0.00304397
41.75 0.00384296 0.00315525
41.8 0.00377661 0.00326333
41.85 0.00370561 0.00336819
41.9 0.00363007 0.00346981
41.95 0.0035501 0.00356818
42 0.00346582 0.00366329
42.05 0.00337734 0.00375513
42.1 0.00328477 0.0038437
42.15 0.00318823 0.00392898
42.2 0.00308783 0.00401099
42.25 0.0029837 0.00408971
42.3 0.00287596 0.00416515
42.35 0.00276473 0.00423732
42.4 0.00265012 0.00430622
42.45 0.00253227 0.00437185
42.5 0.00241129 0.00443424
42.55 0.00228731 0.00449338
42.6 0.00216046 0.0045493
42.65 0.00203085 0.00460201
42.7 0.00189862 0.00465152
42.75 0.00176388 0.00469786
42.8 0.00162678 0.00474104
42.85 0.00148742 0.00478109
42.9 0.00134595 0.00481804
42.95 0.00120247 0.00485189
43 0.00105713 0.0048827
43.05 0.000910051 0.00491047
43.1 0.000761351 0.00493524
43.15 0.00061116 0.00495705
43.2 0.000459603 0.00497592
43.25 0.000306806 0.00499189
43.3 0.000152891 0.00500499
43.35 -2.01644e-06 0.00501526
43.4 -0.000157794 0.00502273
43.45 -0.000314319 0.00502745
43.5 -0.000471469 0.00502946
43.55 -0.000629125 0.00502878
43.6 -0.000787165 0.00502548
43.65 -0.000945472 0.00501958
43.7 -0.00110393 0.00501114
43.75 -0.00126241 0.00500019
43.8 -0.00142082 0.00498679
43.85 -0.00157902 0.00497097
43.9 -0.00173692 0.00495279
43.95 -0.00189439 0.00493229
44 -0.00205132 0.00490952
44.05 -0.00220761 0.00488453
44.1 -0.00236316 0.00485737
44.15 -0.00251785 0.00482809
44.2 -0.00267157 0.00479674
44.25 -0.00282424 0.00476338
44.3 -0.00297573 0.00472804
44.35 -0.00312597 0.00469079
44.4 -0.00327485 0.00465168
44.45 -0.00342226 0.00461075
44.5 -0.00356813 0.00456807
44.55 -0.00371236 0.00452369
44.6 -0.00385485 0.00447766
44.65 -0.00399552 0.00443003
44.7 -0.00413429 0.00438086
44.75 -0.00427106 0.0043302
44.8 -0.00440577 0.0042781
44.85 -0.00453832 0.00422463
44.9 -0.00466864 0.00416983
44.95 -0.00479665 0.00411376
45 -0.00492229 0.00405647
45.05 -0.00504547 0.00399802
45.1 -0.00516614 0.00393847
45.15 -0.00528423 0.00387785
45.2 -0.00539966 0.00381624
45.25 -0.00551238 0.00375368
45.3 -0.00562233 0.00369022
45.35 -0.00572945 0.00362592
45.4 -0.00583368 0.00356084
45.45 -0.00593498 0.00349502
45.5 -0.0060333 0.00342851
45.55 -0.00612857 0.00336138
45.6 -0.00622077 0.00329366
45.65 -0.00630984 0.00322541
45.7 -0.00639575 0.00315669
45.75 -0.00647846 0.00308754
45.8 -0.00655792 0.003018
45.85 -0.00663411 0.00294814
45.9 -0.006707 0.00287799
45.95 -0.00677656 0.00280762
46 -0.00684275 0.00273705
46.05 -0.00690556 0.00266635
46.1 -0.00696497 0.00259555
46.15 -0.00702095 0.00252471
46.2 -0.00707349 0.00245386
46.25 -0.00712258 0.00238305
46.3 -0.00716819 0.00231233
46.35 -0.00721033 0.00224174
46.4 -0.00724898 0.00217132
46.45 -0.00728415 0.00210111
46.5 -0.00731581 0.00203115
46.55 -0.00734398 0.00196148
46.6 -0.00736866 0.00189215
46.65 -0.00738985 0.00182318
46.7 -0.00740756 0.00175462
46.75 -0.00742179 0.0016865
46.8 -0.00743255 0.00161887
46.85 -0.00743986 0.00155174
46.9 -0.00744373 0.00148517
46.95 -0.00744418 0.00141917
47 -0.00744123 0.00135379
47.05 -0.0074349 0.00128906
47.1 -0.0074252 0.001225
47.15 -0.00741217 0.00116165
47.2 -0.00739583 0.00109903
47.25 -0.00737621 0.00103718
47.3 -0.00735334 0.000976111
47.35 -0.00732725 0.000915861
47.4 -0.00729798 0.000856452
47.45 -0.00726556 0.000797908
47.5 -0.00723003 0.000740252
47.55 -0.00719143 0.000683508
47.6 -0.00714979 0.000627696
47.65 -0.00710517 0.000572837
47.7 -0.0070576 0.000518951
47.75 -0.00700714 0.000466056
47.8 -0.00695382 0.000414171
47.85 -0.0068977 0.000363312
47.9 -0.00683883 0.000313495
47.95 -0.00677725 0.000264736
48 -0.00671302 0.000217048
48.05 -0.0066462 0.000170445
48.1 -0.00657683 0.000124939
48.15 -0.00650498 8.05413e-05
48.2 -0.00643071 3.72629e-05
48.25 -0.00635406 -4.88676e-06
48.3 -0.0062751 -4.58989e-05
48.35 -0.0061939 -8.57655e-05
48.4 -0.00611051 -0.00012448
48.45 -0.00602499 -0.000162035
48.5 -0.00593741 -0.000198427
48.55 -0.00584784 -0.00023365
48.6 -0.00575633 -0.000267701
48.65 -0.00566295 -0.000300578
48.7 -0.00556778 -0.000332277
48.75 -0.00547087 -0.000362799
48.8 -0.0053723 -0.000392142
48.85 -0.00527213 -0.000420308
48.9 -0.00517043 -0.000447296
48.95 -0.00506727 -0.00047311
49 -0.00496272 -0.000497752
49.05 -0.00485685 -0.000521225
49.1 -0.00474973 -0.000543534
49.15 -0.00464143 -0.000564683
49.2 -0.00453202 -0.000584679
49.25 -0.00442157 -0.000603527
49.3 -0.00431016 -0.000621234
49.35 -0.00419786 -0.000637809
49.4 -0.00408472 -0.000653259
49.45 -0.00397084 -0.000667593
49.5 -0.00385627 -0.000680822
49.55 -0.0037411 -0.000692954
49.6 -0.00362538 -0.000704002
49.65 -0.0035092 -0.000713976
49.7 -0.00339262 -0.000722888
49.75 -0.00327571 -0.00073075
49.8 -0.00315854 -0.000737577
49.85 -0.00304118 -0.00074338
49.9 -0.00292371 -0.000748175
49.95 -0.00280618 -0.000751976
50 -0.00268868 -0.000754797
