-0.498 -0.000387179 -0.000119177
-0.496 -0.0015507 -0.000481341
-0.494 -0.00349314 -0.00109297
-0.492 -0.00621653 -0.00195988
-0.49 -0.00972235 -0.00308712
-0.488 -0.0140115 -0.00447896
-0.486 -0.0190841 -0.00613881
-0.484 -0.02494 -0.00806914
-0.482 -0.0315779 -0.0102715
-0.48 -0.0389961 -0.0127463
-0.478 -0.0471921 -0.015493
-0.476 -0.0561627 -0.0185099
-0.474 -0.0659039 -0.0217941
-0.472 -0.0764107 -0.0253417
-0.47 -0.0876776 -0.0291473
-0.468 -0.099698 -0.0332044
-0.466 -0.112465 -0.0375053
-0.464 -0.125969 -0.0420409
-0.462 -0.140202 -0.0468008
-0.46 -0.155154 -0.0517733
-0.458 -0.170813 -0.0569456
-0.456 -0.187168 -0.0623032
-0.454 -0.204205 -0.0678305
-0.452 -0.221911 -0.0735108
-0.45 -0.240269 -0.0793258
-0.448 -0.259265 -0.0852562
-0.446 -0.278881 -0.0912813
-0.444 -0.299098 -0.0973794
-0.442 -0.319898 -0.103528
-0.44 -0.341259 -0.109702
-0.438 -0.363161 -0.115877
-0.436 -0.385581 -0.122026
-0.434 -0.408494 -0.128124
-0.432 -0.431877 -0.134141
-0.43 -0.455702 -0.14005
-0.428 -0.479944 -0.14582
-0.426 -0.504574 -0.151422
-0.424 -0.529561 -0.156825
-0.422 -0.554877 -0.161998
-0.42 -0.58049 -0.166909
-0.418 -0.606366 -0.171527
-0.416 -0.632473 -0.175819
-0.414 -0.658775 -0.179753
-0.412 -0.685237 -0.183297
-0.41 -0.711821 -0.186419
-0.408 -0.738491 -0.189088
-0.406 -0.765208 -0.19127
-0.404 -0.791931 -0.192936
-0.402 -0.81862 -0.194055
-0.4 -0.845234 -0.194596
-0.398 -0.87173 -0.194531
-0.396 -0.898066 -0.19383
-0.394 -0.924197 -0.192467
-0.392 -0.950079 -0.190414
-0.39 -0.975667 -0.187647
-0.388 -1.00091 -0.184142
-0.386 -1.02578 -0.179876
-0.384 -1.0502 -0.174828
-0.382 -1.07415 -0.168978
-0.38 -1.09757 -0.162309
-0.378 -1.12041 -0.154804
-0.376 -1.14263 -0.146449
-0.374 -1.16417 -0.137232
-0.372 -1.18499 -0.127142
-0.37 -1.20504 -0.116172
-0.368 -1.22427 -0.104313
-0.366 -1.24264 -0.0915639
-0.364 -1.26008 -0.0779212
-0.362 -1.27656 -0.0633858
-0.36 -1.29203 -0.0479604
-0.358 -1.30643 -0.03165
-0.356 -1.31972 -0.0144621
-0.354 -1.33186 0.00359375
-0.352 -1.3428 0.0225054
-0.35 -1.35248 0.0422584
-0.348 -1.36087 0.062836
-0.346 -1.36791 0.0842194
-0.344 -1.37358 0.106387
-0.342 -1.37781 0.129316
-0.34 -1.38057 0.15298
-0.338 -1.38181 0.177351
-0.336 -1.3815 0.2024
-0.334 -1.37959 0.228095
-0.332 -1.37605 0.254403
-0.33 -1.37083 0.281288
-0.328 -1.36389 0.308713
-0.326 -1.35519 0.33664
-0.324 -1.34471 0.365028
-0.322 -1.3324 0.393837
-0.32 -1.31823 0.423024
-0.318 -1.30216 0.452545
-0.316 -1.28416 0.482357
-0.314 -1.2642 0.512413
-0.312 -1.24224 0.542669
-0.31 -1.21825 0.573079
-0.308 -1.1922 0.603595
-0.306 -1.16406 0.634171
-0.304 -1.1338 0.664761
-0.302 -1.10138 0.695318
-0.3 -1.06679 0.725797
-0.298 -1.02999 0.756152
-0.296 -0.990952 0.786337
-0.294 -0.949649 0.81631
-0.292 -0.906052 0.846027
-0.29 -0.860136 0.875447
-0.288 -0.811872 0.904528
-0.286 -0.761235 0.933233
-0.284 -0.708197 0.961522
-0.282 -0.652733 0.989362
-0.28 -0.594816 1.01672
-0.278 -0.534421 1.04356
-0.276 -0.471522 1.06985
-0.274 -0.406093 1.09557
-0.272 -0.338109 1.12069
-0.27 -0.267545 1.14519
-0.268 -0.194376 1.16906
-0.266 -0.118577 1.19226
-0.264 -0.0401247 1.21479
-0.262 0.0410067 1.23663
-0.26 0.12484 1.25778
-0.258 0.211401 1.27824
-0.256 0.30071 1.29798
-0.254 0.392793 1.31703
-0.252 0.48767 1.33538
-0.25 0.585366 1.35304
-0.248 0.685901 1.37001
-0.246 0.789296 1.38631
-0.244 0.895572 1.40196
-0.242 1.00475 1.41698
-0.24 1.11685 1.43138
-0.238 1.23189 1.44519
-0.236 1.34988 1.45845
-0.234 1.47085 1.47118
-0.232 1.59481 1.48341
-0.23 1.72177 1.4952
-0.228 1.85175 1.50657
-0.226 1.98476 1.51757
-0.224 2.12082 1.52825
-0.222 2.25993 1.53865
-0.22 2.4021 1.54883
-0.218 2.54735 1.55885
-0.216 2.69566 1.56875
-0.214 2.84707 1.5786
-0.212 3.00155 1.58846
-0.21 3.15912 1.59839
-0.208 3.31978 1.60846
-0.206 3.48352 1.61873
-0.204 3.65034 1.62927
-0.202 3.82024 1.64015
-0.2 3.9932 1.65145
-0.198 4.16922 1.66323
-0.196 4.34829 1.67556
-0.194 4.53039 1.68853
-0.192 4.71551 1.7022
-0.19 4.90362 1.71665
-0.188 5.09472 1.73195
-0.186 5.28877 1.74818
-0.184 5.48576 1.76541
-0.182 5.68566 1.78372
-0.18 5.88843 1.80317
-0.178 6.09405 1.82384
-0.176 6.30248 1.8458
-0.174 6.5137 1.86913
-0.172 6.72765 1.89388
-0.17 6.9443 1.92012
-0.168 7.16361 1.94793
-0.166 7.38553 1.97735
-0.164 7.61001 2.00845
-0.162 7.83702 2.0413
-0.16 8.06648 2.07593
-0.158 8.29836 2.11241
-0.156 8.53259 2.15078
-0.154 8.76911 2.1911
-0.152 9.00787 2.23339
-0.15 9.2488 2.2777
-0.148 9.49184 2.32407
-0.146 9.73691 2.37253
-0.144 9.98396 2.4231
-0.142 10.2329 2.47581
-0.14 10.4837 2.53067
-0.138 10.7362 2.58771
-0.136 10.9904 2.64693
-0.134 11.2462 2.70833
-0.132 11.5035 2.77193
-0.13 11.7622 2.83772
-0.128 12.0223 2.90569
-0.126 12.2836 2.97582
-0.124 12.5461 3.04811
-0.122 12.8097 3.12253
-0.12 13.0743 3.19905
-0.118 13.3398 3.27764
-0.116 13.606 3.35827
-0.114 13.873 3.4409
-0.112 14.1406 3.52548
-0.11 14.4086 3.61196
-0.108 14.6771 3.70028
-0.106 14.9459 3.7904
-0.104 15.2149 3.88224
-0.102 15.4839 3.97573
-0.1 15.7529 4.07081
-0.098 16.0218 4.16739
-0.096 16.2904 4.2654
-0.094 16.5587 4.36474
-0.092 16.8265 4.46534
-0.09 17.0937 4.56709
-0.088 17.3601 4.6699
-0.086 17.6258 4.77367
-0.084 17.8904 4.87828
-0.082 18.154 4.98365
-0.08 18.4163 5.08964
-0.078 18.6772 5.19615
-0.076 18.9367 5.30305
-0.074 19.1945 5.41024
-0.072 19.4506 5.51757
-0.07 19.7047 5.62493
-0.068 19.9568 5.73219
-0.066 20.2067 5.83921
-0.064 20.4542 5.94586
-0.062 20.6991 6.05201
-0.06 20.9415 6.15752
-0.058 21.181 6.26224
-0.056 21.4175 6.36604
-0.054 21.6508 6.46878
-0.052 21.8808 6.57032
-0.05 22.1073 6.67051
-0.048 22.3302 6.7692
-0.046 22.5491 6.86626
-0.044 22.7641 6.96155
-0.042 22.9749 7.0549
-0.04 23.1812 7.1462
-0.038 23.383 7.23529
-0.036 23.58 7.32203
-0.034 23.772 7.40629
-0.032 23.9589 7.48792
-0.03 24.1405 7.56679
-0.028 24.3165 7.64277
-0.026 24.4867 7.71573
-0.024 24.651 7.78554
-0.022 24.8092 7.85208
-0.02 24.9611 7.91522
-0.018 25.1065 7.97486
-0.016 25.2451 8.03086
-0.014 25.3769 8.08314
-0.012 25.5015 8.13159
-0.01 25.6189 8.1761
-0.008 25.7288 8.2166
-0.006 25.8311 8.25298
-0.004 25.9256 8.28517
-0.002 26.012 8.3131
0 26.0903 8.3367
0.002 26.1604 8.35588
0.004 26.222 8.37062
0.006 26.275 8.38087
0.008 26.3192 8.38659
0.01 26.3545 8.38776
0.012 26.3808 8.38433
0.014 26.398 8.37632
0.016 26.406 8.36369
0.018 26.4047 8.34647
0.02 26.3939 8.32465
0.022 26.3736 8.29826
0.024 26.3438 8.26732
0.026 26.3044 8.23187
0.028 26.2554 8.19194
0.03 26.1966 8.1476
0.032 26.1282 8.09889
0.034 26.05 8.04589
0.036 25.9622 7.98867
0.038 25.8647 7.92732
0.04 25.7575 7.86191
0.042 25.6407 7.79256
0.044 25.5143 7.71936
0.046 25.3784 7.64242
0.048 25.2332 7.56186
0.05 25.0786 7.47781
0.052 24.9147 7.39038
0.054 24.7418 7.29973
0.056 24.5598 7.20598
0.058 24.369 7.10927
0.06 24.1695 7.00976
0.062 23.9614 6.9076
0.064 23.7449 6.80294
0.066 23.5202 6.69595
0.068 23.2874 6.58677
0.07 23.0468 6.47558
0.072 22.7986 6.36254
0.074 22.5429 6.24781
0.076 22.28 6.13157
0.078 22.0102 6.01398
0.08 21.7335 5.89521
0.082 21.4504 5.77542
0.084 21.1609 5.65479
0.086 20.8655 5.53347
0.088 20.5643 5.41165
0.09 20.2575 5.28946
0.092 19.9456 5.16709
0.094 19.6286 5.04468
0.096 19.307 4.92239
0.098 18.9809 4.80038
0.1 18.6507 4.67878
0.102 18.3166 4.55775
0.104 17.9789 4.43743
0.106 17.638 4.31796
0.108 17.294 4.19945
0.11 16.9473 4.08206
0.112 16.5981 3.96588
0.114 16.2467 3.85105
0.116 15.8935 3.73767
0.118 15.5387 3.62585
0.12 15.1826 3.51569
0.122 14.8254 3.40728
0.124 14.4675 3.30072
0.126 14.1091 3.19609
0.128 13.7506 3.09346
0.13 13.392 2.9929
0.132 13.0338 2.89448
0.134 12.6763 2.79826
0.136 12.3195 2.70429
0.138 11.9639 2.61262
0.14 11.6097 2.52329
0.142 11.2571 2.43633
0.144 10.9063 2.35177
0.146 10.5576 2.26963
0.148 10.2113 2.18994
0.15 9.86746 2.11269
0.152 9.52644 2.0379
0.154 9.1884 1.96558
0.156 8.85356 1.8957
0.158 8.52211 1.82827
0.16 8.19425 1.76327
0.162 7.87018 1.70067
0.164 7.55006 1.64046
0.166 7.23408 1.58261
0.168 6.92239 1.52708
0.17 6.61517 1.47384
0.172 6.31257 1.42284
0.174 6.01472 1.37404
0.176 5.72176 1.3274
0.178 5.43383 1.28287
0.18 5.15104 1.24038
0.182 4.87352 1.19989
0.184 4.60136 1.16133
0.186 4.33466 1.12465
0.188 4.07351 1.08978
0.19 3.818 1.05666
0.192 3.5682 1.02522
0.194 3.32417 0.995392
0.196 3.08598 0.967111
0.198 2.85368 0.940305
0.2 2.6273 0.914905
0.202 2.40688 0.89084
0.204 2.19246 0.86804
0.206 1.98404 0.846433
0.208 1.78166 0.825948
0.21 1.5853 0.806516
0.212 1.39497 0.788066
0.214 1.21066 0.770529
0.216 1.03235 0.753837
0.218 0.86003 0.737923
0.22 0.693661 0.72272
0.222 0.533213 0.708163
0.224 0.378642 0.694189
0.226 0.229903 0.680736
0.228 0.0869421 0.667745
0.23 -0.0502983 0.655156
0.232 -0.181882 0.642914
0.234 -0.307878 0.630964
0.236 -0.42836 0.619255
0.238 -0.543407 0.607735
0.24 -0.653101 0.596359
0.242 -0.757528 0.58508
0.244 -0.856781 0.573855
0.246 -0.950954 0.562645
0.248 -1.04015 0.551412
0.25 -1.12446 0.540119
0.252 -1.20399 0.528736
0.254 -1.27885 0.517231
0.256 -1.34916 0.505578
0.258 -1.41501 0.493751
0.26 -1.47654 0.481728
0.262 -1.53384 0.469491
0.264 -1.58704 0.457023
0.266 -1.63625 0.444308
0.268 -1.6816 0.431336
0.27 -1.72321 0.418097
0.272 -1.76118 0.404586
0.274 -1.79565 0.390798
0.276 -1.82674 0.37673
0.278 -1.85456 0.362385
0.28 -1.87923 0.347765
0.282 -1.90088 0.332876
0.284 -1.91961 0.317724
0.286 -1.93556 0.302319
0.288 -1.94883 0.286674
0.29 -1.95954 0.2708
0.292 -1.9678 0.254714
0.294 -1.97372 0.238433
0.296 -1.97741 0.221974
0.298 -1.97899 0.205359
0.3 -1.97854 0.188608
0.302 -1.97618 0.171745
0.304 -1.97201 0.154794
0.306 -1.96611 0.13778
0.308 -1.9586 0.120729
0.31 -1.94955 0.103668
0.312 -1.93907 0.0866244
0.314 -1.92723 0.0696274
0.316 -1.91411 0.0527055
0.318 -1.8998 0.0358881
0.32 -1.88438 0.0192046
0.322 -1.86791 0.00268474
0.324 -1.85048 -0.0136418
0.326 -1.83214 -0.0297453
0.328 -1.81296 -0.0455966
0.33 -1.793 -0.0611663
0.332 -1.77233 -0.076426
0.334 -1.75099 -0.0913476
0.336 -1.72903 -0.105904
0.338 -1.70652 -0.120067
0.34 -1.68349 -0.133813
0.342 -1.65999 -0.147116
0.344 -1.63606 -0.159952
0.346 -1.61173 -0.172299
0.348 -1.58705 -0.184136
0.35 -1.56204 -0.195441
0.352 -1.53674 -0.206198
0.354 -1.51118 -0.216388
0.356 -1.48538 -0.225996
0.358 -1.45937 -0.235007
0.36 -1.43317 -0.24341
0.362 -1.4068 -0.251193
0.364 -1.38028 -0.258347
0.366 -1.35363 -0.264866
0.368 -1.32686 -0.270742
0.37 -1.3 -0.275974
0.372 -1.27305 -0.280558
0.374 -1.24603 -0.284495
0.376 -1.21896 -0.287786
0.378 -1.19183 -0.290434
0.38 -1.16467 -0.292446
0.382 -1.13748 -0.293827
0.384 -1.11027 -0.294586
0.386 -1.08306 -0.294734
0.388 -1.05585 -0.294283
0.39 -1.02866 -0.293246
0.392 -1.00149 -0.291638
0.394 -0.974345 -0.289476
0.396 -0.947246 -0.286778
0.398 -0.920197 -0.283563
0.4 -0.89321 -0.279851
0.402 -0.866295 -0.275665
0.404 -0.839463 -0.271027
0.406 -0.812726 -0.26596
0.408 -0.786095 -0.260491
0.41 -0.759583 -0.254643
0.412 -0.733203 -0.248444
0.414 -0.706969 -0.24192
0.416 -0.680896 -0.235099
0.418 -0.654999 -0.228009
0.42 -0.629292 -0.220677
0.422 -0.603794 -0.213132
0.424 -0.578521 -0.205403
0.426 -0.553491 -0.197518
0.428 -0.528722 -0.189506
0.43 -0.504235 -0.181394
0.432 -0.480048 -0.173212
0.434 -0.456182 -0.164987
0.436 -0.432659 -0.156745
0.438 -0.409499 -0.148515
0.44 -0.386726 -0.140321
0.442 -0.364362 -0.13219
0.444 -0.34243 -0.124146
0.446 -0.320953 -0.116212
0.448 -0.299956 -0.108412
0.45 -0.279463 -0.100768
0.452 -0.259497 -0.0933006
0.454 -0.240085 -0.0860294
0.456 -0.22125 -0.0789732
0.458 -0.203017 -0.0721495
0.46 -0.185411 -0.0655747
0.462 -0.168456 -0.0592637
0.464 -0.152178 -0.0532303
0.466 -0.136601 -0.0474869
0.468 -0.121748 -0.0420447
0.47 -0.107643 -0.0369135
0.472 -0.0943092 -0.0321018
0.474 -0.08177 -0.0276168
0.476 -0.0700471 -0.0234643
0.478 -0.059162 -0.0196488
0.48 -0.0491354 -0.0161737
0.482 -0.0399874 -0.0130408
0.484 -0.031737 -0.0102511
0.486 -0.0244025 -0.00780395
0.488 -0.0180009 -0.0056979
0.49 -0.0125483 -0.00393019
0.492 -0.00805965 -0.00249703
0.494 -0.0045487 -0.00139365
0.496 -0.00202792 -0.000614263
0.498 -0.000508429 -0.000152216
0.05 12.4659 4.0191
0.1 12.4659 4.01896
0.15 12.4658 4.01871
0.2 12.4657 4.01837
0.25 12.4656 4.01792
0.3 12.4655 4.01738
0.35 12.4653 4.01674
0.4 12.4651 4.016
0.45 12.4648 4.01517
0.5 12.4646 4.01423
0.55 12.4643 4.0132
0.6 12.4639 4.01206
0.65 12.4636 4.01083
0.7 12.4632 4.00951
0.75 12.4628 4.00808
0.8 12.4623 4.00655
0.85 12.4618 4.00493
0.9 12.4613 4.00321
0.95 12.4607 4.00138
1 12.4601 3.99946
1.05 12.4594 3.99745
1.1 12.4587 3.99533
1.15 12.458 3.99312
1.2 12.4572 3.9908
1.25 12.4563 3.98839
1.3 12.4555 3.98588
1.35 12.4545 3.98327
1.4 12.4535 3.98057
1.45 12.4525 3.97776
1.5 12.4514 3.97486
1.55 12.4503 3.97186
1.6 12.449 3.96876
1.65 12.4478 3.96556
1.7 12.4464 3.96227
1.75 12.445 3.95887
1.8 12.4435 3.95538
1.85 12.442 3.95179
1.9 12.4404 3.9481
1.95 12.4387 3.94431
2 12.4369 3.94043
2.05 12.4351 3.93645
2.1 12.4331 3.93237
2.15 12.4311 3.92819
2.2 12.429 3.92391
2.25 12.4268 3.91954
2.3 12.4245 3.91507
2.35 12.4221 3.9105
2.4 12.4197 3.90583
2.45 12.4171 3.90107
2.5 12.4144 3.89621
2.55 12.4116 3.89125
2.6 12.4087 3.8862
2.65 12.4056 3.88104
2.7 12.4025 3.87579
2.75 12.3992 3.87045
2.8 12.3958 3.865
2.85 12.3923 3.85946
2.9 12.3887 3.85382
2.95 12.3849 3.84809
3 12.381 3.84226
3.05 12.377 3.83633
3.1 12.3728 3.83031
3.15 12.3685 3.82419
3.2 12.364 3.81798
3.25 12.3593 3.81167
3.3 12.3545 3.80526
3.35 12.3496 3.79876
3.4 12.3445 3.79216
3.45 12.3392 3.78547
3.5 12.3338 3.77868
3.55 12.3282 3.7718
3.6 12.3224 3.76483
3.65 12.3164 3.75776
3.7 12.3102 3.75059
3.75 12.3039 3.74333
3.8 12.2974 3.73598
3.85 12.2907 3.72854
3.9 12.2837 3.721
3.95 12.2766 3.71337
4 12.2693 3.70564
4.05 12.2618 3.69783
4.1 12.2541 3.68992
4.15 12.2461 3.68192
4.2 12.2379 3.67383
4.25 12.2296 3.66565
4.3 12.2209 3.65737
4.35 12.2121 3.64901
4.4 12.203 3.64056
4.45 12.1937 3.63201
4.5 12.1842 3.62338
4.55 12.1744 3.61465
4.6 12.1644 3.60584
4.65 12.1541 3.59694
4.7 12.1436 3.58796
4.75 12.1328 3.57888
4.8 12.1218 3.56972
4.85 12.1105 3.56047
4.9 12.099 3.55113
4.95 12.0871 3.54171
5 12.0751 3.5322
5.05 12.0627 3.52261
5.1 12.0501 3.51293
5.15 12.0371 3.50317
5.2 12.0239 3.49333
5.25 12.0105 3.4834
5.3 11.9967 3.47339
5.35 11.9826 3.4633
5.4 11.9683 3.45313
5.45 11.9536 3.44288
5.5 11.9387 3.43254
5.55 11.9234 3.42213
5.6 11.9079 3.41164
5.65 11.892 3.40107
5.7 11.8759 3.39042
5.75 11.8594 3.37969
5.8 11.8426 3.36889
5.85 11.8255 3.35801
5.9 11.8081 3.34706
5.95 11.7903 3.33603
6 11.7723 3.32493
6.05 11.7539 3.31375
6.1 11.7351 3.30251
6.15 11.7161 3.29119
6.2 11.6967 3.2798
6.25 11.677 3.26833
6.3 11.6569 3.2568
6.35 11.6365 3.24521
6.4 11.6158 3.23354
6.45 11.5948 3.22181
6.5 11.5733 3.21001
6.55 11.5516 3.19814
6.6 11.5295 3.18621
6.65 11.5071 3.17422
6.7 11.4843 3.16216
6.75 11.4611 3.15004
6.8 11.4376 3.13786
6.85 11.4138 3.12562
6.9 11.3896 3.11332
6.95 11.3651 3.10096
7 11.3401 3.08854
7.05 11.3149 3.07607
7.1 11.2893 3.06354
7.15 11.2633 3.05096
7.2 11.237 3.03832
7.25 11.2103 3.02563
7.3 11.1833 3.01289
7.35 11.1559 3.0001
7.4 11.1281 2.98726
7.45 11.1 2.97437
7.5 11.0715 2.96143
7.55 11.0427 2.94844
7.6 11.0135 2.93541
7.65 10.9839 2.92234
7.7 10.954 2.90922
7.75 10.9238 2.89606
7.8 10.8931 2.88286
7.85 10.8622 2.86962
7.9 10.8308 2.85633
7.95 10.7991 2.84302
8 10.7671 2.82966
8.05 10.7347 2.81627
8.1 10.7019 2.80284
8.15 10.6688 2.78938
8.2 10.6353 2.77589
8.25 10.6015 2.76237
8.3 10.5673 2.74882
8.35 10.5328 2.73524
8.4 10.4979 2.72163
8.45 10.4627 2.708
8.5 10.4271 2.69434
8.55 10.3912 2.68066
8.6 10.355 2.66695
8.65 10.3184 2.65322
8.7 10.2815 2.63948
8.75 10.2442 2.62571
8.8 10.2066 2.61193
8.85 10.1687 2.59813
8.9 10.1305 2.58432
8.95 10.0919 2.57049
9 10.053 2.55665
9.05 10.0137 2.54279
9.1 9.97418 2.52893
9.15 9.9343 2.51506
9.2 9.89411 2.50118
9.25 9.85361 2.4873
9.3 9.8128 2.47341
9.35 9.77168 2.45952
9.4 9.73025 2.44563
9.45 9.68853 2.43173
9.5 9.6465 2.41784
9.55 9.60418 2.40394
9.6 9.56156 2.39005
9.65 9.51866 2.37617
9.7 9.47547 2.36229
9.75 9.43199 2.34841
9.8 9.38824 2.33455
9.85 9.34421 2.32069
9.9 9.29991 2.30685
9.95 9.25534 2.29301
10 9.2105 2.2792
10.05 9.16541 2.26539
10.1 9.12005 2.2516
10.15 9.07444 2.23783
10.2 9.02859 2.22408
10.25 8.98248 2.21035
10.3 8.93614 2.19664
10.35 8.88955 2.18295
10.4 8.84273 2.16928
10.45 8.79569 2.15564
10.5 8.74842 2.14203
10.55 8.70092 2.12844
10.6 8.65322 2.11489
10.65 8.6053 2.10136
10.7 8.55717 2.08786
10.75 8.50884 2.0744
10.8 8.46031 2.06097
10.85 8.41159 2.04758
10.9 8.36267 2.03422
10.95 8.31358 2.0209
11 8.2643 2.00762
11.05 8.21485 1.99438
11.1 8.16523 1.98118
11.15 8.11544 1.96802
11.2 8.0655 1.95491
11.25 8.01539 1.94184
11.3 7.96514 1.92882
11.35 7.91474 1.91584
11.4 7.8642 1.90291
11.45 7.81353 1.89004
11.5 7.76272 1.87721
11.55 7.71179 1.86443
11.6 7.66075 1.85171
11.65 7.60958 1.83904
11.7 7.55831 1.82643
11.75 7.50693 1.81387
11.8 7.45545 1.80137
11.85 7.40388 1.78893
11.9 7.35222 1.77654
11.95 7.30047 1.76422
12 7.24865 1.75196
12.05 7.19675 1.73976
12.1 7.14479 1.72762
12.15 7.09277 1.71555
12.2 7.04068 1.70354
12.25 6.98855 1.6916
12.3 6.93637 1.67972
12.35 6.88415 1.66791
12.4 6.83189 1.65618
12.45 6.77961 1.64451
12.5 6.72729 1.63291
12.55 6.67496 1.62138
12.6 6.62262 1.60993
12.65 6.57027 1.59855
12.7 6.51791 1.58724
12.75 6.46556 1.57601
12.8 6.41321 1.56485
12.85 6.36087 1.55377
12.9 6.30856 1.54277
12.95 6.25627 1.53184
13 6.204 1.52099
13.05 6.15177 1.51022
13.1 6.09958 1.49953
13.15 6.04744 1.48892
13.2 5.99534 1.47839
13.25 5.9433 1.46795
13.3 5.89132 1.45758
13.35 5.8394 1.4473
13.4 5.78756 1.4371
13.45 5.73579 1.42698
13.5 5.6841 1.41695
13.55 5.63249 1.40701
13.6 5.58098 1.39715
13.65 5.52956 1.38737
13.7 5.47825 1.37768
13.75 5.42704 1.36808
13.8 5.37594 1.35856
13.85 5.32496 1.34913
13.9 5.27409 1.33979
13.95 5.22336 1.33054
14 5.17275 1.32138
14.05 5.12228 1.3123
14.1 5.07194 1.30331
14.15 5.02175 1.29442
14.2 4.97171 1.28561
14.25 4.92183 1.27689
14.3 4.8721 1.26826
14.35 4.82253 1.25972
14.4 4.77313 1.25127
14.45 4.7239 1.24291
14.5 4.67485 1.23464
14.55 4.62597 1.22647
14.6 4.57729 1.21838
14.65 4.52878 1.21038
14.7 4.48048 1.20247
14.75 4.43236 1.19466
14.8 4.38445 1.18693
14.85 4.33674 1.1793
14.9 4.28925 1.17175
14.95 4.24196 1.1643
15 4.19489 1.15694
15.05 4.14804 1.14966
15.1 4.10141 1.14248
15.15 4.05501 1.13539
15.2 4.00884 1.12838
15.25 3.96291 1.12147
15.3 3.91721 1.11465
15.35 3.87175 1.10791
15.4 3.82654 1.10126
15.45 3.78158 1.0947
15.5 3.73687 1.08823
15.55 3.69241 1.08185
15.6 3.6482 1.07556
15.65 3.60426 1.06935
15.7 3.56058 1.06323
15.75 3.51717 1.0572
15.8 3.47403 1.05125
15.85 3.43116 1.04539
15.9 3.38856 1.03961
15.95 3.34624 1.03392
16 3.3042 1.02831
16.05 3.26244 1.02279
16.1 3.22096 1.01735
16.15 3.17977 1.01199
16.2 3.13887 1.00671
16.25 3.09826 1.00152
16.3 3.05795 0.996408
16.35 3.01793 0.991376
16.4 2.9782 0.986423
16.45 2.93878 0.98155
16.5 2.89966 0.976755
16.55 2.86084 0.972038
16.6 2.82232 0.967398
16.65 2.78411 0.962835
16.7 2.74621 0.958347
16.75 2.70862 0.953935
16.8 2.67134 0.949597
16.85 2.63437 0.945332
16.9 2.59771 0.941141
16.95 2.56137 0.937021
17 2.52535 0.932973
17.05 2.48964 0.928995
17.1 2.45425 0.925086
17.15 2.41918 0.921247
17.2 2.38442 0.917475
17.25 2.34999 0.91377
17.3 2.31588 0.910132
17.35 2.28209 0.906559
17.4 2.24863 0.90305
17.45 2.21549 0.899605
17.5 2.18267 0.896223
17.55 2.15017 0.892902
17.6 2.118 0.889642
17.65 2.08616 0.886441
17.7 2.05463 0.8833
17.75 2.02344 0.880216
17.8 1.99257 0.87719
17.85 1.96202 0.874219
17.9 1.9318 0.871304
17.95 1.9019 0.868442
18 1.87233 0.865633
18.05 1.84309 0.862877
18.1 1.81416 0.860171
18.15 1.78556 0.857515
18.2 1.75729 0.854908
18.25 1.72934 0.852349
18.3 1.7017 0.849837
18.35 1.6744 0.847371
18.4 1.64741 0.844949
18.45 1.62074 0.842572
18.5 1.59439 0.840236
18.55 1.56836 0.837943
18.6 1.54265 0.83569
18.65 1.51726 0.833476
18.7 1.49218 0.831301
18.75 1.46741 0.829163
18.8 1.44296 0.827062
18.85 1.41883 0.824995
18.9 1.395 0.822963
18.95 1.37148 0.820964
19 1.34828 0.818997
19.05 1.32538 0.817061
19.1 1.30278 0.815154
19.15 1.28049 0.813277
19.2 1.25851 0.811427
19.25 1.23682 0.809604
19.3 1.21543 0.807806
19.35 1.19435 0.806032
19.4 1.17356 0.804283
19.45 1.15306 0.802555
19.5 1.13286 0.800849
19.55 1.11295 0.799163
19.6 1.09332 0.797496
19.65 1.07399 0.795848
19.7 1.05494 0.794216
19.75 1.03617 0.792601
19.8 1.01769 0.791
19.85 0.999486 0.789414
19.9 0.981559 0.787841
19.95 0.963907 0.786279
20 0.946528 0.784728
20.05 0.929421 0.783188
20.1 0.912583 0.781656
20.15 0.896011 0.780132
20.2 0.879703 0.778616
20.25 0.863658 0.777105
20.3 0.847872 0.775599
20.35 0.832344 0.774097
20.4 0.817071 0.772599
20.45 0.80205 0.771102
20.5 0.78728 0.769607
20.55 0.772758 0.768112
20.6 0.758481 0.766617
20.65 0.744447 0.765119
20.7 0.730654 0.76362
20.75 0.717098 0.762117
20.8 0.703778 0.76061
20.85 0.690691 0.759098
20.9 0.677833 0.75758
20.95 0.665204 0.756055
21 0.6528 0.754523
21.05 0.640618 0.752982
21.1 0.628656 0.751432
21.15 0.616911 0.749872
21.2 0.605381 0.748302
21.25 0.594063 0.746719
21.3 0.582955 0.745125
21.35 0.572053 0.743517
21.4 0.561355 0.741896
21.45 0.550858 0.74026
21.5 0.54056 0.738608
21.55 0.530458 0.736941
21.6 0.520549 0.735258
21.65 0.51083 0.733557
21.7 0.5013 0.731838
21.75 0.491955 0.730101
21.8 0.482792 0.728344
21.85 0.473809 0.726568
21.9 0.465004 0.724771
21.95 0.456372 0.722954
22 0.447913 0.721114
22.05 0.439623 0.719253
22.1 0.431499 0.71737
22.15 0.423538 0.715463
22.2 0.415739 0.713533
22.25 0.408099 0.711578
22.3 0.400614 0.709599
22.35 0.393283 0.707595
22.4 0.386102 0.705566
22.45 0.379068 0.703511
22.5 0.372181 0.701429
22.55 0.365436 0.699321
22.6 0.358831 0.697186
22.65 0.352364 0.695023
22.7 0.346032 0.692833
22.75 0.339832 0.690614
22.8 0.333763 0.688368
22.85 0.327821 0.686092
22.9 0.322004 0.683788
22.95 0.31631 0.681454
23 0.310735 0.679091
23.05 0.305279 0.676698
23.1 0.299937 0.674276
23.15 0.294709 0.671823
23.2 0.289591 0.66934
23.25 0.284581 0.666827
23.3 0.279676 0.664283
23.35 0.274876 0.661708
23.4 0.270176 0.659102
23.45 0.265576 0.656466
23.5 0.261071 0.653798
23.55 0.256662 0.6511
23.6 0.252344 0.64837
23.65 0.248117 0.645609
23.7 0.243978 0.642817
23.75 0.239924 0.639994
23.8 0.235954 0.637139
23.85 0.232065 0.634253
23.9 0.228256 0.631337
23.95 0.224525 0.628389
24 0.220869 0.62541
24.05 0.217286 0.6224
24.1 0.213775 0.619359
24.15 0.210334 0.616288
24.2 0.20696 0.613186
24.25 0.203652 0.610053
24.3 0.200409 0.606891
24.35 0.197227 0.603698
24.4 0.194106 0.600475
24.45 0.191044 0.597223
24.5 0.188038 0.593941
24.55 0.185088 0.59063
24.6 0.182192 0.587289
24.65 0.179347 0.58392
24.7 0.176553 0.580523
24.75 0.173808 0.577097
24.8 0.17111 0.573643
24.85 0.168457 0.570162
24.9 0.165849 0.566654
24.95 0.163284 0.563118
25 0.160759 0.559556
25.05 0.158275 0.555968
25.1 0.15583 0.552353
25.15 0.153421 0.548713
25.2 0.151049 0.545048
25.25 0.148711 0.541359
25.3 0.146407 0.537645
25.35 0.144134 0.533907
25.4 0.141893 0.530145
25.45 0.139681 0.526361
25.5 0.137499 0.522554
25.55 0.135343 0.518725
25.6 0.133215 0.514874
25.65 0.131111 0.511003
25.7 0.129032 0.50711
25.75 0.126977 0.503197
25.8 0.124944 0.499265
25.85 0.122932 0.495314
25.9 0.120942 0.491344
25.95 0.118971 0.487356
26 0.117019 0.48335
26.05 0.115085 0.479328
26.1 0.113168 0.475289
26.15 0.111268 0.471234
26.2 0.109384 0.467164
26.25 0.107515 0.463079
26.3 0.10566 0.45898
26.35 0.103819 0.454868
26.4 0.101992 0.450742
26.45 0.100176 0.446605
26.5 0.0983733 0.442455
26.55 0.0965816 0.438295
26.6 0.0948007 0.434123
26.65 0.0930303 0.429942
26.7 0.0912698 0.425752
26.75 0.0895188 0.421553
26.8 0.0877769 0.417346
26.85 0.0860436 0.413132
26.9 0.0843185 0.40891
26.95 0.0826013 0.404683
27 0.0808918 0.40045
27.05 0.0791894 0.396213
27.1 0.077494 0.391971
27.15 0.0758054 0.387726
27.2 0.0741231 0.383477
27.25 0.0724471 0.379227
27.3 0.070777 0.374975
27.35 0.0691128 0.370722
27.4 0.0674543 0.366469
27.45 0.0658012 0.362216
27.5 0.0641535 0.357964
27.55 0.062511 0.353714
27.6 0.0608737 0.349466
27.65 0.0592415 0.345221
27.7 0.0576144 0.340979
27.75 0.0559922 0.336742
27.8 0.0543749 0.33251
27.85 0.0527627 0.328284
27.9 0.0511553 0.324064
27.95 0.049553 0.31985
28 0.0479556 0.315644
28.05 0.0463633 0.311446
28.1 0.0447762 0.307257
28.15 0.0431942 0.303078
28.2 0.0416176 0.298908
28.25 0.0400463 0.294749
28.3 0.0384806 0.290601
28.35 0.0369204 0.286466
28.4 0.0353661 0.282342
28.45 0.0338177 0.278232
28.5 0.0322754 0.274136
28.55 0.0307394 0.270053
28.6 0.0292097 0.265986
28.65 0.0276868 0.261934
28.7 0.0261706 0.257899
28.75 0.0246615 0.25388
28.8 0.0231596 0.249878
28.85 0.0216653 0.245894
28.9 0.0201786 0.241928
28.95 0.0186998 0.237982
29 0.0172293 0.234054
29.05 0.0157671 0.230147
29.1 0.0143137 0.22626
29.15 0.0128692 0.222395
29.2 0.011434 0.218551
29.25 0.0100082 0.214729
29.3 0.00859214 0.210929
29.35 0.00718615 0.207153
29.4 0.00579048 0.2034
29.45 0.0044054 0.199671
29.5 0.00303121 0.195967
29.55 0.00166819 0.192288
29.6 0.000316637 0.188635
29.65 -0.00102316 0.185007
29.7 -0.00235091 0.181405
29.75 -0.00366631 0.177831
29.8 -0.00496908 0.174283
29.85 -0.00625892 0.170764
29.9 -0.00753553 0.167272
29.95 -0.00879863 0.163809
30 -0.0100479 0.160374
30.05 -0.0112831 0.156969
30.1 -0.0125039 0.153593
30.15 -0.01371 0.150247
30.2 -0.0149011 0.146932
30.25 -0.0160771 0.143647
30.3 -0.0172374 0.140393
30.35 -0.018382 0.13717
30.4 -0.0195105 0.133979
30.45 -0.0206226 0.130819
30.5 -0.0217181 0.127692
30.55 -0.0227968 0.124597
30.6 -0.0238583 0.121535
30.65 -0.0249024 0.118506
30.7 -0.0259288 0.11551
30.75 -0.0269374 0.112548
30.8 -0.0279278 0.109619
30.85 -0.0288999 0.106724
30.9 -0.0298534 0.103863
30.95 -0.0307881 0.101037
31 -0.0317038 0.0982452
31.05 -0.0326003 0.095488
31.1 -0.0334773 0.0927656
31.15 -0.0343347 0.0900783
31.2 -0.0351722 0.0874261
31.25 -0.0359898 0.0848092
31.3 -0.0367872 0.0822278
31.35 -0.0375642 0.0796819
31.4 -0.0383207 0.0771716
31.45 -0.0390566 0.0746971
31.5 -0.0397717 0.0722584
31.55 -0.0404658 0.0698557
31.6 -0.0411389 0.0674889
31.65 -0.0417908 0.0651581
31.7 -0.0424214 0.0628634
31.75 -0.0430306 0.0606048
31.8 -0.0436182 0.0583824
31.85 -0.0441843 0.0561961
31.9 -0.0447287 0.054046
31.95 -0.0452514 0.051932
32 -0.0457523 0.0498542
32.05 -0.0462314 0.0478125
32.1 -0.0466885 0.0458069
32.15 -0.0471237 0.0438373
32.2 -0.047537 0.0419038
32.25 -0.0479282 0.0400061
32.3 -0.0482975 0.0381444
32.35 -0.0486449 0.0363184
32.4 -0.0489702 0.0345281
32.45 -0.0492736 0.0327734
32.5 -0.049555 0.0310542
32.55 -0.0498146 0.0293704
32.6 -0.0500523 0.0277218
32.65 -0.0502683 0.0261084
32.7 -0.0504625 0.0245299
32.75 -0.050635 0.0229863
32.8 -0.050786 0.0214773
32.85 -0.0509155 0.0200028
32.9 -0.0510236 0.0185627
32.95 -0.0511104 0.0171567
33 -0.051176 0.0157847
33.05 -0.0512206 0.0144464
33.1 -0.0512443 0.0131417
33.15 -0.0512472 0.0118703
33.2 -0.0512295 0.0106321
33.25 -0.0511914 0.00942674
33.3 -0.0511329 0.00825404
33.35 -0.0510543 0.00711375
33.4 -0.0509558 0.00600563
33.45 -0.0508375 0.00492943
33.5 -0.0506996 0.00388488
33.55 -0.0505425 0.00287171
33.6 -0.0503661 0.00188965
33.65 -0.0501709 0.000938413
33.7 -0.0499569 1.77205e-05
33.75 -0.0497245 -0.000872723
33.8 -0.0494739 -0.00173322
33.85 -0.0492053 -0.00256406
33.9 -0.0489189 -0.00336557
33.95 -0.0486151 -0.00413805
34 -0.0482942 -0.00488183
34.05 -0.0479563 -0.00559722
34.1 -0.0476017 -0.00628457
34.15 -0.0472309 -0.00694419
34.2 -0.0468439 -0.00757644
34.25 -0.0464412 -0.00818165
34.3 -0.046023 -0.00876016
34.35 -0.0455897 -0.00931234
34.4 -0.0451415 -0.00983852
34.45 -0.0446788 -0.0103391
34.5 -0.0442019 -0.0108144
34.55 -0.0437111 -0.0112648
34.6 -0.0432068 -0.0116906
34.65 -0.0426892 -0.0120923
34.7 -0.0421588 -0.0124702
34.75 -0.0416159 -0.0128247
34.8 -0.0410608 -0.0131562
34.85 -0.0404938 -0.013465
34.9 -0.0399154 -0.0137515
34.95 -0.0393258 -0.0140161
35 -0.0387255 -0.0142593
35.05 -0.0381148 -0.0144813
35.1 -0.037494 -0.0146827
35.15 -0.0368636 -0.0148637
35.2 -0.0362239 -0.0150248
35.25 -0.0355753 -0.0151664
35.3 -0.0349181 -0.0152888
35.35 -0.0342527 -0.0153925
35.4 -0.0335795 -0.0154778
35.45 -0.0328989 -0.0155452
35.5 -0.0322112 -0.0155951
35.55 -0.0315168 -0.0156278
35.6 -0.0308162 -0.0156438
35.65 -0.0301097 -0.0156434
35.7 -0.0293976 -0.0156271
35.75 -0.0286803 -0.0155952
35.8 -0.0279583 -0.0155482
35.85 -0.0272319 -0.0154864
35.9 -0.0265015 -0.0154103
35.95 -0.0257674 -0.0153202
36 -0.0250301 -0.0152165
36.05 -0.0242898 -0.0150997
36.1 -0.0235471 -0.01497
36.15 -0.0228022 -0.014828
36.2 -0.0220556 -0.014674
36.25 -0.0213075 -0.0145084
36.3 -0.0205584 -0.0143315
36.35 -0.0198087 -0.0141438
36.4 -0.0190586 -0.0139456
36.45 -0.0183086 -0.0137374
36.5 -0.017559 -0.0135194
36.55 -0.0168102 -0.0132921
36.6 -0.0160625 -0.0130559
36.65 -0.0153162 -0.012811
36.7 -0.0145718 -0.012558
36.75 -0.0138295 -0.012297
36.8 -0.0130897 -0.0120286
36.85 -0.0123528 -0.011753
36.9 -0.011619 -0.0114706
36.95 -0.0108886 -0.0111818
37 -0.0101621 -0.0108869
37.05 -0.00943972 -0.0105863
37.1 -0.00872175 -0.0102802
37.15 -0.00800852 -0.00996912
37.2 -0.00730034 -0.00965326
37.25 -0.0065975 -0.009333
37.3 -0.00590029 -0.00900866
37.35 -0.00520901 -0.00868055
37.4 -0.00452395 -0.00834901
37.45 -0.00384536 -0.00801433
37.5 -0.00317354 -0.00767683
37.55 -0.00250875 -0.00733682
37.6 -0.00185124 -0.00699458
37.65 -0.00120127 -0.00665043
37.7 -0.000559099 -0.00630465
37.75 7.5037e-05 -0.00595752
37.8 0.000700899 -0.00560933
37.85 0.00131826 -0.00526035
37.9 0.00192688 -0.00491086
37.95 0.00252656 -0.00456112
38 0.00311707 -0.0042114
38.05 0.00369821 -0.00386196
38.1 0.00426979 -0.00351304
38.15 0.0048316 -0.00316489
38.2 0.00538346 -0.00281777
38.25 0.00592519 -0.00247189
38.3 0.00645662 -0.00212751
38.35 0.00697758 -0.00178484
38.4 0.00748791 -0.0014441
38.45 0.00798745 -0.00110552
38.5 0.00847607 -0.00076931
38.55 0.00895362 -0.000435667
38.6 0.00941996 -0.000104798
38.65 0.00987497 0.000223103
38.7 0.0103185 0.000547844
38.75 0.0107506 0.00086924
38.8 0.0111709 0.00118711
38.85 0.0115795 0.00150128
38.9 0.0119762 0.00181159
38.95 0.012361 0.00211786
39 0.0127338 0.00241993
39.05 0.0130945 0.00271767
39.1 0.013443 0.00301091
39.15 0.0137794 0.00329951
39.2 0.0141034 0.00358334
39.25 0.0144152 0.00386227
39.3 0.0147147 0.00413616
39.35 0.0150018 0.0044049
39.4 0.0152765 0.00466837
39.45 0.0155388 0.00492646
39.5 0.0157887 0.00517906
39.55 0.0160262 0.00542607
39.6 0.0162512 0.0056674
39.65 0.0164639 0.00590296
39.7 0.0166642 0.00613265
39.75 0.0168521 0.00635641
39.8 0.0170278 0.00657416
39.85 0.0171911 0.00678581
39.9 0.0173422 0.00699132
39.95 0.017481 0.00719062
40 0.0176078 0.00738365
40.05 0.0177224 0.00757037
40.1 0.0178251 0.00775072
40.15 0.0179158 0.00792467
40.2 0.0179946 0.00809218
40.25 0.0180616 0.00825322
40.3 0.018117 0.00840776
40.35 0.0181607 0.00855577
40.4 0.018193 0.00869725
40.45 0.0182139 0.00883217
40.5 0.0182235 0.00896053
40.55 0.0182219 0.00908232
40.6 0.0182093 0.00919754
40.65 0.0181858 0.0093062
40.7 0.0181515 0.0094083
40.75 0.0181065 0.00950385
40.8 0.018051 0.00959287
40.85 0.0179852 0.00967538
40.9 0.0179092 0.0097514
40.95 0.0178231 0.00982096
41 0.0177271 0.00988408
41.05 0.0176214 0.00994081
41.1 0.0175061 0.00999119
41.15 0.0173813 0.0100352
41.2 0.0172474 0.010073
41.25 0.0171044 0.0101046
41.3 0.0169525 0.01013
41.35 0.016792 0.0101492
41.4 0.0166229 0.0101625
41.45 0.0164455 0.0101697
41.5 0.01626 0.010171
41.55 0.0160665 0.0101664
41.6 0.0158654 0.010156
41.65 0.0156567 0.0101399
41.7 0.0154406 0.0101181
41.75 0.0152175 0.0100908
41.8 0.0149874 0.010058
41.85 0.0147507 0.0100197
41.9 0.0145074 0.00997616
41.95 0.0142579 0.00992736
42 0.0140023 0.00987342
42.05 0.0137408 0.00981441
42.1 0.0134737 0.00975045
42.15 0.0132012 0.00968162
42.2 0.0129235 0.00960801
42.25 0.0126408 0.00952974
42.3 0.0123534 0.00944689
42.35 0.0120614 0.00935958
42.4 0.0117651 0.0092679
42.45 0.0114648 0.00917196
42.5 0.0111606 0.00907187
42.55 0.0108527 0.00896773
42.6 0.0105414 0.00885966
42.65 0.0102269 0.00874777
42.7 0.00990951 0.00863216
42.75 0.00958933 0.00851294
42.8 0.00926663 0.00839025
42.85 0.00894162 0.00826417
42.9 0.00861454 0.00813484
42.95 0.0082856 0.00800236
43 0.00795502 0.00786686
43.05 0.00762302 0.00772844
43.1 0.00728982 0.00758723
43.15 0.00695564 0.00744334
43.2 0.00662068 0.00729689
43.25 0.00628516 0.007148
43.3 0.0059493 0.00699678
43.35 0.0056133 0.00684336
43.4 0.00527738 0.00668785
43.45 0.00494173 0.00653037
43.5 0.00460657 0.00637103
43.55 0.0042721 0.00620996
43.6 0.00393851 0.00604727
43.65 0.003606 0.00588309
43.7 0.00327477 0.00571751
43.75 0.00294502 0.00555067
43.8 0.00261692 0.00538267
43.85 0.00229068 0.00521364
43.9 0.00196647 0.00504368
43.95 0.00164448 0.00487291
44 0.00132489 0.00470144
44.05 0.00100787 0.00452939
44.1 0.000693593 0.00435686
44.15 0.000382233 0.00418396
44.2 7.39548e-05 0.00401081
44.25 -0.000231077 0.00383751
44.3 -0.000532703 0.00366416
44.35 -0.000830767 0.00349088
44.4 -0.00112512 0.00331777
44.45 -0.0014156 0.00314493
44.5 -0.00170207 0.00297246
44.55 -0.00198439 0.00280046
44.6 -0.00226241 0.00262904
44.65 -0.00253601 0.00245828
44.7 -0.00280505 0.0022883
44.75 -0.0030694 0.00211917
44.8 -0.00332895 0.00195099
44.85 -0.00358357 0.00178387
44.9 -0.00383314 0.00161787
44.95 -0.00407756 0.0014531
45 -0.00431672 0.00128964
45.05 -0.00455051 0.00112757
45.1 -0.00477884 0.000966976
45.15 -0.0050016 0.000807941
45.2 -0.00521872 0.000650543
45.25 -0.0054301 0.00049486
45.3 -0.00563566 0.000340966
45.35 -0.00583533 0.000188935
45.4 -0.00602902 3.88388e-05
45.45 -0.00621667 -0.000109253
45.5 -0.00639821 -0.000255272
45.55 -0.00657359 -0.000399154
45.6 -0.00674274 -0.000540834
45.65 -0.00690561 -0.000680252
45.7 -0.00706216 -0.000817346
45.75 -0.00721234 -0.000952061
45.8 -0.0073561 -0.00108434
45.85 -0.00749342 -0.00121413
45.9 -0.00762426 -0.00134138
45.95 -0.0077486 -0.00146604
46 -0.0078664 -0.00158806
46.05 -0.00797766 -0.0017074
46.1 -0.00808236 -0.00182402
46.15 -0.00818048 -0.00193788
46.2 -0.00827203 -0.00204892
46.25 -0.00835699 -0.00215713
46.3 -0.00843537 -0.00226247
46.35 -0.00850717 -0.0023649
46.4 -0.00857241 -0.00246439
46.45 -0.0086311 -0.00256091
46.5 -0.00868325 -0.00265445
46.55 -0.00872888 -0.00274497
46.6 -0.00876803 -0.00283246
46.65 -0.00880072 -0.00291689
46.7 -0.00882698 -0.00299825
46.75 -0.00884684 -0.00307651
46.8 -0.00886036 -0.00315168
46.85 -0.00886757 -0.00322373
46.9 -0.00886851 -0.00329267
46.95 -0.00886325 -0.00335847
47 -0.00885183 -0.00342113
47.05 -0.0088343 -0.00348066
47.1 -0.00881074 -0.00353705
47.15 -0.00878121 -0.0035903
47.2 -0.00874576 -0.00364041
47.25 -0.00870448 -0.00368739
47.3 -0.00865743 -0.00373124
47.35 -0.00860469 -0.00377198
47.4 -0.00854634 -0.00380961
47.45 -0.00848246 -0.00384414
47.5 -0.00841314 -0.00387559
47.55 -0.00833846 -0.00390397
47.6 -0.00825852 -0.0039293
47.65 -0.0081734 -0.0039516
47.7 -0.00808321 -0.00397089
47.75 -0.00798803 -0.00398719
47.8 -0.00788798 -0.00400052
47.85 -0.00778314 -0.00401092
47.9 -0.00767363 -0.0040184
47.95 -0.00755955 -0.00402299
48 -0.00744101 -0.00402473
48.05 -0.00731812 -0.00402365
48.1 -0.00719099 -0.00401977
48.15 -0.00705975 -0.00401314
48.2 -0.00692449 -0.00400379
48.25 -0.00678534 -0.00399175
48.3 -0.00664242 -0.00397706
48.35 -0.00649586 -0.00395977
48.4 -0.00634576 -0.00393991
48.45 -0.00619225 -0.00391752
48.5 -0.00603547 -0.00389265
48.55 -0.00587553 -0.00386534
48.6 -0.00571256 -0.00383564
48.65 -0.00554668 -0.00380359
48.7 -0.00537803 -0.00376923
48.75 -0.00520674 -0.00373263
48.8 -0.00503293 -0.00369382
48.85 -0.00485674 -0.00365286
48.9 -0.00467829 -0.00360979
48.95 -0.00449772 -0.00356467
49 -0.00431516 -0.00351755
49.05 -0.00413073 -0.00346848
49.1 -0.00394459 -0.00341751
49.15 -0.00375685 -0.00336471
49.2 -0.00356764 -0.00331012
49.25 -0.00337711 -0.0032538
49.3 -0.00318538 -0.00319581
49.35 -0.00299258 -0.0031362
49.4 -0.00279886 -0.00307502
49.45 -0.00260433 -0.00301235
49.5 -0.00240913 -0.00294822
49.55 -0.00221339 -0.00288271
49.6 -0.00201724 -0.00281587
49.65 -0.00182081 -0.00274775
49.7 -0.00162423 -0.00267842
49.75 -0.00142762 -0.00260794
49.8 -0.00123112 -0.00253635
49.85 -0.00103484 -0.00246374
49.9 -0.000838926 -0.00239014
49.95 -0.000643484 -0.00231562
50 -0.000448644 -0.00224025
