-0.498 -0.000111136 4.32797e-06
-0.496 -0.000461538 8.28605e-06
-0.494 -0.0010774 -2.01634e-06
-0.492 -0.00198575 -4.08759e-05
-0.49 -0.00321432 -0.000122914
-0.488 -0.00479137 -0.000262993
-0.486 -0.00674554 -0.000476129
-0.484 -0.00910572 -0.000777404
-0.482 -0.0119009 -0.00118187
-0.48 -0.0151598 -0.00170447
-0.478 -0.018911 -0.00235993
-0.476 -0.0231827 -0.00316268
-0.474 -0.0280023 -0.00412674
-0.472 -0.0333965 -0.00526565
-0.47 -0.039391 -0.00659236
-0.468 -0.0460102 -0.00811917
-0.466 -0.0532775 -0.00985759
-0.464 -0.0612144 -0.0118183
-0.462 -0.0698409 -0.014011
-0.46 -0.0791752 -0.0164445
-0.458 -0.0892336 -0.0191264
-0.456 -0.10003 -0.0220631
-0.454 -0.111576 -0.0252599
-0.452 -0.123881 -0.0287206
-0.45 -0.136951 -0.032448
-0.448 -0.150792 -0.036443
-0.446 -0.165403 -0.0407055
-0.444 -0.180783 -0.0452335
-0.442 -0.196927 -0.0500236
-0.44 -0.213828 -0.055071
-0.438 -0.231474 -0.060369
-0.436 -0.249851 -0.0659094
-0.434 -0.268942 -0.0716825
-0.432 -0.288726 -0.0776767
-0.43 -0.309179 -0.083879
-0.428 -0.330273 -0.0902747
-0.426 -0.351977 -0.0968474
-0.424 -0.374258 -0.103579
-0.422 -0.397077 -0.110451
-0.42 -0.420394 -0.117441
-0.418 -0.444166 -0.124528
-0.416 -0.468344 -0.131688
-0.414 -0.49288 -0.138895
-0.412 -0.51772 -0.146123
-0.41 -0.542808 -0.153345
-0.408 -0.568085 -0.160532
-0.406 -0.59349 -0.167654
-0.404 -0.618959 -0.174681
-0.402 -0.644426 -0.181581
-0.4 -0.669823 -0.188322
-0.398 -0.695079 -0.194872
-0.396 -0.720122 -0.201198
-0.394 -0.744876 -0.207265
-0.392 -0.769268 -0.213039
-0.39 -0.793219 -0.218488
-0.388 -0.816651 -0.223576
-0.386 -0.839485 -0.22827
-0.384 -0.861641 -0.232537
-0.382 -0.883037 -0.236342
-0.38 -0.903593 -0.239653
-0.378 -0.923225 -0.242438
-0.376 -0.941854 -0.244665
-0.374 -0.959396 -0.246304
-0.372 -0.97577 -0.247324
-0.37 -0.990895 -0.247696
-0.368 -1.00469 -0.247394
-0.366 -1.01708 -0.24639
-0.364 -1.02797 -0.24466
-0.362 -1.03731 -0.242181
-0.36 -1.04499 -0.238929
-0.358 -1.05097 -0.234885
-0.356 -1.05515 -0.230031
-0.354 -1.05746 -0.224348
-0.352 -1.05784 -0.217822
-0.35 -1.05623 -0.21044
-0.348 -1.05254 -0.202191
-0.346 -1.04673 -0.193065
-0.344 -1.03872 -0.183056
-0.342 -1.02847 -0.172159
-0.34 -1.01591 -0.16037
-0.338 -1.00099 -0.14769
-0.336 -0.983669 -0.134119
-0.334 -0.963896 -0.119663
-0.332 -0.941629 -0.104328
-0.33 -0.91683 -0.0881219
-0.328 -0.889465 -0.0710566
-0.326 -0.859502 -0.0531454
-0.324 -0.826915 -0.0344044
-0.322 -0.791684 -0.014852
-0.32 -0.75379 0.00549093
-0.318 -0.713222 0.026601
-0.316 -0.669972 0.0484524
-0.314 -0.624039 0.0710169
-0.312 -0.575426 0.0942638
-0.31 -0.524143 0.11816
-0.308 -0.470204 0.14267
-0.306 -0.413632 0.167756
-0.304 -0.354452 0.193378
-0.302 -0.2927 0.219494
-0.3 -0.228414 0.246058
-0.298 -0.161641 0.273024
-0.296 -0.0924357 0.300343
-0.294 -0.0208568 0.327965
-0.292 0.0530287 0.355836
-0.29 0.129147 0.383902
-0.288 0.207419 0.412107
-0.286 0.287757 0.440393
-0.284 0.370068 0.468702
-0.282 0.454252 0.496973
-0.28 0.540203 0.525144
-0.278 0.627809 0.553155
-0.276 0.716952 0.580942
-0.274 0.807508 0.608442
-0.272 0.89935 0.635591
-0.27 0.992343 0.662328
-0.268 1.08635 0.688587
-0.266 1.18123 0.714307
-0.264 1.27683 0.739425
-0.262 1.37302 0.763882
-0.26 1.46963 0.787616
-0.258 1.56651 0.810569
-0.256 1.66352 0.832686
-0.254 1.76049 0.85391
-0.252 1.85727 0.874191
-0.25 1.9537 0.893477
-0.248 2.04964 0.911722
-0.246 2.14492 0.92888
-0.244 2.23941 0.944911
-0.242 2.33294 0.959777
-0.24 2.42539 0.973442
-0.238 2.5166 0.985877
-0.236 2.60646 0.997054
-0.234 2.69481 1.00695
-0.232 2.78155 1.01555
-0.23 2.86656 1.02283
-0.228 2.94972 1.02878
-0.226 3.03094 1.03341
-0.224 3.1101 1.0367
-0.222 3.18714 1.03866
-0.22 3.26197 1.0393
-0.218 3.33451 1.03862
-0.216 3.40471 1.03665
-0.214 3.47251 1.03341
-0.212 3.53787 1.02891
-0.21 3.60075 1.0232
-0.208 3.66113 1.01629
-0.206 3.719 1.00824
-0.204 3.77433 0.999069
-0.202 3.82715 0.988836
-0.2 3.87745 0.977585
-0.198 3.92527 0.965369
-0.196 3.97062 0.952242
-0.194 4.01356 0.938263
-0.192 4.05412 0.923492
-0.19 4.09237 0.907994
-0.188 4.12838 0.891835
-0.186 4.1622 0.875084
-0.184 4.19393 0.857811
-0.182 4.22366 0.84009
-0.18 4.25148 0.821995
-0.178 4.27748 0.803602
-0.176 4.3018 0.784989
-0.174 4.32453 0.766235
-0.172 4.3458 0.747418
-0.17 4.36575 0.72862
-0.168 4.3845 0.709922
-0.166 4.40219 0.691404
-0.164 4.41896 0.673148
-0.162 4.43497 0.655235
-0.16 4.45036 0.637747
-0.158 4.46529 0.620764
-0.156 4.47992 0.604367
-0.154 4.49441 0.588636
-0.152 4.50892 0.573648
-0.15 4.52362 0.559483
-0.148 4.53868 0.546216
-0.146 4.55426 0.533923
-0.144 4.57054 0.522677
-0.142 4.58769 0.512552
-0.14 4.60588 0.503617
-0.138 4.62528 0.495943
-0.136 4.64606 0.489594
-0.134 4.66839 0.484637
-0.132 4.69245 0.481134
-0.13 4.7184 0.479147
-0.128 4.74642 0.478732
-0.126 4.77666 0.479947
-0.124 4.80928 0.482844
-0.122 4.84446 0.487476
-0.12 4.88235 0.493889
-0.118 4.92309 0.502131
-0.116 4.96685 0.512243
-0.114 5.01377 0.524267
-0.112 5.06399 0.538241
-0.11 5.11766 0.554198
-0.108 5.1749 0.57217
-0.106 5.23585 0.592187
-0.104 5.30062 0.614274
-0.102 5.36935 0.638454
-0.1 5.44213 0.664748
-0.098 5.51907 0.69317
-0.096 5.60027 0.723735
-0.094 5.68583 0.756454
-0.092 5.77582 0.791332
-0.09 5.87033 0.828373
-0.088 5.96941 0.867576
-0.086 6.07313 0.908939
-0.084 6.18154 0.952454
-0.082 6.29468 0.998109
-0.08 6.41257 1.04589
-0.078 6.53524 1.09578
-0.076 6.66269 1.14774
-0.074 6.79492 1.20177
-0.072 6.93192 1.25781
-0.07 7.07366 1.31584
-0.068 7.22009 1.37582
-0.066 7.37116 1.43769
-0.064 7.5268 1.5014
-0.062 7.68693 1.5669
-0.06 7.85145 1.63412
-0.058 8.02024 1.70299
-0.056 8.19318 1.77344
-0.054 8.37011 1.84539
-0.052 8.55088 1.91874
-0.05 8.7353 1.99341
-0.048 8.92317 2.06929
-0.046 9.11428 2.14627
-0.044 9.30839 2.22424
-0.042 9.50525 2.30308
-0.04 9.70459 2.38267
-0.038 9.90611 2.46286
-0.036 10.1095 2.54351
-0.034 10.3145 2.62449
-0.032 10.5207 2.70563
-0.03 10.7278 2.78678
-0.028 10.9353 2.86776
-0.026 11.143 2.94842
-0.024 11.3503 3.02858
-0.022 11.5569 3.10805
-0.02 11.7624 3.18666
-0.018 11.9664 3.26421
-0.016 12.1683 3.34053
-0.014 12.3677 3.41543
-0.012 12.5641 3.4887
-0.01 12.7572 3.56016
-0.008 12.9463 3.62963
-0.006 13.1312 3.69691
-0.004 13.3111 3.76181
-0.002 13.4858 3.82416
0 13.6548 3.88377
0.002 13.8175 3.94043
0.004 13.9735 3.99401
0.006 14.1224 4.04435
0.008 14.2638 4.0913
0.01 14.3972 4.1347
0.012 14.5223 4.17443
0.014 14.6386 4.21034
0.016 14.7458 4.24234
0.018 14.8435 4.27032
0.02 14.9314 4.29417
0.022 15.0093 4.31382
0.024 15.0768 4.32921
0.026 15.1337 4.34027
0.028 15.1797 4.34696
0.03 15.2147 4.34925
0.032 15.2384 4.34714
0.034 15.2508 4.34061
0.036 15.2517 4.32968
0.038 15.241 4.31438
0.04 15.2187 4.29473
0.042 15.1848 4.2708
0.044 15.1392 4.24266
0.046 15.0819 4.21036
0.048 15.013 4.17401
0.05 14.9326 4.13371
0.052 14.8409 4.08955
0.054 14.7378 4.04168
0.056 14.6236 3.99021
0.058 14.4985 3.93529
0.06 14.3626 3.87707
0.062 14.2163 3.81569
0.064 14.0596 3.75133
0.066 13.893 3.68415
0.068 13.7166 3.61433
0.07 13.5308 3.54203
0.072 13.3358 3.46746
0.074 13.1322 3.39078
0.076 12.92 3.3122
0.078 12.6998 3.23189
0.08 12.4719 3.15005
0.082 12.2366 3.06687
0.084 11.9944 2.98253
0.086 11.7457 2.89723
0.088 11.4908 2.81115
0.09 11.2301 2.72448
0.092 10.9641 2.6374
0.094 10.6932 2.55008
0.096 10.4178 2.46271
0.098 10.1383 2.37545
0.1 9.85509 2.28847
0.102 9.56864 2.20192
0.104 9.27934 2.11596
0.106 8.98761 2.03075
0.108 8.69385 1.94642
0.11 8.39848 1.8631
0.112 8.10189 1.78094
0.114 7.80449 1.70006
0.116 7.50665 1.62056
0.118 7.20877 1.54256
0.12 6.91122 1.46616
0.122 6.61438 1.39146
0.124 6.3186 1.31855
0.126 6.02424 1.2475
0.128 5.73164 1.17839
0.13 5.44115 1.11129
0.132 5.15308 1.04625
0.134 4.86777 0.983322
0.136 4.5855 0.92256
0.138 4.30659 0.863999
0.14 4.03131 0.80767
0.142 3.75995 0.753598
0.144 3.49277 0.701803
0.146 3.23002 0.652297
0.148 2.97195 0.605087
0.15 2.71879 0.560174
0.152 2.47076 0.517554
0.154 2.22807 0.477216
0.156 1.99091 0.439147
0.158 1.75948 0.403327
0.16 1.53395 0.369731
0.162 1.31447 0.338331
0.164 1.1012 0.309094
0.166 0.894288 0.281984
0.168 0.693846 0.256961
0.17 0.499994 0.233982
0.172 0.312836 0.213
0.174 0.132462 0.193965
0.176 -0.0410495 0.176827
0.178 -0.20763 0.161531
0.18 -0.367226 0.14802
0.182 -0.519793 0.136236
0.184 -0.6653 0.126119
0.186 -0.803729 0.117608
0.188 -0.93507 0.110638
0.19 -1.05933 0.105147
0.192 -1.17652 0.10107
0.194 -1.28668 0.0983388
0.196 -1.38983 0.0968887
0.198 -1.48603 0.096652
0.2 -1.57535 0.0975612
0.202 -1.65786 0.0995484
0.204 -1.73363 0.102546
0.206 -1.80277 0.106486
0.208 -1.86539 0.1113
0.21 -1.92159 0.116921
0.212 -1.9715 0.123282
0.214 -2.01527 0.130316
0.216 -2.05303 0.137956
0.218 -2.08494 0.146137
0.22 -2.11116 0.154794
0.222 -2.13188 0.163862
0.224 -2.14725 0.173279
0.226 -2.15748 0.182981
0.228 -2.16276 0.192907
0.23 -2.16328 0.202999
0.232 -2.15926 0.213195
0.234 -2.1509 0.22344
0.236 -2.13842 0.233677
0.238 -2.12204 0.243852
0.24 -2.10197 0.253912
0.242 -2.07846 0.263806
0.244 -2.05172 0.273485
0.246 -2.02198 0.282902
0.248 -1.98947 0.292012
0.25 -1.95441 0.300773
0.252 -1.91704 0.309143
0.254 -1.87757 0.317086
0.256 -1.83624 0.324566
0.258 -1.79325 0.33155
0.26 -1.74882 0.338007
0.262 -1.70317 0.343911
0.264 -1.65649 0.349237
0.266 -1.60899 0.353963
0.268 -1.56086 0.35807
0.27 -1.51228 0.361542
0.272 -1.46345 0.364368
0.274 -1.41451 0.366536
0.276 -1.36565 0.368039
0.278 -1.317 0.368875
0.28 -1.26873 0.369042
0.282 -1.22096 0.368541
0.284 -1.17383 0.367377
0.286 -1.12745 0.365558
0.288 -1.08193 0.363093
0.29 -1.03738 0.359995
0.292 -0.993874 0.356279
0.294 -0.951508 0.351962
0.296 -0.910349 0.347063
0.298 -0.870463 0.341604
0.3 -0.831903 0.335608
0.302 -0.794717 0.3291
0.304 -0.758943 0.322106
0.306 -0.72461 0.314654
0.308 -0.691742 0.306774
0.31 -0.660353 0.298494
0.312 -0.630453 0.289846
0.314 -0.602043 0.280861
0.316 -0.575118 0.271572
0.318 -0.549667 0.26201
0.32 -0.525676 0.252208
0.322 -0.503123 0.242199
0.324 -0.481982 0.232015
0.326 -0.462224 0.221688
0.328 -0.443815 0.211249
0.33 -0.426717 0.20073
0.332 -0.410889 0.190161
0.334 -0.396289 0.179571
0.336 -0.382871 0.16899
0.338 -0.370586 0.158445
0.34 -0.359385 0.147963
0.342 -0.349216 0.13757
0.344 -0.340026 0.12729
0.346 -0.331762 0.117146
0.348 -0.32437 0.107161
0.35 -0.317794 0.0973548
0.352 -0.31198 0.0877473
0.354 -0.306873 0.0783567
0.356 -0.302416 0.0691996
0.358 -0.298557 0.0602917
0.36 -0.29524 0.051647
0.362 -0.292412 0.0432784
0.364 -0.290021 0.0351975
0.366 -0.288014 0.0274146
0.368 -0.286342 0.0199388
0.37 -0.284955 0.0127778
0.372 -0.283806 0.00593827
0.374 -0.282847 -0.00057425
0.376 -0.282034 -0.00675545
0.378 -0.281323 -0.0126021
0.38 -0.280674 -0.0181119
0.382 -0.280046 -0.0232838
0.384 -0.279402 -0.0281175
0.386 -0.278706 -0.0326137
0.388 -0.277925 -0.0367742
0.39 -0.277026 -0.0406014
0.392 -0.27598 -0.0440986
0.394 -0.27476 -0.0472701
0.396 -0.273342 -0.0501206
0.398 -0.271702 -0.0526557
0.4 -0.269819 -0.0548818
0.402 -0.267677 -0.0568057
0.404 -0.265259 -0.058435
0.406 -0.262551 -0.0597777
0.408 -0.259543 -0.0608425
0.41 -0.256227 -0.0616384
0.412 -0.252595 -0.062175
0.414 -0.248645 -0.0624622
0.416 -0.244374 -0.0625106
0.418 -0.239784 -0.0623307
0.42 -0.234876 -0.0619335
0.422 -0.229657 -0.0613305
0.424 -0.224134 -0.0605332
0.426 -0.218315 -0.0595533
0.428 -0.212214 -0.0584028
0.43 -0.205842 -0.0570938
0.432 -0.199216 -0.0556384
0.434 -0.192352 -0.054049
0.436 -0.18527 -0.0523379
0.438 -0.177989 -0.0505175
0.44 -0.170532 -0.0486
0.442 -0.162921 -0.0465978
0.444 -0.155182 -0.044523
0.446 -0.14734 -0.0423879
0.448 -0.139422 -0.0402044
0.45 -0.131456 -0.0379844
0.452 -0.12347 -0.0357395
0.454 -0.115493 -0.0334812
0.456 -0.107554 -0.0312209
0.458 -0.0996839 -0.0289695
0.46 -0.0919126 -0.0267378
0.462 -0.0842702 -0.0245363
0.464 -0.0767871 -0.0223752
0.466 -0.0694931 -0.0202645
0.468 -0.062418 -0.0182138
0.47 -0.055591 -0.0162322
0.472 -0.0490407 -0.0143288
0.474 -0.0427951 -0.0125121
0.476 -0.0368812 -0.0107904
0.478 -0.0313251 -0.00917141
0.48 -0.0261519 -0.00766266
0.482 -0.0213852 -0.00627124
0.484 -0.0170478 -0.00500383
0.486 -0.0131607 -0.00386673
0.488 -0.00974342 -0.00286583
0.49 -0.00681416 -0.00200665
0.492 -0.00438927 -0.00129425
0.494 -0.00248343 -0.000733327
0.496 -0.00110955 -0.000328145
0.498 -0.000278679 -8.2557e-05
0.05 5.85218 1.6508
0.1 5.85218 1.65074
0.15 5.85218 1.65063
0.2 5.85218 1.65048
0.25 5.85218 1.65029
0.3 5.85218 1.65005
0.35 5.85218 1.64977
0.4 5.85218 1.64944
0.45 5.85218 1.64907
0.5 5.85218 1.64866
0.55 5.85218 1.64821
0.6 5.85217 1.64771
0.65 5.85216 1.64717
0.7 5.85215 1.64659
0.75 5.85214 1.64596
0.8 5.85213 1.64529
0.85 5.8521 1.64458
0.9 5.85208 1.64382
0.95 5.85205 1.64302
1 5.85201 1.64218
1.05 5.85197 1.64129
1.1 5.85192 1.64036
1.15 5.85186 1.63939
1.2 5.8518 1.63838
1.25 5.85172 1.63732
1.3 5.85164 1.63622
1.35 5.85154 1.63507
1.4 5.85143 1.63389
1.45 5.85131 1.63266
1.5 5.85117 1.63138
1.55 5.85102 1.63007
1.6 5.85086 1.62871
1.65 5.85067 1.62731
1.7 5.85047 1.62586
1.75 5.85025 1.62438
1.8 5.85001 1.62285
1.85 5.84975 1.62128
1.9 5.84947 1.61966
1.95 5.84916 1.618
2 5.84883 1.6163
2.05 5.84848 1.61456
2.1 5.84809 1.61278
2.15 5.84768 1.61095
2.2 5.84724 1.60908
2.25 5.84677 1.60717
2.3 5.84626 1.60521
2.35 5.84572 1.60322
2.4 5.84515 1.60118
2.45 5.84454 1.5991
2.5 5.84389 1.59697
2.55 5.84321 1.59481
2.6 5.84248 1.5926
2.65 5.84171 1.59035
2.7 5.8409 1.58806
2.75 5.84004 1.58573
2.8 5.83913 1.58336
2.85 5.83818 1.58094
2.9 5.83717 1.57849
2.95 5.83612 1.57599
3 5.83501 1.57345
3.05 5.83385 1.57087
3.1 5.83263 1.56825
3.15 5.83136 1.56559
3.2 5.83002 1.56288
3.25 5.82863 1.56014
3.3 5.82717 1.55736
3.35 5.82564 1.55453
3.4 5.82405 1.55167
3.45 5.8224 1.54876
3.5 5.82067 1.54582
3.55 5.81888 1.54283
3.6 5.81701 1.5398
3.65 5.81506 1.53674
3.7 5.81304 1.53363
3.75 5.81095 1.53049
3.8 5.80877 1.52731
3.85 5.80651 1.52408
3.9 5.80417 1.52082
3.95 5.80175 1.51752
4 5.79924 1.51418
4.05 5.79664 1.5108
4.1 5.79395 1.50738
4.15 5.79117 1.50393
4.2 5.7883 1.50044
4.25 5.78534 1.4969
4.3 5.78227 1.49334
4.35 5.77911 1.48973
4.4 5.77585 1.48609
4.45 5.77249 1.48241
4.5 5.76903 1.47869
4.55 5.76546 1.47493
4.6 5.76179 1.47114
4.65 5.758 1.46732
4.7 5.75411 1.46345
4.75 5.75011 1.45956
4.8 5.74599 1.45562
4.85 5.74177 1.45165
4.9 5.73742 1.44765
4.95 5.73296 1.44361
5 5.72838 1.43953
5.05 5.72368 1.43543
5.1 5.71886 1.43128
5.15 5.71391 1.42711
5.2 5.70884 1.4229
5.25 5.70365 1.41866
5.3 5.69833 1.41438
5.35 5.69287 1.41007
5.4 5.68729 1.40573
5.45 5.68158 1.40136
5.5 5.67573 1.39695
5.55 5.66975 1.39252
5.6 5.66364 1.38805
5.65 5.65738 1.38355
5.7 5.65099 1.37902
5.75 5.64446 1.37446
5.8 5.63779 1.36988
5.85 5.63098 1.36526
5.9 5.62402 1.36061
5.95 5.61693 1.35593
6 5.60968 1.35123
6.05 5.60229 1.3465
6.1 5.59475 1.34174
6.15 5.58707 1.33695
6.2 5.57924 1.33214
6.25 5.57125 1.3273
6.3 5.56312 1.32243
6.35 5.55483 1.31754
6.4 5.54639 1.31262
6.45 5.5378 1.30768
6.5 5.52905 1.30271
6.55 5.52015 1.29772
6.6 5.51109 1.2927
6.65 5.50188 1.28766
6.7 5.49251 1.2826
6.75 5.48298 1.27752
6.8 5.47329 1.27241
6.85 5.46344 1.26729
6.9 5.45344 1.26214
6.95 5.44327 1.25697
7 5.43295 1.25178
7.05 5.42246 1.24657
7.1 5.41181 1.24134
7.15 5.401 1.2361
7.2 5.39003 1.23083
7.25 5.3789 1.22555
7.3 5.3676 1.22025
7.35 5.35614 1.21493
7.4 5.34452 1.2096
7.45 5.33274 1.20425
7.5 5.32079 1.19889
7.55 5.30868 1.19351
7.6 5.29641 1.18812
7.65 5.28398 1.18271
7.7 5.27138 1.17729
7.75 5.25862 1.17186
7.8 5.24569 1.16642
7.85 5.23261 1.16096
7.9 5.21936 1.15549
7.95 5.20595 1.15002
8 5.19238 1.14453
8.05 5.17865 1.13903
8.1 5.16475 1.13353
8.15 5.1507 1.12801
8.2 5.13649 1.12249
8.25 5.12211 1.11696
8.3 5.10758 1.11143
8.35 5.09289 1.10589
8.4 5.07804 1.10034
8.45 5.06303 1.09479
8.5 5.04787 1.08923
8.55 5.03255 1.08368
8.6 5.01708 1.07811
8.65 5.00145 1.07255
8.7 4.98567 1.06698
8.75 4.96974 1.06141
8.8 4.95365 1.05584
8.85 4.93742 1.05027
8.9 4.92103 1.04471
8.95 4.9045 1.03914
9 4.88782 1.03357
9.05 4.87099 1.02801
9.1 4.85402 1.02245
9.15 4.8369 1.01689
9.2 4.81964 1.01134
9.25 4.80224 1.00579
9.3 4.7847 1.00024
9.35 4.76702 0.994704
9.4 4.7492 0.989173
9.45 4.73124 0.983648
9.5 4.71315 0.978131
9.55 4.69493 0.972623
9.6 4.67658 0.967123
9.65 4.65809 0.961632
9.7 4.63947 0.956152
9.75 4.62073 0.950682
9.8 4.60186 0.945224
9.85 4.58287 0.939777
9.9 4.56375 0.934343
9.95 4.54452 0.928922
10 4.52516 0.923514
10.05 4.50569 0.918121
10.1 4.4861 0.912743
10.15 4.4664 0.90738
10.2 4.44659 0.902033
10.25 4.42666 0.896702
10.3 4.40663 0.891389
10.35 4.38649 0.886094
10.4 4.36625 0.880817
10.45 4.34591 0.875559
10.5 4.32546 0.87032
10.55 4.30492 0.865101
10.6 4.28428 0.859904
10.65 4.26354 0.854727
10.7 4.24272 0.849572
10.75 4.2218 0.844439
10.8 4.2008 0.83933
10.85 4.17971 0.834244
10.9 4.15853 0.829181
10.95 4.13728 0.824144
11 4.11595 0.819131
11.05 4.09453 0.814144
11.1 4.07305 0.809183
11.15 4.05149 0.804249
11.2 4.02986 0.799342
11.25 4.00816 0.794462
11.3 3.9864 0.789611
11.35 3.96458 0.784789
11.4 3.94269 0.779995
11.45 3.92074 0.775232
11.5 3.89874 0.770499
11.55 3.87669 0.765796
11.6 3.85458 0.761124
11.65 3.83242 0.756484
11.7 3.81022 0.751877
11.75 3.78797 0.747301
11.8 3.76568 0.742759
11.85 3.74335 0.73825
11.9 3.72098 0.733775
11.95 3.69858 0.729334
12 3.67615 0.724928
12.05 3.65369 0.720558
12.1 3.63119 0.716222
12.15 3.60868 0.711923
12.2 3.58614 0.70766
12.25 3.56358 0.703434
12.3 3.541 0.699245
12.35 3.51841 0.695093
12.4 3.4958 0.690979
12.45 3.47319 0.686903
12.5 3.45056 0.682866
12.55 3.42794 0.678868
12.6 3.4053 0.674909
12.65 3.38267 0.67099
12.7 3.36004 0.66711
12.75 3.33741 0.663271
12.8 3.31479 0.659472
12.85 3.29218 0.655714
12.9 3.26958 0.651996
12.95 3.247 0.64832
13 3.22443 0.644686
13.05 3.20188 0.641093
13.1 3.17935 0.637543
13.15 3.15684 0.634034
13.2 3.13436 0.630569
13.25 3.1119 0.627145
13.3 3.08948 0.623765
13.35 3.06709 0.620428
13.4 3.04474 0.617134
13.45 3.02242 0.613884
13.5 3.00014 0.610677
13.55 2.9779 0.607514
13.6 2.95571 0.604395
13.65 2.93356 0.60132
13.7 2.91146 0.598289
13.75 2.88942 0.595302
13.8 2.86742 0.59236
13.85 2.84548 0.589462
13.9 2.8236 0.586609
13.95 2.80177 0.5838
14 2.78001 0.581036
14.05 2.75831 0.578317
14.1 2.73668 0.575643
14.15 2.71511 0.573013
14.2 2.69361 0.570429
14.25 2.67218 0.567889
14.3 2.65083 0.565394
14.35 2.62955 0.562944
14.4 2.60835 0.560538
14.45 2.58723 0.558178
14.5 2.56619 0.555862
14.55 2.54523 0.553591
14.6 2.52436 0.551365
14.65 2.50357 0.549183
14.7 2.48287 0.547046
14.75 2.46226 0.544953
14.8 2.44174 0.542904
14.85 2.42132 0.540899
14.9 2.40098 0.538939
14.95 2.38075 0.537023
15 2.36061 0.53515
15.05 2.34058 0.533321
15.1 2.32064 0.531535
15.15 2.30081 0.529793
15.2 2.28108 0.528093
15.25 2.26145 0.526437
15.3 2.24194 0.524823
15.35 2.22253 0.523252
15.4 2.20323 0.521723
15.45 2.18404 0.520236
15.5 2.16496 0.518791
15.55 2.146 0.517388
15.6 2.12715 0.516025
15.65 2.10842 0.514704
15.7 2.0898 0.513423
15.75 2.0713 0.512183
15.8 2.05292 0.510983
15.85 2.03467 0.509823
15.9 2.01653 0.508702
15.95 1.99851 0.50762
16 1.98062 0.506577
16.05 1.96285 0.505573
16.1 1.94521 0.504607
16.15 1.92769 0.503678
16.2 1.9103 0.502787
16.25 1.89304 0.501933
16.3 1.8759 0.501115
16.35 1.85889 0.500334
16.4 1.84202 0.499589
16.45 1.82527 0.498879
16.5 1.80865 0.498204
16.55 1.79217 0.497563
16.6 1.77582 0.496957
16.65 1.7596 0.496384
16.7 1.74351 0.495844
16.75 1.72755 0.495337
16.8 1.71173 0.494863
16.85 1.69605 0.49442
16.9 1.68049 0.494009
16.95 1.66508 0.493629
17 1.6498 0.493278
17.05 1.63465 0.492958
17.1 1.61964 0.492667
17.15 1.60476 0.492405
17.2 1.59002 0.492172
17.25 1.57542 0.491966
17.3 1.56095 0.491787
17.35 1.54662 0.491635
17.4 1.53243 0.49151
17.45 1.51837 0.49141
17.5 1.50445 0.491335
17.55 1.49066 0.491284
17.6 1.47701 0.491258
17.65 1.46349 0.491255
17.7 1.45012 0.491275
17.75 1.43687 0.491317
17.8 1.42376 0.491381
17.85 1.41079 0.491466
17.9 1.39795 0.491572
17.95 1.38525 0.491698
18 1.37268 0.491843
18.05 1.36024 0.492006
18.1 1.34794 0.492188
18.15 1.33577 0.492388
18.2 1.32373 0.492604
18.25 1.31182 0.492837
18.3 1.30005 0.493086
18.35 1.2884 0.493349
18.4 1.27689 0.493628
18.45 1.26551 0.49392
18.5 1.25425 0.494225
18.55 1.24313 0.494543
18.6 1.23213 0.494874
18.65 1.22126 0.495215
18.7 1.21051 0.495568
18.75 1.19989 0.495931
18.8 1.1894 0.496303
18.85 1.17903 0.496684
18.9 1.16878 0.497074
18.95 1.15866 0.497471
19 1.14866 0.497876
19.05 1.13878 0.498287
19.1 1.12902 0.498704
19.15 1.11938 0.499126
19.2 1.10985 0.499552
19.25 1.10045 0.499983
19.3 1.09116 0.500417
19.35 1.08198 0.500854
19.4 1.07292 0.501293
19.45 1.06398 0.501733
19.5 1.05514 0.502174
19.55 1.04642 0.502616
19.6 1.03781 0.503057
19.65 1.0293 0.503498
19.7 1.02091 0.503937
19.75 1.01262 0.504374
19.8 1.00444 0.504808
19.85 0.99636 0.505239
19.9 0.988386 0.505666
19.95 0.980515 0.506089
20 0.972745 0.506506
20.05 0.965075 0.506918
20.1 0.957504 0.507324
20.15 0.950031 0.507723
20.2 0.942654 0.508115
20.25 0.935373 0.508499
20.3 0.928186 0.508874
20.35 0.921092 0.50924
20.4 0.914089 0.509597
20.45 0.907177 0.509944
20.5 0.900355 0.51028
20.55 0.89362 0.510605
20.6 0.886972 0.510918
20.65 0.880409 0.511219
20.7 0.873931 0.511507
20.75 0.867535 0.511782
20.8 0.861221 0.512043
20.85 0.854987 0.51229
20.9 0.848833 0.512523
20.95 0.842756 0.51274
21 0.836755 0.512941
21.05 0.83083 0.513127
21.1 0.824979 0.513295
21.15 0.8192 0.513447
21.2 0.813493 0.513581
21.25 0.807855 0.513697
21.3 0.802287 0.513795
21.35 0.796785 0.513873
21.4 0.79135 0.513933
21.45 0.78598 0.513973
21.5 0.780674 0.513992
21.55 0.775429 0.513992
21.6 0.770246 0.51397
21.65 0.765123 0.513927
21.7 0.760058 0.513863
21.75 0.75505 0.513776
21.8 0.750099 0.513667
21.85 0.745202 0.513536
21.9 0.740358 0.513381
21.95 0.735567 0.513203
22 0.730827 0.513001
22.05 0.726137 0.512776
22.1 0.721495 0.512526
22.15 0.716901 0.512251
22.2 0.712353 0.511951
22.25 0.70785 0.511626
22.3 0.703391 0.511276
22.35 0.698975 0.5109
22.4 0.6946 0.510498
22.45 0.690265 0.51007
22.5 0.68597 0.509615
22.55 0.681712 0.509134
22.6 0.677492 0.508625
22.65 0.673307 0.50809
22.7 0.669158 0.507527
22.75 0.665042 0.506936
22.8 0.660958 0.506318
22.85 0.656906 0.505672
22.9 0.652885 0.504998
22.95 0.648893 0.504296
23 0.64493 0.503566
23.05 0.640994 0.502807
23.1 0.637084 0.502019
23.15 0.6332 0.501203
23.2 0.62934 0.500358
23.25 0.625504 0.499484
23.3 0.621691 0.498581
23.35 0.617899 0.497649
23.4 0.614128 0.496688
23.45 0.610377 0.495697
23.5 0.606645 0.494677
23.55 0.602931 0.493629
23.6 0.599235 0.49255
23.65 0.595555 0.491443
23.7 0.591891 0.490306
23.75 0.588241 0.489139
23.8 0.584606 0.487944
23.85 0.580984 0.486719
23.9 0.577375 0.485465
23.95 0.573778 0.484181
24 0.570191 0.482868
24.05 0.566616 0.481526
24.1 0.56305 0.480155
24.15 0.559493 0.478755
24.2 0.555945 0.477326
24.25 0.552404 0.475868
24.3 0.548871 0.474381
24.35 0.545344 0.472866
24.4 0.541824 0.471322
24.45 0.538309 0.469749
24.5 0.534799 0.468148
24.55 0.531294 0.466519
24.6 0.527792 0.464862
24.65 0.524294 0.463177
24.7 0.520799 0.461465
24.75 0.517307 0.459725
24.8 0.513816 0.457957
24.85 0.510328 0.456163
24.9 0.50684 0.454341
24.95 0.503354 0.452493
25 0.499868 0.450618
25.05 0.496382 0.448716
25.1 0.492896 0.446789
25.15 0.48941 0.444835
25.2 0.485923 0.442857
25.25 0.482434 0.440852
25.3 0.478945 0.438823
25.35 0.475454 0.436768
25.4 0.471961 0.434689
25.45 0.468466 0.432586
25.5 0.464969 0.430459
25.55 0.46147 0.428307
25.6 0.457968 0.426133
25.65 0.454463 0.423935
25.7 0.450956 0.421714
25.75 0.447446 0.419471
25.8 0.443932 0.417206
25.85 0.440415 0.414918
25.9 0.436896 0.412609
25.95 0.433372 0.410279
26 0.429846 0.407928
26.05 0.426316 0.405556
26.1 0.422783 0.403165
26.15 0.419246 0.400753
26.2 0.415707 0.398322
26.25 0.412163 0.395871
26.3 0.408617 0.393402
26.35 0.405067 0.390915
26.4 0.401514 0.38841
26.45 0.397958 0.385887
26.5 0.394399 0.383346
26.55 0.390838 0.380789
26.6 0.387273 0.378216
26.65 0.383706 0.375626
26.7 0.380136 0.373021
26.75 0.376565 0.370401
26.8 0.372991 0.367766
26.85 0.369415 0.365116
26.9 0.365837 0.362452
26.95 0.362257 0.359775
27 0.358677 0.357085
27.05 0.355095 0.354382
27.1 0.351512 0.351667
27.15 0.347929 0.348939
27.2 0.344345 0.346201
27.25 0.340761 0.343451
27.3 0.337177 0.340691
27.35 0.333594 0.337921
27.4 0.330011 0.335141
27.45 0.326429 0.332351
27.5 0.322849 0.329553
27.55 0.31927 0.326747
27.6 0.315693 0.323932
27.65 0.312119 0.32111
27.7 0.308547 0.318281
27.75 0.304977 0.315445
27.8 0.301412 0.312604
27.85 0.297849 0.309756
27.9 0.294291 0.306903
27.95 0.290737 0.304046
28 0.287188 0.301184
28.05 0.283644 0.298318
28.1 0.280106 0.295448
28.15 0.276573 0.292576
28.2 0.273047 0.2897
28.25 0.269527 0.286823
28.3 0.266014 0.283944
28.35 0.262509 0.281064
28.4 0.259011 0.278182
28.45 0.255522 0.275301
28.5 0.252041 0.272419
28.55 0.24857 0.269538
28.6 0.245108 0.266658
28.65 0.241656 0.263779
28.7 0.238214 0.260902
28.75 0.234783 0.258027
28.8 0.231363 0.255154
28.85 0.227954 0.252285
28.9 0.224558 0.249419
28.95 0.221174 0.246557
29 0.217803 0.243699
29.05 0.214445 0.240845
29.1 0.211101 0.237997
29.15 0.20777 0.235155
29.2 0.204455 0.232318
29.25 0.201154 0.229488
29.3 0.197868 0.226664
29.35 0.194599 0.223847
29.4 0.191345 0.221038
29.45 0.188108 0.218237
29.5 0.184888 0.215443
29.55 0.181685 0.212659
29.6 0.1785 0.209884
29.65 0.175333 0.207117
29.7 0.172185 0.204361
29.75 0.169056 0.201615
29.8 0.165946 0.198879
29.85 0.162855 0.196154
29.9 0.159785 0.19344
29.95 0.156735 0.190737
30 0.153706 0.188047
30.05 0.150699 0.185368
30.1 0.147713 0.182702
30.15 0.144748 0.180049
30.2 0.141806 0.177409
30.25 0.138887 0.174783
30.3 0.135991 0.17217
30.35 0.133117 0.169572
30.4 0.130268 0.166987
30.45 0.127442 0.164418
30.5 0.124641 0.161863
30.55 0.121864 0.159324
30.6 0.119112 0.1568
30.65 0.116386 0.154292
30.7 0.113684 0.1518
30.75 0.111009 0.149324
30.8 0.108359 0.146865
30.85 0.105736 0.144422
30.9 0.103139 0.141997
30.95 0.100569 0.139589
31 0.0980263 0.137199
31.05 0.0955106 0.134827
31.1 0.0930225 0.132472
31.15 0.0905621 0.130136
31.2 0.0881296 0.127818
31.25 0.0857252 0.125519
31.3 0.0833492 0.123239
31.35 0.0810018 0.120977
31.4 0.0786831 0.118735
31.45 0.0763933 0.116513
31.5 0.0741325 0.114309
31.55 0.071901 0.112126
31.6 0.0696988 0.109963
31.65 0.0675262 0.10782
31.7 0.0653832 0.105696
31.75 0.06327 0.103594
31.8 0.0611867 0.101512
31.85 0.0591333 0.0994501
31.9 0.0571101 0.0974093
31.95 0.0551171 0.0953895
32 0.0531543 0.0933907
32.05 0.0512219 0.091413
32.1 0.0493199 0.0894565
32.15 0.0474483 0.0875214
32.2 0.0456073 0.0856077
32.25 0.0437968 0.0837155
32.3 0.0420169 0.0818449
32.35 0.0402675 0.079996
32.4 0.0385488 0.0781689
32.45 0.0368608 0.0763635
32.5 0.0352033 0.0745799
32.55 0.0335764 0.0728183
32.6 0.0319801 0.0710787
32.65 0.0304144 0.069361
32.7 0.0288791 0.0676654
32.75 0.0273743 0.0659918
32.8 0.0259 0.0643403
32.85 0.0244559 0.0627109
32.9 0.0230422 0.0611036
32.95 0.0216586 0.0595185
33 0.0203051 0.0579554
33.05 0.0189817 0.0564145
33.1 0.0176881 0.0548957
33.15 0.0164243 0.0533989
33.2 0.0151902 0.0519243
33.25 0.0139857 0.0504716
33.3 0.0128106 0.049041
33.35 0.0116647 0.0476324
33.4 0.0105479 0.0462457
33.45 0.00946013 0.0448809
33.5 0.00840113 0.0435379
33.55 0.00737076 0.0422167
33.6 0.00636882 0.0409173
33.65 0.00539515 0.0396395
33.7 0.00444954 0.0383833
33.75 0.0035318 0.0371486
33.8 0.00264172 0.0359353
33.85 0.00177908 0.0347434
33.9 0.000943679 0.0335727
33.95 0.000135278 0.0324233
34 -0.000646351 0.0312949
34.05 -0.00140144 0.0301874
34.1 -0.00213025 0.0291009
34.15 -0.00283301 0.028035
34.2 -0.00350998 0.0269899
34.25 -0.00416143 0.0259652
34.3 -0.00478761 0.024961
34.35 -0.0053888 0.023977
34.4 -0.00596528 0.0230132
34.45 -0.00651732 0.0220694
34.5 -0.00704522 0.0211455
34.55 -0.00754926 0.0202414
34.6 -0.00802974 0.0193568
34.65 -0.00848695 0.0184917
34.7 -0.00892121 0.0176459
34.75 -0.00933281 0.0168192
34.8 -0.00972207 0.0160116
34.85 -0.0100893 0.0152228
34.9 -0.0104348 0.0144526
34.95 -0.010759 0.013701
35 -0.0110621 0.0129677
35.05 -0.0113445 0.0122525
35.1 -0.0116065 0.0115554
35.15 -0.0118484 0.0108761
35.2 -0.0120706 0.0102144
35.25 -0.0122734 0.00957018
35.3 -0.0124572 0.00894325
35.35 -0.0126223 0.00833342
35.4 -0.012769 0.0077405
35.45 -0.0128978 0.00716429
35.5 -0.0130089 0.00660461
35.55 -0.0131027 0.00606127
35.6 -0.0131796 0.00553407
35.65 -0.0132399 0.0050228
35.7 -0.013284 0.00452729
35.75 -0.0133123 0.00404732
35.8 -0.013325 0.00358269
35.85 -0.0133226 0.00313321
35.9 -0.0133054 0.00269866
35.95 -0.0132738 0.00227884
36 -0.0132282 0.00187355
36.05 -0.0131688 0.00148258
36.1 -0.0130961 0.00110571
36.15 -0.0130104 0.000742746
36.2 -0.0129122 0.00039347
36.25 -0.0128016 5.76726e-05
36.3 -0.0126792 -0.000264858
36.35 -0.0125453 -0.000574335
36.4 -0.0124002 -0.000870971
36.45 -0.0122443 -0.00115498
36.5 -0.0120779 -0.00142657
36.55 -0.0119015 -0.00168597
36.6 -0.0117153 -0.00193337
36.65 -0.0115197 -0.00216901
36.7 -0.011315 -0.00239309
36.75 -0.0111017 -0.00260583
36.8 -0.0108801 -0.00280744
36.85 -0.0106504 -0.00299814
36.9 -0.0104131 -0.00317813
36.95 -0.0101686 -0.00334765
37 -0.00991699 -0.00350689
37.05 -0.00965881 -0.00365607
37.1 -0.00939433 -0.00379541
37.15 -0.00912388 -0.00392511
37.2 -0.00884781 -0.00404539
37.25 -0.00856643 -0.00415646
37.3 -0.00828007 -0.00425852
37.35 -0.00798904 -0.0043518
37.4 -0.00769367 -0.00443649
37.45 -0.00739426 -0.00451281
37.5 -0.00709114 -0.00458096
37.55 -0.0067846 -0.00464114
37.6 -0.00647494 -0.00469356
37.65 -0.00616248 -0.00473843
37.7 -0.0058475 -0.00477594
37.75 -0.00553029 -0.0048063
37.8 -0.00521114 -0.00482971
37.85 -0.00489035 -0.00484636
37.9 -0.00456818 -0.00485645
37.95 -0.00424491 -0.00486018
38 -0.00392081 -0.00485774
38.05 -0.00359616 -0.00484932
38.1 -0.00327121 -0.00483511
38.15 -0.00294622 -0.00481531
38.2 -0.00262145 -0.00479009
38.25 -0.00229714 -0.00475965
38.3 -0.00197354 -0.00472417
38.35 -0.00165089 -0.00468382
38.4 -0.00132942 -0.0046388
38.45 -0.00100937 -0.00458927
38.5 -0.00069096 -0.00453542
38.55 -0.000374411 -0.00447741
38.6 -5.99374e-05 -0.00441543
38.65 0.000252248 -0.00434964
38.7 0.00056194 -0.0042802
38.75 0.000868938 -0.00420729
38.8 0.00117305 -0.00413106
38.85 0.00147407 -0.00405169
38.9 0.00177184 -0.00396932
38.95 0.00206615 -0.00388412
39 0.00235684 -0.00379623
39.05 0.00264374 -0.00370583
39.1 0.00292669 -0.00361304
39.15 0.00320551 -0.00351803
39.2 0.00348007 -0.00342093
39.25 0.0037502 -0.00332189
39.3 0.00401577 -0.00322105
39.35 0.00427664 -0.00311855
39.4 0.00453267 -0.00301453
39.45 0.00478373 -0.00290911
39.5 0.0050297 -0.00280243
39.55 0.00527046 -0.00269462
39.6 0.00550591 -0.00258581
39.65 0.00573593 -0.00247611
39.7 0.00596041 -0.00236566
39.75 0.00617927 -0.00225456
39.8 0.00639241 -0.00214293
39.85 0.00659974 -0.00203089
39.9 0.00680118 -0.00191855
39.95 0.00699665 -0.00180602
40 0.00718609 -0.0016934
40.05 0.00736942 -0.0015808
40.1 0.00754658 -0.00146831
40.15 0.00771752 -0.00135604
40.2 0.00788218 -0.00124409
40.25 0.00804051 -0.00113254
40.3 0.00819248 -0.00102148
40.35 0.00833804 -0.000911012
40.4 0.00847717 -0.000801213
40.45 0.00860983 -0.000692169
40.5 0.008736 -0.000583959
40.55 0.00885566 -0.000476662
40.6 0.0089688 -0.000370355
40.65 0.00907541 -0.000265111
40.7 0.00917547 -0.000161
40.75 0.00926899 -5.80912e-05
40.8 0.00935598 4.35493e-05
40.85 0.00943644 0.000143858
40.9 0.00951037 0.000242773
40.95 0.00957781 0.000340237
41 0.00963875 0.000436192
41.05 0.00969324 0.000530585
41.1 0.0097413 0.000623363
41.15 0.00978295 0.000714477
41.2 0.00981824 0.00080388
41.25 0.0098472 0.000891527
41.3 0.00986988 0.000977376
41.35 0.00988631 0.00106139
41.4 0.00989656 0.00114352
41.45 0.00990067 0.00122374
41.5 0.00989871 0.00130201
41.55 0.00989072 0.0013783
41.6 0.00987677 0.00145259
41.65 0.00985694 0.00152484
41.7 0.00983128 0.00159503
41.75 0.00979987 0.00166313
41.8 0.00976279 0.00172913
41.85 0.00972011 0.00179301
41.9 0.00967191 0.00185474
41.95 0.00961828 0.00191431
42 0.0095593 0.00197171
42.05 0.00949505 0.00202693
42.1 0.00942564 0.00207996
42.15 0.00935116 0.00213079
42.2 0.00927168 0.00217941
42.25 0.00918733 0.00222581
42.3 0.00909819 0.00227001
42.35 0.00900436 0.00231198
42.4 0.00890595 0.00235175
42.45 0.00880307 0.0023893
42.5 0.00869581 0.00242464
42.55 0.00858429 0.00245778
42.6 0.00846862 0.00248872
42.65 0.00834891 0.00251747
42.7 0.00822526 0.00254405
42.75 0.0080978 0.00256845
42.8 0.00796664 0.00259071
42.85 0.0078319 0.00261082
42.9 0.00769369 0.00262881
42.95 0.00755213 0.00264469
43 0.00740733 0.00265848
43.05 0.00725943 0.00267019
43.1 0.00710854 0.00267986
43.15 0.00695478 0.00268749
43.2 0.00679826 0.00269312
43.25 0.00663913 0.00269677
43.3 0.00647749 0.00269845
43.35 0.00631347 0.0026982
43.4 0.00614719 0.00269605
43.45 0.00597877 0.00269201
43.5 0.00580835 0.00268613
43.55 0.00563603 0.00267842
43.6 0.00546195 0.00266892
43.65 0.00528623 0.00265766
43.7 0.00510898 0.00264467
43.75 0.00493034 0.00262999
43.8 0.00475042 0.00261364
43.85 0.00456935 0.00259566
43.9 0.00438724 0.00257609
43.95 0.00420422 0.00255495
44 0.00402041 0.0025323
44.05 0.00383592 0.00250815
44.1 0.00365088 0.00248256
44.15 0.0034654 0.00245554
44.2 0.00327959 0.00242716
44.25 0.00309358 0.00239743
44.3 0.00290747 0.0023664
44.35 0.00272139 0.00233411
44.4 0.00253544 0.0023006
44.45 0.00234973 0.0022659
44.5 0.00216437 0.00223006
44.55 0.00197948 0.00219312
44.6 0.00179516 0.0021551
44.65 0.00161151 0.00211607
44.7 0.00142864 0.00207605
44.75 0.00124665 0.00203508
44.8 0.00106564 0.00199321
44.85 0.000885712 0.00195048
44.9 0.000706965 0.00190693
44.95 0.000529494 0.00186259
45 0.000353392 0.0018175
45.05 0.000178753 0.00177172
45.1 5.66593e-06 0.00172527
45.15 -0.000165779 0.0016782
45.2 -0.000335496 0.00163055
45.25 -0.000503399 0.00158236
45.3 -0.000669405 0.00153366
45.35 -0.000833434 0.0014845
45.4 -0.000995407 0.00143492
45.45 -0.00115525 0.00138495
45.5 -0.00131288 0.00133463
45.55 -0.00146823 0.001284
45.6 -0.00162122 0.0012331
45.65 -0.0017718 0.00118197
45.7 -0.00191989 0.00113064
45.75 -0.00206543 0.00107916
45.8 -0.00220836 0.00102755
45.85 -0.00234861 0.000975852
45.9 -0.00248614 0.000924105
45.95 -0.00262088 0.000872342
46 -0.00275278 0.000820598
46.05 -0.0028818 0.000768907
46.1 -0.00300788 0.000717302
46.15 -0.00313097 0.000665818
46.2 -0.00325104 0.000614486
46.25 -0.00336804 0.000563338
46.3 -0.00348194 0.000512407
46.35 -0.00359269 0.000461723
46.4 -0.00370026 0.000411316
46.45 -0.00380462 0.000361217
46.5 -0.00390574 0.000311454
46.55 -0.00400359 0.000262057
46.6 -0.00409815 0.000213052
46.65 -0.00418939 0.000164468
46.7 -0.0042773 0.000116331
46.75 -0.00436185 6.86663e-05
46.8 -0.00444302 2.15004e-05
46.85 -0.00452082 -2.51425e-05
46.9 -0.00459521 -7.12385e-05
46.95 -0.0046662 -0.000116764
47 -0.00473377 -0.000161697
47.05 -0.00479793 -0.000206015
47.1 -0.00485866 -0.000249697
47.15 -0.00491597 -0.000292722
47.2 -0.00496985 -0.000335071
47.25 -0.00502032 -0.000376725
47.3 -0.00506738 -0.000417665
47.35 -0.00511104 -0.000457874
47.4 -0.00515129 -0.000497335
47.45 -0.00518817 -0.00053603
47.5 -0.00522167 -0.000573947
47.55 -0.00525183 -0.000611068
47.6 -0.00527864 -0.00064738
47.65 -0.00530214 -0.000682871
47.7 -0.00532235 -0.000717527
47.75 -0.00533928 -0.000751337
47.8 -0.00535297 -0.000784289
47.85 -0.00536343 -0.000816373
47.9 -0.00537071 -0.00084758
47.95 -0.00537483 -0.0008779
48 -0.00537581 -0.000907325
48.05 -0.00537371 -0.000935847
48.1 -0.00536854 -0.000963461
48.15 -0.00536035 -0.000990159
48.2 -0.00534918 -0.00101594
48.25 -0.00533506 -0.00104079
48.3 -0.00531805 -0.00106471
48.35 -0.00529817 -0.0010877
48.4 -0.00527547 -0.00110975
48.45 -0.00525001 -0.00113086
48.5 -0.00522183 -0.00115104
48.55 -0.00519097 -0.00117027
48.6 -0.00515748 -0.00118857
48.65 -0.00512142 -0.00120592
48.7 -0.00508284 -0.00122234
48.75 -0.00504178 -0.00123782
48.8 -0.00499831 -0.00125236
48.85 -0.00495248 -0.00126597
48.9 -0.00490435 -0.00127866
48.95 -0.00485396 -0.00129042
49 -0.00480139 -0.00130126
49.05 -0.00474668 -0.00131118
49.1 -0.0046899 -0.0013202
49.15 -0.0046311 -0.00132832
49.2 -0.00457035 -0.00133554
49.25 -0.00450771 -0.00134187
49.3 -0.00444324 -0.00134732
49.35 -0.00437701 -0.0013519
49.4 -0.00430907 -0.00135562
49.45 -0.00423949 -0.00135849
49.5 -0.00416833 -0.00136051
49.55 -0.00409567 -0.0013617
49.6 -0.00402155 -0.00136206
49.65 -0.00394606 -0.00136162
49.7 -0.00386925 -0.00136037
49.75 -0.00379118 -0.00135834
49.8 -0.00371194 -0.00135552
49.85 -0.00363157 -0.00135195
49.9 -0.00355015 -0.00134763
49.95 -0.00346774 -0.00134256
50 -0.00338441 -0.00133678
