-0.498 0.00529313 0.00128091
-0.496 0.0214042 0.00510882
-0.494 0.0486496 0.0114424
-0.492 0.0872982 0.0202124
-0.49 0.137565 0.0313179
-0.488 0.199602 0.0446233
-0.486 0.273494 0.0599548
-0.484 0.359248 0.0770977
-0.482 0.45679 0.095793
-0.48 0.565954 0.115735
-0.478 0.68648 0.136567
-0.476 0.818004 0.157882
-0.474 0.960053 0.179217
-0.472 1.11204 0.200055
-0.47 1.27326 0.219817
-0.468 1.44289 0.237868
-0.466 1.61996 0.253511
-0.464 1.8034 0.265988
-0.462 1.99198 0.274479
-0.46 2.18435 0.278101
-0.458 2.37901 0.275914
-0.456 2.57434 0.266912
-0.454 2.76859 0.250033
-0.452 2.95984 0.224158
-0.45 3.14609 0.188111
-0.448 3.32516 0.140664
-0.446 3.4948 0.0805388
-0.444 3.65259 0.00641314
-0.442 3.79604 -0.0830786
-0.44 3.92254 -0.189339
-0.438 4.02937 -0.313801
-0.436 4.11376 -0.457928
-0.434 4.17285 -0.623199
-0.432 4.20369 -0.811111
-0.43 4.20332 -1.02316
-0.428 4.16872 -1.26086
-0.426 4.09686 -1.5257
-0.424 3.98469 -1.81915
-0.422 3.82917 -2.14266
-0.42 3.62729 -2.49766
-0.418 3.37609 -2.88551
-0.416 3.07267 -3.30754
-0.414 2.71418 -3.76501
-0.412 2.2979 -4.2591
-0.41 1.82123 -4.7909
-0.408 1.28168 -5.36144
-0.406 0.67694 -5.97161
-0.404 0.00487188 -6.62221
-0.402 -0.736468 -7.31389
-0.4 -1.5488 -8.0472
-0.398 -2.43362 -8.82251
-0.396 -3.39216 -9.64006
-0.394 -4.42537 -10.4999
-0.392 -5.53392 -11.402
-0.39 -6.71817 -12.3459
-0.388 -7.97813 -13.3313
-0.386 -9.31349 -14.3575
-0.384 -10.7236 -15.4235
-0.382 -12.2074 -16.5282
-0.38 -13.7634 -17.6704
-0.378 -15.3898 -18.8486
-0.376 -17.0845 -20.0609
-0.374 -18.8447 -21.3053
-0.372 -20.6675 -22.5796
-0.37 -22.5493 -23.8815
-0.368 -24.4862 -25.208
-0.366 -26.474 -26.5565
-0.364 -28.5079 -27.9236
-0.362 -30.5827 -29.306
-0.36 -32.6929 -30.7001
-0.358 -34.8326 -32.1021
-0.356 -36.9953 -33.5079
-0.354 -39.1744 -34.9133
-0.352 -41.3629 -36.314
-0.35 -43.5532 -37.7053
-0.348 -45.7377 -39.0825
-0.346 -47.9083 -40.4406
-0.344 -50.0569 -41.7747
-0.342 -52.1747 -43.0796
-0.34 -54.2533 -44.35
-0.338 -56.2835 -45.5807
-0.336 -58.2565 -46.7661
-0.334 -60.1629 -47.9009
-0.332 -61.9938 -48.9797
-0.33 -63.7397 -49.997
-0.328 -65.3916 -50.9474
-0.326 -66.9402 -51.8255
-0.324 -68.3765 -52.6261
-0.322 -69.6917 -53.3439
-0.32 -70.8768 -53.974
-0.318 -71.9236 -54.5114
-0.316 -72.8239 -54.9515
-0.314 -73.5696 -55.2896
-0.312 -74.1534 -55.5215
-0.31 -74.5682 -55.6432
-0.308 -74.8072 -55.6509
-0.306 -74.8645 -55.5411
-0.304 -74.7343 -55.3107
-0.302 -74.4117 -54.9568
-0.3 -73.8922 -54.4769
-0.298 -73.1721 -53.8691
-0.296 -72.2482 -53.1315
-0.294 -71.1182 -52.263
-0.292 -69.7803 -51.2626
-0.29 -68.2337 -50.1298
-0.288 -66.4782 -48.8648
-0.286 -64.5143 -47.4679
-0.284 -62.3434 -45.94
-0.282 -59.9679 -44.2825
-0.28 -57.3907 -42.4972
-0.278 -54.6156 -40.5865
-0.276 -51.6472 -38.553
-0.274 -48.491 -36.4
-0.272 -45.1531 -34.1311
-0.27 -41.6406 -31.7504
-0.268 -37.9613 -29.2625
-0.266 -34.1234 -26.6723
-0.264 -30.1364 -23.9853
-0.262 -26.0101 -21.2072
-0.26 -21.7549 -18.3441
-0.258 -17.3822 -15.4027
-0.256 -12.9036 -12.3898
-0.254 -8.33149 -9.31257
-0.252 -3.67874 -6.1786
-0.25 1.04134 -2.99568
-0.248 5.81499 0.228106
-0.246 10.628 3.48443
-0.244 15.466 6.76476
-0.242 20.314 10.0604
-0.24 25.1571 13.3623
-0.238 29.98 16.6616
-0.236 34.7671 19.949
-0.234 39.503 23.2154
-0.232 44.1721 26.4513
-0.23 48.7588 29.6475
-0.228 53.2474 32.7946
-0.226 57.6223 35.8832
-0.224 61.8683 38.904
-0.222 65.9701 41.8478
-0.22 69.9127 44.7054
-0.218 73.6812 47.4678
-0.216 77.2612 50.1262
-0.214 80.6387 52.6717
-0.212 83.7998 55.096
-0.21 86.7313 57.3906
-0.208 89.4202 59.5476
-0.206 91.8542 61.5591
-0.204 94.0214 63.4176
-0.202 95.9106 65.1158
-0.2 97.511 66.647
-0.198 98.8126 68.0045
-0.196 99.8059 69.1822
-0.194 100.482 70.1742
-0.192 100.834 70.9753
-0.19 100.853 71.5804
-0.188 100.533 71.985
-0.186 99.8686 72.185
-0.184 98.8547 72.1768
-0.182 97.487 71.9573
-0.18 95.7623 71.5238
-0.178 93.678 70.8743
-0.176 91.2327 70.007
-0.174 88.4256 68.9209
-0.172 85.2568 67.6155
-0.17 81.7275 66.0908
-0.168 77.8396 64.3473
-0.166 73.5961 62.3862
-0.164 69.0009 60.2091
-0.162 64.0586 57.8184
-0.16 58.7751 55.2169
-0.158 53.1569 52.408
-0.156 47.2118 49.3958
-0.154 40.9481 46.1848
-0.152 34.3755 42.7802
-0.15 27.5044 39.1878
-0.148 20.346 35.4139
-0.146 12.9126 31.4655
-0.144 5.21749 27.3499
-0.142 -2.72533 23.0752
-0.14 -10.9009 18.65
-0.138 -19.2933 14.0834
-0.136 -27.886 9.38509
-0.134 -36.6613 4.56513
-0.132 -45.6009 -0.365804
-0.13 -54.6857 -5.39658
-0.128 -63.8958 -10.5156
-0.126 -73.2106 -15.7109
-0.124 -82.6086 -20.97
-0.122 -92.0679 -26.28
-0.12 -101.566 -31.6279
-0.118 -111.079 -36.9999
-0.116 -120.584 -42.3823
-0.114 -130.056 -47.7608
-0.112 -139.471 -53.1212
-0.11 -148.803 -58.4488
-0.108 -158.026 -63.7288
-0.106 -167.116 -68.9463
-0.104 -176.045 -74.0862
-0.102 -184.788 -79.1333
-0.1 -193.317 -84.0726
-0.098 -201.608 -88.889
-0.096 -209.633 -93.5673
-0.094 -217.365 -98.0926
-0.092 -224.78 -102.45
-0.09 -231.85 -106.625
-0.088 -238.551 -110.603
-0.086 -244.858 -114.371
-0.084 -250.745 -117.914
-0.082 -256.189 -121.219
-0.08 -261.167 -124.274
-0.078 -265.656 -127.065
-0.076 -269.634 -129.582
-0.074 -273.082 -131.812
-0.072 -275.98 -133.746
-0.07 -278.309 -135.374
-0.068 -280.052 -136.686
-0.066 -281.194 -137.674
-0.064 -281.721 -138.331
-0.062 -281.621 -138.651
-0.06 -280.882 -138.627
-0.058 -279.495 -138.255
-0.056 -277.453 -137.532
-0.054 -274.75 -136.455
-0.052 -271.384 -135.022
-0.05 -267.353 -133.234
-0.048 -262.657 -131.091
-0.046 -257.3 -128.594
-0.044 -251.286 -125.748
-0.042 -244.623 -122.556
-0.04 -237.321 -119.025
-0.038 -229.392 -115.16
-0.036 -220.849 -110.969
-0.034 -211.709 -106.463
-0.032 -201.99 -101.65
-0.03 -191.715 -96.5425
-0.028 -180.904 -91.1529
-0.026 -169.585 -85.4947
-0.024 -157.783 -79.5826
-0.022 -145.528 -73.4321
-0.02 -132.851 -67.0598
-0.018 -119.785 -60.4831
-0.016 -106.364 -53.7203
-0.014 -92.623 -46.7905
-0.012 -78.6005 -39.7134
-0.01 -64.3345 -32.5091
-0.008 -49.8643 -25.1987
-0.006 -35.2304 -17.8034
-0.004 -20.4739 -10.3448
-0.002 -5.6364 -2.8448
0 9.24016 4.67444
0.002 24.1135 12.1906
0.004 38.9416 19.6816
0.006 53.6824 27.1255
0.008 68.2942 34.5004
0.01 82.7361 41.7846
0.012 96.9677 48.957
0.014 110.95 55.9967
0.016 124.643 62.8835
0.018 138.012 69.5978
0.02 151.019 76.1207
0.022 163.631 82.4341
0.024 175.815 88.5205
0.026 187.54 94.3637
0.028 198.777 99.948
0.03 209.499 105.259
0.032 219.681 110.284
0.034 229.3 115.009
0.036 238.335 119.424
0.038 246.767 123.519
0.04 254.581 127.285
0.042 261.762 130.713
0.044 268.299 133.799
0.046 274.182 136.535
0.048 279.403 138.919
0.05 283.958 140.947
0.052 287.844 142.617
0.054 291.061 143.93
0.056 293.609 144.884
0.058 295.493 145.483
0.06 296.717 145.728
0.062 297.29 145.624
0.064 297.22 145.176
0.066 296.518 144.389
0.068 295.198 143.269
0.07 293.273 141.826
0.072 290.759 140.066
0.074 287.673 137.999
0.076 284.034 135.636
0.078 279.86 132.987
0.08 275.174 130.064
0.082 269.996 126.877
0.084 264.348 123.441
0.086 258.256 119.767
0.088 251.741 115.87
0.09 244.83 111.764
0.092 237.547 107.461
0.094 229.917 102.978
0.096 221.968 98.3282
0.098 213.725 93.527
0.1 205.214 88.5895
0.102 196.462 83.5308
0.104 187.496 78.3661
0.106 178.342 73.1106
0.108 169.026 67.7796
0.11 159.575 62.3881
0.112 150.015 56.9512
0.114 140.371 51.4837
0.116 130.669 46.0003
0.118 120.934 40.5154
0.12 111.189 35.0431
0.122 101.46 29.5974
0.124 91.7684 24.1917
0.126 82.1383 18.8394
0.128 72.5914 13.5533
0.13 63.1492 8.34568
0.132 53.8325 3.22871
0.134 44.6613 -1.7861
0.136 35.6549 -6.68765
0.138 26.8317 -11.4653
0.14 18.2095 -16.109
0.142 9.80507 -20.6091
0.144 1.63434 -24.9565
0.146 -6.28756 -29.1427
0.148 -13.9464 -33.1598
0.15 -21.3289 -37.0002
0.152 -28.4227 -40.6572
0.154 -35.2162 -44.1245
0.156 -41.6989 -47.3964
0.158 -47.8613 -50.4678
0.16 -53.6946 -53.3341
0.162 -59.191 -55.9914
0.164 -64.3439 -58.4363
0.166 -69.1474 -60.666
0.168 -73.5965 -62.6784
0.17 -77.6873 -64.4718
0.172 -81.4168 -66.0451
0.174 -84.7828 -67.3979
0.176 -87.7842 -68.5302
0.178 -90.4206 -69.4426
0.18 -92.6928 -70.1363
0.182 -94.6021 -70.6129
0.184 -96.151 -70.8747
0.186 -97.3426 -70.9243
0.188 -98.1812 -70.765
0.19 -98.6714 -70.4004
0.192 -98.8192 -69.8347
0.194 -98.6308 -69.0724
0.196 -98.1136 -68.1186
0.198 -97.2756 -66.9787
0.2 -96.1253 -65.6585
0.202 -94.6723 -64.1644
0.204 -92.9266 -62.5027
0.206 -90.8988 -60.6806
0.208 -88.6002 -58.7053
0.21 -86.0426 -56.5842
0.212 -83.2384 -54.3253
0.214 -80.2004 -51.9366
0.216 -76.9421 -49.4265
0.218 -73.4771 -46.8035
0.22 -69.8195 -44.0763
0.222 -65.984 -41.2539
0.224 -61.9852 -38.3452
0.226 -57.8383 -35.3595
0.228 -53.5584 -32.3059
0.23 -49.161 -29.1938
0.232 -44.6617 -26.0325
0.234 -40.0762 -22.8315
0.236 -35.4201 -19.5999
0.238 -30.7091 -16.3472
0.24 -25.9588 -13.0826
0.242 -21.1846 -9.81514
0.244 -16.402 -6.55395
0.246 -11.6261 -3.30787
0.248 -6.87173 -0.0856263
0.25 -2.15347 3.10428
0.252 2.51444 6.25356
0.254 7.11815 9.35417
0.256 11.6443 12.3983
0.258 16.0798 15.3785
0.26 20.4125 18.2876
0.262 24.6303 21.1187
0.264 28.7221 23.8653
0.266 32.6772 26.5213
0.268 36.4857 29.081
0.27 40.1383 31.5389
0.272 43.6263 33.8903
0.274 46.9421 36.1306
0.276 50.0785 38.2556
0.278 53.0292 40.2619
0.28 55.7888 42.1462
0.282 58.3525 43.9058
0.284 60.7164 45.5385
0.286 62.8776 47.0424
0.288 64.8336 48.4164
0.29 66.583 49.6593
0.292 68.1252 50.771
0.294 69.4603 51.7513
0.296 70.589 52.6008
0.298 71.5131 53.3204
0.3 72.2349 53.9113
0.302 72.7574 54.3753
0.304 73.0844 54.7145
0.306 73.2202 54.9314
0.308 73.1698 55.0287
0.31 72.9388 55.0097
0.312 72.5332 54.8779
0.314 71.9596 54.637
0.316 71.2251 54.291
0.318 70.3371 53.8443
0.32 69.3035 53.3013
0.322 68.1324 52.6668
0.324 66.8323 51.9456
0.326 65.4118 51.1428
0.328 63.8798 50.2636
0.33 62.2453 49.3132
0.332 60.5174 48.2969
0.334 58.7053 47.2202
0.336 56.8182 46.0884
0.338 54.8654 44.907
0.34 52.8558 43.6813
0.342 50.7984 42.4167
0.344 48.7023 41.1185
0.346 46.576 39.792
0.348 44.4281 38.4422
0.35 42.2667 37.0741
0.352 40.0999 35.6926
0.354 37.9354 34.3024
0.356 35.7806 32.908
0.358 33.6425 31.5139
0.36 31.5277 30.1241
0.362 29.4427 28.7427
0.364 27.3932 27.3735
0.366 25.3849 26.02
0.368 23.4229 24.6855
0.37 21.5119 23.3732
0.372 19.6561 22.0859
0.374 17.8595 20.8263
0.376 16.1255 19.5969
0.378 14.457 18.3997
0.38 12.8568 17.2368
0.382 11.3269 16.1098
0.384 9.86933 15.0204
0.386 8.48531 13.9696
0.388 7.17593 12.9587
0.39 5.94181 11.9885
0.392 4.78327 11.0596
0.394 3.70023 10.1724
0.396 2.69233 9.32721
0.398 1.75888 8.52414
0.4 0.898899 7.76306
0.402 0.11113 7.04373
0.404 -0.605936 6.36573
0.406 -1.25404 5.72851
0.408 -1.83516 5.13139
0.41 -2.35143 4.57355
0.412 -2.8052 4.05408
0.414 -3.19897 3.57195
0.416 -3.53535 3.12606
0.418 -3.81709 2.7152
0.42 -4.04704 2.33811
0.422 -4.22811 1.99346
0.424 -4.3633 1.67989
0.426 -4.45561 1.39595
0.428 -4.5081 1.14021
0.43 -4.52382 0.911193
0.432 -4.50582 0.7074
0.434 -4.45712 0.527336
0.436 -4.3807 0.369505
0.438 -4.27951 0.232419
0.44 -4.1564 0.114603
0.442 -4.01418 0.0146066
0.444 -3.85555 -0.0689951
0.446 -3.68312 -0.137593
0.448 -3.49941 -0.192542
0.45 -3.30681 -0.235151
0.452 -3.1076 -0.266686
0.454 -2.90393 -0.288361
0.456 -2.69784 -0.301339
0.458 -2.49121 -0.306725
0.46 -2.28581 -0.305568
0.462 -2.08327 -0.298858
0.464 -1.88507 -0.287524
0.466 -1.69257 -0.272434
0.468 -1.50699 -0.254396
0.47 -1.3294 -0.234155
0.472 -1.16077 -0.212396
0.474 -1.00191 -0.189745
0.476 -0.85353 -0.166767
0.478 -0.716213 -0.143972
0.48 -0.590426 -0.121812
0.482 -0.476528 -0.100689
0.484 -0.374776 -0.0809505
0.486 -0.285329 -0.0628969
0.488 -0.208257 -0.0467823
0.49 -0.143547 -0.0328176
0.492 -0.0911085 -0.0211739
0.494 -0.0507822 -0.011985
0.496 -0.0223472 -0.00535104
0.498 -0.00552764 -0.00134182
0.05 4.04371 1.86605
0.1 4.04377 1.86605
0.15 4.04387 1.86607
0.2 4.04401 1.86609
0.25 4.04418 1.86611
0.3 4.0444 1.86615
0.35 4.04465 1.86618
0.4 4.04495 1.86623
0.45 4.04528 1.86627
0.5 4.04565 1.86633
0.55 4.04606 1.86639
0.6 4.0465 1.86645
0.65 4.04699 1.86652
0.7 4.04751 1.86659
0.75 4.04806 1.86667
0.8 4.04865 1.86675
0.85 4.04928 1.86684
0.9 4.04994 1.86693
0.95 4.05064 1.86703
1 4.05136 1.86712
1.05 4.05213 1.86723
1.1 4.05292 1.86733
1.15 4.05375 1.86744
1.2 4.0546 1.86755
1.25 4.05549 1.86766
1.3 4.0564 1.86778
1.35 4.05735 1.86789
1.4 4.05832 1.86801
1.45 4.05932 1.86813
1.5 4.06034 1.86825
1.55 4.06139 1.86837
1.6 4.06246 1.86849
1.65 4.06356 1.86861
1.7 4.06467 1.86873
1.75 4.06581 1.86885
1.8 4.06697 1.86896
1.85 4.06814 1.86908
1.9 4.06934 1.86919
1.95 4.07055 1.8693
2 4.07177 1.86941
2.05 4.07301 1.86951
2.1 4.07426 1.86961
2.15 4.07552 1.86971
2.2 4.0768 1.8698
2.25 4.07808 1.86988
2.3 4.07937 1.86996
2.35 4.08066 1.87004
2.4 4.08196 1.8701
2.45 4.08326 1.87016
2.5 4.08457 1.87021
2.55 4.08588 1.87025
2.6 4.08718 1.87029
2.65 4.08848 1.87031
2.7 4.08978 1.87033
2.75 4.09108 1.87033
2.8 4.09236 1.87032
2.85 4.09364 1.8703
2.9 4.09491 1.87027
2.95 4.09617 1.87023
3 4.09741 1.87017
3.05 4.09864 1.8701
3.1 4.09985 1.87001
3.15 4.10105 1.86991
3.2 4.10222 1.8698
3.25 4.10338 1.86967
3.3 4.10451 1.86952
3.35 4.10562 1.86935
3.4 4.1067 1.86917
3.45 4.10775 1.86896
3.5 4.10877 1.86874
3.55 4.10976 1.8685
3.6 4.11072 1.86824
3.65 4.11165 1.86795
3.7 4.11253 1.86765
3.75 4.11338 1.86732
3.8 4.11419 1.86697
3.85 4.11496 1.86659
3.9 4.11568 1.8662
3.95 4.11636 1.86577
4 4.11699 1.86532
4.05 4.11757 1.86485
4.1 4.1181 1.86435
4.15 4.11858 1.86382
4.2 4.119 1.86326
4.25 4.11937 1.86268
4.3 4.11968 1.86206
4.35 4.11993 1.86142
4.4 4.12012 1.86074
4.45 4.12024 1.86004
4.5 4.12031 1.8593
4.55 4.1203 1.85853
4.6 4.12023 1.85773
4.65 4.12008 1.85689
4.7 4.11987 1.85602
4.75 4.11958 1.85512
4.8 4.11921 1.85418
4.85 4.11877 1.8532
4.9 4.11825 1.85219
4.95 4.11765 1.85114
5 4.11697 1.85005
5.05 4.1162 1.84893
5.1 4.11535 1.84776
5.15 4.11441 1.84656
5.2 4.11338 1.84531
5.25 4.11226 1.84403
5.3 4.11105 1.8427
5.35 4.10974 1.84134
5.4 4.10834 1.83993
5.45 4.10684 1.83848
5.5 4.10525 1.83698
5.55 4.10355 1.83544
5.6 4.10175 1.83386
5.65 4.09985 1.83223
5.7 4.09784 1.83056
5.75 4.09573 1.82884
5.8 4.09351 1.82708
5.85 4.09118 1.82527
5.9 4.08874 1.82341
5.95 4.08619 1.8215
6 4.08352 1.81955
6.05 4.08074 1.81755
6.1 4.07785 1.81549
6.15 4.07483 1.81339
6.2 4.0717 1.81124
6.25 4.06845 1.80904
6.3 4.06508 1.80679
6.35 4.06158 1.80449
6.4 4.05796 1.80214
6.45 4.05422 1.79973
6.5 4.05035 1.79727
6.55 4.04635 1.79476
6.6 4.04222 1.7922
6.65 4.03797 1.78959
6.7 4.03358 1.78692
6.75 4.02906 1.7842
6.8 4.02441 1.78142
6.85 4.01963 1.77859
6.9 4.01471 1.77571
6.95 4.00966 1.77277
7 4.00447 1.76978
7.05 3.99914 1.76673
7.1 3.99368 1.76363
7.15 3.98808 1.76047
7.2 3.98234 1.75725
7.25 3.97645 1.75398
7.3 3.97043 1.75065
7.35 3.96427 1.74727
7.4 3.95796 1.74383
7.45 3.95151 1.74034
7.5 3.94492 1.73678
7.55 3.93818 1.73318
7.6 3.9313 1.72951
7.65 3.92427 1.72579
7.7 3.9171 1.72201
7.75 3.90978 1.71817
7.8 3.90232 1.71428
7.85 3.89471 1.71033
7.9 3.88696 1.70632
7.95 3.87905 1.70226
8 3.871 1.69814
8.05 3.8628 1.69396
8.1 3.85446 1.68973
8.15 3.84596 1.68544
8.2 3.83732 1.68109
8.25 3.82853 1.67669
8.3 3.81959 1.67223
8.35 3.81051 1.66771
8.4 3.80127 1.66314
8.45 3.79189 1.65851
8.5 3.78236 1.65382
8.55 3.77268 1.64908
8.6 3.76285 1.64428
8.65 3.75288 1.63943
8.7 3.74276 1.63453
8.75 3.73249 1.62956
8.8 3.72208 1.62455
8.85 3.71152 1.61948
8.9 3.70081 1.61435
8.95 3.68996 1.60917
9 3.67897 1.60394
9.05 3.66782 1.59866
9.1 3.65654 1.59332
9.15 3.64511 1.58793
9.2 3.63354 1.58248
9.25 3.62182 1.57699
9.3 3.60997 1.57144
9.35 3.59797 1.56584
9.4 3.58583 1.5602
9.45 3.57356 1.5545
9.5 3.56114 1.54875
9.55 3.54859 1.54295
9.6 3.5359 1.53711
9.65 3.52307 1.53121
9.7 3.51011 1.52527
9.75 3.49701 1.51928
9.8 3.48378 1.51324
9.85 3.47041 1.50715
9.9 3.45692 1.50102
9.95 3.44329 1.49485
10 3.42954 1.48863
10.05 3.41566 1.48236
10.1 3.40165 1.47605
10.15 3.38751 1.4697
10.2 3.37325 1.46331
10.25 3.35887 1.45687
10.3 3.34436 1.45039
10.35 3.32973 1.44387
10.4 3.31498 1.43731
10.45 3.30012 1.43072
10.5 3.28514 1.42408
10.55 3.27004 1.4174
10.6 3.25483 1.41069
10.65 3.2395 1.40394
10.7 3.22406 1.39715
10.75 3.20852 1.39033
10.8 3.19286 1.38348
10.85 3.1771 1.37659
10.9 3.16124 1.36966
10.95 3.14527 1.36271
11 3.1292 1.35572
11.05 3.11303 1.3487
11.1 3.09676 1.34165
11.15 3.08039 1.33457
11.2 3.06393 1.32747
11.25 3.04737 1.32033
11.3 3.03072 1.31317
11.35 3.01398 1.30598
11.4 2.99716 1.29877
11.45 2.98025 1.29153
11.5 2.96325 1.28426
11.55 2.94617 1.27698
11.6 2.92901 1.26967
11.65 2.91177 1.26234
11.7 2.89445 1.25499
11.75 2.87706 1.24762
11.8 2.85959 1.24023
11.85 2.84205 1.23282
11.9 2.82445 1.2254
11.95 2.80677 1.21796
12 2.78903 1.2105
12.05 2.77123 1.20303
12.1 2.75336 1.19554
12.15 2.73543 1.18804
12.2 2.71745 1.18053
12.25 2.69941 1.17301
12.3 2.68132 1.16548
12.35 2.66317 1.15794
12.4 2.64498 1.15039
12.45 2.62674 1.14283
12.5 2.60845 1.13527
12.55 2.59012 1.1277
12.6 2.57175 1.12012
12.65 2.55333 1.11254
12.7 2.53488 1.10496
12.75 2.5164 1.09738
12.8 2.49788 1.08979
12.85 2.47933 1.0822
12.9 2.46076 1.07462
12.95 2.44215 1.06703
13 2.42352 1.05945
13.05 2.40487 1.05187
13.1 2.3862 1.04429
13.15 2.36751 1.03672
13.2 2.3488 1.02915
13.25 2.33008 1.0216
13.3 2.31135 1.01404
13.35 2.2926 1.0065
13.4 2.27385 0.998965
13.45 2.25509 0.99144
13.5 2.23633 0.983927
13.55 2.21757 0.976425
13.6 2.19881 0.968935
13.65 2.18005 0.961459
13.7 2.16129 0.953997
13.75 2.14254 0.94655
13.8 2.1238 0.93912
13.85 2.10507 0.931706
13.9 2.08635 0.924309
13.95 2.06765 0.916931
14 2.04897 0.909573
14.05 2.0303 0.902234
14.1 2.01165 0.894916
14.15 1.99303 0.88762
14.2 1.97443 0.880347
14.25 1.95585 0.873096
14.3 1.93731 0.86587
14.35 1.9188 0.858669
14.4 1.90031 0.851493
14.45 1.88187 0.844343
14.5 1.86345 0.837221
14.55 1.84508 0.830126
14.6 1.82675 0.82306
14.65 1.80846 0.816024
14.7 1.79021 0.809017
14.75 1.77201 0.802041
14.8 1.75385 0.795096
14.85 1.73575 0.788184
14.9 1.71769 0.781304
14.95 1.69969 0.774458
15 1.68174 0.767647
15.05 1.66385 0.76087
15.1 1.64601 0.754128
15.15 1.62824 0.747423
15.2 1.61052 0.740754
15.25 1.59287 0.734122
15.3 1.57529 0.727529
15.35 1.55777 0.720974
15.4 1.54031 0.714459
15.45 1.52293 0.707983
15.5 1.50562 0.701547
15.55 1.48838 0.695153
15.6 1.47121 0.6888
15.65 1.45412 0.682488
15.7 1.4371 0.676219
15.75 1.42016 0.669994
15.8 1.40331 0.663811
15.85 1.38653 0.657673
15.9 1.36984 0.651579
15.95 1.35322 0.645531
16 1.3367 0.639527
16.05 1.32026 0.63357
16.1 1.30391 0.627658
16.15 1.28764 0.621794
16.2 1.27147 0.615976
16.25 1.25539 0.610206
16.3 1.2394 0.604484
16.35 1.2235 0.59881
16.4 1.2077 0.593185
16.45 1.19199 0.587609
16.5 1.17639 0.582082
16.55 1.16087 0.576605
16.6 1.14546 0.571178
16.65 1.13015 0.565801
16.7 1.11494 0.560475
16.75 1.09983 0.555199
16.8 1.08482 0.549975
16.85 1.06992 0.544801
16.9 1.05512 0.53968
16.95 1.04043 0.53461
17 1.02584 0.529592
17.05 1.01136 0.524627
17.1 0.996987 0.519714
17.15 0.982723 0.514854
17.2 0.968568 0.510046
17.25 0.954523 0.505291
17.3 0.940589 0.500589
17.35 0.926766 0.495941
17.4 0.913054 0.491345
17.45 0.899455 0.486803
17.5 0.885969 0.482315
17.55 0.872597 0.47788
17.6 0.859338 0.473499
17.65 0.846194 0.469171
17.7 0.833164 0.464897
17.75 0.82025 0.460677
17.8 0.807452 0.456511
17.85 0.79477 0.452398
17.9 0.782204 0.448339
17.95 0.769755 0.444334
18 0.757423 0.440382
18.05 0.745208 0.436484
18.1 0.733111 0.43264
18.15 0.721131 0.428849
18.2 0.70927 0.425112
18.25 0.697527 0.421428
18.3 0.685902 0.417797
18.35 0.674396 0.41422
18.4 0.663008 0.410695
18.45 0.651739 0.407223
18.5 0.640588 0.403804
18.55 0.629556 0.400438
18.6 0.618643 0.397123
18.65 0.607848 0.393861
18.7 0.597172 0.390652
18.75 0.586615 0.387493
18.8 0.576176 0.384387
18.85 0.565855 0.381332
18.9 0.555653 0.378328
18.95 0.545569 0.375375
19 0.535602 0.372472
19.05 0.525753 0.36962
19.1 0.516022 0.366818
19.15 0.506408 0.364066
19.2 0.496911 0.361363
19.25 0.48753 0.35871
19.3 0.478266 0.356105
19.35 0.469118 0.353549
19.4 0.460086 0.351042
19.45 0.451169 0.348582
19.5 0.442366 0.34617
19.55 0.433679 0.343805
19.6 0.425105 0.341487
19.65 0.416645 0.339215
19.7 0.408299 0.336989
19.75 0.400065 0.33481
19.8 0.391943 0.332675
19.85 0.383933 0.330586
19.9 0.376034 0.32854
19.95 0.368246 0.326539
20 0.360568 0.324582
20.05 0.352999 0.322668
20.1 0.345539 0.320797
20.15 0.338188 0.318968
20.2 0.330944 0.317181
20.25 0.323807 0.315435
20.3 0.316777 0.31373
20.35 0.309852 0.312066
20.4 0.303032 0.310442
20.45 0.296317 0.308857
20.5 0.289705 0.307312
20.55 0.283196 0.305805
20.6 0.27679 0.304336
20.65 0.270484 0.302904
20.7 0.26428 0.30151
20.75 0.258175 0.300152
20.8 0.252169 0.29883
20.85 0.246262 0.297544
20.9 0.240452 0.296292
20.95 0.234738 0.295075
21 0.229121 0.293892
21.05 0.223599 0.292743
21.1 0.218171 0.291626
21.15 0.212836 0.290541
21.2 0.207593 0.289488
21.25 0.202443 0.288467
21.3 0.197383 0.287476
21.35 0.192413 0.286515
21.4 0.187531 0.285584
21.45 0.182738 0.284681
21.5 0.178032 0.283807
21.55 0.173413 0.282961
21.6 0.168879 0.282142
21.65 0.164429 0.28135
21.7 0.160062 0.280584
21.75 0.155778 0.279844
21.8 0.151576 0.279129
21.85 0.147455 0.278438
21.9 0.143413 0.277771
21.95 0.13945 0.277127
22 0.135565 0.276507
22.05 0.131757 0.275908
22.1 0.128025 0.275331
22.15 0.124368 0.274775
22.2 0.120785 0.274239
22.25 0.117275 0.273724
22.3 0.113837 0.273227
22.35 0.110471 0.27275
22.4 0.107174 0.272291
22.45 0.103947 0.271849
22.5 0.100788 0.271425
22.55 0.0976965 0.271017
22.6 0.0946713 0.270624
22.65 0.0917116 0.270248
22.7 0.0888162 0.269886
22.75 0.0859844 0.269539
22.8 0.0832151 0.269205
22.85 0.0805074 0.268884
22.9 0.0778604 0.268577
22.95 0.075273 0.268281
23 0.0727443 0.267997
23.05 0.0702734 0.267724
23.1 0.0678594 0.267461
23.15 0.0655013 0.267209
23.2 0.0631982 0.266966
23.25 0.0609491 0.266732
23.3 0.0587532 0.266506
23.35 0.0566095 0.266288
23.4 0.054517 0.266078
23.45 0.0524749 0.265874
23.5 0.0504824 0.265677
23.55 0.0485383 0.265486
23.6 0.046642 0.2653
23.65 0.0447924 0.265119
23.7 0.0429888 0.264943
23.75 0.0412302 0.26477
23.8 0.0395157 0.264601
23.85 0.0378445 0.264435
23.9 0.0362158 0.264272
23.95 0.0346287 0.26411
24 0.0330822 0.263951
24.05 0.0315757 0.263792
24.1 0.0301083 0.263634
24.15 0.0286791 0.263477
24.2 0.0272874 0.263319
24.25 0.0259323 0.263161
24.3 0.024613 0.263002
24.35 0.0233288 0.262841
24.4 0.0220788 0.262679
24.45 0.0208623 0.262515
24.5 0.0196786 0.262348
24.55 0.0185268 0.262178
24.6 0.0174062 0.262004
24.65 0.0163162 0.261827
24.7 0.0152558 0.261646
24.75 0.0142245 0.261461
24.8 0.0132216 0.26127
24.85 0.0122462 0.261075
24.9 0.0112978 0.260874
24.95 0.0103757 0.260667
25 0.00947906 0.260454
25.05 0.00860737 0.260234
25.1 0.00775993 0.260008
25.15 0.00693611 0.259774
25.2 0.00613526 0.259534
25.25 0.00535676 0.259285
25.3 0.00459999 0.259029
25.35 0.00386436 0.258764
25.4 0.00314926 0.25849
25.45 0.00245411 0.258208
25.5 0.00177834 0.257917
25.55 0.00112137 0.257617
25.6 0.000482669 0.257307
25.65 -0.000138324 0.256987
25.7 -0.00074214 0.256657
25.75 -0.0013293 0.256317
25.8 -0.00190033 0.255966
25.85 -0.00245571 0.255605
25.9 -0.00299596 0.255232
25.95 -0.00352154 0.254849
26 -0.00403294 0.254455
26.05 -0.00453062 0.254049
26.1 -0.00501503 0.253631
26.15 -0.00548662 0.253202
26.2 -0.00594581 0.252761
26.25 -0.00639303 0.252307
26.3 -0.0068287 0.251842
26.35 -0.00725321 0.251364
26.4 -0.00766695 0.250874
26.45 -0.00807032 0.250371
26.5 -0.00846369 0.249855
26.55 -0.00884741 0.249326
26.6 -0.00922185 0.248785
26.65 -0.00958734 0.24823
26.7 -0.00994422 0.247663
26.75 -0.0102928 0.247082
26.8 -0.0106334 0.246488
26.85 -0.0109664 0.24588
26.9 -0.011292 0.24526
26.95 -0.0116105 0.244625
27 -0.0119223 0.243978
27.05 -0.0122274 0.243316
27.1 -0.0125264 0.242641
27.15 -0.0128193 0.241953
27.2 -0.0131064 0.241251
27.25 -0.013388 0.240535
27.3 -0.0136642 0.239806
27.35 -0.0139354 0.239063
27.4 -0.0142016 0.238306
27.45 -0.0144632 0.237536
27.5 -0.0147203 0.236752
27.55 -0.014973 0.235955
27.6 -0.0152216 0.235144
27.65 -0.0154663 0.23432
27.7 -0.0157071 0.233482
27.75 -0.0159442 0.23263
27.8 -0.0161778 0.231766
27.85 -0.0164081 0.230888
27.9 -0.0166351 0.229996
27.95 -0.016859 0.229092
28 -0.0170798 0.228174
28.05 -0.0172978 0.227244
28.1 -0.0175129 0.2263
28.15 -0.0177253 0.225344
28.2 -0.0179351 0.224375
28.25 -0.0181424 0.223393
28.3 -0.0183472 0.222399
28.35 -0.0185497 0.221392
28.4 -0.0187497 0.220373
28.45 -0.0189476 0.219342
28.5 -0.0191432 0.218299
28.55 -0.0193366 0.217244
28.6 -0.0195279 0.216177
28.65 -0.0197171 0.215098
28.7 -0.0199043 0.214008
28.75 -0.0200894 0.212906
28.8 -0.0202724 0.211793
28.85 -0.0204535 0.210669
28.9 -0.0206326 0.209534
28.95 -0.0208097 0.208389
29 -0.0209848 0.207233
29.05 -0.0211579 0.206066
29.1 -0.0213291 0.204889
29.15 -0.0214982 0.203702
29.2 -0.0216653 0.202505
29.25 -0.0218304 0.201299
29.3 -0.0219934 0.200083
29.35 -0.0221543 0.198857
29.4 -0.0223132 0.197623
29.45 -0.0224698 0.196379
29.5 -0.0226243 0.195127
29.55 -0.0227766 0.193866
29.6 -0.0229267 0.192597
29.65 -0.0230744 0.191319
29.7 -0.0232198 0.190034
29.75 -0.0233628 0.188741
29.8 -0.0235033 0.18744
29.85 -0.0236414 0.186132
29.9 -0.0237769 0.184817
29.95 -0.0239099 0.183496
30 -0.0240401 0.182167
30.05 -0.0241677 0.180832
30.1 -0.0242924 0.179491
30.15 -0.0244144 0.178143
30.2 -0.0245334 0.17679
30.25 -0.0246495 0.175431
30.3 -0.0247625 0.174067
30.35 -0.0248724 0.172698
30.4 -0.0249792 0.171324
30.45 -0.0250827 0.169946
30.5 -0.0251829 0.168563
30.55 -0.0252798 0.167175
30.6 -0.0253732 0.165784
30.65 -0.0254631 0.164389
30.7 -0.0255494 0.162991
30.75 -0.0256321 0.161589
30.8 -0.025711 0.160184
30.85 -0.0257862 0.158777
30.9 -0.0258575 0.157367
30.95 -0.0259249 0.155954
31 -0.0259884 0.15454
31.05 -0.0260477 0.153123
31.1 -0.026103 0.151705
31.15 -0.026154 0.150285
31.2 -0.0262008 0.148865
31.25 -0.0262433 0.147443
31.3 -0.0262814 0.146021
31.35 -0.026315 0.144598
31.4 -0.0263442 0.143175
31.45 -0.0263688 0.141751
31.5 -0.0263887 0.140328
31.55 -0.026404 0.138906
31.6 -0.0264146 0.137484
31.65 -0.0264204 0.136063
31.7 -0.0264213 0.134643
31.75 -0.0264174 0.133224
31.8 -0.0264085 0.131807
31.85 -0.0263946 0.130391
31.9 -0.0263757 0.128978
31.95 -0.0263517 0.127566
32 -0.0263226 0.126158
32.05 -0.0262884 0.124751
32.1 -0.026249 0.123348
32.15 -0.0262043 0.121947
32.2 -0.0261544 0.12055
32.25 -0.0260992 0.119156
32.3 -0.0260387 0.117765
32.35 -0.0259728 0.116379
32.4 -0.0259016 0.114996
32.45 -0.0258249 0.113618
32.5 -0.0257429 0.112244
32.55 -0.0256554 0.110875
32.6 -0.0255625 0.10951
32.65 -0.0254642 0.108151
32.7 -0.0253604 0.106796
32.75 -0.0252511 0.105447
32.8 -0.0251363 0.104104
32.85 -0.0250161 0.102766
32.9 -0.0248903 0.101434
32.95 -0.0247591 0.100108
33 -0.0246225 0.0987882
33.05 -0.0244803 0.0974748
33.1 -0.0243327 0.096168
33.15 -0.0241797 0.0948678
33.2 -0.0240212 0.0935745
33.25 -0.0238574 0.0922881
33.3 -0.0236881 0.091009
33.35 -0.0235135 0.0897371
33.4 -0.0233336 0.0884727
33.45 -0.0231483 0.0872159
33.5 -0.0229578 0.0859668
33.55 -0.022762 0.0847256
33.6 -0.022561 0.0834924
33.65 -0.0223548 0.0822673
33.7 -0.0221435 0.0810505
33.75 -0.0219272 0.0798421
33.8 -0.0217057 0.0786421
33.85 -0.0214793 0.0774509
33.9 -0.0212479 0.0762683
33.95 -0.0210117 0.0750946
34 -0.0207706 0.0739299
34.05 -0.0205247 0.0727742
34.1 -0.0202741 0.0716278
34.15 -0.0200188 0.0704906
34.2 -0.019759 0.0693627
34.25 -0.0194946 0.0682444
34.3 -0.0192257 0.0671355
34.35 -0.0189525 0.0660364
34.4 -0.0186749 0.0649469
34.45 -0.0183931 0.0638673
34.5 -0.0181071 0.0627975
34.55 -0.0178171 0.0617378
34.6 -0.017523 0.060688
34.65 -0.017225 0.0596483
34.7 -0.0169231 0.0586188
34.75 -0.0166175 0.0575996
34.8 -0.0163083 0.0565906
34.85 -0.0159954 0.0555919
34.9 -0.0156791 0.0546037
34.95 -0.0153593 0.0536259
35 -0.0150363 0.0526585
35.05 -0.01471 0.0517018
35.1 -0.0143807 0.0507555
35.15 -0.0140483 0.0498199
35.2 -0.013713 0.0488949
35.25 -0.0133749 0.0479806
35.3 -0.0130341 0.047077
35.35 -0.0126906 0.0461842
35.4 -0.0123447 0.045302
35.45 -0.0119964 0.0444307
35.5 -0.0116458 0.0435701
35.55 -0.011293 0.0427203
35.6 -0.0109381 0.0418813
35.65 -0.0105813 0.0410532
35.7 -0.0102226 0.0402358
35.75 -0.00986211 0.0394293
35.8 -0.00950003 0.0386336
35.85 -0.00913642 0.0378487
35.9 -0.00877141 0.0370746
35.95 -0.00840509 0.0363113
36 -0.0080376 0.0355588
36.05 -0.00766903 0.0348171
36.1 -0.00729951 0.0340861
36.15 -0.00692914 0.0333659
36.2 -0.00655805 0.0326563
36.25 -0.00618634 0.0319575
36.3 -0.00581414 0.0312693
36.35 -0.00544155 0.0305918
36.4 -0.0050687 0.0299249
36.45 -0.00469569 0.0292685
36.5 -0.00432264 0.0286226
36.55 -0.00394967 0.0279873
36.6 -0.00357689 0.0273624
36.65 -0.00320442 0.0267479
36.7 -0.00283236 0.0261438
36.75 -0.00246083 0.0255499
36.8 -0.00208994 0.0249664
36.85 -0.00171981 0.024393
36.9 -0.00135055 0.0238298
36.95 -0.000982263 0.0232767
37 -0.000615066 0.0227337
37.05 -0.000249066 0.0222006
37.1 0.000115627 0.0216775
37.15 0.000478905 0.0211642
37.2 0.000840662 0.0206607
37.25 0.00120079 0.020167
37.3 0.00155919 0.0196829
37.35 0.00191575 0.0192084
37.4 0.00227037 0.0187434
37.45 0.00262294 0.0182878
37.5 0.00297337 0.0178416
37.55 0.00332157 0.0174047
37.6 0.00366741 0.0169771
37.65 0.00401083 0.0165585
37.7 0.0043517 0.016149
37.75 0.00468995 0.0157485
37.8 0.00502548 0.0153569
37.85 0.00535819 0.014974
37.9 0.005688 0.0145999
37.95 0.00601482 0.0142344
38 0.00633856 0.0138775
38.05 0.00665913 0.013529
38.1 0.00697646 0.0131889
38.15 0.00729046 0.0128571
38.2 0.00760104 0.0125334
38.25 0.00790814 0.0122179
38.3 0.00821167 0.0119103
38.35 0.00851155 0.0116106
38.4 0.00880772 0.0113187
38.45 0.00910011 0.0110346
38.5 0.00938864 0.010758
38.55 0.00967324 0.010489
38.6 0.00995385 0.0102274
38.65 0.0102304 0.0099731
38.7 0.0105028 0.00972602
38.75 0.0107711 0.00948607
38.8 0.0110351 0.00925314
38.85 0.0112949 0.00902713
38.9 0.0115503 0.00880795
38.95 0.0118013 0.00859548
39 0.0120478 0.00838962
39.05 0.0122898 0.00819029
39.1 0.0125274 0.00799737
39.15 0.0127603 0.00781076
39.2 0.0129886 0.00763036
39.25 0.0132122 0.00745607
39.3 0.0134311 0.00728779
39.35 0.0136453 0.00712541
39.4 0.0138547 0.00696883
39.45 0.0140593 0.00681795
39.5 0.014259 0.00667267
39.55 0.0144539 0.00653288
39.6 0.0146439 0.00639848
39.65 0.014829 0.00626938
39.7 0.0150092 0.00614547
39.75 0.0151844 0.00602664
39.8 0.0153547 0.0059128
39.85 0.0155199 0.00580385
39.9 0.0156802 0.00569968
39.95 0.0158355 0.0056002
40 0.0159858 0.00550531
40.05 0.016131 0.0054149
40.1 0.0162712 0.00532888
40.15 0.0164064 0.00524715
40.2 0.0165366 0.00516961
40.25 0.0166617 0.00509616
40.3 0.0167819 0.00502671
40.35 0.016897 0.00496117
40.4 0.0170071 0.00489943
40.45 0.0171122 0.0048414
40.5 0.0172123 0.00478698
40.55 0.0173075 0.00473609
40.6 0.0173977 0.00468863
40.65 0.017483 0.0046445
40.7 0.0175634 0.00460363
40.75 0.0176388 0.0045659
40.8 0.0177094 0.00453124
40.85 0.0177752 0.00449956
40.9 0.0178361 0.00447076
40.95 0.0178922 0.00444476
41 0.0179436 0.00442148
41.05 0.0179902 0.00440082
41.1 0.0180322 0.00438271
41.15 0.0180694 0.00436705
41.2 0.0181021 0.00435377
41.25 0.0181302 0.00434279
41.3 0.0181537 0.00433401
41.35 0.0181727 0.00432737
41.4 0.0181872 0.00432278
41.45 0.0181974 0.00432016
41.5 0.0182031 0.00431944
41.55 0.0182045 0.00432054
41.6 0.0182017 0.00432338
41.65 0.0181946 0.0043279
41.7 0.0181834 0.00433402
41.75 0.018168 0.00434166
41.8 0.0181485 0.00435075
41.85 0.018125 0.00436123
41.9 0.0180976 0.00437303
41.95 0.0180663 0.00438608
42 0.0180311 0.0044003
42.05 0.0179921 0.00441565
42.1 0.0179494 0.00443204
42.15 0.017903 0.00444943
42.2 0.0178531 0.00446774
42.25 0.0177995 0.00448692
42.3 0.0177425 0.0045069
42.35 0.0176821 0.00452763
42.4 0.0176184 0.00454904
42.45 0.0175513 0.00457109
42.5 0.0174811 0.00459372
42.55 0.0174077 0.00461686
42.6 0.0173312 0.00464048
42.65 0.0172517 0.00466452
42.7 0.0171692 0.00468892
42.75 0.0170839 0.00471363
42.8 0.0169957 0.00473862
42.85 0.0169049 0.00476382
42.9 0.0168113 0.0047892
42.95 0.0167152 0.00481471
43 0.0166166 0.00484031
43.05 0.0165155 0.00486594
43.1 0.016412 0.00489158
43.15 0.0163062 0.00491717
43.2 0.0161982 0.00494269
43.25 0.0160881 0.00496808
43.3 0.0159758 0.00499332
43.35 0.0158615 0.00501837
43.4 0.0157453 0.00504318
43.45 0.0156272 0.00506774
43.5 0.0155074 0.005092
43.55 0.0153858 0.00511593
43.6 0.0152625 0.00513951
43.65 0.0151377 0.00516269
43.7 0.0150113 0.00518546
43.75 0.0148835 0.00520778
43.8 0.0147544 0.00522964
43.85 0.0146239 0.00525099
43.9 0.0144923 0.00527182
43.95 0.0143595 0.00529211
44 0.0142256 0.00531182
44.05 0.0140907 0.00533095
44.1 0.0139548 0.00534946
44.15 0.0138181 0.00536734
44.2 0.0136806 0.00538457
44.25 0.0135423 0.00540113
44.3 0.0134034 0.005417
44.35 0.0132638 0.00543217
44.4 0.0131238 0.00544663
44.45 0.0129832 0.00546035
44.5 0.0128422 0.00547333
44.55 0.0127009 0.00548554
44.6 0.0125594 0.00549699
44.65 0.0124176 0.00550765
44.7 0.0122756 0.00551753
44.75 0.0121336 0.0055266
44.8 0.0119915 0.00553486
44.85 0.0118494 0.00554231
44.9 0.0117074 0.00554893
44.95 0.0115656 0.00555472
45 0.011424 0.00555967
45.05 0.0112826 0.00556378
45.1 0.0111415 0.00556705
45.15 0.0110008 0.00556947
45.2 0.0108605 0.00557103
45.25 0.0107207 0.00557174
45.3 0.0105813 0.0055716
45.35 0.0104426 0.0055706
45.4 0.0103044 0.00556875
45.45 0.010167 0.00556604
45.5 0.0100302 0.00556248
45.55 0.00989418 0.00555806
45.6 0.00975897 0.00555279
45.65 0.0096246 0.00554668
45.7 0.00949111 0.00553972
45.75 0.00935856 0.00553192
45.8 0.00922696 0.00552329
45.85 0.00909637 0.00551383
45.9 0.00896683 0.00550354
45.95 0.00883836 0.00549243
46 0.00871101 0.0054805
46.05 0.0085848 0.00546778
46.1 0.00845978 0.00545425
46.15 0.00833597 0.00543993
46.2 0.00821341 0.00542483
46.25 0.00809211 0.00540895
46.3 0.00797212 0.00539231
46.35 0.00785346 0.00537491
46.4 0.00773615 0.00535676
46.45 0.00762022 0.00533787
46.5 0.0075057 0.00531826
46.55 0.0073926 0.00529793
46.6 0.00728095 0.0052769
46.65 0.00717076 0.00525517
46.7 0.00706206 0.00523276
46.75 0.00695486 0.00520967
46.8 0.00684918 0.00518593
46.85 0.00674503 0.00516153
46.9 0.00664243 0.00513651
46.95 0.0065414 0.00511086
47 0.00644194 0.00508459
47.05 0.00634406 0.00505774
47.1 0.00624778 0.00503029
47.15 0.0061531 0.00500228
47.2 0.00606002 0.00497371
47.25 0.00596857 0.00494459
47.3 0.00587873 0.00491495
47.35 0.00579053 0.00488479
47.4 0.00570394 0.00485412
47.45 0.00561899 0.00482297
47.5 0.00553567 0.00479134
47.55 0.00545399 0.00475925
47.6 0.00537393 0.00472671
47.65 0.0052955 0.00469374
47.7 0.00521869 0.00466036
47.75 0.00514351 0.00462657
47.8 0.00506994 0.00459239
47.85 0.00499798 0.00455784
47.9 0.00492762 0.00452292
47.95 0.00485886 0.00448766
48 0.00479168 0.00445207
48.05 0.00472608 0.00441615
48.1 0.00466204 0.00437994
48.15 0.00459957 0.00434344
48.2 0.00453863 0.00430666
48.25 0.00447922 0.00426962
48.3 0.00442133 0.00423233
48.35 0.00436494 0.00419481
48.4 0.00431004 0.00415707
48.45 0.0042566 0.00411913
48.5 0.00420462 0.00408099
48.55 0.00415408 0.00404268
48.6 0.00410495 0.0040042
48.65 0.00405723 0.00396557
48.7 0.00401088 0.0039268
48.75 0.00396589 0.00388791
48.8 0.00392225 0.00384891
48.85 0.00387992 0.00380981
48.9 0.00383888 0.00377062
48.95 0.00379913 0.00373136
49 0.00376062 0.00369204
49.05 0.00372335 0.00365268
49.1 0.00368727 0.00361327
49.15 0.00365238 0.00357384
49.2 0.00361865 0.0035344
49.25 0.00358605 0.00349496
49.3 0.00355455 0.00345553
49.35 0.00352414 0.00341612
49.4 0.00349478 0.00337674
49.45 0.00346645 0.00333741
49.5 0.00343912 0.00329813
49.55 0.00341277 0.00325892
49.6 0.00338736 0.00321979
49.65 0.00336288 0.00318074
49.7 0.00333929 0.00314178
49.75 0.00331656 0.00310293
49.8 0.00329467 0.0030642
49.85 0.0032736 0.00302559
49.9 0.0032533 0.00298712
49.95 0.00323376 0.00294878
50 0.00321495 0.0029106
