-0.498 -6.15126e-05 3.98231e-05
-0.496 -0.000183274 0.000111692
-0.494 -0.00026794 0.000143635
-0.492 -0.000214469 6.33902e-05
-0.49 8.11704e-05 -0.00020101
-0.488 0.000725297 -0.000720655
-0.486 0.00182579 -0.00156518
-0.484 0.00349139 -0.00280219
-0.482 0.00583096 -0.00449674
-0.48 0.00895274 -0.00671075
-0.478 0.0129637 -0.00950251
-0.476 0.0179689 -0.0129262
-0.474 0.0240705 -0.0170314
-0.472 0.0313675 -0.0218625
-0.47 0.0399549 -0.0274587
-0.468 0.0499229 -0.0338532
-0.466 0.0613568 -0.0410729
-0.464 0.0743358 -0.0491382
-0.462 0.088933 -0.0580629
-0.46 0.105215 -0.0678535
-0.458 0.123239 -0.0785094
-0.456 0.143059 -0.0900226
-0.454 0.164716 -0.102377
-0.452 0.188246 -0.115551
-0.45 0.213674 -0.129512
-0.448 0.241018 -0.144222
-0.446 0.270285 -0.159635
-0.444 0.301474 -0.175699
-0.442 0.334573 -0.192351
-0.44 0.369563 -0.209524
-0.438 0.406412 -0.227143
-0.436 0.445081 -0.245127
-0.434 0.485522 -0.263387
-0.432 0.527675 -0.28183
-0.43 0.571472 -0.300357
-0.428 0.616837 -0.318862
-0.426 0.663684 -0.337237
-0.424 0.71192 -0.355368
-0.422 0.761441 -0.373136
-0.42 0.812137 -0.390423
-0.418 0.863893 -0.407103
-0.416 0.916582 -0.423053
-0.414 0.970075 -0.438145
-0.412 1.02423 -0.452251
-0.41 1.07892 -0.465244
-0.408 1.13398 -0.476995
-0.406 1.18927 -0.487379
-0.404 1.24463 -0.49627
-0.402 1.2999 -0.503547
-0.4 1.35493 -0.509089
-0.398 1.40955 -0.512782
-0.396 1.4636 -0.514512
-0.394 1.51692 -0.514174
-0.392 1.56934 -0.511667
-0.39 1.6207 -0.506894
-0.388 1.67084 -0.499769
-0.386 1.71961 -0.490209
-0.384 1.76684 -0.478141
-0.382 1.8124 -0.463499
-0.38 1.85613 -0.446227
-0.378 1.8979 -0.426278
-0.376 1.93756 -0.403613
-0.374 1.97499 -0.378204
-0.372 2.01007 -0.350033
-0.37 2.04269 -0.319093
-0.368 2.07274 -0.285386
-0.366 2.10012 -0.248928
-0.364 2.12475 -0.209742
-0.362 2.14655 -0.167866
-0.36 2.16545 -0.123347
-0.358 2.1814 -0.0762446
-0.356 2.19435 -0.0266282
-0.354 2.20427 0.0254204
-0.352 2.21113 0.0798088
-0.35 2.21493 0.136433
-0.348 2.21566 0.19518
-0.346 2.21334 0.255925
-0.344 2.208 0.318533
-0.342 2.19968 0.382859
-0.34 2.18842 0.448749
-0.338 2.17429 0.516042
-0.336 2.15737 0.584564
-0.334 2.13775 0.654137
-0.332 2.11552 0.724574
-0.33 2.0908 0.79568
-0.328 2.06371 0.867257
-0.326 2.03439 0.939097
-0.324 2.00299 1.01099
-0.322 1.96965 1.08272
-0.32 1.93456 1.15408
-0.318 1.89789 1.22483
-0.316 1.85982 1.29476
-0.314 1.82054 1.36364
-0.312 1.78027 1.43124
-0.31 1.73921 1.49735
-0.308 1.69758 1.56174
-0.306 1.65561 1.62419
-0.304 1.61352 1.68449
-0.302 1.57154 1.74241
-0.3 1.52992 1.79774
-0.298 1.48889 1.8503
-0.296 1.4487 1.89987
-0.294 1.4096 1.94627
-0.292 1.37182 1.98931
-0.29 1.33562 2.02883
-0.288 1.30124 2.06465
-0.286 1.26892 2.09662
-0.284 1.23891 2.12461
-0.282 1.21144 2.14847
-0.28 1.18674 2.16809
-0.278 1.16505 2.18337
-0.276 1.14659 2.1942
-0.274 1.13157 2.20051
-0.272 1.1202 2.20224
-0.27 1.11268 2.19934
-0.268 1.10922 2.19176
-0.266 1.10999 2.1795
-0.264 1.11516 2.16254
-0.262 1.1249 2.1409
-0.26 1.13936 2.11462
-0.258 1.15868 2.08372
-0.256 1.183 2.04828
-0.254 1.21242 2.00837
-0.252 1.24705 1.96409
-0.25 1.28697 1.91554
-0.248 1.33227 1.86286
-0.246 1.38301 1.80618
-0.244 1.43923 1.74565
-0.242 1.50095 1.68146
-0.24 1.56821 1.61379
-0.238 1.64101 1.54284
-0.236 1.71932 1.46881
-0.234 1.80312 1.39195
-0.232 1.89238 1.31248
-0.23 1.98702 1.23066
-0.228 2.08698 1.14675
-0.226 2.19216 1.06102
-0.224 2.30248 0.973749
-0.222 2.41779 0.885223
-0.22 2.53799 0.79574
-0.218 2.66291 0.7056
-0.216 2.7924 0.615109
-0.214 2.92628 0.524579
-0.212 3.06437 0.434322
-0.21 3.20647 0.344654
-0.208 3.35237 0.255892
-0.206 3.50184 0.168351
-0.204 3.65466 0.0823456
-0.202 3.81057 -0.00181118
-0.2 3.96933 -0.0838114
-0.198 4.13066 -0.163352
-0.196 4.2943 -0.240134
-0.194 4.45998 -0.313868
-0.192 4.62739 -0.38427
-0.19 4.79624 -0.451069
-0.188 4.96625 -0.514
-0.186 5.13709 -0.572813
-0.184 5.30847 -0.627266
-0.182 5.48007 -0.677135
-0.18 5.65157 -0.722206
-0.178 5.82266 -0.762283
-0.176 5.99301 -0.797184
-0.174 6.16231 -0.826744
-0.172 6.33024 -0.850815
-0.17 6.49647 -0.869267
-0.168 6.6607 -0.881989
-0.166 6.82261 -0.888888
-0.164 6.98189 -0.88989
-0.162 7.13822 -0.884943
-0.16 7.29132 -0.874013
-0.158 7.44088 -0.857087
-0.156 7.5866 -0.834172
-0.154 7.72822 -0.805296
-0.152 7.86545 -0.770508
-0.15 7.99803 -0.729877
-0.148 8.12569 -0.683492
-0.146 8.24818 -0.631464
-0.144 8.36528 -0.573921
-0.142 8.47673 -0.511013
-0.14 8.58234 -0.442907
-0.138 8.68188 -0.369792
-0.136 8.77517 -0.29187
-0.134 8.86202 -0.209365
-0.132 8.94226 -0.122516
-0.13 9.01573 -0.0315768
-0.128 9.08228 0.0631824
-0.126 9.14179 0.161478
-0.124 9.19413 0.263012
-0.122 9.23919 0.367475
-0.12 9.2769 0.474547
-0.118 9.30716 0.583897
-0.116 9.32991 0.695186
-0.114 9.34511 0.808065
-0.112 9.35271 0.92218
-0.11 9.3527 1.03717
-0.108 9.34505 1.15268
-0.106 9.32978 1.26833
-0.104 9.3069 1.38376
-0.102 9.27644 1.4986
-0.1 9.23843 1.61248
-0.098 9.19294 1.72504
-0.096 9.14002 1.83592
-0.094 9.07975 1.94475
-0.092 9.01222 2.05119
-0.09 8.93752 2.15489
-0.088 8.85576 2.25552
-0.086 8.76705 2.35275
-0.084 8.67152 2.44626
-0.082 8.5693 2.53576
-0.08 8.46053 2.62096
-0.078 8.34536 2.70157
-0.076 8.22393 2.77734
-0.074 8.09642 2.84802
-0.072 7.96298 2.91338
-0.07 7.82377 2.97321
-0.068 7.67899 3.02732
-0.066 7.52879 3.07553
-0.064 7.37335 3.11769
-0.062 7.21287 3.15367
-0.06 7.04751 3.18334
-0.058 6.87747 3.20662
-0.056 6.70292 3.22343
-0.054 6.52404 3.23372
-0.052 6.34103 3.23746
-0.05 6.15406 3.23464
-0.048 5.96331 3.22528
-0.046 5.76895 3.2094
-0.044 5.57117 3.18707
-0.042 5.37013 3.15837
-0.04 5.166 3.12338
-0.038 4.95896 3.08222
-0.036 4.74915 3.03504
-0.034 4.53675 2.982
-0.032 4.3219 2.92325
-0.03 4.10476 2.85901
-0.028 3.88547 2.78947
-0.026 3.66418 2.71488
-0.024 3.44102 2.63546
-0.022 3.21613 2.55149
-0.02 2.98965 2.46322
-0.018 2.76169 2.37096
-0.016 2.53239 2.27499
-0.014 2.30187 2.17563
-0.012 2.07024 2.0732
-0.01 1.83763 1.96801
-0.008 1.60414 1.86042
-0.006 1.36989 1.75076
-0.004 1.13498 1.63937
-0.002 0.89954 1.52662
0 0.663666 1.41285
0.002 0.427459 1.29846
0.004 0.191038 1.18377
0.006 -0.0454845 1.06914
0.008 -0.281999 0.954936
0.01 -0.518391 0.841505
0.012 -0.754545 0.729202
0.014 -0.990343 0.618374
0.016 -1.22566 0.509361
0.018 -1.46038 0.4025
0.02 -1.69437 0.298116
0.022 -1.9275 0.196526
0.024 -2.15964 0.0980366
0.026 -2.39064 0.00294439
0.028 -2.62036 -0.0884678
0.03 -2.84865 -0.17593
0.032 -3.07536 -0.259187
0.034 -3.30032 -0.337997
0.036 -3.52339 -0.412135
0.038 -3.74439 -0.481395
0.04 -3.96315 -0.545584
0.042 -4.17949 -0.604531
0.044 -4.39324 -0.658081
0.046 -4.60422 -0.7061
0.048 -4.81222 -0.748473
0.05 -5.01707 -0.785103
0.052 -5.21858 -0.815918
0.054 -5.41654 -0.840861
0.056 -5.61075 -0.859902
0.058 -5.80103 -0.873026
0.06 -5.98717 -0.880242
0.062 -6.16896 -0.881581
0.064 -6.34622 -0.877091
0.066 -6.51873 -0.866845
0.068 -6.6863 -0.850932
0.07 -6.84873 -0.829464
0.072 -7.00583 -0.802571
0.074 -7.1574 -0.770403
0.076 -7.30327 -0.733128
0.078 -7.44323 -0.690931
0.08 -7.57712 -0.644016
0.082 -7.70477 -0.592601
0.084 -7.826 -0.536922
0.086 -7.94065 -0.477228
0.088 -8.04858 -0.413782
0.09 -8.14964 -0.346861
0.092 -8.2437 -0.276752
0.094 -8.33062 -0.203754
0.096 -8.4103 -0.128174
0.098 -8.48263 -0.0503295
0.1 -8.54751 0.0294559
0.102 -8.60487 0.110852
0.104 -8.65462 0.193525
0.106 -8.69671 0.277136
0.108 -8.7311 0.361343
0.11 -8.75775 0.445806
0.112 -8.77665 0.530182
0.114 -8.78778 0.614131
0.116 -8.79115 0.697313
0.118 -8.78678 0.779397
0.12 -8.77471 0.860051
0.122 -8.75499 0.938952
0.124 -8.72769 1.01579
0.126 -8.69287 1.09024
0.128 -8.65063 1.16203
0.13 -8.60108 1.23085
0.132 -8.54434 1.29644
0.134 -8.48055 1.35852
0.136 -8.40984 1.41686
0.138 -8.33238 1.47121
0.14 -8.24834 1.52136
0.142 -8.15792 1.56709
0.144 -8.06131 1.60823
0.146 -7.95871 1.6446
0.148 -7.85036 1.67604
0.15 -7.73648 1.70242
0.152 -7.61733 1.72364
0.154 -7.49315 1.73957
0.156 -7.3642 1.75016
0.158 -7.23077 1.75534
0.16 -7.09312 1.75506
0.162 -6.95155 1.74932
0.164 -6.80636 1.7381
0.166 -6.65783 1.72144
0.168 -6.50629 1.69936
0.17 -6.35203 1.67192
0.172 -6.19538 1.6392
0.174 -6.03665 1.60129
0.176 -5.87616 1.55831
0.178 -5.71423 1.51038
0.18 -5.5512 1.45765
0.182 -5.38737 1.40029
0.184 -5.22307 1.33846
0.186 -5.05862 1.27237
0.188 -4.89434 1.20221
0.19 -4.73055 1.12822
0.192 -4.56755 1.05062
0.194 -4.40565 0.969653
0.196 -4.24515 0.885576
0.198 -4.08635 0.798652
0.2 -3.92953 0.709153
0.202 -3.77497 0.617359
0.204 -3.62295 0.523555
0.206 -3.47373 0.428032
0.208 -3.32755 0.331085
0.21 -3.18468 0.233014
0.212 -3.04532 0.134118
0.214 -2.90972 0.0346989
0.216 -2.77806 -0.0649413
0.218 -2.65056 -0.164503
0.22 -2.5274 -0.263687
0.222 -2.40873 -0.3622
0.224 -2.29473 -0.459752
0.226 -2.18554 -0.556056
0.228 -2.08128 -0.650833
0.23 -1.98206 -0.743814
0.232 -1.88799 -0.834732
0.234 -1.79915 -0.923335
0.236 -1.7156 -1.00938
0.238 -1.63741 -1.09262
0.24 -1.56461 -1.17285
0.242 -1.49722 -1.24984
0.244 -1.43525 -1.32341
0.246 -1.3787 -1.39336
0.248 -1.32753 -1.45953
0.25 -1.28173 -1.52175
0.252 -1.24122 -1.57989
0.254 -1.20595 -1.6338
0.256 -1.17583 -1.68339
0.258 -1.15078 -1.72855
0.26 -1.13068 -1.7692
0.262 -1.11541 -1.80527
0.264 -1.10484 -1.83672
0.266 -1.09883 -1.8635
0.268 -1.09722 -1.88559
0.27 -1.09984 -1.903
0.272 -1.10652 -1.91573
0.274 -1.11707 -1.92382
0.276 -1.13129 -1.92729
0.278 -1.14898 -1.9262
0.28 -1.16992 -1.92064
0.282 -1.1939 -1.91067
0.284 -1.2207 -1.89639
0.286 -1.25009 -1.87792
0.288 -1.28182 -1.85538
0.29 -1.31567 -1.82889
0.292 -1.35139 -1.79861
0.294 -1.38874 -1.76468
0.296 -1.42748 -1.72728
0.298 -1.46736 -1.68656
0.3 -1.50814 -1.64273
0.302 -1.54957 -1.59595
0.304 -1.59142 -1.54643
0.306 -1.63345 -1.49436
0.308 -1.67543 -1.43996
0.31 -1.71712 -1.38344
0.312 -1.75831 -1.32499
0.314 -1.79876 -1.26485
0.316 -1.83828 -1.20323
0.318 -1.87666 -1.14035
0.32 -1.91369 -1.07642
0.322 -1.9492 -1.01167
0.324 -1.983 -0.946305
0.326 -2.01492 -0.880548
0.328 -2.0448 -0.814609
0.33 -2.0725 -0.748695
0.332 -2.09787 -0.683009
0.334 -2.12079 -0.617751
0.336 -2.14115 -0.553113
0.338 -2.15883 -0.489281
0.34 -2.17375 -0.426435
0.342 -2.18582 -0.364748
0.344 -2.19498 -0.304384
0.346 -2.20118 -0.245499
0.348 -2.20437 -0.188239
0.35 -2.20452 -0.132742
0.352 -2.20162 -0.0791371
0.354 -2.19566 -0.0275412
0.356 -2.18664 0.0219375
0.358 -2.17459 0.0692015
0.36 -2.15954 0.114164
0.362 -2.14152 0.15675
0.364 -2.1206 0.196893
0.366 -2.09683 0.23454
0.368 -2.0703 0.269648
0.37 -2.04107 0.302184
0.372 -2.00926 0.332126
0.374 -1.97496 0.359465
0.376 -1.93828 0.3842
0.378 -1.89934 0.406341
0.38 -1.85826 0.425909
0.382 -1.81519 0.442933
0.384 -1.77026 0.457452
0.386 -1.72361 0.469515
0.388 -1.67539 0.47918
0.39 -1.62576 0.48651
0.392 -1.57488 0.491581
0.394 -1.52289 0.494471
0.396 -1.46997 0.495268
0.398 -1.41627 0.494065
0.4 -1.36196 0.490961
0.402 -1.30721 0.48606
0.404 -1.25216 0.47947
0.406 -1.19699 0.471304
0.408 -1.14186 0.461677
0.41 -1.08691 0.450707
0.412 -1.0323 0.438514
0.414 -0.978183 0.42522
0.416 -0.924695 0.410947
0.418 -0.871977 0.395816
0.42 -0.82016 0.37995
0.422 -0.769371 0.363469
0.424 -0.719729 0.346492
0.426 -0.671345 0.329135
0.428 -0.624324 0.311512
0.43 -0.578762 0.293734
0.432 -0.534746 0.275905
0.434 -0.492355 0.25813
0.436 -0.45166 0.240504
0.438 -0.41272 0.223119
0.44 -0.375587 0.206063
0.442 -0.340304 0.189414
0.444 -0.306902 0.173248
0.446 -0.275405 0.157632
0.448 -0.245825 0.142625
0.45 -0.218166 0.128283
0.452 -0.192423 0.11465
0.454 -0.16858 0.101767
0.456 -0.146613 0.0896657
0.458 -0.126489 0.0783697
0.46 -0.108167 0.0678964
0.462 -0.0915974 0.0582555
0.464 -0.0767224 0.0494498
0.466 -0.0634774 0.0414745
0.468 -0.0517905 0.0343184
0.47 -0.0415835 0.0279634
0.472 -0.0327722 0.0223849
0.474 -0.0252671 0.0175525
0.476 -0.0189739 0.0134297
0.478 -0.0137942 0.00997487
0.48 -0.00962605 0.0071411
0.482 -0.00636453 0.00487703
0.484 -0.00390271 0.00312713
0.486 -0.00213211 0.00183217
0.488 -0.00094349 0.000929792
0.49 -0.000227564 0.000354953
0.492 0.000124296 4.04965e-05
0.494 0.000219327 -8.23078e-05
0.496 0.000162664 -8.32098e-05
0.498 5.66232e-05 -3.24118e-05
0.05 0.281882 0.763532
0.1 0.281875 0.763493
0.15 0.281863 0.763427
0.2 0.281847 0.763335
0.25 0.281826 0.763216
0.3 0.2818 0.763072
0.35 0.28177 0.762901
0.4 0.281734 0.762703
0.45 0.281695 0.76248
0.5 0.28165 0.76223
0.55 0.281601 0.761954
0.6 0.281547 0.761652
0.65 0.281488 0.761324
0.7 0.281425 0.760969
0.75 0.281357 0.760589
0.8 0.281285 0.760182
0.85 0.281207 0.75975
0.9 0.281125 0.759291
0.95 0.281039 0.758807
1 0.280947 0.758296
1.05 0.280851 0.75776
1.1 0.280751 0.757198
1.15 0.280646 0.756611
1.2 0.280536 0.755997
1.25 0.280421 0.755358
1.3 0.280302 0.754694
1.35 0.280178 0.754004
1.4 0.28005 0.753288
1.45 0.279917 0.752548
1.5 0.279779 0.751782
1.55 0.279637 0.75099
1.6 0.27949 0.750174
1.65 0.279338 0.749332
1.7 0.279182 0.748466
1.75 0.279022 0.747575
1.8 0.278856 0.746659
1.85 0.278686 0.745718
1.9 0.278512 0.744752
1.95 0.278333 0.743762
2 0.278149 0.742748
2.05 0.277961 0.741709
2.1 0.277768 0.740646
2.15 0.277571 0.739558
2.2 0.277369 0.738447
2.25 0.277163 0.737312
2.3 0.276952 0.736153
2.35 0.276737 0.73497
2.4 0.276517 0.733764
2.45 0.276293 0.732534
2.5 0.276064 0.73128
2.55 0.275831 0.730004
2.6 0.275593 0.728704
2.65 0.275351 0.727381
2.7 0.275104 0.726035
2.75 0.274853 0.724667
2.8 0.274598 0.723276
2.85 0.274338 0.721862
2.9 0.274073 0.720426
2.95 0.273804 0.718968
3 0.273531 0.717487
3.05 0.273254 0.715985
3.1 0.272972 0.714461
3.15 0.272686 0.712915
3.2 0.272395 0.711348
3.25 0.2721 0.709759
3.3 0.271801 0.708149
3.35 0.271497 0.706518
3.4 0.271189 0.704866
3.45 0.270877 0.703193
3.5 0.270561 0.701499
3.55 0.27024 0.699785
3.6 0.269915 0.698051
3.65 0.269586 0.696296
3.7 0.269253 0.694522
3.75 0.268915 0.692728
3.8 0.268574 0.690914
3.85 0.268228 0.68908
3.9 0.267878 0.687228
3.95 0.267523 0.685356
4 0.267165 0.683465
4.05 0.266802 0.681555
4.1 0.266436 0.679627
4.15 0.266065 0.67768
4.2 0.265691 0.675715
4.25 0.265312 0.673732
4.3 0.264929 0.671731
4.35 0.264542 0.669713
4.4 0.264151 0.667677
4.45 0.263756 0.665623
4.5 0.263358 0.663553
4.55 0.262955 0.661465
4.6 0.262548 0.659361
4.65 0.262138 0.65724
4.7 0.261723 0.655103
4.75 0.261305 0.652949
4.8 0.260883 0.65078
4.85 0.260457 0.648595
4.9 0.260027 0.646394
4.95 0.259593 0.644178
5 0.259156 0.641946
5.05 0.258715 0.6397
5.1 0.25827 0.637439
5.15 0.257821 0.635163
5.2 0.257369 0.632873
5.25 0.256913 0.630569
5.3 0.256453 0.628251
5.35 0.25599 0.625919
5.4 0.255523 0.623574
5.45 0.255052 0.621215
5.5 0.254578 0.618844
5.55 0.254101 0.616459
5.6 0.25362 0.614062
5.65 0.253135 0.611652
5.7 0.252647 0.60923
5.75 0.252155 0.606796
5.8 0.25166 0.604351
5.85 0.251162 0.601893
5.9 0.25066 0.599425
5.95 0.250155 0.596945
6 0.249647 0.594454
6.05 0.249135 0.591953
6.1 0.24862 0.589441
6.15 0.248102 0.586919
6.2 0.24758 0.584387
6.25 0.247055 0.581845
6.3 0.246527 0.579293
6.35 0.245996 0.576733
6.4 0.245462 0.574163
6.45 0.244925 0.571584
6.5 0.244384 0.568996
6.55 0.243841 0.5664
6.6 0.243294 0.563796
6.65 0.242745 0.561184
6.7 0.242193 0.558564
6.75 0.241637 0.555937
6.8 0.241079 0.553302
6.85 0.240518 0.55066
6.9 0.239954 0.548011
6.95 0.239387 0.545356
7 0.238817 0.542694
7.05 0.238245 0.540027
7.1 0.23767 0.537353
7.15 0.237092 0.534673
7.2 0.236511 0.531988
7.25 0.235928 0.529298
7.3 0.235342 0.526603
7.35 0.234754 0.523903
7.4 0.234163 0.521198
7.45 0.233569 0.518489
7.5 0.232973 0.515776
7.55 0.232375 0.51306
7.6 0.231774 0.510339
7.65 0.23117 0.507615
7.7 0.230564 0.504888
7.75 0.229956 0.502158
7.8 0.229346 0.499425
7.85 0.228733 0.49669
7.9 0.228118 0.493952
7.95 0.227501 0.491213
8 0.226882 0.488471
8.05 0.22626 0.485728
8.1 0.225636 0.482983
8.15 0.22501 0.480238
8.2 0.224383 0.477491
8.25 0.223753 0.474744
8.3 0.223121 0.471996
8.35 0.222487 0.469248
8.4 0.221851 0.4665
8.45 0.221213 0.463752
8.5 0.220574 0.461004
8.55 0.219932 0.458257
8.6 0.219289 0.455511
8.65 0.218644 0.452766
8.7 0.217997 0.450022
8.75 0.217348 0.44728
8.8 0.216698 0.444539
8.85 0.216046 0.4418
8.9 0.215393 0.439063
8.95 0.214737 0.436329
9 0.214081 0.433597
9.05 0.213423 0.430868
9.1 0.212763 0.428142
9.15 0.212102 0.425419
9.2 0.211439 0.422699
9.25 0.210775 0.419983
9.3 0.21011 0.41727
9.35 0.209443 0.414562
9.4 0.208775 0.411858
9.45 0.208106 0.409158
9.5 0.207436 0.406462
9.55 0.206764 0.403772
9.6 0.206091 0.401086
9.65 0.205418 0.398406
9.7 0.204742 0.395731
9.75 0.204066 0.393061
9.8 0.203389 0.390397
9.85 0.202711 0.387739
9.9 0.202032 0.385087
9.95 0.201352 0.382442
10 0.200671 0.379803
10.05 0.199989 0.37717
10.1 0.199307 0.374545
10.15 0.198623 0.371926
10.2 0.197939 0.369315
10.25 0.197254 0.366711
10.3 0.196568 0.364114
10.35 0.195882 0.361525
10.4 0.195195 0.358944
10.45 0.194507 0.356372
10.5 0.193818 0.353807
10.55 0.19313 0.351251
10.6 0.19244 0.348703
10.65 0.19175 0.346164
10.7 0.19106 0.343634
10.75 0.190369 0.341113
10.8 0.189678 0.338601
10.85 0.188986 0.336099
10.9 0.188294 0.333606
10.95 0.187602 0.331122
11 0.186909 0.328649
11.05 0.186216 0.326185
11.1 0.185523 0.323732
11.15 0.18483 0.321288
11.2 0.184136 0.318855
11.25 0.183443 0.316433
11.3 0.182749 0.314021
11.35 0.182055 0.311621
11.4 0.181361 0.309231
11.45 0.180667 0.306852
11.5 0.179973 0.304484
11.55 0.179279 0.302128
11.6 0.178585 0.299783
11.65 0.177891 0.297449
11.7 0.177197 0.295128
11.75 0.176503 0.292818
11.8 0.175809 0.29052
11.85 0.175116 0.288234
11.9 0.174422 0.28596
11.95 0.173729 0.283698
12 0.173037 0.281449
12.05 0.172344 0.279213
12.1 0.171652 0.276989
12.15 0.17096 0.274777
12.2 0.170268 0.272579
12.25 0.169577 0.270393
12.3 0.168886 0.26822
12.35 0.168195 0.26606
12.4 0.167505 0.263914
12.45 0.166815 0.261781
12.5 0.166126 0.259661
12.55 0.165437 0.257554
12.6 0.164749 0.255461
12.65 0.164062 0.253381
12.7 0.163374 0.251316
12.75 0.162688 0.249264
12.8 0.162002 0.247225
12.85 0.161316 0.245201
12.9 0.160632 0.24319
12.95 0.159948 0.241194
13 0.159264 0.239211
13.05 0.158581 0.237243
13.1 0.157899 0.235289
13.15 0.157218 0.233349
13.2 0.156537 0.231424
13.25 0.155858 0.229512
13.3 0.155178 0.227616
13.35 0.1545 0.225733
13.4 0.153823 0.223865
13.45 0.153146 0.222012
13.5 0.15247 0.220173
13.55 0.151795 0.218349
13.6 0.151121 0.216539
13.65 0.150448 0.214745
13.7 0.149775 0.212964
13.75 0.149104 0.211199
13.8 0.148433 0.209448
13.85 0.147764 0.207712
13.9 0.147095 0.205991
13.95 0.146427 0.204285
14 0.145761 0.202594
14.05 0.145095 0.200917
14.1 0.14443 0.199256
14.15 0.143766 0.197609
14.2 0.143104 0.195977
14.25 0.142442 0.19436
14.3 0.141781 0.192758
14.35 0.141121 0.191171
14.4 0.140463 0.189598
14.45 0.139805 0.188041
14.5 0.139149 0.186498
14.55 0.138494 0.184971
14.6 0.137839 0.183458
14.65 0.137186 0.18196
14.7 0.136534 0.180477
14.75 0.135883 0.179009
14.8 0.135233 0.177556
14.85 0.134585 0.176117
14.9 0.133937 0.174693
14.95 0.13329 0.173284
15 0.132645 0.17189
15.05 0.132001 0.17051
15.1 0.131358 0.169145
15.15 0.130716 0.167795
15.2 0.130076 0.166459
15.25 0.129436 0.165138
15.3 0.128798 0.163831
15.35 0.128161 0.162539
15.4 0.127525 0.161261
15.45 0.12689 0.159998
15.5 0.126257 0.158749
15.55 0.125624 0.157514
15.6 0.124993 0.156294
15.65 0.124363 0.155088
15.7 0.123735 0.153896
15.75 0.123107 0.152718
15.8 0.122481 0.151554
15.85 0.121856 0.150404
15.9 0.121232 0.149268
15.95 0.120609 0.148146
16 0.119988 0.147037
16.05 0.119367 0.145942
16.1 0.118748 0.144861
16.15 0.118131 0.143794
16.2 0.117514 0.14274
16.25 0.116899 0.141699
16.3 0.116285 0.140672
16.35 0.115672 0.139658
16.4 0.11506 0.138658
16.45 0.11445 0.13767
16.5 0.11384 0.136696
16.55 0.113232 0.135734
16.6 0.112625 0.134786
16.65 0.11202 0.13385
16.7 0.111415 0.132927
16.75 0.110812 0.132016
16.8 0.11021 0.131118
16.85 0.109609 0.130233
16.9 0.10901 0.12936
16.95 0.108411 0.128499
17 0.107814 0.12765
17.05 0.107218 0.126813
17.1 0.106624 0.125989
17.15 0.10603 0.125176
17.2 0.105438 0.124375
17.25 0.104846 0.123586
17.3 0.104256 0.122808
17.35 0.103668 0.122042
17.4 0.10308 0.121287
17.45 0.102493 0.120543
17.5 0.101908 0.119811
17.55 0.101324 0.119089
17.6 0.100741 0.118379
17.65 0.100159 0.117679
17.7 0.0995788 0.11699
17.75 0.0989993 0.116312
17.8 0.098421 0.115644
17.85 0.0978439 0.114987
17.9 0.0972679 0.114339
17.95 0.0966931 0.113703
18 0.0961194 0.113076
18.05 0.0955469 0.112459
18.1 0.0949755 0.111851
18.15 0.0944052 0.111254
18.2 0.0938361 0.110666
18.25 0.093268 0.110088
18.3 0.0927012 0.109519
18.35 0.0921354 0.108959
18.4 0.0915708 0.108408
18.45 0.0910072 0.107866
18.5 0.0904448 0.107334
18.55 0.0898835 0.106809
18.6 0.0893234 0.106294
18.65 0.0887643 0.105787
18.7 0.0882063 0.105288
18.75 0.0876494 0.104798
18.8 0.0870937 0.104316
18.85 0.086539 0.103842
18.9 0.0859854 0.103375
18.95 0.0854329 0.102917
19 0.0848815 0.102466
19.05 0.0843312 0.102023
19.1 0.0837819 0.101587
19.15 0.0832338 0.101158
19.2 0.0826867 0.100737
19.25 0.0821407 0.100322
19.3 0.0815958 0.0999145
19.35 0.0810519 0.0995137
19.4 0.0805092 0.0991195
19.45 0.0799675 0.0987318
19.5 0.0794269 0.0983505
19.55 0.0788873 0.0979756
19.6 0.0783489 0.0976067
19.65 0.0778115 0.0972439
19.7 0.0772751 0.096887
19.75 0.0767399 0.0965359
19.8 0.0762057 0.0961904
19.85 0.0756726 0.0958505
19.9 0.0751405 0.095516
19.95 0.0746095 0.0951868
20 0.0740796 0.0948627
20.05 0.0735508 0.0945437
20.1 0.0730231 0.0942296
20.15 0.0724964 0.0939203
20.2 0.0719708 0.0936157
20.25 0.0714462 0.0933156
20.3 0.0709228 0.09302
20.35 0.0704004 0.0927287
20.4 0.0698792 0.0924417
20.45 0.069359 0.0921586
20.5 0.0688398 0.0918796
20.55 0.0683218 0.0916044
20.6 0.0678049 0.091333
20.65 0.0672891 0.0910651
20.7 0.0667744 0.0908008
20.75 0.0662607 0.0905398
20.8 0.0657482 0.0902821
20.85 0.0652368 0.0900276
20.9 0.0647265 0.0897761
20.95 0.0642174 0.0895276
21 0.0637093 0.0892819
21.05 0.0632024 0.0890389
21.1 0.0626966 0.0887985
21.15 0.062192 0.0885606
21.2 0.0616885 0.0883251
21.25 0.0611861 0.0880919
21.3 0.0606849 0.0878608
21.35 0.0601849 0.0876318
21.4 0.0596861 0.0874048
21.45 0.0591884 0.0871796
21.5 0.0586919 0.0869562
21.55 0.0581966 0.0867345
21.6 0.0577024 0.0865143
21.65 0.0572095 0.0862956
21.7 0.0567178 0.0860783
21.75 0.0562273 0.0858622
21.8 0.0557381 0.0856473
21.85 0.0552501 0.0854334
21.9 0.0547633 0.0852206
21.95 0.0542778 0.0850086
22 0.0537935 0.0847974
22.05 0.0533105 0.084587
22.1 0.0528288 0.0843771
22.15 0.0523483 0.0841678
22.2 0.0518692 0.0839589
22.25 0.0513914 0.0837504
22.3 0.0509149 0.0835421
22.35 0.0504397 0.0833341
22.4 0.0499658 0.0831261
22.45 0.0494933 0.0829182
22.5 0.0490222 0.0827102
22.55 0.0485524 0.082502
22.6 0.0480841 0.0822937
22.65 0.0476171 0.0820851
22.7 0.0471515 0.0818761
22.75 0.0466873 0.0816666
22.8 0.0462246 0.0814567
22.85 0.0457633 0.0812462
22.9 0.0453034 0.081035
22.95 0.044845 0.0808232
23 0.0443881 0.0806105
23.05 0.0439327 0.080397
23.1 0.0434788 0.0801826
23.15 0.0430264 0.0799672
23.2 0.0425755 0.0797507
23.25 0.0421261 0.0795332
23.3 0.0416784 0.0793145
23.35 0.0412322 0.0790946
23.4 0.0407875 0.0788734
23.45 0.0403445 0.0786509
23.5 0.0399031 0.078427
23.55 0.0394633 0.0782017
23.6 0.0390251 0.077975
23.65 0.0385886 0.0777466
23.7 0.0381537 0.0775168
23.75 0.0377206 0.0772852
23.8 0.0372891 0.0770521
23.85 0.0368593 0.0768172
23.9 0.0364313 0.0765805
23.95 0.036005 0.0763421
24 0.0355804 0.0761018
24.05 0.0351576 0.0758596
24.1 0.0347366 0.0756156
24.15 0.0343174 0.0753696
24.2 0.0339001 0.0751216
24.25 0.0334845 0.0748716
24.3 0.0330708 0.0746195
24.35 0.0326589 0.0743654
24.4 0.0322489 0.0741092
24.45 0.0318408 0.0738509
24.5 0.0314346 0.0735904
24.55 0.0310303 0.0733277
24.6 0.030628 0.0730629
24.65 0.0302276 0.0727958
24.7 0.0298292 0.0725264
24.75 0.0294327 0.0722548
24.8 0.0290383 0.071981
24.85 0.0286458 0.0717048
24.9 0.0282554 0.0714263
24.95 0.027867 0.0711455
25 0.0274807 0.0708624
25.05 0.0270964 0.0705769
25.1 0.0267142 0.070289
25.15 0.0263341 0.0699988
25.2 0.0259562 0.0697063
25.25 0.0255804 0.0694113
25.3 0.0252067 0.0691139
25.35 0.0248351 0.0688142
25.4 0.0244658 0.0685121
25.45 0.0240986 0.0682076
25.5 0.0237336 0.0679007
25.55 0.0233709 0.0675914
25.6 0.0230104 0.0672797
25.65 0.0226521 0.0669657
25.7 0.0222961 0.0666492
25.75 0.0219423 0.0663304
25.8 0.0215909 0.0660093
25.85 0.0212417 0.0656858
25.9 0.0208949 0.0653599
25.95 0.0205503 0.0650317
26 0.0202082 0.0647012
26.05 0.0198683 0.0643683
26.1 0.0195309 0.0640332
26.15 0.0191958 0.0636958
26.2 0.0188631 0.0633561
26.25 0.0185328 0.0630142
26.3 0.0182049 0.0626701
26.35 0.0178795 0.0623237
26.4 0.0175564 0.0619752
26.45 0.0172359 0.0616245
26.5 0.0169178 0.0612716
26.55 0.0166021 0.0609166
26.6 0.016289 0.0605595
26.65 0.0159783 0.0602004
26.7 0.0156702 0.0598392
26.75 0.0153645 0.0594759
26.8 0.0150614 0.0591107
26.85 0.0147609 0.0587435
26.9 0.0144628 0.0583744
26.95 0.0141673 0.0580034
27 0.0138744 0.0576304
27.05 0.0135841 0.0572557
27.1 0.0132963 0.0568791
27.15 0.0130111 0.0565008
27.2 0.0127286 0.0561207
27.25 0.0124486 0.0557389
27.3 0.0121712 0.0553554
27.35 0.0118965 0.0549703
27.4 0.0116243 0.0545836
27.45 0.0113548 0.0541953
27.5 0.011088 0.0538055
27.55 0.0108238 0.0534143
27.6 0.0105622 0.0530215
27.65 0.0103033 0.0526274
27.7 0.0100471 0.0522319
27.75 0.00979348 0.0518351
27.8 0.00954257 0.0514369
27.85 0.00929433 0.0510376
27.9 0.00904878 0.050637
27.95 0.0088059 0.0502353
28 0.00856571 0.0498325
28.05 0.00832821 0.0494286
28.1 0.0080934 0.0490237
28.15 0.00786128 0.0486178
28.2 0.00763185 0.048211
28.25 0.00740513 0.0478032
28.3 0.0071811 0.0473947
28.35 0.00695977 0.0469853
28.4 0.00674114 0.0465752
28.45 0.0065252 0.0461644
28.5 0.00631197 0.0457529
28.55 0.00610144 0.0453409
28.6 0.00589361 0.0449282
28.65 0.00568848 0.0445151
28.7 0.00548604 0.0441015
28.75 0.0052863 0.0436874
28.8 0.00508925 0.0432731
28.85 0.00489489 0.0428583
28.9 0.00470321 0.0424434
28.95 0.00451423 0.0420282
29 0.00432792 0.0416128
29.05 0.00414429 0.0411973
29.1 0.00396333 0.0407818
29.15 0.00378505 0.0403662
29.2 0.00360942 0.0399506
29.25 0.00343646 0.0395351
29.3 0.00326614 0.0391198
29.35 0.00309848 0.0387046
29.4 0.00293346 0.0382897
29.45 0.00277107 0.037875
29.5 0.0026113 0.0374606
29.55 0.00245416 0.0370467
29.6 0.00229963 0.0366331
29.65 0.00214771 0.03622
29.7 0.00199838 0.0358075
29.75 0.00185164 0.0353955
29.8 0.00170748 0.0349841
29.85 0.00156589 0.0345734
29.9 0.00142685 0.0341634
29.95 0.00129037 0.0337542
30 0.00115643 0.0333458
30.05 0.00102502 0.0329382
30.1 0.000896123 0.0325316
30.15 0.000769735 0.0321259
30.2 0.000645843 0.0317212
30.25 0.000524434 0.0313176
30.3 0.000405496 0.0309151
30.35 0.000289017 0.0305137
30.4 0.000174984 0.0301135
30.45 6.33836e-05 0.0297145
30.5 -4.57977e-05 0.0293168
30.55 -0.000152574 0.0289204
30.6 -0.000256958 0.0285254
30.65 -0.000358966 0.0281318
30.7 -0.000458611 0.0277397
30.75 -0.000555908 0.0273491
30.8 -0.000650874 0.02696
30.85 -0.000743522 0.0265725
30.9 -0.00083387 0.0261866
30.95 -0.000921933 0.0258024
31 -0.00100773 0.0254199
31.05 -0.00109127 0.0250391
31.1 -0.00117258 0.0246602
31.15 -0.00125167 0.0242831
31.2 -0.00132856 0.0239078
31.25 -0.00140326 0.0235345
31.3 -0.00147581 0.0231631
31.35 -0.0015462 0.0227937
31.4 -0.00161447 0.0224263
31.45 -0.00168062 0.0220609
31.5 -0.00174469 0.0216977
31.55 -0.00180668 0.0213366
31.6 -0.00186662 0.0209777
31.65 -0.00192453 0.0206209
31.7 -0.00198042 0.0202664
31.75 -0.00203432 0.0199142
31.8 -0.00208625 0.0195643
31.85 -0.00213622 0.0192167
31.9 -0.00218426 0.0188714
31.95 -0.00223039 0.0185286
32 -0.00227463 0.0181881
32.05 -0.002317 0.0178502
32.1 -0.00235751 0.0175147
32.15 -0.0023962 0.0171817
32.2 -0.00243309 0.0168513
32.25 -0.00246819 0.0165234
32.3 -0.00250153 0.0161981
32.35 -0.00253312 0.0158754
32.4 -0.002563 0.0155554
32.45 -0.00259118 0.015238
32.5 -0.00261769 0.0149234
32.55 -0.00264254 0.0146114
32.6 -0.00266577 0.0143022
32.65 -0.00268739 0.0139957
32.7 -0.00270743 0.013692
32.75 -0.00272591 0.0133911
32.8 -0.00274284 0.013093
32.85 -0.00275827 0.0127978
32.9 -0.0027722 0.0125054
32.95 -0.00278467 0.0122159
33 -0.00279569 0.0119293
33.05 -0.00280528 0.0116455
33.1 -0.00281348 0.0113647
33.15 -0.00282031 0.0110869
33.2 -0.00282578 0.0108119
33.25 -0.00282993 0.01054
33.3 -0.00283277 0.010271
33.35 -0.00283433 0.0100049
33.4 -0.00283464 0.00974193
33.45 -0.00283371 0.00948192
33.5 -0.00283157 0.00922493
33.55 -0.00282825 0.00897096
33.6 -0.00282376 0.00872003
33.65 -0.00281814 0.00847213
33.7 -0.0028114 0.00822728
33.75 -0.00280357 0.00798549
33.8 -0.00279467 0.00774676
33.85 -0.00278473 0.00751109
33.9 -0.00277376 0.00727848
33.95 -0.0027618 0.00704895
34 -0.00274887 0.0068225
34.05 -0.00273498 0.00659912
34.1 -0.00272017 0.00637882
34.15 -0.00270446 0.0061616
34.2 -0.00268786 0.00594746
34.25 -0.00267041 0.00573639
34.3 -0.00265212 0.00552841
34.35 -0.00263302 0.0053235
34.4 -0.00261313 0.00512166
34.45 -0.00259248 0.00492289
34.5 -0.00257108 0.00472719
34.55 -0.00254896 0.00453455
34.6 -0.00252615 0.00434497
34.65 -0.00250265 0.00415844
34.7 -0.00247851 0.00397495
34.75 -0.00245373 0.0037945
34.8 -0.00242835 0.00361709
34.85 -0.00240237 0.00344269
34.9 -0.00237583 0.00327131
34.95 -0.00234875 0.00310293
35 -0.00232114 0.00293755
35.05 -0.00229303 0.00277516
35.1 -0.00226444 0.00261573
35.15 -0.00223539 0.00245927
35.2 -0.0022059 0.00230576
35.25 -0.002176 0.00215519
35.3 -0.00214569 0.00200754
35.35 -0.00211501 0.00186281
35.4 -0.00208397 0.00172096
35.45 -0.00205259 0.00158201
35.5 -0.00202089 0.00144592
35.55 -0.0019889 0.00131268
35.6 -0.00195662 0.00118227
35.65 -0.00192409 0.00105468
35.7 -0.00189131 0.000929899
35.75 -0.00185832 0.000807897
35.8 -0.00182511 0.000688662
35.85 -0.00179173 0.000572174
35.9 -0.00175817 0.000458414
35.95 -0.00172446 0.000347364
36 -0.00169062 0.000239002
36.05 -0.00165667 0.00013331
36.1 -0.00162262 3.02669e-05
36.15 -0.00158848 -7.01489e-05
36.2 -0.00155429 -0.000167958
36.25 -0.00152004 -0.000263183
36.3 -0.00148576 -0.000355845
36.35 -0.00145147 -0.000445968
36.4 -0.00141718 -0.000533573
36.45 -0.0013829 -0.000618683
36.5 -0.00134865 -0.000701323
36.55 -0.00131445 -0.000781517
36.6 -0.00128031 -0.000859287
36.65 -0.00124624 -0.000934659
36.7 -0.00121226 -0.00100766
36.75 -0.00117838 -0.00107831
36.8 -0.00114462 -0.00114663
36.85 -0.00111099 -0.00121266
36.9 -0.00107751 -0.00127641
36.95 -0.00104418 -0.00133792
37 -0.00101101 -0.00139721
37.05 -0.000978032 -0.00145431
37.1 -0.000945244 -0.00150924
37.15 -0.000912659 -0.00156202
37.2 -0.000880292 -0.0016127
37.25 -0.000848151 -0.00166129
37.3 -0.000816249 -0.00170782
37.35 -0.000784597 -0.00175232
37.4 -0.000753204 -0.00179482
37.45 -0.000722081 -0.00183534
37.5 -0.000691238 -0.00187392
37.55 -0.000660684 -0.00191057
37.6 -0.00063043 -0.00194534
37.65 -0.000600483 -0.00197824
37.7 -0.000570854 -0.00200931
37.75 -0.000541549 -0.00203858
37.8 -0.000512578 -0.00206607
37.85 -0.00048395 -0.00209181
37.9 -0.00045567 -0.00211584
37.95 -0.000427748 -0.00213817
38 -0.000400189 -0.00215884
38.05 -0.000373002 -0.00217788
38.1 -0.000346193 -0.00219532
38.15 -0.000319767 -0.00221119
38.2 -0.000293733 -0.00222551
38.25 -0.000268094 -0.00223831
38.3 -0.000242857 -0.00224963
38.35 -0.000218027 -0.00225949
38.4 -0.00019361 -0.00226792
38.45 -0.00016961 -0.00227495
38.5 -0.000146031 -0.00228061
38.55 -0.000122879 -0.00228493
38.6 -0.000100157 -0.00228794
38.65 -7.78681e-05 -0.00228966
38.7 -5.60171e-05 -0.00229013
38.75 -3.46069e-05 -0.00228937
38.8 -1.36405e-05 -0.00228741
38.85 6.8793e-06 -0.00228428
38.9 2.69498e-05 -0.00228002
38.95 4.65688e-05 -0.00227463
39 6.57342e-05 -0.00226817
39.05 8.4444e-05 -0.00226064
39.1 0.000102697 -0.00225209
39.15 0.000120491 -0.00224253
39.2 0.000137825 -0.002232
39.25 0.000154699 -0.00222053
39.3 0.000171112 -0.00220813
39.35 0.000187063 -0.00219485
39.4 0.000202551 -0.00218069
39.45 0.000217578 -0.0021657
39.5 0.000232143 -0.0021499
39.55 0.000246246 -0.00213331
39.6 0.000259888 -0.00211597
39.65 0.00027307 -0.00209789
39.7 0.000285793 -0.0020791
39.75 0.000298057 -0.00205963
39.8 0.000309865 -0.0020395
39.85 0.000321218 -0.00201875
39.9 0.000332118 -0.00199738
39.95 0.000342566 -0.00197544
40 0.000352565 -0.00195293
40.05 0.000362118 -0.0019299
40.1 0.000371226 -0.00190635
40.15 0.000379892 -0.00188232
40.2 0.000388119 -0.00185783
40.25 0.000395911 -0.00183289
40.3 0.00040327 -0.00180754
40.35 0.000410199 -0.0017818
40.4 0.000416703 -0.00175569
40.45 0.000422784 -0.00172923
40.5 0.000428447 -0.00170244
40.55 0.000433695 -0.00167534
40.6 0.000438533 -0.00164796
40.65 0.000442965 -0.00162031
40.7 0.000446995 -0.00159243
40.75 0.000450627 -0.00156432
40.8 0.000453866 -0.001536
40.85 0.000456718 -0.00150751
40.9 0.000459186 -0.00147885
40.95 0.000461276 -0.00145004
41 0.000462993 -0.00142111
41.05 0.000464341 -0.00139208
41.1 0.000465327 -0.00136295
41.15 0.000465956 -0.00133375
41.2 0.000466233 -0.0013045
41.25 0.000466164 -0.00127522
41.3 0.000465754 -0.00124591
41.35 0.000465009 -0.0012166
41.4 0.000463935 -0.0011873
41.45 0.000462538 -0.00115803
41.5 0.000460824 -0.00112881
41.55 0.000458799 -0.00109964
41.6 0.000456469 -0.00107056
41.65 0.000453841 -0.00104156
41.7 0.00045092 -0.00101266
41.75 0.000447713 -0.000983882
41.8 0.000444226 -0.000955235
41.85 0.000440466 -0.000926733
41.9 0.000436439 -0.000898387
41.95 0.000432152 -0.000870212
42 0.000427611 -0.000842219
42.05 0.000422823 -0.00081442
42.1 0.000417794 -0.000786827
42.15 0.000412531 -0.000759451
42.2 0.000407041 -0.000732303
42.25 0.000401331 -0.000705394
42.3 0.000395406 -0.000678734
42.35 0.000389275 -0.000652332
42.4 0.000382943 -0.0006262
42.45 0.000376417 -0.000600345
42.5 0.000369704 -0.000574777
42.55 0.000362812 -0.000549504
42.6 0.000355745 -0.000524536
42.65 0.000348512 -0.00049988
42.7 0.00034112 -0.000475543
42.75 0.000333573 -0.000451534
42.8 0.000325881 -0.000427858
42.85 0.000318048 -0.000404524
42.9 0.000310083 -0.000381537
42.95 0.000301991 -0.000358904
43 0.000293778 -0.000336631
43.05 0.000285453 -0.000314723
43.1 0.000277021 -0.000293185
43.15 0.000268488 -0.000272022
43.2 0.000259862 -0.00025124
43.25 0.000251149 -0.000230842
43.3 0.000242354 -0.000210833
43.35 0.000233486 -0.000191216
43.4 0.000224548 -0.000171995
43.45 0.000215549 -0.000153173
43.5 0.000206495 -0.000134753
43.55 0.00019739 -0.000116739
43.6 0.000188242 -9.91313e-05
43.65 0.000179057 -8.19335e-05
43.7 0.00016984 -6.51471e-05
43.75 0.000160597 -4.87738e-05
43.8 0.000151335 -3.2815e-05
43.85 0.000142059 -1.72718e-05
43.9 0.000132775 -2.14514e-06
43.95 0.000123488 1.25643e-05
44 0.000114203 2.68562e-05
44.05 0.000104928 4.07303e-05
44.1 9.56659e-05 5.41866e-05
44.15 8.64232e-05 6.72256e-05
44.2 7.72049e-05 7.98476e-05
44.25 6.80161e-05 9.20534e-05
44.3 5.8862e-05 0.000103844
44.35 4.97475e-05 0.000115221
44.4 4.06775e-05 0.000126184
44.45 3.16569e-05 0.000136737
44.5 2.26903e-05 0.000146881
44.55 1.37824e-05 0.000156617
44.6 4.93783e-06 0.000165948
44.65 -3.8391e-06 0.000174876
44.7 -1.2544e-05 0.000183404
44.75 -2.11726e-05 0.000191534
44.8 -2.97207e-05 0.00019927
44.85 -3.81843e-05 0.000206614
44.9 -4.65595e-05 0.000213569
44.95 -5.48423e-05 0.00022014
45 -6.3029e-05 0.00022633
45.05 -7.11159e-05 0.000232142
45.1 -7.90995e-05 0.00023758
45.15 -8.69764e-05 0.000242648
45.2 -9.47431e-05 0.000247351
45.25 -0.000102396 0.000251693
45.3 -0.000109933 0.000255678
45.35 -0.00011735 0.00025931
45.4 -0.000124645 0.000262595
45.45 -0.000131815 0.000265537
45.5 -0.000138856 0.00026814
45.55 -0.000145766 0.000270411
45.6 -0.000152544 0.000272355
45.65 -0.000159186 0.000273975
45.7 -0.00016569 0.000275279
45.75 -0.000172053 0.00027627
45.8 -0.000178275 0.000276956
45.85 -0.000184352 0.00027734
45.9 -0.000190284 0.00027743
45.95 -0.000196067 0.00027723
46 -0.000201701 0.000276747
46.05 -0.000207183 0.000275986
46.1 -0.000212514 0.000274954
46.15 -0.00021769 0.000273656
46.2 -0.000222711 0.000272098
46.25 -0.000227575 0.000270287
46.3 -0.000232282 0.000268229
46.35 -0.000236831 0.00026593
46.4 -0.000241221 0.000263395
46.45 -0.00024545 0.000260633
46.5 -0.000249519 0.000257648
46.55 -0.000253427 0.000254447
46.6 -0.000257173 0.000251037
46.65 -0.000260756 0.000247424
46.7 -0.000264178 0.000243614
46.75 -0.000267437 0.000239613
46.8 -0.000270533 0.000235429
46.85 -0.000273467 0.000231068
46.9 -0.000276239 0.000226535
46.95 -0.000278848 0.000221838
47 -0.000281295 0.000216982
47.05 -0.00028358 0.000211975
47.1 -0.000285705 0.000206822
47.15 -0.000287668 0.000201531
47.2 -0.000289472 0.000196107
47.25 -0.000291116 0.000190556
47.3 -0.000292602 0.000184886
47.35 -0.00029393 0.000179102
47.4 -0.000295101 0.000173211
47.45 -0.000296117 0.000167218
47.5 -0.000296978 0.000161131
47.55 -0.000297686 0.000154954
47.6 -0.000298241 0.000148695
47.65 -0.000298646 0.00014236
47.7 -0.000298901 0.000135953
47.75 -0.000299008 0.000129482
47.8 -0.000298969 0.000122952
47.85 -0.000298785 0.000116369
47.9 -0.000298458 0.000109739
47.95 -0.000297989 0.000103068
48 -0.000297381 9.63609e-05
48.05 -0.000296634 8.96235e-05
48.1 -0.000295752 8.28616e-05
48.15 -0.000294736 7.60804e-05
48.2 -0.000293588 6.92855e-05
48.25 -0.000292309 6.24821e-05
48.3 -0.000290903 5.56755e-05
48.35 -0.000289372 4.88709e-05
48.4 -0.000287716 4.20733e-05
48.45 -0.00028594 3.52877e-05
48.5 -0.000284045 2.8519e-05
48.55 -0.000282033 2.17721e-05
48.6 -0.000279907 1.50517e-05
48.65 -0.000277669 8.36254e-06
48.7 -0.000275321 1.7091e-06
48.75 -0.000272867 -4.90411e-06
48.8 -0.000270309 -1.14727e-05
48.85 -0.000267649 -1.79924e-05
48.9 -0.000264889 -2.4459e-05
48.95 -0.000262033 -3.08684e-05
49 -0.000259083 -3.72165e-05
49.05 -0.000256042 -4.34996e-05
49.1 -0.000252912 -4.97136e-05
49.15 -0.000249696 -5.58551e-05
49.2 -0.000246398 -6.19203e-05
49.25 -0.000243018 -6.79057e-05
49.3 -0.000239561 -7.38079e-05
49.35 -0.000236029 -7.96237e-05
49.4 -0.000232426 -8.53497e-05
49.45 -0.000228752 -9.0983e-05
49.5 -0.000225013 -9.65204e-05
49.55 -0.000221209 -0.000101959
49.6 -0.000217345 -0.000107296
49.65 -0.000213423 -0.00011253
49.7 -0.000209445 -0.000117656
49.75 -0.000205415 -0.000122673
49.8 -0.000201336 -0.000127579
49.85 -0.00019721 -0.00013237
49.9 -0.00019304 -0.000137046
49.95 -0.000188829 -0.000141604
50 -0.000184579 -0.000146041
