-0.498 -0.000108183 6.13226e-05
-0.496 -0.000347015 0.000180198
-0.494 -0.00058395 0.000258217
-0.492 -0.000681884 0.000196572
-0.49 -0.000500101 -0.000103174
-0.488 0.000104774 -0.000738316
-0.486 0.00127781 -0.00180424
-0.484 0.00316482 -0.00339367
-0.482 0.0059114 -0.00559597
-0.48 0.00966196 -0.00849639
-0.478 0.0145588 -0.0121754
-0.476 0.0207413 -0.016708
-0.474 0.0283447 -0.0221633
-0.472 0.0374996 -0.0286034
-0.47 0.048331 -0.0360837
-0.468 0.0609575 -0.0446514
-0.466 0.0754903 -0.0543459
-0.464 0.0920329 -0.0651979
-0.462 0.11068 -0.0772289
-0.46 0.131517 -0.0904516
-0.458 0.15462 -0.104869
-0.456 0.180055 -0.120474
-0.454 0.207876 -0.137249
-0.452 0.238125 -0.155169
-0.45 0.270836 -0.174197
-0.448 0.306029 -0.194285
-0.446 0.34371 -0.215377
-0.444 0.383875 -0.237407
-0.442 0.426508 -0.260297
-0.44 0.47158 -0.283964
-0.438 0.519047 -0.308311
-0.436 0.568857 -0.333236
-0.434 0.620942 -0.358628
-0.432 0.675224 -0.384365
-0.43 0.731612 -0.410322
-0.428 0.790005 -0.436364
-0.426 0.850289 -0.462351
-0.424 0.91234 -0.488138
-0.422 0.976024 -0.513574
-0.42 1.0412 -0.538503
-0.418 1.10771 -0.562767
-0.416 1.17539 -0.586205
-0.414 1.24407 -0.608653
-0.412 1.31358 -0.629945
-0.41 1.38373 -0.649918
-0.408 1.45433 -0.668405
-0.406 1.52518 -0.685244
-0.404 1.59609 -0.700272
-0.402 1.66685 -0.71333
-0.4 1.73726 -0.724263
-0.398 1.8071 -0.732921
-0.396 1.87617 -0.739156
-0.394 1.94426 -0.742831
-0.392 2.01116 -0.743812
-0.39 2.07666 -0.741974
-0.388 2.14055 -0.7372
-0.386 2.20264 -0.729382
-0.384 2.26273 -0.718422
-0.382 2.32063 -0.704231
-0.38 2.37614 -0.686734
-0.378 2.4291 -0.665862
-0.376 2.47932 -0.641564
-0.374 2.52665 -0.613797
-0.372 2.57092 -0.582533
-0.37 2.612 -0.547755
-0.368 2.64975 -0.509462
-0.366 2.68404 -0.467666
-0.364 2.71476 -0.422391
-0.362 2.74183 -0.373677
-0.36 2.76513 -0.321577
-0.358 2.78462 -0.266161
-0.356 2.80022 -0.207509
-0.354 2.81189 -0.145718
-0.352 2.81961 -0.0808976
-0.35 2.82335 -0.0131727
-0.348 2.82312 0.0573195
-0.346 2.81893 0.130428
-0.344 2.81082 0.205989
-0.342 2.79883 0.283827
-0.34 2.78302 0.363752
-0.338 2.76348 0.445565
-0.336 2.74029 0.529055
-0.334 2.71358 0.614
-0.332 2.68346 0.70017
-0.33 2.65007 0.787323
-0.328 2.61358 0.875212
-0.326 2.57415 0.963581
-0.324 2.53197 1.05217
-0.322 2.48723 1.1407
-0.32 2.44014 1.2289
-0.318 2.39094 1.31651
-0.316 2.33985 1.40322
-0.314 2.28713 1.48877
-0.312 2.23302 1.57287
-0.31 2.17781 1.65523
-0.308 2.12176 1.73558
-0.306 2.06517 1.81361
-0.304 2.00832 1.88907
-0.302 1.95151 1.96168
-0.3 1.89505 2.03115
-0.298 1.83924 2.09724
-0.296 1.78441 2.15968
-0.294 1.73086 2.21823
-0.292 1.67891 2.27264
-0.29 1.62889 2.32269
-0.288 1.5811 2.36816
-0.286 1.53587 2.40883
-0.284 1.49351 2.44452
-0.282 1.45432 2.47505
-0.28 1.41861 2.50025
-0.278 1.38669 2.51997
-0.276 1.35885 2.53408
-0.274 1.33537 2.54246
-0.272 1.31652 2.54501
-0.27 1.30259 2.54164
-0.268 1.29382 2.53231
-0.266 1.29046 2.51695
-0.264 1.29274 2.49555
-0.262 1.30089 2.4681
-0.26 1.31511 2.43461
-0.258 1.3356 2.39513
-0.256 1.36253 2.34971
-0.254 1.39606 2.29841
-0.252 1.43634 2.24135
-0.25 1.4835 2.17864
-0.248 1.53765 2.11041
-0.246 1.59888 2.03682
-0.244 1.66727 1.95805
-0.242 1.74286 1.8743
-0.24 1.82571 1.78577
-0.238 1.91581 1.6927
-0.236 2.01318 1.59534
-0.234 2.11778 1.49396
-0.232 2.22958 1.38884
-0.23 2.34852 1.28028
-0.228 2.4745 1.16859
-0.226 2.60744 1.0541
-0.224 2.74721 0.937137
-0.222 2.89367 0.818062
-0.22 3.04666 0.69723
-0.218 3.20601 0.575009
-0.216 3.37151 0.451776
-0.214 3.54295 0.327913
-0.212 3.72011 0.203807
-0.21 3.90273 0.0798492
-0.208 4.09054 -0.043566
-0.206 4.28327 -0.166044
-0.204 4.48062 -0.287191
-0.202 4.68228 -0.406613
-0.2 4.88793 -0.523922
-0.198 5.09722 -0.638732
-0.196 5.30981 -0.750663
-0.194 5.52533 -0.859345
-0.192 5.74342 -0.964414
-0.19 5.9637 -1.06552
-0.188 6.18576 -1.16231
-0.186 6.40923 -1.25447
-0.184 6.63368 -1.34167
-0.182 6.85872 -1.42363
-0.18 7.08393 -1.50004
-0.178 7.30889 -1.57065
-0.176 7.53317 -1.6352
-0.174 7.75637 -1.69347
-0.172 7.97805 -1.74525
-0.17 8.19779 -1.79035
-0.168 8.41517 -1.8286
-0.166 8.62978 -1.85986
-0.164 8.84119 -1.884
-0.162 9.04901 -1.90093
-0.16 9.25281 -1.91057
-0.158 9.45222 -1.91288
-0.156 9.64683 -1.90782
-0.154 9.83626 -1.89541
-0.152 10.0202 -1.87565
-0.15 10.1981 -1.84861
-0.148 10.3698 -1.81435
-0.146 10.535 -1.77297
-0.144 10.6932 -1.72459
-0.142 10.8441 -1.66937
-0.14 10.9875 -1.60746
-0.138 11.1231 -1.53907
-0.136 11.2507 -1.4644
-0.134 11.3698 -1.38369
-0.132 11.4804 -1.2972
-0.13 11.5822 -1.2052
-0.128 11.675 -1.10798
-0.126 11.7587 -1.00587
-0.124 11.8329 -0.899178
-0.122 11.8977 -0.788261
-0.12 11.9529 -0.673474
-0.118 11.9983 -0.555189
-0.116 12.0339 -0.433789
-0.114 12.0596 -0.309669
-0.112 12.0753 -0.18323
-0.11 12.0811 -0.0548838
-0.108 12.0768 0.0749543
-0.106 12.0625 0.205863
-0.104 12.0382 0.337418
-0.102 12.0039 0.469195
-0.1 11.9597 0.600766
-0.098 11.9056 0.731708
-0.096 11.8417 0.8616
-0.094 11.7682 0.990025
-0.092 11.6851 1.11657
-0.09 11.5925 1.24084
-0.088 11.4906 1.36242
-0.086 11.3796 1.48095
-0.084 11.2596 1.59604
-0.082 11.1307 1.70734
-0.08 10.9932 1.8145
-0.078 10.8472 1.9172
-0.076 10.6929 2.0151
-0.074 10.5306 2.10793
-0.072 10.3605 2.1954
-0.07 10.1828 2.27726
-0.068 9.99767 2.35327
-0.066 9.8054 2.42321
-0.064 9.6062 2.48689
-0.062 9.40031 2.54414
-0.06 9.18797 2.59481
-0.058 8.96942 2.63878
-0.056 8.7449 2.67595
-0.054 8.51465 2.70624
-0.052 8.27891 2.72961
-0.05 8.03791 2.74603
-0.048 7.79188 2.75549
-0.046 7.54107 2.75803
-0.044 7.28568 2.75369
-0.042 7.02596 2.74254
-0.04 6.76212 2.72469
-0.038 6.49437 2.70025
-0.036 6.22293 2.66937
-0.034 5.94799 2.63222
-0.032 5.66977 2.58897
-0.03 5.38846 2.53985
-0.028 5.10424 2.48508
-0.026 4.8173 2.42491
-0.024 4.52782 2.3596
-0.022 4.23598 2.28945
-0.02 3.94194 2.21476
-0.018 3.64587 2.13583
-0.016 3.34793 2.053
-0.014 3.04827 1.96661
-0.012 2.74705 1.87702
-0.01 2.44442 1.78458
-0.008 2.14052 1.68968
-0.006 1.83551 1.5927
-0.004 1.52951 1.49401
-0.002 1.22269 1.39401
0 0.915168 1.2931
0.002 0.607132 1.19169
0.004 0.298688 1.09017
0.006 -0.0100188 0.988913
0.008 -0.318842 0.888332
0.01 -0.627632 0.788814
0.012 -0.936235 0.690747
0.014 -1.24449 0.594512
0.016 -1.55224 0.500484
0.018 -1.85932 0.409029
0.02 -2.16556 0.320502
0.022 -2.47077 0.235249
0.024 -2.77477 0.153602
0.026 -3.07738 0.0758782
0.028 -3.37839 0.00238202
0.03 -3.6776 -0.0665994
0.032 -3.97481 -0.130796
0.034 -4.2698 -0.189955
0.036 -4.56234 -0.243845
0.038 -4.85221 -0.292251
0.04 -5.13916 -0.334983
0.042 -5.42296 -0.371869
0.044 -5.70336 -0.402762
0.046 -5.9801 -0.427536
0.048 -6.25293 -0.446089
0.05 -6.52158 -0.458343
0.052 -6.78578 -0.464244
0.054 -7.04527 -0.463761
0.056 -7.29976 -0.456891
0.058 -7.54899 -0.443651
0.06 -7.79268 -0.424086
0.062 -8.03054 -0.398264
0.064 -8.2623 -0.366276
0.066 -8.48767 -0.32824
0.068 -8.7064 -0.284294
0.07 -8.9182 -0.2346
0.072 -9.1228 -0.179344
0.074 -9.31993 -0.118732
0.076 -9.50935 -0.0529905
0.078 -9.69078 0.0176323
0.08 -9.864 0.0928701
0.082 -10.0288 0.172438
0.084 -10.1848 0.256034
0.086 -10.332 0.343341
0.088 -10.47 0.434024
0.09 -10.5988 0.527739
0.092 -10.718 0.624125
0.094 -10.8276 0.722812
0.096 -10.9273 0.823422
0.098 -11.0171 0.925566
0.1 -11.0968 1.02885
0.102 -11.1664 1.13287
0.104 -11.2256 1.23723
0.106 -11.2744 1.34151
0.108 -11.3129 1.44532
0.11 -11.3409 1.54824
0.112 -11.3584 1.64986
0.114 -11.3654 1.7498
0.116 -11.362 1.84765
0.118 -11.3482 1.94302
0.12 -11.324 2.03552
0.122 -11.2896 2.1248
0.124 -11.245 2.21048
0.126 -11.1903 2.29222
0.128 -11.1257 2.36968
0.13 -11.0513 2.44253
0.132 -10.9673 2.51048
0.134 -10.874 2.57323
0.136 -10.7715 2.63051
0.138 -10.66 2.68207
0.14 -10.5399 2.72768
0.142 -10.4113 2.76711
0.144 -10.2747 2.8002
0.146 -10.1301 2.82675
0.148 -9.97812 2.84663
0.15 -9.81892 2.85972
0.152 -9.65289 2.86591
0.154 -9.48038 2.86512
0.156 -9.30176 2.85732
0.158 -9.11743 2.84246
0.16 -8.92777 2.82055
0.162 -8.73318 2.79161
0.164 -8.53408 2.75567
0.166 -8.33088 2.71282
0.168 -8.12401 2.66315
0.17 -7.9139 2.60676
0.172 -7.70098 2.5438
0.174 -7.48569 2.47442
0.176 -7.26847 2.39882
0.178 -7.04975 2.31719
0.18 -6.82998 2.22976
0.182 -6.6096 2.13676
0.184 -6.38904 2.03847
0.186 -6.16873 1.93515
0.188 -5.94911 1.82711
0.19 -5.7306 1.71464
0.192 -5.5136 1.59807
0.194 -5.29854 1.47775
0.196 -5.08581 1.354
0.198 -4.87579 1.2272
0.2 -4.66888 1.09771
0.202 -4.46543 0.965894
0.204 -4.2658 0.832142
0.206 -4.07034 0.696835
0.208 -3.87936 0.56036
0.21 -3.6932 0.423108
0.212 -3.51213 0.285468
0.214 -3.33645 0.14783
0.216 -3.16641 0.0105827
0.218 -3.00227 -0.125891
0.22 -2.84425 -0.261212
0.222 -2.69257 -0.395007
0.224 -2.5474 -0.52691
0.226 -2.40894 -0.656564
0.228 -2.27732 -0.78362
0.23 -2.15268 -0.907743
0.232 -2.03513 -1.02861
0.234 -1.92477 -1.1459
0.236 -1.82166 -1.25933
0.238 -1.72586 -1.36861
0.24 -1.63739 -1.47346
0.242 -1.55627 -1.57365
0.244 -1.48248 -1.66894
0.246 -1.416 -1.75911
0.248 -1.35678 -1.84396
0.25 -1.30473 -1.92332
0.252 -1.25979 -1.99703
0.254 -1.22183 -2.06494
0.256 -1.19074 -2.12694
0.258 -1.16636 -2.18292
0.26 -1.14854 -2.23282
0.262 -1.13711 -2.27656
0.264 -1.13186 -2.31412
0.266 -1.13259 -2.34546
0.268 -1.13907 -2.3706
0.27 -1.15108 -2.38955
0.272 -1.16836 -2.40236
0.274 -1.19065 -2.40907
0.276 -1.21768 -2.40978
0.278 -1.24917 -2.40457
0.28 -1.28482 -2.39356
0.282 -1.32434 -2.37687
0.284 -1.36743 -2.35466
0.286 -1.41376 -2.32709
0.288 -1.46303 -2.29432
0.29 -1.51492 -2.25656
0.292 -1.56909 -2.214
0.294 -1.62524 -2.16686
0.296 -1.68302 -2.11537
0.298 -1.74212 -2.05976
0.3 -1.80221 -2.00027
0.302 -1.86298 -1.93717
0.304 -1.92409 -1.8707
0.306 -1.98525 -1.80115
0.308 -2.04615 -1.72878
0.31 -2.10648 -1.65387
0.312 -2.16595 -1.5767
0.314 -2.22427 -1.49756
0.316 -2.28118 -1.41672
0.318 -2.3364 -1.33447
0.32 -2.38967 -1.2511
0.322 -2.44077 -1.16688
0.324 -2.48945 -1.08209
0.326 -2.5355 -0.997012
0.328 -2.57871 -0.911912
0.33 -2.61889 -0.827055
0.332 -2.65586 -0.7427
0.334 -2.68947 -0.659098
0.336 -2.71957 -0.576491
0.338 -2.74602 -0.495115
0.34 -2.76872 -0.415195
0.342 -2.78756 -0.336945
0.344 -2.80247 -0.260571
0.346 -2.81336 -0.186266
0.348 -2.82021 -0.11421
0.35 -2.82296 -0.0445738
0.352 -2.82161 0.0224863
0.354 -2.81615 0.0868267
0.356 -2.8066 0.148317
0.358 -2.79298 0.20684
0.36 -2.77534 0.262294
0.362 -2.75374 0.314588
0.364 -2.72825 0.363649
0.366 -2.69897 0.409413
0.368 -2.66598 0.451836
0.37 -2.62941 0.490882
0.372 -2.58938 0.526534
0.374 -2.54603 0.558785
0.376 -2.4995 0.587643
0.378 -2.44996 0.613128
0.38 -2.39757 0.635275
0.382 -2.34251 0.654128
0.384 -2.28496 0.669746
0.386 -2.22511 0.682198
0.388 -2.16316 0.691564
0.39 -2.09932 0.697934
0.392 -2.03378 0.70141
0.394 -1.96675 0.702099
0.396 -1.89846 0.700121
0.398 -1.82911 0.6956
0.4 -1.75893 0.688669
0.402 -1.68811 0.679467
0.404 -1.61688 0.668139
0.406 -1.54546 0.654833
0.408 -1.47404 0.639703
0.41 -1.40283 0.622904
0.412 -1.33204 0.604595
0.414 -1.26185 0.584936
0.416 -1.19247 0.564087
0.418 -1.12406 0.542209
0.42 -1.05682 0.519461
0.422 -0.990894 0.496001
0.424 -0.926452 0.471985
0.426 -0.863639 0.447564
0.428 -0.802594 0.422886
0.43 -0.743444 0.398096
0.432 -0.686307 0.373331
0.434 -0.631288 0.348723
0.436 -0.57848 0.324399
0.438 -0.527964 0.300477
0.44 -0.479811 0.277069
0.442 -0.434076 0.254277
0.444 -0.390804 0.232197
0.446 -0.350025 0.210915
0.448 -0.311757 0.190507
0.45 -0.276008 0.171042
0.452 -0.24277 0.152577
0.454 -0.212023 0.135162
0.456 -0.183737 0.118834
0.458 -0.157869 0.103623
0.46 -0.134363 0.0895474
0.462 -0.113155 0.0766175
0.464 -0.0941674 0.064833
0.466 -0.0773152 0.0541843
0.468 -0.0625024 0.044653
0.47 -0.0496248 0.0362117
0.472 -0.03857 0.0288245
0.474 -0.0292182 0.0224475
0.476 -0.021443 0.0170292
0.478 -0.0151125 0.0125107
0.48 -0.0100897 0.00882685
0.482 -0.00623364 0.0059061
0.484 -0.00340031 0.0036716
0.486 -0.00144352 0.00204167
0.488 -0.000215872 0.000930417
0.49 0.000430279 0.000248518
0.492 0.000641837 -9.61362e-05
0.494 0.000563997 -0.000197685
0.496 0.000339272 -0.000151563
0.498 0.000106523 -5.37481e-05
0.05 0.413779 0.698501
0.1 0.413763 0.698474
0.15 0.413735 0.698428
0.2 0.413695 0.698364
0.25 0.413645 0.698282
0.3 0.413583 0.698182
0.35 0.413511 0.698063
0.4 0.413427 0.697926
0.45 0.413332 0.697771
0.5 0.413225 0.697597
0.55 0.413108 0.697406
0.6 0.41298 0.697196
0.65 0.41284 0.696968
0.7 0.412689 0.696721
0.75 0.412527 0.696457
0.8 0.412354 0.696174
0.85 0.41217 0.695873
0.9 0.411975 0.695554
0.95 0.411769 0.695217
1 0.411551 0.694861
1.05 0.411323 0.694488
1.1 0.411084 0.694096
1.15 0.410833 0.693686
1.2 0.410572 0.693258
1.25 0.4103 0.692812
1.3 0.410016 0.692348
1.35 0.409722 0.691866
1.4 0.409417 0.691366
1.45 0.409101 0.690847
1.5 0.408775 0.690311
1.55 0.408437 0.689757
1.6 0.408089 0.689185
1.65 0.40773 0.688595
1.7 0.40736 0.687986
1.75 0.406979 0.68736
1.8 0.406588 0.686717
1.85 0.406186 0.686055
1.9 0.405773 0.685375
1.95 0.40535 0.684678
2 0.404917 0.683963
2.05 0.404472 0.68323
2.1 0.404018 0.682479
2.15 0.403552 0.681711
2.2 0.403077 0.680924
2.25 0.402591 0.680121
2.3 0.402094 0.679299
2.35 0.401588 0.67846
2.4 0.401071 0.677604
2.45 0.400544 0.67673
2.5 0.400006 0.675838
2.55 0.399459 0.674929
2.6 0.398901 0.674003
2.65 0.398333 0.673059
2.7 0.397755 0.672097
2.75 0.397168 0.671119
2.8 0.39657 0.670123
2.85 0.395962 0.66911
2.9 0.395345 0.66808
2.95 0.394717 0.667032
3 0.39408 0.665968
3.05 0.393434 0.664886
3.1 0.392777 0.663787
3.15 0.392111 0.662671
3.2 0.391436 0.661539
3.25 0.390751 0.660389
3.3 0.390056 0.659223
3.35 0.389352 0.65804
3.4 0.388639 0.65684
3.45 0.387917 0.655623
3.5 0.387185 0.654389
3.55 0.386444 0.65314
3.6 0.385694 0.651873
3.65 0.384935 0.65059
3.7 0.384167 0.649291
3.75 0.38339 0.647975
3.8 0.382604 0.646643
3.85 0.38181 0.645294
3.9 0.381006 0.643929
3.95 0.380194 0.642549
4 0.379374 0.641152
4.05 0.378544 0.639739
4.1 0.377707 0.63831
4.15 0.37686 0.636865
4.2 0.376006 0.635404
4.25 0.375143 0.633928
4.3 0.374272 0.632436
4.35 0.373393 0.630928
4.4 0.372506 0.629405
4.45 0.371611 0.627866
4.5 0.370707 0.626312
4.55 0.369796 0.624743
4.6 0.368877 0.623158
4.65 0.367951 0.621558
4.7 0.367017 0.619943
4.75 0.366075 0.618313
4.8 0.365126 0.616668
4.85 0.364169 0.615008
4.9 0.363205 0.613333
4.95 0.362234 0.611644
5 0.361255 0.60994
5.05 0.36027 0.608221
5.1 0.359277 0.606488
5.15 0.358277 0.604741
5.2 0.357271 0.602979
5.25 0.356258 0.601203
5.3 0.355238 0.599413
5.35 0.354211 0.597609
5.4 0.353178 0.595792
5.45 0.352139 0.59396
5.5 0.351093 0.592115
5.55 0.350041 0.590256
5.6 0.348982 0.588383
5.65 0.347918 0.586498
5.7 0.346848 0.584598
5.75 0.345771 0.582686
5.8 0.344689 0.580761
5.85 0.343601 0.578822
5.9 0.342507 0.576871
5.95 0.341408 0.574907
6 0.340303 0.57293
6.05 0.339193 0.570941
6.1 0.338078 0.568939
6.15 0.336957 0.566925
6.2 0.335831 0.564899
6.25 0.334701 0.562861
6.3 0.333565 0.560811
6.35 0.332424 0.558748
6.4 0.331279 0.556675
6.45 0.330129 0.554589
6.5 0.328974 0.552492
6.55 0.327816 0.550384
6.6 0.326652 0.548264
6.65 0.325485 0.546133
6.7 0.324313 0.543992
6.75 0.323137 0.541839
6.8 0.321957 0.539676
6.85 0.320773 0.537502
6.9 0.319586 0.535318
6.95 0.318395 0.533123
7 0.3172 0.530918
7.05 0.316002 0.528703
7.1 0.3148 0.526478
7.15 0.313595 0.524244
7.2 0.312387 0.521999
7.25 0.311176 0.519745
7.3 0.309961 0.517482
7.35 0.308744 0.51521
7.4 0.307524 0.512928
7.45 0.306302 0.510638
7.5 0.305077 0.508339
7.55 0.303849 0.506031
7.6 0.302619 0.503715
7.65 0.301387 0.50139
7.7 0.300152 0.499057
7.75 0.298915 0.496716
7.8 0.297677 0.494368
7.85 0.296436 0.492011
7.9 0.295194 0.489647
7.95 0.29395 0.487275
8 0.292705 0.484897
8.05 0.291458 0.482511
8.1 0.29021 0.480118
8.15 0.28896 0.477718
8.2 0.287709 0.475312
8.25 0.286457 0.4729
8.3 0.285205 0.470481
8.35 0.283951 0.468055
8.4 0.282697 0.465624
8.45 0.281442 0.463187
8.5 0.280186 0.460745
8.55 0.27893 0.458297
8.6 0.277674 0.455843
8.65 0.276417 0.453385
8.7 0.27516 0.450922
8.75 0.273904 0.448453
8.8 0.272647 0.44598
8.85 0.27139 0.443503
8.9 0.270134 0.441021
8.95 0.268878 0.438536
9 0.267622 0.436046
9.05 0.266367 0.433552
9.1 0.265113 0.431055
9.15 0.263859 0.428555
9.2 0.262607 0.426051
9.25 0.261355 0.423544
9.3 0.260104 0.421035
9.35 0.258855 0.418522
9.4 0.257606 0.416007
9.45 0.256359 0.41349
9.5 0.255114 0.41097
9.55 0.253869 0.408449
9.6 0.252627 0.405925
9.65 0.251386 0.4034
9.7 0.250147 0.400874
9.75 0.24891 0.398346
9.8 0.247675 0.395817
9.85 0.246443 0.393287
9.9 0.245212 0.390757
9.95 0.243983 0.388226
10 0.242757 0.385694
10.05 0.241534 0.383162
10.1 0.240313 0.380631
10.15 0.239094 0.378099
10.2 0.237878 0.375568
10.25 0.236666 0.373037
10.3 0.235456 0.370507
10.35 0.234249 0.367978
10.4 0.233045 0.36545
10.45 0.231844 0.362923
10.5 0.230646 0.360397
10.55 0.229452 0.357873
10.6 0.228261 0.355351
10.65 0.227074 0.352831
10.7 0.22589 0.350313
10.75 0.22471 0.347797
10.8 0.223534 0.345284
10.85 0.222361 0.342774
10.9 0.221193 0.340266
10.95 0.220028 0.337761
11 0.218867 0.33526
11.05 0.217711 0.332762
11.1 0.216559 0.330267
11.15 0.21541 0.327776
11.2 0.214267 0.32529
11.25 0.213127 0.322807
11.3 0.211993 0.320328
11.35 0.210862 0.317854
11.4 0.209737 0.315385
11.45 0.208616 0.31292
11.5 0.2075 0.31046
11.55 0.206388 0.308006
11.6 0.205282 0.305557
11.65 0.20418 0.303113
11.7 0.203084 0.300675
11.75 0.201992 0.298242
11.8 0.200906 0.295816
11.85 0.199825 0.293396
11.9 0.198749 0.290982
11.95 0.197678 0.288574
12 0.196613 0.286173
12.05 0.195553 0.283779
12.1 0.194499 0.281392
12.15 0.19345 0.279012
12.2 0.192407 0.276639
12.25 0.191369 0.274274
12.3 0.190337 0.271916
12.35 0.189311 0.269567
12.4 0.188291 0.267224
12.45 0.187276 0.26489
12.5 0.186267 0.262565
12.55 0.185264 0.260247
12.6 0.184268 0.257938
12.65 0.183277 0.255638
12.7 0.182292 0.253347
12.75 0.181313 0.251064
12.8 0.18034 0.248791
12.85 0.179374 0.246526
12.9 0.178413 0.244272
12.95 0.177459 0.242026
13 0.176511 0.23979
13.05 0.17557 0.237565
13.1 0.174634 0.235349
13.15 0.173705 0.233143
13.2 0.172782 0.230947
13.25 0.171866 0.228762
13.3 0.170956 0.226587
13.35 0.170053 0.224422
13.4 0.169156 0.222268
13.45 0.168265 0.220126
13.5 0.167381 0.217994
13.55 0.166504 0.215873
13.6 0.165633 0.213763
13.65 0.164768 0.211665
13.7 0.16391 0.209578
13.75 0.163059 0.207502
13.8 0.162214 0.205438
13.85 0.161376 0.203386
13.9 0.160545 0.201346
13.95 0.15972 0.199318
14 0.158901 0.197301
14.05 0.158089 0.195297
14.1 0.157284 0.193306
14.15 0.156486 0.191326
14.2 0.155694 0.189359
14.25 0.154909 0.187405
14.3 0.15413 0.185463
14.35 0.153358 0.183534
14.4 0.152593 0.181617
14.45 0.151834 0.179714
14.5 0.151082 0.177824
14.55 0.150336 0.175946
14.6 0.149597 0.174082
14.65 0.148865 0.172231
14.7 0.148139 0.170393
14.75 0.14742 0.168569
14.8 0.146707 0.166758
14.85 0.146001 0.164961
14.9 0.145301 0.163177
14.95 0.144608 0.161407
15 0.143922 0.15965
15.05 0.143241 0.157908
15.1 0.142567 0.156179
15.15 0.1419 0.154464
15.2 0.141239 0.152762
15.25 0.140584 0.151075
15.3 0.139936 0.149402
15.35 0.139294 0.147743
15.4 0.138658 0.146098
15.45 0.138029 0.144467
15.5 0.137405 0.142851
15.55 0.136788 0.141248
15.6 0.136177 0.13966
15.65 0.135573 0.138086
15.7 0.134974 0.136527
15.75 0.134381 0.134981
15.8 0.133795 0.133451
15.85 0.133214 0.131934
15.9 0.132639 0.130432
15.95 0.13207 0.128945
16 0.131507 0.127472
16.05 0.13095 0.126013
16.1 0.130399 0.124569
16.15 0.129853 0.12314
16.2 0.129313 0.121725
16.25 0.128779 0.120324
16.3 0.12825 0.118938
16.35 0.127727 0.117566
16.4 0.127209 0.116209
16.45 0.126697 0.114867
16.5 0.12619 0.113539
16.55 0.125689 0.112226
16.6 0.125193 0.110927
16.65 0.124702 0.109642
16.7 0.124216 0.108372
16.75 0.123735 0.107116
16.8 0.12326 0.105875
16.85 0.122789 0.104649
16.9 0.122324 0.103436
16.95 0.121863 0.102238
17 0.121407 0.101055
17.05 0.120956 0.0998855
17.1 0.12051 0.0987304
17.15 0.120068 0.0975897
17.2 0.119631 0.0964631
17.25 0.119199 0.0953508
17.3 0.118771 0.0942525
17.35 0.118347 0.0931684
17.4 0.117928 0.0920983
17.45 0.117513 0.0910422
17.5 0.117103 0.0900001
17.55 0.116696 0.088972
17.6 0.116294 0.0879576
17.65 0.115896 0.0869571
17.7 0.115501 0.0859704
17.75 0.115111 0.0849973
17.8 0.114725 0.0840379
17.85 0.114342 0.0830921
17.9 0.113963 0.0821598
17.95 0.113587 0.0812409
18 0.113216 0.0803355
18.05 0.112847 0.0794433
18.1 0.112483 0.0785645
18.15 0.112121 0.0776988
18.2 0.111763 0.0768462
18.25 0.111408 0.0760067
18.3 0.111056 0.0751801
18.35 0.110708 0.0743664
18.4 0.110362 0.0735656
18.45 0.110019 0.0727774
18.5 0.109679 0.0720019
18.55 0.109342 0.071239
18.6 0.109008 0.0704885
18.65 0.108677 0.0697505
18.7 0.108348 0.0690247
18.75 0.108021 0.0683112
18.8 0.107697 0.0676098
18.85 0.107376 0.0669204
18.9 0.107057 0.066243
18.95 0.10674 0.0655774
19 0.106425 0.0649235
19.05 0.106112 0.0642813
19.1 0.105802 0.0636507
19.15 0.105493 0.0630315
19.2 0.105186 0.0624237
19.25 0.104881 0.0618271
19.3 0.104578 0.0612417
19.35 0.104277 0.0606673
19.4 0.103977 0.0601038
19.45 0.103679 0.0595512
19.5 0.103382 0.0590093
19.55 0.103087 0.0584781
19.6 0.102793 0.0579573
19.65 0.1025 0.0574469
19.7 0.102209 0.0569469
19.75 0.101918 0.056457
19.8 0.101629 0.0559771
19.85 0.101341 0.0555072
19.9 0.101054 0.0550472
19.95 0.100767 0.0545969
20 0.100482 0.0541561
20.05 0.100197 0.0537249
20.1 0.0999128 0.053303
20.15 0.0996293 0.0528904
20.2 0.0993465 0.052487
20.25 0.0990641 0.0520925
20.3 0.0987822 0.0517069
20.35 0.0985006 0.0513302
20.4 0.0982194 0.050962
20.45 0.0979385 0.0506024
20.5 0.0976577 0.0502513
20.55 0.0973771 0.0499084
20.6 0.0970966 0.0495737
20.65 0.0968161 0.049247
20.7 0.0965356 0.0489283
20.75 0.096255 0.0486173
20.8 0.0959742 0.0483141
20.85 0.0956933 0.0480184
20.9 0.0954121 0.0477301
20.95 0.0951306 0.0474492
21 0.0948487 0.0471754
21.05 0.0945665 0.0469087
21.1 0.0942837 0.0466489
21.15 0.0940005 0.046396
21.2 0.0937167 0.0461497
21.25 0.0934323 0.04591
21.3 0.0931472 0.0456768
21.35 0.0928614 0.0454499
21.4 0.0925749 0.0452291
21.45 0.0922875 0.0450145
21.5 0.0919994 0.0448058
21.55 0.0917103 0.0446029
21.6 0.0914203 0.0444057
21.65 0.0911293 0.0442141
21.7 0.0908373 0.0440279
21.75 0.0905443 0.0438471
21.8 0.0902501 0.0436715
21.85 0.0899548 0.043501
21.9 0.0896584 0.0433355
21.95 0.0893607 0.0431748
22 0.0890618 0.0430189
22.05 0.0887616 0.0428675
22.1 0.0884601 0.0427207
22.15 0.0881572 0.0425782
22.2 0.0878529 0.04244
22.25 0.0875473 0.0423059
22.3 0.0872402 0.0421759
22.35 0.0869316 0.0420497
22.4 0.0866215 0.0419274
22.45 0.0863099 0.0418087
22.5 0.0859967 0.0416936
22.55 0.085682 0.0415819
22.6 0.0853656 0.0414736
22.65 0.0850476 0.0413684
22.7 0.084728 0.0412664
22.75 0.0844067 0.0411674
22.8 0.0840837 0.0410713
22.85 0.0837589 0.040978
22.9 0.0834325 0.0408873
22.95 0.0831043 0.0407992
23 0.0827743 0.0407136
23.05 0.0824426 0.0406303
23.1 0.082109 0.0405493
23.15 0.0817736 0.0404704
23.2 0.0814365 0.0403936
23.25 0.0810974 0.0403187
23.3 0.0807566 0.0402456
23.35 0.0804139 0.0401743
23.4 0.0800693 0.0401047
23.45 0.0797228 0.0400366
23.5 0.0793745 0.0399699
23.55 0.0790243 0.0399046
23.6 0.0786722 0.0398406
23.65 0.0783182 0.0397778
23.7 0.0779623 0.039716
23.75 0.0776045 0.0396552
23.8 0.0772448 0.0395953
23.85 0.0768832 0.0395362
23.9 0.0765197 0.0394779
23.95 0.0761544 0.0394202
24 0.0757871 0.039363
24.05 0.075418 0.0393064
24.1 0.075047 0.0392501
24.15 0.0746741 0.0391941
24.2 0.0742993 0.0391383
24.25 0.0739227 0.0390828
24.3 0.0735442 0.0390272
24.35 0.0731639 0.0389717
24.4 0.0727818 0.0389161
24.45 0.0723978 0.0388604
24.5 0.072012 0.0388044
24.55 0.0716245 0.0387482
24.6 0.0712351 0.0386915
24.65 0.070844 0.0386345
24.7 0.0704512 0.038577
24.75 0.0700566 0.0385189
24.8 0.0696603 0.0384602
24.85 0.0692623 0.0384008
24.9 0.0688626 0.0383407
24.95 0.0684613 0.0382797
25 0.0680584 0.0382179
25.05 0.0676538 0.0381552
25.1 0.0672476 0.0380915
25.15 0.0668399 0.0380268
25.2 0.0664306 0.037961
25.25 0.0660199 0.0378941
25.3 0.0656076 0.037826
25.35 0.0651938 0.0377567
25.4 0.0647786 0.0376861
25.45 0.064362 0.0376142
25.5 0.063944 0.0375409
25.55 0.0635247 0.0374662
25.6 0.063104 0.03739
25.65 0.062682 0.0373124
25.7 0.0622588 0.0372332
25.75 0.0618343 0.0371525
25.8 0.0614087 0.0370701
25.85 0.0609818 0.0369862
25.9 0.0605539 0.0369005
25.95 0.0601248 0.0368132
26 0.0596946 0.0367241
26.05 0.0592635 0.0366333
26.1 0.0588313 0.0365407
26.15 0.0583982 0.0364463
26.2 0.0579641 0.03635
26.25 0.0575292 0.0362519
26.3 0.0570934 0.0361519
26.35 0.0566568 0.0360499
26.4 0.0562194 0.0359461
26.45 0.0557813 0.0358403
26.5 0.0553424 0.0357326
26.55 0.054903 0.0356228
26.6 0.0544629 0.0355111
26.65 0.0540222 0.0353974
26.7 0.053581 0.0352817
26.75 0.0531393 0.0351639
26.8 0.0526972 0.0350441
26.85 0.0522546 0.0349223
26.9 0.0518117 0.0347984
26.95 0.0513685 0.0346724
27 0.0509249 0.0345444
27.05 0.0504811 0.0344143
27.1 0.0500372 0.0342822
27.15 0.049593 0.034148
27.2 0.0491488 0.0340117
27.25 0.0487045 0.0338733
27.3 0.0482602 0.0337329
27.35 0.0478158 0.0335904
27.4 0.0473716 0.0334459
27.45 0.0469274 0.0332993
27.5 0.0464835 0.0331507
27.55 0.0460397 0.033
27.6 0.0455961 0.0328473
27.65 0.0451529 0.0326926
27.7 0.0447099 0.0325359
27.75 0.0442674 0.0323771
27.8 0.0438252 0.0322164
27.85 0.0433836 0.0320538
27.9 0.0429424 0.0318891
27.95 0.0425018 0.0317226
28 0.0420618 0.0315541
28.05 0.0416224 0.0313837
28.1 0.0411838 0.0312114
28.15 0.0407458 0.0310372
28.2 0.0403087 0.0308612
28.25 0.0398723 0.0306834
28.3 0.0394369 0.0305038
28.35 0.0390023 0.0303224
28.4 0.0385687 0.0301392
28.45 0.0381361 0.0299543
28.5 0.0377045 0.0297677
28.55 0.0372741 0.0295794
28.6 0.0368447 0.0293894
28.65 0.0364166 0.0291978
28.7 0.0359896 0.0290046
28.75 0.0355639 0.0288099
28.8 0.0351395 0.0286136
28.85 0.0347165 0.0284157
28.9 0.0342948 0.0282164
28.95 0.0338745 0.0280156
29 0.0334558 0.0278134
29.05 0.0330385 0.0276099
29.1 0.0326228 0.0274049
29.15 0.0322086 0.0271986
29.2 0.0317961 0.0269911
29.25 0.0313853 0.0267823
29.3 0.0309762 0.0265722
29.35 0.0305688 0.026361
29.4 0.0301632 0.0261486
29.45 0.0297594 0.0259351
29.5 0.0293575 0.0257205
29.55 0.0289575 0.0255049
29.6 0.0285595 0.0252882
29.65 0.0281634 0.0250706
29.7 0.0277693 0.0248521
29.75 0.0273772 0.0246326
29.8 0.0269872 0.0244123
29.85 0.0265994 0.0241912
29.9 0.0262137 0.0239693
29.95 0.0258301 0.0237467
30 0.0254488 0.0235233
30.05 0.0250697 0.0232993
30.1 0.0246929 0.0230747
30.15 0.0243184 0.0228495
30.2 0.0239463 0.0226237
30.25 0.0235765 0.0223975
30.3 0.0232091 0.0221707
30.35 0.0228442 0.0219436
30.4 0.0224817 0.0217161
30.45 0.0221217 0.0214882
30.5 0.0217642 0.02126
30.55 0.0214092 0.0210316
30.6 0.0210568 0.0208029
30.65 0.020707 0.0205741
30.7 0.0203599 0.0203451
30.75 0.0200153 0.020116
30.8 0.0196735 0.0198869
30.85 0.0193343 0.0196577
30.9 0.0189978 0.0194285
30.95 0.0186641 0.0191995
31 0.0183331 0.0189705
31.05 0.018005 0.0187416
31.1 0.0176796 0.0185129
31.15 0.017357 0.0182845
31.2 0.0170373 0.0180563
31.25 0.0167204 0.0178284
31.3 0.0164064 0.0176008
31.35 0.0160952 0.0173736
31.4 0.015787 0.0171469
31.45 0.0154817 0.0169205
31.5 0.0151794 0.0166947
31.55 0.01488 0.0164694
31.6 0.0145835 0.0162447
31.65 0.0142901 0.0160205
31.7 0.0139996 0.015797
31.75 0.0137121 0.0155742
31.8 0.0134277 0.015352
31.85 0.0131462 0.0151307
31.9 0.0128678 0.0149101
31.95 0.0125925 0.0146903
32 0.0123202 0.0144714
32.05 0.0120509 0.0142533
32.1 0.0117848 0.0140362
32.15 0.0115217 0.01382
32.2 0.0112616 0.0136048
32.25 0.0110047 0.0133907
32.3 0.0107508 0.0131776
32.35 0.0105001 0.0129655
32.4 0.0102524 0.0127546
32.45 0.0100079 0.0125448
32.5 0.0097664 0.0123362
32.55 0.00952804 0.0121288
32.6 0.00929278 0.0119227
32.65 0.00906063 0.0117178
32.7 0.00883158 0.0115142
32.75 0.00860563 0.0113119
32.8 0.00838277 0.011111
32.85 0.00816302 0.0109114
32.9 0.00794636 0.0107133
32.95 0.00773279 0.0105165
33 0.0075223 0.0103213
33.05 0.0073149 0.0101275
33.1 0.00711057 0.00993517
33.15 0.00690931 0.00974439
33.2 0.00671112 0.00955517
33.25 0.00651598 0.00936751
33.3 0.00632389 0.00918145
33.35 0.00613483 0.008997
33.4 0.00594881 0.00881418
33.45 0.00576581 0.00863302
33.5 0.00558582 0.00845353
33.55 0.00540884 0.00827574
33.6 0.00523484 0.00809965
33.65 0.00506382 0.0079253
33.7 0.00489576 0.00775269
33.75 0.00473066 0.00758185
33.8 0.0045685 0.00741278
33.85 0.00440926 0.00724551
33.9 0.00425294 0.00708005
33.95 0.00409951 0.00691642
34 0.00394896 0.00675461
34.05 0.00380128 0.00659467
34.1 0.00365646 0.00643658
34.15 0.00351446 0.00628036
34.2 0.00337528 0.00612604
34.25 0.0032389 0.00597361
34.3 0.0031053 0.00582308
34.35 0.00297446 0.00567447
34.4 0.00284637 0.00552778
34.45 0.002721 0.00538303
34.5 0.00259834 0.00524022
34.55 0.00247836 0.00509935
34.6 0.00236104 0.00496044
34.65 0.00224637 0.00482348
34.7 0.00213432 0.00468849
34.75 0.00202487 0.00455547
34.8 0.001918 0.00442442
34.85 0.00181369 0.00429534
34.9 0.00171191 0.00416825
34.95 0.00161265 0.00404313
35 0.00151587 0.00392
35.05 0.00142155 0.00379885
35.1 0.00132968 0.00367968
35.15 0.00124022 0.0035625
35.2 0.00115316 0.0034473
35.25 0.00106846 0.00333409
35.3 0.000986109 0.00322285
35.35 0.000906072 0.00311359
35.4 0.000828328 0.00300631
35.45 0.000752849 0.002901
35.5 0.000679611 0.00279766
35.55 0.000608587 0.00269628
35.6 0.000539751 0.00259686
35.65 0.000473077 0.00249939
35.7 0.000408537 0.00240387
35.75 0.000346105 0.00231029
35.8 0.000285754 0.00221865
35.85 0.000227456 0.00212893
35.9 0.000171185 0.00204113
35.95 0.000116911 0.00195524
36 6.4609e-05 0.00187125
36.05 1.42497e-05 0.00178916
36.1 -3.41945e-05 0.00170894
36.15 -8.07516e-05 0.0016306
36.2 -0.00012545 0.00155412
36.25 -0.000168317 0.00147949
36.3 -0.000209382 0.0014067
36.35 -0.000248673 0.00133573
36.4 -0.000286218 0.00126658
36.45 -0.000322046 0.00119923
36.5 -0.000356185 0.00113367
36.55 -0.000388664 0.00106988
36.6 -0.000419512 0.00100786
36.65 -0.000448757 0.00094758
36.7 -0.000476428 0.000889035
36.75 -0.000502553 0.000832206
36.8 -0.000527161 0.000777079
36.85 -0.000550281 0.000723639
36.9 -0.000571941 0.000671869
36.95 -0.00059217 0.000621752
37 -0.000610996 0.000573273
37.05 -0.000628448 0.000526415
37.1 -0.000644554 0.000481159
37.15 -0.000659343 0.000437489
37.2 -0.000672842 0.000395387
37.25 -0.000685081 0.000354834
37.3 -0.000696087 0.000315814
37.35 -0.000705888 0.000278306
37.4 -0.000714512 0.000242292
37.45 -0.000721987 0.000207753
37.5 -0.000728341 0.00017467
37.55 -0.000733601 0.000143024
37.6 -0.000737795 0.000112794
37.65 -0.000740949 8.39618e-05
37.7 -0.000743092 5.65059e-05
37.75 -0.000744251 3.04067e-05
37.8 -0.000744451 5.64375e-06
37.85 -0.00074372 -1.78035e-05
37.9 -0.000742084 -3.99559e-05
37.95 -0.00073957 -6.0834e-05
38 -0.000736204 -8.04591e-05
38.05 -0.000732012 -9.8852e-05
38.1 -0.00072702 -0.000116034
38.15 -0.000721252 -0.000132027
38.2 -0.000714736 -0.000146851
38.25 -0.000707495 -0.000160529
38.3 -0.000699555 -0.000173082
38.35 -0.000690941 -0.000184532
38.4 -0.000681676 -0.0001949
38.45 -0.000671786 -0.000204208
38.5 -0.000661295 -0.000212479
38.55 -0.000650225 -0.000219733
38.6 -0.000638602 -0.000225993
38.65 -0.000626447 -0.000231281
38.7 -0.000613785 -0.000235619
38.75 -0.000600638 -0.000239028
38.8 -0.000587028 -0.00024153
38.85 -0.000572978 -0.000243149
38.9 -0.00055851 -0.000243904
38.95 -0.000543645 -0.000243819
39 -0.000528406 -0.000242915
39.05 -0.000512812 -0.000241214
39.1 -0.000496886 -0.000238737
39.15 -0.000480647 -0.000235507
39.2 -0.000464116 -0.000231545
39.25 -0.000447313 -0.000226873
39.3 -0.000430257 -0.000221511
39.35 -0.000412969 -0.000215483
39.4 -0.000395467 -0.000208808
39.45 -0.000377769 -0.000201507
39.5 -0.000359896 -0.000193604
39.55 -0.000341863 -0.000185117
39.6 -0.000323691 -0.000176068
39.65 -0.000305395 -0.000166477
39.7 -0.000286994 -0.000156367
39.75 -0.000268505 -0.000145755
39.8 -0.000249943 -0.000134664
39.85 -0.000231325 -0.000123114
39.9 -0.000212668 -0.000111123
39.95 -0.000193986 -9.87128e-05
40 -0.000175295 -8.59023e-05
40.05 -0.000156611 -7.27111e-05
40.1 -0.000137948 -5.91587e-05
40.15 -0.00011932 -4.5264e-05
40.2 -0.000100741 -3.10461e-05
40.25 -8.22251e-05 -1.65238e-05
40.3 -6.37857e-05 -1.71557e-06
40.35 -4.54357e-05 1.33602e-05
40.4 -2.71879e-05 2.86854e-05
40.45 -9.05466e-06 4.4242e-05
40.5 8.95186e-06 6.00123e-05
40.55 2.68199e-05 7.59789e-05
40.6 4.45381e-05 9.21245e-05
40.65 6.20954e-05 0.000108432
40.7 7.94808e-05 0.000124885
40.75 9.66839e-05 0.000141466
40.8 0.000113695 0.00015816
40.85 0.000130503 0.000174949
40.9 0.0001471 0.000191819
40.95 0.000163476 0.000208754
41 0.000179622 0.000225739
41.05 0.00019553 0.000242757
41.1 0.000211191 0.000259796
41.15 0.000226598 0.000276839
41.2 0.000241742 0.000293873
41.25 0.000256617 0.000310884
41.3 0.000271216 0.000327858
41.35 0.000285531 0.000344782
41.4 0.000299557 0.000361642
41.45 0.000313287 0.000378426
41.5 0.000326715 0.00039512
41.55 0.000339837 0.000411713
41.6 0.000352646 0.000428193
41.65 0.000365138 0.000444547
41.7 0.000377308 0.000460764
41.75 0.000389153 0.000476833
41.8 0.000400667 0.000492744
41.85 0.000411846 0.000508484
41.9 0.000422689 0.000524045
41.95 0.00043319 0.000539416
42 0.000443348 0.000554586
42.05 0.000453159 0.000569548
42.1 0.000462621 0.000584291
42.15 0.000471732 0.000598806
42.2 0.00048049 0.000613086
42.25 0.000488894 0.000627121
42.3 0.000496941 0.000640903
42.35 0.00050463 0.000654426
42.4 0.000511962 0.00066768
42.45 0.000518934 0.00068066
42.5 0.000525546 0.000693358
42.55 0.000531799 0.000705768
42.6 0.000537693 0.000717882
42.65 0.000543226 0.000729696
42.7 0.000548401 0.000741204
42.75 0.000553217 0.000752399
42.8 0.000557675 0.000763277
42.85 0.000561777 0.000773833
42.9 0.000565524 0.000784062
42.95 0.000568917 0.00079396
43 0.000571957 0.000803523
43.05 0.000574648 0.000812746
43.1 0.00057699 0.000821627
43.15 0.000578986 0.000830161
43.2 0.000580638 0.000838346
43.25 0.000581949 0.00084618
43.3 0.000582923 0.000853659
43.35 0.00058356 0.000860781
43.4 0.000583866 0.000867544
43.45 0.000583842 0.000873947
43.5 0.000583493 0.000879988
43.55 0.000582821 0.000885666
43.6 0.000581831 0.00089098
43.65 0.000580527 0.000895928
43.7 0.000578912 0.000900511
43.75 0.00057699 0.000904727
43.8 0.000574766 0.000908578
43.85 0.000572244 0.000912063
43.9 0.000569428 0.000915182
43.95 0.000566323 0.000917936
44 0.000562934 0.000920326
44.05 0.000559266 0.000922353
44.1 0.000555323 0.000924018
44.15 0.00055111 0.000925323
44.2 0.000546633 0.000926269
44.25 0.000541897 0.000926857
44.3 0.000536906 0.000927091
44.35 0.000531667 0.000926972
44.4 0.000526184 0.000926502
44.45 0.000520464 0.000925685
44.5 0.000514511 0.000924523
44.55 0.000508331 0.000923018
44.6 0.000501931 0.000921175
44.65 0.000495315 0.000918996
44.7 0.00048849 0.000916485
44.75 0.000481461 0.000913645
44.8 0.000474235 0.00091048
44.85 0.000466817 0.000906994
44.9 0.000459212 0.000903192
44.95 0.000451428 0.000899076
45 0.00044347 0.000894653
45.05 0.000435345 0.000889925
45.1 0.000427057 0.000884899
45.15 0.000418614 0.000879577
45.2 0.000410022 0.000873967
45.25 0.000401285 0.000868071
45.3 0.000392412 0.000861896
45.35 0.000383407 0.000855446
45.4 0.000374278 0.000848728
45.45 0.000365029 0.000841745
45.5 0.000355667 0.000834505
45.55 0.000346199 0.000827011
45.6 0.00033663 0.000819271
45.65 0.000326966 0.00081129
45.7 0.000317214 0.000803073
45.75 0.000307379 0.000794627
45.8 0.000297467 0.000785958
45.85 0.000287485 0.000777071
45.9 0.000277439 0.000767973
45.95 0.000267333 0.000758669
46 0.000257175 0.000749167
46.05 0.000246969 0.000739472
46.1 0.000236723 0.000729591
46.15 0.00022644 0.00071953
46.2 0.000216128 0.000709296
46.25 0.000205792 0.000698895
46.3 0.000195437 0.000688332
46.35 0.000185069 0.000677616
46.4 0.000174693 0.000666752
46.45 0.000164315 0.000655747
46.5 0.00015394 0.000644608
46.55 0.000143574 0.00063334
46.6 0.000133221 0.000621952
46.65 0.000122887 0.000610448
46.7 0.000112577 0.000598836
46.75 0.000102296 0.000587122
46.8 9.20479e-05 0.000575313
46.85 8.1839e-05 0.000563416
46.9 7.16735e-05 0.000551436
46.95 6.15561e-05 0.000539381
47 5.14914e-05 0.000527257
47.05 4.1484e-05 0.00051507
47.1 3.15383e-05 0.000502827
47.15 2.16587e-05 0.000490534
47.2 1.18495e-05 0.000478197
47.25 2.11473e-06 0.000465823
47.3 -7.54136e-06 0.000453419
47.35 -1.71148e-05 0.00044099
47.4 -2.66016e-05 0.000428542
47.45 -3.59981e-05 0.000416083
47.5 -4.53004e-05 0.000403617
47.55 -5.4505e-05 0.000391151
47.6 -6.36083e-05 0.00037869
47.65 -7.26068e-05 0.000366242
47.7 -8.14972e-05 0.000353811
47.75 -9.02762e-05 0.000341403
47.8 -9.89407e-05 0.000329025
47.85 -0.000107488 0.000316681
47.9 -0.000115914 0.000304378
47.95 -0.000124217 0.00029212
48 -0.000132394 0.000279913
48.05 -0.000140442 0.000267764
48.1 -0.000148359 0.000255675
48.15 -0.000156142 0.000243654
48.2 -0.000163788 0.000231705
48.25 -0.000171296 0.000219833
48.3 -0.000178664 0.000208043
48.35 -0.000185889 0.00019634
48.4 -0.000192969 0.000184728
48.45 -0.000199903 0.000173212
48.5 -0.000206689 0.000161797
48.55 -0.000213325 0.000150487
48.6 -0.000219809 0.000139286
48.65 -0.00022614 0.000128199
48.7 -0.000232318 0.00011723
48.75 -0.000238339 0.000106382
48.8 -0.000244204 9.56604e-05
48.85 -0.000249911 8.5068e-05
48.9 -0.00025546 7.46088e-05
48.95 -0.000260849 6.42865e-05
49 -0.000266077 5.41044e-05
49.05 -0.000271145 4.4066e-05
49.1 -0.000276051 3.41745e-05
49.15 -0.000280794 2.44332e-05
49.2 -0.000285376 1.4845e-05
49.25 -0.000289794 5.41291e-06
49.3 -0.000294049 -3.86027e-06
49.35 -0.000298141 -1.29718e-05
49.4 -0.00030207 -2.19191e-05
49.45 -0.000305836 -3.06997e-05
49.5 -0.000309438 -3.93112e-05
49.55 -0.000312878 -4.77514e-05
49.6 -0.000316155 -5.6018e-05
49.65 -0.00031927 -6.41091e-05
49.7 -0.000322223 -7.20228e-05
49.75 -0.000325015 -7.97572e-05
49.8 -0.000327646 -8.73107e-05
49.85 -0.000330118 -9.46816e-05
49.9 -0.00033243 -0.000101869
49.95 -0.000334584 -0.00010887
50 -0.000336581 -0.000115685
