-0.498 0.00241727 0.00186871
-0.496 0.00815157 0.00797672
-0.494 0.0148793 0.019065
-0.492 0.0202275 0.0358559
-0.49 0.0217913 0.0590505
-0.488 0.0171511 0.089325
-0.486 0.00389096 0.127328
-0.484 -0.0203841 0.173678
-0.482 -0.0580303 0.22896
-0.48 -0.111347 0.293725
-0.478 -0.182559 0.368484
-0.476 -0.273802 0.45371
-0.474 -0.3871 0.549834
-0.472 -0.524354 0.657243
-0.47 -0.687325 0.77628
-0.468 -0.877617 0.907241
-0.466 -1.09666 1.05038
-0.464 -1.34571 1.20589
-0.462 -1.62581 1.37392
-0.46 -1.9378 1.5546
-0.458 -2.2823 1.74796
-0.456 -2.65969 1.95402
-0.454 -3.07011 2.17273
-0.452 -3.51345 2.40402
-0.45 -3.98935 2.64774
-0.448 -4.49717 2.90371
-0.446 -5.03602 3.17172
-0.444 -5.60471 3.4515
-0.442 -6.20181 3.74274
-0.44 -6.82557 4.04509
-0.438 -7.47401 4.35819
-0.436 -8.14483 4.68161
-0.434 -8.8355 5.0149
-0.432 -9.54319 5.3576
-0.43 -10.2648 5.70919
-0.428 -10.9971 6.06915
-0.426 -11.7363 6.43694
-0.424 -12.4788 6.81198
-0.422 -13.2204 7.1937
-0.42 -13.9569 7.5815
-0.418 -14.6838 7.97478
-0.416 -15.3964 8.37292
-0.414 -16.09 8.77532
-0.412 -16.7595 9.18136
-0.41 -17.3999 9.59041
-0.408 -18.0058 10.0019
-0.406 -18.5719 10.4151
-0.404 -19.0928 10.8296
-0.402 -19.5631 11.2447
-0.4 -19.9771 11.6598
-0.398 -20.3294 12.0745
-0.396 -20.6145 12.488
-0.394 -20.8268 12.9
-0.392 -20.9609 13.31
-0.39 -21.0114 13.7173
-0.388 -20.9732 14.1216
-0.386 -20.841 14.5224
-0.384 -20.6099 14.9194
-0.382 -20.2752 15.312
-0.38 -19.8321 15.7
-0.378 -19.2764 16.083
-0.376 -18.6039 16.4607
-0.374 -17.8108 16.8327
-0.372 -16.8935 17.1988
-0.37 -15.8488 17.5588
-0.368 -14.6738 17.9124
-0.366 -13.3659 18.2593
-0.364 -11.923 18.5996
-0.362 -10.3432 18.9328
-0.36 -8.62517 19.259
-0.358 -6.76796 19.578
-0.356 -4.77103 19.8897
-0.354 -2.63429 20.194
-0.352 -0.358117 20.4909
-0.35 2.05666 20.7802
-0.348 4.60874 21.062
-0.346 7.29634 21.3362
-0.344 10.1172 21.6029
-0.342 13.0686 21.8621
-0.34 16.1473 22.1137
-0.338 19.3495 22.3579
-0.336 22.6713 22.5947
-0.334 26.1078 22.8241
-0.332 29.6539 23.0463
-0.33 33.3043 23.2613
-0.328 37.0527 23.4693
-0.326 40.8929 23.6703
-0.324 44.8179 23.8646
-0.322 48.8206 24.0522
-0.32 52.8933 24.2334
-0.318 57.0281 24.4083
-0.316 61.2166 24.577
-0.314 65.4502 24.7398
-0.312 69.7199 24.8969
-0.31 74.0166 25.0484
-0.308 78.3308 25.1947
-0.306 82.6528 25.3358
-0.304 86.9727 25.4722
-0.302 91.2805 25.6039
-0.3 95.566 25.7312
-0.298 99.8187 25.8543
-0.296 104.028 25.9735
-0.294 108.185 26.089
-0.292 112.277 26.2011
-0.29 116.294 26.3098
-0.288 120.227 26.4154
-0.286 124.064 26.5182
-0.284 127.795 26.6181
-0.282 131.409 26.7154
-0.28 134.898 26.8102
-0.278 138.25 26.9024
-0.276 141.456 26.9922
-0.274 144.506 27.0796
-0.272 147.391 27.1644
-0.27 150.101 27.2466
-0.268 152.628 27.326
-0.266 154.963 27.4024
-0.264 157.097 27.4756
-0.262 159.024 27.5452
-0.26 160.734 27.6109
-0.258 162.221 27.6721
-0.256 163.478 27.7283
-0.254 164.498 27.779
-0.252 165.275 27.8235
-0.25 165.804 27.861
-0.248 166.079 27.8907
-0.246 166.095 27.9118
-0.244 165.848 27.9231
-0.242 165.334 27.9239
-0.24 164.549 27.9128
-0.238 163.492 27.8888
-0.236 162.159 27.8506
-0.234 160.548 27.797
-0.232 158.658 27.7265
-0.23 156.488 27.6378
-0.228 154.037 27.5295
-0.226 151.307 27.4
-0.224 148.297 27.2479
-0.222 145.009 27.0716
-0.22 141.445 26.8695
-0.218 137.607 26.6401
-0.216 133.497 26.3819
-0.214 129.12 26.0932
-0.212 124.479 25.7725
-0.21 119.579 25.4183
-0.208 114.425 25.0292
-0.206 109.022 24.6037
-0.204 103.377 24.1403
-0.202 97.4958 23.6379
-0.2 91.3864 23.0951
-0.198 85.0562 22.5109
-0.196 78.5133 21.884
-0.194 71.7665 21.2137
-0.192 64.825 20.499
-0.19 57.6983 19.7393
-0.188 50.3966 18.9338
-0.186 42.9304 18.0822
-0.184 35.3107 17.1842
-0.182 27.5489 16.2395
-0.18 19.6567 15.2483
-0.178 11.6463 14.2106
-0.176 3.53 13.1268
-0.174 -4.67925 11.9974
-0.172 -12.9684 10.823
-0.17 -21.324 9.60466
-0.168 -29.7326 8.34328
-0.166 -38.1801 7.04015
-0.164 -46.6527 5.69668
-0.162 -55.1359 4.3145
-0.16 -63.6156 2.89539
-0.158 -72.077 1.44135
-0.156 -80.5058 -0.045454
-0.154 -88.8872 -1.56268
-0.152 -97.2066 -3.10782
-0.15 -105.449 -4.67817
-0.148 -113.601 -6.27087
-0.146 -121.646 -7.88292
-0.144 -129.571 -9.51116
-0.142 -137.362 -11.1523
-0.14 -145.004 -12.8029
-0.138 -152.483 -14.4593
-0.136 -159.786 -16.118
-0.134 -166.899 -17.7752
-0.132 -173.808 -19.4269
-0.13 -180.502 -21.0694
-0.128 -186.968 -22.6985
-0.126 -193.193 -24.3102
-0.124 -199.167 -25.9006
-0.122 -204.877 -27.4654
-0.12 -210.313 -29.0006
-0.118 -215.465 -30.5022
-0.116 -220.323 -31.966
-0.114 -224.879 -33.388
-0.112 -229.123 -34.7644
-0.11 -233.048 -36.0913
-0.108 -236.647 -37.3648
-0.106 -239.913 -38.5814
-0.104 -242.84 -39.7374
-0.102 -245.423 -40.8296
-0.1 -247.657 -41.8546
-0.098 -249.539 -42.8094
-0.096 -251.066 -43.6912
-0.094 -252.235 -44.4971
-0.092 -253.045 -45.2248
-0.09 -253.495 -45.8719
-0.088 -253.585 -46.4365
-0.086 -253.315 -46.9168
-0.084 -252.688 -47.3111
-0.082 -251.705 -47.6183
-0.08 -250.369 -47.8372
-0.078 -248.685 -47.9671
-0.076 -246.655 -48.0074
-0.074 -244.285 -47.958
-0.072 -241.581 -47.8187
-0.07 -238.548 -47.5899
-0.068 -235.194 -47.272
-0.066 -231.526 -46.8659
-0.064 -227.552 -46.3725
-0.062 -223.279 -45.793
-0.06 -218.717 -45.1288
-0.058 -213.875 -44.3817
-0.056 -208.762 -43.5535
-0.054 -203.388 -42.6462
-0.052 -197.763 -41.6621
-0.05 -191.897 -40.6034
-0.048 -185.8 -39.4728
-0.046 -179.484 -38.2727
-0.044 -172.958 -37.006
-0.042 -166.234 -35.6755
-0.04 -159.321 -34.284
-0.038 -152.231 -32.8346
-0.036 -144.975 -31.3303
-0.034 -137.561 -29.7741
-0.032 -130.002 -28.1691
-0.03 -122.307 -26.5184
-0.028 -114.485 -24.825
-0.026 -106.548 -23.0921
-0.024 -98.5039 -21.3227
-0.022 -90.3628 -19.5198
-0.02 -82.1336 -17.6864
-0.018 -73.8255 -15.8256
-0.016 -65.4471 -13.9403
-0.014 -57.007 -12.0333
-0.012 -48.5137 -10.1076
-0.01 -39.9752 -8.16588
-0.008 -31.3997 -6.21108
-0.006 -22.795 -4.24594
-0.004 -14.169 -2.2732
-0.002 -5.5294 -0.29559
0 3.11621 1.68417
0.002 11.7601 3.66323
0.004 20.3948 5.63903
0.006 29.0125 7.60883
0.008 37.6055 9.56992
0.01 46.1662 11.5195
0.012 54.6865 13.4549
0.014 63.1586 15.3733
0.016 71.5741 17.2718
0.018 79.9247 19.1476
0.02 88.202 20.9978
0.022 96.3973 22.8194
0.024 104.501 24.6096
0.026 112.506 26.3652
0.028 120.4 28.0834
0.03 128.176 29.761
0.032 135.823 31.3949
0.034 143.331 32.9822
0.036 150.69 34.5198
0.038 157.89 36.0045
0.04 164.921 37.4334
0.042 171.772 38.8035
0.044 178.433 40.1118
0.046 184.893 41.3554
0.048 191.141 42.5316
0.05 197.168 43.6377
0.052 202.962 44.6709
0.054 208.513 45.6289
0.056 213.812 46.5094
0.058 218.847 47.3101
0.06 223.611 48.029
0.062 228.093 48.6643
0.064 232.284 49.2144
0.066 236.176 49.6779
0.068 239.76 50.0535
0.07 243.03 50.3404
0.072 245.977 50.5376
0.074 248.595 50.6449
0.076 250.878 50.6619
0.078 252.821 50.5888
0.08 254.418 50.4256
0.082 255.666 50.1731
0.084 256.561 49.832
0.086 257.1 49.4034
0.088 257.282 48.8886
0.09 257.104 48.2893
0.092 256.567 47.6071
0.094 255.67 46.8441
0.096 254.415 46.0027
0.098 252.802 45.0854
0.1 250.835 44.0948
0.102 248.516 43.0339
0.104 245.85 41.9057
0.106 242.84 40.7135
0.108 239.493 39.4608
0.11 235.813 38.151
0.112 231.809 36.7879
0.114 227.486 35.3752
0.116 222.854 33.9169
0.118 217.92 32.4168
0.12 212.694 30.879
0.122 207.185 29.3076
0.124 201.404 27.7067
0.126 195.36 26.0803
0.128 189.067 24.4326
0.13 182.535 22.7676
0.132 175.776 21.0894
0.134 168.802 19.402
0.136 161.628 17.7094
0.138 154.265 16.0154
0.14 146.727 14.3238
0.142 139.029 12.6383
0.144 131.183 10.9624
0.146 123.204 9.29963
0.148 115.106 7.65325
0.15 106.905 6.02644
0.152 98.6132 4.42224
0.154 90.2467 2.8435
0.156 81.8197 1.29293
0.158 73.3468 -0.226932
0.16 64.8428 -1.71374
0.162 56.322 -3.16531
0.164 47.7991 -4.57965
0.166 39.2883 -5.95495
0.168 30.8038 -7.28958
0.17 22.3597 -8.58211
0.172 13.9698 -9.83128
0.174 5.64757 -11.036
0.176 -2.59352 -12.1955
0.178 -10.7405 -13.309
0.18 -18.7805 -14.3759
0.182 -26.7012 -15.396
0.184 -34.4905 -16.3691
0.186 -42.1367 -17.2951
0.188 -49.6284 -18.1743
0.19 -56.9548 -19.0069
0.192 -64.1054 -19.7933
0.194 -71.07 -20.5342
0.196 -77.8391 -21.2303
0.198 -84.4036 -21.8823
0.2 -90.7548 -22.4914
0.202 -96.8846 -23.0584
0.204 -102.785 -23.5847
0.206 -108.45 -24.0713
0.208 -113.871 -24.5196
0.21 -119.044 -24.9311
0.212 -123.962 -25.307
0.214 -128.62 -25.649
0.216 -133.014 -25.9584
0.218 -137.141 -26.237
0.22 -140.996 -26.4861
0.222 -144.576 -26.7074
0.224 -147.88 -26.9025
0.226 -150.906 -27.0729
0.228 -153.652 -27.2201
0.23 -156.118 -27.3457
0.232 -158.303 -27.4511
0.234 -160.208 -27.5378
0.236 -161.835 -27.6073
0.238 -163.183 -27.6608
0.24 -164.256 -27.6996
0.242 -165.055 -27.7251
0.244 -165.584 -27.7383
0.246 -165.846 -27.7404
0.248 -165.844 -27.7324
0.25 -165.584 -27.7153
0.252 -165.071 -27.69
0.254 -164.308 -27.6574
0.256 -163.303 -27.6181
0.258 -162.061 -27.5728
0.26 -160.588 -27.5222
0.262 -158.893 -27.4669
0.264 -156.981 -27.4072
0.266 -154.861 -27.3435
0.268 -152.541 -27.2763
0.27 -150.028 -27.2057
0.272 -147.332 -27.1321
0.274 -144.462 -27.0555
0.276 -141.426 -26.9761
0.278 -138.234 -26.894
0.28 -134.896 -26.8091
0.282 -131.421 -26.7214
0.284 -127.82 -26.631
0.286 -124.102 -26.5376
0.288 -120.279 -26.4412
0.29 -116.359 -26.3416
0.292 -112.354 -26.2387
0.294 -108.275 -26.1323
0.296 -104.131 -26.0222
0.298 -99.9334 -25.9081
0.3 -95.6925 -25.7899
0.302 -91.4185 -25.6674
0.304 -87.1219 -25.5402
0.306 -82.8129 -25.4082
0.308 -78.5014 -25.2712
0.31 -74.1974 -25.1289
0.312 -69.9105 -24.9811
0.314 -65.6501 -24.8276
0.316 -61.4256 -24.6682
0.318 -57.2457 -24.5027
0.32 -53.1191 -24.3308
0.322 -49.0542 -24.1525
0.324 -45.0589 -23.9676
0.326 -41.1408 -23.7758
0.328 -37.3071 -23.577
0.33 -33.5647 -23.3712
0.332 -29.92 -23.1582
0.334 -26.3789 -22.9378
0.336 -22.9471 -22.71
0.338 -19.6296 -22.4747
0.34 -16.431 -22.2318
0.342 -13.3557 -21.9813
0.344 -10.4071 -21.7231
0.346 -7.5886 -21.4572
0.348 -4.90291 -21.1835
0.35 -2.35228 -20.9022
0.352 0.0614892 -20.6131
0.354 2.3371 -20.3164
0.356 4.47371 -20.0121
0.358 6.47095 -19.7002
0.36 8.32888 -19.3809
0.362 10.048 -19.0542
0.364 11.6294 -18.7202
0.366 13.0742 -18.3792
0.368 14.3844 -18.0312
0.37 15.5621 -17.6766
0.372 16.6098 -17.3153
0.374 17.5305 -16.9478
0.376 18.3273 -16.5743
0.378 19.0038 -16.195
0.38 19.5638 -15.8103
0.382 20.0114 -15.4204
0.384 20.351 -15.0258
0.386 20.5872 -14.6268
0.388 20.7247 -14.2238
0.39 20.7685 -13.8172
0.392 20.7237 -13.4075
0.394 20.5955 -12.9951
0.396 20.3893 -12.5806
0.398 20.1105 -12.1645
0.4 19.7645 -11.7472
0.402 19.3569 -11.3294
0.404 18.8932 -10.9116
0.406 18.3789 -10.4944
0.408 17.8195 -10.0783
0.41 17.2203 -9.66403
0.412 16.5867 -9.25215
0.414 15.9239 -8.84328
0.416 15.2371 -8.43805
0.418 14.5312 -8.03707
0.42 13.811 -7.64098
0.422 13.0812 -7.25038
0.424 12.3461 -6.86589
0.426 11.6102 -6.4881
0.428 10.8774 -6.11762
0.43 10.1514 -5.75499
0.432 9.43601 -5.40079
0.434 8.7344 -5.05554
0.436 8.04969 -4.71975
0.438 7.38467 -4.39389
0.44 6.7419 -4.07843
0.442 6.12364 -3.77377
0.444 5.53189 -3.4803
0.446 4.96837 -3.19838
0.448 4.43452 -2.9283
0.45 3.93152 -2.67033
0.452 3.46025 -2.42471
0.454 3.02135 -2.1916
0.456 2.61519 -1.97115
0.458 2.24186 -1.76345
0.46 1.90123 -1.56853
0.462 1.59291 -1.38638
0.464 1.31628 -1.21696
0.466 1.0705 -1.06016
0.468 0.854524 -0.91582
0.47 0.667105 -0.78374
0.472 0.506809 -0.66367
0.474 0.372033 -0.555313
0.476 0.261017 -0.458324
0.478 0.171862 -0.372314
0.48 0.102545 -0.296851
0.482 0.050932 -0.23146
0.484 0.0148006 -0.175628
0.486 -0.00814659 -0.128801
0.488 -0.0202635 -0.0903929
0.49 -0.0239428 -0.0597821
0.492 -0.0215982 -0.0363177
0.494 -0.0156468 -0.0193211
0.496 -0.00849112 -0.00808897
0.498 -0.00250177 -0.00189638
0.05 1.31787 0.876527
0.1 1.31786 0.876506
0.15 1.31785 0.876472
0.2 1.31783 0.876424
0.25 1.3178 0.876362
0.3 1.31777 0.876287
0.35 1.31773 0.876198
0.4 1.31769 0.876095
0.45 1.31764 0.875978
0.5 1.31758 0.875848
0.55 1.31752 0.875704
0.6 1.31745 0.875546
0.65 1.31738 0.875374
0.7 1.31729 0.875188
0.75 1.31721 0.874989
0.8 1.31711 0.874775
0.85 1.31701 0.874548
0.9 1.3169 0.874306
0.95 1.31679 0.874051
1 1.31667 0.873781
1.05 1.31654 0.873498
1.1 1.3164 0.8732
1.15 1.31626 0.872889
1.2 1.31611 0.872563
1.25 1.31595 0.872223
1.3 1.31578 0.871868
1.35 1.31561 0.871499
1.4 1.31543 0.871116
1.45 1.31524 0.870719
1.5 1.31504 0.870307
1.55 1.31483 0.869881
1.6 1.31461 0.86944
1.65 1.31439 0.868984
1.7 1.31415 0.868514
1.75 1.31391 0.868029
1.8 1.31365 0.867529
1.85 1.31339 0.867014
1.9 1.31312 0.866485
1.95 1.31283 0.86594
2 1.31254 0.865381
2.05 1.31223 0.864806
2.1 1.31192 0.864216
2.15 1.31159 0.863611
2.2 1.31125 0.862991
2.25 1.3109 0.862355
2.3 1.31054 0.861704
2.35 1.31016 0.861038
2.4 1.30978 0.860356
2.45 1.30938 0.859658
2.5 1.30897 0.858945
2.55 1.30854 0.858216
2.6 1.3081 0.857471
2.65 1.30765 0.85671
2.7 1.30718 0.855933
2.75 1.3067 0.85514
2.8 1.30621 0.854331
2.85 1.3057 0.853506
2.9 1.30517 0.852664
2.95 1.30463 0.851806
3 1.30408 0.850932
3.05 1.3035 0.850041
3.1 1.30291 0.849134
3.15 1.30231 0.84821
3.2 1.30169 0.847269
3.25 1.30105 0.846311
3.3 1.30039 0.845337
3.35 1.29972 0.844345
3.4 1.29903 0.843337
3.45 1.29832 0.842311
3.5 1.29759 0.841268
3.55 1.29684 0.840208
3.6 1.29607 0.839131
3.65 1.29529 0.838036
3.7 1.29448 0.836924
3.75 1.29366 0.835794
3.8 1.29281 0.834647
3.85 1.29194 0.833482
3.9 1.29105 0.832299
3.95 1.29014 0.831098
4 1.28921 0.829879
4.05 1.28826 0.828643
4.1 1.28728 0.827388
4.15 1.28628 0.826116
4.2 1.28526 0.824825
4.25 1.28422 0.823516
4.3 1.28315 0.822188
4.35 1.28206 0.820843
4.4 1.28095 0.819479
4.45 1.27981 0.818096
4.5 1.27864 0.816695
4.55 1.27746 0.815276
4.6 1.27624 0.813837
4.65 1.275 0.812381
4.7 1.27374 0.810905
4.75 1.27245 0.809411
4.8 1.27113 0.807897
4.85 1.26979 0.806365
4.9 1.26842 0.804814
4.95 1.26702 0.803244
5 1.2656 0.801655
5.05 1.26415 0.800047
5.1 1.26267 0.79842
5.15 1.26116 0.796774
5.2 1.25963 0.795109
5.25 1.25806 0.793425
5.3 1.25647 0.791721
5.35 1.25485 0.789998
5.4 1.2532 0.788256
5.45 1.25152 0.786495
5.5 1.24981 0.784714
5.55 1.24807 0.782915
5.6 1.24631 0.781096
5.65 1.24451 0.779257
5.7 1.24268 0.777399
5.75 1.24082 0.775522
5.8 1.23893 0.773626
5.85 1.23701 0.77171
5.9 1.23506 0.769775
5.95 1.23308 0.767821
6 1.23106 0.765847
6.05 1.22902 0.763854
6.1 1.22694 0.761842
6.15 1.22483 0.759811
6.2 1.22269 0.75776
6.25 1.22052 0.75569
6.3 1.21831 0.753601
6.35 1.21607 0.751493
6.4 1.2138 0.749365
6.45 1.2115 0.747219
6.5 1.20917 0.745053
6.55 1.2068 0.742868
6.6 1.2044 0.740665
6.65 1.20197 0.738442
6.7 1.1995 0.736201
6.75 1.197 0.733941
6.8 1.19447 0.731662
6.85 1.19191 0.729364
6.9 1.18931 0.727048
6.95 1.18668 0.724713
7 1.18402 0.722359
7.05 1.18132 0.719987
7.1 1.17859 0.717597
7.15 1.17583 0.715188
7.2 1.17304 0.712762
7.25 1.17021 0.710317
7.3 1.16735 0.707854
7.35 1.16445 0.705373
7.4 1.16152 0.702874
7.45 1.15856 0.700358
7.5 1.15557 0.697824
7.55 1.15254 0.695272
7.6 1.14949 0.692704
7.65 1.1464 0.690117
7.7 1.14327 0.687514
7.75 1.14012 0.684893
7.8 1.13693 0.682256
7.85 1.13371 0.679601
7.9 1.13045 0.676931
7.95 1.12717 0.674243
8 1.12385 0.671539
8.05 1.12051 0.668819
8.1 1.11713 0.666082
8.15 1.11372 0.66333
8.2 1.11027 0.660562
8.25 1.1068 0.657778
8.3 1.1033 0.654978
8.35 1.09976 0.652164
8.4 1.0962 0.649334
8.45 1.0926 0.646489
8.5 1.08898 0.643629
8.55 1.08532 0.640754
8.6 1.08164 0.637865
8.65 1.07792 0.634961
8.7 1.07418 0.632044
8.75 1.07041 0.629112
8.8 1.06661 0.626167
8.85 1.06278 0.623208
8.9 1.05892 0.620235
8.95 1.05504 0.617249
9 1.05113 0.614251
9.05 1.04719 0.611239
9.1 1.04322 0.608215
9.15 1.03923 0.605178
9.2 1.03521 0.60213
9.25 1.03117 0.599069
9.3 1.0271 0.595997
9.35 1.023 0.592913
9.4 1.01888 0.589817
9.45 1.01474 0.586711
9.5 1.01057 0.583594
9.55 1.00638 0.580466
9.6 1.00216 0.577327
9.65 0.997921 0.574179
9.7 0.993659 0.57102
9.75 0.989375 0.567852
9.8 0.985069 0.564675
9.85 0.980742 0.561488
9.9 0.976393 0.558292
9.95 0.972024 0.555087
10 0.967634 0.551874
10.05 0.963225 0.548653
10.1 0.958796 0.545424
10.15 0.954348 0.542187
10.2 0.949882 0.538943
10.25 0.945397 0.535691
10.3 0.940895 0.532433
10.35 0.936376 0.529168
10.4 0.93184 0.525896
10.45 0.927287 0.522619
10.5 0.922719 0.519335
10.55 0.918136 0.516046
10.6 0.913537 0.512751
10.65 0.908924 0.509452
10.7 0.904297 0.506147
10.75 0.899657 0.502839
10.8 0.895004 0.499525
10.85 0.890338 0.496208
10.9 0.885661 0.492888
10.95 0.880971 0.489564
11 0.876271 0.486236
11.05 0.871561 0.482906
11.1 0.86684 0.479573
11.15 0.86211 0.476238
11.2 0.857371 0.472902
11.25 0.852623 0.469563
11.3 0.847868 0.466223
11.35 0.843105 0.462881
11.4 0.838336 0.459539
11.45 0.833559 0.456197
11.5 0.828778 0.452854
11.55 0.82399 0.449511
11.6 0.819198 0.446168
11.65 0.814402 0.442826
11.7 0.809602 0.439484
11.75 0.804798 0.436144
11.8 0.799992 0.432805
11.85 0.795184 0.429468
11.9 0.790374 0.426133
11.95 0.785563 0.422801
12 0.780752 0.41947
12.05 0.77594 0.416143
12.1 0.771129 0.412819
12.15 0.766318 0.409498
12.2 0.76151 0.406181
12.25 0.756703 0.402868
12.3 0.751899 0.399559
12.35 0.747098 0.396254
12.4 0.7423 0.392955
12.45 0.737507 0.389661
12.5 0.732718 0.386371
12.55 0.727935 0.383088
12.6 0.723157 0.379811
12.65 0.718385 0.376539
12.7 0.71362 0.373275
12.75 0.708863 0.370017
12.8 0.704113 0.366766
12.85 0.699371 0.363522
12.9 0.694638 0.360286
12.95 0.689914 0.357057
13 0.6852 0.353837
13.05 0.680496 0.350625
13.1 0.675803 0.347422
13.15 0.671121 0.344227
13.2 0.66645 0.341042
13.25 0.661792 0.337866
13.3 0.657147 0.3347
13.35 0.652514 0.331543
13.4 0.647895 0.328397
13.45 0.64329 0.325261
13.5 0.6387 0.322136
13.55 0.634124 0.319021
13.6 0.629564 0.315918
13.65 0.62502 0.312826
13.7 0.620492 0.309745
13.75 0.615981 0.306677
13.8 0.611487 0.30362
13.85 0.60701 0.300576
13.9 0.602552 0.297544
13.95 0.598112 0.294525
14 0.59369 0.291518
14.05 0.589288 0.288525
14.1 0.584906 0.285546
14.15 0.580544 0.282579
14.2 0.576202 0.279627
14.25 0.57188 0.276689
14.3 0.56758 0.273764
14.35 0.563302 0.270855
14.4 0.559045 0.267959
14.45 0.554811 0.265079
14.5 0.550599 0.262213
14.55 0.54641 0.259363
14.6 0.542245 0.256528
14.65 0.538103 0.253708
14.7 0.533985 0.250904
14.75 0.529892 0.248116
14.8 0.525823 0.245344
14.85 0.521778 0.242589
14.9 0.517759 0.239849
14.95 0.513766 0.237126
15 0.509798 0.23442
15.05 0.505856 0.231731
15.1 0.501941 0.229058
15.15 0.498052 0.226403
15.2 0.49419 0.223765
15.25 0.490355 0.221145
15.3 0.486547 0.218542
15.35 0.482767 0.215956
15.4 0.479015 0.213389
15.45 0.475291 0.210839
15.5 0.471594 0.208307
15.55 0.467927 0.205794
15.6 0.464287 0.203299
15.65 0.460677 0.200822
15.7 0.457095 0.198364
15.75 0.453543 0.195924
15.8 0.45002 0.193503
15.85 0.446526 0.191101
15.9 0.443062 0.188717
15.95 0.439628 0.186353
16 0.436224 0.184008
16.05 0.432849 0.181681
16.1 0.429505 0.179374
16.15 0.426191 0.177087
16.2 0.422907 0.174818
16.25 0.419654 0.172569
16.3 0.416431 0.17034
16.35 0.413238 0.16813
16.4 0.410077 0.165939
16.45 0.406946 0.163768
16.5 0.403846 0.161617
16.55 0.400776 0.159486
16.6 0.397738 0.157374
16.65 0.39473 0.155282
16.7 0.391754 0.15321
16.75 0.388808 0.151158
16.8 0.385893 0.149125
16.85 0.383009 0.147113
16.9 0.380157 0.14512
16.95 0.377335 0.143147
17 0.374544 0.141194
17.05 0.371783 0.139261
17.1 0.369054 0.137348
17.15 0.366355 0.135455
17.2 0.363688 0.133582
17.25 0.361051 0.131729
17.3 0.358444 0.129895
17.35 0.355868 0.128082
17.4 0.353323 0.126288
17.45 0.350808 0.124514
17.5 0.348323 0.12276
17.55 0.345868 0.121025
17.6 0.343444 0.119311
17.65 0.34105 0.117616
17.7 0.338685 0.115941
17.75 0.33635 0.114285
17.8 0.334045 0.112649
17.85 0.331769 0.111032
17.9 0.329523 0.109435
17.95 0.327305 0.107857
18 0.325117 0.106299
18.05 0.322958 0.104759
18.1 0.320827 0.103239
18.15 0.318725 0.101738
18.2 0.316651 0.100257
18.25 0.314605 0.0987937
18.3 0.312587 0.0973497
18.35 0.310597 0.0959246
18.4 0.308635 0.0945182
18.45 0.306699 0.0931304
18.5 0.304791 0.0917613
18.55 0.30291 0.0904105
18.6 0.301056 0.0890782
18.65 0.299228 0.0877641
18.7 0.297426 0.0864682
18.75 0.29565 0.0851903
18.8 0.2939 0.0839305
18.85 0.292175 0.0826885
18.9 0.290476 0.0814642
18.95 0.288801 0.0802575
19 0.287152 0.0790684
19.05 0.285526 0.0778967
19.1 0.283925 0.0767423
19.15 0.282348 0.075605
19.2 0.280794 0.0744847
19.25 0.279264 0.0733814
19.3 0.277757 0.0722948
19.35 0.276273 0.0712249
19.4 0.274811 0.0701716
19.45 0.273371 0.0691346
19.5 0.271953 0.0681138
19.55 0.270557 0.0671092
19.6 0.269182 0.0661206
19.65 0.267828 0.0651477
19.7 0.266495 0.0641906
19.75 0.265182 0.063249
19.8 0.263889 0.0623229
19.85 0.262616 0.061412
19.9 0.261362 0.0605162
19.95 0.260127 0.0596353
20 0.258912 0.0587693
20.05 0.257714 0.0579179
20.1 0.256535 0.057081
20.15 0.255373 0.0562585
20.2 0.25423 0.0554502
20.25 0.253103 0.0546559
20.3 0.251993 0.0538755
20.35 0.250899 0.0531088
20.4 0.249822 0.0523557
20.45 0.24876 0.051616
20.5 0.247714 0.0508895
20.55 0.246683 0.0501762
20.6 0.245667 0.0494757
20.65 0.244665 0.048788
20.7 0.243678 0.0481129
20.75 0.242704 0.0474502
20.8 0.241744 0.0467998
20.85 0.240797 0.0461614
20.9 0.239863 0.0455351
20.95 0.238941 0.0449205
21 0.238031 0.0443175
21.05 0.237134 0.0437259
21.1 0.236247 0.0431456
21.15 0.235372 0.0425764
21.2 0.234507 0.0420182
21.25 0.233653 0.0414707
21.3 0.23281 0.0409339
21.35 0.231976 0.0404074
21.4 0.231151 0.0398913
21.45 0.230336 0.0393853
21.5 0.229529 0.0388892
21.55 0.228731 0.0384029
21.6 0.227941 0.0379262
21.65 0.227159 0.037459
21.7 0.226385 0.0370011
21.75 0.225618 0.0365523
21.8 0.224858 0.0361124
21.85 0.224104 0.0356814
21.9 0.223357 0.0352589
21.95 0.222616 0.034845
22 0.22188 0.0344394
22.05 0.22115 0.0340419
22.1 0.220425 0.0336524
22.15 0.219705 0.0332708
22.2 0.218989 0.0328968
22.25 0.218277 0.0325304
22.3 0.21757 0.0321713
22.35 0.216866 0.0318195
22.4 0.216165 0.0314747
22.45 0.215468 0.0311368
22.5 0.214773 0.0308057
22.55 0.214081 0.0304811
22.6 0.213392 0.0301631
22.65 0.212704 0.0298513
22.7 0.212018 0.0295457
22.75 0.211333 0.0292461
22.8 0.21065 0.0289523
22.85 0.209968 0.0286643
22.9 0.209286 0.0283819
22.95 0.208605 0.0281049
23 0.207925 0.0278332
23.05 0.207244 0.0275667
23.1 0.206563 0.0273052
23.15 0.205882 0.0270486
23.2 0.2052 0.0267967
23.25 0.204517 0.0265495
23.3 0.203834 0.0263068
23.35 0.203149 0.0260684
23.4 0.202462 0.0258343
23.45 0.201774 0.0256043
23.5 0.201084 0.0253783
23.55 0.200392 0.0251561
23.6 0.199697 0.0249377
23.65 0.199 0.0247229
23.7 0.198301 0.0245117
23.75 0.197599 0.0243038
23.8 0.196893 0.0240992
23.85 0.196185 0.0238977
23.9 0.195473 0.0236994
23.95 0.194758 0.0235039
24 0.19404 0.0233113
24.05 0.193318 0.0231214
24.1 0.192591 0.0229342
24.15 0.191861 0.0227495
24.2 0.191127 0.0225672
24.25 0.190388 0.0223873
24.3 0.189645 0.0222096
24.35 0.188898 0.022034
24.4 0.188146 0.0218605
24.45 0.187389 0.0216889
24.5 0.186627 0.0215192
24.55 0.18586 0.0213513
24.6 0.185089 0.021185
24.65 0.184312 0.0210204
24.7 0.18353 0.0208574
24.75 0.182743 0.0206957
24.8 0.181951 0.0205355
24.85 0.181153 0.0203765
24.9 0.180349 0.0202188
24.95 0.17954 0.0200623
25 0.178726 0.0199068
25.05 0.177905 0.0197523
25.1 0.17708 0.0195988
25.15 0.176248 0.0194462
25.2 0.175411 0.0192944
25.25 0.174567 0.0191434
25.3 0.173718 0.0189931
25.35 0.172863 0.0188434
25.4 0.172002 0.0186943
25.45 0.171136 0.0185458
25.5 0.170263 0.0183977
25.55 0.169385 0.0182501
25.6 0.1685 0.0181029
25.65 0.16761 0.0179561
25.7 0.166714 0.0178095
25.75 0.165811 0.0176632
25.8 0.164903 0.0175172
25.85 0.163989 0.0173713
25.9 0.16307 0.0172255
25.95 0.162144 0.0170799
26 0.161213 0.0169344
26.05 0.160276 0.0167889
26.1 0.159333 0.0166434
26.15 0.158384 0.0164979
26.2 0.15743 0.0163524
26.25 0.15647 0.0162068
26.3 0.155505 0.0160611
26.35 0.154534 0.0159153
26.4 0.153558 0.0157694
26.45 0.152577 0.0156233
26.5 0.15159 0.0154771
26.55 0.150598 0.0153307
26.6 0.149601 0.0151841
26.65 0.148599 0.0150373
26.7 0.147592 0.0148903
26.75 0.14658 0.0147431
26.8 0.145563 0.0145956
26.85 0.144542 0.0144478
26.9 0.143516 0.0142999
26.95 0.142485 0.0141517
27 0.14145 0.0140032
27.05 0.140411 0.0138544
27.1 0.139367 0.0137054
27.15 0.138319 0.0135562
27.2 0.137268 0.0134067
27.25 0.136212 0.013257
27.3 0.135153 0.013107
27.35 0.13409 0.0129567
27.4 0.133023 0.0128063
27.45 0.131953 0.0126556
27.5 0.13088 0.0125047
27.55 0.129803 0.0123536
27.6 0.128724 0.0122022
27.65 0.127641 0.0120508
27.7 0.126556 0.0118991
27.75 0.125468 0.0117473
27.8 0.124377 0.0115954
27.85 0.123285 0.0114433
27.9 0.122189 0.0112911
27.95 0.121092 0.0111388
28 0.119993 0.0109865
28.05 0.118892 0.0108341
28.1 0.117789 0.0106817
28.15 0.116685 0.0105293
28.2 0.115579 0.0103768
28.25 0.114472 0.0102245
28.3 0.113364 0.0100721
28.35 0.112255 0.00991988
28.4 0.111146 0.00976773
28.45 0.110035 0.00961571
28.5 0.108924 0.00946385
28.55 0.107813 0.00931216
28.6 0.106701 0.00916068
28.65 0.105589 0.00900943
28.7 0.104478 0.00885844
28.75 0.103366 0.00870774
28.8 0.102256 0.00855735
28.85 0.101145 0.0084073
28.9 0.100035 0.00825763
28.95 0.0989266 0.00810835
29 0.0978188 0.00795951
29.05 0.0967121 0.00781112
29.1 0.0956067 0.00766322
29.15 0.0945028 0.00751584
29.2 0.0934004 0.00736901
29.25 0.0922999 0.00722276
29.3 0.0912013 0.00707711
29.35 0.0901047 0.00693211
29.4 0.0890103 0.00678777
29.45 0.0879183 0.00664413
29.5 0.0868289 0.00650123
29.55 0.085742 0.00635909
29.6 0.084658 0.00621774
29.65 0.083577 0.00607721
29.7 0.082499 0.00593753
29.75 0.0814243 0.00579874
29.8 0.080353 0.00566087
29.85 0.0792852 0.00552393
29.9 0.0782211 0.00538798
29.95 0.0771608 0.00525302
30 0.0761045 0.00511911
30.05 0.0750522 0.00498625
30.1 0.0740042 0.00485449
30.15 0.0729606 0.00472385
30.2 0.0719214 0.00459436
30.25 0.0708869 0.00446605
30.3 0.0698571 0.00433894
30.35 0.0688322 0.00421308
30.4 0.0678124 0.00408847
30.45 0.0667976 0.00396516
30.5 0.0657882 0.00384316
30.55 0.0647841 0.00372251
30.6 0.0637856 0.00360322
30.65 0.0627926 0.00348533
30.7 0.0618055 0.00336886
30.75 0.0608241 0.00325383
30.8 0.0598488 0.00314028
30.85 0.0588796 0.00302821
30.9 0.0579165 0.00291766
30.95 0.0569597 0.00280865
31 0.0560094 0.0027012
31.05 0.0550656 0.00259534
31.1 0.0541283 0.00249107
31.15 0.0531978 0.00238843
31.2 0.0522741 0.00228743
31.25 0.0513573 0.0021881
31.3 0.0504475 0.00209045
31.35 0.0495448 0.0019945
31.4 0.0486492 0.00190027
31.45 0.0477609 0.00180777
31.5 0.04688 0.00171702
31.55 0.0460064 0.00162804
31.6 0.0451404 0.00154084
31.65 0.0442819 0.00145543
31.7 0.0434311 0.00137184
31.75 0.042588 0.00129007
31.8 0.0417527 0.00121013
31.85 0.0409253 0.00113204
31.9 0.0401058 0.0010558
31.95 0.0392942 0.000981438
32 0.0384907 0.000908949
32.05 0.0376953 0.000838346
32.1 0.0369081 0.000769638
32.15 0.036129 0.000702831
32.2 0.0353582 0.000637932
32.25 0.0345957 0.000574947
32.3 0.0338416 0.000513882
32.35 0.0330958 0.000454742
32.4 0.0323584 0.000397529
32.45 0.0316296 0.000342247
32.5 0.0309092 0.000288899
32.55 0.0301973 0.000237485
32.6 0.029494 0.000188008
32.65 0.0287993 0.000140467
32.7 0.0281132 9.4862e-05
32.75 0.0274357 5.11914e-05
32.8 0.0267668 9.45346e-06
32.85 0.0261067 -3.03545e-05
32.9 0.0254552 -6.82358e-05
32.95 0.0248124 -0.000104195
33 0.0241783 -0.000138235
33.05 0.0235529 -0.000170364
33.1 0.0229363 -0.000200586
33.15 0.0223283 -0.000228909
33.2 0.0217291 -0.000255341
33.25 0.0211386 -0.000279889
33.3 0.0205568 -0.000302562
33.35 0.0199837 -0.00032337
33.4 0.0194193 -0.000342323
33.45 0.0188636 -0.000359432
33.5 0.0183166 -0.00037471
33.55 0.0177782 -0.000388166
33.6 0.0172485 -0.000399816
33.65 0.0167274 -0.000409672
33.7 0.0162149 -0.000417747
33.75 0.0157109 -0.000424058
33.8 0.0152155 -0.000428619
33.85 0.0147287 -0.000431446
33.9 0.0142503 -0.000432556
33.95 0.0137803 -0.000431965
34 0.0133188 -0.000429692
34.05 0.0128657 -0.000425754
34.1 0.0124209 -0.00042017
34.15 0.0119845 -0.00041296
34.2 0.0115563 -0.000404143
34.25 0.0111363 -0.00039374
34.3 0.0107245 -0.000381771
34.35 0.0103208 -0.000368257
34.4 0.00992525 -0.000353222
34.45 0.00953769 -0.000336686
34.5 0.0091581 -0.000318672
34.55 0.00878644 -0.000299205
34.6 0.00842264 -0.000278306
34.65 0.00806665 -0.000256001
34.7 0.00771841 -0.000232314
34.75 0.00737786 -0.000207269
34.8 0.00704494 -0.000180892
34.85 0.00671959 -0.000153209
34.9 0.00640173 -0.000124245
34.95 0.0060913 -9.4027e-05
35 0.00578825 -6.25812e-05
35.05 0.00549248 -2.99349e-05
35.1 0.00520395 3.88479e-06
35.15 0.00492257 3.88502e-05
35.2 0.00464828 7.49336e-05
35.25 0.004381 0.000112107
35.3 0.00412066 0.000150341
35.35 0.00386717 0.000189609
35.4 0.00362047 0.00022988
35.45 0.00338047 0.000271126
35.5 0.00314711 0.000313318
35.55 0.00292029 0.000356425
35.6 0.00269994 0.00040042
35.65 0.00248597 0.000445271
35.7 0.00227831 0.000490949
35.75 0.00207687 0.000537423
35.8 0.00188158 0.000584665
35.85 0.00169233 0.000632642
35.9 0.00150906 0.000681326
35.95 0.00133167 0.000730684
36 0.00116008 0.000780688
36.05 0.000994196 0.000831306
36.1 0.000833941 0.000882508
36.15 0.000679225 0.000934264
36.2 0.000529959 0.000986541
36.25 0.000386054 0.00103931
36.3 0.000247423 0.00109254
36.35 0.000113977 0.0011462
36.4 -1.43736e-05 0.00120027
36.45 -0.000137718 0.0012547
36.5 -0.000256145 0.00130947
36.55 -0.000369745 0.00136455
36.6 -0.000478608 0.00141991
36.65 -0.000582822 0.00147551
36.7 -0.000682479 0.00153134
36.75 -0.000777668 0.00158735
36.8 -0.000868478 0.00164353
36.85 -0.000955 0.00169983
36.9 -0.00103732 0.00175623
36.95 -0.00111554 0.0018127
37 -0.00118973 0.00186922
37.05 -0.00126 0.00192575
37.1 -0.00132642 0.00198226
37.15 -0.00138909 0.00203873
37.2 -0.00144809 0.00209512
37.25 -0.00150352 0.00215142
37.3 -0.00155546 0.00220759
37.35 -0.001604 0.0022636
37.4 -0.00164923 0.00231943
37.45 -0.00169123 0.00237505
37.5 -0.00173008 0.00243044
37.55 -0.00176589 0.00248556
37.6 -0.00179872 0.0025404
37.65 -0.00182866 0.00259492
37.7 -0.00185581 0.0026491
37.75 -0.00188023 0.00270292
37.8 -0.00190202 0.00275635
37.85 -0.00192125 0.00280937
37.9 -0.00193802 0.00286196
37.95 -0.00195239 0.00291408
38 -0.00196445 0.00296572
38.05 -0.00197427 0.00301686
38.1 -0.00198195 0.00306747
38.15 -0.00198754 0.00311753
38.2 -0.00199114 0.00316702
38.25 -0.00199282 0.00321591
38.3 -0.00199264 0.0032642
38.35 -0.0019907 0.00331185
38.4 -0.00198705 0.00335885
38.45 -0.00198178 0.00340518
38.5 -0.00197495 0.00345081
38.55 -0.00196663 0.00349574
38.6 -0.0019569 0.00353994
38.65 -0.00194583 0.0035834
38.7 -0.00193347 0.0036261
38.75 -0.0019199 0.00366802
38.8 -0.00190519 0.00370914
38.85 -0.00188939 0.00374946
38.9 -0.00187258 0.00378895
38.95 -0.00185481 0.0038276
39 -0.00183615 0.0038654
39.05 -0.00181665 0.00390233
39.1 -0.00179638 0.00393838
39.15 -0.0017754 0.00397354
39.2 -0.00175375 0.0040078
39.25 -0.00173151 0.00404113
39.3 -0.00170872 0.00407354
39.35 -0.00168543 0.00410502
39.4 -0.00166171 0.00413554
39.45 -0.00163759 0.00416511
39.5 -0.00161314 0.00419371
39.55 -0.0015884 0.00422133
39.6 -0.00156342 0.00424797
39.65 -0.00153825 0.00427362
39.7 -0.00151292 0.00429827
39.75 -0.0014875 0.00432191
39.8 -0.00146201 0.00434455
39.85 -0.00143651 0.00436616
39.9 -0.00141103 0.00438676
39.95 -0.00138561 0.00440633
40 -0.0013603 0.00442486
40.05 -0.00133513 0.00444237
40.1 -0.00131013 0.00445883
40.15 -0.00128535 0.00447426
40.2 -0.00126082 0.00448864
40.25 -0.00123656 0.00450198
40.3 -0.00121262 0.00451427
40.35 -0.00118902 0.00452552
40.4 -0.00116579 0.00453572
40.45 -0.00114297 0.00454488
40.5 -0.00112057 0.00455299
40.55 -0.00109862 0.00456005
40.6 -0.00107716 0.00456608
40.65 -0.0010562 0.00457106
40.7 -0.00103576 0.00457501
40.75 -0.00101588 0.00457792
40.8 -0.000996565 0.00457979
40.85 -0.000977839 0.00458064
40.9 -0.00095972 0.00458047
40.95 -0.000942227 0.00457928
41 -0.000925376 0.00457707
41.05 -0.000909183 0.00457386
41.1 -0.000893661 0.00456964
41.15 -0.000878825 0.00456443
41.2 -0.000864686 0.00455823
41.25 -0.000851257 0.00455104
41.3 -0.000838547 0.00454289
41.35 -0.000826567 0.00453376
41.4 -0.000815325 0.00452367
41.45 -0.000804828 0.00451264
41.5 -0.000795083 0.00450066
41.55 -0.000786096 0.00448775
41.6 -0.000777873 0.00447392
41.65 -0.000770415 0.00445918
41.7 -0.000763728 0.00444353
41.75 -0.000757813 0.00442699
41.8 -0.000752672 0.00440958
41.85 -0.000748305 0.00439129
41.9 -0.000744713 0.00437214
41.95 -0.000741893 0.00435215
42 -0.000739845 0.00433132
42.05 -0.000738566 0.00430967
42.1 -0.000738052 0.00428721
42.15 -0.0007383 0.00426396
42.2 -0.000739305 0.00423992
42.25 -0.000741061 0.00421511
42.3 -0.000743562 0.00418954
42.35 -0.000746803 0.00416324
42.4 -0.000750774 0.0041362
42.45 -0.000755469 0.00410845
42.5 -0.000760879 0.00407999
42.55 -0.000766994 0.00405085
42.6 -0.000773804 0.00402104
42.65 -0.0007813 0.00399058
42.7 -0.000789471 0.00395947
42.75 -0.000798305 0.00392774
42.8 -0.000807789 0.0038954
42.85 -0.000817913 0.00386246
42.9 -0.000828663 0.00382894
42.95 -0.000840025 0.00379486
43 -0.000851986 0.00376023
43.05 -0.000864533 0.00372508
43.1 -0.000877649 0.0036894
43.15 -0.000891321 0.00365323
43.2 -0.000905533 0.00361657
43.25 -0.000920269 0.00357945
43.3 -0.000935514 0.00354187
43.35 -0.000951252 0.00350387
43.4 -0.000967465 0.00346544
43.45 -0.000984137 0.00342661
43.5 -0.00100125 0.0033874
43.55 -0.00101879 0.00334783
43.6 -0.00103674 0.0033079
43.65 -0.00105507 0.00326764
43.7 -0.00107378 0.00322705
43.75 -0.00109284 0.00318617
43.8 -0.00111223 0.00314501
43.85 -0.00113195 0.00310357
43.9 -0.00115196 0.00306188
43.95 -0.00117225 0.00301996
44 -0.0011928 0.00297782
44.05 -0.0012136 0.00293548
44.1 -0.00123461 0.00289295
44.15 -0.00125584 0.00285025
44.2 -0.00127724 0.0028074
44.25 -0.00129882 0.00276441
44.3 -0.00132054 0.0027213
44.35 -0.0013424 0.00267808
44.4 -0.00136436 0.00263478
44.45 -0.00138642 0.0025914
44.5 -0.00140854 0.00254796
44.55 -0.00143073 0.00250448
44.6 -0.00145294 0.00246097
44.65 -0.00147518 0.00241745
44.7 -0.00149741 0.00237393
44.75 -0.00151963 0.00233043
44.8 -0.00154181 0.00228696
44.85 -0.00156393 0.00224354
44.9 -0.00158598 0.00220017
44.95 -0.00160794 0.00215689
45 -0.00162979 0.00211369
45.05 -0.00165152 0.0020706
45.1 -0.00167311 0.00202763
45.15 -0.00169453 0.00198478
45.2 -0.00171578 0.00194208
45.25 -0.00173684 0.00189954
45.3 -0.00175769 0.00185717
45.35 -0.00177832 0.00181498
45.4 -0.00179871 0.00177299
45.45 -0.00181885 0.0017312
45.5 -0.00183871 0.00168964
45.55 -0.00185829 0.00164831
45.6 -0.00187758 0.00160722
45.65 -0.00189655 0.00156639
45.7 -0.0019152 0.00152582
45.75 -0.0019335 0.00148553
45.8 -0.00195146 0.00144553
45.85 -0.00196905 0.00140583
45.9 -0.00198626 0.00136644
45.95 -0.00200308 0.00132736
46 -0.0020195 0.00128862
46.05 -0.00203551 0.00125021
46.1 -0.0020511 0.00121215
46.15 -0.00206625 0.00117445
46.2 -0.00208096 0.00113711
46.25 -0.00209521 0.00110015
46.3 -0.002109 0.00106357
46.35 -0.00212232 0.00102738
46.4 -0.00213515 0.000991584
46.45 -0.0021475 0.000956197
46.5 -0.00215935 0.000921222
46.55 -0.00217069 0.000886667
46.6 -0.00218152 0.000852539
46.65 -0.00219183 0.000818843
46.7 -0.00220162 0.000785586
46.75 -0.00221088 0.000752774
46.8 -0.0022196 0.000720412
46.85 -0.00222777 0.000688506
46.9 -0.0022354 0.000657061
46.95 -0.00224248 0.000626081
47 -0.00224901 0.000595572
47.05 -0.00225498 0.000565538
47.1 -0.00226038 0.000535982
47.15 -0.00226522 0.000506908
47.2 -0.0022695 0.000478321
47.25 -0.0022732 0.000450223
47.3 -0.00227634 0.000422617
47.35 -0.00227891 0.000395506
47.4 -0.0022809 0.000368892
47.45 -0.00228233 0.000342778
47.5 -0.00228318 0.000317166
47.55 -0.00228345 0.000292057
47.6 -0.00228316 0.000267454
47.65 -0.0022823 0.000243356
47.7 -0.00228087 0.000219765
47.75 -0.00227887 0.000196683
47.8 -0.00227631 0.000174109
47.85 -0.00227319 0.000152043
47.9 -0.00226951 0.000130486
47.95 -0.00226528 0.000109438
48 -0.00226049 8.88979e-05
48.05 -0.00225515 6.88651e-05
48.1 -0.00224928 4.93389e-05
48.15 -0.00224286 3.03182e-05
48.2 -0.00223591 1.18016e-05
48.25 -0.00222843 -6.21242e-06
48.3 -0.00222043 -2.37256e-05
48.35 -0.00221191 -4.07398e-05
48.4 -0.00220288 -5.72574e-05
48.45 -0.00219335 -7.32805e-05
48.5 -0.00218332 -8.88119e-05
48.55 -0.0021728 -0.000103854
48.6 -0.00216179 -0.00011841
48.65 -0.00215031 -0.000132484
48.7 -0.00213837 -0.000146077
48.75 -0.00212596 -0.000159195
48.8 -0.0021131 -0.00017184
48.85 -0.0020998 -0.000184016
48.9 -0.00208607 -0.000195728
48.95 -0.00207191 -0.00020698
49 -0.00205733 -0.000217775
49.05 -0.00204235 -0.000228119
49.1 -0.00202697 -0.000238016
49.15 -0.0020112 -0.00024747
49.2 -0.00199506 -0.000256488
49.25 -0.00197855 -0.000265074
49.3 -0.00196168 -0.000273232
49.35 -0.00194447 -0.00028097
49.4 -0.00192692 -0.000288291
49.45 -0.00190905 -0.000295202
49.5 -0.00189086 -0.000301708
49.55 -0.00187238 -0.000307815
49.6 -0.00185359 -0.000313529
49.65 -0.00183453 -0.000318856
49.7 -0.0018152 -0.000323803
49.75 -0.00179561 -0.000328374
49.8 -0.00177578 -0.000332578
49.85 -0.00175571 -0.00033642
49.9 -0.00173542 -0.000339907
49.95 -0.00171491 -0.000343045
50 -0.00169421 -0.000345841
