-0.498 -7.39595e-05 -7.52379e-06
-0.496 -0.000300472 -3.40302e-05
-0.494 -0.000688399 -8.61234e-05
-0.492 -0.00124911 -0.000171294
-0.49 -0.00199641 -0.000297851
-0.488 -0.00294646 -0.000474851
-0.486 -0.0041177 -0.000712013
-0.484 -0.00553068 -0.00101964
-0.482 -0.00720798 -0.00140851
-0.48 -0.00917405 -0.0018898
-0.478 -0.011455 -0.00247497
-0.476 -0.0140786 -0.00317566
-0.474 -0.0170738 -0.00400358
-0.472 -0.0204707 -0.00497039
-0.47 -0.0243004 -0.00608759
-0.468 -0.0285947 -0.00736641
-0.466 -0.0333859 -0.00881765
-0.464 -0.0387064 -0.0104516
-0.462 -0.0445889 -0.012278
-0.46 -0.0510654 -0.0143056
-0.458 -0.0581678 -0.0165425
-0.456 -0.065927 -0.0189957
-0.454 -0.074373 -0.021671
-0.452 -0.0835345 -0.0245732
-0.45 -0.0934387 -0.0277055
-0.448 -0.104111 -0.0310697
-0.446 -0.115575 -0.0346663
-0.444 -0.127852 -0.0384939
-0.442 -0.14096 -0.0425495
-0.44 -0.154915 -0.0468281
-0.438 -0.169731 -0.0513231
-0.436 -0.185418 -0.0560257
-0.434 -0.201982 -0.0609252
-0.432 -0.219426 -0.0660089
-0.43 -0.23775 -0.0712619
-0.428 -0.25695 -0.076667
-0.426 -0.277018 -0.0822053
-0.424 -0.297942 -0.0878552
-0.422 -0.319704 -0.0935932
-0.42 -0.342286 -0.0993938
-0.418 -0.365662 -0.105229
-0.416 -0.389804 -0.111069
-0.414 -0.414677 -0.116881
-0.412 -0.440244 -0.122632
-0.41 -0.466464 -0.128285
-0.408 -0.49329 -0.133803
-0.406 -0.520671 -0.139146
-0.404 -0.548553 -0.144272
-0.402 -0.576878 -0.149138
-0.4 -0.605581 -0.1537
-0.398 -0.634597 -0.157912
-0.396 -0.663856 -0.161727
-0.394 -0.693283 -0.165096
-0.392 -0.722802 -0.167971
-0.39 -0.752332 -0.170301
-0.388 -0.78179 -0.172037
-0.386 -0.811089 -0.173127
-0.384 -0.840142 -0.17352
-0.382 -0.868858 -0.173166
-0.38 -0.897143 -0.172013
-0.378 -0.924904 -0.170011
-0.376 -0.952045 -0.167111
-0.374 -0.978468 -0.163263
-0.372 -1.00408 -0.15842
-0.37 -1.02877 -0.152535
-0.368 -1.05246 -0.145563
-0.366 -1.07503 -0.137462
-0.364 -1.0964 -0.128189
-0.362 -1.11646 -0.117705
-0.36 -1.13513 -0.105976
-0.358 -1.15231 -0.0929665
-0.356 -1.1679 -0.0786463
-0.354 -1.18181 -0.0629881
-0.352 -1.19397 -0.0459679
-0.35 -1.20429 -0.0275653
-0.348 -1.21268 -0.00776415
-0.346 -1.21907 0.0134479
-0.344 -1.22339 0.0360788
-0.342 -1.22557 0.0601318
-0.34 -1.22555 0.0856056
-0.338 -1.22327 0.112494
-0.336 -1.21867 0.140785
-0.334 -1.21172 0.170464
-0.332 -1.20236 0.201507
-0.33 -1.19057 0.233887
-0.328 -1.17632 0.267571
-0.326 -1.15958 0.302521
-0.324 -1.14035 0.338692
-0.322 -1.11861 0.376034
-0.32 -1.09436 0.414491
-0.318 -1.06761 0.454001
-0.316 -1.03838 0.494495
-0.314 -1.00669 0.535902
-0.312 -0.97256 0.57814
-0.31 -0.93604 0.621127
-0.308 -0.89717 0.66477
-0.306 -0.856003 0.708975
-0.304 -0.812598 0.753642
-0.302 -0.767024 0.798663
-0.3 -0.719353 0.843929
-0.298 -0.669669 0.889325
-0.296 -0.618057 0.934731
-0.294 -0.564614 0.980026
-0.292 -0.509438 1.02508
-0.29 -0.452638 1.06977
-0.288 -0.394324 1.11396
-0.286 -0.334612 1.15751
-0.284 -0.273626 1.20029
-0.282 -0.211489 1.24217
-0.28 -0.148331 1.28299
-0.278 -0.0842842 1.32263
-0.276 -0.0194835 1.36094
-0.274 0.0459345 1.39779
-0.272 0.111832 1.43303
-0.27 0.178069 1.46654
-0.268 0.244506 1.49817
-0.266 0.311006 1.52781
-0.264 0.377429 1.55531
-0.262 0.443641 1.58057
-0.26 0.509506 1.60345
-0.258 0.574895 1.62385
-0.256 0.639679 1.64166
-0.254 0.703737 1.65678
-0.252 0.766949 1.6691
-0.25 0.829203 1.67855
-0.248 0.890392 1.68505
-0.246 0.950415 1.68851
-0.244 1.00918 1.68888
-0.242 1.0666 1.68611
-0.24 1.12261 1.68014
-0.238 1.17712 1.67095
-0.236 1.23008 1.65851
-0.234 1.28145 1.64279
-0.232 1.33118 1.6238
-0.23 1.37924 1.60155
-0.228 1.42561 1.57604
-0.226 1.47028 1.54732
-0.224 1.51326 1.5154
-0.222 1.55456 1.48036
-0.22 1.5942 1.44224
-0.218 1.63222 1.40112
-0.216 1.66866 1.35708
-0.214 1.70358 1.31022
-0.212 1.73706 1.26063
-0.21 1.76916 1.20844
-0.208 1.79999 1.15377
-0.206 1.82965 1.09674
-0.204 1.85824 1.03752
-0.202 1.88589 0.976238
-0.2 1.91273 0.913068
-0.198 1.9389 0.848177
-0.196 1.96456 0.78174
-0.194 1.98987 0.713943
-0.192 2.01498 0.644977
-0.19 2.04009 0.575036
-0.188 2.06536 0.504324
-0.186 2.091 0.433048
-0.184 2.11719 0.361418
-0.182 2.14414 0.28965
-0.18 2.17205 0.21796
-0.178 2.20113 0.146568
-0.176 2.2316 0.0756961
-0.174 2.26368 0.00556604
-0.172 2.29757 -0.0635996
-0.17 2.33351 -0.131579
-0.168 2.3717 -0.198151
-0.166 2.41238 -0.263096
-0.164 2.45576 -0.326197
-0.162 2.50206 -0.387242
-0.16 2.55149 -0.446018
-0.158 2.60428 -0.502321
-0.156 2.66062 -0.555948
-0.154 2.72072 -0.606705
-0.152 2.78479 -0.654399
-0.15 2.85302 -0.698849
-0.148 2.9256 -0.739876
-0.146 3.00272 -0.777311
-0.144 3.08454 -0.810992
-0.142 3.17123 -0.840764
-0.14 3.26296 -0.866482
-0.138 3.35988 -0.888009
-0.136 3.46213 -0.905217
-0.134 3.56984 -0.917987
-0.132 3.68313 -0.926209
-0.13 3.80212 -0.929785
-0.128 3.92691 -0.928623
-0.126 4.0576 -0.922645
-0.124 4.19425 -0.91178
-0.122 4.33695 -0.895969
-0.12 4.48576 -0.875161
-0.118 4.64071 -0.849318
-0.116 4.80185 -0.818408
-0.114 4.9692 -0.782414
-0.112 5.14277 -0.741325
-0.11 5.32257 -0.695141
-0.108 5.50859 -0.643873
-0.106 5.7008 -0.58754
-0.104 5.89918 -0.526171
-0.102 6.10368 -0.459804
-0.1 6.31424 -0.388487
-0.098 6.5308 -0.312276
-0.096 6.75328 -0.231236
-0.094 6.9816 -0.145442
-0.092 7.21565 -0.0549753
-0.09 7.45532 0.0400739
-0.088 7.70049 0.139607
-0.086 7.95103 0.243517
-0.084 8.2068 0.351691
-0.082 8.46764 0.464007
-0.08 8.73338 0.580336
-0.078 9.00386 0.700542
-0.076 9.27888 0.824482
-0.074 9.55824 0.952005
-0.072 9.84175 1.08295
-0.07 10.1292 1.21717
-0.068 10.4203 1.35447
-0.066 10.7148 1.49469
-0.064 11.0126 1.63764
-0.062 11.3132 1.78313
-0.06 11.6165 1.93096
-0.058 11.9222 2.08094
-0.056 12.2299 2.23285
-0.054 12.5394 2.38647
-0.052 12.8503 2.54159
-0.05 13.1623 2.69798
-0.048 13.475 2.8554
-0.046 13.788 3.01362
-0.044 14.1011 3.17239
-0.042 14.4138 3.33145
-0.04 14.7257 3.49057
-0.038 15.0363 3.64947
-0.036 15.3454 3.80789
-0.034 15.6524 3.96556
-0.032 15.957 4.12221
-0.03 16.2586 4.27756
-0.028 16.5568 4.43133
-0.026 16.8511 4.58325
-0.024 17.1411 4.73302
-0.022 17.4262 4.88037
-0.02 17.7061 5.02501
-0.018 17.9801 5.16665
-0.016 18.2479 5.30501
-0.014 18.5089 5.43981
-0.012 18.7626 5.57077
-0.01 19.0086 5.69763
-0.008 19.2463 5.8201
-0.006 19.4752 5.93792
-0.004 19.695 6.05084
-0.002 19.9051 6.15862
0 20.105 6.261
0.002 20.2944 6.35776
0.004 20.4728 6.44868
0.006 20.6398 6.53356
0.008 20.795 6.6122
0.01 20.938 6.68442
0.012 21.0685 6.75006
0.014 21.1862 6.80898
0.016 21.2907 6.86103
0.018 21.3817 6.9061
0.02 21.4591 6.9441
0.022 21.5225 6.97494
0.024 21.5719 6.99857
0.026 21.6069 7.01493
0.028 21.6276 7.02402
0.03 21.6337 7.02582
0.032 21.6252 7.02036
0.034 21.6021 7.00766
0.036 21.5643 6.98778
0.038 21.5119 6.9608
0.04 21.4449 6.92681
0.042 21.3633 6.88591
0.044 21.2674 6.83825
0.046 21.1572 6.78396
0.048 21.0329 6.7232
0.05 20.8947 6.65616
0.052 20.7429 6.58303
0.054 20.5776 6.50403
0.056 20.3991 6.41936
0.058 20.2078 6.32927
0.06 20.0039 6.234
0.062 19.7879 6.13381
0.064 19.56 6.02897
0.066 19.3206 5.91976
0.068 19.0702 5.80645
0.07 18.8091 5.68935
0.072 18.5378 5.56873
0.074 18.2567 5.44491
0.076 17.9662 5.31819
0.078 17.6669 5.18888
0.08 17.3592 5.05727
0.082 17.0435 4.92369
0.084 16.7204 4.78843
0.086 16.3903 4.6518
0.088 16.0538 4.5141
0.09 15.7112 4.37563
0.092 15.3632 4.23669
0.094 15.0102 4.09757
0.096 14.6526 3.95854
0.098 14.2911 3.81988
0.1 13.926 3.68186
0.102 13.5579 3.54474
0.104 13.1871 3.40877
0.106 12.8143 3.27419
0.108 12.4398 3.14123
0.11 12.064 3.01011
0.112 11.6876 2.88103
0.114 11.3107 2.75421
0.116 10.934 2.62981
0.118 10.5578 2.50802
0.12 10.1825 2.389
0.122 9.80846 2.27289
0.124 9.43611 2.15984
0.126 9.0658 2.04996
0.128 8.69788 1.94336
0.13 8.33268 1.84014
0.132 7.97055 1.7404
0.134 7.61179 1.64419
0.136 7.2567 1.55159
0.138 6.90557 1.46263
0.14 6.55867 1.37736
0.142 6.21627 1.2958
0.144 5.87862 1.21797
0.146 5.54595 1.14386
0.148 5.21848 1.07346
0.15 4.89642 1.00677
0.152 4.57997 0.943737
0.154 4.26932 0.884338
0.156 3.96462 0.82852
0.158 3.66606 0.776228
0.16 3.37376 0.727398
0.162 3.08787 0.681957
0.164 2.80851 0.639826
0.166 2.5358 0.600921
0.168 2.26983 0.565149
0.17 2.0107 0.532413
0.172 1.75849 0.502612
0.174 1.51326 0.475638
0.176 1.27508 0.451381
0.178 1.044 0.429727
0.18 0.82005 0.410558
0.182 0.603269 0.393756
0.184 0.393675 0.379198
0.186 0.191281 0.366763
0.188 -0.00391251 0.356325
0.19 -0.19191 0.34776
0.192 -0.372725 0.340942
0.194 -0.546383 0.335749
0.196 -0.712912 0.332054
0.198 -0.872354 0.329735
0.2 -1.02475 0.328671
0.202 -1.17017 0.32874
0.204 -1.30865 0.329824
0.206 -1.44029 0.331809
0.208 -1.56514 0.334579
0.21 -1.6833 0.338024
0.212 -1.79485 0.342036
0.214 -1.89989 0.346512
0.216 -1.99852 0.351348
0.218 -2.09086 0.356448
0.22 -2.17701 0.361718
0.222 -2.2571 0.367068
0.224 -2.33126 0.372411
0.226 -2.39961 0.377665
0.228 -2.46228 0.382753
0.23 -2.51943 0.3876
0.232 -2.5712 0.392138
0.234 -2.61772 0.396301
0.236 -2.65917 0.400029
0.238 -2.69568 0.403265
0.24 -2.72743 0.405957
0.242 -2.75457 0.408058
0.244 -2.77726 0.409524
0.246 -2.79568 0.410318
0.248 -2.80999 0.410404
0.25 -2.82035 0.409752
0.252 -2.82694 0.408336
0.254 -2.82993 0.406135
0.256 -2.82948 0.403131
0.258 -2.82577 0.39931
0.26 -2.81897 0.394663
0.262 -2.80924 0.389185
0.264 -2.79674 0.382874
0.266 -2.78165 0.37573
0.268 -2.76411 0.367762
0.27 -2.74431 0.358976
0.272 -2.72238 0.349386
0.274 -2.69848 0.339009
0.276 -2.67276 0.327862
0.278 -2.64537 0.315969
0.28 -2.61645 0.303354
0.282 -2.58613 0.290045
0.284 -2.55455 0.276073
0.286 -2.52183 0.261471
0.288 -2.48809 0.246275
0.29 -2.45346 0.230523
0.292 -2.41805 0.214253
0.294 -2.38195 0.197508
0.296 -2.34528 0.180332
0.298 -2.30813 0.162768
0.3 -2.27058 0.144863
0.302 -2.23272 0.126666
0.304 -2.19464 0.108223
0.306 -2.1564 0.0895842
0.308 -2.11808 0.0707995
0.31 -2.07973 0.051919
0.312 -2.04142 0.0329931
0.314 -2.0032 0.0140722
0.316 -1.96511 -0.00479351
0.318 -1.9272 -0.023554
0.32 -1.8895 -0.0421598
0.322 -1.85206 -0.0605625
0.324 -1.81491 -0.0787141
0.326 -1.77806 -0.0965679
0.328 -1.74155 -0.114079
0.33 -1.70539 -0.131202
0.332 -1.66959 -0.147896
0.334 -1.63418 -0.164119
0.336 -1.59917 -0.179833
0.338 -1.56455 -0.195001
0.34 -1.53034 -0.209587
0.342 -1.49655 -0.22356
0.344 -1.46316 -0.236889
0.346 -1.43019 -0.249545
0.348 -1.39762 -0.261505
0.35 -1.36547 -0.272745
0.352 -1.33372 -0.283244
0.354 -1.30237 -0.292985
0.356 -1.27141 -0.301954
0.358 -1.24084 -0.310139
0.36 -1.21065 -0.317529
0.362 -1.18084 -0.324119
0.364 -1.15139 -0.329905
0.366 -1.1223 -0.334886
0.368 -1.09356 -0.339063
0.37 -1.06517 -0.34244
0.372 -1.03711 -0.345024
0.374 -1.00938 -0.346825
0.376 -0.981979 -0.347854
0.378 -0.954892 -0.348126
0.38 -0.928116 -0.347656
0.382 -0.901646 -0.346464
0.384 -0.875477 -0.34457
0.386 -0.849605 -0.341997
0.388 -0.824026 -0.338768
0.39 -0.798737 -0.334911
0.392 -0.773736 -0.330453
0.394 -0.74902 -0.325424
0.396 -0.72459 -0.319853
0.398 -0.700444 -0.313773
0.4 -0.676583 -0.307216
0.402 -0.653009 -0.300215
0.404 -0.629721 -0.292806
0.406 -0.606724 -0.285023
0.408 -0.58402 -0.276901
0.41 -0.561613 -0.268477
0.412 -0.539508 -0.259785
0.414 -0.51771 -0.250863
0.416 -0.496224 -0.241744
0.418 -0.475057 -0.232466
0.42 -0.454216 -0.223062
0.422 -0.433708 -0.213568
0.424 -0.413542 -0.204017
0.426 -0.393727 -0.194442
0.428 -0.374271 -0.184876
0.43 -0.355185 -0.175348
0.432 -0.336478 -0.165891
0.434 -0.318161 -0.156531
0.436 -0.300245 -0.147297
0.438 -0.28274 -0.138215
0.44 -0.265658 -0.129309
0.442 -0.249011 -0.120603
0.444 -0.232811 -0.112118
0.446 -0.217068 -0.103875
0.448 -0.201795 -0.0958904
0.45 -0.187004 -0.0881823
0.452 -0.172705 -0.0807652
0.454 -0.158912 -0.0736522
0.456 -0.145634 -0.0668547
0.458 -0.132884 -0.0603826
0.46 -0.12067 -0.0542436
0.462 -0.109005 -0.048444
0.464 -0.0978973 -0.0429885
0.466 -0.0873562 -0.0378798
0.468 -0.0773904 -0.0331193
0.47 -0.0680078 -0.0287067
0.472 -0.0592158 -0.0246402
0.474 -0.0510206 -0.0209165
0.476 -0.0434278 -0.0175309
0.478 -0.0364423 -0.0144773
0.48 -0.0300676 -0.0117487
0.482 -0.0243066 -0.00933648
0.484 -0.0191611 -0.00723114
0.486 -0.0146317 -0.00542213
0.488 -0.010718 -0.00389799
0.49 -0.00741855 -0.00264642
0.492 -0.0047306 -0.00165437
0.494 -0.00265037 -0.000908159
0.496 -0.00117284 -0.000393547
0.498 -0.000291836 -9.58434e-05
0.05 7.39271 2.26584
0.1 7.39289 2.26576
0.15 7.39319 2.26564
0.2 7.3936 2.26547
0.25 7.39413 2.26524
0.3 7.39478 2.26497
0.35 7.39555 2.26465
0.4 7.39643 2.26428
0.45 7.39742 2.26385
0.5 7.39854 2.26338
0.55 7.39977 2.26286
0.6 7.40111 2.26229
0.65 7.40257 2.26167
0.7 7.40413 2.261
0.75 7.40581 2.26028
0.8 7.4076 2.25951
0.85 7.4095 2.25869
0.9 7.41151 2.25782
0.95 7.41363 2.2569
1 7.41585 2.25593
1.05 7.41818 2.25491
1.1 7.42061 2.25384
1.15 7.42315 2.25272
1.2 7.42578 2.25155
1.25 7.42851 2.25033
1.3 7.43134 2.24906
1.35 7.43427 2.24774
1.4 7.43729 2.24637
1.45 7.44041 2.24495
1.5 7.44361 2.24348
1.55 7.4469 2.24196
1.6 7.45028 2.24039
1.65 7.45375 2.23877
1.7 7.4573 2.2371
1.75 7.46093 2.23538
1.8 7.46463 2.23361
1.85 7.46842 2.23179
1.9 7.47227 2.22992
1.95 7.4762 2.22799
2 7.4802 2.22602
2.05 7.48427 2.224
2.1 7.4884 2.22192
2.15 7.49259 2.2198
2.2 7.49684 2.21762
2.25 7.50115 2.2154
2.3 7.50551 2.21312
2.35 7.50993 2.2108
2.4 7.51439 2.20842
2.45 7.5189 2.20599
2.5 7.52345 2.20351
2.55 7.52804 2.20098
2.6 7.53267 2.1984
2.65 7.53733 2.19577
2.7 7.54203 2.19309
2.75 7.54675 2.19036
2.8 7.5515 2.18758
2.85 7.55627 2.18474
2.9 7.56106 2.18186
2.95 7.56587 2.17893
3 7.57068 2.17594
3.05 7.57551 2.1729
3.1 7.58035 2.16982
3.15 7.58518 2.16668
3.2 7.59002 2.16349
3.25 7.59485 2.16026
3.3 7.59968 2.15697
3.35 7.60449 2.15363
3.4 7.60929 2.15024
3.45 7.61408 2.1468
3.5 7.61884 2.14331
3.55 7.62358 2.13977
3.6 7.62829 2.13618
3.65 7.63297 2.13254
3.7 7.63761 2.12885
3.75 7.64222 2.12511
3.8 7.64678 2.12132
3.85 7.6513 2.11747
3.9 7.65577 2.11358
3.95 7.66019 2.10965
4 7.66455 2.10566
4.05 7.66885 2.10162
4.1 7.67309 2.09753
4.15 7.67726 2.09339
4.2 7.68136 2.08921
4.25 7.68539 2.08497
4.3 7.68934 2.08069
4.35 7.6932 2.07636
4.4 7.69699 2.07198
4.45 7.70068 2.06755
4.5 7.70428 2.06307
4.55 7.70778 2.05855
4.6 7.71119 2.05397
4.65 7.71449 2.04935
4.7 7.71769 2.04468
4.75 7.72077 2.03997
4.8 7.72374 2.03521
4.85 7.72659 2.0304
4.9 7.72933 2.02555
4.95 7.73194 2.02065
5 7.73442 2.0157
5.05 7.73676 2.01071
5.1 7.73898 2.00567
5.15 7.74105 2.00058
5.2 7.74299 1.99546
5.25 7.74478 1.99028
5.3 7.74641 1.98507
5.35 7.7479 1.97981
5.4 7.74924 1.9745
5.45 7.75041 1.96915
5.5 7.75142 1.96376
5.55 7.75227 1.95833
5.6 7.75295 1.95285
5.65 7.75345 1.94734
5.7 7.75379 1.94178
5.75 7.75394 1.93617
5.8 7.75391 1.93053
5.85 7.7537 1.92485
5.9 7.7533 1.91913
5.95 7.75272 1.91337
6 7.75194 1.90757
6.05 7.75096 1.90173
6.1 7.74978 1.89585
6.15 7.74841 1.88993
6.2 7.74683 1.88398
6.25 7.74504 1.87799
6.3 7.74304 1.87197
6.35 7.74083 1.8659
6.4 7.7384 1.85981
6.45 7.73576 1.85367
6.5 7.7329 1.84751
6.55 7.72981 1.84131
6.6 7.7265 1.83507
6.65 7.72296 1.82881
6.7 7.71919 1.82251
6.75 7.71519 1.81618
6.8 7.71096 1.80982
6.85 7.70648 1.80342
6.9 7.70178 1.797
6.95 7.69682 1.79055
7 7.69163 1.78407
7.05 7.68619 1.77756
7.1 7.68051 1.77103
7.15 7.67458 1.76447
7.2 7.6684 1.75788
7.25 7.66196 1.75127
7.3 7.65528 1.74463
7.35 7.64833 1.73797
7.4 7.64114 1.73128
7.45 7.63368 1.72457
7.5 7.62596 1.71784
7.55 7.61798 1.71109
7.6 7.60975 1.70432
7.65 7.60124 1.69753
7.7 7.59248 1.69072
7.75 7.58344 1.68389
7.8 7.57414 1.67704
7.85 7.56458 1.67018
7.9 7.55474 1.6633
7.95 7.54464 1.6564
8 7.53426 1.64949
8.05 7.52361 1.64257
8.1 7.5127 1.63563
8.15 7.50151 1.62868
8.2 7.49004 1.62173
8.25 7.47831 1.61476
8.3 7.4663 1.60778
8.35 7.45401 1.60079
8.4 7.44145 1.59379
8.45 7.42862 1.58679
8.5 7.41551 1.57978
8.55 7.40213 1.57276
8.6 7.38847 1.56574
8.65 7.37454 1.55872
8.7 7.36034 1.55169
8.75 7.34586 1.54466
8.8 7.3311 1.53763
8.85 7.31607 1.5306
8.9 7.30077 1.52358
8.95 7.2852 1.51655
9 7.26935 1.50952
9.05 7.25323 1.5025
9.1 7.23684 1.49548
9.15 7.22018 1.48847
9.2 7.20325 1.48147
9.25 7.18605 1.47447
9.3 7.16858 1.46747
9.35 7.15084 1.46049
9.4 7.13284 1.45352
9.45 7.11458 1.44656
9.5 7.09605 1.43961
9.55 7.07726 1.43267
9.6 7.0582 1.42574
9.65 7.03889 1.41883
9.7 7.01932 1.41194
9.75 6.99949 1.40506
9.8 6.9794 1.3982
9.85 6.95907 1.39135
9.9 6.93848 1.38453
9.95 6.91763 1.37772
10 6.89654 1.37094
10.05 6.87521 1.36418
10.1 6.85362 1.35744
10.15 6.8318 1.35072
10.2 6.80973 1.34403
10.25 6.78742 1.33736
10.3 6.76488 1.33072
10.35 6.7421 1.32411
10.4 6.71909 1.31753
10.45 6.69585 1.31097
10.5 6.67238 1.30445
10.55 6.64868 1.29795
10.6 6.62476 1.29149
10.65 6.60062 1.28506
10.7 6.57626 1.27866
10.75 6.55168 1.2723
10.8 6.5269 1.26597
10.85 6.5019 1.25968
10.9 6.47669 1.25343
10.95 6.45127 1.24721
11 6.42566 1.24104
11.05 6.39984 1.2349
11.1 6.37383 1.2288
11.15 6.34763 1.22274
11.2 6.32123 1.21673
11.25 6.29464 1.21076
11.3 6.26787 1.20483
11.35 6.24092 1.19895
11.4 6.21379 1.19311
11.45 6.18648 1.18732
11.5 6.159 1.18158
11.55 6.13135 1.17588
11.6 6.10354 1.17023
11.65 6.07556 1.16463
11.7 6.04742 1.15908
11.75 6.01913 1.15358
11.8 5.99068 1.14814
11.85 5.96209 1.14274
11.9 5.93334 1.1374
11.95 5.90446 1.13211
12 5.87544 1.12687
12.05 5.84628 1.12169
12.1 5.81699 1.11657
12.15 5.78757 1.1115
12.2 5.75802 1.10649
12.25 5.72835 1.10153
12.3 5.69857 1.09664
12.35 5.66867 1.0918
12.4 5.63866 1.08702
12.45 5.60855 1.0823
12.5 5.57833 1.07764
12.55 5.54801 1.07304
12.6 5.51759 1.06851
12.65 5.48709 1.06403
12.7 5.45649 1.05962
12.75 5.42581 1.05527
12.8 5.39505 1.05098
12.85 5.36421 1.04676
12.9 5.3333 1.0426
12.95 5.30231 1.03851
13 5.27127 1.03448
13.05 5.24015 1.03052
13.1 5.20899 1.02662
13.15 5.17776 1.02279
13.2 5.14649 1.01902
13.25 5.11516 1.01533
13.3 5.0838 1.0117
13.35 5.05239 1.00813
13.4 5.02095 1.00464
13.45 4.98948 1.00121
13.5 4.95797 0.997852
13.55 4.92645 0.994562
13.6 4.8949 0.99134
13.65 4.86333 0.988188
13.7 4.83175 0.985105
13.75 4.80016 0.982091
13.8 4.76857 0.979146
13.85 4.73697 0.976272
13.9 4.70537 0.973467
13.95 4.67378 0.970731
14 4.6422 0.968066
14.05 4.61062 0.965471
14.1 4.57907 0.962946
14.15 4.54753 0.960491
14.2 4.51602 0.958106
14.25 4.48453 0.955791
14.3 4.45307 0.953546
14.35 4.42164 0.951371
14.4 4.39026 0.949267
14.45 4.35891 0.947232
14.5 4.3276 0.945267
14.55 4.29635 0.943371
14.6 4.26514 0.941545
14.65 4.23398 0.939789
14.7 4.20289 0.938102
14.75 4.17185 0.936484
14.8 4.14088 0.934935
14.85 4.10997 0.933454
14.9 4.07914 0.932042
14.95 4.04837 0.930698
15 4.01769 0.929422
15.05 3.98708 0.928214
15.1 3.95656 0.927072
15.15 3.92612 0.925998
15.2 3.89577 0.924991
15.25 3.86551 0.924049
15.3 3.83534 0.923174
15.35 3.80528 0.922364
15.4 3.77531 0.921619
15.45 3.74545 0.920939
15.5 3.71569 0.920323
15.55 3.68604 0.919771
15.6 3.6565 0.919282
15.65 3.62708 0.918856
15.7 3.59777 0.918492
15.75 3.56858 0.91819
15.8 3.53952 0.917949
15.85 3.51057 0.917768
15.9 3.48176 0.917648
15.95 3.45307 0.917587
16 3.42452 0.917585
16.05 3.39609 0.917641
16.1 3.36781 0.917755
16.15 3.33966 0.917925
16.2 3.31165 0.918152
16.25 3.28379 0.918435
16.3 3.25607 0.918772
16.35 3.2285 0.919163
16.4 3.20107 0.919608
16.45 3.1738 0.920106
16.5 3.14668 0.920655
16.55 3.11971 0.921256
16.6 3.0929 0.921906
16.65 3.06625 0.922607
16.7 3.03975 0.923356
16.75 3.01342 0.924153
16.8 2.98726 0.924997
16.85 2.96125 0.925888
16.9 2.93542 0.926823
16.95 2.90975 0.927804
17 2.88425 0.928827
17.05 2.85892 0.929894
17.1 2.83376 0.931002
17.15 2.80877 0.932151
17.2 2.78396 0.93334
17.25 2.75933 0.934568
17.3 2.73487 0.935835
17.35 2.71059 0.937138
17.4 2.68649 0.938477
17.45 2.66257 0.939851
17.5 2.63883 0.94126
17.55 2.61527 0.942702
17.6 2.59189 0.944175
17.65 2.5687 0.94568
17.7 2.54569 0.947215
17.75 2.52287 0.948779
17.8 2.50023 0.950371
17.85 2.47778 0.95199
17.9 2.45552 0.953635
17.95 2.43344 0.955305
18 2.41155 0.956998
18.05 2.38985 0.958714
18.1 2.36833 0.960452
18.15 2.34701 0.96221
18.2 2.32587 0.963988
18.25 2.30493 0.965784
18.3 2.28417 0.967597
18.35 2.26361 0.969427
18.4 2.24323 0.971271
18.45 2.22304 0.97313
18.5 2.20304 0.975001
18.55 2.18324 0.976884
18.6 2.16362 0.978777
18.65 2.14419 0.98068
18.7 2.12496 0.982591
18.75 2.10591 0.98451
18.8 2.08705 0.986434
18.85 2.06838 0.988364
18.9 2.0499 0.990297
18.95 2.0316 0.992233
19 2.0135 0.994171
19.05 1.99558 0.996109
19.1 1.97785 0.998046
19.15 1.9603 0.999981
19.2 1.94294 1.00191
19.25 1.92577 1.00384
19.3 1.90878 1.00577
19.35 1.89197 1.00768
19.4 1.87535 1.00959
19.45 1.85891 1.01149
19.5 1.84265 1.01338
19.55 1.82657 1.01527
19.6 1.81067 1.01713
19.65 1.79495 1.01899
19.7 1.77941 1.02083
19.75 1.76405 1.02266
19.8 1.74886 1.02447
19.85 1.73385 1.02626
19.9 1.71901 1.02804
19.95 1.70435 1.02979
20 1.68985 1.03153
20.05 1.67553 1.03324
20.1 1.66138 1.03493
20.15 1.6474 1.0366
20.2 1.63358 1.03824
20.25 1.61993 1.03986
20.3 1.60645 1.04144
20.35 1.59313 1.04301
20.4 1.57997 1.04454
20.45 1.56697 1.04604
20.5 1.55413 1.04752
20.55 1.54145 1.04896
20.6 1.52893 1.05037
20.65 1.51656 1.05174
20.7 1.50435 1.05308
20.75 1.49228 1.05439
20.8 1.48037 1.05565
20.85 1.46861 1.05689
20.9 1.457 1.05808
20.95 1.44553 1.05923
21 1.43421 1.06035
21.05 1.42303 1.06142
21.1 1.412 1.06245
21.15 1.4011 1.06344
21.2 1.39035 1.06438
21.25 1.37972 1.06529
21.3 1.36924 1.06614
21.35 1.35889 1.06695
21.4 1.34867 1.06772
21.45 1.33858 1.06843
21.5 1.32862 1.0691
21.55 1.31879 1.06972
21.6 1.30908 1.07029
21.65 1.2995 1.07081
21.7 1.29003 1.07128
21.75 1.28069 1.0717
21.8 1.27147 1.07207
21.85 1.26236 1.07238
21.9 1.25337 1.07264
21.95 1.24449 1.07284
22 1.23572 1.07299
22.05 1.22707 1.07309
22.1 1.21852 1.07313
22.15 1.21008 1.07311
22.2 1.20174 1.07304
22.25 1.1935 1.07291
22.3 1.18537 1.07272
22.35 1.17734 1.07247
22.4 1.1694 1.07216
22.45 1.16156 1.0718
22.5 1.15381 1.07137
22.55 1.14616 1.07089
22.6 1.1386 1.07034
22.65 1.13112 1.06973
22.7 1.12373 1.06907
22.75 1.11643 1.06833
22.8 1.10922 1.06754
22.85 1.10208 1.06669
22.9 1.09503 1.06577
22.95 1.08805 1.06479
23 1.08115 1.06375
23.05 1.07433 1.06264
23.1 1.06758 1.06147
23.15 1.0609 1.06024
23.2 1.0543 1.05894
23.25 1.04776 1.05758
23.3 1.04129 1.05615
23.35 1.03488 1.05466
23.4 1.02854 1.0531
23.45 1.02226 1.05148
23.5 1.01605 1.0498
23.55 1.00989 1.04805
23.6 1.00379 1.04623
23.65 0.997745 1.04436
23.7 0.991756 1.04241
23.75 0.98582 1.0404
23.8 0.979937 1.03833
23.85 0.974103 1.03619
23.9 0.968319 1.03398
23.95 0.962582 1.03172
24 0.956891 1.02938
24.05 0.951245 1.02698
24.1 0.945642 1.02452
24.15 0.940081 1.022
24.2 0.934561 1.0194
24.25 0.92908 1.01675
24.3 0.923636 1.01403
24.35 0.91823 1.01125
24.4 0.912859 1.00841
24.45 0.907522 1.0055
24.5 0.902217 1.00253
24.55 0.896945 0.999493
24.6 0.891702 0.996397
24.65 0.88649 0.99324
24.7 0.881305 0.990021
24.75 0.876147 0.98674
24.8 0.871015 0.983399
24.85 0.865908 0.979997
24.9 0.860824 0.976536
24.95 0.855764 0.973014
25 0.850724 0.969433
25.05 0.845706 0.965793
25.1 0.840707 0.962095
25.15 0.835726 0.958339
25.2 0.830763 0.954525
25.25 0.825818 0.950655
25.3 0.820887 0.946728
25.35 0.815972 0.942744
25.4 0.811071 0.938706
25.45 0.806184 0.934612
25.5 0.801308 0.930464
25.55 0.796445 0.926262
25.6 0.791592 0.922008
25.65 0.786749 0.9177
25.7 0.781916 0.91334
25.75 0.777092 0.908929
25.8 0.772275 0.904468
25.85 0.767466 0.899956
25.9 0.762664 0.895394
25.95 0.757868 0.890784
26 0.753077 0.886126
26.05 0.748291 0.88142
26.1 0.74351 0.876667
26.15 0.738732 0.871869
26.2 0.733958 0.867025
26.25 0.729187 0.862136
26.3 0.724418 0.857204
26.35 0.719651 0.852229
26.4 0.714885 0.847211
26.45 0.710121 0.842151
26.5 0.705357 0.837051
26.55 0.700594 0.831911
26.6 0.695831 0.826731
26.65 0.691067 0.821513
26.7 0.686303 0.816257
26.75 0.681538 0.810964
26.8 0.676772 0.805636
26.85 0.672004 0.800272
26.9 0.667235 0.794874
26.95 0.662464 0.789442
27 0.657691 0.783978
27.05 0.652916 0.778481
27.1 0.648139 0.772954
27.15 0.643359 0.767397
27.2 0.638577 0.76181
27.25 0.633792 0.756195
27.3 0.629005 0.750552
27.35 0.624214 0.744883
27.4 0.619421 0.739188
27.45 0.614626 0.733468
27.5 0.609827 0.727724
27.55 0.605026 0.721957
27.6 0.600222 0.716168
27.65 0.595415 0.710357
27.7 0.590606 0.704526
27.75 0.585794 0.698676
27.8 0.58098 0.692807
27.85 0.576163 0.68692
27.9 0.571344 0.681016
27.95 0.566523 0.675097
28 0.561701 0.669163
28.05 0.556876 0.663214
28.1 0.55205 0.657253
28.15 0.547222 0.651279
28.2 0.542394 0.645293
28.25 0.537564 0.639298
28.3 0.532734 0.633293
28.35 0.527903 0.627279
28.4 0.523073 0.621257
28.45 0.518242 0.615229
28.5 0.513411 0.609194
28.55 0.508582 0.603155
28.6 0.503753 0.597112
28.65 0.498925 0.591065
28.7 0.494099 0.585016
28.75 0.489275 0.578965
28.8 0.484453 0.572914
28.85 0.479634 0.566863
28.9 0.474818 0.560814
28.95 0.470005 0.554766
29 0.465196 0.548721
29.05 0.460391 0.542681
29.1 0.45559 0.536644
29.15 0.450795 0.530614
29.2 0.446005 0.524589
29.25 0.44122 0.518572
29.3 0.436441 0.512563
29.35 0.431669 0.506563
29.4 0.426904 0.500572
29.45 0.422147 0.494592
29.5 0.417397 0.488623
29.55 0.412656 0.482667
29.6 0.407923 0.476723
29.65 0.4032 0.470793
29.7 0.398486 0.464878
29.75 0.393782 0.458978
29.8 0.389089 0.453094
29.85 0.384407 0.447226
29.9 0.379736 0.441377
29.95 0.375077 0.435545
30 0.370431 0.429733
30.05 0.365798 0.423941
30.1 0.361178 0.418169
30.15 0.356572 0.412418
30.2 0.35198 0.40669
30.25 0.347403 0.400984
30.3 0.342841 0.395301
30.35 0.338296 0.389642
30.4 0.333766 0.384008
30.45 0.329253 0.3784
30.5 0.324757 0.372817
30.55 0.320279 0.367261
30.6 0.315819 0.361733
30.65 0.311377 0.356232
30.7 0.306955 0.35076
30.75 0.302552 0.345317
30.8 0.298169 0.339903
30.85 0.293807 0.33452
30.9 0.289465 0.329168
30.95 0.285145 0.323847
31 0.280846 0.318558
31.05 0.27657 0.313301
31.1 0.272316 0.308078
31.15 0.268086 0.302888
31.2 0.263879 0.297732
31.25 0.259696 0.292611
31.3 0.255537 0.287525
31.35 0.251403 0.282474
31.4 0.247294 0.277459
31.45 0.243211 0.272481
31.5 0.239154 0.26754
31.55 0.235123 0.262635
31.6 0.231119 0.257769
31.65 0.227143 0.25294
31.7 0.223193 0.24815
31.75 0.219272 0.243399
31.8 0.215379 0.238687
31.85 0.211515 0.234015
31.9 0.207679 0.229383
31.95 0.203873 0.22479
32 0.200097 0.220239
32.05 0.19635 0.215728
32.1 0.192634 0.211259
32.15 0.188948 0.206831
32.2 0.185293 0.202445
32.25 0.18167 0.198101
32.3 0.178078 0.193799
32.35 0.174518 0.18954
32.4 0.17099 0.185323
32.45 0.167494 0.18115
32.5 0.16403 0.177019
32.55 0.1606 0.172932
32.6 0.157202 0.168889
32.65 0.153838 0.164889
32.7 0.150507 0.160933
32.75 0.14721 0.157021
32.8 0.143947 0.153154
32.85 0.140718 0.14933
32.9 0.137523 0.145551
32.95 0.134363 0.141817
33 0.131237 0.138127
33.05 0.128146 0.134482
33.1 0.12509 0.130882
33.15 0.122069 0.127326
33.2 0.119083 0.123816
33.25 0.116132 0.12035
33.3 0.113217 0.116929
33.35 0.110338 0.113554
33.4 0.107494 0.110223
33.45 0.104685 0.106937
33.5 0.101913 0.103696
33.55 0.0991763 0.1005
33.6 0.0964755 0.0973493
33.65 0.0938107 0.0942431
33.7 0.0911818 0.0911817
33.75 0.088589 0.0881651
33.8 0.0860321 0.0851931
33.85 0.0835114 0.0822657
33.9 0.0810266 0.0793828
33.95 0.0785779 0.0765443
34 0.0761651 0.07375
34.05 0.0737884 0.071
34.1 0.0714476 0.0682939
34.15 0.0691428 0.0656317
34.2 0.0668738 0.0630133
34.25 0.0646406 0.0604384
34.3 0.0624431 0.057907
34.35 0.0602813 0.0554188
34.4 0.058155 0.0529737
34.45 0.0560643 0.0505714
34.5 0.0540089 0.0482118
34.55 0.0519887 0.0458947
34.6 0.0500037 0.0436199
34.65 0.0480538 0.0413871
34.7 0.0461387 0.0391961
34.75 0.0442584 0.0370467
34.8 0.0424126 0.0349386
34.85 0.0406013 0.0328716
34.9 0.0388243 0.0308454
34.95 0.0370814 0.0288598
35 0.0353724 0.0269145
35.05 0.0336972 0.0250092
35.1 0.0320555 0.0231437
35.15 0.0304471 0.0213176
35.2 0.0288719 0.0195306
35.25 0.0273297 0.0177825
35.3 0.0258201 0.0160729
35.35 0.024343 0.0144016
35.4 0.0228982 0.0127681
35.45 0.0214854 0.0111723
35.5 0.0201043 0.0096137
35.55 0.0187548 0.00809205
35.6 0.0174366 0.00660699
35.65 0.0161493 0.00515817
35.7 0.0148928 0.00374526
35.75 0.0136668 0.0023679
35.8 0.0124709 0.00102573
35.85 0.011305 -0.000281611
35.9 0.0101686 -0.00155448
35.95 0.00906164 -0.00279324
36 0.00798368 -0.00399827
36.05 0.00693446 -0.00516995
36.1 0.00591366 -0.00630865
36.15 0.00492099 -0.00741474
36.2 0.00395612 -0.00848863
36.25 0.00301874 -0.00953068
36.3 0.00210854 -0.0105413
36.35 0.00122518 -0.0115209
36.4 0.000368341 -0.0124698
36.45 -0.000462305 -0.0133884
36.5 -0.00126709 -0.0142773
36.55 -0.00204636 -0.0151366
36.6 -0.00280045 -0.0159669
36.65 -0.00352969 -0.0167685
36.7 -0.00423444 -0.0175419
36.75 -0.00491504 -0.0182875
36.8 -0.00557184 -0.0190057
36.85 -0.00620519 -0.0196968
36.9 -0.00681543 -0.0203613
36.95 -0.00740294 -0.0209996
37 -0.00796805 -0.0216121
37.05 -0.00851113 -0.0221992
37.1 -0.00903254 -0.0227614
37.15 -0.00953263 -0.0232991
37.2 -0.0100118 -0.0238126
37.25 -0.0104703 -0.0243023
37.3 -0.0109086 -0.0247688
37.35 -0.0113271 -0.0252124
37.4 -0.011726 -0.0256334
37.45 -0.0121058 -0.0260324
37.5 -0.0124669 -0.0264098
37.55 -0.0128095 -0.0267659
37.6 -0.013134 -0.0271011
37.65 -0.0134409 -0.0274159
37.7 -0.0137304 -0.0277107
37.75 -0.014003 -0.0279858
37.8 -0.014259 -0.0282418
37.85 -0.0144987 -0.0284789
37.9 -0.0147226 -0.0286976
37.95 -0.0149309 -0.0288983
38 -0.0151241 -0.0290813
38.05 -0.0153024 -0.0292472
38.1 -0.0154663 -0.0293962
38.15 -0.0156161 -0.0295288
38.2 -0.0157521 -0.0296453
38.25 -0.0158748 -0.0297462
38.3 -0.0159844 -0.0298318
38.35 -0.0160812 -0.0299025
38.4 -0.0161657 -0.0299586
38.45 -0.0162382 -0.0300007
38.5 -0.016299 -0.030029
38.55 -0.0163485 -0.0300439
38.6 -0.0163869 -0.0300458
38.65 -0.0164147 -0.030035
38.7 -0.0164321 -0.0300119
38.75 -0.0164395 -0.0299769
38.8 -0.0164371 -0.0299303
38.85 -0.0164254 -0.0298725
38.9 -0.0164047 -0.0298038
38.95 -0.0163751 -0.0297245
39 -0.0163372 -0.0296351
39.05 -0.0162911 -0.0295358
39.1 -0.0162372 -0.029427
39.15 -0.0161757 -0.029309
39.2 -0.0161071 -0.0291822
39.25 -0.0160314 -0.0290468
39.3 -0.0159492 -0.0289032
39.35 -0.0158606 -0.0287517
39.4 -0.0157659 -0.0285926
39.45 -0.0156654 -0.0284262
39.5 -0.0155594 -0.0282528
39.55 -0.0154481 -0.0280728
39.6 -0.0153318 -0.0278863
39.65 -0.0152108 -0.0276938
39.7 -0.0150854 -0.0274954
39.75 -0.0149557 -0.0272915
39.8 -0.0148221 -0.0270824
39.85 -0.0146848 -0.0268683
39.9 -0.0145439 -0.0266495
39.95 -0.0143999 -0.0264262
40 -0.0142528 -0.0261987
40.05 -0.014103 -0.0259673
40.1 -0.0139506 -0.0257323
40.15 -0.0137959 -0.0254938
40.2 -0.0136391 -0.0252521
40.25 -0.0134803 -0.0250074
40.3 -0.0133199 -0.0247601
40.35 -0.013158 -0.0245102
40.4 -0.0129947 -0.0242581
40.45 -0.0128304 -0.0240039
40.5 -0.0126651 -0.0237479
40.55 -0.0124991 -0.0234902
40.6 -0.0123326 -0.0232312
40.65 -0.0121656 -0.0229709
40.7 -0.0119985 -0.0227096
40.75 -0.0118313 -0.0224474
40.8 -0.0116642 -0.0221846
40.85 -0.0114974 -0.0219214
40.9 -0.011331 -0.0216579
40.95 -0.0111651 -0.0213942
41 -0.011 -0.0211306
41.05 -0.0108357 -0.0208673
41.1 -0.0106724 -0.0206043
41.15 -0.0105103 -0.0203418
41.2 -0.0103493 -0.02008
41.25 -0.0101897 -0.0198191
41.3 -0.0100316 -0.0195591
41.35 -0.00987503 -0.0193003
41.4 -0.00972016 -0.0190427
41.45 -0.00956709 -0.0187864
41.5 -0.00941591 -0.0185317
41.55 -0.00926671 -0.0182786
41.6 -0.00911958 -0.0180272
41.65 -0.00897461 -0.0177777
41.7 -0.00883188 -0.0175301
41.75 -0.00869147 -0.0172845
41.8 -0.00855344 -0.0170412
41.85 -0.00841788 -0.0168
41.9 -0.00828483 -0.0165613
41.95 -0.00815437 -0.0163249
42 -0.00802656 -0.016091
42.05 -0.00790144 -0.0158598
42.1 -0.00777906 -0.0156312
42.15 -0.00765948 -0.0154053
42.2 -0.00754273 -0.0151823
42.25 -0.00742885 -0.0149621
42.3 -0.00731787 -0.0147448
42.35 -0.00720984 -0.0145305
42.4 -0.00710477 -0.0143193
42.45 -0.00700269 -0.0141111
42.5 -0.00690362 -0.0139061
42.55 -0.00680757 -0.0137043
42.6 -0.00671457 -0.0135056
42.65 -0.00662463 -0.0133102
42.7 -0.00653775 -0.0131181
42.75 -0.00645393 -0.0129293
42.8 -0.00637319 -0.0127439
42.85 -0.00629551 -0.0125618
42.9 -0.0062209 -0.012383
42.95 -0.00614934 -0.0122077
43 -0.00608084 -0.0120358
43.05 -0.00601536 -0.0118673
43.1 -0.00595292 -0.0117022
43.15 -0.00589347 -0.0115406
43.2 -0.00583701 -0.0113823
43.25 -0.00578351 -0.0112276
43.3 -0.00573295 -0.0110762
43.35 -0.00568531 -0.0109283
43.4 -0.00564054 -0.0107838
43.45 -0.00559862 -0.0106427
43.5 -0.00555952 -0.0105051
43.55 -0.00552321 -0.0103707
43.6 -0.00548964 -0.0102398
43.65 -0.00545877 -0.0101122
43.7 -0.00543057 -0.00998793
43.75 -0.00540499 -0.00986695
43.8 -0.00538199 -0.00974925
43.85 -0.00536152 -0.0096348
43.9 -0.00534353 -0.00952356
43.95 -0.00532798 -0.00941551
44 -0.00531482 -0.00931061
44.05 -0.00530398 -0.00920883
44.1 -0.00529543 -0.00911014
44.15 -0.00528911 -0.00901448
44.2 -0.00528495 -0.00892184
44.25 -0.00528291 -0.00883216
44.3 -0.00528293 -0.0087454
44.35 -0.00528494 -0.00866151
44.4 -0.0052889 -0.00858047
44.45 -0.00529473 -0.00850221
44.5 -0.00530238 -0.00842669
44.55 -0.00531179 -0.00835386
44.6 -0.0053229 -0.00828367
44.65 -0.00533564 -0.00821608
44.7 -0.00534995 -0.00815102
44.75 -0.00536576 -0.00808846
44.8 -0.00538302 -0.00802833
44.85 -0.00540165 -0.00797058
44.9 -0.0054216 -0.00791516
44.95 -0.0054428 -0.00786201
45 -0.00546518 -0.00781107
45.05 -0.00548868 -0.0077623
45.1 -0.00551324 -0.00771563
45.15 -0.00553878 -0.007671
45.2 -0.00556525 -0.00762836
45.25 -0.00559258 -0.00758764
45.3 -0.0056207 -0.0075488
45.35 -0.00564956 -0.00751177
45.4 -0.00567908 -0.00747649
45.45 -0.0057092 -0.0074429
45.5 -0.00573987 -0.00741095
45.55 -0.00577101 -0.00738058
45.6 -0.00580256 -0.00735172
45.65 -0.00583447 -0.00732431
45.7 -0.00586667 -0.0072983
45.75 -0.0058991 -0.00727363
45.8 -0.0059317 -0.00725024
45.85 -0.00596441 -0.00722807
45.9 -0.00599718 -0.00720706
45.95 -0.00602993 -0.00718715
46 -0.00606263 -0.00716829
46.05 -0.0060952 -0.00715041
46.1 -0.0061276 -0.00713346
46.15 -0.00615977 -0.00711738
46.2 -0.00619165 -0.00710213
46.25 -0.0062232 -0.00708763
46.3 -0.00625436 -0.00707383
46.35 -0.00628508 -0.00706068
46.4 -0.00631531 -0.00704813
46.45 -0.00634501 -0.00703612
46.5 -0.00637412 -0.0070246
46.55 -0.0064026 -0.00701352
46.6 -0.0064304 -0.00700281
46.65 -0.00645748 -0.00699244
46.7 -0.0064838 -0.00698236
46.75 -0.00650931 -0.0069725
46.8 -0.00653398 -0.00696283
46.85 -0.00655776 -0.0069533
46.9 -0.00658062 -0.00694385
46.95 -0.00660251 -0.00693445
47 -0.00662341 -0.00692504
47.05 -0.00664329 -0.00691559
47.1 -0.00666209 -0.00690604
47.15 -0.00667981 -0.00689637
47.2 -0.0066964 -0.00688652
47.25 -0.00671184 -0.00687645
47.3 -0.00672609 -0.00686612
47.35 -0.00673914 -0.00685551
47.4 -0.00675096 -0.00684456
47.45 -0.00676152 -0.00683324
47.5 -0.0067708 -0.00682152
47.55 -0.00677879 -0.00680936
47.6 -0.00678545 -0.00679673
47.65 -0.00679078 -0.0067836
47.7 -0.00679476 -0.00676992
47.75 -0.00679737 -0.00675569
47.8 -0.0067986 -0.00674086
47.85 -0.00679843 -0.0067254
47.9 -0.00679686 -0.00670929
47.95 -0.00679387 -0.00669251
48 -0.00678946 -0.00667503
48.05 -0.00678362 -0.00665682
48.1 -0.00677633 -0.00663787
48.15 -0.00676761 -0.00661814
48.2 -0.00675744 -0.00659763
48.25 -0.00674582 -0.00657631
48.3 -0.00673275 -0.00655417
48.35 -0.00671823 -0.00653118
48.4 -0.00670227 -0.00650733
48.45 -0.00668486 -0.00648261
48.5 -0.00666602 -0.006457
48.55 -0.00664574 -0.00643049
48.6 -0.00662403 -0.00640307
48.65 -0.0066009 -0.00637473
48.7 -0.00657636 -0.00634545
48.75 -0.00655041 -0.00631524
48.8 -0.00652308 -0.00628408
48.85 -0.00649437 -0.00625197
48.9 -0.00646429 -0.0062189
48.95 -0.00643287 -0.00618486
49 -0.0064001 -0.00614986
49.05 -0.00636602 -0.0061139
49.1 -0.00633064 -0.00607696
49.15 -0.00629397 -0.00603906
49.2 -0.00625604 -0.00600019
49.25 -0.00621686 -0.00596036
49.3 -0.00617646 -0.00591956
49.35 -0.00613485 -0.0058778
49.4 -0.00609207 -0.00583509
49.45 -0.00604813 -0.00579143
49.5 -0.00600306 -0.00574682
49.55 -0.00595688 -0.00570128
49.6 -0.00590962 -0.00565482
49.65 -0.00586131 -0.00560743
49.7 -0.00581197 -0.00555914
49.75 -0.00576163 -0.00550995
49.8 -0.00571031 -0.00545987
49.85 -0.00565806 -0.00540892
49.9 -0.00560489 -0.00535711
49.95 -0.00555084 -0.00530446
50 -0.00549594 -0.00525097
