==============================================
 Job start time : Fri Apr 10 18:34:15 IST 2026
 Hostname       : rmgpu028
 SLURM Job ID   : 258167
==============================================
=== CUDA SOFTWARE STACK ===
/home/apps/spack/opt/spack/linux-almalinux8-cascadelake/gcc-14.2.0/cuda-12.8.0-myby63mp5x5brtstiuzbawdvyi2rjyf6/bin/nvcc
nvcc: NVIDIA (R) Cuda compiler driver
Copyright (c) 2005-2025 NVIDIA Corporation
Built on Wed_Jan_15_19:20:09_PST_2025
Cuda compilation tools, release 12.8, V12.8.61
Build cuda_12.8.r12.8/compiler.35404655_0
Fri Apr 10 18:34:19 2026       
+-----------------------------------------------------------------------------------------+
| NVIDIA-SMI 550.54.14              Driver Version: 550.54.14      CUDA Version: 12.4     |
|-----------------------------------------+------------------------+----------------------+
| GPU  Name                 Persistence-M | Bus-Id          Disp.A | Volatile Uncorr. ECC |
| Fan  Temp   Perf          Pwr:Usage/Cap |           Memory-Usage | GPU-Util  Compute M. |
|                                         |                        |               MIG M. |
|=========================================+========================+======================|
|   0  NVIDIA A100 80GB PCIe          Off |   00000000:3B:00.0 Off |                    0 |
| N/A   55C    P0             79W /  300W |       0MiB /  81920MiB |      2%      Default |
|                                         |                        |             Disabled |
+-----------------------------------------+------------------------+----------------------+
|   1  NVIDIA A100 80GB PCIe          Off |   00000000:5E:00.0 Off |                    0 |
| N/A   38C    P0             68W /  300W |       0MiB /  81920MiB |      0%      Default |
|                                         |                        |             Disabled |
+-----------------------------------------+------------------------+----------------------+
                                                                                         
+-----------------------------------------------------------------------------------------+
| Processes:                                                                              |
|  GPU   GI   CI        PID   Type   Process name                              GPU Memory |
|        ID   ID                                                               Usage      |
|=========================================================================================|
|  No running processes found                                                             |
+-----------------------------------------------------------------------------------------+

=== GPU TOPOLOGY ===
	[4mGPU0	GPU1	NIC0	CPU Affinity	NUMA Affinity	GPU NUMA ID[0m
GPU0	 X 	SYS	SYS	0-23	0		N/A
GPU1	SYS	 X 	SYS	0-23	0		N/A
NIC0	SYS	SYS	 X 				

Legend:

  X    = Self
  SYS  = Connection traversing PCIe as well as the SMP interconnect between NUMA nodes (e.g., QPI/UPI)
  NODE = Connection traversing PCIe as well as the interconnect between PCIe Host Bridges within a NUMA node
  PHB  = Connection traversing PCIe as well as a PCIe Host Bridge (typically the CPU)
  PXB  = Connection traversing multiple PCIe bridges (without traversing the PCIe Host Bridge)
  PIX  = Connection traversing at most a single PCIe bridge
  NV#  = Connection traversing a bonded set of # NVLinks

NIC Legend:

  NIC0: mlx5_0


=== MIG STATUS ===
GPU 0: NVIDIA A100 80GB PCIe (UUID: GPU-36019c0f-8794-d93a-1aab-de521a0bd6f1)
GPU 1: NVIDIA A100 80GB PCIe (UUID: GPU-a3a25690-4359-2d2e-cb90-b4b75dc320a4)
    MIG Mode
        Current                           : Disabled
        Pending                           : Disabled
    Accounting Mode                       : Disabled
    Accounting Mode Buffer Size           : 4000
    Driver Model
        Current                           : N/A
        Pending                           : N/A
    Serial Number                         : 1650724020885
    GPU UUID                              : GPU-36019c0f-8794-d93a-1aab-de521a0bd6f1
    Minor Number                          : 0
    MIG Mode
        Current                           : Disabled
        Pending                           : Disabled
    Accounting Mode                       : Disabled
    Accounting Mode Buffer Size           : 4000
    Driver Model
        Current                           : N/A
        Pending                           : N/A
    Serial Number                         : 1650724021203
    GPU UUID                              : GPU-a3a25690-4359-2d2e-cb90-b4b75dc320a4
    Minor Number                          : 1

=== DETAILED GPU INFO ===
Failed to parse --display/-d flags

=== CLOCKS & POWER ===
index, name, pstate, clocks.current.sm [MHz], clocks.current.memory [MHz], clocks.current.graphics [MHz], clocks.max.sm [MHz], clocks.max.memory [MHz], power.limit [W], power.draw [W]
0, NVIDIA A100 80GB PCIe, P0, 210 MHz, 1512 MHz, 210 MHz, 1410 MHz, 1512 MHz, 300.00 W, 52.77 W
1, NVIDIA A100 80GB PCIe, P0, 1410 MHz, 1512 MHz, 1410 MHz, 1410 MHz, 1512 MHz, 300.00 W, 71.34 W

=== ENVIRONMENT VARIABLES ===
CUDA_VISIBLE_DEVICES=1
LD_LIBRARY_PATH=/home/apps/spack/opt/spack/linux-almalinux8-cascadelake/gcc-14.2.0/cuda-12.8.0-myby63mp5x5brtstiuzbawdvyi2rjyf6/lib64:/home/apps/spack/opt/spack/linux-almalinux8-cascadelake/gcc-12.4.0/libxml2-2.13.4-en2eed4icbjy7n3xhtl2j2cevpyb6npb/lib:/home/apps/spack/opt/spack/linux-almalinux8-skylake_avx512/gcc-8.5.0/xz-5.4.6-je37lj4hysqhaqucqy4xy4zd5lumeybp/lib:/home/apps/spack/opt/spack/linux-almalinux8-skylake_avx512/gcc-8.5.0/gcc-runtime-8.5.0-cqzkmjoidtgywj4bmkt5p5yhh4rlrbbu/lib:/home/apps/spack/opt/spack/linux-almalinux8-skylake_avx512/gcc-8.5.0/gcc-14.2.0-777kyuf4vkkigdgkahtpexd4ciudue6t/lib:/home/apps/spack/opt/spack/linux-almalinux8-skylake_avx512/gcc-8.5.0/gcc-14.2.0-777kyuf4vkkigdgkahtpexd4ciudue6t/lib64:/home/apps/spack/opt/spack/linux-almalinux8-skylake_avx512/gcc-8.5.0/mpc-1.3.1-qiu6dv2oinirue455thv2d7orovs35j2/lib:/home/apps/spack/opt/spack/linux-almalinux8-skylake_avx512/gcc-8.5.0/mpfr-4.2.1-wvjtu4c4lry3wbwergifwdmvtpxc5kbx/lib:/home/apps/spack/opt/spack/linux-almalinux8-skylake_avx512/gcc-8.5.0/gmp-6.3.0-4gikgahplgp7q2zncrx7qaw36pggcu32/lib:/home/apps/spack/opt/spack/linux-almalinux8-skylake_avx512/gcc-8.5.0/binutils-2.43.1-kdsptcvu47ycjbjvxd5jxc3forasqox2/lib:/home/apps/spack/opt/spack/linux-almalinux8-skylake_avx512/gcc-8.5.0/zstd-1.5.6-fg5aduuvpbenkjrxckapajfxgpfm4w7d/lib:/home/apps/spack/opt/spack/linux-almalinux8-skylake_avx512/gcc-8.5.0/zlib-ng-2.2.1-orhazg6c76zhyghao4pyloosvciayj2k/lib:/home/IITB/multiscale-mechanics/amit.k.singh/software/builds/plumed/lib::
PATH=/home/apps/spack/opt/spack/linux-almalinux8-cascadelake/gcc-14.2.0/cuda-12.8.0-myby63mp5x5brtstiuzbawdvyi2rjyf6/bin:/home/apps/spack/opt/spack/linux-almalinux8-cascadelake/gcc-12.4.0/libxml2-2.13.4-en2eed4icbjy7n3xhtl2j2cevpyb6npb/bin:/home/apps/spack/opt/spack/linux-almalinux8-skylake_avx512/gcc-8.5.0/xz-5.4.6-je37lj4hysqhaqucqy4xy4zd5lumeybp/bin:/home/apps/spack/opt/spack/linux-almalinux8-skylake_avx512/gcc-8.5.0/gcc-14.2.0-777kyuf4vkkigdgkahtpexd4ciudue6t/bin:/home/apps/spack/opt/spack/linux-almalinux8-skylake_avx512/gcc-8.5.0/binutils-2.43.1-kdsptcvu47ycjbjvxd5jxc3forasqox2/bin:/home/IITB/multiscale-mechanics/amit.k.singh/software/builds/plumed/bin:/home/IITB/multiscale-mechanics/amit.k.singh/software/installed/vmd/bin:/home/IITB/multiscale-mechanics/amit.k.singh/software/builds/GPUMD/src:/home/IITB/multiscale-mechanics/amit.k.singh/.conda/envs/SNAP/bin:/home/IITB/multiscale-mechanics/amit.k.singh/anaconda3/condabin:/home/IITB/multiscale-mechanics/amit.k.singh/anaconda3/bin:/home/apps/spack/bin:/home/IITB/multiscale-mechanics/amit.k.singh/.local/bin:/home/IITB/multiscale-mechanics/amit.k.singh/bin:/usr/local/bin:/usr/bin:/usr/local/sbin:/usr/sbin:/var/lib/snapd/snap/bin

=== Starting GPU monitor ===
=== Starting GPUMD ===
Start time: Fri Apr 10 18:34:37 IST 2026
GPUMD exit code: 0
End time: Sat Apr 11 14:04:30 IST 2026
=== FINAL GPU STATE ===
Sat Apr 11 14:04:36 2026       
+-----------------------------------------------------------------------------------------+
| NVIDIA-SMI 550.54.14              Driver Version: 550.54.14      CUDA Version: 12.4     |
|-----------------------------------------+------------------------+----------------------+
| GPU  Name                 Persistence-M | Bus-Id          Disp.A | Volatile Uncorr. ECC |
| Fan  Temp   Perf          Pwr:Usage/Cap |           Memory-Usage | GPU-Util  Compute M. |
|                                         |                        |               MIG M. |
|=========================================+========================+======================|
|   0  NVIDIA A100 80GB PCIe          Off |   00000000:3B:00.0 Off |                    0 |
| N/A   35C    P0             65W /  300W |       0MiB /  81920MiB |      0%      Default |
|                                         |                        |             Disabled |
+-----------------------------------------+------------------------+----------------------+
|   1  NVIDIA A100 80GB PCIe          Off |   00000000:5E:00.0 Off |                    0 |
| N/A   63C    P0             91W /  300W |       0MiB /  81920MiB |      2%      Default |
|                                         |                        |             Disabled |
+-----------------------------------------+------------------------+----------------------+
                                                                                         
+-----------------------------------------------------------------------------------------+
| Processes:                                                                              |
|  GPU   GI   CI        PID   Type   Process name                              GPU Memory |
|        ID   ID                                                               Usage      |
|=========================================================================================|
|  No running processes found                                                             |
+-----------------------------------------------------------------------------------------+

==============================================
 Job finished at: Sat Apr 11 14:04:38 IST 2026
==============================================
