-0.498 -0.000346252 -2.07059e-05
-0.496 -0.00140572 -8.92786e-05
-0.494 -0.00321013 -0.000217246
-0.492 -0.00579198 -0.000418558
-0.49 -0.00918447 -0.000709529
-0.488 -0.0134213 -0.00110875
-0.486 -0.0185368 -0.00163702
-0.484 -0.0245655 -0.00231718
-0.482 -0.0315421 -0.00317404
-0.48 -0.0395015 -0.00423422
-0.478 -0.0484784 -0.00552596
-0.476 -0.0585075 -0.00707898
-0.474 -0.0696228 -0.00892426
-0.472 -0.0818581 -0.0110939
-0.47 -0.0952463 -0.0136207
-0.468 -0.10982 -0.0165382
-0.466 -0.125609 -0.0198804
-0.464 -0.142645 -0.0236812
-0.462 -0.160956 -0.0279745
-0.46 -0.180568 -0.0327938
-0.458 -0.201508 -0.0381719
-0.456 -0.223799 -0.0441404
-0.454 -0.247462 -0.05073
-0.452 -0.272517 -0.0579695
-0.45 -0.29898 -0.0658862
-0.448 -0.326867 -0.0745048
-0.446 -0.356187 -0.083848
-0.444 -0.386951 -0.0939355
-0.442 -0.419164 -0.104784
-0.44 -0.452829 -0.116407
-0.438 -0.487944 -0.128815
-0.436 -0.524505 -0.142013
-0.434 -0.562506 -0.156003
-0.432 -0.601933 -0.170784
-0.43 -0.642772 -0.186348
-0.428 -0.685004 -0.202683
-0.426 -0.728604 -0.219774
-0.424 -0.773547 -0.237598
-0.422 -0.8198 -0.256128
-0.42 -0.867327 -0.275333
-0.418 -0.91609 -0.295174
-0.416 -0.966042 -0.315607
-0.414 -1.01714 -0.336585
-0.412 -1.06932 -0.358053
-0.41 -1.12254 -0.37995
-0.408 -1.17673 -0.40221
-0.406 -1.23182 -0.424762
-0.404 -1.28775 -0.44753
-0.402 -1.34445 -0.47043
-0.4 -1.40183 -0.493377
-0.398 -1.45982 -0.516278
-0.396 -1.51832 -0.539036
-0.394 -1.57726 -0.561549
-0.392 -1.63654 -0.583711
-0.39 -1.69607 -0.605415
-0.388 -1.75575 -0.626545
-0.386 -1.81547 -0.646986
-0.384 -1.87514 -0.666619
-0.382 -1.93465 -0.685323
-0.38 -1.99389 -0.702973
-0.378 -2.05275 -0.719445
-0.376 -2.11112 -0.734614
-0.374 -2.1689 -0.748354
-0.372 -2.22596 -0.760537
-0.37 -2.28219 -0.771039
-0.368 -2.33748 -0.779735
-0.366 -2.39171 -0.786504
-0.364 -2.44477 -0.791224
-0.362 -2.49654 -0.793779
-0.36 -2.54691 -0.794055
-0.358 -2.59576 -0.791943
-0.356 -2.64299 -0.787338
-0.354 -2.68848 -0.78014
-0.352 -2.73213 -0.770257
-0.35 -2.77382 -0.757601
-0.348 -2.81345 -0.742091
-0.346 -2.85093 -0.723657
-0.344 -2.88615 -0.702234
-0.342 -2.91902 -0.677765
-0.34 -2.94943 -0.650205
-0.338 -2.97732 -0.619517
-0.336 -3.00258 -0.585674
-0.334 -3.02514 -0.548659
-0.332 -3.04491 -0.508467
-0.33 -3.06184 -0.465104
-0.328 -3.07584 -0.418586
-0.326 -3.08685 -0.368942
-0.324 -3.09482 -0.316212
-0.322 -3.09968 -0.26045
-0.32 -3.10139 -0.20172
-0.318 -3.09991 -0.140099
-0.316 -3.09519 -0.075677
-0.314 -3.08719 -0.00855622
-0.312 -3.0759 0.0611494
-0.31 -3.06128 0.133313
-0.308 -3.04331 0.207797
-0.306 -3.02199 0.284451
-0.304 -2.99729 0.363112
-0.302 -2.96923 0.443607
-0.3 -2.9378 0.525753
-0.298 -2.903 0.609355
-0.296 -2.86485 0.694208
-0.294 -2.82337 0.780098
-0.292 -2.77857 0.866803
-0.29 -2.73049 0.95409
-0.288 -2.67915 1.04172
-0.286 -2.62458 1.12945
-0.284 -2.56684 1.21703
-0.282 -2.50595 1.30419
-0.28 -2.44197 1.39069
-0.278 -2.37495 1.47624
-0.276 -2.30494 1.56059
-0.274 -2.23199 1.64346
-0.272 -2.15617 1.72458
-0.27 -2.07754 1.80368
-0.268 -1.99617 1.88049
-0.266 -1.91211 1.95475
-0.264 -1.82543 2.02618
-0.262 -1.73621 2.09454
-0.26 -1.6445 2.15956
-0.258 -1.55039 2.221
-0.256 -1.45393 2.27861
-0.254 -1.35521 2.33217
-0.252 -1.25427 2.38144
-0.25 -1.15119 2.42623
-0.248 -1.04603 2.46633
-0.246 -0.938858 2.50155
-0.244 -0.829722 2.53172
-0.242 -0.718682 2.55669
-0.24 -0.605787 2.57629
-0.238 -0.491084 2.59042
-0.236 -0.374614 2.59896
-0.234 -0.256415 2.60181
-0.232 -0.136518 2.59891
-0.23 -0.014948 2.59019
-0.228 0.108276 2.57563
-0.226 0.233142 2.55522
-0.224 0.359644 2.52894
-0.222 0.487785 2.49684
-0.22 0.617572 2.45897
-0.218 0.749025 2.41539
-0.216 0.882166 2.36619
-0.214 1.01703 2.3115
-0.212 1.15366 2.25144
-0.21 1.2921 2.18617
-0.208 1.43241 2.11588
-0.206 1.57465 2.04076
-0.204 1.71891 1.96103
-0.202 1.86525 1.87694
-0.2 2.01378 1.78874
-0.198 2.16458 1.69673
-0.196 2.31776 1.60119
-0.194 2.47343 1.50244
-0.192 2.63172 1.40082
-0.19 2.79273 1.29669
-0.188 2.9566 1.19039
-0.186 3.12347 1.08232
-0.184 3.29348 0.972875
-0.182 3.46676 0.862449
-0.18 3.64346 0.751463
-0.178 3.82373 0.640342
-0.176 4.00772 0.52952
-0.174 4.19559 0.419439
-0.172 4.38748 0.310544
-0.17 4.58356 0.203288
-0.168 4.78396 0.0981234
-0.166 4.98884 -0.00449373
-0.164 5.19835 -0.104108
-0.162 5.41263 -0.200266
-0.16 5.63183 -0.292515
-0.158 5.85608 -0.38041
-0.156 6.0855 -0.463509
-0.154 6.32023 -0.541377
-0.152 6.56038 -0.61359
-0.15 6.80607 -0.679733
-0.148 7.05739 -0.7394
-0.146 7.31444 -0.792202
-0.144 7.57731 -0.83776
-0.142 7.84606 -0.875713
-0.14 8.12077 -0.905715
-0.138 8.40148 -0.92744
-0.136 8.68824 -0.940579
-0.134 8.98109 -0.944842
-0.132 9.28004 -0.939964
-0.13 9.58509 -0.925699
-0.128 9.89625 -0.901825
-0.126 10.2135 -0.868143
-0.124 10.5368 -0.824481
-0.122 10.8661 -0.77069
-0.12 11.2014 -0.706648
-0.118 11.5425 -0.63226
-0.116 11.8895 -0.547459
-0.114 12.2422 -0.452203
-0.112 12.6005 -0.346482
-0.11 12.9643 -0.23031
-0.108 13.3334 -0.103732
-0.106 13.7077 0.0331779
-0.104 14.0871 0.180319
-0.102 14.4714 0.33756
-0.1 14.8604 0.504743
-0.098 15.2539 0.681681
-0.096 15.6517 0.868157
-0.094 16.0535 1.06393
-0.092 16.4593 1.26873
-0.09 16.8687 1.48226
-0.088 17.2814 1.70419
-0.086 17.6972 1.93419
-0.084 18.1159 2.17187
-0.082 18.5372 2.41684
-0.08 18.9607 2.66867
-0.078 19.3862 2.92694
-0.076 19.8133 3.19116
-0.074 20.2417 3.46087
-0.072 20.6711 3.73555
-0.07 21.1012 4.01469
-0.068 21.5316 4.29775
-0.066 21.9618 4.58418
-0.064 22.3916 4.87341
-0.062 22.8206 5.16486
-0.06 23.2483 5.45794
-0.058 23.6743 5.75205
-0.056 24.0983 6.04658
-0.054 24.5198 6.34092
-0.052 24.9383 6.63445
-0.05 25.3534 6.92653
-0.048 25.7647 7.21654
-0.046 26.1717 7.50386
-0.044 26.5739 7.78785
-0.042 26.9708 8.06789
-0.04 27.3619 8.34336
-0.038 27.7468 8.61363
-0.036 28.1248 8.87811
-0.034 28.4956 9.1362
-0.032 28.8586 9.3873
-0.03 29.2133 9.63083
-0.028 29.559 9.86624
-0.026 29.8954 10.093
-0.024 30.2218 10.3105
-0.022 30.5378 10.5183
-0.02 30.8428 10.7159
-0.018 31.1362 10.9028
-0.016 31.4176 11.0786
-0.014 31.6864 11.2428
-0.012 31.9421 11.3951
-0.01 32.1842 11.5351
-0.008 32.4121 11.6624
-0.006 32.6255 11.7767
-0.004 32.8237 11.8777
-0.002 33.0064 11.9652
0 33.1731 12.039
0.002 33.3234 12.0988
0.004 33.4569 12.1446
0.006 33.5731 12.1762
0.008 33.6717 12.1935
0.01 33.7524 12.1964
0.012 33.8149 12.185
0.014 33.8588 12.1594
0.016 33.8839 12.1194
0.018 33.8901 12.0654
0.02 33.877 11.9973
0.022 33.8446 11.9153
0.024 33.7926 11.8197
0.026 33.7211 11.7108
0.028 33.6299 11.5887
0.03 33.5191 11.4537
0.032 33.3886 11.3064
0.034 33.2385 11.1469
0.036 33.0689 10.9757
0.038 32.8798 10.7933
0.04 32.6716 10.6001
0.042 32.4443 10.3966
0.044 32.1982 10.1832
0.046 31.9336 9.96068
0.048 31.6507 9.72942
0.05 31.3499 9.49003
0.052 31.0316 9.24313
0.054 30.6962 8.98932
0.056 30.3441 8.72923
0.058 29.9758 8.4635
0.06 29.5918 8.19277
0.062 29.1925 7.91771
0.064 28.7786 7.63898
0.066 28.3507 7.35725
0.068 27.9092 7.07318
0.07 27.4548 6.78744
0.072 26.9882 6.50071
0.074 26.51 6.21364
0.076 26.0209 5.92688
0.078 25.5216 5.64109
0.08 25.0126 5.3569
0.082 24.4949 5.07492
0.084 23.969 4.79578
0.086 23.4357 4.52007
0.088 22.8958 4.24835
0.09 22.3498 3.98119
0.092 21.7986 3.71912
0.094 21.2429 3.46264
0.096 20.6834 3.21226
0.098 20.1209 2.96842
0.1 19.556 2.73158
0.102 18.9894 2.50212
0.104 18.4218 2.28045
0.106 17.854 2.0669
0.108 17.2865 1.8618
0.11 16.7201 1.66543
0.112 16.1554 1.47807
0.114 15.593 1.29993
0.116 15.0335 1.13121
0.118 14.4776 0.972078
0.12 13.9257 0.822664
0.122 13.3784 0.683069
0.124 12.8363 0.55336
0.126 12.2999 0.433575
0.128 11.7696 0.323721
0.13 11.2459 0.223772
0.132 10.7293 0.133674
0.134 10.2202 0.0533427
0.136 9.71887 -0.0173334
0.138 9.22583 -0.0784947
0.14 8.74136 -0.130308
0.142 8.26578 -0.172966
0.144 7.79939 -0.206686
0.146 7.34246 -0.231708
0.148 6.89524 -0.248295
0.15 6.45794 -0.256731
0.152 6.03077 -0.25732
0.154 5.61391 -0.250383
0.156 5.20749 -0.236259
0.158 4.81167 -0.215302
0.16 4.42653 -0.18788
0.162 4.05216 -0.154373
0.164 3.68864 -0.115174
0.166 3.33599 -0.0706811
0.168 2.99426 -0.0213045
0.17 2.66342 0.0325413
0.172 2.34348 0.0904369
0.174 2.0344 0.151959
0.176 1.73612 0.216684
0.178 1.44858 0.284187
0.18 1.17169 0.354043
0.182 0.905341 0.425833
0.184 0.649428 0.49914
0.186 0.403816 0.573552
0.188 0.168362 0.648664
0.19 -0.0570909 0.72408
0.192 -0.272712 0.799413
0.194 -0.47868 0.874286
0.196 -0.675186 0.948332
0.198 -0.862431 1.0212
0.2 -1.04062 1.09255
0.202 -1.20998 1.16205
0.204 -1.37072 1.2294
0.206 -1.52309 1.29431
0.208 -1.66731 1.35648
0.21 -1.80363 1.41568
0.212 -1.9323 1.47164
0.214 -2.05357 1.52416
0.216 -2.16769 1.57301
0.218 -2.27491 1.61803
0.22 -2.3755 1.65903
0.222 -2.46971 1.69588
0.224 -2.55779 1.72844
0.226 -2.64002 1.75661
0.228 -2.71663 1.7803
0.23 -2.78789 1.79943
0.232 -2.85405 1.81396
0.234 -2.91535 1.82386
0.236 -2.97204 1.82911
0.238 -3.02436 1.82972
0.24 -3.07254 1.82571
0.242 -3.11681 1.81712
0.244 -3.15739 1.80401
0.246 -3.1945 1.78646
0.248 -3.22834 1.76455
0.25 -3.25913 1.73838
0.252 -3.28704 1.70807
0.254 -3.31227 1.67377
0.256 -3.33499 1.6356
0.258 -3.35536 1.59373
0.26 -3.37355 1.54832
0.262 -3.38971 1.49955
0.264 -3.40397 1.44761
0.266 -3.41646 1.39269
0.268 -3.42731 1.335
0.27 -3.43662 1.27474
0.272 -3.44449 1.21212
0.274 -3.45102 1.14738
0.276 -3.45628 1.08072
0.278 -3.46036 1.01237
0.28 -3.46331 0.942573
0.282 -3.46518 0.871544
0.284 -3.46603 0.799516
0.286 -3.46589 0.726718
0.288 -3.46479 0.653376
0.29 -3.46275 0.579715
0.292 -3.45979 0.505957
0.294 -3.45592 0.432319
0.296 -3.45114 0.359015
0.298 -3.44544 0.286252
0.3 -3.43881 0.214232
0.302 -3.43124 0.143152
0.304 -3.42272 0.0731986
0.306 -3.41322 0.00455339
0.308 -3.40271 -0.0626114
0.31 -3.39118 -0.128132
0.312 -3.37857 -0.191853
0.314 -3.36488 -0.25363
0.316 -3.35005 -0.313327
0.318 -3.33406 -0.370818
0.32 -3.31688 -0.425988
0.322 -3.29846 -0.478733
0.324 -3.27879 -0.528958
0.326 -3.25781 -0.57658
0.328 -3.23552 -0.621527
0.33 -3.21187 -0.663736
0.332 -3.18683 -0.703157
0.334 -3.1604 -0.73975
0.336 -3.13255 -0.773485
0.338 -3.10326 -0.804344
0.34 -3.07251 -0.832317
0.342 -3.04031 -0.857407
0.344 -3.00664 -0.879624
0.346 -2.9715 -0.89899
0.348 -2.9349 -0.915535
0.35 -2.89685 -0.929298
0.352 -2.85736 -0.940327
0.354 -2.81645 -0.948678
0.356 -2.77414 -0.954414
0.358 -2.73045 -0.957606
0.36 -2.68543 -0.958332
0.362 -2.6391 -0.956677
0.364 -2.59151 -0.952729
0.366 -2.54271 -0.946585
0.368 -2.49274 -0.938344
0.37 -2.44166 -0.92811
0.372 -2.38953 -0.915993
0.374 -2.33641 -0.902103
0.376 -2.28237 -0.886555
0.378 -2.22747 -0.869464
0.38 -2.1718 -0.850948
0.382 -2.11542 -0.831128
0.384 -2.05841 -0.810121
0.386 -2.00086 -0.788049
0.388 -1.94285 -0.76503
0.39 -1.88447 -0.741182
0.392 -1.82579 -0.716624
0.394 -1.76691 -0.691469
0.396 -1.70792 -0.665832
0.398 -1.6489 -0.639822
0.4 -1.58994 -0.613547
0.402 -1.53114 -0.587111
0.404 -1.47258 -0.560615
0.406 -1.41435 -0.534155
0.408 -1.35653 -0.507822
0.41 -1.29921 -0.481705
0.412 -1.24248 -0.455886
0.414 -1.18641 -0.430443
0.416 -1.13109 -0.405449
0.418 -1.07659 -0.38097
0.42 -1.02299 -0.357069
0.422 -0.970364 -0.333802
0.424 -0.918771 -0.31122
0.426 -0.868279 -0.289369
0.428 -0.818952 -0.268287
0.43 -0.770846 -0.24801
0.432 -0.724015 -0.228566
0.434 -0.678509 -0.209979
0.436 -0.634374 -0.192267
0.438 -0.591651 -0.175442
0.44 -0.550378 -0.159512
0.442 -0.510586 -0.144481
0.444 -0.472305 -0.130348
0.446 -0.435559 -0.117105
0.448 -0.400366 -0.104744
0.45 -0.366742 -0.0932501
0.452 -0.334698 -0.0826057
0.454 -0.30424 -0.0727896
0.456 -0.275369 -0.0637776
0.458 -0.248084 -0.0555428
0.46 -0.222377 -0.0480554
0.462 -0.19824 -0.0412837
0.464 -0.175656 -0.0351939
0.466 -0.15461 -0.0297506
0.468 -0.135077 -0.0249172
0.47 -0.117035 -0.0206559
0.472 -0.100454 -0.0169284
0.474 -0.0853031 -0.0136959
0.476 -0.0715482 -0.0109194
0.478 -0.0591524 -0.00856026
0.48 -0.0480765 -0.00658012
0.482 -0.0382791 -0.0049414
0.484 -0.0297166 -0.00360746
0.486 -0.0223441 -0.00254284
0.488 -0.0161147 -0.00171352
0.49 -0.0109805 -0.00108709
0.492 -0.00689247 -0.000632943
0.494 -0.00380093 -0.000322473
0.496 -0.00165547 -0.000129214
0.498 -0.000405415 -2.89839e-05
0.05 11.8418 3.55888
0.1 11.8423 3.55885
0.15 11.8432 3.5588
0.2 11.8443 3.55873
0.25 11.8458 3.55865
0.3 11.8477 3.55854
0.35 11.8498 3.55841
0.4 11.8523 3.55826
0.45 11.8551 3.55809
0.5 11.8583 3.5579
0.55 11.8618 3.55769
0.6 11.8656 3.55746
0.65 11.8697 3.55721
0.7 11.8741 3.55693
0.75 11.8789 3.55664
0.8 11.8839 3.55632
0.85 11.8893 3.55598
0.9 11.895 3.55562
0.95 11.901 3.55523
1 11.9074 3.55482
1.05 11.914 3.55439
1.1 11.9209 3.55393
1.15 11.9281 3.55345
1.2 11.9356 3.55294
1.25 11.9434 3.55241
1.3 11.9515 3.55185
1.35 11.9599 3.55127
1.4 11.9685 3.55066
1.45 11.9774 3.55002
1.5 11.9866 3.54935
1.55 11.9961 3.54866
1.6 12.0058 3.54793
1.65 12.0158 3.54718
1.7 12.026 3.54639
1.75 12.0365 3.54558
1.8 12.0472 3.54473
1.85 12.0582 3.54385
1.9 12.0694 3.54293
1.95 12.0808 3.54199
2 12.0924 3.541
2.05 12.1043 3.53999
2.1 12.1163 3.53894
2.15 12.1286 3.53785
2.2 12.1411 3.53672
2.25 12.1537 3.53555
2.3 12.1666 3.53435
2.35 12.1796 3.53311
2.4 12.1928 3.53182
2.45 12.2062 3.5305
2.5 12.2197 3.52913
2.55 12.2334 3.52772
2.6 12.2472 3.52627
2.65 12.2612 3.52477
2.7 12.2753 3.52323
2.75 12.2896 3.52164
2.8 12.3039 3.52
2.85 12.3184 3.51832
2.9 12.333 3.51658
2.95 12.3476 3.5148
3 12.3624 3.51297
3.05 12.3773 3.51108
3.1 12.3922 3.50915
3.15 12.4072 3.50716
3.2 12.4223 3.50511
3.25 12.4374 3.50301
3.3 12.4525 3.50086
3.35 12.4677 3.49865
3.4 12.483 3.49638
3.45 12.4982 3.49405
3.5 12.5135 3.49166
3.55 12.5288 3.48922
3.6 12.544 3.48671
3.65 12.5593 3.48414
3.7 12.5745 3.48151
3.75 12.5898 3.47881
3.8 12.605 3.47605
3.85 12.6201 3.47322
3.9 12.6352 3.47033
3.95 12.6502 3.46737
4 12.6652 3.46434
4.05 12.6801 3.46125
4.1 12.6949 3.45808
4.15 12.7096 3.45485
4.2 12.7243 3.45154
4.25 12.7388 3.44816
4.3 12.7532 3.44471
4.35 12.7675 3.44118
4.4 12.7816 3.43758
4.45 12.7956 3.43391
4.5 12.8095 3.43016
4.55 12.8231 3.42633
4.6 12.8367 3.42243
4.65 12.85 3.41844
4.7 12.8632 3.41438
4.75 12.8762 3.41024
4.8 12.8889 3.40602
4.85 12.9015 3.40172
4.9 12.9139 3.39733
4.95 12.926 3.39287
5 12.9379 3.38832
5.05 12.9496 3.38369
5.1 12.961 3.37898
5.15 12.9721 3.37418
5.2 12.983 3.3693
5.25 12.9937 3.36433
5.3 13.004 3.35927
5.35 13.0141 3.35413
5.4 13.0238 3.34891
5.45 13.0333 3.34359
5.5 13.0424 3.33819
5.55 13.0513 3.3327
5.6 13.0598 3.32712
5.65 13.0679 3.32146
5.7 13.0758 3.3157
5.75 13.0833 3.30986
5.8 13.0904 3.30393
5.85 13.0972 3.2979
5.9 13.1036 3.29179
5.95 13.1096 3.28559
6 13.1152 3.27929
6.05 13.1205 3.27291
6.1 13.1254 3.26643
6.15 13.1298 3.25987
6.2 13.1339 3.25321
6.25 13.1375 3.24646
6.3 13.1407 3.23963
6.35 13.1435 3.2327
6.4 13.1459 3.22568
6.45 13.1478 3.21857
6.5 13.1493 3.21137
6.55 13.1503 3.20408
6.6 13.1508 3.1967
6.65 13.1509 3.18922
6.7 13.1506 3.18166
6.75 13.1497 3.17401
6.8 13.1484 3.16627
6.85 13.1466 3.15844
6.9 13.1443 3.15053
6.95 13.1415 3.14252
7 13.1382 3.13442
7.05 13.1344 3.12624
7.1 13.1302 3.11797
7.15 13.1253 3.10962
7.2 13.12 3.10117
7.25 13.1142 3.09265
7.3 13.1078 3.08403
7.35 13.1009 3.07534
7.4 13.0935 3.06655
7.45 13.0855 3.05769
7.5 13.077 3.04874
7.55 13.068 3.03971
7.6 13.0584 3.0306
7.65 13.0483 3.02141
7.7 13.0376 3.01214
7.75 13.0264 3.00279
7.8 13.0146 2.99337
7.85 13.0022 2.98386
7.9 12.9893 2.97428
7.95 12.9758 2.96463
8 12.9618 2.9549
8.05 12.9472 2.9451
8.1 12.932 2.93523
8.15 12.9163 2.92528
8.2 12.9 2.91527
8.25 12.8831 2.90518
8.3 12.8656 2.89503
8.35 12.8476 2.88482
8.4 12.8289 2.87453
8.45 12.8098 2.86419
8.5 12.79 2.85378
8.55 12.7696 2.84331
8.6 12.7487 2.83278
8.65 12.7272 2.82219
8.7 12.7051 2.81154
8.75 12.6825 2.80084
8.8 12.6592 2.79008
8.85 12.6354 2.77927
8.9 12.611 2.76841
8.95 12.586 2.7575
9 12.5605 2.74654
9.05 12.5344 2.73554
9.1 12.5077 2.72448
9.15 12.4804 2.71339
9.2 12.4526 2.70225
9.25 12.4242 2.69107
9.3 12.3952 2.67985
9.35 12.3657 2.6686
9.4 12.3356 2.65731
9.45 12.3049 2.64599
9.5 12.2737 2.63463
9.55 12.2419 2.62325
9.6 12.2096 2.61183
9.65 12.1767 2.60039
9.7 12.1433 2.58893
9.75 12.1093 2.57744
9.8 12.0748 2.56593
9.85 12.0398 2.5544
9.9 12.0042 2.54285
9.95 11.9681 2.53129
10 11.9315 2.51972
10.05 11.8943 2.50813
10.1 11.8566 2.49654
10.15 11.8184 2.48494
10.2 11.7797 2.47333
10.25 11.7405 2.46172
10.3 11.7007 2.4501
10.35 11.6605 2.43849
10.4 11.6198 2.42688
10.45 11.5786 2.41527
10.5 11.5369 2.40368
10.55 11.4947 2.39209
10.6 11.4521 2.38051
10.65 11.409 2.36894
10.7 11.3654 2.35739
10.75 11.3214 2.34585
10.8 11.2769 2.33434
10.85 11.232 2.32285
10.9 11.1866 2.31138
10.95 11.1408 2.29993
11 11.0945 2.28851
11.05 11.0479 2.27713
11.1 11.0008 2.26577
11.15 10.9533 2.25445
11.2 10.9054 2.24316
11.25 10.8571 2.23192
11.3 10.8084 2.22071
11.35 10.7593 2.20954
11.4 10.7099 2.19842
11.45 10.6601 2.18735
11.5 10.6099 2.17633
11.55 10.5593 2.16535
11.6 10.5084 2.15443
11.65 10.4572 2.14357
11.7 10.4056 2.13276
11.75 10.3537 2.12201
11.8 10.3014 2.11132
11.85 10.2489 2.1007
11.9 10.196 2.09014
11.95 10.1428 2.07965
12 10.0894 2.06923
12.05 10.0356 2.05888
12.1 9.98161 2.0486
12.15 9.92731 2.0384
12.2 9.87275 2.02828
12.25 9.81794 2.01823
12.3 9.76287 2.00827
12.35 9.70757 1.99839
12.4 9.65203 1.9886
12.45 9.59627 1.9789
12.5 9.54029 1.96928
12.55 9.4841 1.95975
12.6 9.42771 1.95032
12.65 9.37113 1.94099
12.7 9.31436 1.93174
12.75 9.25741 1.9226
12.8 9.20029 1.91356
12.85 9.14302 1.90462
12.9 9.08559 1.89579
12.95 9.02801 1.88706
13 8.97029 1.87843
13.05 8.91245 1.86992
13.1 8.85448 1.86151
13.15 8.79641 1.85322
13.2 8.73822 1.84504
13.25 8.67994 1.83698
13.3 8.62157 1.82903
13.35 8.56312 1.82121
13.4 8.50459 1.8135
13.45 8.446 1.80591
13.5 8.38735 1.79845
13.55 8.32866 1.79111
13.6 8.26992 1.78389
13.65 8.21115 1.77681
13.7 8.15235 1.76985
13.75 8.09353 1.76302
13.8 8.03471 1.75632
13.85 7.97588 1.74975
13.9 7.91706 1.74332
13.95 7.85826 1.73702
14 7.79947 1.73085
14.05 7.74071 1.72482
14.1 7.68199 1.71893
14.15 7.62332 1.71318
14.2 7.56469 1.70756
14.25 7.50613 1.70209
14.3 7.44763 1.69676
14.35 7.3892 1.69157
14.4 7.33086 1.68652
14.45 7.27261 1.68162
14.5 7.21445 1.67686
14.55 7.15639 1.67225
14.6 7.09845 1.66778
14.65 7.04062 1.66346
14.7 6.98292 1.65928
14.75 6.92534 1.65526
14.8 6.86791 1.65138
14.85 6.81062 1.64765
14.9 6.75348 1.64407
14.95 6.6965 1.64064
15 6.63969 1.63736
15.05 6.58305 1.63422
15.1 6.52658 1.63124
15.15 6.4703 1.62841
15.2 6.41421 1.62574
15.25 6.35832 1.62321
15.3 6.30263 1.62083
15.35 6.24715 1.61861
15.4 6.19188 1.61653
15.45 6.13683 1.61461
15.5 6.08201 1.61284
15.55 6.02743 1.61122
15.6 5.97308 1.60975
15.65 5.91897 1.60843
15.7 5.86511 1.60726
15.75 5.81151 1.60624
15.8 5.75816 1.60538
15.85 5.70508 1.60466
15.9 5.65227 1.60409
15.95 5.59973 1.60367
16 5.54747 1.6034
16.05 5.4955 1.60328
16.1 5.44381 1.6033
16.15 5.39242 1.60347
16.2 5.34133 1.60379
16.25 5.29053 1.60426
16.3 5.24005 1.60486
16.35 5.18987 1.60562
16.4 5.14001 1.60651
16.45 5.09046 1.60755
16.5 5.04124 1.60873
16.55 4.99235 1.61005
16.6 4.94378 1.61151
16.65 4.89555 1.61311
16.7 4.84765 1.61485
16.75 4.80009 1.61672
16.8 4.75288 1.61873
16.85 4.70601 1.62087
16.9 4.65949 1.62315
16.95 4.61332 1.62556
17 4.56751 1.6281
17.05 4.52206 1.63077
17.1 4.47696 1.63356
17.15 4.43223 1.63649
17.2 4.38786 1.63954
17.25 4.34386 1.64271
17.3 4.30023 1.64601
17.35 4.25697 1.64942
17.4 4.21408 1.65296
17.45 4.17157 1.65661
17.5 4.12943 1.66038
17.55 4.08767 1.66427
17.6 4.04629 1.66826
17.65 4.0053 1.67237
17.7 3.96468 1.67659
17.75 3.92445 1.68092
17.8 3.8846 1.68535
17.85 3.84514 1.68988
17.9 3.80607 1.69452
17.95 3.76738 1.69926
18 3.72908 1.70409
18.05 3.69117 1.70903
18.1 3.65365 1.71405
18.15 3.61651 1.71917
18.2 3.57977 1.72438
18.25 3.54342 1.72968
18.3 3.50745 1.73506
18.35 3.47188 1.74053
18.4 3.43669 1.74608
18.45 3.4019 1.75171
18.5 3.36749 1.75742
18.55 3.33347 1.7632
18.6 3.29984 1.76906
18.65 3.2666 1.77498
18.7 3.23374 1.78098
18.75 3.20128 1.78704
18.8 3.16919 1.79317
18.85 3.13749 1.79936
18.9 3.10617 1.8056
18.95 3.07524 1.81191
19 3.04468 1.81827
19.05 3.01451 1.82468
19.1 2.98471 1.83114
19.15 2.95529 1.83765
19.2 2.92624 1.8442
19.25 2.89757 1.8508
19.3 2.86927 1.85743
19.35 2.84134 1.86411
19.4 2.81377 1.87082
19.45 2.78658 1.87756
19.5 2.75974 1.88433
19.55 2.73327 1.89113
19.6 2.70716 1.89795
19.65 2.68141 1.9048
19.7 2.65601 1.91167
19.75 2.63096 1.91855
19.8 2.60626 1.92545
19.85 2.58191 1.93236
19.9 2.55791 1.93929
19.95 2.53425 1.94622
20 2.51093 1.95315
20.05 2.48795 1.96009
20.1 2.4653 1.96702
20.15 2.44298 1.97395
20.2 2.42099 1.98088
20.25 2.39933 1.9878
20.3 2.37799 1.99471
20.35 2.35697 2.00161
20.4 2.33626 2.00849
20.45 2.31587 2.01535
20.5 2.29579 2.02219
20.55 2.27602 2.02901
20.6 2.25655 2.0358
20.65 2.23738 2.04256
20.7 2.2185 2.04929
20.75 2.19992 2.05599
20.8 2.18163 2.06266
20.85 2.16363 2.06928
20.9 2.14591 2.07587
20.95 2.12847 2.08241
21 2.1113 2.0889
21.05 2.09441 2.09535
21.1 2.07778 2.10174
21.15 2.06142 2.10809
21.2 2.04533 2.11437
21.25 2.02949 2.1206
21.3 2.0139 2.12677
21.35 1.99856 2.13288
21.4 1.98347 2.13892
21.45 1.96862 2.1449
21.5 1.95401 2.1508
21.55 1.93964 2.15664
21.6 1.9255 2.1624
21.65 1.91158 2.16808
21.7 1.89789 2.17369
21.75 1.88441 2.17921
21.8 1.87116 2.18465
21.85 1.85811 2.19001
21.9 1.84527 2.19528
21.95 1.83264 2.20046
22 1.82021 2.20555
22.05 1.80797 2.21054
22.1 1.79592 2.21544
22.15 1.78407 2.22024
22.2 1.77239 2.22495
22.25 1.7609 2.22955
22.3 1.74959 2.23405
22.35 1.73845 2.23844
22.4 1.72748 2.24273
22.45 1.71667 2.24691
22.5 1.70603 2.25098
22.55 1.69554 2.25493
22.6 1.68521 2.25877
22.65 1.67503 2.2625
22.7 1.66499 2.2661
22.75 1.6551 2.26959
22.8 1.64534 2.27296
22.85 1.63573 2.27621
22.9 1.62624 2.27933
22.95 1.61688 2.28233
23 1.60765 2.2852
23.05 1.59854 2.28794
23.1 1.58954 2.29055
23.15 1.58066 2.29303
23.2 1.57189 2.29538
23.25 1.56322 2.29759
23.3 1.55466 2.29967
23.35 1.5462 2.30161
23.4 1.53783 2.30342
23.45 1.52956 2.30508
23.5 1.52138 2.30661
23.55 1.51328 2.308
23.6 1.50527 2.30924
23.65 1.49734 2.31034
23.7 1.48948 2.3113
23.75 1.4817 2.31211
23.8 1.47399 2.31278
23.85 1.46634 2.3133
23.9 1.45876 2.31367
23.95 1.45125 2.3139
24 1.44379 2.31397
24.05 1.43638 2.3139
24.1 1.42903 2.31368
24.15 1.42173 2.3133
24.2 1.41448 2.31278
24.25 1.40727 2.3121
24.3 1.4001 2.31127
24.35 1.39297 2.31028
24.4 1.38588 2.30914
24.45 1.37882 2.30785
24.5 1.37179 2.3064
24.55 1.3648 2.3048
24.6 1.35782 2.30305
24.65 1.35088 2.30114
24.7 1.34395 2.29907
24.75 1.33705 2.29685
24.8 1.33016 2.29447
24.85 1.32329 2.29194
24.9 1.31643 2.28925
24.95 1.30958 2.28641
25 1.30274 2.28341
25.05 1.29591 2.28025
25.1 1.28909 2.27694
25.15 1.28226 2.27348
25.2 1.27544 2.26986
25.25 1.26862 2.26608
25.3 1.2618 2.26215
25.35 1.25497 2.25807
25.4 1.24814 2.25383
25.45 1.2413 2.24943
25.5 1.23446 2.24489
25.55 1.2276 2.24019
25.6 1.22073 2.23534
25.65 1.21386 2.23034
25.7 1.20696 2.22518
25.75 1.20006 2.21988
25.8 1.19313 2.21443
25.85 1.18619 2.20882
25.9 1.17923 2.20307
25.95 1.17225 2.19717
26 1.16526 2.19113
26.05 1.15824 2.18493
26.1 1.15119 2.17859
26.15 1.14413 2.17211
26.2 1.13704 2.16549
26.25 1.12993 2.15872
26.3 1.12279 2.15181
26.35 1.11562 2.14476
26.4 1.10843 2.13757
26.45 1.10122 2.13024
26.5 1.09397 2.12277
26.55 1.0867 2.11517
26.6 1.0794 2.10743
26.65 1.07206 2.09956
26.7 1.06471 2.09155
26.75 1.05732 2.08341
26.8 1.0499 2.07515
26.85 1.04245 2.06675
26.9 1.03497 2.05823
26.95 1.02746 2.04958
27 1.01993 2.04081
27.05 1.01236 2.03191
27.1 1.00476 2.02289
27.15 0.99713 2.01375
27.2 0.989472 2.00449
27.25 0.981784 1.99511
27.3 0.974067 1.98562
27.35 0.96632 1.97601
27.4 0.958544 1.96629
27.45 0.950739 1.95646
27.5 0.942906 1.94652
27.55 0.935045 1.93647
27.6 0.927156 1.92632
27.65 0.91924 1.91606
27.7 0.911298 1.9057
27.75 0.903329 1.89523
27.8 0.895334 1.88467
27.85 0.887314 1.87401
27.9 0.87927 1.86325
27.95 0.871202 1.8524
28 0.863111 1.84146
28.05 0.854997 1.83042
28.1 0.846862 1.8193
28.15 0.838705 1.80809
28.2 0.830529 1.7968
28.25 0.822332 1.78542
28.3 0.814118 1.77396
28.35 0.805885 1.76243
28.4 0.797636 1.75081
28.45 0.78937 1.73912
28.5 0.78109 1.72736
28.55 0.772795 1.71552
28.6 0.764488 1.70362
28.65 0.756168 1.69165
28.7 0.747837 1.67961
28.75 0.739496 1.66751
28.8 0.731146 1.65534
28.85 0.722787 1.64312
28.9 0.714422 1.63084
28.95 0.706051 1.61851
29 0.697675 1.60612
29.05 0.689296 1.59367
29.1 0.680914 1.58118
29.15 0.672531 1.56865
29.2 0.664147 1.55606
29.25 0.655765 1.54344
29.3 0.647384 1.53077
29.35 0.639007 1.51806
29.4 0.630635 1.50531
29.45 0.622268 1.49253
29.5 0.613908 1.47972
29.55 0.605556 1.46687
29.6 0.597213 1.454
29.65 0.588882 1.4411
29.7 0.580561 1.42817
29.75 0.572254 1.41522
29.8 0.563962 1.40225
29.85 0.555685 1.38926
29.9 0.547424 1.37625
29.95 0.539182 1.36323
30 0.530958 1.35019
30.05 0.522756 1.33714
30.1 0.514575 1.32409
30.15 0.506416 1.31102
30.2 0.498283 1.29795
30.25 0.490174 1.28488
30.3 0.482092 1.27181
30.35 0.474038 1.25873
30.4 0.466013 1.24566
30.45 0.458019 1.2326
30.5 0.450055 1.21954
30.55 0.442125 1.20648
30.6 0.434228 1.19344
30.65 0.426367 1.18041
30.7 0.418541 1.16739
30.75 0.410753 1.15439
30.8 0.403004 1.14141
30.85 0.395294 1.12844
30.9 0.387625 1.1155
30.95 0.379998 1.10258
31 0.372414 1.08968
31.05 0.364874 1.07681
31.1 0.357379 1.06397
31.15 0.34993 1.05116
31.2 0.342529 1.03838
31.25 0.335176 1.02563
31.3 0.327872 1.01292
31.35 0.320619 1.00025
31.4 0.313417 0.987609
31.45 0.306268 0.975011
31.5 0.299171 0.962455
31.55 0.292129 0.949941
31.6 0.285142 0.937472
31.65 0.278212 0.925049
31.7 0.271338 0.912674
31.75 0.264521 0.900348
31.8 0.257764 0.888072
31.85 0.251066 0.875848
31.9 0.244428 0.863678
31.95 0.237852 0.851562
32 0.231337 0.839503
32.05 0.224885 0.827502
32.1 0.218496 0.815559
32.15 0.212172 0.803677
32.2 0.205912 0.791856
32.25 0.199717 0.780098
32.3 0.193589 0.768404
32.35 0.187527 0.756776
32.4 0.181532 0.745214
32.45 0.175606 0.733721
32.5 0.169748 0.722296
32.55 0.163958 0.710941
32.6 0.158239 0.699657
32.65 0.152589 0.688446
32.7 0.147009 0.677308
32.75 0.141501 0.666244
32.8 0.136064 0.655256
32.85 0.130698 0.644345
32.9 0.125405 0.633511
32.95 0.120184 0.622755
33 0.115036 0.612079
33.05 0.109961 0.601482
33.1 0.104959 0.590967
33.15 0.100031 0.580534
33.2 0.0951767 0.570184
33.25 0.0903966 0.559917
33.3 0.0856908 0.549734
33.35 0.0810594 0.539637
33.4 0.0765026 0.529625
33.45 0.0720206 0.5197
33.5 0.0676134 0.509863
33.55 0.0632811 0.500113
33.6 0.0590237 0.490451
33.65 0.0548414 0.480879
33.7 0.050734 0.471396
33.75 0.0467017 0.462004
33.8 0.0427443 0.452702
33.85 0.0388619 0.443491
33.9 0.0350543 0.434373
33.95 0.0313214 0.425346
34 0.0276632 0.416412
34.05 0.0240794 0.407571
34.1 0.02057 0.398823
34.15 0.0171347 0.39017
34.2 0.0137734 0.38161
34.25 0.0104857 0.373145
34.3 0.00727158 0.364774
34.35 0.00413062 0.356498
34.4 0.00106259 0.348318
34.45 -0.00193282 0.340233
34.5 -0.00485594 0.332243
34.55 -0.00770709 0.324349
34.6 -0.0104867 0.316551
34.65 -0.013195 0.308849
34.7 -0.0158325 0.301243
34.75 -0.0183996 0.293734
34.8 -0.0208968 0.28632
34.85 -0.0233244 0.279003
34.9 -0.025683 0.271782
34.95 -0.027973 0.264657
35 -0.0301949 0.257629
35.05 -0.0323493 0.250697
35.1 -0.0344366 0.24386
35.15 -0.0364575 0.23712
35.2 -0.0384125 0.230476
35.25 -0.0403021 0.223927
35.3 -0.042127 0.217474
35.35 -0.0438878 0.211116
35.4 -0.045585 0.204854
35.45 -0.0472194 0.198686
35.5 -0.0487915 0.192613
35.55 -0.0503021 0.186635
35.6 -0.0517517 0.180751
35.65 -0.0531411 0.17496
35.7 -0.054471 0.169264
35.75 -0.0557421 0.16366
35.8 -0.0569551 0.158149
35.85 -0.0581107 0.152731
35.9 -0.0592096 0.147405
35.95 -0.0602527 0.142171
36 -0.0612407 0.137028
36.05 -0.0621742 0.131976
36.1 -0.0630542 0.127014
36.15 -0.0638814 0.122142
36.2 -0.0646565 0.11736
36.25 -0.0653805 0.112667
36.3 -0.066054 0.108062
36.35 -0.0666779 0.103545
36.4 -0.067253 0.099115
36.45 -0.0677801 0.0947721
36.5 -0.0682602 0.0905156
36.55 -0.0686939 0.0863446
36.6 -0.0690821 0.0822588
36.65 -0.0694258 0.0782573
36.7 -0.0697256 0.0743397
36.75 -0.0699826 0.0705053
36.8 -0.0701974 0.0667535
36.85 -0.0703711 0.0630835
36.9 -0.0705044 0.0594947
36.95 -0.0705983 0.0559864
37 -0.0706535 0.052558
37.05 -0.0706709 0.0492087
37.1 -0.0706515 0.0459378
37.15 -0.070596 0.0427446
37.2 -0.0705054 0.0396284
37.25 -0.0703804 0.0365884
37.3 -0.0702221 0.0336239
37.35 -0.0700312 0.030734
37.4 -0.0698086 0.0279182
37.45 -0.0695552 0.0251754
37.5 -0.0692717 0.0225051
37.55 -0.0689592 0.0199064
37.6 -0.0686185 0.0173784
37.65 -0.0682503 0.0149205
37.7 -0.0678556 0.0125317
37.75 -0.0674352 0.0102113
37.8 -0.0669899 0.00795851
37.85 -0.0665206 0.00577239
37.9 -0.0660281 0.00365217
37.95 -0.0655133 0.001597
38 -0.0649769 -0.000393961
38.05 -0.0644199 -0.00232155
38.1 -0.063843 -0.00418662
38.15 -0.063247 -0.00599003
38.2 -0.0626327 -0.00773262
38.25 -0.0620009 -0.00941526
38.3 -0.0613525 -0.0110388
38.35 -0.0606882 -0.0126041
38.4 -0.0600087 -0.0141121
38.45 -0.0593149 -0.0155636
38.5 -0.0586075 -0.0169594
38.55 -0.0578873 -0.0183005
38.6 -0.0571549 -0.0195877
38.65 -0.0564113 -0.0208219
38.7 -0.055657 -0.0220039
38.75 -0.0548928 -0.0231347
38.8 -0.0541194 -0.0242151
38.85 -0.0533376 -0.025246
38.9 -0.052548 -0.0262282
38.95 -0.0517512 -0.0271627
39 -0.0509481 -0.0280502
39.05 -0.0501391 -0.0288917
39.1 -0.0493251 -0.029688
39.15 -0.0485066 -0.03044
39.2 -0.0476843 -0.0311485
39.25 -0.0468588 -0.0318145
39.3 -0.0460307 -0.0324387
39.35 -0.0452006 -0.0330221
39.4 -0.0443692 -0.0335654
39.45 -0.0435369 -0.0340696
39.5 -0.0427044 -0.0345354
39.55 -0.0418722 -0.0349637
39.6 -0.0410409 -0.0353553
39.65 -0.0402111 -0.0357112
39.7 -0.0393831 -0.036032
39.75 -0.0385576 -0.0363187
39.8 -0.0377351 -0.036572
39.85 -0.036916 -0.0367927
39.9 -0.0361008 -0.0369818
39.95 -0.03529 -0.0371399
40 -0.0344841 -0.0372678
40.05 -0.0336834 -0.0373664
40.1 -0.0328885 -0.0374365
40.15 -0.0320998 -0.0374788
40.2 -0.0313176 -0.0374941
40.25 -0.0305423 -0.0374832
40.3 -0.0297744 -0.0374468
40.35 -0.0290141 -0.0373856
40.4 -0.028262 -0.0373005
40.45 -0.0275182 -0.0371922
40.5 -0.0267833 -0.0370614
40.55 -0.0260573 -0.0369088
40.6 -0.0253408 -0.0367351
40.65 -0.024634 -0.0365412
40.7 -0.0239371 -0.0363275
40.75 -0.0232505 -0.0360949
40.8 -0.0225744 -0.0358441
40.85 -0.0219091 -0.0355757
40.9 -0.0212547 -0.0352904
40.95 -0.0206117 -0.0349888
41 -0.01998 -0.0346717
41.05 -0.0193601 -0.0343396
41.1 -0.018752 -0.0339932
41.15 -0.0181559 -0.0336332
41.2 -0.017572 -0.0332601
41.25 -0.0170006 -0.0328745
41.3 -0.0164416 -0.0324771
41.35 -0.0158953 -0.0320685
41.4 -0.0153618 -0.0316492
41.45 -0.0148412 -0.0312199
41.5 -0.0143336 -0.030781
41.55 -0.0138391 -0.0303332
41.6 -0.0133578 -0.0298769
41.65 -0.0128898 -0.0294128
41.7 -0.0124351 -0.0289414
41.75 -0.0119938 -0.0284632
41.8 -0.0115659 -0.0279786
41.85 -0.0111514 -0.0274883
41.9 -0.0107505 -0.0269926
41.95 -0.010363 -0.0264921
42 -0.00998909 -0.0259873
42.05 -0.00962864 -0.0254786
42.1 -0.00928168 -0.0249665
42.15 -0.00894819 -0.0244514
42.2 -0.00862813 -0.0239337
42.25 -0.00832147 -0.0234139
42.3 -0.00802815 -0.0228924
42.35 -0.00774811 -0.0223697
42.4 -0.00748131 -0.021846
42.45 -0.00722765 -0.0213219
42.5 -0.00698706 -0.0207976
42.55 -0.00675946 -0.0202735
42.6 -0.00654474 -0.0197501
42.65 -0.0063428 -0.0192276
42.7 -0.00615354 -0.0187065
42.75 -0.00597683 -0.0181869
42.8 -0.00581254 -0.0176694
42.85 -0.00566056 -0.0171541
42.9 -0.00552074 -0.0166413
42.95 -0.00539294 -0.0161315
43 -0.00527701 -0.0156248
43.05 -0.00517279 -0.0151216
43.1 -0.00508012 -0.0146221
43.15 -0.00499883 -0.0141266
43.2 -0.00492876 -0.0136352
43.25 -0.00486973 -0.0131484
43.3 -0.00482155 -0.0126663
43.35 -0.00478404 -0.0121891
43.4 -0.004757 -0.011717
43.45 -0.00474024 -0.0112503
43.5 -0.00473357 -0.0107892
43.55 -0.00473677 -0.0103338
43.6 -0.00474963 -0.0098843
43.65 -0.00477196 -0.00944094
43.7 -0.00480353 -0.00900387
43.75 -0.00484412 -0.00857322
43.8 -0.00489352 -0.00814917
43.85 -0.00495149 -0.00773185
43.9 -0.00501782 -0.00732139
43.95 -0.00509228 -0.00691794
44 -0.00517463 -0.00652159
44.05 -0.00526463 -0.00613248
44.1 -0.00536206 -0.00575071
44.15 -0.00546668 -0.00537637
44.2 -0.00557825 -0.00500955
44.25 -0.00569652 -0.00465035
44.3 -0.00582127 -0.00429884
44.35 -0.00595223 -0.00395508
44.4 -0.00608918 -0.00361915
44.45 -0.00623187 -0.00329111
44.5 -0.00638004 -0.00297099
44.55 -0.00653347 -0.00265885
44.6 -0.0066919 -0.00235473
44.65 -0.00685509 -0.00205865
44.7 -0.00702279 -0.00177064
44.75 -0.00719476 -0.00149073
44.8 -0.00737075 -0.00121893
44.85 -0.00755052 -0.000955235
44.9 -0.00773383 -0.000699663
44.95 -0.00792044 -0.000452206
45 -0.0081101 -0.000212856
45.05 -0.00830258 1.84006e-05
45.1 -0.00849763 0.000241582
45.15 -0.00869502 0.000456712
45.2 -0.00889451 0.000663819
45.25 -0.00909588 0.000862937
45.3 -0.00929888 0.0010541
45.35 -0.00950329 0.00123736
45.4 -0.00970889 0.00141276
45.45 -0.00991543 0.00158034
45.5 -0.0101227 0.00174017
45.55 -0.0103305 0.0018923
45.6 -0.0105386 0.00203681
45.65 -0.0107468 0.00217374
45.7 -0.0109548 0.00230319
45.75 -0.0111625 0.00242522
45.8 -0.0113696 0.0025399
45.85 -0.011576 0.00264733
45.9 -0.0117815 0.00274758
45.95 -0.0119857 0.00284075
46 -0.0121887 0.00292693
46.05 -0.0123901 0.0030062
46.1 -0.0125898 0.00307867
46.15 -0.0127876 0.00314444
46.2 -0.0129833 0.0032036
46.25 -0.0131768 0.00325627
46.3 -0.0133678 0.00330255
46.35 -0.0135562 0.00334254
46.4 -0.0137419 0.00337637
46.45 -0.0139247 0.00340413
46.5 -0.0141044 0.00342596
46.55 -0.0142809 0.00344196
46.6 -0.014454 0.00345225
46.65 -0.0146236 0.00345695
46.7 -0.0147895 0.00345619
46.75 -0.0149517 0.00345009
46.8 -0.01511 0.00343877
46.85 -0.0152642 0.00342236
46.9 -0.0154142 0.00340099
46.95 -0.01556 0.00337477
47 -0.0157015 0.00334385
47.05 -0.0158384 0.00330834
47.1 -0.0159707 0.00326838
47.15 -0.0160983 0.0032241
47.2 -0.0162212 0.00317564
47.25 -0.0163392 0.00312311
47.3 -0.0164522 0.00306666
47.35 -0.0165602 0.00300641
47.4 -0.0166631 0.00294249
47.45 -0.0167608 0.00287505
47.5 -0.0168533 0.00280421
47.55 -0.0169404 0.00273009
47.6 -0.0170222 0.00265285
47.65 -0.0170986 0.00257259
47.7 -0.0171695 0.00248947
47.75 -0.0172349 0.0024036
47.8 -0.0172948 0.00231511
47.85 -0.0173491 0.00222414
47.9 -0.0173978 0.00213082
47.95 -0.0174409 0.00203527
48 -0.0174783 0.00193762
48.05 -0.0175101 0.001838
48.1 -0.0175362 0.00173652
48.15 -0.0175566 0.00163333
48.2 -0.0175713 0.00152853
48.25 -0.0175803 0.00142225
48.3 -0.0175836 0.00131462
48.35 -0.0175813 0.00120575
48.4 -0.0175733 0.00109576
48.45 -0.0175597 0.000984774
48.5 -0.0175404 0.000872898
48.55 -0.0175156 0.000760251
48.6 -0.0174852 0.000646945
48.65 -0.0174492 0.000533093
48.7 -0.0174078 0.000418803
48.75 -0.0173609 0.000304185
48.8 -0.0173086 0.000189343
48.85 -0.0172509 7.43843e-05
48.9 -0.0171879 -4.05897e-05
48.95 -0.0171197 -0.000155477
49 -0.0170462 -0.000270179
49.05 -0.0169676 -0.000384597
49.1 -0.0168839 -0.000498637
49.15 -0.0167953 -0.000612203
49.2 -0.0167016 -0.000725205
49.25 -0.0166031 -0.000837553
49.3 -0.0164998 -0.000949158
49.35 -0.0163918 -0.00105994
49.4 -0.0162791 -0.0011698
49.45 -0.0161619 -0.00127867
49.5 -0.0160402 -0.00138647
49.55 -0.0159142 -0.00149312
49.6 -0.0157838 -0.00159854
49.65 -0.0156493 -0.00170266
49.7 -0.0155107 -0.00180541
49.75 -0.015368 -0.00190673
49.8 -0.0152215 -0.00200653
49.85 -0.0150711 -0.00210477
49.9 -0.0149171 -0.00220137
49.95 -0.0147595 -0.00229628
50 -0.0145983 -0.00238944
