-0.498 -0.00018664 -9.63701e-06
-0.496 -0.0007547 -4.48477e-05
-0.494 -0.00171651 -0.000115443
-0.492 -0.00308446 -0.000231638
-0.49 -0.00487083 -0.000403952
-0.488 -0.00708769 -0.000643107
-0.486 -0.00974672 -0.000959928
-0.484 -0.0128591 -0.00136523
-0.482 -0.0164354 -0.00186974
-0.48 -0.0204855 -0.00248396
-0.478 -0.0250181 -0.00321808
-0.476 -0.0300411 -0.00408189
-0.474 -0.0355613 -0.00508466
-0.472 -0.041584 -0.00623506
-0.47 -0.0481135 -0.00754105
-0.468 -0.0551521 -0.00900978
-0.466 -0.0627009 -0.0106476
-0.464 -0.0707593 -0.0124597
-0.462 -0.0793247 -0.0144504
-0.46 -0.0883928 -0.0166229
-0.458 -0.0979573 -0.0189791
-0.456 -0.10801 -0.0215197
-0.454 -0.118541 -0.024244
-0.452 -0.129536 -0.0271502
-0.45 -0.140983 -0.0302346
-0.448 -0.152864 -0.0334925
-0.446 -0.165159 -0.0369175
-0.444 -0.177847 -0.0405017
-0.442 -0.190905 -0.0442357
-0.44 -0.204307 -0.0481083
-0.438 -0.218024 -0.0521072
-0.436 -0.232027 -0.0562181
-0.434 -0.246281 -0.0604254
-0.432 -0.260752 -0.0647118
-0.43 -0.275403 -0.0690587
-0.428 -0.290194 -0.0734459
-0.426 -0.305084 -0.0778518
-0.424 -0.320029 -0.0822532
-0.422 -0.334984 -0.0866259
-0.42 -0.3499 -0.0909443
-0.418 -0.36473 -0.0951814
-0.416 -0.379421 -0.0993094
-0.414 -0.393921 -0.103299
-0.412 -0.408177 -0.107121
-0.41 -0.422132 -0.110744
-0.408 -0.435729 -0.114136
-0.406 -0.448911 -0.117265
-0.404 -0.461619 -0.120099
-0.402 -0.473792 -0.122604
-0.4 -0.485372 -0.124747
-0.398 -0.496295 -0.126494
-0.396 -0.506502 -0.127811
-0.394 -0.51593 -0.128665
-0.392 -0.524518 -0.129023
-0.39 -0.532204 -0.12885
-0.388 -0.538927 -0.128115
-0.386 -0.544626 -0.126786
-0.384 -0.549242 -0.124832
-0.382 -0.552714 -0.122222
-0.38 -0.554986 -0.118928
-0.378 -0.555999 -0.114921
-0.376 -0.555698 -0.110174
-0.374 -0.55403 -0.104662
-0.372 -0.550942 -0.0983629
-0.37 -0.546384 -0.0912531
-0.368 -0.540307 -0.0833132
-0.366 -0.532665 -0.0745248
-0.364 -0.523416 -0.064872
-0.362 -0.512518 -0.0543407
-0.36 -0.499932 -0.0429193
-0.358 -0.485623 -0.0305984
-0.356 -0.46956 -0.0173711
-0.354 -0.451712 -0.00323287
-0.352 -0.432054 0.0118181
-0.35 -0.410562 0.0277812
-0.348 -0.387217 0.0446529
-0.346 -0.362004 0.0624273
-0.344 -0.33491 0.0810956
-0.342 -0.305927 0.100646
-0.34 -0.275049 0.121065
-0.338 -0.242275 0.142335
-0.336 -0.207608 0.164437
-0.334 -0.171054 0.187347
-0.332 -0.132624 0.211042
-0.33 -0.0923298 0.235493
-0.328 -0.0501903 0.260671
-0.326 -0.00622653 0.286542
-0.324 0.0395368 0.313072
-0.322 0.0870711 0.340223
-0.32 0.136345 0.367956
-0.318 0.187322 0.396229
-0.316 0.239964 0.424998
-0.314 0.294229 0.454218
-0.312 0.350072 0.483842
-0.31 0.407445 0.513821
-0.308 0.466298 0.544104
-0.306 0.526576 0.57464
-0.304 0.588224 0.605377
-0.302 0.651184 0.63626
-0.3 0.715395 0.667236
-0.298 0.780796 0.69825
-0.296 0.847321 0.729246
-0.294 0.914906 0.760169
-0.292 0.983483 0.790964
-0.29 1.05299 0.821574
-0.288 1.12335 0.851945
-0.286 1.19449 0.882022
-0.284 1.26636 0.911751
-0.282 1.33887 0.941081
-0.28 1.41196 0.969958
-0.278 1.48556 0.998332
-0.276 1.55961 1.02615
-0.274 1.63403 1.05338
-0.272 1.70875 1.07996
-0.27 1.78372 1.10585
-0.268 1.85888 1.13101
-0.266 1.93415 1.1554
-0.264 2.00948 1.17899
-0.262 2.08482 1.20173
-0.26 2.16011 1.2236
-0.258 2.2353 1.24458
-0.256 2.31034 1.26462
-0.254 2.3852 1.28372
-0.252 2.45982 1.30185
-0.25 2.53416 1.31899
-0.248 2.60821 1.33513
-0.246 2.68192 1.35027
-0.244 2.75527 1.36438
-0.242 2.82824 1.37748
-0.24 2.90081 1.38956
-0.238 2.97297 1.40062
-0.236 3.04471 1.41066
-0.234 3.11603 1.41971
-0.232 3.18693 1.42777
-0.23 3.25741 1.43487
-0.228 3.32748 1.44101
-0.226 3.39716 1.44622
-0.224 3.46646 1.45053
-0.222 3.53542 1.45397
-0.22 3.60405 1.45657
-0.218 3.67239 1.45836
-0.216 3.74049 1.45939
-0.214 3.80837 1.4597
-0.212 3.87609 1.45932
-0.21 3.94369 1.45831
-0.208 4.01123 1.4567
-0.206 4.07877 1.45457
-0.204 4.14637 1.45195
-0.202 4.21409 1.4489
-0.2 4.28201 1.44548
-0.198 4.35019 1.44174
-0.196 4.41871 1.43776
-0.194 4.48765 1.43358
-0.192 4.55709 1.42928
-0.19 4.62711 1.42491
-0.188 4.6978 1.42055
-0.186 4.76924 1.41625
-0.184 4.84153 1.41209
-0.182 4.91476 1.40813
-0.18 4.98902 1.40445
-0.178 5.06441 1.4011
-0.176 5.14101 1.39816
-0.174 5.21894 1.3957
-0.172 5.29828 1.39379
-0.17 5.37914 1.39249
-0.168 5.4616 1.39187
-0.166 5.54578 1.392
-0.164 5.63176 1.39294
-0.162 5.71964 1.39477
-0.16 5.80952 1.39753
-0.158 5.9015 1.4013
-0.156 5.99567 1.40614
-0.154 6.09211 1.4121
-0.152 6.19093 1.41925
-0.15 6.2922 1.42764
-0.148 6.39602 1.43732
-0.146 6.50248 1.44835
-0.144 6.61164 1.46077
-0.142 6.72359 1.47464
-0.14 6.83841 1.48999
-0.138 6.95617 1.50687
-0.136 7.07694 1.52531
-0.134 7.20078 1.54536
-0.132 7.32775 1.56704
-0.13 7.45792 1.59039
-0.128 7.59133 1.61543
-0.126 7.72803 1.64219
-0.124 7.86807 1.67068
-0.122 8.01149 1.70093
-0.12 8.15831 1.73294
-0.118 8.30858 1.76674
-0.116 8.46232 1.80231
-0.114 8.61953 1.83967
-0.112 8.78025 1.87882
-0.11 8.94446 1.91976
-0.108 9.11218 1.96247
-0.106 9.28341 2.00695
-0.104 9.45812 2.05318
-0.102 9.6363 2.10115
-0.1 9.81793 2.15083
-0.098 10.003 2.20221
-0.096 10.1914 2.25526
-0.094 10.3832 2.30994
-0.092 10.5782 2.36623
-0.09 10.7765 2.4241
-0.088 10.978 2.48349
-0.086 11.1825 2.54437
-0.084 11.3901 2.6067
-0.082 11.6006 2.67043
-0.08 11.8139 2.7355
-0.078 12.0299 2.80188
-0.076 12.2485 2.8695
-0.074 12.4696 2.93831
-0.072 12.6931 3.00824
-0.07 12.9188 3.07924
-0.068 13.1466 3.15123
-0.066 13.3764 3.22416
-0.064 13.6078 3.29796
-0.062 13.8409 3.37254
-0.06 14.0754 3.44785
-0.058 14.3111 3.52379
-0.056 14.5478 3.6003
-0.054 14.7853 3.67728
-0.052 15.0234 3.75467
-0.05 15.2618 3.83236
-0.048 15.5004 3.91029
-0.046 15.7389 3.98834
-0.044 15.977 4.06644
-0.042 16.2144 4.14449
-0.04 16.451 4.22239
-0.038 16.6864 4.30004
-0.036 16.9203 4.37734
-0.034 17.1525 4.45419
-0.032 17.3826 4.53049
-0.03 17.6103 4.60614
-0.028 17.8354 4.68101
-0.026 18.0575 4.75502
-0.024 18.2763 4.82804
-0.022 18.4914 4.89997
-0.02 18.7026 4.9707
-0.018 18.9095 5.04012
-0.016 19.1117 5.10811
-0.014 19.309 5.17457
-0.012 19.5011 5.23938
-0.01 19.6875 5.30244
-0.008 19.8679 5.36364
-0.006 20.0421 5.42287
-0.004 20.2097 5.48002
-0.002 20.3704 5.535
0 20.5239 5.5877
0.002 20.67 5.63808
0.004 20.8082 5.68598
0.006 20.9384 5.73133
0.008 21.0601 5.77402
0.01 21.1732 5.81398
0.012 21.2775 5.85112
0.014 21.3726 5.88538
0.016 21.4583 5.91668
0.018 21.5344 5.94496
0.02 21.6008 5.97016
0.022 21.6572 5.99222
0.024 21.7034 6.0111
0.026 21.7394 6.02676
0.028 21.7649 6.03917
0.03 21.7799 6.04828
0.032 21.7843 6.05409
0.034 21.7779 6.05658
0.036 21.7607 6.05573
0.038 21.7327 6.05154
0.04 21.6939 6.04402
0.042 21.6441 6.03318
0.044 21.5835 6.01903
0.046 21.512 6.00159
0.048 21.4298 5.9809
0.05 21.3367 5.95699
0.052 21.233 5.9299
0.054 21.1187 5.89967
0.056 20.994 5.86635
0.058 20.8589 5.83001
0.06 20.7135 5.79071
0.062 20.5582 5.7485
0.064 20.3929 5.70346
0.066 20.2179 5.65567
0.068 20.0334 5.6052
0.07 19.8396 5.55215
0.072 19.6367 5.49658
0.074 19.425 5.4386
0.076 19.2046 5.3783
0.078 18.9759 5.31576
0.08 18.7391 5.2511
0.082 18.4944 5.1844
0.084 18.2422 5.11578
0.086 17.9827 5.04533
0.088 17.7163 4.97316
0.09 17.4431 4.89937
0.092 17.1637 4.82408
0.094 16.8781 4.74739
0.096 16.5868 4.66941
0.098 16.2901 4.59024
0.1 15.9883 4.51
0.102 15.6817 4.4288
0.104 15.3706 4.34674
0.106 15.0555 4.26393
0.108 14.7366 4.18048
0.11 14.4142 4.0965
0.112 14.0887 4.01207
0.114 13.7605 3.92733
0.116 13.4298 3.84235
0.118 13.097 3.75724
0.12 12.7624 3.6721
0.122 12.4263 3.58703
0.124 12.0892 3.50211
0.126 11.7512 3.41744
0.128 11.4128 3.33311
0.13 11.0741 3.2492
0.132 10.7357 3.16579
0.134 10.3977 3.08296
0.136 10.0605 3.00079
0.138 9.72431 2.91935
0.14 9.3895 2.83872
0.142 9.05635 2.75895
0.144 8.72512 2.68011
0.146 8.3961 2.60226
0.148 8.06955 2.52546
0.15 7.74573 2.44976
0.152 7.42491 2.3752
0.154 7.10733 2.30183
0.156 6.79322 2.2297
0.158 6.48283 2.15885
0.16 6.17637 2.0893
0.162 5.87407 2.02108
0.164 5.57613 1.95424
0.166 5.28274 1.88878
0.168 4.99411 1.82474
0.17 4.7104 1.76213
0.172 4.43181 1.70096
0.174 4.15848 1.64125
0.176 3.89057 1.58301
0.178 3.62823 1.52624
0.18 3.3716 1.47095
0.182 3.1208 1.41713
0.184 2.87595 1.3648
0.186 2.63715 1.31393
0.188 2.40451 1.26453
0.19 2.17811 1.21659
0.192 1.95803 1.1701
0.194 1.74434 1.12504
0.196 1.5371 1.08141
0.198 1.33636 1.03918
0.2 1.14216 0.998339
0.202 0.954538 0.958872
0.204 0.773503 0.920755
0.206 0.599072 0.883968
0.208 0.431247 0.848488
0.21 0.270022 0.814292
0.212 0.11538 0.781356
0.214 -0.0327022 0.749653
0.216 -0.17426 0.719158
0.218 -0.309336 0.689845
0.22 -0.437981 0.661685
0.222 -0.560255 0.63465
0.224 -0.676226 0.608711
0.226 -0.785969 0.58384
0.228 -0.889568 0.560006
0.23 -0.987114 0.53718
0.232 -1.0787 0.515331
0.234 -1.16445 0.494429
0.236 -1.24445 0.474442
0.238 -1.31884 0.45534
0.24 -1.38773 0.437091
0.242 -1.45125 0.419664
0.244 -1.50955 0.403028
0.246 -1.56275 0.387152
0.248 -1.61101 0.372003
0.25 -1.65448 0.357551
0.252 -1.6933 0.343764
0.254 -1.72763 0.330611
0.256 -1.75764 0.318063
0.258 -1.78348 0.306086
0.26 -1.80531 0.294653
0.262 -1.82331 0.283731
0.264 -1.83764 0.273292
0.266 -1.84846 0.263307
0.268 -1.85595 0.253746
0.27 -1.86027 0.244581
0.272 -1.86159 0.235784
0.274 -1.86008 0.227327
0.276 -1.8559 0.219186
0.278 -1.84922 0.211332
0.28 -1.84019 0.203742
0.282 -1.82898 0.19639
0.284 -1.81575 0.189254
0.286 -1.80064 0.18231
0.288 -1.78381 0.175537
0.29 -1.76541 0.168914
0.292 -1.74558 0.16242
0.294 -1.72445 0.156038
0.296 -1.70217 0.149749
0.298 -1.67886 0.143536
0.3 -1.65465 0.137385
0.302 -1.62965 0.131281
0.304 -1.60398 0.125211
0.306 -1.57776 0.119162
0.308 -1.55108 0.113124
0.31 -1.52405 0.107088
0.312 -1.49675 0.101045
0.314 -1.46928 0.0949886
0.316 -1.44171 0.0889125
0.318 -1.41413 0.0828122
0.32 -1.38661 0.0766846
0.322 -1.3592 0.0705275
0.324 -1.33197 0.0643399
0.326 -1.30498 0.0581222
0.328 -1.27827 0.0518756
0.33 -1.25189 0.0456028
0.332 -1.22587 0.0393073
0.334 -1.20025 0.0329937
0.336 -1.17507 0.0266675
0.338 -1.15033 0.0203353
0.34 -1.12607 0.0140044
0.342 -1.10229 0.00768314
0.344 -1.07901 0.00138043
0.346 -1.05624 -0.00489402
0.348 -1.03398 -0.0111299
0.35 -1.01223 -0.0173162
0.352 -0.990992 -0.0234417
0.354 -0.970253 -0.0294945
0.356 -0.950007 -0.0354623
0.358 -0.930242 -0.0413327
0.36 -0.910945 -0.047093
0.362 -0.8921 -0.0527305
0.364 -0.87369 -0.0582321
0.366 -0.855693 -0.0635851
0.368 -0.838091 -0.0687768
0.37 -0.82086 -0.0737944
0.372 -0.803977 -0.0786258
0.374 -0.787419 -0.0832588
0.376 -0.771161 -0.0876818
0.378 -0.755177 -0.0918837
0.38 -0.739443 -0.0958537
0.382 -0.723934 -0.0995819
0.384 -0.708625 -0.103059
0.386 -0.693491 -0.106276
0.388 -0.678508 -0.109225
0.39 -0.663652 -0.111899
0.392 -0.648902 -0.114291
0.394 -0.634236 -0.116397
0.396 -0.619632 -0.118212
0.398 -0.605073 -0.119732
0.4 -0.590539 -0.120955
0.402 -0.576016 -0.12188
0.404 -0.561487 -0.122505
0.406 -0.54694 -0.122833
0.408 -0.532363 -0.122864
0.41 -0.517746 -0.122601
0.412 -0.503082 -0.122049
0.414 -0.488364 -0.121211
0.416 -0.473589 -0.120095
0.418 -0.458753 -0.118706
0.42 -0.443858 -0.117054
0.422 -0.428905 -0.115147
0.424 -0.413897 -0.112995
0.426 -0.398842 -0.110609
0.428 -0.383745 -0.108
0.43 -0.368618 -0.105182
0.432 -0.353471 -0.102168
0.434 -0.338319 -0.098971
0.436 -0.323176 -0.0956069
0.438 -0.308061 -0.0920907
0.44 -0.292991 -0.0884385
0.442 -0.277988 -0.0846668
0.444 -0.263073 -0.0807925
0.446 -0.248271 -0.076833
0.448 -0.233606 -0.0728059
0.45 -0.219104 -0.068729
0.452 -0.204794 -0.0646205
0.454 -0.190705 -0.0604985
0.456 -0.176865 -0.0563811
0.458 -0.163306 -0.0522866
0.46 -0.150058 -0.048233
0.462 -0.137155 -0.0442382
0.464 -0.124628 -0.0403199
0.466 -0.112511 -0.0364955
0.468 -0.100836 -0.0327819
0.47 -0.0896377 -0.0291957
0.472 -0.0789483 -0.025753
0.474 -0.0688011 -0.0224694
0.476 -0.0592289 -0.0193597
0.478 -0.0502639 -0.0164382
0.48 -0.0419376 -0.0137185
0.482 -0.0342809 -0.0112134
0.484 -0.0273236 -0.0089348
0.486 -0.0210945 -0.00689391
0.488 -0.0156211 -0.00510092
0.49 -0.0109296 -0.00356515
0.492 -0.00704457 -0.0022949
0.494 -0.00398896 -0.0012975
0.496 -0.0017839 -0.000579248
0.498 -0.000448549 -0.000145365
0.05 9.94721 3.05059
0.1 9.94704 3.05044
0.15 9.94677 3.05019
0.2 9.94639 3.04985
0.25 9.9459 3.0494
0.3 9.94531 3.04886
0.35 9.9446 3.04822
0.4 9.94379 3.04747
0.45 9.94286 3.04664
0.5 9.94183 3.0457
0.55 9.94069 3.04466
0.6 9.93943 3.04353
0.65 9.93807 3.04229
0.7 9.93659 3.04096
0.75 9.93501 3.03953
0.8 9.93331 3.038
0.85 9.9315 3.03638
0.9 9.92958 3.03466
0.95 9.92754 3.03283
1 9.92539 3.03091
1.05 9.92313 3.0289
1.1 9.92075 3.02678
1.15 9.91825 3.02457
1.2 9.91564 3.02226
1.25 9.91291 3.01986
1.3 9.91007 3.01735
1.35 9.9071 3.01475
1.4 9.90402 3.01206
1.45 9.90081 3.00926
1.5 9.89749 3.00638
1.55 9.89404 3.00339
1.6 9.89047 3.00031
1.65 9.88678 2.99713
1.7 9.88297 2.99386
1.75 9.87902 2.99049
1.8 9.87496 2.98703
1.85 9.87076 2.98347
1.9 9.86644 2.97982
1.95 9.86198 2.97607
2 9.8574 2.97223
2.05 9.85269 2.9683
2.1 9.84784 2.96427
2.15 9.84286 2.96014
2.2 9.83774 2.95593
2.25 9.83249 2.95162
2.3 9.8271 2.94722
2.35 9.82158 2.94273
2.4 9.81591 2.93814
2.45 9.81011 2.93346
2.5 9.80416 2.92869
2.55 9.79807 2.92383
2.6 9.79183 2.91888
2.65 9.78545 2.91384
2.7 9.77893 2.90871
2.75 9.77225 2.90349
2.8 9.76543 2.89818
2.85 9.75846 2.89278
2.9 9.75133 2.88729
2.95 9.74405 2.88171
3 9.73662 2.87605
3.05 9.72903 2.87029
3.1 9.72128 2.86445
3.15 9.71337 2.85852
3.2 9.70531 2.85251
3.25 9.69708 2.84641
3.3 9.68869 2.84022
3.35 9.68014 2.83395
3.4 9.67142 2.8276
3.45 9.66254 2.82116
3.5 9.65349 2.81463
3.55 9.64426 2.80803
3.6 9.63487 2.80133
3.65 9.62531 2.79456
3.7 9.61557 2.78771
3.75 9.60566 2.78077
3.8 9.59557 2.77375
3.85 9.5853 2.76665
3.9 9.57486 2.75947
3.95 9.56423 2.75221
4 9.55343 2.74488
4.05 9.54244 2.73746
4.1 9.53127 2.72997
4.15 9.51991 2.72239
4.2 9.50837 2.71475
4.25 9.49663 2.70702
4.3 9.48471 2.69922
4.35 9.4726 2.69134
4.4 9.4603 2.68339
4.45 9.44781 2.67537
4.5 9.43512 2.66727
4.55 9.42223 2.6591
4.6 9.40915 2.65086
4.65 9.39587 2.64254
4.7 9.3824 2.63415
4.75 9.36872 2.6257
4.8 9.35485 2.61717
4.85 9.34077 2.60858
4.9 9.32649 2.59991
4.95 9.312 2.59118
5 9.29731 2.58238
5.05 9.28241 2.57352
5.1 9.26731 2.56459
5.15 9.252 2.55559
5.2 9.23648 2.54653
5.25 9.22075 2.53741
5.3 9.20481 2.52822
5.35 9.18866 2.51897
5.4 9.1723 2.50966
5.45 9.15572 2.50029
5.5 9.13893 2.49086
5.55 9.12193 2.48137
5.6 9.10471 2.47182
5.65 9.08728 2.46221
5.7 9.06963 2.45255
5.75 9.05176 2.44283
5.8 9.03367 2.43305
5.85 9.01537 2.42322
5.9 8.99685 2.41334
5.95 8.97811 2.4034
6 8.95915 2.39341
6.05 8.93996 2.38337
6.1 8.92056 2.37328
6.15 8.90094 2.36314
6.2 8.8811 2.35295
6.25 8.86104 2.34272
6.3 8.84075 2.33243
6.35 8.82025 2.3221
6.4 8.79952 2.31173
6.45 8.77857 2.30131
6.5 8.7574 2.29084
6.55 8.736 2.28033
6.6 8.71439 2.26978
6.65 8.69255 2.25919
6.7 8.67049 2.24856
6.75 8.64821 2.23789
6.8 8.62571 2.22719
6.85 8.60299 2.21644
6.9 8.58004 2.20566
6.95 8.55688 2.19484
7 8.5335 2.18399
7.05 8.50989 2.1731
7.1 8.48607 2.16219
7.15 8.46202 2.15124
7.2 8.43776 2.14025
7.25 8.41328 2.12924
7.3 8.38859 2.1182
7.35 8.36367 2.10714
7.4 8.33854 2.09604
7.45 8.3132 2.08492
7.5 8.28764 2.07377
7.55 8.26186 2.0626
7.6 8.23588 2.05141
7.65 8.20968 2.04019
7.7 8.18327 2.02896
7.75 8.15665 2.0177
7.8 8.12982 2.00642
7.85 8.10279 1.99513
7.9 8.07554 1.98382
7.95 8.04809 1.97249
8 8.02044 1.96115
8.05 7.99258 1.94979
8.1 7.96452 1.93842
8.15 7.93627 1.92704
8.2 7.90781 1.91565
8.25 7.87915 1.90424
8.3 7.8503 1.89283
8.35 7.82125 1.88141
8.4 7.79201 1.86998
8.45 7.76258 1.85855
8.5 7.73296 1.84711
8.55 7.70314 1.83567
8.6 7.67315 1.82422
8.65 7.64296 1.81277
8.7 7.6126 1.80133
8.75 7.58205 1.78988
8.8 7.55132 1.77843
8.85 7.52042 1.76699
8.9 7.48934 1.75554
8.95 7.45809 1.7441
9 7.42666 1.73267
9.05 7.39507 1.72125
9.1 7.36331 1.70983
9.15 7.33138 1.69841
9.2 7.29929 1.68701
9.25 7.26704 1.67562
9.3 7.23463 1.66424
9.35 7.20207 1.65287
9.4 7.16935 1.64152
9.45 7.13648 1.63018
9.5 7.10346 1.61885
9.55 7.0703 1.60754
9.6 7.03699 1.59625
9.65 7.00353 1.58498
9.7 6.96994 1.57372
9.75 6.93622 1.56249
9.8 6.90235 1.55127
9.85 6.86836 1.54008
9.9 6.83424 1.52892
9.95 6.79999 1.51777
10 6.76562 1.50665
10.05 6.73113 1.49556
10.1 6.69652 1.48449
10.15 6.6618 1.47346
10.2 6.62696 1.46245
10.25 6.59202 1.45147
10.3 6.55697 1.44052
10.35 6.52181 1.4296
10.4 6.48656 1.41872
10.45 6.4512 1.40787
10.5 6.41575 1.39705
10.55 6.38022 1.38627
10.6 6.34459 1.37553
10.65 6.30887 1.36482
10.7 6.27308 1.35415
10.75 6.2372 1.34352
10.8 6.20125 1.33293
10.85 6.16523 1.32237
10.9 6.12913 1.31187
10.95 6.09297 1.3014
11 6.05674 1.29097
11.05 6.02046 1.28059
11.1 5.98411 1.27026
11.15 5.94771 1.25997
11.2 5.91126 1.24972
11.25 5.87477 1.23953
11.3 5.83822 1.22938
11.35 5.80164 1.21928
11.4 5.76502 1.20922
11.45 5.72836 1.19922
11.5 5.69167 1.18927
11.55 5.65496 1.17937
11.6 5.61822 1.16953
11.65 5.58145 1.15973
11.7 5.54467 1.14999
11.75 5.50787 1.14031
11.8 5.47106 1.13068
11.85 5.43425 1.1211
11.9 5.39742 1.11159
11.95 5.3606 1.10212
12 5.32377 1.09272
12.05 5.28695 1.08337
12.1 5.25014 1.07409
12.15 5.21334 1.06486
12.2 5.17655 1.05569
12.25 5.13978 1.04659
12.3 5.10303 1.03754
12.35 5.0663 1.02856
12.4 5.02961 1.01964
12.45 4.99294 1.01078
12.5 4.95631 1.00198
12.55 4.91971 0.993254
12.6 4.88315 0.984587
12.65 4.84664 0.975984
12.7 4.81017 0.967447
12.75 4.77375 0.958976
12.8 4.73739 0.950571
12.85 4.70108 0.942232
12.9 4.66483 0.933961
12.95 4.62864 0.925756
13 4.59252 0.917619
13.05 4.55646 0.909551
13.1 4.52048 0.90155
13.15 4.48457 0.893619
13.2 4.44874 0.885757
13.25 4.41299 0.877964
13.3 4.37732 0.87024
13.35 4.34174 0.862587
13.4 4.30625 0.855004
13.45 4.27084 0.847491
13.5 4.23554 0.84005
13.55 4.20033 0.832679
13.6 4.16522 0.825379
13.65 4.13022 0.818151
13.7 4.09532 0.810994
13.75 4.06053 0.803909
13.8 4.02586 0.796896
13.85 3.99129 0.789955
13.9 3.95685 0.783086
13.95 3.92252 0.77629
14 3.88831 0.769566
14.05 3.85423 0.762914
14.1 3.82028 0.756335
14.15 3.78646 0.749829
14.2 3.75277 0.743395
14.25 3.71921 0.737034
14.3 3.68579 0.730745
14.35 3.65251 0.724529
14.4 3.61937 0.718386
14.45 3.58638 0.712316
14.5 3.55353 0.706318
14.55 3.52083 0.700393
14.6 3.48828 0.69454
14.65 3.45589 0.68876
14.7 3.42365 0.683052
14.75 3.39156 0.677416
14.8 3.35964 0.671852
14.85 3.32787 0.666361
14.9 3.29627 0.660941
14.95 3.26484 0.655592
15 3.23357 0.650315
15.05 3.20246 0.64511
15.1 3.17153 0.639975
15.15 3.14078 0.634911
15.2 3.11019 0.629918
15.25 3.07978 0.624996
15.3 3.04955 0.620143
15.35 3.0195 0.61536
15.4 2.98962 0.610647
15.45 2.95993 0.606003
15.5 2.93043 0.601428
15.55 2.9011 0.596921
15.6 2.87197 0.592483
15.65 2.84302 0.588113
15.7 2.81426 0.58381
15.75 2.78569 0.579574
15.8 2.75731 0.575406
15.85 2.72912 0.571304
15.9 2.70113 0.567267
15.95 2.67333 0.563297
16 2.64572 0.559392
16.05 2.61832 0.555551
16.1 2.59111 0.551775
16.15 2.5641 0.548062
16.2 2.53728 0.544413
16.25 2.51067 0.540827
16.3 2.48426 0.537303
16.35 2.45805 0.533842
16.4 2.43205 0.530441
16.45 2.40624 0.527102
16.5 2.38064 0.523822
16.55 2.35525 0.520603
16.6 2.33006 0.517443
16.65 2.30507 0.514341
16.7 2.28029 0.511298
16.75 2.25572 0.508312
16.8 2.23135 0.505383
16.85 2.20719 0.50251
16.9 2.18323 0.499694
16.95 2.15948 0.496932
17 2.13594 0.494225
17.05 2.11261 0.491572
17.1 2.08949 0.488972
17.15 2.06657 0.486424
17.2 2.04386 0.483929
17.25 2.02135 0.481485
17.3 1.99906 0.479091
17.35 1.97697 0.476748
17.4 1.95509 0.474454
17.45 1.93342 0.472208
17.5 1.91195 0.470011
17.55 1.89069 0.467861
17.6 1.86964 0.465757
17.65 1.84879 0.463699
17.7 1.82815 0.461686
17.75 1.80771 0.459718
17.8 1.78748 0.457794
17.85 1.76745 0.455912
17.9 1.74763 0.454073
17.95 1.728 0.452275
18 1.70859 0.450518
18.05 1.68937 0.448801
18.1 1.67035 0.447123
18.15 1.65154 0.445484
18.2 1.63292 0.443883
18.25 1.61451 0.442319
18.3 1.59629 0.440791
18.35 1.57827 0.439299
18.4 1.56045 0.437842
18.45 1.54282 0.436418
18.5 1.52539 0.435028
18.55 1.50815 0.433671
18.6 1.4911 0.432345
18.65 1.47425 0.431051
18.7 1.45759 0.429786
18.75 1.44111 0.428551
18.8 1.42483 0.427345
18.85 1.40873 0.426167
18.9 1.39282 0.425016
18.95 1.3771 0.423891
19 1.36156 0.422792
19.05 1.3462 0.421718
19.1 1.33102 0.420668
19.15 1.31603 0.419642
19.2 1.30121 0.418638
19.25 1.28657 0.417656
19.3 1.27211 0.416695
19.35 1.25782 0.415755
19.4 1.24371 0.414834
19.45 1.22977 0.413932
19.5 1.216 0.413048
19.55 1.2024 0.412181
19.6 1.18897 0.411331
19.65 1.17571 0.410497
19.7 1.16261 0.409679
19.75 1.14967 0.408874
19.8 1.1369 0.408084
19.85 1.12429 0.407306
19.9 1.11183 0.406541
19.95 1.09954 0.405787
20 1.0874 0.405044
20.05 1.07541 0.404312
20.1 1.06358 0.403589
20.15 1.0519 0.402874
20.2 1.04037 0.402168
20.25 1.02899 0.401469
20.3 1.01775 0.400777
20.35 1.00666 0.400091
20.4 0.995714 0.39941
20.45 0.984908 0.398734
20.5 0.974242 0.398063
20.55 0.963715 0.397394
20.6 0.953324 0.396729
20.65 0.943067 0.396065
20.7 0.932945 0.395404
20.75 0.922953 0.394743
20.8 0.913092 0.394083
20.85 0.903359 0.393422
20.9 0.893753 0.39276
20.95 0.884271 0.392097
21 0.874913 0.391433
21.05 0.865676 0.390765
21.1 0.856559 0.390094
21.15 0.84756 0.38942
21.2 0.838677 0.388741
21.25 0.829909 0.388058
21.3 0.821255 0.38737
21.35 0.812711 0.386675
21.4 0.804277 0.385974
21.45 0.795952 0.385267
21.5 0.787732 0.384552
21.55 0.779618 0.383829
21.6 0.771606 0.383098
21.65 0.763696 0.382358
21.7 0.755885 0.381609
21.75 0.748173 0.380851
21.8 0.740557 0.380082
21.85 0.733036 0.379303
21.9 0.725608 0.378513
21.95 0.718271 0.377712
22 0.711025 0.376899
22.05 0.703867 0.376073
22.1 0.696796 0.375236
22.15 0.68981 0.374385
22.2 0.682907 0.373522
22.25 0.676087 0.372644
22.3 0.669348 0.371753
22.35 0.662688 0.370848
22.4 0.656105 0.369928
22.45 0.649598 0.368993
22.5 0.643166 0.368043
22.55 0.636807 0.367078
22.6 0.63052 0.366097
22.65 0.624303 0.3651
22.7 0.618154 0.364087
22.75 0.612074 0.363057
22.8 0.606059 0.362011
22.85 0.600108 0.360948
22.9 0.594221 0.359868
22.95 0.588396 0.35877
23 0.582631 0.357655
23.05 0.576926 0.356523
23.1 0.571279 0.355372
23.15 0.565688 0.354203
23.2 0.560152 0.353017
23.25 0.554671 0.351812
23.3 0.549242 0.350588
23.35 0.543866 0.349346
23.4 0.538539 0.348085
23.45 0.533262 0.346806
23.5 0.528034 0.345508
23.55 0.522852 0.344191
23.6 0.517716 0.342854
23.65 0.512625 0.341499
23.7 0.507577 0.340125
23.75 0.502572 0.338732
23.8 0.497609 0.337319
23.85 0.492687 0.335887
23.9 0.487804 0.334437
23.95 0.482959 0.332967
24 0.478152 0.331477
24.05 0.473382 0.329969
24.1 0.468648 0.328442
24.15 0.463948 0.326895
24.2 0.459282 0.32533
24.25 0.45465 0.323745
24.3 0.450049 0.322142
24.35 0.44548 0.32052
24.4 0.440942 0.318879
24.45 0.436434 0.31722
24.5 0.431954 0.315542
24.55 0.427503 0.313846
24.6 0.42308 0.312131
24.65 0.418684 0.310398
24.7 0.414313 0.308647
24.75 0.409969 0.306879
24.8 0.405649 0.305093
24.85 0.401353 0.303289
24.9 0.397081 0.301467
24.95 0.392833 0.299629
25 0.388607 0.297774
25.05 0.384403 0.295901
25.1 0.38022 0.294012
25.15 0.376058 0.292107
25.2 0.371917 0.290186
25.25 0.367796 0.288248
25.3 0.363695 0.286295
25.35 0.359612 0.284327
25.4 0.355549 0.282343
25.45 0.351503 0.280344
25.5 0.347476 0.27833
25.55 0.343466 0.276302
25.6 0.339474 0.27426
25.65 0.335499 0.272204
25.7 0.33154 0.270134
25.75 0.327598 0.26805
25.8 0.323672 0.265954
25.85 0.319762 0.263845
25.9 0.315867 0.261723
25.95 0.311988 0.259589
26 0.308124 0.257444
26.05 0.304276 0.255287
26.1 0.300442 0.253118
26.15 0.296623 0.250939
26.2 0.292819 0.248749
26.25 0.289029 0.246549
26.3 0.285253 0.244339
26.35 0.281492 0.242119
26.4 0.277746 0.23989
26.45 0.274013 0.237653
26.5 0.270295 0.235407
26.55 0.26659 0.233152
26.6 0.2629 0.23089
26.65 0.259224 0.228621
26.7 0.255562 0.226344
26.75 0.251914 0.224061
26.8 0.248281 0.221772
26.85 0.244662 0.219476
26.9 0.241057 0.217175
26.95 0.237466 0.214869
27 0.23389 0.212558
27.05 0.230328 0.210242
27.1 0.226781 0.207922
27.15 0.223249 0.205599
27.2 0.219732 0.203273
27.25 0.216229 0.200943
27.3 0.212742 0.198611
27.35 0.209271 0.196277
27.4 0.205814 0.193941
27.45 0.202374 0.191604
27.5 0.198949 0.189265
27.55 0.19554 0.186927
27.6 0.192148 0.184588
27.65 0.188772 0.182249
27.7 0.185412 0.17991
27.75 0.18207 0.177573
27.8 0.178744 0.175237
27.85 0.175436 0.172903
27.9 0.172146 0.170571
27.95 0.168873 0.168241
28 0.165618 0.165914
28.05 0.162381 0.163591
28.1 0.159163 0.161271
28.15 0.155964 0.158955
28.2 0.152784 0.156643
28.25 0.149623 0.154336
28.3 0.146482 0.152035
28.35 0.143361 0.149739
28.4 0.14026 0.147448
28.45 0.137179 0.145164
28.5 0.134119 0.142887
28.55 0.13108 0.140616
28.6 0.128062 0.138353
28.65 0.125066 0.136098
28.7 0.122091 0.13385
28.75 0.119139 0.131611
28.8 0.116209 0.129381
28.85 0.113302 0.127159
28.9 0.110417 0.124947
28.95 0.107556 0.122745
29 0.104719 0.120553
29.05 0.101905 0.118371
29.1 0.0991159 0.1162
29.15 0.0963508 0.114039
29.2 0.0936104 0.111891
29.25 0.090895 0.109753
29.3 0.0882047 0.107628
29.35 0.08554 0.105515
29.4 0.082901 0.103415
29.45 0.0802881 0.101327
29.5 0.0777015 0.0992524
29.55 0.0751415 0.0971913
29.6 0.0726082 0.0951439
29.65 0.0701021 0.0931104
29.7 0.0676232 0.0910911
29.75 0.0651719 0.0890864
29.8 0.0627485 0.0870964
29.85 0.060353 0.0851214
29.9 0.0579858 0.0831616
29.95 0.0556472 0.0812174
30 0.0533372 0.0792889
30.05 0.0510561 0.0773763
30.1 0.0488042 0.0754799
30.15 0.0465817 0.0736
30.2 0.0443886 0.0717366
30.25 0.0422253 0.0698902
30.3 0.0400919 0.0680607
30.35 0.0379886 0.0662485
30.4 0.0359155 0.0644537
30.45 0.0338728 0.0626766
30.5 0.0318607 0.0609172
30.55 0.0298794 0.0591759
30.6 0.0279289 0.0574527
30.65 0.0260094 0.0557478
30.7 0.024121 0.0540613
30.75 0.0222639 0.0523935
30.8 0.0204382 0.0507445
30.85 0.0186439 0.0491144
30.9 0.0168812 0.0475033
30.95 0.0151501 0.0459114
31 0.0134508 0.0443388
31.05 0.0117833 0.0427856
31.1 0.0101477 0.0412519
31.15 0.00854396 0.0397378
31.2 0.00697223 0.0382435
31.25 0.00543252 0.036769
31.3 0.00392487 0.0353144
31.35 0.00244929 0.0338798
31.4 0.0010058 0.0324652
31.45 -0.000405592 0.0310708
31.5 -0.00178489 0.0296966
31.55 -0.00313211 0.0283426
31.6 -0.00444726 0.0270089
31.65 -0.00573037 0.0256955
31.7 -0.00698148 0.0244025
31.75 -0.00820064 0.02313
31.8 -0.0093879 0.0218778
31.85 -0.0105433 0.0206462
31.9 -0.011667 0.019435
31.95 -0.0127589 0.0182443
32 -0.0138193 0.0170741
32.05 -0.0148482 0.0159243
32.1 -0.0158456 0.0147951
32.15 -0.0168118 0.0136863
32.2 -0.0177468 0.012598
32.25 -0.0186508 0.0115301
32.3 -0.0195239 0.0104825
32.35 -0.0203662 0.00945538
32.4 -0.021178 0.00844854
32.45 -0.0219593 0.00746198
32.5 -0.0227104 0.00649564
32.55 -0.0234314 0.00554946
32.6 -0.0241225 0.00462339
32.65 -0.0247839 0.00371736
32.7 -0.0254158 0.0028313
32.75 -0.0260184 0.00196513
32.8 -0.026592 0.00111876
32.85 -0.0271367 0.000292121
32.9 -0.0276529 -0.000514888
32.95 -0.0281407 -0.00130236
33 -0.0286003 -0.0020704
33.05 -0.0290321 -0.0028191
33.1 -0.0294363 -0.00354859
33.15 -0.0298132 -0.00425896
33.2 -0.0301631 -0.00495035
33.25 -0.0304861 -0.00562287
33.3 -0.0307827 -0.00627665
33.35 -0.0310531 -0.00691181
33.4 -0.0312976 -0.00752851
33.45 -0.0315165 -0.00812687
33.5 -0.0317102 -0.00870703
33.55 -0.0318789 -0.00926915
33.6 -0.0320231 -0.00981337
33.65 -0.0321429 -0.0103398
33.7 -0.0322388 -0.0108487
33.75 -0.032311 -0.0113402
33.8 -0.03236 -0.0118144
33.85 -0.0323861 -0.0122715
33.9 -0.0323896 -0.0127117
33.95 -0.0323709 -0.0131352
34 -0.0323304 -0.0135421
34.05 -0.0322685 -0.0139326
34.1 -0.0321854 -0.0143068
34.15 -0.0320816 -0.0146651
34.2 -0.0319576 -0.0150075
34.25 -0.0318135 -0.0153343
34.3 -0.0316499 -0.0156457
34.35 -0.0314672 -0.0159417
34.4 -0.0312656 -0.0162228
34.45 -0.0310457 -0.0164889
34.5 -0.0308078 -0.0167405
34.55 -0.0305524 -0.0169775
34.6 -0.0302798 -0.0172004
34.65 -0.0299905 -0.0174092
34.7 -0.0296848 -0.0176042
34.75 -0.0293631 -0.0177855
34.8 -0.029026 -0.0179535
34.85 -0.0286737 -0.0181083
34.9 -0.0283068 -0.0182501
34.95 -0.0279256 -0.0183792
35 -0.0275306 -0.0184958
35.05 -0.0271221 -0.0186
35.1 -0.0267006 -0.0186921
35.15 -0.0262666 -0.0187724
35.2 -0.0258203 -0.0188411
35.25 -0.0253624 -0.0188983
35.3 -0.0248931 -0.0189443
35.35 -0.0244129 -0.0189794
35.4 -0.0239223 -0.0190037
35.45 -0.0234216 -0.0190175
35.5 -0.0229112 -0.019021
35.55 -0.0223917 -0.0190145
35.6 -0.0218633 -0.0189981
35.65 -0.0213266 -0.0189721
35.7 -0.0207819 -0.0189367
35.75 -0.0202296 -0.0188922
35.8 -0.0196703 -0.0188387
35.85 -0.0191042 -0.0187765
35.9 -0.0185318 -0.0187059
35.95 -0.0179534 -0.0186269
36 -0.0173696 -0.01854
36.05 -0.0167807 -0.0184452
36.1 -0.0161871 -0.0183429
36.15 -0.0155891 -0.0182332
36.2 -0.0149873 -0.0181164
36.25 -0.014382 -0.0179927
36.3 -0.0137735 -0.0178623
36.35 -0.0131623 -0.0177254
36.4 -0.0125487 -0.0175822
36.45 -0.0119331 -0.017433
36.5 -0.0113159 -0.017278
36.55 -0.0106975 -0.0171174
36.6 -0.0100782 -0.0169514
36.65 -0.00945839 -0.0167802
36.7 -0.00883843 -0.016604
36.75 -0.00821866 -0.0164231
36.8 -0.00759945 -0.0162376
36.85 -0.00698113 -0.0160478
36.9 -0.00636404 -0.0158538
36.95 -0.00574853 -0.0156559
37 -0.00513491 -0.0154542
37.05 -0.00452352 -0.015249
37.1 -0.00391467 -0.0150404
37.15 -0.00330869 -0.0148287
37.2 -0.00270588 -0.014614
37.25 -0.00210654 -0.0143965
37.3 -0.00151097 -0.0141765
37.35 -0.000919479 -0.0139541
37.4 -0.000332339 -0.0137294
37.45 0.000250163 -0.0135027
37.5 0.000827749 -0.0132741
37.55 0.00140015 -0.0130439
37.6 0.0019671 -0.0128121
37.65 0.00252835 -0.0125791
37.7 0.00308363 -0.0123448
37.75 0.0036327 -0.0121096
37.8 0.00417533 -0.0118735
37.85 0.00471127 -0.0116367
37.9 0.0052403 -0.0113994
37.95 0.0057622 -0.0111617
38 0.00627675 -0.0109239
38.05 0.00678375 -0.010686
38.1 0.00728299 -0.0104481
38.15 0.00777427 -0.0102105
38.2 0.00825741 -0.00997328
38.25 0.00873223 -0.00973656
38.3 0.00919854 -0.00950049
38.35 0.00965618 -0.00926519
38.4 0.010105 -0.00903081
38.45 0.0105448 -0.00879747
38.5 0.0109755 -0.00856529
38.55 0.0113968 -0.00833439
38.6 0.0118088 -0.0081049
38.65 0.0122112 -0.00787692
38.7 0.0126039 -0.00765058
38.75 0.0129869 -0.00742597
38.8 0.0133599 -0.00720321
38.85 0.0137229 -0.00698241
38.9 0.0140758 -0.00676365
38.95 0.0144185 -0.00654704
39 0.014751 -0.00633267
39.05 0.0150731 -0.00612063
39.1 0.0153847 -0.00591102
39.15 0.0156859 -0.00570392
39.2 0.0159765 -0.0054994
39.25 0.0162565 -0.00529756
39.3 0.0165259 -0.00509846
39.35 0.0167845 -0.00490218
39.4 0.0170325 -0.00470879
39.45 0.0172697 -0.00451836
39.5 0.0174962 -0.00433095
39.55 0.0177118 -0.00414662
39.6 0.0179167 -0.00396544
39.65 0.0181108 -0.00378745
39.7 0.0182941 -0.00361272
39.75 0.0184666 -0.00344128
39.8 0.0186283 -0.0032732
39.85 0.0187793 -0.00310851
39.9 0.0189196 -0.00294725
39.95 0.0190492 -0.00278947
40 0.0191682 -0.00263519
40.05 0.0192765 -0.00248446
40.1 0.0193744 -0.0023373
40.15 0.0194617 -0.00219374
40.2 0.0195385 -0.00205381
40.25 0.019605 -0.00191752
40.3 0.0196612 -0.00178491
40.35 0.0197072 -0.00165598
40.4 0.019743 -0.00153075
40.45 0.0197688 -0.00140923
40.5 0.0197845 -0.00129143
40.55 0.0197904 -0.00117737
40.6 0.0197865 -0.00106704
40.65 0.019773 -0.00096044
40.7 0.0197498 -0.000857582
40.75 0.0197172 -0.000758459
40.8 0.0196752 -0.000663066
40.85 0.019624 -0.000571396
40.9 0.0195637 -0.000483441
40.95 0.0194944 -0.000399189
41 0.0194163 -0.000318627
41.05 0.0193295 -0.000241739
41.1 0.019234 -0.000168509
41.15 0.0191302 -9.89171e-05
41.2 0.019018 -3.29413e-05
41.25 0.0188977 2.94415e-05
41.3 0.0187694 8.82565e-05
41.35 0.0186333 0.000143531
41.4 0.0184895 0.000195293
41.45 0.0183382 0.000243574
41.5 0.0181795 0.000288407
41.55 0.0180136 0.000329824
41.6 0.0178406 0.000367863
41.65 0.0176608 0.000402559
41.7 0.0174743 0.000433953
41.75 0.0172813 0.000462084
41.8 0.017082 0.000486994
41.85 0.0168765 0.000508726
41.9 0.016665 0.000527324
41.95 0.0164476 0.000542836
42 0.0162247 0.000555307
42.05 0.0159963 0.000564786
42.1 0.0157627 0.000571323
42.15 0.0155239 0.000574968
42.2 0.0152803 0.000575773
42.25 0.015032 0.000573791
42.3 0.0147792 0.000569075
42.35 0.014522 0.000561681
42.4 0.0142607 0.000551664
42.45 0.0139955 0.00053908
42.5 0.0137265 0.000523987
42.55 0.0134539 0.000506443
42.6 0.0131779 0.000486508
42.65 0.0128988 0.000464239
42.7 0.0126167 0.000439698
42.75 0.0123318 0.000412945
42.8 0.0120442 0.000384042
42.85 0.0117542 0.00035305
42.9 0.011462 0.000320032
42.95 0.0111677 0.000285051
43 0.0108716 0.000248168
43.05 0.0105738 0.000209449
43.1 0.0102745 0.000168956
43.15 0.00997389 0.000126753
43.2 0.00967217 8.2905e-05
43.25 0.00936951 3.74758e-05
43.3 0.00906608 -9.47014e-06
43.35 0.00876209 -5.78682e-05
43.4 0.00845769 -0.000107654
43.45 0.00815307 -0.000158763
43.5 0.0078484 -0.00021113
43.55 0.00754387 -0.000264692
43.6 0.00723963 -0.000319383
43.65 0.00693586 -0.00037514
43.7 0.00663272 -0.000431898
43.75 0.00633039 -0.000489594
43.8 0.00602903 -0.000548165
43.85 0.0057288 -0.000607546
43.9 0.00542985 -0.000667675
43.95 0.00513235 -0.00072849
44 0.00483646 -0.000789929
44.05 0.00454231 -0.000851929
44.1 0.00425007 -0.000914429
44.15 0.00395988 -0.000977369
44.2 0.00367189 -0.00104069
44.25 0.00338624 -0.00110433
44.3 0.00310306 -0.00116823
44.35 0.00282249 -0.00123233
44.4 0.00254467 -0.00129657
44.45 0.00226973 -0.00136091
44.5 0.0019978 -0.00142527
44.55 0.001729 -0.00148961
44.6 0.00146345 -0.00155386
44.65 0.00120127 -0.00161799
44.7 0.000942577 -0.00168192
44.75 0.000687485 -0.00174561
44.8 0.000436101 -0.00180901
44.85 0.000188532 -0.00187207
44.9 -5.51186e-05 -0.00193473
44.95 -0.000294753 -0.00199695
45 -0.000530273 -0.00205868
45.05 -0.000761588 -0.00211987
45.1 -0.000988607 -0.00218047
45.15 -0.00121124 -0.00224045
45.2 -0.00142942 -0.00229975
45.25 -0.00164305 -0.00235833
45.3 -0.00185206 -0.00241615
45.35 -0.00205638 -0.00247317
45.4 -0.00225593 -0.00252934
45.45 -0.00245066 -0.00258464
45.5 -0.00264051 -0.00263901
45.55 -0.0028254 -0.00269243
45.6 -0.0030053 -0.00274485
45.65 -0.00318014 -0.00279625
45.7 -0.00334988 -0.00284659
45.75 -0.00351448 -0.00289583
45.8 -0.00367389 -0.00294394
45.85 -0.00382807 -0.0029909
45.9 -0.003977 -0.00303668
45.95 -0.00412063 -0.00308124
46 -0.00425896 -0.00312456
46.05 -0.00439194 -0.00316662
46.1 -0.00451955 -0.00320738
46.15 -0.0046418 -0.00324683
46.2 -0.00475865 -0.00328494
46.25 -0.0048701 -0.0033217
46.3 -0.00497614 -0.00335707
46.35 -0.00507676 -0.00339105
46.4 -0.00517198 -0.00342362
46.45 -0.00526178 -0.00345476
46.5 -0.00534618 -0.00348444
46.55 -0.00542519 -0.00351267
46.6 -0.00549881 -0.00353943
46.65 -0.00556707 -0.0035647
46.7 -0.00562998 -0.00358847
46.75 -0.00568756 -0.00361074
46.8 -0.00573984 -0.00363149
46.85 -0.00578684 -0.00365072
46.9 -0.0058286 -0.00366843
46.95 -0.00586515 -0.0036846
47 -0.00589652 -0.00369923
47.05 -0.00592276 -0.00371233
47.1 -0.0059439 -0.00372388
47.15 -0.00596 -0.00373388
47.2 -0.00597109 -0.00374235
47.25 -0.00597723 -0.00374927
47.3 -0.00597846 -0.00375466
47.35 -0.00597485 -0.0037585
47.4 -0.00596645 -0.00376082
47.45 -0.00595332 -0.00376161
47.5 -0.00593553 -0.00376088
47.55 -0.00591312 -0.00375863
47.6 -0.00588618 -0.00375489
47.65 -0.00585478 -0.00374964
47.7 -0.00581897 -0.00374291
47.75 -0.00577883 -0.00373471
47.8 -0.00573444 -0.00372504
47.85 -0.00568588 -0.00371392
47.9 -0.00563322 -0.00370137
47.95 -0.00557654 -0.0036874
48 -0.00551593 -0.00367201
48.05 -0.00545146 -0.00365524
48.1 -0.00538323 -0.00363709
48.15 -0.00531131 -0.00361759
48.2 -0.0052358 -0.00359675
48.25 -0.00515679 -0.00357459
48.3 -0.00507437 -0.00355113
48.35 -0.00498862 -0.00352639
48.4 -0.00489965 -0.0035004
48.45 -0.00480754 -0.00347316
48.5 -0.00471239 -0.00344472
48.55 -0.00461431 -0.00341508
48.6 -0.00451338 -0.00338428
48.65 -0.0044097 -0.00335234
48.7 -0.00430338 -0.00331927
48.75 -0.00419451 -0.00328512
48.8 -0.00408319 -0.00324989
48.85 -0.00396953 -0.00321363
48.9 -0.00385362 -0.00317635
48.95 -0.00373557 -0.00313809
49 -0.00361548 -0.00309886
49.05 -0.00349346 -0.00305871
49.1 -0.0033696 -0.00301765
49.15 -0.00324401 -0.00297571
49.2 -0.0031168 -0.00293293
49.25 -0.00298806 -0.00288934
49.3 -0.0028579 -0.00284496
49.35 -0.00272643 -0.00279982
49.4 -0.00259375 -0.00275395
49.45 -0.00245995 -0.00270739
49.5 -0.00232515 -0.00266016
49.55 -0.00218945 -0.0026123
49.6 -0.00205295 -0.00256383
49.65 -0.00191575 -0.00251479
49.7 -0.00177795 -0.00246521
49.75 -0.00163966 -0.00241512
49.8 -0.00150097 -0.00236455
49.85 -0.00136199 -0.00231353
49.9 -0.00122281 -0.0022621
49.95 -0.00108354 -0.00221028
50 -0.000944261 -0.0021581
