-0.498 -9.53829e-05 6.54227e-05
-0.496 -0.000385864 0.000251598
-0.494 -0.000879304 0.000541658
-0.492 -0.00158534 0.000916524
-0.49 -0.00251534 0.00135502
-0.488 -0.00368227 0.00183404
-0.486 -0.0051007 0.00232865
-0.484 -0.0067866 0.0028123
-0.482 -0.00875732 0.003257
-0.48 -0.0110314 0.00363348
-0.478 -0.0136284 0.00391143
-0.476 -0.016569 0.00405966
-0.474 -0.0198745 0.00404639
-0.472 -0.0235667 0.00383943
-0.47 -0.0276682 0.00340642
-0.468 -0.0322015 0.00271508
-0.466 -0.0371893 0.00173348
-0.464 -0.0426541 0.000430228
-0.462 -0.0486183 -0.00122522
-0.46 -0.0551035 -0.00326233
-0.458 -0.0621306 -0.00570925
-0.456 -0.0697196 -0.00859255
-0.454 -0.0778893 -0.011937
-0.452 -0.0866572 -0.0157652
-0.45 -0.096039 -0.0200977
-0.448 -0.106049 -0.0249522
-0.446 -0.116699 -0.0303438
-0.444 -0.127998 -0.0362849
-0.442 -0.139955 -0.0427843
-0.44 -0.152574 -0.0498478
-0.438 -0.165857 -0.0574775
-0.436 -0.179803 -0.065672
-0.434 -0.194408 -0.074426
-0.432 -0.209666 -0.0837302
-0.43 -0.225564 -0.0935714
-0.428 -0.242091 -0.103932
-0.426 -0.259227 -0.114791
-0.424 -0.276952 -0.126122
-0.422 -0.295241 -0.137895
-0.42 -0.314064 -0.150075
-0.418 -0.333389 -0.162624
-0.416 -0.35318 -0.175499
-0.414 -0.373396 -0.188653
-0.412 -0.393992 -0.202034
-0.41 -0.414921 -0.215587
-0.408 -0.436131 -0.229253
-0.406 -0.457566 -0.242968
-0.404 -0.479167 -0.256666
-0.402 -0.500871 -0.270278
-0.4 -0.522612 -0.283728
-0.398 -0.544322 -0.296942
-0.396 -0.565927 -0.30984
-0.394 -0.587352 -0.322341
-0.392 -0.608521 -0.33436
-0.39 -0.629351 -0.345812
-0.388 -0.649761 -0.35661
-0.386 -0.669666 -0.366664
-0.384 -0.688981 -0.375886
-0.382 -0.707617 -0.384185
-0.38 -0.725485 -0.39147
-0.378 -0.742497 -0.397652
-0.376 -0.758562 -0.40264
-0.374 -0.77359 -0.406347
-0.372 -0.787491 -0.408683
-0.37 -0.800176 -0.409565
-0.368 -0.811555 -0.408908
-0.366 -0.821543 -0.406632
-0.364 -0.830052 -0.402658
-0.362 -0.836999 -0.396911
-0.36 -0.842304 -0.389322
-0.358 -0.845886 -0.379824
-0.356 -0.847672 -0.368355
-0.354 -0.847587 -0.354858
-0.352 -0.845566 -0.339281
-0.35 -0.841542 -0.321578
-0.348 -0.835457 -0.301711
-0.346 -0.827255 -0.279646
-0.344 -0.816888 -0.255355
-0.342 -0.80431 -0.228821
-0.34 -0.789484 -0.20003
-0.338 -0.772376 -0.168978
-0.336 -0.752961 -0.135668
-0.334 -0.731219 -0.100112
-0.332 -0.707136 -0.0623292
-0.33 -0.680706 -0.0223471
-0.328 -0.65193 0.0197977
-0.326 -0.620815 0.0640605
-0.324 -0.587377 0.110388
-0.322 -0.551637 0.158717
-0.32 -0.513625 0.208979
-0.318 -0.473378 0.261092
-0.316 -0.430938 0.31497
-0.314 -0.386358 0.370516
-0.312 -0.339694 0.427625
-0.31 -0.291012 0.486185
-0.308 -0.240383 0.546075
-0.306 -0.187886 0.607168
-0.304 -0.133603 0.669327
-0.302 -0.0776262 0.73241
-0.3 -0.0200504 0.796269
-0.298 0.039023 0.860747
-0.296 0.0994881 0.925684
-0.294 0.161234 0.990912
-0.292 0.224147 1.05626
-0.29 0.288107 1.12155
-0.288 0.352994 1.18661
-0.286 0.418682 1.25125
-0.284 0.485046 1.31528
-0.282 0.551957 1.37852
-0.28 0.619286 1.44077
-0.278 0.686902 1.50185
-0.276 0.754676 1.56156
-0.274 0.822477 1.61972
-0.272 0.890178 1.67614
-0.27 0.957651 1.73061
-0.268 1.02477 1.78297
-0.266 1.09142 1.83303
-0.264 1.15747 1.88061
-0.262 1.22281 1.92553
-0.26 1.28734 1.96762
-0.258 1.35094 2.00673
-0.256 1.41351 2.04269
-0.254 1.47496 2.07535
-0.252 1.53521 2.10457
-0.25 1.59416 2.13022
-0.248 1.65174 2.15217
-0.246 1.7079 2.1703
-0.244 1.76255 2.1845
-0.242 1.81567 2.19469
-0.24 1.86719 2.20077
-0.238 1.91709 2.20267
-0.236 1.96534 2.20033
-0.234 2.01192 2.1937
-0.232 2.05683 2.18273
-0.23 2.10007 2.16741
-0.228 2.14164 2.14773
-0.226 2.18157 2.12367
-0.224 2.21988 2.09527
-0.222 2.25662 2.06253
-0.22 2.29183 2.02552
-0.218 2.32558 1.98428
-0.216 2.35792 1.93888
-0.214 2.38893 1.88941
-0.212 2.4187 1.83595
-0.21 2.44732 1.77863
-0.208 2.47489 1.71756
-0.206 2.50152 1.65289
-0.204 2.52732 1.58475
-0.202 2.55243 1.51331
-0.2 2.57698 1.43875
-0.198 2.60109 1.36125
-0.196 2.62492 1.281
-0.194 2.64862 1.19822
-0.192 2.67234 1.11312
-0.19 2.69625 1.02593
-0.188 2.72051 0.936892
-0.186 2.74529 0.846244
-0.184 2.77077 0.754241
-0.182 2.79712 0.661145
-0.18 2.82452 0.567223
-0.178 2.85316 0.472746
-0.176 2.88321 0.377994
-0.174 2.91487 0.283248
-0.172 2.94831 0.188793
-0.17 2.98372 0.0949167
-0.168 3.02129 0.00190927
-0.166 3.0612 -0.089939
-0.164 3.10362 -0.180338
-0.162 3.14874 -0.268997
-0.16 3.19674 -0.35563
-0.158 3.24778 -0.43995
-0.156 3.30204 -0.521675
-0.154 3.35969 -0.600528
-0.152 3.42087 -0.676237
-0.15 3.48575 -0.748534
-0.148 3.55447 -0.81716
-0.146 3.62719 -0.881863
-0.144 3.70403 -0.942398
-0.142 3.78513 -0.998531
-0.14 3.87061 -1.05004
-0.138 3.96058 -1.0967
-0.136 4.05515 -1.13832
-0.134 4.15443 -1.1747
-0.132 4.2585 -1.20566
-0.13 4.36745 -1.23105
-0.128 4.48134 -1.25069
-0.126 4.60025 -1.26447
-0.124 4.72423 -1.27224
-0.122 4.85332 -1.27391
-0.12 4.98757 -1.26937
-0.118 5.12699 -1.25856
-0.116 5.27161 -1.2414
-0.114 5.42144 -1.21785
-0.112 5.57647 -1.18788
-0.11 5.73669 -1.15147
-0.108 5.90207 -1.10863
-0.106 6.0726 -1.05937
-0.104 6.24822 -1.00372
-0.102 6.42889 -0.941746
-0.1 6.61455 -0.873501
-0.098 6.80512 -0.799071
-0.096 7.00053 -0.718553
-0.094 7.20069 -0.63206
-0.092 7.4055 -0.539722
-0.09 7.61485 -0.44168
-0.088 7.82863 -0.338092
-0.086 8.0467 -0.229129
-0.084 8.26894 -0.114976
-0.082 8.4952 0.00416907
-0.08 8.72532 0.128097
-0.078 8.95915 0.256585
-0.076 9.19651 0.3894
-0.074 9.43722 0.526297
-0.072 9.68109 0.667022
-0.07 9.92791 0.811312
-0.068 10.1775 0.958892
-0.066 10.4296 1.10948
-0.064 10.684 1.26279
-0.062 10.9405 1.41853
-0.06 11.1989 1.57639
-0.058 11.4588 1.73606
-0.056 11.72 1.89723
-0.054 11.9823 2.05959
-0.052 12.2453 2.22282
-0.05 12.5088 2.38658
-0.048 12.7724 2.55056
-0.046 13.0359 2.71443
-0.044 13.299 2.87787
-0.042 13.5613 3.04053
-0.04 13.8224 3.2021
-0.038 14.0821 3.36225
-0.036 14.34 3.52066
-0.034 14.5957 3.677
-0.032 14.8489 3.83097
-0.03 15.0992 3.98224
-0.028 15.3462 4.13051
-0.026 15.5896 4.27548
-0.024 15.8289 4.41685
-0.022 16.0637 4.55433
-0.02 16.2938 4.68765
-0.018 16.5186 4.81654
-0.016 16.7377 4.94072
-0.014 16.9509 5.05996
-0.012 17.1577 5.174
-0.01 17.3576 5.28263
-0.008 17.5504 5.38563
-0.006 17.7357 5.48279
-0.004 17.913 5.57393
-0.002 18.0819 5.65887
0 18.2423 5.73745
0.002 18.3937 5.8095
0.004 18.5357 5.87493
0.006 18.6681 5.93362
0.008 18.7905 5.98547
0.01 18.9027 6.03041
0.012 19.0044 6.06839
0.014 19.0954 6.09935
0.016 19.1753 6.12328
0.018 19.244 6.14018
0.02 19.3014 6.15006
0.022 19.3471 6.15295
0.024 19.3812 6.14891
0.026 19.4034 6.138
0.028 19.4138 6.12032
0.03 19.4121 6.09597
0.032 19.3984 6.06506
0.034 19.3726 6.02775
0.036 19.3347 5.98419
0.038 19.2848 5.93454
0.04 19.2229 5.879
0.042 19.1491 5.81776
0.044 19.0634 5.75103
0.046 18.9661 5.67905
0.048 18.8572 5.60205
0.05 18.7369 5.52028
0.052 18.6054 5.434
0.054 18.4629 5.34347
0.056 18.3097 5.24898
0.058 18.1459 5.15079
0.06 17.9718 5.0492
0.062 17.7877 4.9445
0.064 17.5939 4.83699
0.066 17.3907 4.72696
0.068 17.1785 4.61471
0.07 16.9575 4.50054
0.072 16.7281 4.38476
0.074 16.4906 4.26765
0.076 16.2454 4.14952
0.078 15.9929 4.03065
0.08 15.7335 3.91134
0.082 15.4675 3.79185
0.084 15.1952 3.67247
0.086 14.9172 3.55347
0.088 14.6337 3.4351
0.09 14.3452 3.31762
0.092 14.0521 3.20127
0.094 13.7547 3.08628
0.096 13.4534 2.97288
0.098 13.1487 2.86127
0.1 12.8409 2.75166
0.102 12.5303 2.64423
0.104 12.2174 2.53916
0.106 11.9026 2.43662
0.108 11.5861 2.33676
0.11 11.2684 2.23971
0.112 10.9498 2.1456
0.114 10.6307 2.05455
0.116 10.3113 1.96665
0.118 9.9921 1.88199
0.12 9.67334 1.80064
0.122 9.35534 1.72267
0.124 9.03842 1.64812
0.126 8.72287 1.57703
0.128 8.40899 1.50941
0.13 8.09705 1.44529
0.132 7.78733 1.38466
0.134 7.48009 1.3275
0.136 7.17558 1.27379
0.138 6.87405 1.2235
0.14 6.57573 1.17659
0.142 6.28085 1.13299
0.144 5.98962 1.09265
0.146 5.70224 1.05549
0.148 5.41891 1.02143
0.15 5.13982 0.990379
0.152 4.86515 0.962243
0.154 4.59505 0.936919
0.156 4.32969 0.914296
0.158 4.06922 0.894261
0.16 3.81378 0.876693
0.162 3.56349 0.861468
0.164 3.31847 0.848459
0.166 3.07885 0.837535
0.168 2.84471 0.828562
0.17 2.61616 0.821404
0.172 2.39328 0.815925
0.174 2.17615 0.811987
0.176 1.96483 0.809451
0.178 1.75938 0.80818
0.18 1.55987 0.808038
0.182 1.36632 0.808887
0.184 1.17878 0.810596
0.186 0.997273 0.813031
0.188 0.821821 0.816064
0.19 0.652434 0.819569
0.192 0.489117 0.823425
0.194 0.331869 0.827513
0.196 0.180679 0.831718
0.198 0.0355297 0.835933
0.2 -0.103603 0.840051
0.202 -0.236751 0.843974
0.204 -0.363952 0.847608
0.206 -0.485251 0.850864
0.208 -0.600699 0.853659
0.21 -0.710355 0.855917
0.212 -0.814281 0.857567
0.214 -0.91255 0.858544
0.216 -1.00524 0.858788
0.218 -1.09242 0.858248
0.22 -1.1742 0.856876
0.222 -1.25066 0.854632
0.224 -1.3219 0.851482
0.226 -1.38802 0.847397
0.228 -1.44914 0.842354
0.23 -1.50536 0.836336
0.232 -1.55681 0.829332
0.234 -1.60361 0.821335
0.236 -1.64588 0.812344
0.238 -1.68376 0.802364
0.24 -1.71737 0.791402
0.242 -1.74686 0.779472
0.244 -1.77237 0.766592
0.246 -1.79404 0.752783
0.248 -1.812 0.73807
0.25 -1.82643 0.722483
0.252 -1.83745 0.706054
0.254 -1.84522 0.688818
0.256 -1.84989 0.670812
0.258 -1.85162 0.652078
0.26 -1.85055 0.632659
0.262 -1.84685 0.612598
0.264 -1.84065 0.591944
0.266 -1.83212 0.570743
0.268 -1.82141 0.549045
0.27 -1.80866 0.526901
0.272 -1.79402 0.504362
0.274 -1.77764 0.481479
0.276 -1.75965 0.458305
0.278 -1.74021 0.434892
0.28 -1.71945 0.411293
0.282 -1.6975 0.38756
0.284 -1.67449 0.363744
0.286 -1.65055 0.339898
0.288 -1.6258 0.316071
0.29 -1.60037 0.292314
0.292 -1.57435 0.268675
0.294 -1.54787 0.245202
0.296 -1.52102 0.221942
0.298 -1.4939 0.19894
0.3 -1.46661 0.176239
0.302 -1.43924 0.153882
0.304 -1.41185 0.13191
0.306 -1.38454 0.11036
0.308 -1.35737 0.0892698
0.31 -1.33041 0.0686748
0.312 -1.30371 0.0486079
0.314 -1.27733 0.0291002
0.316 -1.25133 0.0101806
0.318 -1.22573 -0.00812388
0.32 -1.20058 -0.0257886
0.322 -1.17591 -0.0427909
0.324 -1.15175 -0.0591105
0.326 -1.12812 -0.0747294
0.328 -1.10504 -0.0896317
0.33 -1.08251 -0.103804
0.332 -1.06056 -0.117234
0.334 -1.03918 -0.129914
0.336 -1.01837 -0.141837
0.338 -0.998126 -0.152997
0.34 -0.978448 -0.163393
0.342 -0.959321 -0.173024
0.344 -0.940734 -0.181893
0.346 -0.922669 -0.190002
0.348 -0.905109 -0.197358
0.35 -0.888032 -0.203968
0.352 -0.871417 -0.209844
0.354 -0.855239 -0.214995
0.356 -0.839472 -0.219435
0.358 -0.824089 -0.22318
0.36 -0.809063 -0.226246
0.362 -0.794365 -0.22865
0.364 -0.779966 -0.230413
0.366 -0.765836 -0.231555
0.368 -0.751946 -0.232097
0.37 -0.738268 -0.232063
0.372 -0.724771 -0.231477
0.374 -0.711428 -0.230364
0.376 -0.698211 -0.228748
0.378 -0.685093 -0.226657
0.38 -0.672049 -0.224116
0.382 -0.659055 -0.221154
0.384 -0.646086 -0.217797
0.386 -0.633121 -0.214074
0.388 -0.620141 -0.210011
0.39 -0.607127 -0.205637
0.392 -0.594061 -0.20098
0.394 -0.58093 -0.196067
0.396 -0.567719 -0.190925
0.398 -0.554418 -0.18558
0.4 -0.541019 -0.18006
0.402 -0.527513 -0.17439
0.404 -0.513896 -0.168595
0.406 -0.500164 -0.162699
0.408 -0.486317 -0.156726
0.41 -0.472356 -0.150699
0.412 -0.458284 -0.144639
0.414 -0.444107 -0.138568
0.416 -0.42983 -0.132505
0.418 -0.415463 -0.126469
0.42 -0.401017 -0.120478
0.422 -0.386504 -0.114548
0.424 -0.371938 -0.108696
0.426 -0.357335 -0.102935
0.428 -0.342713 -0.0972788
0.43 -0.32809 -0.0917397
0.432 -0.313487 -0.0863285
0.434 -0.298924 -0.0810553
0.436 -0.284424 -0.0759286
0.438 -0.27001 -0.0709563
0.44 -0.255706 -0.066145
0.442 -0.241539 -0.0615003
0.444 -0.227532 -0.0570268
0.446 -0.213713 -0.0527282
0.448 -0.200108 -0.0486073
0.45 -0.186743 -0.0446661
0.452 -0.173646 -0.0409057
0.454 -0.160844 -0.0373265
0.456 -0.148363 -0.0339283
0.458 -0.13623 -0.0307102
0.46 -0.12447 -0.0276707
0.462 -0.113111 -0.024808
0.464 -0.102175 -0.0221197
0.466 -0.091689 -0.0196031
0.468 -0.0816749 -0.0172552
0.47 -0.0721556 -0.0150728
0.472 -0.0631524 -0.0130525
0.474 -0.0546855 -0.0111909
0.476 -0.046774 -0.00948438
0.478 -0.0394355 -0.00792947
0.48 -0.032686 -0.00652273
0.482 -0.0265404 -0.00526088
0.484 -0.0210118 -0.00414079
0.486 -0.0161115 -0.00315957
0.488 -0.0118494 -0.00231457
0.49 -0.0082335 -0.00160348
0.492 -0.00526997 -0.00102429
0.494 -0.00296326 -0.000575389
0.496 -0.00131588 -0.000255524
0.498 -0.000328534 -6.38654e-05
0.05 7.52477 2.08142
0.1 7.52478 2.08133
0.15 7.5248 2.08117
0.2 7.52481 2.08095
0.25 7.52484 2.08067
0.3 7.52487 2.08033
0.35 7.5249 2.07992
0.4 7.52494 2.07946
0.45 7.52498 2.07893
0.5 7.52503 2.07833
0.55 7.52508 2.07768
0.6 7.52513 2.07696
0.65 7.52519 2.07618
0.7 7.52524 2.07534
0.75 7.5253 2.07444
0.8 7.52536 2.07347
0.85 7.52542 2.07244
0.9 7.52548 2.07135
0.95 7.52554 2.0702
1 7.52559 2.06899
1.05 7.52565 2.06771
1.1 7.52569 2.06637
1.15 7.52574 2.06497
1.2 7.52578 2.0635
1.25 7.52581 2.06198
1.3 7.52584 2.06039
1.35 7.52585 2.05874
1.4 7.52586 2.05703
1.45 7.52586 2.05525
1.5 7.52584 2.05341
1.55 7.52582 2.05152
1.6 7.52578 2.04955
1.65 7.52572 2.04753
1.7 7.52565 2.04545
1.75 7.52555 2.0433
1.8 7.52544 2.04109
1.85 7.52531 2.03882
1.9 7.52516 2.03649
1.95 7.52498 2.03409
2 7.52478 2.03164
2.05 7.52455 2.02912
2.1 7.5243 2.02654
2.15 7.52401 2.0239
2.2 7.5237 2.0212
2.25 7.52335 2.01843
2.3 7.52296 2.01561
2.35 7.52254 2.01272
2.4 7.52209 2.00977
2.45 7.52159 2.00676
2.5 7.52105 2.00369
2.55 7.52047 2.00056
2.6 7.51985 1.99737
2.65 7.51918 1.99411
2.7 7.51846 1.9908
2.75 7.51769 1.98742
2.8 7.51687 1.98399
2.85 7.51599 1.98049
2.9 7.51506 1.97693
2.95 7.51407 1.97331
3 7.51302 1.96964
3.05 7.51191 1.9659
3.1 7.51074 1.9621
3.15 7.5095 1.95824
3.2 7.5082 1.95432
3.25 7.50682 1.95035
3.3 7.50537 1.94631
3.35 7.50385 1.94221
3.4 7.50226 1.93806
3.45 7.50058 1.93384
3.5 7.49883 1.92957
3.55 7.49699 1.92523
3.6 7.49507 1.92084
3.65 7.49307 1.91639
3.7 7.49097 1.91189
3.75 7.48879 1.90732
3.8 7.48652 1.9027
3.85 7.48415 1.89802
3.9 7.48168 1.89328
3.95 7.47912 1.88848
4 7.47645 1.88363
4.05 7.47368 1.87872
4.1 7.47081 1.87375
4.15 7.46783 1.86873
4.2 7.46474 1.86365
4.25 7.46154 1.85852
4.3 7.45823 1.85333
4.35 7.4548 1.84809
4.4 7.45126 1.84279
4.45 7.44759 1.83743
4.5 7.44381 1.83202
4.55 7.4399 1.82656
4.6 7.43587 1.82105
4.65 7.4317 1.81548
4.7 7.42741 1.80986
4.75 7.42299 1.80418
4.8 7.41843 1.79845
4.85 7.41374 1.79267
4.9 7.40891 1.78684
4.95 7.40394 1.78096
5 7.39884 1.77503
5.05 7.39358 1.76905
5.1 7.38818 1.76301
5.15 7.38264 1.75693
5.2 7.37695 1.7508
5.25 7.3711 1.74462
5.3 7.36511 1.73839
5.35 7.35896 1.73211
5.4 7.35265 1.72578
5.45 7.34619 1.71941
5.5 7.33956 1.713
5.55 7.33278 1.70653
5.6 7.32583 1.70002
5.65 7.31872 1.69347
5.7 7.31144 1.68687
5.75 7.304 1.68022
5.8 7.29639 1.67354
5.85 7.2886 1.66681
5.9 7.28065 1.66004
5.95 7.27252 1.65322
6 7.26421 1.64637
6.05 7.25573 1.63947
6.1 7.24707 1.63254
6.15 7.23823 1.62556
6.2 7.22922 1.61855
6.25 7.22002 1.6115
6.3 7.21063 1.60441
6.35 7.20107 1.59728
6.4 7.19131 1.59012
6.45 7.18138 1.58292
6.5 7.17125 1.57569
6.55 7.16094 1.56842
6.6 7.15043 1.56112
6.65 7.13974 1.55378
6.7 7.12886 1.54642
6.75 7.11778 1.53902
6.8 7.10651 1.53159
6.85 7.09505 1.52413
6.9 7.08339 1.51665
6.95 7.07153 1.50913
7 7.05948 1.50159
7.05 7.04724 1.49402
7.1 7.0348 1.48642
7.15 7.02215 1.4788
7.2 7.00931 1.47115
7.25 6.99628 1.46348
7.3 6.98304 1.45579
7.35 6.9696 1.44807
7.4 6.95597 1.44034
7.45 6.94213 1.43258
7.5 6.92809 1.4248
7.55 6.91385 1.41701
7.6 6.89941 1.40919
7.65 6.88477 1.40136
7.7 6.86993 1.39352
7.75 6.85489 1.38566
7.8 6.83965 1.37778
7.85 6.82421 1.36989
7.9 6.80856 1.36199
7.95 6.79272 1.35408
8 6.77667 1.34616
8.05 6.76043 1.33823
8.1 6.74398 1.33028
8.15 6.72734 1.32234
8.2 6.7105 1.31438
8.25 6.69345 1.30642
8.3 6.67621 1.29845
8.35 6.65878 1.29048
8.4 6.64114 1.28251
8.45 6.62331 1.27454
8.5 6.60529 1.26656
8.55 6.58706 1.25859
8.6 6.56865 1.25061
8.65 6.55004 1.24264
8.7 6.53124 1.23467
8.75 6.51225 1.22671
8.8 6.49306 1.21875
8.85 6.47369 1.2108
8.9 6.45413 1.20285
8.95 6.43438 1.19492
9 6.41444 1.18699
9.05 6.39432 1.17907
9.1 6.37402 1.17117
9.15 6.35353 1.16328
9.2 6.33286 1.1554
9.25 6.31201 1.14754
9.3 6.29098 1.13969
9.35 6.26978 1.13186
9.4 6.2484 1.12405
9.45 6.22684 1.11625
9.5 6.20511 1.10848
9.55 6.18321 1.10073
9.6 6.16114 1.093
9.65 6.13891 1.08529
9.7 6.11651 1.07761
9.75 6.09394 1.06995
9.8 6.07121 1.06232
9.85 6.04832 1.05472
9.9 6.02527 1.04714
9.95 6.00207 1.0396
10 5.97871 1.03209
10.05 5.95519 1.02461
10.1 5.93153 1.01716
10.15 5.90772 1.00974
10.2 5.88376 1.00237
10.25 5.85965 0.995023
10.3 5.83541 0.987718
10.35 5.81102 0.980452
10.4 5.78649 0.973224
10.45 5.76183 0.966038
10.5 5.73704 0.958893
10.55 5.71211 0.95179
10.6 5.68706 0.944731
10.65 5.66188 0.937717
10.7 5.63657 0.930749
10.75 5.61115 0.923827
10.8 5.5856 0.916953
10.85 5.55994 0.910128
10.9 5.53416 0.903353
10.95 5.50827 0.896628
11 5.48227 0.889955
11.05 5.45617 0.883336
11.1 5.42996 0.876769
11.15 5.40365 0.870258
11.2 5.37724 0.863803
11.25 5.35074 0.857404
11.3 5.32414 0.851063
11.35 5.29745 0.84478
11.4 5.27067 0.838557
11.45 5.24381 0.832394
11.5 5.21687 0.826293
11.55 5.18984 0.820254
11.6 5.16274 0.814279
11.65 5.13557 0.808367
11.7 5.10832 0.802521
11.75 5.08101 0.79674
11.8 5.05363 0.791026
11.85 5.02619 0.78538
11.9 4.99868 0.779802
11.95 4.97113 0.774294
12 4.94351 0.768855
12.05 4.91585 0.763487
12.1 4.88814 0.758191
12.15 4.86038 0.752968
12.2 4.83258 0.747817
12.25 4.80474 0.742741
12.3 4.77686 0.737739
12.35 4.74895 0.732813
12.4 4.72101 0.727963
12.45 4.69304 0.723189
12.5 4.66504 0.718494
12.55 4.63703 0.713876
12.6 4.60899 0.709337
12.65 4.58094 0.704878
12.7 4.55288 0.700499
12.75 4.5248 0.696201
12.8 4.49672 0.691984
12.85 4.46863 0.687848
12.9 4.44054 0.683796
12.95 4.41246 0.679826
13 4.38437 0.67594
13.05 4.3563 0.672138
13.1 4.32823 0.668421
13.15 4.30018 0.664788
13.2 4.27214 0.661242
13.25 4.24412 0.657781
13.3 4.21612 0.654406
13.35 4.18815 0.651119
13.4 4.1602 0.647918
13.45 4.13229 0.644806
13.5 4.1044 0.641781
13.55 4.07655 0.638844
13.6 4.04874 0.635996
13.65 4.02097 0.633237
13.7 3.99324 0.630567
13.75 3.96556 0.627987
13.8 3.93793 0.625497
13.85 3.91035 0.623096
13.9 3.88282 0.620786
13.95 3.85536 0.618566
14 3.82795 0.616436
14.05 3.8006 0.614397
14.1 3.77331 0.612449
14.15 3.7461 0.610592
14.2 3.71895 0.608827
14.25 3.69187 0.607152
14.3 3.66487 0.605568
14.35 3.63795 0.604076
14.4 3.61111 0.602675
14.45 3.58434 0.601365
14.5 3.55766 0.600146
14.55 3.53107 0.599018
14.6 3.50457 0.597982
14.65 3.47815 0.597037
14.7 3.45183 0.596182
14.75 3.42561 0.595418
14.8 3.39948 0.594745
14.85 3.37346 0.594163
14.9 3.34753 0.59367
14.95 3.32171 0.593268
15 3.29599 0.592956
15.05 3.27038 0.592733
15.1 3.24488 0.5926
15.15 3.2195 0.592556
15.2 3.19422 0.592601
15.25 3.16907 0.592734
15.3 3.14403 0.592955
15.35 3.11911 0.593264
15.4 3.09431 0.59366
15.45 3.06963 0.594143
15.5 3.04508 0.594713
15.55 3.02065 0.595369
15.6 2.99635 0.596111
15.65 2.97218 0.596937
15.7 2.94815 0.597848
15.75 2.92424 0.598844
15.8 2.90047 0.599923
15.85 2.87683 0.601085
15.9 2.85333 0.602329
15.95 2.82997 0.603656
16 2.80675 0.605063
16.05 2.78367 0.606551
16.1 2.76073 0.608119
16.15 2.73793 0.609766
16.2 2.71528 0.611492
16.25 2.69277 0.613296
16.3 2.67041 0.615177
16.35 2.6482 0.617134
16.4 2.62614 0.619167
16.45 2.60422 0.621274
16.5 2.58246 0.623456
16.55 2.56085 0.625711
16.6 2.53939 0.628038
16.65 2.51808 0.630437
16.7 2.49693 0.632906
16.75 2.47594 0.635446
16.8 2.4551 0.638054
16.85 2.43441 0.64073
16.9 2.41388 0.643473
16.95 2.39351 0.646282
17 2.3733 0.649156
17.05 2.35324 0.652095
17.1 2.33335 0.655096
17.15 2.31361 0.65816
17.2 2.29403 0.661285
17.25 2.27462 0.66447
17.3 2.25536 0.667714
17.35 2.23626 0.671016
17.4 2.21733 0.674375
17.45 2.19856 0.677789
17.5 2.17994 0.681259
17.55 2.16149 0.684782
17.6 2.1432 0.688357
17.65 2.12508 0.691984
17.7 2.10711 0.695661
17.75 2.0893 0.699387
17.8 2.07166 0.70316
17.85 2.05418 0.706981
17.9 2.03686 0.710846
17.95 2.0197 0.714756
18 2.0027 0.718709
18.05 1.98586 0.722704
18.1 1.96919 0.726739
18.15 1.95267 0.730814
18.2 1.93631 0.734926
18.25 1.92011 0.739076
18.3 1.90408 0.743261
18.35 1.88819 0.74748
18.4 1.87247 0.751732
18.45 1.85691 0.756016
18.5 1.8415 0.76033
18.55 1.82625 0.764673
18.6 1.81116 0.769044
18.65 1.79622 0.773441
18.7 1.78143 0.777863
18.75 1.7668 0.782309
18.8 1.75232 0.786777
18.85 1.738 0.791267
18.9 1.72383 0.795776
18.95 1.7098 0.800303
19 1.69593 0.804847
19.05 1.68221 0.809408
19.1 1.66864 0.813982
19.15 1.65521 0.818569
19.2 1.64193 0.823168
19.25 1.6288 0.827777
19.3 1.61581 0.832395
19.35 1.60297 0.83702
19.4 1.59026 0.841652
19.45 1.5777 0.846288
19.5 1.56528 0.850927
19.55 1.553 0.855568
19.6 1.54086 0.86021
19.65 1.52886 0.864851
19.7 1.51699 0.869491
19.75 1.50526 0.874126
19.8 1.49366 0.878757
19.85 1.4822 0.883381
19.9 1.47086 0.887998
19.95 1.45966 0.892606
20 1.44858 0.897203
20.05 1.43764 0.901789
20.1 1.42681 0.906362
20.15 1.41612 0.91092
20.2 1.40555 0.915463
20.25 1.3951 0.919989
20.3 1.38477 0.924497
20.35 1.37456 0.928984
20.4 1.36448 0.933451
20.45 1.3545 0.937896
20.5 1.34465 0.942316
20.55 1.33491 0.946712
20.6 1.32528 0.951082
20.65 1.31576 0.955425
20.7 1.30635 0.959738
20.75 1.29706 0.964022
20.8 1.28787 0.968274
20.85 1.27878 0.972494
20.9 1.2698 0.97668
20.95 1.26092 0.980831
21 1.25215 0.984946
21.05 1.24347 0.989024
21.1 1.2349 0.993063
21.15 1.22642 0.997062
21.2 1.21803 1.00102
21.25 1.20974 1.00494
21.3 1.20155 1.00881
21.35 1.19344 1.01264
21.4 1.18542 1.01642
21.45 1.1775 1.02016
21.5 1.16965 1.02385
21.55 1.1619 1.02748
21.6 1.15423 1.03107
21.65 1.14664 1.03461
21.7 1.13913 1.0381
21.75 1.1317 1.04153
21.8 1.12435 1.04491
21.85 1.11707 1.04824
21.9 1.10987 1.0515
21.95 1.10275 1.05472
22 1.09569 1.05787
22.05 1.08871 1.06096
22.1 1.0818 1.064
22.15 1.07495 1.06697
22.2 1.06817 1.06988
22.25 1.06146 1.07273
22.3 1.05481 1.07551
22.35 1.04822 1.07823
22.4 1.04169 1.08089
22.45 1.03522 1.08348
22.5 1.02881 1.086
22.55 1.02245 1.08846
22.6 1.01616 1.09084
22.65 1.00991 1.09316
22.7 1.00372 1.09541
22.75 0.997577 1.09758
22.8 0.991486 1.09969
22.85 0.985444 1.10172
22.9 0.979449 1.10369
22.95 0.9735 1.10557
23 0.967596 1.10739
23.05 0.961735 1.10913
23.1 0.955917 1.11079
23.15 0.95014 1.11238
23.2 0.944403 1.11389
23.25 0.938705 1.11533
23.3 0.933044 1.11669
23.35 0.92742 1.11797
23.4 0.921831 1.11917
23.45 0.916276 1.12029
23.5 0.910754 1.12134
23.55 0.905264 1.1223
23.6 0.899805 1.12319
23.65 0.894376 1.12399
23.7 0.888975 1.12472
23.75 0.883603 1.12536
23.8 0.878256 1.12592
23.85 0.872936 1.12641
23.9 0.86764 1.1268
23.95 0.862369 1.12712
24 0.85712 1.12736
24.05 0.851892 1.12751
24.1 0.846686 1.12758
24.15 0.8415 1.12756
24.2 0.836334 1.12747
24.25 0.831185 1.12729
24.3 0.826054 1.12703
24.35 0.82094 1.12668
24.4 0.815842 1.12625
24.45 0.810759 1.12574
24.5 0.805691 1.12514
24.55 0.800636 1.12446
24.6 0.795594 1.1237
24.65 0.790565 1.12285
24.7 0.785547 1.12192
24.75 0.78054 1.1209
24.8 0.775543 1.11981
24.85 0.770556 1.11863
24.9 0.765578 1.11736
24.95 0.760609 1.11601
25 0.755647 1.11459
25.05 0.750693 1.11307
25.1 0.745746 1.11148
25.15 0.740805 1.1098
25.2 0.735871 1.10804
25.25 0.730941 1.1062
25.3 0.726017 1.10428
25.35 0.721097 1.10228
25.4 0.716181 1.10019
25.45 0.711269 1.09803
25.5 0.706361 1.09578
25.55 0.701455 1.09346
25.6 0.696552 1.09105
25.65 0.691652 1.08857
25.7 0.686754 1.08601
25.75 0.681857 1.08337
25.8 0.676963 1.08065
25.85 0.672069 1.07786
25.9 0.667177 1.07499
25.95 0.662286 1.07204
26 0.657395 1.06901
26.05 0.652505 1.06592
26.1 0.647615 1.06274
26.15 0.642726 1.05949
26.2 0.637837 1.05617
26.25 0.632948 1.05278
26.3 0.628058 1.04931
26.35 0.623169 1.04577
26.4 0.61828 1.04216
26.45 0.613391 1.03848
26.5 0.608501 1.03473
26.55 0.603611 1.03091
26.6 0.598721 1.02703
26.65 0.593831 1.02307
26.7 0.588941 1.01905
26.75 0.584051 1.01496
26.8 0.579161 1.01081
26.85 0.574271 1.00659
26.9 0.569382 1.00231
26.95 0.564492 0.997959
27 0.559604 0.993551
27.05 0.554715 0.98908
27.1 0.549828 0.984549
27.15 0.544942 0.979958
27.2 0.540057 0.975308
27.25 0.535173 0.9706
27.3 0.53029 0.965834
27.35 0.52541 0.961011
27.4 0.520531 0.956133
27.45 0.515655 0.9512
27.5 0.510781 0.946213
27.55 0.50591 0.941173
27.6 0.501042 0.936081
27.65 0.496178 0.930937
27.7 0.491317 0.925744
27.75 0.48646 0.920501
27.8 0.481607 0.91521
27.85 0.476759 0.909871
27.9 0.471915 0.904485
27.95 0.467077 0.899055
28 0.462244 0.893579
28.05 0.457418 0.88806
28.1 0.452597 0.882499
28.15 0.447783 0.876896
28.2 0.442977 0.871252
28.25 0.438177 0.865569
28.3 0.433386 0.859847
28.35 0.428602 0.854087
28.4 0.423828 0.848291
28.45 0.419062 0.842459
28.5 0.414305 0.836593
28.55 0.409559 0.830693
28.6 0.404823 0.82476
28.65 0.400097 0.818796
28.7 0.395382 0.812802
28.75 0.390679 0.806778
28.8 0.385988 0.800726
28.85 0.38131 0.794646
28.9 0.376644 0.788541
28.95 0.371991 0.782409
29 0.367353 0.776254
29.05 0.362728 0.770075
29.1 0.358118 0.763874
29.15 0.353523 0.757652
29.2 0.348944 0.75141
29.25 0.34438 0.745149
29.3 0.339833 0.738869
29.35 0.335303 0.732573
29.4 0.33079 0.726261
29.45 0.326295 0.719934
29.5 0.321819 0.713593
29.55 0.31736 0.707238
29.6 0.312921 0.700873
29.65 0.308502 0.694496
29.7 0.304103 0.688109
29.75 0.299724 0.681714
29.8 0.295366 0.675311
29.85 0.291029 0.668901
29.9 0.286714 0.662485
29.95 0.282422 0.656064
30 0.278152 0.64964
30.05 0.273905 0.643213
30.1 0.269682 0.636784
30.15 0.265482 0.630354
30.2 0.261307 0.623924
30.25 0.257157 0.617496
30.3 0.253031 0.611069
30.35 0.248932 0.604646
30.4 0.244858 0.598226
30.45 0.240811 0.591812
30.5 0.23679 0.585403
30.55 0.232797 0.579001
30.6 0.228831 0.572607
30.65 0.224893 0.566221
30.7 0.220983 0.559845
30.75 0.217102 0.553479
30.8 0.21325 0.547125
30.85 0.209427 0.540783
30.9 0.205633 0.534454
30.95 0.20187 0.528139
31 0.198137 0.521838
31.05 0.194434 0.515554
31.1 0.190763 0.509286
31.15 0.187123 0.503035
31.2 0.183514 0.496802
31.25 0.179937 0.490589
31.3 0.176392 0.484395
31.35 0.17288 0.478222
31.4 0.1694 0.47207
31.45 0.165953 0.46594
31.5 0.162539 0.459833
31.55 0.159159 0.45375
31.6 0.155812 0.447691
31.65 0.152499 0.441658
31.7 0.14922 0.43565
31.75 0.145975 0.429669
31.8 0.142765 0.423715
31.85 0.13959 0.417789
31.9 0.136449 0.411892
31.95 0.133343 0.406024
32 0.130273 0.400186
32.05 0.127238 0.394378
32.1 0.124238 0.388602
32.15 0.121274 0.382858
32.2 0.118345 0.377146
32.25 0.115453 0.371467
32.3 0.112596 0.365822
32.35 0.109776 0.360211
32.4 0.106991 0.354635
32.45 0.104243 0.349094
32.5 0.101532 0.343589
32.55 0.0988562 0.338121
32.6 0.0962172 0.332689
32.65 0.0936147 0.327295
32.7 0.0910486 0.321939
32.75 0.0885192 0.316621
32.8 0.0860262 0.311342
32.85 0.0835698 0.306103
32.9 0.08115 0.300903
32.95 0.0787667 0.295743
33 0.07642 0.290624
33.05 0.0741097 0.285546
33.1 0.0718359 0.280509
33.15 0.0695986 0.275514
33.2 0.0673976 0.270561
33.25 0.0652329 0.265651
33.3 0.0631044 0.260783
33.35 0.0610121 0.255959
33.4 0.0589558 0.251178
33.45 0.0569355 0.246441
33.5 0.0549511 0.241748
33.55 0.0530024 0.237099
33.6 0.0510893 0.232494
33.65 0.0492117 0.227935
33.7 0.0473695 0.223421
33.75 0.0455624 0.218952
33.8 0.0437905 0.214528
33.85 0.0420534 0.21015
33.9 0.040351 0.205819
33.95 0.0386832 0.201533
34 0.0370497 0.197294
34.05 0.0354504 0.1931
34.1 0.033885 0.188954
34.15 0.0323534 0.184854
34.2 0.0308554 0.180801
34.25 0.0293907 0.176795
34.3 0.027959 0.172836
34.35 0.0265603 0.168924
34.4 0.0251941 0.16506
34.45 0.0238603 0.161242
34.5 0.0225587 0.157472
34.55 0.0212889 0.153749
34.6 0.0200507 0.150074
34.65 0.0188438 0.146446
34.7 0.0176679 0.142865
34.75 0.0165229 0.139332
34.8 0.0154083 0.135846
34.85 0.0143238 0.132407
34.9 0.0132693 0.129016
34.95 0.0122443 0.125671
35 0.0112487 0.122375
35.05 0.0102819 0.119125
35.1 0.00934383 0.115922
35.15 0.00843405 0.112766
35.2 0.00755226 0.109657
35.25 0.00669813 0.106595
35.3 0.00587132 0.103579
35.35 0.0050715 0.10061
35.4 0.00429833 0.0976874
35.45 0.00355145 0.0948108
35.5 0.00283052 0.0919803
35.55 0.00213518 0.0891957
35.6 0.00146509 0.0864568
35.65 0.000819885 0.0837635
35.7 0.000199199 0.0811155
35.75 -0.000397328 0.0785126
35.8 -0.000970062 0.0759547
35.85 -0.00151937 0.0734415
35.9 -0.00204562 0.0709728
35.95 -0.0025492 0.0685483
36 -0.00303046 0.0661679
36.05 -0.00348979 0.0638313
36.1 -0.00392756 0.0615382
36.15 -0.00434416 0.0592883
36.2 -0.00473996 0.0570814
36.25 -0.00511534 0.0549173
36.3 -0.00547069 0.0527956
36.35 -0.00580638 0.050716
36.4 -0.0061228 0.0486783
36.45 -0.00642034 0.0466821
36.5 -0.00669937 0.0447272
36.55 -0.00696028 0.0428131
36.6 -0.00720346 0.0409397
36.65 -0.00742928 0.0391065
36.7 -0.00763813 0.0373133
36.75 -0.0078304 0.0355597
36.8 -0.00800646 0.0338453
36.85 -0.0081667 0.0321698
36.9 -0.0083115 0.0305329
36.95 -0.00844123 0.0289342
37 -0.00855628 0.0273733
37.05 -0.00865702 0.0258498
37.1 -0.00874383 0.0243635
37.15 -0.00881709 0.0229139
37.2 -0.00887716 0.0215006
37.25 -0.00892441 0.0201233
37.3 -0.00895923 0.0187815
37.35 -0.00898196 0.0174749
37.4 -0.00899298 0.016203
37.45 -0.00899266 0.0149656
37.5 -0.00898134 0.0137621
37.55 -0.00895939 0.0125922
37.6 -0.00892716 0.0114555
37.65 -0.00888501 0.0103515
37.7 -0.00883329 0.00927982
37.75 -0.00877234 0.0082401
37.8 -0.0087025 0.00723189
37.85 -0.00862412 0.00625477
37.9 -0.00853753 0.00530831
37.95 -0.00844307 0.00439211
38 -0.00834106 0.00350572
38.05 -0.00823185 0.00264873
38.1 -0.00811574 0.00182071
38.15 -0.00799306 0.00102124
38.2 -0.00786412 0.000249871
38.25 -0.00772924 -0.000493814
38.3 -0.00758872 -0.00121025
38.35 -0.00744288 -0.00189986
38.4 -0.007292 -0.00256309
38.45 -0.00713639 -0.00320036
38.5 -0.00697634 -0.00381211
38.55 -0.00681213 -0.00439877
38.6 -0.00664405 -0.00496078
38.65 -0.00647238 -0.00549855
38.7 -0.00629739 -0.00601254
38.75 -0.00611935 -0.00650316
38.8 -0.00593853 -0.00697085
38.85 -0.00575519 -0.00741605
38.9 -0.00556958 -0.00783917
38.95 -0.00538196 -0.00824064
39 -0.00519257 -0.00862091
39.05 -0.00500165 -0.00898038
39.1 -0.00480945 -0.00931948
39.15 -0.00461618 -0.00963864
39.2 -0.00442209 -0.00993829
39.25 -0.0042274 -0.0102188
39.3 -0.00403231 -0.0104807
39.35 -0.00383704 -0.0107243
39.4 -0.00364181 -0.01095
39.45 -0.00344681 -0.0111583
39.5 -0.00325224 -0.0113496
39.55 -0.0030583 -0.0115242
39.6 -0.00286516 -0.0116827
39.65 -0.00267302 -0.0118253
39.7 -0.00248205 -0.0119525
39.75 -0.00229242 -0.0120647
39.8 -0.0021043 -0.0121622
39.85 -0.00191786 -0.0122456
39.9 -0.00173324 -0.0123151
39.95 -0.0015506 -0.0123711
40 -0.00137009 -0.0124141
40.05 -0.00119186 -0.0124443
40.1 -0.00101603 -0.0124623
40.15 -0.000842732 -0.0124683
40.2 -0.000672105 -0.0124627
40.25 -0.000504266 -0.0124459
40.3 -0.000339331 -0.0124183
40.35 -0.000177413 -0.0123801
40.4 -1.86188e-05 -0.0123319
40.45 0.000136949 -0.0122738
40.5 0.000289194 -0.0122064
40.55 0.000438023 -0.0121298
40.6 0.000583347 -0.0120444
40.65 0.000725084 -0.0119507
40.7 0.000863156 -0.0118488
40.75 0.000997488 -0.0117392
40.8 0.00112801 -0.0116222
40.85 0.00125466 -0.011498
40.9 0.00137738 -0.0113671
40.95 0.00149611 -0.0112296
41 0.0016108 -0.0110859
41.05 0.0017214 -0.0109364
41.1 0.00182788 -0.0107812
41.15 0.00193019 -0.0106208
41.2 0.00202829 -0.0104553
41.25 0.00212217 -0.0102851
41.3 0.00221179 -0.0101105
41.35 0.00229713 -0.00993163
41.4 0.00237818 -0.00974889
41.45 0.00245492 -0.00956251
41.5 0.00252734 -0.00937275
41.55 0.00259544 -0.00917986
41.6 0.00265921 -0.00898409
41.65 0.00271866 -0.00878568
41.7 0.00277379 -0.00858489
41.75 0.0028246 -0.00838194
41.8 0.00287112 -0.00817707
41.85 0.00291335 -0.0079705
41.9 0.00295132 -0.00776246
41.95 0.00298505 -0.00755316
42 0.00301456 -0.00734281
42.05 0.00303988 -0.00713164
42.1 0.00306105 -0.00691982
42.15 0.00307809 -0.00670758
42.2 0.00309105 -0.00649509
42.25 0.00309996 -0.00628255
42.3 0.00310487 -0.00607015
42.35 0.00310582 -0.00585806
42.4 0.00310287 -0.00564645
42.45 0.00309605 -0.0054355
42.5 0.00308544 -0.00522537
42.55 0.00307107 -0.00501622
42.6 0.00305301 -0.00480821
42.65 0.00303132 -0.00460149
42.7 0.00300606 -0.00439621
42.75 0.0029773 -0.00419251
42.8 0.00294509 -0.00399052
42.85 0.00290951 -0.00379038
42.9 0.00287064 -0.00359222
42.95 0.00282853 -0.00339617
43 0.00278326 -0.00320233
43.05 0.00273491 -0.00301083
43.1 0.00268355 -0.00282178
43.15 0.00262927 -0.00263528
43.2 0.00257213 -0.00245144
43.25 0.00251222 -0.00227035
43.3 0.00244962 -0.00209211
43.35 0.00238442 -0.00191681
43.4 0.00231669 -0.00174453
43.45 0.00224653 -0.00157536
43.5 0.00217401 -0.00140936
43.55 0.00209922 -0.00124662
43.6 0.00202225 -0.0010872
43.65 0.00194319 -0.000931174
43.7 0.00186212 -0.000778594
43.75 0.00177913 -0.000629522
43.8 0.00169432 -0.00048401
43.85 0.00160776 -0.000342108
43.9 0.00151956 -0.000203863
43.95 0.00142979 -6.93176e-05
44 0.00133856 6.14901e-05
44.05 0.00124594 0.000188524
44.1 0.00115203 0.000311753
44.15 0.00105693 0.000431148
44.2 0.000960708 0.000546685
44.25 0.000863468 0.000658341
44.3 0.000765297 0.000766097
44.35 0.000666283 0.00086994
44.4 0.000566514 0.000969856
44.45 0.000466079 0.00106584
44.5 0.000365067 0.00115788
44.55 0.000263563 0.00124597
44.6 0.000161655 0.00133012
44.65 5.94285e-05 0.00141033
44.7 -4.30313e-05 0.00148661
44.75 -0.00014564 0.00155895
44.8 -0.000248313 0.00162739
44.85 -0.000350969 0.00169191
44.9 -0.000453525 0.00175256
44.95 -0.000555901 0.00180933
45 -0.000658017 0.00186226
45.05 -0.000759793 0.00191137
45.1 -0.000861152 0.00195668
45.15 -0.000962018 0.00199822
45.2 -0.00106232 0.00203602
45.25 -0.00116197 0.00207012
45.3 -0.00126091 0.00210055
45.35 -0.00135906 0.00212735
45.4 -0.00145635 0.00215055
45.45 -0.00155272 0.00217019
45.5 -0.00164809 0.00218633
45.55 -0.00174241 0.00219899
45.6 -0.0018356 0.00220824
45.65 -0.0019276 0.00221411
45.7 -0.00201836 0.00221665
45.75 -0.0021078 0.00221592
45.8 -0.00219588 0.00221197
45.85 -0.00228254 0.00220485
45.9 -0.00236771 0.00219461
45.95 -0.00245136 0.00218132
46 -0.00253342 0.00216503
46.05 -0.00261385 0.00214579
46.1 -0.0026926 0.00212367
46.15 -0.00276961 0.00209874
46.2 -0.00284486 0.00207104
46.25 -0.00291829 0.00204064
46.3 -0.00298986 0.00200762
46.35 -0.00305954 0.00197202
46.4 -0.00312728 0.00193393
46.45 -0.00319305 0.00189339
46.5 -0.00325682 0.00185049
46.55 -0.00331855 0.00180528
46.6 -0.00337822 0.00175784
46.65 -0.00343579 0.00170823
46.7 -0.00349123 0.00165652
46.75 -0.00354453 0.00160279
46.8 -0.00359567 0.00154709
46.85 -0.0036446 0.00148951
46.9 -0.00369133 0.0014301
46.95 -0.00373583 0.00136895
47 -0.00377809 0.00130612
47.05 -0.00381808 0.00124169
47.1 -0.00385581 0.00117571
47.15 -0.00389126 0.00110828
47.2 -0.00392441 0.00103944
47.25 -0.00395527 0.000969283
47.3 -0.00398383 0.000897871
47.35 -0.00401008 0.000825275
47.4 -0.00403403 0.000751566
47.45 -0.00405567 0.000676813
47.5 -0.004075 0.000601087
47.55 -0.00409204 0.000524456
47.6 -0.00410677 0.00044699
47.65 -0.00411922 0.000368756
47.7 -0.00412938 0.000289824
47.75 -0.00413728 0.000210261
47.8 -0.00414291 0.000130134
47.85 -0.00414629 4.95102e-05
47.9 -0.00414745 -3.15454e-05
47.95 -0.00414639 -0.000112967
48 -0.00414312 -0.000194689
48.05 -0.00413768 -0.000276649
48.1 -0.00413008 -0.000358781
48.15 -0.00412034 -0.000441025
48.2 -0.00410849 -0.000523318
48.25 -0.00409454 -0.000605598
48.3 -0.00407854 -0.000687806
48.35 -0.00406049 -0.000769882
48.4 -0.00404044 -0.000851768
48.45 -0.00401841 -0.000933406
48.5 -0.00399443 -0.00101474
48.55 -0.00396853 -0.00109571
48.6 -0.00394075 -0.00117627
48.65 -0.00391113 -0.00125635
48.7 -0.00387968 -0.00133592
48.75 -0.00384647 -0.00141491
48.8 -0.00381151 -0.00149327
48.85 -0.00377485 -0.00157096
48.9 -0.00373652 -0.00164793
48.95 -0.00369657 -0.00172412
49 -0.00365505 -0.0017995
49.05 -0.00361198 -0.00187401
49.1 -0.00356741 -0.00194762
49.15 -0.00352139 -0.00202028
49.2 -0.00347395 -0.00209194
49.25 -0.00342515 -0.00216257
49.3 -0.00337503 -0.00223213
49.35 -0.00332364 -0.00230058
49.4 -0.00327101 -0.00236788
49.45 -0.0032172 -0.002434
49.5 -0.00316226 -0.00249889
49.55 -0.00310623 -0.00256254
49.6 -0.00304916 -0.0026249
49.65 -0.0029911 -0.00268594
49.7 -0.0029321 -0.00274564
49.75 -0.00287221 -0.00280396
49.8 -0.00281147 -0.00286088
49.85 -0.00274994 -0.00291637
49.9 -0.00268767 -0.00297041
49.95 -0.0026247 -0.00302297
50 -0.00256109 -0.00307403
