-0.498 -0.000268523 -0.00010954
-0.496 -0.00106539 -0.00042524
-0.494 -0.00237753 -0.000927308
-0.492 -0.0041919 -0.00159549
-0.49 -0.00649556 -0.00240916
-0.488 -0.00927571 -0.00334744
-0.486 -0.0125197 -0.00438925
-0.484 -0.0162153 -0.00551345
-0.482 -0.0203503 -0.00669891
-0.48 -0.0249129 -0.00792462
-0.478 -0.0298916 -0.00916975
-0.476 -0.0352753 -0.0104137
-0.474 -0.0410533 -0.0116364
-0.472 -0.047215 -0.0128179
-0.47 -0.0537504 -0.0139392
-0.468 -0.0606498 -0.0149814
-0.466 -0.0679037 -0.0159267
-0.464 -0.075503 -0.0167577
-0.462 -0.0834389 -0.0174579
-0.46 -0.0917028 -0.0180117
-0.458 -0.100286 -0.0184041
-0.456 -0.109182 -0.0186213
-0.454 -0.11838 -0.0186503
-0.452 -0.127874 -0.0184793
-0.45 -0.137656 -0.0180971
-0.448 -0.147718 -0.017494
-0.446 -0.158051 -0.016661
-0.444 -0.168649 -0.0155904
-0.442 -0.179502 -0.0142756
-0.44 -0.190602 -0.0127107
-0.438 -0.201941 -0.0108914
-0.436 -0.213509 -0.00881412
-0.434 -0.225298 -0.00647641
-0.432 -0.237296 -0.00387688
-0.43 -0.249494 -0.00101513
-0.428 -0.261881 0.00210823
-0.426 -0.274445 0.00549169
-0.424 -0.287173 0.00913279
-0.422 -0.300053 0.0130282
-0.42 -0.313071 0.0171738
-0.418 -0.326212 0.0215647
-0.416 -0.33946 0.0261952
-0.414 -0.352799 0.0310591
-0.412 -0.366211 0.0361494
-0.41 -0.379677 0.0414588
-0.408 -0.393178 0.0469792
-0.406 -0.406694 0.0527024
-0.404 -0.420201 0.0586198
-0.402 -0.433678 0.0647223
-0.4 -0.4471 0.071001
-0.398 -0.460441 0.0774465
-0.396 -0.473675 0.0840496
-0.394 -0.486773 0.090801
-0.392 -0.499708 0.0976917
-0.39 -0.512448 0.104713
-0.388 -0.524962 0.111855
-0.386 -0.537218 0.11911
-0.384 -0.54918 0.126471
-0.382 -0.560815 0.133929
-0.38 -0.572085 0.141478
-0.378 -0.582953 0.149112
-0.376 -0.593381 0.156823
-0.374 -0.603329 0.164608
-0.372 -0.612756 0.172462
-0.37 -0.621621 0.180382
-0.368 -0.62988 0.188365
-0.366 -0.637491 0.196409
-0.364 -0.644409 0.204513
-0.362 -0.650589 0.212678
-0.36 -0.655985 0.220905
-0.358 -0.66055 0.229195
-0.356 -0.664239 0.237552
-0.354 -0.667003 0.24598
-0.352 -0.668794 0.254483
-0.35 -0.669565 0.263069
-0.348 -0.669268 0.271743
-0.346 -0.667854 0.280515
-0.344 -0.665274 0.289391
-0.342 -0.661481 0.298384
-0.34 -0.656427 0.307502
-0.338 -0.650065 0.316757
-0.336 -0.642347 0.326162
-0.334 -0.633227 0.335728
-0.332 -0.622659 0.34547
-0.33 -0.610599 0.3554
-0.328 -0.597002 0.365533
-0.326 -0.581827 0.375884
-0.324 -0.565032 0.386468
-0.322 -0.546577 0.397298
-0.32 -0.526423 0.408391
-0.318 -0.504535 0.419761
-0.316 -0.480877 0.431423
-0.314 -0.455416 0.443392
-0.312 -0.428122 0.455681
-0.31 -0.398965 0.468305
-0.308 -0.367921 0.481276
-0.306 -0.334965 0.494608
-0.304 -0.300076 0.508313
-0.302 -0.263235 0.5224
-0.3 -0.224427 0.536881
-0.298 -0.18364 0.551764
-0.296 -0.140863 0.567058
-0.294 -0.0960896 0.582769
-0.292 -0.0493163 0.598903
-0.29 -0.000542517 0.615465
-0.288 0.0502291 0.632457
-0.286 0.102993 0.649882
-0.284 0.157739 0.66774
-0.282 0.214456 0.686029
-0.28 0.273127 0.704747
-0.278 0.333735 0.723891
-0.276 0.396258 0.743455
-0.274 0.460669 0.763433
-0.272 0.526943 0.783816
-0.27 0.595047 0.804596
-0.268 0.664949 0.825761
-0.266 0.736611 0.8473
-0.264 0.809996 0.869199
-0.262 0.885063 0.891446
-0.26 0.961766 0.914024
-0.258 1.04006 0.936918
-0.256 1.1199 0.960111
-0.254 1.20124 0.983586
-0.252 1.28402 1.00732
-0.25 1.3682 1.03131
-0.248 1.45371 1.05552
-0.246 1.54052 1.07993
-0.244 1.62855 1.10454
-0.242 1.71777 1.12931
-0.24 1.8081 1.15423
-0.238 1.8995 1.17928
-0.236 1.99192 1.20445
-0.234 2.0853 1.2297
-0.232 2.17958 1.25503
-0.23 2.27471 1.28042
-0.228 2.37065 1.30585
-0.226 2.46734 1.33131
-0.224 2.56474 1.35678
-0.222 2.66279 1.38225
-0.22 2.76146 1.40771
-0.218 2.8607 1.43314
-0.216 2.96048 1.45854
-0.214 3.06075 1.4839
-0.212 3.16148 1.50921
-0.21 3.26265 1.53446
-0.208 3.36421 1.55966
-0.206 3.46616 1.58479
-0.204 3.56845 1.60986
-0.202 3.67108 1.63487
-0.2 3.77403 1.65982
-0.198 3.87729 1.68471
-0.196 3.98084 1.70955
-0.194 4.08469 1.73435
-0.192 4.18882 1.7591
-0.19 4.29325 1.78383
-0.188 4.39797 1.80853
-0.186 4.50299 1.83323
-0.184 4.60832 1.85793
-0.182 4.71398 1.88265
-0.18 4.81998 1.9074
-0.178 4.92635 1.9322
-0.176 5.0331 1.95706
-0.174 5.14027 1.98201
-0.172 5.24788 2.00705
-0.17 5.35596 2.03221
-0.168 5.46455 2.05751
-0.166 5.57368 2.08297
-0.164 5.68339 2.1086
-0.162 5.79372 2.13442
-0.16 5.90472 2.16047
-0.158 6.01643 2.18675
-0.156 6.12889 2.21329
-0.154 6.24215 2.24011
-0.152 6.35627 2.26723
-0.15 6.47129 2.29467
-0.148 6.58726 2.32245
-0.146 6.70424 2.3506
-0.144 6.82229 2.37913
-0.142 6.94144 2.40806
-0.14 7.06177 2.43742
-0.138 7.18332 2.46723
-0.136 7.30615 2.4975
-0.134 7.43032 2.52825
-0.132 7.55588 2.55951
-0.13 7.68289 2.5913
-0.128 7.81141 2.62363
-0.126 7.94148 2.65652
-0.124 8.07316 2.68999
-0.122 8.20651 2.72406
-0.12 8.34157 2.75875
-0.118 8.47841 2.79408
-0.116 8.61706 2.83006
-0.114 8.75758 2.86671
-0.112 8.90001 2.90405
-0.11 9.04439 2.94209
-0.108 9.19077 2.98085
-0.106 9.33919 3.02034
-0.104 9.48967 3.06059
-0.102 9.64225 3.10159
-0.1 9.79696 3.14337
-0.098 9.95382 3.18593
-0.096 10.1129 3.2293
-0.094 10.2741 3.27346
-0.092 10.4375 3.31844
-0.09 10.6031 3.36424
-0.088 10.7709 3.41086
-0.086 10.9409 3.45831
-0.084 11.1131 3.50658
-0.082 11.2874 3.55567
-0.08 11.4639 3.60559
-0.078 11.6424 3.65631
-0.076 11.8229 3.70783
-0.074 12.0055 3.76013
-0.072 12.1899 3.8132
-0.07 12.3762 3.86702
-0.068 12.5643 3.92155
-0.066 12.754 3.97678
-0.064 12.9453 4.03267
-0.062 13.138 4.08918
-0.06 13.332 4.14626
-0.058 13.5272 4.20387
-0.056 13.7234 4.26197
-0.054 13.9206 4.32048
-0.052 14.1184 4.37936
-0.05 14.3167 4.43852
-0.048 14.5153 4.49791
-0.046 14.714 4.55743
-0.044 14.9127 4.61702
-0.042 15.111 4.67657
-0.04 15.3087 4.736
-0.038 15.5056 4.7952
-0.036 15.7015 4.85408
-0.034 15.8959 4.91253
-0.032 16.0888 4.97042
-0.03 16.2797 5.02765
-0.028 16.4684 5.08409
-0.026 16.6546 5.13962
-0.024 16.8379 5.1941
-0.022 17.0181 5.24741
-0.02 17.1948 5.29941
-0.018 17.3678 5.34996
-0.016 17.5365 5.39893
-0.014 17.7008 5.44617
-0.012 17.8604 5.49154
-0.01 18.0147 5.5349
-0.008 18.1636 5.57612
-0.006 18.3067 5.61504
-0.004 18.4436 5.65154
-0.002 18.5741 5.68548
0 18.6978 5.71672
0.002 18.8142 5.74513
0.004 18.9232 5.77058
0.006 19.0245 5.79297
0.008 19.1178 5.81218
0.01 19.2029 5.82809
0.012 19.2794 5.84062
0.014 19.3471 5.84965
0.016 19.4058 5.85511
0.018 19.4552 5.85693
0.02 19.4952 5.85502
0.022 19.5256 5.84934
0.024 19.5461 5.83983
0.026 19.5567 5.82645
0.028 19.5572 5.80918
0.03 19.5474 5.78798
0.032 19.5274 5.76287
0.034 19.4969 5.73383
0.036 19.456 5.70088
0.038 19.4047 5.66405
0.04 19.3429 5.62337
0.042 19.2705 5.57888
0.044 19.1878 5.53064
0.046 19.0946 5.47872
0.048 18.9911 5.42319
0.05 18.8774 5.36415
0.052 18.7535 5.30168
0.054 18.6196 5.2359
0.056 18.4759 5.16691
0.058 18.3224 5.09484
0.06 18.1595 5.01983
0.062 17.9872 4.942
0.064 17.8058 4.86151
0.066 17.6156 4.77851
0.068 17.4167 4.69315
0.07 17.2095 4.6056
0.072 16.9942 4.51602
0.074 16.771 4.42459
0.076 16.5404 4.33149
0.078 16.3026 4.23689
0.08 16.0579 4.14097
0.082 15.8066 4.04391
0.084 15.5492 3.94591
0.086 15.2858 3.84713
0.088 15.017 3.74777
0.09 14.743 3.648
0.092 14.4641 3.54801
0.094 14.1808 3.44798
0.096 13.8935 3.34808
0.098 13.6024 3.24848
0.1 13.308 3.14936
0.102 13.0106 3.05087
0.104 12.7105 2.95319
0.106 12.4083 2.85646
0.108 12.1041 2.76084
0.11 11.7984 2.66646
0.112 11.4916 2.57347
0.114 11.1839 2.482
0.116 10.8758 2.39217
0.118 10.5675 2.3041
0.12 10.2595 2.2179
0.122 9.95199 2.13367
0.124 9.64537 2.05151
0.126 9.33993 1.9715
0.128 9.03599 1.89372
0.13 8.73384 1.81825
0.132 8.43378 1.74515
0.134 8.1361 1.67448
0.136 7.84106 1.60627
0.138 7.54894 1.54058
0.14 7.25998 1.47743
0.142 6.97444 1.41684
0.144 6.69255 1.35884
0.146 6.41454 1.30343
0.148 6.14062 1.25062
0.15 5.871 1.2004
0.152 5.60588 1.15275
0.154 5.34543 1.10766
0.156 5.08982 1.0651
0.158 4.83924 1.02504
0.16 4.59381 0.987444
0.162 4.35369 0.952266
0.164 4.119 0.919458
0.166 3.88987 0.888964
0.168 3.66639 0.860727
0.17 3.44868 0.834681
0.172 3.2368 0.81076
0.174 3.03084 0.788891
0.176 2.83086 0.768999
0.178 2.63692 0.751004
0.18 2.44905 0.734824
0.182 2.26729 0.720374
0.184 2.09166 0.707568
0.186 1.92217 0.696315
0.188 1.75883 0.686524
0.19 1.60162 0.678103
0.192 1.45053 0.670957
0.194 1.30552 0.664992
0.196 1.16656 0.660111
0.198 1.0336 0.656221
0.2 0.906592 0.653223
0.202 0.78546 0.651023
0.204 0.670135 0.649526
0.206 0.560535 0.648636
0.208 0.456569 0.648262
0.21 0.35814 0.648309
0.212 0.265144 0.648689
0.214 0.177469 0.649311
0.216 0.0949955 0.65009
0.218 0.0175993 0.650939
0.22 -0.0548503 0.651778
0.222 -0.122489 0.652525
0.224 -0.185459 0.653104
0.226 -0.243906 0.65344
0.228 -0.297979 0.653464
0.23 -0.347833 0.653106
0.232 -0.393624 0.652303
0.234 -0.435513 0.650993
0.236 -0.473661 0.649121
0.238 -0.508234 0.646632
0.24 -0.539397 0.643477
0.242 -0.567317 0.639612
0.244 -0.59216 0.634994
0.246 -0.614094 0.629588
0.248 -0.633285 0.62336
0.25 -0.649899 0.616282
0.252 -0.664101 0.60833
0.254 -0.676052 0.599484
0.256 -0.685914 0.589731
0.258 -0.693844 0.579058
0.26 -0.699996 0.567459
0.262 -0.704522 0.554933
0.264 -0.707568 0.541482
0.266 -0.709278 0.527113
0.268 -0.70979 0.511837
0.27 -0.709238 0.495669
0.272 -0.707751 0.478629
0.274 -0.705452 0.460739
0.276 -0.702458 0.442026
0.278 -0.698882 0.422522
0.28 -0.69483 0.402262
0.282 -0.690402 0.381282
0.284 -0.685692 0.359624
0.286 -0.680786 0.337333
0.288 -0.675767 0.314455
0.29 -0.670709 0.29104
0.292 -0.66568 0.26714
0.294 -0.660742 0.24281
0.296 -0.655951 0.218107
0.298 -0.651356 0.193089
0.3 -0.647001 0.167815
0.302 -0.642922 0.142347
0.304 -0.63915 0.116746
0.306 -0.635711 0.0910772
0.308 -0.632624 0.0654023
0.31 -0.629904 0.0397855
0.312 -0.62756 0.0142905
0.314 -0.625596 -0.0110192
0.316 -0.62401 -0.0360807
0.318 -0.622799 -0.0608319
0.32 -0.621952 -0.0852116
0.322 -0.621455 -0.10916
0.324 -0.621293 -0.132618
0.326 -0.621443 -0.155531
0.328 -0.621883 -0.177842
0.33 -0.622585 -0.199499
0.332 -0.623521 -0.220453
0.334 -0.624659 -0.240655
0.336 -0.625966 -0.260061
0.338 -0.627405 -0.278629
0.34 -0.628942 -0.296319
0.342 -0.630538 -0.313095
0.344 -0.632154 -0.328926
0.346 -0.633752 -0.343781
0.348 -0.635293 -0.357636
0.35 -0.636736 -0.370467
0.352 -0.638042 -0.382256
0.354 -0.639174 -0.392989
0.356 -0.640092 -0.402653
0.358 -0.64076 -0.411241
0.36 -0.641141 -0.41875
0.362 -0.641201 -0.425178
0.364 -0.640907 -0.430528
0.366 -0.640227 -0.434809
0.368 -0.639132 -0.438029
0.37 -0.637593 -0.440203
0.372 -0.635585 -0.441348
0.374 -0.633086 -0.441483
0.376 -0.630073 -0.440632
0.378 -0.62653 -0.438822
0.38 -0.622439 -0.436081
0.382 -0.617787 -0.432442
0.384 -0.612565 -0.427938
0.386 -0.606764 -0.422606
0.388 -0.600378 -0.416485
0.39 -0.593406 -0.409616
0.392 -0.585849 -0.402041
0.394 -0.577708 -0.393805
0.396 -0.568991 -0.384953
0.398 -0.559705 -0.375532
0.4 -0.549863 -0.365589
0.402 -0.539477 -0.355174
0.404 -0.528564 -0.344335
0.406 -0.517142 -0.333121
0.408 -0.505234 -0.321583
0.41 -0.492862 -0.30977
0.412 -0.480051 -0.297731
0.414 -0.46683 -0.285515
0.416 -0.453226 -0.273171
0.418 -0.439273 -0.260744
0.42 -0.425001 -0.248283
0.422 -0.410445 -0.235831
0.424 -0.395641 -0.223432
0.426 -0.380625 -0.211128
0.428 -0.365435 -0.198961
0.43 -0.35011 -0.186967
0.432 -0.334687 -0.175184
0.434 -0.319207 -0.163646
0.436 -0.30371 -0.152385
0.438 -0.288236 -0.141431
0.44 -0.272825 -0.130811
0.442 -0.257517 -0.120551
0.444 -0.242351 -0.110672
0.446 -0.227368 -0.101194
0.448 -0.212604 -0.0921344
0.45 -0.198099 -0.0835074
0.452 -0.183889 -0.0753246
0.454 -0.17001 -0.0675951
0.456 -0.156496 -0.0603252
0.458 -0.143381 -0.0535185
0.46 -0.130697 -0.0471761
0.462 -0.118473 -0.0412965
0.464 -0.106739 -0.0358756
0.466 -0.0955214 -0.0309071
0.468 -0.0848451 -0.0263822
0.47 -0.0747333 -0.0222898
0.472 -0.065207 -0.018617
0.474 -0.0562851 -0.0153485
0.476 -0.0479847 -0.0124673
0.478 -0.0403203 -0.00995479
0.48 -0.0333045 -0.00779047
0.482 -0.0269476 -0.00595258
0.484 -0.0212578 -0.00441803
0.486 -0.0162408 -0.00316261
0.488 -0.0119004 -0.00216114
0.49 -0.00823793 -0.00138767
0.492 -0.00525285 -0.000815641
0.494 -0.00294235 -0.00041808
0.496 -0.00130157 -0.000167773
0.498 -0.000323704 -3.74568e-05
0.05 8.92267 2.94687
0.1 8.92254 2.94674
0.15 8.92232 2.94652
0.2 8.922 2.94622
0.25 8.9216 2.94583
0.3 8.92111 2.94536
0.35 8.92052 2.9448
0.4 8.91985 2.94416
0.45 8.91909 2.94343
0.5 8.91823 2.94261
0.55 8.91729 2.94171
0.6 8.91625 2.94072
0.65 8.91513 2.93964
0.7 8.91391 2.93848
0.75 8.9126 2.93724
0.8 8.91119 2.93591
0.85 8.90969 2.93449
0.9 8.9081 2.93299
0.95 8.90642 2.9314
1 8.90464 2.92972
1.05 8.90276 2.92796
1.1 8.90079 2.92612
1.15 8.89872 2.92419
1.2 8.89656 2.92218
1.25 8.8943 2.92008
1.3 8.89194 2.91789
1.35 8.88948 2.91562
1.4 8.88692 2.91327
1.45 8.88426 2.91083
1.5 8.8815 2.9083
1.55 8.87863 2.90569
1.6 8.87567 2.903
1.65 8.8726 2.90022
1.7 8.86942 2.89736
1.75 8.86614 2.89441
1.8 8.86275 2.89138
1.85 8.85926 2.88827
1.9 8.85566 2.88507
1.95 8.85194 2.88179
2 8.84812 2.87842
2.05 8.84419 2.87498
2.1 8.84014 2.87144
2.15 8.83598 2.86783
2.2 8.83171 2.86413
2.25 8.82732 2.86035
2.3 8.82281 2.85649
2.35 8.81818 2.85254
2.4 8.81344 2.84852
2.45 8.80858 2.84441
2.5 8.80359 2.84021
2.55 8.79848 2.83594
2.6 8.79325 2.83159
2.65 8.7879 2.82715
2.7 8.78241 2.82263
2.75 8.7768 2.81804
2.8 8.77106 2.81336
2.85 8.7652 2.8086
2.9 8.7592 2.80376
2.95 8.75307 2.79884
3 8.7468 2.79384
3.05 8.7404 2.78876
3.1 8.73387 2.7836
3.15 8.72719 2.77836
3.2 8.72038 2.77305
3.25 8.71343 2.76765
3.3 8.70634 2.76218
3.35 8.6991 2.75663
3.4 8.69172 2.751
3.45 8.6842 2.7453
3.5 8.67653 2.73951
3.55 8.66871 2.73365
3.6 8.66074 2.72772
3.65 8.65262 2.7217
3.7 8.64435 2.71562
3.75 8.63593 2.70945
3.8 8.62735 2.70321
3.85 8.61862 2.6969
3.9 8.60973 2.69051
3.95 8.60068 2.68405
4 8.59147 2.67751
4.05 8.58211 2.6709
4.1 8.57258 2.66422
4.15 8.56288 2.65746
4.2 8.55302 2.65063
4.25 8.543 2.64373
4.3 8.53281 2.63676
4.35 8.52245 2.62972
4.4 8.51193 2.62261
4.45 8.50123 2.61542
4.5 8.49036 2.60817
4.55 8.47932 2.60085
4.6 8.4681 2.59345
4.65 8.45671 2.58599
4.7 8.44514 2.57847
4.75 8.43339 2.57087
4.8 8.42147 2.56321
4.85 8.40937 2.55548
4.9 8.39709 2.54768
4.95 8.38462 2.53982
5 8.37197 2.53189
5.05 8.35914 2.5239
5.1 8.34613 2.51585
5.15 8.33293 2.50773
5.2 8.31954 2.49955
5.25 8.30596 2.4913
5.3 8.2922 2.483
5.35 8.27825 2.47463
5.4 8.26411 2.4662
5.45 8.24978 2.45772
5.5 8.23526 2.44917
5.55 8.22054 2.44056
5.6 8.20563 2.4319
5.65 8.19053 2.42317
5.7 8.17524 2.41439
5.75 8.15975 2.40556
5.8 8.14406 2.39666
5.85 8.12818 2.38771
5.9 8.1121 2.37871
5.95 8.09583 2.36966
6 8.07936 2.36055
6.05 8.06269 2.35138
6.1 8.04582 2.34217
6.15 8.02875 2.3329
6.2 8.01149 2.32359
6.25 7.99402 2.31422
6.3 7.97636 2.3048
6.35 7.95849 2.29534
6.4 7.94043 2.28583
6.45 7.92216 2.27627
6.5 7.9037 2.26666
6.55 7.88503 2.25701
6.6 7.86616 2.24732
6.65 7.8471 2.23758
6.7 7.82783 2.2278
6.75 7.80836 2.21797
6.8 7.78869 2.2081
6.85 7.76882 2.1982
6.9 7.74875 2.18825
6.95 7.72849 2.17826
7 7.70802 2.16824
7.05 7.68735 2.15817
7.1 7.66648 2.14807
7.15 7.64542 2.13794
7.2 7.62415 2.12776
7.25 7.60269 2.11756
7.3 7.58103 2.10732
7.35 7.55917 2.09705
7.4 7.53712 2.08674
7.45 7.51487 2.07641
7.5 7.49242 2.06604
7.55 7.46979 2.05565
7.6 7.44695 2.04523
7.65 7.42393 2.03478
7.7 7.40071 2.0243
7.75 7.3773 2.0138
7.8 7.3537 2.00328
7.85 7.32991 1.99273
7.9 7.30593 1.98215
7.95 7.28176 1.97156
8 7.25741 1.96094
8.05 7.23287 1.95031
8.1 7.20815 1.93965
8.15 7.18324 1.92898
8.2 7.15815 1.91829
8.25 7.13288 1.90758
8.3 7.10743 1.89686
8.35 7.0818 1.88612
8.4 7.056 1.87537
8.45 7.03002 1.86461
8.5 7.00386 1.85383
8.55 6.97753 1.84305
8.6 6.95104 1.83225
8.65 6.92437 1.82145
8.7 6.89753 1.81064
8.75 6.87053 1.79982
8.8 6.84336 1.789
8.85 6.81603 1.77817
8.9 6.78854 1.76733
8.95 6.76089 1.7565
9 6.73308 1.74566
9.05 6.70511 1.73482
9.1 6.67699 1.72399
9.15 6.64872 1.71315
9.2 6.6203 1.70232
9.25 6.59173 1.69149
9.3 6.56301 1.68066
9.35 6.53415 1.66984
9.4 6.50514 1.65902
9.45 6.476 1.64821
9.5 6.44672 1.63741
9.55 6.4173 1.62662
9.6 6.38775 1.61584
9.65 6.35807 1.60507
9.7 6.32826 1.59431
9.75 6.29833 1.58356
9.8 6.26826 1.57283
9.85 6.23808 1.56211
9.9 6.20778 1.55141
9.95 6.17736 1.54073
10 6.14682 1.53006
10.05 6.11618 1.51942
10.1 6.08542 1.50879
10.15 6.05456 1.49818
10.2 6.02359 1.4876
10.25 5.99252 1.47703
10.3 5.96135 1.4665
10.35 5.93008 1.45598
10.4 5.89872 1.44549
10.45 5.86726 1.43503
10.5 5.83572 1.4246
10.55 5.80409 1.41419
10.6 5.77238 1.40381
10.65 5.74059 1.39347
10.7 5.70872 1.38315
10.75 5.67677 1.37287
10.8 5.64475 1.36262
10.85 5.61266 1.3524
10.9 5.58051 1.34222
10.95 5.54829 1.33207
11 5.51601 1.32196
11.05 5.48367 1.31189
11.1 5.45127 1.30185
11.15 5.41883 1.29186
11.2 5.38633 1.2819
11.25 5.35379 1.27199
11.3 5.3212 1.26211
11.35 5.28857 1.25228
11.4 5.2559 1.2425
11.45 5.2232 1.23275
11.5 5.19047 1.22305
11.55 5.1577 1.2134
11.6 5.12492 1.2038
11.65 5.0921 1.19424
11.7 5.05927 1.18473
11.75 5.02642 1.17526
11.8 4.99356 1.16585
11.85 4.96068 1.15649
11.9 4.9278 1.14718
11.95 4.89491 1.13792
12 4.86201 1.12871
12.05 4.82912 1.11956
12.1 4.79623 1.11046
12.15 4.76335 1.10141
12.2 4.73048 1.09242
12.25 4.69762 1.08349
12.3 4.66477 1.07461
12.35 4.63195 1.06579
12.4 4.59914 1.05703
12.45 4.56636 1.04832
12.5 4.53361 1.03968
12.55 4.50088 1.03109
12.6 4.46819 1.02257
12.65 4.43554 1.0141
12.7 4.40292 1.0057
12.75 4.37034 0.997355
12.8 4.33781 0.989075
12.85 4.30533 0.980858
12.9 4.2729 0.972704
12.95 4.24051 0.964615
13 4.20819 0.956589
13.05 4.17592 0.948628
13.1 4.14372 0.940733
13.15 4.11157 0.932903
13.2 4.0795 0.925139
13.25 4.04749 0.917442
13.3 4.01556 0.909811
13.35 3.9837 0.902248
13.4 3.95192 0.894753
13.45 3.92022 0.887325
13.5 3.8886 0.879966
13.55 3.85707 0.872675
13.6 3.82562 0.865453
13.65 3.79426 0.858301
13.7 3.763 0.851218
13.75 3.73183 0.844205
13.8 3.70076 0.837262
13.85 3.66979 0.830389
13.9 3.63893 0.823587
13.95 3.60817 0.816855
14 3.57751 0.810194
14.05 3.54697 0.803605
14.1 3.51653 0.797087
14.15 3.48622 0.79064
14.2 3.45601 0.784265
14.25 3.42593 0.777961
14.3 3.39597 0.771729
14.35 3.36613 0.76557
14.4 3.33641 0.759482
14.45 3.30683 0.753466
14.5 3.27737 0.747522
14.55 3.24804 0.74165
14.6 3.21885 0.735851
14.65 3.18979 0.730124
14.7 3.16087 0.724468
14.75 3.13209 0.718885
14.8 3.10345 0.713374
14.85 3.07495 0.707935
14.9 3.04659 0.702568
14.95 3.01839 0.697273
15 2.99033 0.69205
15.05 2.96242 0.686898
15.1 2.93466 0.681818
15.15 2.90705 0.676809
15.2 2.8796 0.671872
15.25 2.8523 0.667006
15.3 2.82517 0.66221
15.35 2.79819 0.657485
15.4 2.77137 0.652831
15.45 2.74471 0.648247
15.5 2.71821 0.643733
15.55 2.69188 0.639289
15.6 2.66572 0.634914
15.65 2.63972 0.630609
15.7 2.61389 0.626373
15.75 2.58823 0.622205
15.8 2.56274 0.618106
15.85 2.53742 0.614074
15.9 2.51227 0.61011
15.95 2.48729 0.606214
16 2.46249 0.602385
16.05 2.43787 0.598622
16.1 2.41342 0.594925
16.15 2.38914 0.591294
16.2 2.36505 0.587728
16.25 2.34113 0.584228
16.3 2.31739 0.580791
16.35 2.29383 0.577419
16.4 2.27045 0.574111
16.45 2.24725 0.570865
16.5 2.22424 0.567682
16.55 2.2014 0.564561
16.6 2.17875 0.561502
16.65 2.15628 0.558503
16.7 2.13399 0.555565
16.75 2.11189 0.552688
16.8 2.08997 0.549869
16.85 2.06823 0.54711
16.9 2.04668 0.544409
16.95 2.02531 0.541765
17 2.00413 0.539179
17.05 1.98314 0.536649
17.1 1.96232 0.534175
17.15 1.9417 0.531756
17.2 1.92125 0.529392
17.25 1.901 0.527082
17.3 1.88092 0.524825
17.35 1.86103 0.522621
17.4 1.84133 0.52047
17.45 1.82181 0.518369
17.5 1.80248 0.516319
17.55 1.78333 0.51432
17.6 1.76436 0.512369
17.65 1.74558 0.510468
17.7 1.72698 0.508614
17.75 1.70856 0.506807
17.8 1.69032 0.505047
17.85 1.67227 0.503333
17.9 1.6544 0.501664
17.95 1.63671 0.500039
18 1.61919 0.498457
18.05 1.60186 0.496919
18.1 1.58471 0.495422
18.15 1.56774 0.493967
18.2 1.55094 0.492553
18.25 1.53432 0.491178
18.3 1.51788 0.489842
18.35 1.50161 0.488545
18.4 1.48552 0.487285
18.45 1.46961 0.486062
18.5 1.45386 0.484875
18.55 1.43829 0.483722
18.6 1.42289 0.482605
18.65 1.40766 0.48152
18.7 1.3926 0.480469
18.75 1.37771 0.479449
18.8 1.36299 0.478461
18.85 1.34843 0.477503
18.9 1.33404 0.476575
18.95 1.31982 0.475675
19 1.30575 0.474804
19.05 1.29185 0.473959
19.1 1.27812 0.473141
19.15 1.26454 0.472349
19.2 1.25112 0.471581
19.25 1.23786 0.470838
19.3 1.22475 0.470117
19.35 1.2118 0.469419
19.4 1.19901 0.468743
19.45 1.18637 0.468087
19.5 1.17388 0.467451
19.55 1.16154 0.466835
19.6 1.14935 0.466236
19.65 1.1373 0.465656
19.7 1.12541 0.465092
19.75 1.11366 0.464545
19.8 1.10205 0.464012
19.85 1.09058 0.463494
19.9 1.07926 0.46299
19.95 1.06808 0.462499
20 1.05703 0.46202
20.05 1.04612 0.461552
20.1 1.03534 0.461095
20.15 1.0247 0.460648
20.2 1.0142 0.46021
20.25 1.00382 0.45978
20.3 0.993571 0.459358
20.35 0.983452 0.458943
20.4 0.973458 0.458534
20.45 0.96359 0.458131
20.5 0.953846 0.457732
20.55 0.944223 0.457337
20.6 0.934721 0.456946
20.65 0.925338 0.456557
20.7 0.916073 0.45617
20.75 0.906923 0.455785
20.8 0.897888 0.4554
20.85 0.888966 0.455014
20.9 0.880156 0.454628
20.95 0.871455 0.454241
21 0.862863 0.453851
21.05 0.854377 0.453459
21.1 0.845997 0.453063
21.15 0.837721 0.452663
21.2 0.829547 0.452259
21.25 0.821474 0.451849
21.3 0.8135 0.451434
21.35 0.805623 0.451011
21.4 0.797843 0.450582
21.45 0.790158 0.450145
21.5 0.782566 0.4497
21.55 0.775066 0.449247
21.6 0.767656 0.448784
21.65 0.760334 0.448311
21.7 0.7531 0.447827
21.75 0.745952 0.447333
21.8 0.738888 0.446827
21.85 0.731907 0.446309
21.9 0.725007 0.445779
21.95 0.718188 0.445236
22 0.711447 0.44468
22.05 0.704783 0.444109
22.1 0.698194 0.443525
22.15 0.69168 0.442925
22.2 0.685239 0.44231
22.25 0.67887 0.44168
22.3 0.67257 0.441034
22.35 0.66634 0.440371
22.4 0.660177 0.439691
22.45 0.65408 0.438994
22.5 0.648047 0.43828
22.55 0.642078 0.437547
22.6 0.636172 0.436797
22.65 0.630326 0.436027
22.7 0.62454 0.435239
22.75 0.618812 0.434431
22.8 0.613141 0.433604
22.85 0.607526 0.432756
22.9 0.601966 0.431889
22.95 0.596459 0.431001
23 0.591005 0.430093
23.05 0.585601 0.429163
23.1 0.580248 0.428212
23.15 0.574943 0.42724
23.2 0.569686 0.426246
23.25 0.564476 0.425231
23.3 0.559311 0.424193
23.35 0.554191 0.423133
23.4 0.549114 0.422051
23.45 0.544079 0.420946
23.5 0.539085 0.419818
23.55 0.534132 0.418668
23.6 0.529218 0.417494
23.65 0.524343 0.416297
23.7 0.519504 0.415077
23.75 0.514703 0.413834
23.8 0.509937 0.412568
23.85 0.505205 0.411278
23.9 0.500507 0.409964
23.95 0.495843 0.408627
24 0.49121 0.407266
24.05 0.486608 0.405882
24.1 0.482037 0.404474
24.15 0.477496 0.403042
24.2 0.472983 0.401587
24.25 0.468499 0.400107
24.3 0.464042 0.398605
24.35 0.459611 0.397078
24.4 0.455207 0.395528
24.45 0.450828 0.393955
24.5 0.446474 0.392358
24.55 0.442143 0.390737
24.6 0.437836 0.389094
24.65 0.433552 0.387427
24.7 0.42929 0.385737
24.75 0.42505 0.384024
24.8 0.420831 0.382288
24.85 0.416632 0.380529
24.9 0.412454 0.378748
24.95 0.408295 0.376944
25 0.404155 0.375118
25.05 0.400034 0.37327
25.1 0.395931 0.3714
25.15 0.391846 0.369508
25.2 0.387779 0.367594
25.25 0.383728 0.36566
25.3 0.379694 0.363703
25.35 0.375676 0.361726
25.4 0.371675 0.359729
25.45 0.367689 0.35771
25.5 0.363718 0.355672
25.55 0.359762 0.353613
25.6 0.355822 0.351535
25.65 0.351896 0.349437
25.7 0.347984 0.34732
25.75 0.344086 0.345184
25.8 0.340202 0.343029
25.85 0.336332 0.340856
25.9 0.332476 0.338665
25.95 0.328633 0.336456
26 0.324803 0.334229
26.05 0.320987 0.331986
26.1 0.317183 0.329725
26.15 0.313393 0.327448
26.2 0.309615 0.325155
26.25 0.30585 0.322846
26.3 0.302098 0.320522
26.35 0.298359 0.318182
26.4 0.294632 0.315828
26.45 0.290918 0.313459
26.5 0.287217 0.311076
26.55 0.283529 0.30868
26.6 0.279853 0.30627
26.65 0.27619 0.303847
26.7 0.27254 0.301412
26.75 0.268902 0.298965
26.8 0.265278 0.296506
26.85 0.261667 0.294035
26.9 0.258068 0.291553
26.95 0.254483 0.289061
27 0.250912 0.286559
27.05 0.247353 0.284047
27.1 0.243809 0.281525
27.15 0.240278 0.278995
27.2 0.236761 0.276456
27.25 0.233258 0.273909
27.3 0.229769 0.271354
27.35 0.226294 0.268792
27.4 0.222835 0.266223
27.45 0.21939 0.263648
27.5 0.215959 0.261066
27.55 0.212545 0.258479
27.6 0.209145 0.255887
27.65 0.205761 0.25329
27.7 0.202393 0.250689
27.75 0.199041 0.248084
27.8 0.195705 0.245475
27.85 0.192386 0.242864
27.9 0.189083 0.240249
27.95 0.185798 0.237633
28 0.182529 0.235015
28.05 0.179279 0.232396
28.1 0.176046 0.229775
28.15 0.172831 0.227155
28.2 0.169634 0.224534
28.25 0.166457 0.221914
28.3 0.163298 0.219294
28.35 0.160158 0.216676
28.4 0.157037 0.214059
28.45 0.153937 0.211445
28.5 0.150856 0.208833
28.55 0.147795 0.206224
28.6 0.144755 0.203619
28.65 0.141736 0.201017
28.7 0.138739 0.198419
28.75 0.135762 0.195826
28.8 0.132807 0.193238
28.85 0.129875 0.190655
28.9 0.126964 0.188078
28.95 0.124076 0.185508
29 0.121211 0.182944
29.05 0.118369 0.180386
29.1 0.11555 0.177837
29.15 0.112755 0.175295
29.2 0.109984 0.172761
29.25 0.107238 0.170236
29.3 0.104516 0.167719
29.35 0.101818 0.165212
29.4 0.0991456 0.162714
29.45 0.0964985 0.160227
29.5 0.0938769 0.15775
29.55 0.0912811 0.155283
29.6 0.0887113 0.152828
29.65 0.0861679 0.150384
29.7 0.083651 0.147952
29.75 0.0811608 0.145531
29.8 0.0786977 0.143123
29.85 0.0762619 0.140728
29.9 0.0738535 0.138346
29.95 0.0714728 0.135978
30 0.0691199 0.133623
30.05 0.0667952 0.131282
30.1 0.0644988 0.128955
30.15 0.0622309 0.126643
30.2 0.0599917 0.124346
30.25 0.0577814 0.122063
30.3 0.0556001 0.119797
30.35 0.053448 0.117546
30.4 0.0513253 0.115311
30.45 0.0492322 0.113092
30.5 0.0471688 0.11089
30.55 0.0451352 0.108704
30.6 0.0431316 0.106536
30.65 0.0411581 0.104384
30.7 0.0392149 0.102251
30.75 0.037302 0.100134
30.8 0.0354195 0.0980361
30.85 0.0335676 0.0959559
30.9 0.0317464 0.0938941
30.95 0.0299559 0.0918508
31 0.0281962 0.0898262
31.05 0.0264673 0.0878206
31.1 0.0247695 0.085834
31.15 0.0231026 0.0838667
31.2 0.0214668 0.0819189
31.25 0.019862 0.0799907
31.3 0.0182884 0.0780822
31.35 0.0167459 0.0761937
31.4 0.0152346 0.0743252
31.45 0.0137544 0.0724769
31.5 0.0123053 0.070649
31.55 0.0108874 0.0688415
31.6 0.00950065 0.0670546
31.65 0.00814496 0.0652884
31.7 0.00682033 0.063543
31.75 0.00552671 0.0618185
31.8 0.00426405 0.060115
31.85 0.00303229 0.0584327
31.9 0.00183136 0.0567714
31.95 0.000661191 0.0551314
32 -0.000478312 0.0535128
32.05 -0.00158724 0.0519155
32.1 -0.00266569 0.0503396
32.15 -0.00371378 0.0487853
32.2 -0.00473162 0.0472524
32.25 -0.00571934 0.0457412
32.3 -0.00667706 0.0442515
32.35 -0.00760494 0.0427835
32.4 -0.00850313 0.0413371
32.45 -0.00937177 0.0399124
32.5 -0.010211 0.0385093
32.55 -0.0110211 0.0371279
32.6 -0.0118021 0.0357682
32.65 -0.0125543 0.0344302
32.7 -0.0132779 0.0331138
32.75 -0.013973 0.031819
32.8 -0.0146399 0.0305458
32.85 -0.0152787 0.0292942
32.9 -0.0158898 0.0280642
32.95 -0.0164733 0.0268556
33 -0.0170295 0.0256684
33.05 -0.0175586 0.0245026
33.1 -0.0180609 0.0233582
33.15 -0.0185366 0.022235
33.2 -0.018986 0.021133
33.25 -0.0194093 0.0200521
33.3 -0.0198069 0.0189923
33.35 -0.020179 0.0179534
33.4 -0.0205259 0.0169354
33.45 -0.0208479 0.0159381
33.5 -0.0211453 0.0149615
33.55 -0.0214184 0.0140054
33.6 -0.0216675 0.0130699
33.65 -0.0218929 0.0121546
33.7 -0.022095 0.0112596
33.75 -0.0222741 0.0103847
33.8 -0.0224304 0.00952972
33.85 -0.0225644 0.00869462
33.9 -0.0226764 0.00787923
33.95 -0.0227667 0.0070834
34 -0.0228356 0.006307
34.05 -0.0228836 0.00554988
34.1 -0.0229109 0.0048119
34.15 -0.022918 0.00409288
34.2 -0.0229052 0.00339269
34.25 -0.0228728 0.00271115
34.3 -0.0228213 0.0020481
34.35 -0.022751 0.00140337
34.4 -0.0226622 0.0007768
34.45 -0.0225554 0.000168203
34.5 -0.022431 -0.000422596
34.55 -0.0222892 -0.000995776
34.6 -0.0221306 -0.00155152
34.65 -0.0219555 -0.00209002
34.7 -0.0217643 -0.00261146
34.75 -0.0215573 -0.00311603
34.8 -0.021335 -0.00360393
34.85 -0.0210978 -0.00407535
34.9 -0.020846 -0.0045305
34.95 -0.0205801 -0.00496957
35 -0.0203005 -0.00539277
35.05 -0.0200075 -0.00580031
35.1 -0.0197016 -0.00619238
35.15 -0.0193831 -0.00656921
35.2 -0.0190525 -0.006931
35.25 -0.0187101 -0.00727797
35.3 -0.0183564 -0.00761032
35.35 -0.0179917 -0.00792828
35.4 -0.0176165 -0.00823207
35.45 -0.0172312 -0.00852189
35.5 -0.0168361 -0.00879799
35.55 -0.0164317 -0.00906056
35.6 -0.0160183 -0.00930984
35.65 -0.0155964 -0.00954605
35.7 -0.0151663 -0.00976941
35.75 -0.0147284 -0.00998015
35.8 -0.0142832 -0.0101785
35.85 -0.013831 -0.0103647
35.9 -0.0133722 -0.0105389
35.95 -0.0129071 -0.0107014
36 -0.0124363 -0.0108524
36.05 -0.01196 -0.0109922
36.1 -0.0114786 -0.0111209
36.15 -0.0109926 -0.0112388
36.2 -0.0105022 -0.0113462
36.25 -0.0100079 -0.0114432
36.3 -0.00950998 -0.01153
36.35 -0.00900887 -0.011607
36.4 -0.0085049 -0.0116743
36.45 -0.00799844 -0.0117322
36.5 -0.00748984 -0.0117808
36.55 -0.00697946 -0.0118205
36.6 -0.00646763 -0.0118514
36.65 -0.0059547 -0.0118737
36.7 -0.00544101 -0.0118877
36.75 -0.0049269 -0.0118937
36.8 -0.00441269 -0.0118917
36.85 -0.00389872 -0.0118821
36.9 -0.0033853 -0.0118651
36.95 -0.00287275 -0.0118409
37 -0.00236139 -0.0118096
37.05 -0.00185152 -0.0117716
37.1 -0.00134345 -0.011727
37.15 -0.000837472 -0.011676
37.2 -0.000333886 -0.0116189
37.25 0.000167023 -0.0115558
37.3 0.000664971 -0.0114871
37.35 0.00115968 -0.0114128
37.4 0.00165088 -0.0113332
37.45 0.00213829 -0.0112484
37.5 0.00262167 -0.0111588
37.55 0.00310075 -0.0110644
37.6 0.00357528 -0.0109656
37.65 0.00404502 -0.0108624
37.7 0.00450973 -0.0107551
37.75 0.00496917 -0.0106438
37.8 0.00542312 -0.0105288
37.85 0.00587135 -0.0104102
37.9 0.00631364 -0.0102883
37.95 0.0067498 -0.0101631
38 0.00717961 -0.010035
38.05 0.00760288 -0.00990399
38.1 0.00801941 -0.00977034
38.15 0.00842901 -0.00963419
38.2 0.00883152 -0.00949572
38.25 0.00922675 -0.00935511
38.3 0.00961454 -0.0092125
38.35 0.00999472 -0.00906807
38.4 0.0103671 -0.00892197
38.45 0.0107317 -0.00877437
38.5 0.0110881 -0.00862541
38.55 0.0114364 -0.00847525
38.6 0.0117764 -0.00832404
38.65 0.0121079 -0.00817192
38.7 0.0124309 -0.00801904
38.75 0.0127451 -0.00786554
38.8 0.0130507 -0.00771155
38.85 0.0133473 -0.00755722
38.9 0.013635 -0.00740267
38.95 0.0139136 -0.00724803
39 0.0141831 -0.00709343
39.05 0.0144434 -0.006939
39.1 0.0146944 -0.00678485
39.15 0.014936 -0.0066311
39.2 0.0151683 -0.00647787
39.25 0.0153911 -0.00632528
39.3 0.0156045 -0.00617341
39.35 0.0158083 -0.0060224
39.4 0.0160025 -0.00587233
39.45 0.0161872 -0.00572331
39.5 0.0163622 -0.00557544
39.55 0.0165276 -0.00542881
39.6 0.0166834 -0.00528351
39.65 0.0168296 -0.00513964
39.7 0.0169661 -0.00499727
39.75 0.017093 -0.00485649
39.8 0.0172103 -0.00471738
39.85 0.017318 -0.00458002
39.9 0.0174161 -0.00444448
39.95 0.0175047 -0.00431084
40 0.0175837 -0.00417916
40.05 0.0176533 -0.0040495
40.1 0.0177135 -0.00392194
40.15 0.0177643 -0.00379653
40.2 0.0178057 -0.00367332
40.25 0.017838 -0.00355238
40.3 0.017861 -0.00343375
40.35 0.0178749 -0.00331749
40.4 0.0178797 -0.00320363
40.45 0.0178755 -0.00309223
40.5 0.0178625 -0.00298333
40.55 0.0178406 -0.00287695
40.6 0.01781 -0.00277315
40.65 0.0177708 -0.00267195
40.7 0.0177231 -0.00257338
40.75 0.0176669 -0.00247748
40.8 0.0176024 -0.00238425
40.85 0.0175297 -0.00229374
40.9 0.0174489 -0.00220596
40.95 0.0173602 -0.00212093
41 0.0172635 -0.00203866
41.05 0.0171592 -0.00195917
41.1 0.0170472 -0.00188247
41.15 0.0169278 -0.00180857
41.2 0.016801 -0.00173747
41.25 0.016667 -0.00166918
41.3 0.016526 -0.0016037
41.35 0.016378 -0.00154104
41.4 0.0162233 -0.00148118
41.45 0.0160619 -0.00142413
41.5 0.015894 -0.00136988
41.55 0.0157198 -0.00131842
41.6 0.0155394 -0.00126974
41.65 0.0153531 -0.00122384
41.7 0.0151608 -0.00118068
41.75 0.0149629 -0.00114027
41.8 0.0147594 -0.00110258
41.85 0.0145505 -0.0010676
41.9 0.0143365 -0.0010353
41.95 0.0141174 -0.00100566
42 0.0138934 -0.00097865
42.05 0.0136647 -0.000954255
42.1 0.0134315 -0.000932443
42.15 0.0131939 -0.000913186
42.2 0.0129521 -0.000896453
42.25 0.0127063 -0.000882213
42.3 0.0124567 -0.000870433
42.35 0.0122033 -0.000861078
42.4 0.0119465 -0.000854113
42.45 0.0116864 -0.000849501
42.5 0.0114231 -0.000847203
42.55 0.0111569 -0.000847182
42.6 0.0108879 -0.000849396
42.65 0.0106162 -0.000853804
42.7 0.0103422 -0.000860365
42.75 0.0100658 -0.000869033
42.8 0.00978739 -0.000879766
42.85 0.00950705 -0.000892518
42.9 0.00922496 -0.000907243
42.95 0.00894131 -0.000923895
43 0.00865627 -0.000942425
43.05 0.00837001 -0.000962786
43.1 0.0080827 -0.000984928
43.15 0.00779451 -0.0010088
43.2 0.00750562 -0.00103436
43.25 0.00721619 -0.00106154
43.3 0.00692638 -0.00109031
43.35 0.00663637 -0.00112061
43.4 0.00634632 -0.00115238
43.45 0.00605639 -0.00118557
43.5 0.00576675 -0.00122014
43.55 0.00547755 -0.00125602
43.6 0.00518895 -0.00129317
43.65 0.0049011 -0.00133153
43.7 0.00461417 -0.00137104
43.75 0.00432831 -0.00141166
43.8 0.00404366 -0.00145333
43.85 0.00376038 -0.00149599
43.9 0.00347861 -0.00153959
43.95 0.0031985 -0.00158408
44 0.00292018 -0.0016294
44.05 0.0026438 -0.0016755
44.1 0.0023695 -0.00172232
44.15 0.00209741 -0.00176981
44.2 0.00182766 -0.00181792
44.25 0.00156039 -0.0018666
44.3 0.00129571 -0.00191578
44.35 0.00103376 -0.00196542
44.4 0.00077466 -0.00201547
44.45 0.000518525 -0.00206587
44.5 0.000265473 -0.00211657
44.55 1.56189e-05 -0.00216752
44.6 -0.000230928 -0.00221866
44.65 -0.000474058 -0.00226996
44.7 -0.000713668 -0.00232135
44.75 -0.000949654 -0.00237279
44.8 -0.00118192 -0.00242424
44.85 -0.00141036 -0.00247563
44.9 -0.0016349 -0.00252692
44.95 -0.00185543 -0.00257807
45 -0.00207188 -0.00262903
45.05 -0.00228415 -0.00267975
45.1 -0.00249218 -0.00273019
45.15 -0.00269587 -0.0027803
45.2 -0.00289516 -0.00283004
45.25 -0.00308998 -0.00287937
45.3 -0.00328026 -0.00292824
45.35 -0.00346593 -0.00297662
45.4 -0.00364693 -0.00302445
45.45 -0.00382321 -0.00307171
45.5 -0.00399471 -0.00311835
45.55 -0.00416138 -0.00316434
45.6 -0.00432317 -0.00320963
45.65 -0.00448004 -0.00325419
45.7 -0.00463195 -0.00329799
45.75 -0.00477885 -0.00334099
45.8 -0.00492071 -0.00338316
45.85 -0.0050575 -0.00342446
45.9 -0.0051892 -0.00346486
45.95 -0.00531577 -0.00350434
46 -0.0054372 -0.00354285
46.05 -0.00555346 -0.00358038
46.1 -0.00566455 -0.0036169
46.15 -0.00577044 -0.00365237
46.2 -0.00587113 -0.00368677
46.25 -0.00596662 -0.00372009
46.3 -0.00605689 -0.00375228
46.35 -0.00614195 -0.00378334
46.4 -0.00622181 -0.00381323
46.45 -0.00629647 -0.00384194
46.5 -0.00636593 -0.00386945
46.55 -0.00643022 -0.00389574
46.6 -0.00648934 -0.00392079
46.65 -0.00654331 -0.00394459
46.7 -0.00659216 -0.00396711
46.75 -0.00663591 -0.00398835
46.8 -0.00667458 -0.00400829
46.85 -0.00670821 -0.00402692
46.9 -0.00673682 -0.00404422
46.95 -0.00676045 -0.00406019
47 -0.00677914 -0.00407482
47.05 -0.00679293 -0.0040881
47.1 -0.00680186 -0.00410001
47.15 -0.00680598 -0.00411056
47.2 -0.00680532 -0.00411974
47.25 -0.00679996 -0.00412755
47.3 -0.00678992 -0.00413397
47.35 -0.00677528 -0.00413901
47.4 -0.00675608 -0.00414267
47.45 -0.00673239 -0.00414495
47.5 -0.00670427 -0.00414584
47.55 -0.00667177 -0.00414535
47.6 -0.00663497 -0.00414348
47.65 -0.00659393 -0.00414023
47.7 -0.00654873 -0.00413561
47.75 -0.00649943 -0.00412963
47.8 -0.0064461 -0.00412228
47.85 -0.00638883 -0.00411357
47.9 -0.00632768 -0.00410352
47.95 -0.00626274 -0.00409213
48 -0.00619408 -0.00407941
48.05 -0.00612179 -0.00406537
48.1 -0.00604595 -0.00405002
48.15 -0.00596664 -0.00403337
48.2 -0.00588395 -0.00401544
48.25 -0.00579797 -0.00399623
48.3 -0.00570878 -0.00397577
48.35 -0.00561647 -0.00395407
48.4 -0.00552113 -0.00393114
48.45 -0.00542286 -0.003907
48.5 -0.00532174 -0.00388166
48.55 -0.00521787 -0.00385515
48.6 -0.00511135 -0.00382747
48.65 -0.00500227 -0.00379866
48.7 -0.00489071 -0.00376872
48.75 -0.00477679 -0.00373769
48.8 -0.0046606 -0.00370557
48.85 -0.00454223 -0.0036724
48.9 -0.00442178 -0.00363819
48.95 -0.00429935 -0.00360296
49 -0.00417504 -0.00356674
49.05 -0.00404895 -0.00352954
49.1 -0.00392117 -0.00349141
49.15 -0.00379182 -0.00345235
49.2 -0.00366097 -0.00341239
49.25 -0.00352874 -0.00337156
49.3 -0.00339523 -0.00332988
49.35 -0.00326053 -0.00328737
49.4 -0.00312474 -0.00324407
49.45 -0.00298797 -0.00320001
49.5 -0.00285031 -0.00315519
49.55 -0.00271185 -0.00310966
49.6 -0.0025727 -0.00306344
49.65 -0.00243296 -0.00301656
49.7 -0.00229273 -0.00296904
49.75 -0.00215209 -0.00292092
49.8 -0.00201114 -0.00287221
49.85 -0.00186999 -0.00282296
49.9 -0.00172873 -0.00277318
49.95 -0.00158744 -0.0027229
50 -0.00144623 -0.00267216
