-0.498 -0.000141139 -2.80292e-05
-0.496 -0.000559033 -0.000113809
-0.494 -0.00124538 -0.000260131
-0.492 -0.0021919 -0.000470098
-0.49 -0.00339036 -0.000747098
-0.488 -0.0048326 -0.00109477
-0.486 -0.00651062 -0.00151696
-0.484 -0.00841657 -0.00201769
-0.482 -0.0105428 -0.00260113
-0.48 -0.0128819 -0.00327152
-0.478 -0.0154267 -0.00403314
-0.476 -0.0181703 -0.00489031
-0.474 -0.0211061 -0.00584723
-0.472 -0.0242279 -0.00690806
-0.47 -0.0275298 -0.00807676
-0.468 -0.0310061 -0.0093571
-0.466 -0.0346518 -0.0107526
-0.464 -0.0384618 -0.0122664
-0.462 -0.0424318 -0.0139013
-0.46 -0.0465576 -0.0156597
-0.458 -0.0508354 -0.0175436
-0.456 -0.0552618 -0.0195542
-0.454 -0.0598337 -0.0216922
-0.452 -0.0645483 -0.0239579
-0.45 -0.0694032 -0.0263507
-0.448 -0.0743961 -0.0288691
-0.446 -0.0795251 -0.031511
-0.444 -0.0847885 -0.0342736
-0.442 -0.0901847 -0.0371529
-0.44 -0.0957123 -0.0401441
-0.438 -0.10137 -0.0432415
-0.436 -0.107157 -0.0464384
-0.434 -0.113072 -0.0497271
-0.432 -0.119113 -0.0530986
-0.43 -0.12528 -0.0565432
-0.428 -0.131571 -0.06005
-0.426 -0.137984 -0.0636068
-0.424 -0.144519 -0.0672006
-0.422 -0.151173 -0.0708171
-0.42 -0.157944 -0.074441
-0.418 -0.16483 -0.0780559
-0.416 -0.171827 -0.0816443
-0.414 -0.178932 -0.0851876
-0.412 -0.186142 -0.0886665
-0.41 -0.193451 -0.0920602
-0.408 -0.200855 -0.0953474
-0.406 -0.208349 -0.0985056
-0.404 -0.215925 -0.101512
-0.402 -0.223576 -0.104341
-0.4 -0.231295 -0.10697
-0.398 -0.239073 -0.109372
-0.396 -0.246899 -0.111522
-0.394 -0.254764 -0.113392
-0.392 -0.262655 -0.114956
-0.39 -0.270559 -0.116186
-0.388 -0.278464 -0.117054
-0.386 -0.286353 -0.117532
-0.384 -0.29421 -0.117593
-0.382 -0.302019 -0.117207
-0.38 -0.30976 -0.116347
-0.378 -0.317414 -0.114985
-0.376 -0.324959 -0.113093
-0.374 -0.332373 -0.110643
-0.372 -0.339631 -0.107608
-0.37 -0.346708 -0.103962
-0.368 -0.353578 -0.099679
-0.366 -0.360211 -0.0947338
-0.364 -0.366577 -0.0891018
-0.362 -0.372646 -0.0827597
-0.36 -0.378385 -0.0756848
-0.358 -0.383758 -0.0678558
-0.356 -0.388729 -0.0592523
-0.354 -0.393261 -0.0498553
-0.352 -0.397315 -0.0396472
-0.35 -0.400849 -0.0286117
-0.348 -0.403822 -0.016734
-0.346 -0.406189 -0.00400098
-0.344 -0.407905 0.00959882
-0.342 -0.408923 0.0240751
-0.34 -0.409196 0.0394359
-0.338 -0.408674 0.0556871
-0.336 -0.407306 0.0728328
-0.334 -0.405041 0.0908749
-0.332 -0.401827 0.109813
-0.33 -0.397609 0.129646
-0.328 -0.392333 0.150367
-0.326 -0.385946 0.171971
-0.324 -0.378391 0.194448
-0.322 -0.369614 0.217786
-0.32 -0.359559 0.241971
-0.318 -0.348171 0.266987
-0.316 -0.335395 0.292812
-0.314 -0.321178 0.319426
-0.312 -0.305466 0.346803
-0.31 -0.288208 0.374916
-0.308 -0.269353 0.403734
-0.306 -0.248853 0.433225
-0.304 -0.22666 0.463351
-0.302 -0.20273 0.494074
-0.3 -0.177021 0.525353
-0.298 -0.149495 0.557142
-0.296 -0.120114 0.589396
-0.294 -0.0888471 0.622062
-0.292 -0.055664 0.65509
-0.29 -0.0205397 0.688424
-0.288 0.016547 0.722005
-0.286 0.0556133 0.755774
-0.284 0.0966717 0.789668
-0.282 0.13973 0.823623
-0.28 0.184792 0.857571
-0.278 0.231855 0.891444
-0.276 0.280913 0.925171
-0.274 0.331955 0.958681
-0.272 0.384963 0.9919
-0.27 0.439916 1.02475
-0.268 0.496787 1.05717
-0.266 0.555543 1.08907
-0.264 0.616149 1.12037
-0.262 0.678562 1.15101
-0.26 0.742736 1.18091
-0.258 0.80862 1.20999
-0.256 0.876159 1.23817
-0.254 0.945295 1.26538
-0.252 1.01596 1.29156
-0.25 1.0881 1.31663
-0.248 1.16163 1.34052
-0.246 1.23649 1.36316
-0.244 1.31259 1.3845
-0.242 1.38987 1.40448
-0.24 1.46823 1.42303
-0.238 1.54761 1.4401
-0.236 1.62792 1.45565
-0.234 1.70907 1.46963
-0.232 1.79099 1.482
-0.23 1.87358 1.49272
-0.228 1.95677 1.50176
-0.226 2.04048 1.50909
-0.224 2.12461 1.51469
-0.222 2.2091 1.51855
-0.22 2.29386 1.52066
-0.218 2.37882 1.521
-0.216 2.46391 1.51959
-0.214 2.54904 1.51642
-0.212 2.63416 1.51151
-0.21 2.71919 1.50488
-0.208 2.80408 1.49654
-0.206 2.88876 1.48653
-0.204 2.97318 1.47488
-0.202 3.05729 1.46164
-0.2 3.14104 1.44684
-0.198 3.22439 1.43054
-0.196 3.30729 1.4128
-0.194 3.38971 1.39367
-0.192 3.47162 1.37322
-0.19 3.55299 1.35153
-0.188 3.63381 1.32867
-0.186 3.71404 1.30472
-0.184 3.79369 1.27976
-0.182 3.87273 1.25388
-0.18 3.95116 1.22717
-0.178 4.02899 1.19974
-0.176 4.10621 1.17167
-0.174 4.18283 1.14307
-0.172 4.25887 1.11404
-0.17 4.33434 1.08469
-0.168 4.40926 1.05513
-0.166 4.48366 1.02547
-0.164 4.55755 0.995817
-0.162 4.63098 0.96629
-0.16 4.70397 0.937003
-0.158 4.77657 0.908071
-0.156 4.84882 0.87961
-0.154 4.92076 0.851735
-0.152 4.99244 0.824564
-0.15 5.06391 0.798213
-0.148 5.13523 0.772796
-0.146 5.20645 0.748429
-0.144 5.27764 0.725225
-0.142 5.34886 0.703298
-0.14 5.42017 0.682757
-0.138 5.49164 0.663712
-0.136 5.56334 0.646271
-0.134 5.63535 0.630539
-0.132 5.70773 0.616617
-0.13 5.78057 0.604608
-0.128 5.85394 0.594607
-0.126 5.92792 0.586709
-0.124 6.0026 0.581005
-0.122 6.07806 0.577583
-0.12 6.15438 0.576528
-0.118 6.23164 0.577919
-0.116 6.30993 0.581833
-0.114 6.38934 0.588342
-0.112 6.46996 0.597514
-0.11 6.55187 0.609414
-0.108 6.63515 0.6241
-0.106 6.7199 0.641626
-0.104 6.8062 0.662041
-0.102 6.89412 0.68539
-0.1 6.98377 0.711712
-0.098 7.0752 0.741039
-0.096 7.16851 0.773401
-0.094 7.26377 0.808818
-0.092 7.36105 0.847306
-0.09 7.46042 0.888877
-0.088 7.56194 0.933533
-0.086 7.66567 0.981271
-0.084 7.77168 1.03208
-0.082 7.88 1.08595
-0.08 7.99067 1.14285
-0.078 8.10374 1.20275
-0.076 8.21923 1.26562
-0.074 8.33716 1.33141
-0.072 8.45753 1.40006
-0.07 8.58036 1.47152
-0.068 8.70561 1.54572
-0.066 8.83329 1.62257
-0.064 8.96334 1.702
-0.062 9.09573 1.7839
-0.06 9.23039 1.86819
-0.058 9.36725 1.95473
-0.056 9.50623 2.04343
-0.054 9.64722 2.13414
-0.052 9.7901 2.22672
-0.05 9.93474 2.32105
-0.048 10.081 2.41695
-0.046 10.2287 2.51426
-0.044 10.3776 2.61282
-0.042 10.5277 2.71244
-0.04 10.6785 2.81293
-0.038 10.83 2.91411
-0.036 10.9819 3.01575
-0.034 11.1338 3.11766
-0.032 11.2855 3.21962
-0.03 11.4368 3.32139
-0.028 11.5873 3.42276
-0.026 11.7366 3.52348
-0.024 11.8845 3.62333
-0.022 12.0306 3.72204
-0.02 12.1745 3.81938
-0.018 12.3158 3.9151
-0.016 12.4542 4.00895
-0.014 12.5893 4.10068
-0.012 12.7206 4.19003
-0.01 12.8479 4.27676
-0.008 12.9706 4.36062
-0.006 13.0884 4.44137
-0.004 13.2009 4.51876
-0.002 13.3076 4.59257
0 13.4083 4.66255
0.002 13.5024 4.72853
0.004 13.5896 4.79025
0.006 13.6696 4.84752
0.008 13.7421 4.90015
0.01 13.8066 4.94796
0.012 13.8628 4.99077
0.014 13.9106 5.02842
0.016 13.9495 5.06079
0.018 13.9793 5.08773
0.02 13.9997 5.10914
0.022 14.0106 5.12492
0.024 14.0118 5.13499
0.026 14.003 5.13928
0.028 13.9842 5.13774
0.03 13.9553 5.13035
0.032 13.916 5.11709
0.034 13.8665 5.09797
0.036 13.8066 5.073
0.038 13.7363 5.04224
0.04 13.6558 5.00573
0.042 13.5649 4.96354
0.044 13.4639 4.91577
0.046 13.3528 4.86252
0.048 13.2317 4.80392
0.05 13.1009 4.7401
0.052 12.9604 4.67121
0.054 12.8106 4.59741
0.056 12.6516 4.51889
0.058 12.4836 4.43583
0.06 12.3071 4.34844
0.062 12.1222 4.25692
0.064 11.9293 4.1615
0.066 11.7286 4.06242
0.068 11.5207 3.9599
0.07 11.3057 3.8542
0.072 11.084 3.74556
0.074 10.8561 3.63425
0.076 10.6224 3.52052
0.078 10.3832 3.40463
0.08 10.1389 3.28686
0.082 9.88995 3.16747
0.084 9.63678 3.04673
0.086 9.37978 2.92491
0.088 9.11938 2.80226
0.09 8.85599 2.67906
0.092 8.59003 2.55557
0.094 8.32192 2.43204
0.096 8.05206 2.30872
0.098 7.78088 2.18586
0.1 7.50876 2.06371
0.102 7.23612 1.94249
0.104 6.96333 1.82244
0.106 6.69078 1.70377
0.108 6.41885 1.5867
0.11 6.1479 1.47143
0.112 5.87829 1.35815
0.114 5.61036 1.24704
0.116 5.34445 1.1383
0.118 5.08088 1.03206
0.12 4.81996 0.928504
0.122 4.562 0.827762
0.124 4.30728 0.72997
0.126 4.05607 0.635251
0.128 3.80865 0.543717
0.13 3.56525 0.455469
0.132 3.32613 0.370599
0.134 3.09149 0.289184
0.136 2.86155 0.211295
0.138 2.63651 0.136987
0.14 2.41655 0.0663098
0.142 2.20183 -0.000701361
0.144 1.99252 -0.0640197
0.146 1.78877 -0.123629
0.148 1.59069 -0.179523
0.15 1.3984 -0.231704
0.152 1.21202 -0.280186
0.154 1.03163 -0.32499
0.156 0.857302 -0.366147
0.158 0.689113 -0.403695
0.16 0.527111 -0.437681
0.162 0.371338 -0.468162
0.164 0.221823 -0.495198
0.166 0.0785841 -0.518859
0.168 -0.058374 -0.539221
0.17 -0.189056 -0.556366
0.172 -0.31348 -0.570383
0.174 -0.431671 -0.581366
0.176 -0.543669 -0.589412
0.178 -0.649521 -0.594625
0.18 -0.749286 -0.597114
0.182 -0.843031 -0.59699
0.184 -0.930835 -0.594367
0.186 -1.01278 -0.589365
0.188 -1.08897 -0.582104
0.19 -1.15951 -0.572707
0.192 -1.2245 -0.561301
0.194 -1.28406 -0.548011
0.196 -1.33833 -0.532965
0.198 -1.38744 -0.516293
0.2 -1.43153 -0.498124
0.202 -1.47075 -0.478588
0.204 -1.50525 -0.457814
0.206 -1.53519 -0.43593
0.208 -1.56074 -0.413065
0.21 -1.58207 -0.389345
0.212 -1.59935 -0.364897
0.214 -1.61276 -0.339842
0.216 -1.62248 -0.314304
0.218 -1.62869 -0.288401
0.22 -1.63159 -0.26225
0.222 -1.63136 -0.235964
0.224 -1.62818 -0.209655
0.226 -1.62226 -0.18343
0.228 -1.61379 -0.157392
0.23 -1.60295 -0.131641
0.232 -1.58993 -0.106274
0.234 -1.57493 -0.0813821
0.236 -1.55813 -0.0570527
0.238 -1.53972 -0.0333687
0.24 -1.51988 -0.0104084
0.242 -1.49879 0.0117552
0.244 -1.47662 0.0330537
0.246 -1.45354 0.0534241
0.248 -1.42972 0.0728083
0.25 -1.40531 0.091154
0.252 -1.38048 0.108414
0.254 -1.35537 0.124546
0.256 -1.33011 0.139515
0.258 -1.30485 0.153289
0.26 -1.2797 0.165844
0.262 -1.25478 0.177159
0.264 -1.23021 0.18722
0.266 -1.20608 0.196019
0.268 -1.1825 0.203552
0.27 -1.15953 0.209821
0.272 -1.13726 0.214831
0.274 -1.11575 0.218596
0.276 -1.09506 0.221132
0.278 -1.07524 0.222459
0.28 -1.05633 0.222603
0.282 -1.03836 0.221595
0.284 -1.02136 0.219469
0.286 -1.00533 0.216261
0.288 -0.990287 0.212013
0.29 -0.976231 0.20677
0.292 -0.963151 0.20058
0.294 -0.951033 0.193492
0.296 -0.939856 0.185559
0.298 -0.929591 0.176836
0.3 -0.920205 0.167381
0.302 -0.91166 0.157251
0.304 -0.903913 0.146505
0.306 -0.896914 0.135206
0.308 -0.890613 0.123413
0.31 -0.884955 0.111188
0.312 -0.879883 0.0985937
0.314 -0.875335 0.0856911
0.316 -0.87125 0.0725415
0.318 -0.867566 0.0592051
0.32 -0.864218 0.0457415
0.322 -0.861141 0.0322091
0.324 -0.858272 0.0186646
0.326 -0.855546 0.00516333
0.328 -0.852901 -0.0082413
0.33 -0.850275 -0.0214979
0.332 -0.847608 -0.0345572
0.334 -0.844842 -0.0473722
0.336 -0.841921 -0.0598985
0.338 -0.838793 -0.0720941
0.34 -0.835407 -0.0839199
0.342 -0.831715 -0.0953394
0.344 -0.827674 -0.106319
0.346 -0.823244 -0.116827
0.348 -0.818387 -0.126838
0.35 -0.81307 -0.136324
0.352 -0.807264 -0.145265
0.354 -0.800943 -0.153642
0.356 -0.794086 -0.161438
0.358 -0.786674 -0.16864
0.36 -0.778694 -0.175238
0.362 -0.770136 -0.181225
0.364 -0.760993 -0.186595
0.366 -0.751263 -0.191348
0.368 -0.740947 -0.195482
0.37 -0.730049 -0.199002
0.372 -0.718578 -0.201913
0.374 -0.706545 -0.204222
0.376 -0.693963 -0.20594
0.378 -0.680851 -0.207078
0.38 -0.667228 -0.207651
0.382 -0.653118 -0.207675
0.384 -0.638545 -0.207166
0.386 -0.623537 -0.206145
0.388 -0.608123 -0.204631
0.39 -0.592335 -0.202647
0.392 -0.576205 -0.200216
0.394 -0.559768 -0.197361
0.396 -0.54306 -0.194108
0.398 -0.526116 -0.190483
0.4 -0.508974 -0.186512
0.402 -0.491673 -0.182222
0.404 -0.47425 -0.177639
0.406 -0.456744 -0.172793
0.408 -0.439195 -0.167709
0.41 -0.421639 -0.162417
0.412 -0.404116 -0.156942
0.414 -0.386663 -0.151313
0.416 -0.369317 -0.145556
0.418 -0.352114 -0.139697
0.42 -0.33509 -0.133763
0.422 -0.318277 -0.127777
0.424 -0.301709 -0.121766
0.426 -0.285418 -0.115751
0.428 -0.269432 -0.109755
0.43 -0.253781 -0.1038
0.432 -0.23849 -0.0979071
0.434 -0.223586 -0.0920943
0.436 -0.209089 -0.0863803
0.438 -0.195023 -0.0807819
0.44 -0.181405 -0.0753148
0.442 -0.168254 -0.0699933
0.444 -0.155583 -0.0648306
0.446 -0.143407 -0.0598384
0.448 -0.131736 -0.0550271
0.45 -0.12058 -0.0504058
0.452 -0.109945 -0.0459823
0.454 -0.0998371 -0.0417632
0.456 -0.0902591 -0.0377536
0.458 -0.0812123 -0.0339576
0.46 -0.0726962 -0.0303778
0.462 -0.0647084 -0.027016
0.464 -0.0572448 -0.0238725
0.466 -0.0502998 -0.0209468
0.468 -0.043866 -0.0182372
0.47 -0.0379347 -0.0157412
0.472 -0.0324958 -0.0134551
0.474 -0.0275378 -0.0113748
0.476 -0.0230483 -0.00949508
0.478 -0.0190134 -0.00781017
0.48 -0.0154186 -0.00631366
0.482 -0.0122484 -0.00499857
0.484 -0.00948654 -0.00385746
0.486 -0.00711628 -0.00288249
0.488 -0.00512024 -0.0020655
0.49 -0.00348074 -0.00139804
0.492 -0.0021798 -0.000871517
0.494 -0.00119933 -0.000477204
0.496 -0.000521198 -0.000206333
0.498 -0.000127365 -5.01545e-05
0.05 5.55497 1.75798
0.1 5.55497 1.75792
0.15 5.55498 1.75781
0.2 5.55499 1.75767
0.25 5.555 1.75749
0.3 5.55501 1.75726
0.35 5.55502 1.757
0.4 5.55503 1.75669
0.45 5.55504 1.75634
0.5 5.55506 1.75595
0.55 5.55507 1.75552
0.6 5.55509 1.75505
0.65 5.5551 1.75454
0.7 5.55512 1.75399
0.75 5.55513 1.75339
0.8 5.55514 1.75276
0.85 5.55515 1.75208
0.9 5.55516 1.75137
0.95 5.55517 1.75061
1 5.55517 1.74981
1.05 5.55517 1.74897
1.1 5.55516 1.74809
1.15 5.55515 1.74717
1.2 5.55513 1.74621
1.25 5.55511 1.7452
1.3 5.55508 1.74416
1.35 5.55504 1.74308
1.4 5.55499 1.74195
1.45 5.55494 1.74078
1.5 5.55487 1.73958
1.55 5.55479 1.73833
1.6 5.5547 1.73704
1.65 5.5546 1.73571
1.7 5.55449 1.73434
1.75 5.55436 1.73293
1.8 5.55421 1.73148
1.85 5.55405 1.72998
1.9 5.55387 1.72845
1.95 5.55367 1.72688
2 5.55345 1.72526
2.05 5.55321 1.72361
2.1 5.55296 1.72191
2.15 5.55267 1.72017
2.2 5.55237 1.71839
2.25 5.55203 1.71658
2.3 5.55168 1.71472
2.35 5.55129 1.71282
2.4 5.55088 1.71088
2.45 5.55044 1.7089
2.5 5.54996 1.70688
2.55 5.54946 1.70481
2.6 5.54892 1.70271
2.65 5.54834 1.70057
2.7 5.54773 1.69839
2.75 5.54709 1.69617
2.8 5.5464 1.6939
2.85 5.54567 1.6916
2.9 5.54491 1.68926
2.95 5.5441 1.68688
3 5.54324 1.68445
3.05 5.54234 1.68199
3.1 5.5414 1.67949
3.15 5.5404 1.67695
3.2 5.53936 1.67437
3.25 5.53826 1.67175
3.3 5.53712 1.66908
3.35 5.53592 1.66638
3.4 5.53466 1.66365
3.45 5.53335 1.66087
3.5 5.53197 1.65805
3.55 5.53054 1.65519
3.6 5.52905 1.6523
3.65 5.5275 1.64936
3.7 5.52588 1.64639
3.75 5.52419 1.64338
3.8 5.52244 1.64033
3.85 5.52062 1.63724
3.9 5.51873 1.63411
3.95 5.51677 1.63095
4 5.51473 1.62774
4.05 5.51262 1.6245
4.1 5.51044 1.62122
4.15 5.50817 1.61791
4.2 5.50583 1.61455
4.25 5.50341 1.61116
4.3 5.5009 1.60773
4.35 5.49832 1.60427
4.4 5.49564 1.60077
4.45 5.49288 1.59723
4.5 5.49004 1.59365
4.55 5.4871 1.59004
4.6 5.48407 1.5864
4.65 5.48096 1.58271
4.7 5.47774 1.579
4.75 5.47444 1.57524
4.8 5.47103 1.57145
4.85 5.46753 1.56763
4.9 5.46393 1.56377
4.95 5.46023 1.55988
5 5.45642 1.55595
5.05 5.45252 1.55199
5.1 5.44851 1.54799
5.15 5.44439 1.54396
5.2 5.44017 1.5399
5.25 5.43583 1.5358
5.3 5.43139 1.53167
5.35 5.42684 1.52751
5.4 5.42217 1.52332
5.45 5.41739 1.5191
5.5 5.41249 1.51484
5.55 5.40748 1.51055
5.6 5.40236 1.50623
5.65 5.39711 1.50188
5.7 5.39174 1.4975
5.75 5.38626 1.49309
5.8 5.38065 1.48865
5.85 5.37492 1.48418
5.9 5.36906 1.47968
5.95 5.36308 1.47515
6 5.35698 1.4706
6.05 5.35074 1.46601
6.1 5.34438 1.4614
6.15 5.33789 1.45676
6.2 5.33127 1.45209
6.25 5.32452 1.4474
6.3 5.31764 1.44268
6.35 5.31062 1.43794
6.4 5.30347 1.43316
6.45 5.29619 1.42837
6.5 5.28877 1.42355
6.55 5.28122 1.4187
6.6 5.27353 1.41384
6.65 5.2657 1.40895
6.7 5.25774 1.40403
6.75 5.24964 1.39909
6.8 5.2414 1.39414
6.85 5.23301 1.38916
6.9 5.22449 1.38415
6.95 5.21583 1.37913
7 5.20703 1.37409
7.05 5.19808 1.36903
7.1 5.18899 1.36395
7.15 5.17976 1.35885
7.2 5.17039 1.35373
7.25 5.16087 1.34859
7.3 5.15121 1.34344
7.35 5.14141 1.33827
7.4 5.13146 1.33308
7.45 5.12137 1.32788
7.5 5.11113 1.32267
7.55 5.10075 1.31744
7.6 5.09022 1.31219
7.65 5.07955 1.30693
7.7 5.06873 1.30166
7.75 5.05777 1.29637
7.8 5.04666 1.29108
7.85 5.03541 1.28577
7.9 5.02401 1.28045
7.95 5.01247 1.27512
8 5.00078 1.26978
8.05 4.98895 1.26444
8.1 4.97698 1.25908
8.15 4.96485 1.25372
8.2 4.95259 1.24835
8.25 4.94018 1.24297
8.3 4.92763 1.23758
8.35 4.91494 1.23219
8.4 4.9021 1.2268
8.45 4.88912 1.2214
8.5 4.876 1.216
8.55 4.86274 1.21059
8.6 4.84934 1.20518
8.65 4.83579 1.19977
8.7 4.82211 1.19436
8.75 4.80829 1.18895
8.8 4.79433 1.18354
8.85 4.78023 1.17813
8.9 4.766 1.17272
8.95 4.75163 1.16731
9 4.73712 1.1619
9.05 4.72248 1.1565
9.1 4.70771 1.1511
9.15 4.6928 1.14571
9.2 4.67776 1.14032
9.25 4.66259 1.13493
9.3 4.64729 1.12955
9.35 4.63186 1.12418
9.4 4.6163 1.11882
9.45 4.60062 1.11347
9.5 4.58481 1.10812
9.55 4.56887 1.10278
9.6 4.55281 1.09746
9.65 4.53663 1.09214
9.7 4.52033 1.08684
9.75 4.50391 1.08155
9.8 4.48737 1.07627
9.85 4.47071 1.071
9.9 4.45393 1.06575
9.95 4.43704 1.06051
10 4.42003 1.05529
10.05 4.40292 1.05008
10.1 4.38569 1.0449
10.15 4.36835 1.03972
10.2 4.35091 1.03457
10.25 4.33336 1.02943
10.3 4.3157 1.02432
10.35 4.29794 1.01922
10.4 4.28008 1.01414
10.45 4.26212 1.00909
10.5 4.24406 1.00405
10.55 4.2259 0.999042
10.6 4.20765 0.994053
10.65 4.1893 0.989088
10.7 4.17086 0.984146
10.75 4.15233 0.979229
10.8 4.13372 0.974337
10.85 4.11501 0.969471
10.9 4.09622 0.964632
10.95 4.07735 0.959819
11 4.05839 0.955034
11.05 4.03936 0.950277
11.1 4.02025 0.945549
11.15 4.00106 0.94085
11.2 3.98179 0.93618
11.25 3.96246 0.931542
11.3 3.94305 0.926934
11.35 3.92358 0.922357
11.4 3.90404 0.917813
11.45 3.88443 0.913301
11.5 3.86477 0.908822
11.55 3.84504 0.904376
11.6 3.82525 0.899965
11.65 3.8054 0.895588
11.7 3.7855 0.891246
11.75 3.76555 0.88694
11.8 3.74555 0.88267
11.85 3.7255 0.878436
11.9 3.7054 0.874239
11.95 3.68525 0.87008
12 3.66507 0.865959
12.05 3.64484 0.861876
12.1 3.62457 0.857832
12.15 3.60427 0.853826
12.2 3.58393 0.849861
12.25 3.56356 0.845935
12.3 3.54316 0.84205
12.35 3.52274 0.838206
12.4 3.50228 0.834403
12.45 3.4818 0.830642
12.5 3.4613 0.826922
12.55 3.44078 0.823245
12.6 3.42024 0.81961
12.65 3.39969 0.816018
12.7 3.37912 0.81247
12.75 3.35854 0.808965
12.8 3.33795 0.805505
12.85 3.31735 0.802088
12.9 3.29675 0.798716
12.95 3.27614 0.795389
13 3.25554 0.792106
13.05 3.23493 0.788869
13.1 3.21433 0.785678
13.15 3.19373 0.782533
13.2 3.17313 0.779433
13.25 3.15255 0.77638
13.3 3.13198 0.773373
13.35 3.11142 0.770413
13.4 3.09087 0.767499
13.45 3.07034 0.764633
13.5 3.04983 0.761814
13.55 3.02935 0.759042
13.6 3.00888 0.756317
13.65 2.98844 0.75364
13.7 2.96803 0.751011
13.75 2.94764 0.748429
13.8 2.92729 0.745895
13.85 2.90696 0.74341
13.9 2.88668 0.740972
13.95 2.86643 0.738582
14 2.84621 0.736241
14.05 2.82604 0.733947
14.1 2.80591 0.731702
14.15 2.78582 0.729505
14.2 2.76578 0.727356
14.25 2.74578 0.725255
14.3 2.72584 0.723203
14.35 2.70594 0.721198
14.4 2.6861 0.719242
14.45 2.66631 0.717333
14.5 2.64658 0.715472
14.55 2.6269 0.71366
14.6 2.60729 0.711895
14.65 2.58773 0.710177
14.7 2.56824 0.708507
14.75 2.54881 0.706884
14.8 2.52945 0.705309
14.85 2.51016 0.703781
14.9 2.49093 0.702299
14.95 2.47178 0.700865
15 2.45269 0.699476
15.05 2.43368 0.698134
15.1 2.41475 0.696839
15.15 2.39589 0.695589
15.2 2.37711 0.694384
15.25 2.35841 0.693226
15.3 2.33979 0.692112
15.35 2.32125 0.691043
15.4 2.30279 0.690018
15.45 2.28442 0.689038
15.5 2.26613 0.688102
15.55 2.24793 0.68721
15.6 2.22982 0.686361
15.65 2.2118 0.685554
15.7 2.19386 0.684791
15.75 2.17602 0.68407
15.8 2.15828 0.68339
15.85 2.14062 0.682752
15.9 2.12306 0.682156
15.95 2.1056 0.6816
16 2.08823 0.681084
16.05 2.07096 0.680608
16.1 2.05379 0.680172
16.15 2.03672 0.679774
16.2 2.01975 0.679416
16.25 2.00289 0.679095
16.3 1.98612 0.678812
16.35 1.96946 0.678566
16.4 1.9529 0.678356
16.45 1.93644 0.678183
16.5 1.9201 0.678046
16.55 1.90385 0.677943
16.6 1.88772 0.677876
16.65 1.87169 0.677842
16.7 1.85577 0.677842
16.75 1.83996 0.677874
16.8 1.82426 0.677939
16.85 1.80866 0.678036
16.9 1.79318 0.678165
16.95 1.77781 0.678323
17 1.76255 0.678512
17.05 1.7474 0.678731
17.1 1.73237 0.678978
17.15 1.71744 0.679254
17.2 1.70263 0.679557
17.25 1.68794 0.679887
17.3 1.67335 0.680244
17.35 1.65888 0.680626
17.4 1.64453 0.681033
17.45 1.63029 0.681465
17.5 1.61616 0.681921
17.55 1.60215 0.682399
17.6 1.58825 0.682901
17.65 1.57447 0.683424
17.7 1.5608 0.683968
17.75 1.54725 0.684532
17.8 1.53381 0.685116
17.85 1.52049 0.68572
17.9 1.50728 0.686341
17.95 1.49419 0.68698
18 1.48121 0.687636
18.05 1.46835 0.688309
18.1 1.4556 0.688996
18.15 1.44297 0.689699
18.2 1.43045 0.690416
18.25 1.41804 0.691146
18.3 1.40575 0.691888
18.35 1.39358 0.692643
18.4 1.38151 0.693409
18.45 1.36956 0.694185
18.5 1.35773 0.694971
18.55 1.34601 0.695765
18.6 1.33439 0.696568
18.65 1.3229 0.697379
18.7 1.31151 0.698196
18.75 1.30023 0.69902
18.8 1.28907 0.699848
18.85 1.27801 0.700681
18.9 1.26707 0.701518
18.95 1.25623 0.702358
19 1.24551 0.703201
19.05 1.23489 0.704045
19.1 1.22438 0.704889
19.15 1.21398 0.705734
19.2 1.20368 0.706579
19.25 1.19349 0.707421
19.3 1.18341 0.708262
19.35 1.17343 0.7091
19.4 1.16355 0.709935
19.45 1.15378 0.710765
19.5 1.14411 0.71159
19.55 1.13455 0.712409
19.6 1.12508 0.713222
19.65 1.11572 0.714028
19.7 1.10646 0.714826
19.75 1.09729 0.715615
19.8 1.08823 0.716395
19.85 1.07926 0.717166
19.9 1.07039 0.717925
19.95 1.06161 0.718673
20 1.05293 0.719409
20.05 1.04435 0.720132
20.1 1.03586 0.720842
20.15 1.02746 0.721537
20.2 1.01916 0.722218
20.25 1.01094 0.722883
20.3 1.00282 0.723533
20.35 0.994782 0.724165
20.4 0.986835 0.72478
20.45 0.978976 0.725377
20.5 0.971204 0.725956
20.55 0.963517 0.726515
20.6 0.955915 0.727054
20.65 0.948397 0.727572
20.7 0.940962 0.72807
20.75 0.933609 0.728545
20.8 0.926337 0.728999
20.85 0.919145 0.729429
20.9 0.912032 0.729836
20.95 0.904997 0.730218
21 0.89804 0.730576
21.05 0.891158 0.730909
21.1 0.884351 0.731216
21.15 0.877619 0.731497
21.2 0.87096 0.731751
21.25 0.864373 0.731978
21.3 0.857857 0.732176
21.35 0.851411 0.732347
21.4 0.845035 0.732488
21.45 0.838726 0.7326
21.5 0.832485 0.732683
21.55 0.82631 0.732735
21.6 0.8202 0.732756
21.65 0.814154 0.732746
21.7 0.808171 0.732704
21.75 0.802251 0.732631
21.8 0.796391 0.732525
21.85 0.790592 0.732386
21.9 0.784852 0.732213
21.95 0.77917 0.732007
22 0.773545 0.731767
22.05 0.767976 0.731493
22.1 0.762462 0.731183
22.15 0.757003 0.730839
22.2 0.751597 0.730459
22.25 0.746243 0.730043
22.3 0.74094 0.729592
22.35 0.735687 0.729103
22.4 0.730484 0.728579
22.45 0.725329 0.728017
22.5 0.720222 0.727418
22.55 0.715161 0.726781
22.6 0.710146 0.726106
22.65 0.705175 0.725394
22.7 0.700248 0.724643
22.75 0.695364 0.723854
22.8 0.690521 0.723027
22.85 0.68572 0.72216
22.9 0.680958 0.721255
22.95 0.676236 0.72031
23 0.671552 0.719326
23.05 0.666906 0.718302
23.1 0.662296 0.717239
23.15 0.657722 0.716136
23.2 0.653182 0.714993
23.25 0.648677 0.713811
23.3 0.644205 0.712588
23.35 0.639765 0.711325
23.4 0.635357 0.710022
23.45 0.630979 0.708679
23.5 0.626632 0.707295
23.55 0.622314 0.705871
23.6 0.618024 0.704407
23.65 0.613762 0.702902
23.7 0.609528 0.701358
23.75 0.605319 0.699772
23.8 0.601136 0.698147
23.85 0.596977 0.696481
23.9 0.592843 0.694775
23.95 0.588733 0.693029
24 0.584645 0.691243
24.05 0.580579 0.689417
24.1 0.576534 0.687551
24.15 0.572511 0.685645
24.2 0.568507 0.683699
24.25 0.564524 0.681714
24.3 0.560559 0.67969
24.35 0.556613 0.677626
24.4 0.552684 0.675523
24.45 0.548773 0.673381
24.5 0.544878 0.671201
24.55 0.541 0.668982
24.6 0.537137 0.666724
24.65 0.53329 0.664428
24.7 0.529457 0.662095
24.75 0.525638 0.659723
24.8 0.521833 0.657314
24.85 0.518042 0.654868
24.9 0.514263 0.652385
24.95 0.510496 0.649866
25 0.506741 0.647309
25.05 0.502998 0.644717
25.1 0.499266 0.642089
25.15 0.495545 0.639425
25.2 0.491834 0.636727
25.25 0.488134 0.633993
25.3 0.484443 0.631225
25.35 0.480761 0.628422
25.4 0.477088 0.625586
25.45 0.473424 0.622716
25.5 0.469769 0.619813
25.55 0.466122 0.616877
25.6 0.462482 0.613909
25.65 0.458851 0.610909
25.7 0.455226 0.607877
25.75 0.451609 0.604815
25.8 0.447999 0.601721
25.85 0.444396 0.598597
25.9 0.440799 0.595443
25.95 0.437209 0.59226
26 0.433625 0.589048
26.05 0.430047 0.585807
26.1 0.426474 0.582538
26.15 0.422908 0.579241
26.2 0.419348 0.575918
26.25 0.415793 0.572567
26.3 0.412243 0.56919
26.35 0.408699 0.565788
26.4 0.40516 0.56236
26.45 0.401626 0.558907
26.5 0.398098 0.555431
26.55 0.394575 0.55193
26.6 0.391057 0.548406
26.65 0.387544 0.54486
26.7 0.384036 0.541291
26.75 0.380533 0.537701
26.8 0.377036 0.534089
26.85 0.373543 0.530457
26.9 0.370056 0.526805
26.95 0.366573 0.523133
27 0.363097 0.519443
27.05 0.359625 0.515734
27.1 0.356159 0.512007
27.15 0.352698 0.508263
27.2 0.349242 0.504502
27.25 0.345793 0.500724
27.3 0.342349 0.496932
27.35 0.33891 0.493124
27.4 0.335478 0.489301
27.45 0.332052 0.485465
27.5 0.328632 0.481616
27.55 0.325218 0.477753
27.6 0.321811 0.473879
27.65 0.31841 0.469992
27.7 0.315016 0.466095
27.75 0.311629 0.462188
27.8 0.30825 0.45827
27.85 0.304877 0.454343
27.9 0.301512 0.450408
27.95 0.298155 0.446464
28 0.294805 0.442513
28.05 0.291464 0.438554
28.1 0.288131 0.43459
28.15 0.284806 0.430619
28.2 0.28149 0.426644
28.25 0.278183 0.422663
28.3 0.274885 0.418679
28.35 0.271596 0.414691
28.4 0.268318 0.4107
28.45 0.265048 0.406707
28.5 0.261789 0.402712
28.55 0.258541 0.398716
28.6 0.255303 0.39472
28.65 0.252075 0.390723
28.7 0.248859 0.386727
28.75 0.245654 0.382732
28.8 0.242461 0.378738
28.85 0.23928 0.374747
28.9 0.23611 0.370758
28.95 0.232953 0.366773
29 0.229809 0.362792
29.05 0.226678 0.358815
29.1 0.223559 0.354843
29.15 0.220455 0.350876
29.2 0.217364 0.346916
29.25 0.214287 0.342962
29.3 0.211224 0.339015
29.35 0.208176 0.335076
29.4 0.205142 0.331145
29.45 0.202124 0.327223
29.5 0.199121 0.32331
29.55 0.196133 0.319406
29.6 0.193161 0.315513
29.65 0.190206 0.31163
29.7 0.187267 0.307759
29.75 0.184345 0.303899
29.8 0.181439 0.300052
29.85 0.178551 0.296217
29.9 0.17568 0.292395
29.95 0.172827 0.288586
30 0.169992 0.284792
30.05 0.167176 0.281013
30.1 0.164377 0.277248
30.15 0.161598 0.273498
30.2 0.158837 0.269765
30.25 0.156096 0.266048
30.3 0.153375 0.262347
30.35 0.150673 0.258664
30.4 0.147991 0.254998
30.45 0.145329 0.25135
30.5 0.142687 0.24772
30.55 0.140067 0.244109
30.6 0.137467 0.240518
30.65 0.134888 0.236946
30.7 0.132331 0.233393
30.75 0.129795 0.229861
30.8 0.127281 0.22635
30.85 0.124789 0.22286
30.9 0.122318 0.219391
30.95 0.119871 0.215943
31 0.117446 0.212518
31.05 0.115043 0.209115
31.1 0.112664 0.205735
31.15 0.110307 0.202377
31.2 0.107974 0.199043
31.25 0.105664 0.195733
31.3 0.103378 0.192446
31.35 0.101115 0.189184
31.4 0.0988763 0.185946
31.45 0.0966616 0.182733
31.5 0.0944711 0.179545
31.55 0.0923048 0.176382
31.6 0.0901629 0.173244
31.65 0.0880456 0.170132
31.7 0.0859529 0.167046
31.75 0.083885 0.163987
31.8 0.0818419 0.160953
31.85 0.0798238 0.157947
31.9 0.0778308 0.154967
31.95 0.0758628 0.152014
32 0.0739202 0.149088
32.05 0.0720028 0.14619
32.1 0.0701108 0.143319
32.15 0.0682442 0.140476
32.2 0.0664031 0.137661
32.25 0.0645875 0.134874
32.3 0.0627976 0.132115
32.35 0.0610332 0.129385
32.4 0.0592945 0.126682
32.45 0.0575815 0.124009
32.5 0.0558942 0.121364
32.55 0.0542326 0.118747
32.6 0.0525968 0.11616
32.65 0.0509866 0.113601
32.7 0.0494022 0.111072
32.75 0.0478435 0.108572
32.8 0.0463105 0.1061
32.85 0.0448031 0.103658
32.9 0.0433214 0.101246
32.95 0.0418653 0.0988626
33 0.0404348 0.0965086
33.05 0.0390298 0.0941841
33.1 0.0376502 0.091889
33.15 0.0362961 0.0896234
33.2 0.0349673 0.0873873
33.25 0.0336638 0.0851806
33.3 0.0323855 0.0830034
33.35 0.0311323 0.0808556
33.4 0.0299041 0.0787373
33.45 0.0287008 0.0766484
33.5 0.0275224 0.0745889
33.55 0.0263687 0.0725588
33.6 0.0252396 0.0705579
33.65 0.0241351 0.0685864
33.7 0.0230549 0.0666441
33.75 0.021999 0.0647309
33.8 0.0209672 0.0628468
33.85 0.0199593 0.0609917
33.9 0.0189754 0.0591655
33.95 0.0180151 0.0573682
34 0.0170783 0.0555997
34.05 0.016165 0.0538598
34.1 0.0152748 0.0521485
34.15 0.0144078 0.0504657
34.2 0.0135636 0.0488112
34.25 0.0127421 0.0471849
34.3 0.0119432 0.0455867
34.35 0.0111666 0.0440165
34.4 0.0104121 0.0424741
34.45 0.00967966 0.0409594
34.5 0.00896895 0.0394723
34.55 0.0082798 0.0380125
34.6 0.007612 0.03658
34.65 0.00696535 0.0351746
34.7 0.00633964 0.0337961
34.75 0.00573464 0.0324444
34.8 0.00515014 0.0311193
34.85 0.00458591 0.0298205
34.9 0.00404173 0.028548
34.95 0.00351736 0.0273016
35 0.00301256 0.0260809
35.05 0.00252711 0.024886
35.1 0.00206077 0.0237165
35.15 0.00161328 0.0225722
35.2 0.0011844 0.021453
35.25 0.000773895 0.0203587
35.3 0.000381499 0.0192889
35.35 6.96456e-06 0.0182436
35.4 -0.000349965 0.0172225
35.45 -0.000689548 0.0162253
35.5 -0.00101204 0.015252
35.55 -0.00131772 0.0143021
35.6 -0.00160683 0.0133755
35.65 -0.00187964 0.012472
35.7 -0.00213643 0.0115912
35.75 -0.00237746 0.0107331
35.8 -0.00260301 0.00989732
35.85 -0.00281334 0.00908362
35.9 -0.00300872 0.00829177
35.95 -0.00318944 0.00752152
36 -0.00335577 0.00677261
36.05 -0.00350798 0.0060448
36.1 -0.00364636 0.00533784
36.15 -0.00377117 0.00465145
36.2 -0.0038827 0.0039854
36.25 -0.00398123 0.00333941
36.3 -0.00406703 0.00271323
36.35 -0.00414039 0.0021066
36.4 -0.00420159 0.00151924
36.45 -0.0042509 0.000950898
36.5 -0.00428861 0.000401306
36.55 -0.004315 -0.000129805
36.6 -0.00433034 -0.000642702
36.65 -0.00433492 -0.00113765
36.7 -0.00432902 -0.00161493
36.75 -0.0043129 -0.0020748
36.8 -0.00428686 -0.00251754
36.85 -0.00425117 -0.00294342
36.9 -0.00420609 -0.0033527
36.95 -0.00415192 -0.00374567
37 -0.00408893 -0.00412259
37.05 -0.00401738 -0.00448373
37.1 -0.00393755 -0.00482937
37.15 -0.00384971 -0.00515979
37.2 -0.00375413 -0.00547524
37.25 -0.00365108 -0.00577601
37.3 -0.00354083 -0.00606236
37.35 -0.00342363 -0.00633457
37.4 -0.00329975 -0.0065929
37.45 -0.00316946 -0.00683763
37.5 -0.00303302 -0.00706903
37.55 -0.00289067 -0.00728736
37.6 -0.00274268 -0.0074929
37.65 -0.0025893 -0.0076859
37.7 -0.00243078 -0.00786664
37.75 -0.00226737 -0.00803538
37.8 -0.00209932 -0.00819239
37.85 -0.00192687 -0.00833792
37.9 -0.00175026 -0.00847223
37.95 -0.00156973 -0.0085956
38 -0.00138552 -0.00870827
38.05 -0.00119786 -0.00881051
38.1 -0.00100699 -0.00890257
38.15 -0.000813125 -0.0089847
38.2 -0.0006165 -0.00905715
38.25 -0.000417335 -0.00912019
38.3 -0.000215849 -0.00917405
38.35 -1.22604e-05 -0.00921898
38.4 0.000193219 -0.00925523
38.45 0.000400377 -0.00928305
38.5 0.000609008 -0.00930267
38.55 0.000818907 -0.00931433
38.6 0.00102987 -0.00931827
38.65 0.00124171 -0.00931472
38.7 0.00145422 -0.00930392
38.75 0.00166722 -0.00928611
38.8 0.00188051 -0.00926149
38.85 0.00209392 -0.00923032
38.9 0.00230726 -0.00919279
38.95 0.00252035 -0.00914915
39 0.00273303 -0.0090996
39.05 0.00294512 -0.00904436
39.1 0.00315646 -0.00898365
39.15 0.00336688 -0.00891768
39.2 0.00357623 -0.00884665
39.25 0.00378434 -0.00877078
39.3 0.00399107 -0.00869025
39.35 0.00419628 -0.00860529
39.4 0.00439981 -0.00851607
39.45 0.00460152 -0.00842281
39.5 0.00480128 -0.00832568
39.55 0.00499896 -0.00822488
39.6 0.00519443 -0.0081206
39.65 0.00538755 -0.00801301
39.7 0.00557822 -0.00790231
39.75 0.0057663 -0.00778866
39.8 0.0059517 -0.00767225
39.85 0.00613429 -0.00755323
39.9 0.00631397 -0.00743179
39.95 0.00649064 -0.00730809
40 0.00666419 -0.00718229
40.05 0.00683454 -0.00705455
40.1 0.0070016 -0.00692503
40.15 0.00716526 -0.00679388
40.2 0.00732545 -0.00666126
40.25 0.0074821 -0.0065273
40.3 0.00763512 -0.00639216
40.35 0.00778443 -0.00625597
40.4 0.00792998 -0.00611889
40.45 0.00807169 -0.00598103
40.5 0.0082095 -0.00584253
40.55 0.00834336 -0.00570353
40.6 0.0084732 -0.00556415
40.65 0.00859898 -0.00542451
40.7 0.00872065 -0.00528473
40.75 0.00883817 -0.00514494
40.8 0.00895149 -0.00500523
40.85 0.00906057 -0.00486574
40.9 0.00916539 -0.00472655
40.95 0.00926591 -0.00458779
41 0.0093621 -0.00444955
41.05 0.00945394 -0.00431193
41.1 0.00954141 -0.00417502
41.15 0.00962449 -0.00403892
41.2 0.00970317 -0.00390373
41.25 0.00977743 -0.00376952
41.3 0.00984727 -0.00363638
41.35 0.00991268 -0.0035044
41.4 0.00997365 -0.00337365
41.45 0.0100302 -0.00324421
41.5 0.0100823 -0.00311615
41.55 0.01013 -0.00298954
41.6 0.0101733 -0.00286445
41.65 0.0102122 -0.00274094
41.7 0.0102467 -0.00261908
41.75 0.0102768 -0.00249892
41.8 0.0103026 -0.00238053
41.85 0.0103241 -0.00226395
41.9 0.0103412 -0.00214924
41.95 0.0103541 -0.00203645
42 0.0103627 -0.00192561
42.05 0.0103672 -0.00181678
42.1 0.0103674 -0.00171
42.15 0.0103636 -0.0016053
42.2 0.0103556 -0.00150273
42.25 0.0103435 -0.00140231
42.3 0.0103275 -0.00130407
42.35 0.0103075 -0.00120805
42.4 0.0102835 -0.00111428
42.45 0.0102557 -0.00102276
42.5 0.010224 -0.000933541
42.55 0.0101886 -0.000846626
42.6 0.0101495 -0.000762037
42.65 0.0101067 -0.00067979
42.7 0.0100603 -0.000599898
42.75 0.0100104 -0.000522373
42.8 0.00995695 -0.000447224
42.85 0.00990012 -0.000374458
42.9 0.00983993 -0.00030408
42.95 0.00977645 -0.000236096
43 0.00970975 -0.000170505
43.05 0.0096399 -0.000107308
43.1 0.00956695 -4.65025e-05
43.15 0.00949099 1.19146e-05
43.2 0.00941209 6.79491e-05
43.25 0.00933031 0.000121608
43.3 0.00924573 0.000172901
43.35 0.00915842 0.000221837
43.4 0.00906846 0.000268429
43.45 0.00897592 0.00031269
43.5 0.00888087 0.000354635
43.55 0.00878341 0.000394281
43.6 0.00868359 0.000431646
43.65 0.00858151 0.000466748
43.7 0.00847723 0.000499608
43.75 0.00837084 0.000530248
43.8 0.00826242 0.00055869
43.85 0.00815204 0.00058496
43.9 0.00803978 0.000609083
43.95 0.00792573 0.000631084
44 0.00780996 0.000650992
44.05 0.00769256 0.000668835
44.1 0.0075736 0.000684643
44.15 0.00745317 0.000698446
44.2 0.00733134 0.000710276
44.25 0.00720819 0.000720166
44.3 0.00708381 0.000728148
44.35 0.00695827 0.000734256
44.4 0.00683166 0.000738526
44.45 0.00670404 0.000740992
44.5 0.00657551 0.000741692
44.55 0.00644614 0.000740662
44.6 0.00631601 0.000737939
44.65 0.00618519 0.000733561
44.7 0.00605376 0.000727568
44.75 0.0059218 0.000719997
44.8 0.00578939 0.00071089
44.85 0.00565659 0.000700285
44.9 0.00552349 0.000688223
44.95 0.00539016 0.000674745
45 0.00525667 0.000659892
45.05 0.00512309 0.000643706
45.1 0.0049895 0.000626228
45.15 0.00485596 0.000607499
45.2 0.00472255 0.000587563
45.25 0.00458933 0.00056646
45.3 0.00445638 0.000544235
45.35 0.00432376 0.000520928
45.4 0.00419153 0.000496582
45.45 0.00405976 0.000471241
45.5 0.00392852 0.000444947
45.55 0.00379786 0.000417741
45.6 0.00366786 0.000389667
45.65 0.00353856 0.000360768
45.7 0.00341003 0.000331084
45.75 0.00328233 0.000300659
45.8 0.00315551 0.000269535
45.85 0.00302964 0.000237753
45.9 0.00290476 0.000205355
45.95 0.00278092 0.000172382
46 0.00265819 0.000138875
46.05 0.0025366 0.000104876
46.1 0.00241622 7.04236e-05
46.15 0.00229708 3.55595e-05
46.2 0.00217924 3.22994e-07
46.25 0.00206274 -3.52466e-05
46.3 0.00194763 -7.11101e-05
46.35 0.00183393 -0.000107229
46.4 0.00172171 -0.000143565
46.45 0.001611 -0.000180081
46.5 0.00150183 -0.000216739
46.55 0.00139424 -0.000253503
46.6 0.00128827 -0.000290336
46.65 0.00118395 -0.000327203
46.7 0.00108132 -0.000364069
46.75 0.000980403 -0.000400898
46.8 0.000881232 -0.000437658
46.85 0.000783836 -0.000474314
46.9 0.00068824 -0.000510835
46.95 0.000594471 -0.000547187
47 0.000502553 -0.000583339
47.05 0.000412507 -0.00061926
47.1 0.000324355 -0.000654921
47.15 0.000238117 -0.000690291
47.2 0.000153811 -0.000725341
47.25 7.14541e-05 -0.000760044
47.3 -8.93895e-06 -0.000794372
47.35 -8.73539e-05 -0.000828298
47.4 -0.000163778 -0.000861796
47.45 -0.0002382 -0.000894841
47.5 -0.000310611 -0.000927407
47.55 -0.000381001 -0.000959472
47.6 -0.000449364 -0.000991012
47.65 -0.000515695 -0.001022
47.7 -0.000579988 -0.00105243
47.75 -0.00064224 -0.00108226
47.8 -0.000702451 -0.00111148
47.85 -0.000760619 -0.00114007
47.9 -0.000816746 -0.00116802
47.95 -0.000870833 -0.0011953
48 -0.000922884 -0.00122189
48.05 -0.000972904 -0.00124779
48.1 -0.0010209 -0.00127297
48.15 -0.00106687 -0.00129742
48.2 -0.00111084 -0.00132112
48.25 -0.0011528 -0.00134407
48.3 -0.00119278 -0.00136625
48.35 -0.00123077 -0.00138764
48.4 -0.0012668 -0.00140825
48.45 -0.00130088 -0.00142805
48.5 -0.00133302 -0.00144703
48.55 -0.00136324 -0.0014652
48.6 -0.00139156 -0.00148253
48.65 -0.00141799 -0.00149903
48.7 -0.00144255 -0.00151469
48.75 -0.00146526 -0.0015295
48.8 -0.00148615 -0.00154345
48.85 -0.00150524 -0.00155654
48.9 -0.00152254 -0.00156878
48.95 -0.00153808 -0.00158014
49 -0.00155189 -0.00159064
49.05 -0.00156399 -0.00160027
49.1 -0.0015744 -0.00160903
49.15 -0.00158316 -0.00161692
49.2 -0.00159029 -0.00162394
49.25 -0.00159582 -0.00163009
49.3 -0.00159978 -0.00163537
49.35 -0.00160219 -0.00163979
49.4 -0.00160308 -0.00164335
49.45 -0.0016025 -0.00164605
49.5 -0.00160046 -0.00164789
49.55 -0.00159701 -0.00164889
49.6 -0.00159216 -0.00164904
49.65 -0.00158596 -0.00164835
49.7 -0.00157844 -0.00164683
49.75 -0.00156963 -0.00164448
49.8 -0.00155956 -0.00164132
49.85 -0.00154827 -0.00163735
49.9 -0.0015358 -0.00163258
49.95 -0.00152218 -0.00162702
50 -0.00150744 -0.00162067
