-0.498 0.000408924 0.00461882
-0.496 1.17599e-05 0.0188365
-0.494 -0.00362556 0.043147
-0.492 -0.0129222 0.0779793
-0.49 -0.0302672 0.123695
-0.488 -0.0580036 0.180589
-0.486 -0.0984141 0.248885
-0.484 -0.153706 0.328739
-0.482 -0.225995 0.420236
-0.48 -0.317296 0.523393
-0.478 -0.429501 0.638155
-0.476 -0.564376 0.7644
-0.474 -0.723541 0.901938
-0.472 -0.908457 1.05051
-0.47 -1.12042 1.20981
-0.468 -1.36056 1.37944
-0.466 -1.62979 1.55896
-0.464 -1.92885 1.74788
-0.462 -2.25826 1.94564
-0.46 -2.61835 2.15164
-0.458 -3.00919 2.36523
-0.456 -3.43065 2.58571
-0.454 -3.88237 2.81234
-0.452 -4.36374 3.04437
-0.45 -4.87392 3.28097
-0.448 -5.41183 3.52134
-0.446 -5.97614 3.76462
-0.444 -6.56529 4.00993
-0.442 -7.17745 4.25641
-0.44 -7.81059 4.50317
-0.438 -8.46242 4.74931
-0.436 -9.13041 4.99394
-0.434 -9.81182 5.2362
-0.432 -10.5037 5.47521
-0.43 -11.2028 5.71012
-0.428 -11.9058 5.94011
-0.426 -12.6091 6.16436
-0.424 -13.3088 6.38212
-0.422 -14.0011 6.59265
-0.42 -14.6819 6.79526
-0.418 -15.3467 6.98928
-0.416 -15.9913 7.17414
-0.414 -16.6111 7.34926
-0.412 -17.2013 7.51416
-0.41 -17.7574 7.6684
-0.408 -18.2743 7.8116
-0.406 -18.7473 7.94346
-0.404 -19.1713 8.06372
-0.402 -19.5415 8.17221
-0.4 -19.8527 8.26881
-0.398 -20.1001 8.3535
-0.396 -20.2787 8.4263
-0.394 -20.3835 8.48732
-0.392 -20.4098 8.53674
-0.39 -20.3527 8.57481
-0.388 -20.2077 8.60186
-0.386 -19.9701 8.61829
-0.384 -19.6356 8.62456
-0.382 -19.2 8.62122
-0.38 -18.6592 8.60887
-0.378 -18.0093 8.58819
-0.376 -17.2468 8.55992
-0.374 -16.3682 8.52485
-0.372 -15.3703 8.48386
-0.37 -14.2503 8.43785
-0.368 -13.0056 8.3878
-0.366 -11.6339 8.33473
-0.364 -10.1332 8.2797
-0.362 -8.5018 8.22384
-0.36 -6.73841 8.16828
-0.358 -4.84206 8.11421
-0.356 -2.81214 8.06285
-0.354 -0.648409 8.01543
-0.352 1.64899 7.97321
-0.35 4.07952 7.93748
-0.348 6.64227 7.90953
-0.346 9.3359 7.89065
-0.344 12.1587 7.88213
-0.342 15.1085 7.88529
-0.34 18.1828 7.9014
-0.338 21.3787 7.93174
-0.336 24.6927 7.97757
-0.334 28.1211 8.04013
-0.332 31.6599 8.12062
-0.33 35.3043 8.22021
-0.328 39.0495 8.34005
-0.326 42.8901 8.48122
-0.324 46.8204 8.64477
-0.322 50.8344 8.8317
-0.32 54.9256 9.04293
-0.318 59.0873 9.27934
-0.316 63.3123 9.54173
-0.314 67.5933 9.83084
-0.312 71.9224 10.1473
-0.31 76.2918 10.4918
-0.308 80.6932 10.8647
-0.306 85.1179 11.2664
-0.304 89.5573 11.6973
-0.302 94.0023 12.1576
-0.3 98.4438 12.6473
-0.298 102.872 13.1666
-0.296 107.279 13.7153
-0.294 111.653 14.2931
-0.292 115.985 14.8999
-0.29 120.266 15.5351
-0.288 124.485 16.1983
-0.286 128.633 16.8887
-0.284 132.699 17.6056
-0.282 136.673 18.348
-0.28 140.546 19.1149
-0.278 144.307 19.9053
-0.276 147.946 20.7177
-0.274 151.455 21.5509
-0.272 154.822 22.4033
-0.27 158.039 23.2732
-0.268 161.096 24.159
-0.266 163.984 25.0586
-0.264 166.694 25.9703
-0.262 169.216 26.8917
-0.26 171.543 27.8208
-0.258 173.666 28.7552
-0.256 175.577 29.6926
-0.254 177.269 30.6303
-0.252 178.733 31.5659
-0.25 179.963 32.4966
-0.248 180.952 33.4196
-0.246 181.694 34.3322
-0.244 182.183 35.2314
-0.242 182.413 36.1143
-0.24 182.379 36.9779
-0.238 182.076 37.8191
-0.236 181.501 38.6349
-0.234 180.65 39.4223
-0.232 179.518 40.178
-0.23 178.105 40.899
-0.228 176.406 41.5821
-0.226 174.422 42.2244
-0.224 172.15 42.8228
-0.222 169.589 43.3742
-0.22 166.74 43.8757
-0.218 163.604 44.3244
-0.216 160.18 44.7175
-0.214 156.471 45.0522
-0.212 152.479 45.3259
-0.21 148.207 45.536
-0.208 143.657 45.6801
-0.206 138.834 45.756
-0.204 133.742 45.7614
-0.202 128.386 45.6944
-0.2 122.771 45.553
-0.198 116.904 45.3356
-0.196 110.791 45.0407
-0.194 104.44 44.6669
-0.192 97.8578 44.2131
-0.19 91.0529 43.6784
-0.188 84.0341 43.062
-0.186 76.8106 42.3634
-0.184 69.3922 41.5823
-0.182 61.7891 40.7186
-0.18 54.012 39.7726
-0.178 46.0719 38.7444
-0.176 37.9804 37.6349
-0.174 29.7495 36.4449
-0.172 21.3914 35.1754
-0.17 12.9189 33.8278
-0.168 4.34494 32.4037
-0.166 -4.31704 30.905
-0.164 -13.0534 29.3338
-0.162 -21.8503 27.6923
-0.16 -30.6935 25.9831
-0.158 -39.5687 24.2089
-0.156 -48.4611 22.3729
-0.154 -57.3562 20.4783
-0.152 -66.239 18.5284
-0.15 -75.0944 16.527
-0.148 -83.9075 14.478
-0.146 -92.663 12.3853
-0.144 -101.346 10.2533
-0.142 -109.941 8.08631
-0.14 -118.433 5.88897
-0.138 -126.807 3.666
-0.136 -135.048 1.42225
-0.134 -143.141 -0.837276
-0.132 -151.072 -3.10747
-0.13 -158.826 -5.38314
-0.128 -166.389 -7.659
-0.126 -173.747 -9.92969
-0.124 -180.886 -12.1898
-0.122 -187.793 -14.4339
-0.12 -194.455 -16.6566
-0.118 -200.859 -18.8523
-0.116 -206.994 -21.0157
-0.114 -212.846 -23.1413
-0.112 -218.405 -25.2238
-0.11 -223.661 -27.2578
-0.108 -228.602 -29.2382
-0.106 -233.22 -31.1599
-0.104 -237.504 -33.0178
-0.102 -241.446 -34.8072
-0.1 -245.039 -36.5233
-0.098 -248.274 -38.1616
-0.096 -251.146 -39.7177
-0.094 -253.648 -41.1874
-0.092 -255.775 -42.567
-0.09 -257.522 -43.8525
-0.088 -258.885 -45.0407
-0.086 -259.861 -46.1281
-0.084 -260.447 -47.112
-0.082 -260.642 -47.9895
-0.08 -260.445 -48.7583
-0.078 -259.855 -49.4162
-0.076 -258.872 -49.9614
-0.074 -257.499 -50.3924
-0.072 -255.736 -50.7079
-0.07 -253.587 -50.907
-0.068 -251.054 -50.9891
-0.066 -248.141 -50.9539
-0.064 -244.854 -50.8013
-0.062 -241.197 -50.5317
-0.06 -237.176 -50.1456
-0.058 -232.798 -49.644
-0.056 -228.07 -49.028
-0.054 -223 -48.2991
-0.052 -217.596 -47.459
-0.05 -211.866 -46.5097
-0.048 -205.82 -45.4535
-0.046 -199.468 -44.293
-0.044 -192.819 -43.0308
-0.042 -185.885 -41.6699
-0.04 -178.676 -40.2136
-0.038 -171.203 -38.6653
-0.036 -163.479 -37.0284
-0.034 -155.514 -35.3069
-0.032 -147.322 -33.5047
-0.03 -138.915 -31.6257
-0.028 -130.305 -29.6744
-0.026 -121.505 -27.655
-0.024 -112.528 -25.5721
-0.022 -103.388 -23.4303
-0.02 -94.0975 -21.2343
-0.018 -84.6702 -18.9888
-0.016 -75.1197 -16.6988
-0.014 -65.4595 -14.3691
-0.012 -55.7035 -12.0049
-0.01 -45.8654 -9.61108
-0.008 -35.959 -7.19285
-0.006 -25.9982 -4.7553
-0.004 -15.9969 -2.3036
-0.002 -5.96911 0.157076
0 4.07133 2.62152
0.002 14.1104 5.08457
0.004 24.1343 7.54099
0.006 34.1289 9.98562
0.008 44.0804 12.4133
0.01 53.9749 14.8188
0.012 63.7985 17.1971
0.014 73.5373 19.5431
0.016 83.1777 21.8517
0.018 92.706 24.1181
0.02 102.108 26.3372
0.022 111.371 28.5043
0.024 120.482 30.6145
0.026 129.426 32.6633
0.028 138.191 34.646
0.03 146.764 36.5582
0.032 155.132 38.3957
0.034 163.282 40.1542
0.036 171.202 41.8297
0.038 178.88 43.4183
0.04 186.304 44.9163
0.042 193.462 46.3201
0.044 200.343 47.6266
0.046 206.937 48.8325
0.048 213.232 49.9349
0.05 219.219 50.9312
0.052 224.888 51.8189
0.054 230.229 52.5958
0.056 235.235 53.2601
0.058 239.896 53.8101
0.06 244.206 54.2443
0.062 248.157 54.5618
0.064 251.743 54.7617
0.066 254.957 54.8434
0.068 257.795 54.8069
0.07 260.253 54.6521
0.072 262.325 54.3796
0.074 264.009 53.99
0.076 265.303 53.4843
0.078 266.205 52.8638
0.08 266.713 52.1302
0.082 266.827 51.2855
0.084 266.548 50.3317
0.086 265.877 49.2715
0.088 264.816 48.1075
0.09 263.366 46.8429
0.092 261.532 45.4809
0.094 259.318 44.0252
0.096 256.727 42.4794
0.098 253.767 40.8476
0.1 250.442 39.134
0.102 246.759 37.3431
0.104 242.726 35.4794
0.106 238.352 33.5478
0.108 233.643 31.5531
0.11 228.611 29.5003
0.112 223.264 27.3947
0.114 217.614 25.2415
0.116 211.67 23.0461
0.118 205.444 20.8138
0.12 198.949 18.5501
0.122 192.196 16.2606
0.124 185.198 13.9506
0.126 177.968 11.6258
0.128 170.52 9.29154
0.13 162.867 6.95331
0.132 155.023 4.61647
0.134 147.003 2.28634
0.136 138.821 -0.0318522
0.138 130.491 -2.33298
0.14 122.029 -4.61203
0.142 113.45 -6.86411
0.144 104.768 -9.0845
0.146 95.9995 -11.2686
0.148 87.1586 -13.4119
0.15 78.261 -15.5103
0.152 69.3217 -17.5597
0.154 60.3559 -19.5561
0.156 51.3787 -21.496
0.158 42.4048 -23.3758
0.16 33.4493 -25.1924
0.162 24.5265 -26.9428
0.164 15.651 -28.624
0.166 6.83695 -30.2337
0.168 -1.90171 -31.7695
0.17 -10.5513 -33.2294
0.172 -19.0984 -34.6114
0.174 -27.5301 -35.9141
0.176 -35.8336 -37.1361
0.178 -43.9965 -38.2764
0.18 -52.0069 -39.334
0.182 -59.8533 -40.3084
0.184 -67.5245 -41.1992
0.186 -75.0099 -42.0062
0.188 -82.2993 -42.7297
0.19 -89.3828 -43.3699
0.192 -96.2512 -43.9274
0.194 -102.896 -44.4029
0.196 -109.308 -44.7973
0.198 -115.481 -45.112
0.2 -121.407 -45.3482
0.202 -127.079 -45.5075
0.204 -132.492 -45.5916
0.206 -137.64 -45.6023
0.208 -142.517 -45.5419
0.21 -147.12 -45.4124
0.212 -151.444 -45.2161
0.214 -155.487 -44.9556
0.216 -159.245 -44.6334
0.218 -162.717 -44.2522
0.22 -165.901 -43.8148
0.222 -168.796 -43.3239
0.224 -171.401 -42.7827
0.226 -173.717 -42.1939
0.228 -175.745 -41.5607
0.23 -177.485 -40.8862
0.232 -178.939 -40.1735
0.234 -180.11 -39.4256
0.236 -180.999 -38.6457
0.238 -181.612 -37.837
0.24 -181.951 -37.0025
0.242 -182.02 -36.1454
0.244 -181.824 -35.2687
0.246 -181.369 -34.3754
0.248 -180.66 -33.4686
0.25 -179.702 -32.551
0.252 -178.502 -31.6256
0.254 -177.068 -30.6952
0.256 -175.405 -29.7623
0.258 -173.521 -28.8298
0.26 -171.425 -27.9
0.262 -169.124 -26.9754
0.264 -166.627 -26.0583
0.266 -163.941 -25.151
0.268 -161.077 -24.2555
0.27 -158.042 -23.3739
0.272 -154.847 -22.508
0.274 -151.501 -21.6596
0.276 -148.012 -20.8303
0.278 -144.392 -20.0216
0.28 -140.65 -19.235
0.282 -136.795 -18.4717
0.284 -132.838 -17.7329
0.286 -128.789 -17.0196
0.288 -124.657 -16.3327
0.29 -120.454 -15.673
0.292 -116.188 -15.0411
0.294 -111.869 -14.4377
0.296 -107.508 -13.863
0.298 -103.115 -13.3175
0.3 -98.6986 -12.8013
0.302 -94.2687 -12.3145
0.304 -89.8347 -11.8572
0.306 -85.4058 -11.4291
0.308 -80.991 -11.03
0.31 -76.5991 -10.6598
0.312 -72.2386 -10.3178
0.314 -67.9177 -10.0037
0.316 -63.6445 -9.71687
0.318 -59.4268 -9.4566
0.32 -55.272 -9.22219
0.322 -51.1871 -9.01281
0.324 -47.1789 -8.8276
0.326 -43.2539 -8.6656
0.328 -39.4182 -8.52583
0.33 -35.6774 -8.40724
0.332 -32.037 -8.30872
0.334 -28.5018 -8.22914
0.336 -25.0764 -8.16731
0.338 -21.765 -8.12203
0.34 -18.5714 -8.09206
0.342 -15.4988 -8.07614
0.344 -12.5504 -8.07299
0.346 -9.72854 -8.08132
0.348 -7.03545 -8.09983
0.35 -4.47285 -8.12723
0.352 -2.04207 -8.16221
0.354 0.255961 -8.20349
0.356 2.4207 -8.24978
0.358 4.45201 -8.29983
0.36 6.35011 -8.35241
0.362 8.11561 -8.40629
0.364 9.74946 -8.46031
0.366 11.253 -8.51331
0.368 12.6278 -8.56418
0.37 13.876 -8.61187
0.372 14.9998 -8.65536
0.374 16.0017 -8.69368
0.376 16.8848 -8.72592
0.378 17.652 -8.75124
0.38 18.3068 -8.76882
0.382 18.8529 -8.77794
0.384 19.294 -8.77794
0.386 19.6342 -8.76822
0.388 19.8778 -8.74823
0.39 20.0291 -8.71753
0.392 20.0926 -8.67572
0.394 20.073 -8.62249
0.396 19.975 -8.55759
0.398 19.8035 -8.48085
0.4 19.5633 -8.39217
0.402 19.2594 -8.29154
0.404 18.8967 -8.17899
0.406 18.4803 -8.05464
0.408 18.0151 -7.91868
0.41 17.506 -7.77137
0.412 16.9579 -7.61303
0.414 16.3756 -7.44405
0.416 15.7639 -7.26486
0.418 15.1274 -7.07597
0.42 14.4707 -6.87794
0.422 13.7982 -6.67138
0.424 13.114 -6.45695
0.426 12.4224 -6.23534
0.428 11.7273 -6.0073
0.43 11.0324 -5.77361
0.432 10.3413 -5.53507
0.434 9.65748 -5.29251
0.436 8.98398 -5.04679
0.438 8.32382 -4.79879
0.44 7.67971 -4.54938
0.442 7.05418 -4.29945
0.444 6.44949 -4.04991
0.446 5.86768 -3.80164
0.448 5.31054 -3.55551
0.45 4.77965 -3.31241
0.452 4.2763 -3.07319
0.454 3.80157 -2.83866
0.456 3.3563 -2.60964
0.458 2.94107 -2.3869
0.46 2.55624 -2.17117
0.462 2.20194 -1.96314
0.464 1.87806 -1.76347
0.466 1.5843 -1.57276
0.468 1.3201 -1.39157
0.47 1.08474 -1.22038
0.472 0.877265 -1.05965
0.474 0.696562 -0.909744
0.476 0.541326 -0.770992
0.478 0.410085 -0.643644
0.48 0.301214 -0.527888
0.482 0.212945 -0.423843
0.484 0.143378 -0.331562
0.486 0.0904972 -0.251026
0.488 0.0521815 -0.182147
0.49 0.0262213 -0.124766
0.492 0.0103319 -0.0786582
0.494 0.00216841 -0.0435252
0.496 -0.000659235 -0.0190029
0.498 -0.000570709 -0.00466003
0.05 2.05871 1.03223
0.1 2.05868 1.03223
0.15 2.05863 1.03223
0.2 2.05856 1.03223
0.25 2.05847 1.03223
0.3 2.05837 1.03222
0.35 2.05824 1.03222
0.4 2.05809 1.03222
0.45 2.05792 1.03221
0.5 2.05774 1.03221
0.55 2.05753 1.0322
0.6 2.05731 1.0322
0.65 2.05706 1.03219
0.7 2.05679 1.03218
0.75 2.0565 1.03217
0.8 2.0562 1.03217
0.85 2.05587 1.03216
0.9 2.05552 1.03214
0.95 2.05515 1.03213
1 2.05476 1.03212
1.05 2.05435 1.0321
1.1 2.05391 1.03209
1.15 2.05346 1.03207
1.2 2.05298 1.03205
1.25 2.05248 1.03203
1.3 2.05196 1.032
1.35 2.05142 1.03198
1.4 2.05085 1.03195
1.45 2.05027 1.03192
1.5 2.04965 1.03189
1.55 2.04902 1.03185
1.6 2.04836 1.03182
1.65 2.04768 1.03178
1.7 2.04697 1.03173
1.75 2.04624 1.03169
1.8 2.04549 1.03164
1.85 2.04471 1.03159
1.9 2.0439 1.03153
1.95 2.04307 1.03147
2 2.04222 1.03141
2.05 2.04134 1.03134
2.1 2.04043 1.03127
2.15 2.03949 1.03119
2.2 2.03853 1.03111
2.25 2.03754 1.03103
2.3 2.03653 1.03094
2.35 2.03548 1.03084
2.4 2.03441 1.03074
2.45 2.03331 1.03063
2.5 2.03218 1.03052
2.55 2.03102 1.0304
2.6 2.02983 1.03028
2.65 2.02861 1.03015
2.7 2.02736 1.03001
2.75 2.02608 1.02987
2.8 2.02477 1.02972
2.85 2.02343 1.02956
2.9 2.02205 1.0294
2.95 2.02065 1.02923
3 2.01921 1.02905
3.05 2.01773 1.02886
3.1 2.01623 1.02866
3.15 2.01469 1.02846
3.2 2.01312 1.02824
3.25 2.01151 1.02802
3.3 2.00987 1.02779
3.35 2.00819 1.02755
3.4 2.00647 1.0273
3.45 2.00473 1.02704
3.5 2.00294 1.02677
3.55 2.00112 1.02649
3.6 1.99926 1.0262
3.65 1.99736 1.02589
3.7 1.99542 1.02558
3.75 1.99345 1.02526
3.8 1.99144 1.02492
3.85 1.98939 1.02457
3.9 1.98729 1.02421
3.95 1.98516 1.02384
4 1.98299 1.02346
4.05 1.98078 1.02306
4.1 1.97853 1.02265
4.15 1.97623 1.02223
4.2 1.9739 1.02179
4.25 1.97152 1.02134
4.3 1.9691 1.02088
4.35 1.96663 1.0204
4.4 1.96413 1.01991
4.45 1.96157 1.0194
4.5 1.95898 1.01888
4.55 1.95634 1.01835
4.6 1.95366 1.0178
4.65 1.95093 1.01723
4.7 1.94815 1.01665
4.75 1.94533 1.01605
4.8 1.94247 1.01543
4.85 1.93956 1.0148
4.9 1.9366 1.01415
4.95 1.93359 1.01349
5 1.93054 1.01281
5.05 1.92744 1.01211
5.1 1.92429 1.01139
5.15 1.92109 1.01066
5.2 1.91785 1.0099
5.25 1.91455 1.00913
5.3 1.91121 1.00834
5.35 1.90782 1.00754
5.4 1.90438 1.00671
5.45 1.90089 1.00587
5.5 1.89735 1.005
5.55 1.89375 1.00412
5.6 1.89011 1.00322
5.65 1.88642 1.00229
5.7 1.88268 1.00135
5.75 1.87888 1.00039
5.8 1.87504 0.999407
5.85 1.87114 0.998404
5.9 1.86719 0.99738
5.95 1.86319 0.996336
6 1.85914 0.995271
6.05 1.85503 0.994184
6.1 1.85088 0.993077
6.15 1.84667 0.991948
6.2 1.84241 0.990797
6.25 1.83809 0.989625
6.3 1.83372 0.988432
6.35 1.82931 0.987216
6.4 1.82483 0.985978
6.45 1.82031 0.984718
6.5 1.81573 0.983435
6.55 1.8111 0.982131
6.6 1.80641 0.980803
6.65 1.80167 0.979453
6.7 1.79688 0.97808
6.75 1.79204 0.976684
6.8 1.78714 0.975266
6.85 1.78219 0.973824
6.9 1.77719 0.972359
6.95 1.77213 0.970871
7 1.76702 0.969359
7.05 1.76186 0.967825
7.1 1.75665 0.966266
7.15 1.75138 0.964684
7.2 1.74606 0.963079
7.25 1.74068 0.96145
7.3 1.73526 0.959797
7.35 1.72978 0.95812
7.4 1.72425 0.95642
7.45 1.71867 0.954696
7.5 1.71303 0.952948
7.55 1.70735 0.951176
7.6 1.70161 0.94938
7.65 1.69582 0.94756
7.7 1.68998 0.945717
7.75 1.68409 0.943849
7.8 1.67814 0.941958
7.85 1.67215 0.940043
7.9 1.66611 0.938103
7.95 1.66002 0.93614
8 1.65387 0.934153
8.05 1.64768 0.932142
8.1 1.64144 0.930108
8.15 1.63515 0.928049
8.2 1.62881 0.925967
8.25 1.62243 0.923862
8.3 1.61599 0.921732
8.35 1.60951 0.919579
8.4 1.60298 0.917403
8.45 1.59641 0.915203
8.5 1.58979 0.912979
8.55 1.58312 0.910733
8.6 1.5764 0.908463
8.65 1.56965 0.90617
8.7 1.56284 0.903854
8.75 1.556 0.901516
8.8 1.54911 0.899154
8.85 1.54217 0.89677
8.9 1.5352 0.894363
8.95 1.52818 0.891933
9 1.52112 0.889482
9.05 1.51401 0.887008
9.1 1.50687 0.884512
9.15 1.49969 0.881994
9.2 1.49246 0.879454
9.25 1.4852 0.876893
9.3 1.4779 0.87431
9.35 1.47056 0.871706
9.4 1.46319 0.869081
9.45 1.45577 0.866434
9.5 1.44832 0.863767
9.55 1.44084 0.86108
9.6 1.43332 0.858371
9.65 1.42577 0.855643
9.7 1.41818 0.852894
9.75 1.41056 0.850126
9.8 1.4029 0.847338
9.85 1.39522 0.84453
9.9 1.3875 0.841704
9.95 1.37975 0.838858
10 1.37197 0.835993
10.05 1.36417 0.83311
10.1 1.35633 0.830208
10.15 1.34847 0.827288
10.2 1.34058 0.82435
10.25 1.33266 0.821395
10.3 1.32472 0.818422
10.35 1.31676 0.815432
10.4 1.30877 0.812425
10.45 1.30075 0.809401
10.5 1.29272 0.806361
10.55 1.28466 0.803305
10.6 1.27658 0.800232
10.65 1.26848 0.797144
10.7 1.26036 0.794041
10.75 1.25222 0.790923
10.8 1.24406 0.787789
10.85 1.23589 0.784641
10.9 1.2277 0.781479
10.95 1.21949 0.778303
11 1.21127 0.775113
11.05 1.20304 0.77191
11.1 1.19479 0.768694
11.15 1.18653 0.765465
11.2 1.17826 0.762223
11.25 1.16998 0.758969
11.3 1.16168 0.755703
11.35 1.15338 0.752426
11.4 1.14507 0.749137
11.45 1.13675 0.745837
11.5 1.12843 0.742526
11.55 1.1201 0.739205
11.6 1.11176 0.735874
11.65 1.10342 0.732534
11.7 1.09508 0.729183
11.75 1.08674 0.725824
11.8 1.07839 0.722456
11.85 1.07004 0.719079
11.9 1.06169 0.715695
11.95 1.05335 0.712302
12 1.045 0.708902
12.05 1.03666 0.705494
12.1 1.02832 0.70208
12.15 1.01998 0.698659
12.2 1.01165 0.695232
12.25 1.00333 0.6918
12.3 0.995009 0.688361
12.35 0.986698 0.684918
12.4 0.978396 0.681469
12.45 0.970102 0.678016
12.5 0.961819 0.674559
12.55 0.953546 0.671097
12.6 0.945285 0.667633
12.65 0.937036 0.664165
12.7 0.928801 0.660694
12.75 0.920579 0.65722
12.8 0.912372 0.653744
12.85 0.904181 0.650267
12.9 0.896006 0.646787
12.95 0.887848 0.643307
13 0.879709 0.639825
13.05 0.871587 0.636343
13.1 0.863486 0.632861
13.15 0.855404 0.629378
13.2 0.847344 0.625896
13.25 0.839306 0.622415
13.3 0.83129 0.618934
13.35 0.823297 0.615455
13.4 0.815328 0.611978
13.45 0.807384 0.608502
13.5 0.799466 0.605029
13.55 0.791573 0.601558
13.6 0.783708 0.59809
13.65 0.77587 0.594626
13.7 0.768061 0.591165
13.75 0.760281 0.587707
13.8 0.75253 0.584254
13.85 0.74481 0.580805
13.9 0.737121 0.577361
13.95 0.729463 0.573922
14 0.721838 0.570488
14.05 0.714246 0.56706
14.1 0.706688 0.563638
14.15 0.699163 0.560222
14.2 0.691674 0.556812
14.25 0.684221 0.553409
14.3 0.676803 0.550013
14.35 0.669422 0.546624
14.4 0.662079 0.543243
14.45 0.654773 0.53987
14.5 0.647506 0.536505
14.55 0.640278 0.533148
14.6 0.633089 0.5298
14.65 0.625941 0.526461
14.7 0.618833 0.523131
14.75 0.611766 0.51981
14.8 0.604741 0.516499
14.85 0.597758 0.513198
14.9 0.590818 0.509907
14.95 0.58392 0.506626
15 0.577067 0.503356
15.05 0.570257 0.500097
15.1 0.563492 0.496849
15.15 0.556772 0.493612
15.2 0.550097 0.490386
15.25 0.543467 0.487173
15.3 0.536884 0.483971
15.35 0.530348 0.480781
15.4 0.523858 0.477604
15.45 0.517416 0.474439
15.5 0.511021 0.471287
15.55 0.504674 0.468148
15.6 0.498376 0.465022
15.65 0.492126 0.46191
15.7 0.485925 0.458811
15.75 0.479774 0.455725
15.8 0.473672 0.452654
15.85 0.467619 0.449596
15.9 0.461617 0.446552
15.95 0.455665 0.443523
16 0.449764 0.440509
16.05 0.443914 0.437509
16.1 0.438114 0.434524
16.15 0.432366 0.431553
16.2 0.426669 0.428598
16.25 0.421024 0.425658
16.3 0.415431 0.422733
16.35 0.40989 0.419824
16.4 0.4044 0.416931
16.45 0.398963 0.414053
16.5 0.393579 0.411191
16.55 0.388247 0.408344
16.6 0.382967 0.405514
16.65 0.37774 0.4027
16.7 0.372566 0.399902
16.75 0.367445 0.397121
16.8 0.362377 0.394356
16.85 0.357361 0.391607
16.9 0.352399 0.388875
16.95 0.347489 0.386159
17 0.342633 0.383461
17.05 0.33783 0.380779
17.1 0.333079 0.378114
17.15 0.328382 0.375465
17.2 0.323738 0.372834
17.25 0.319146 0.37022
17.3 0.314608 0.367622
17.35 0.310122 0.365042
17.4 0.305689 0.362479
17.45 0.301309 0.359933
17.5 0.296982 0.357404
17.55 0.292707 0.354893
17.6 0.288484 0.352398
17.65 0.284313 0.349921
17.7 0.280195 0.347461
17.75 0.276129 0.345018
17.8 0.272114 0.342593
17.85 0.268151 0.340185
17.9 0.26424 0.337794
17.95 0.26038 0.33542
18 0.256571 0.333064
18.05 0.252813 0.330724
18.1 0.249106 0.328402
18.15 0.245449 0.326097
18.2 0.241843 0.32381
18.25 0.238287 0.321539
18.3 0.23478 0.319286
18.35 0.231323 0.317049
18.4 0.227916 0.314829
18.45 0.224557 0.312627
18.5 0.221247 0.310441
18.55 0.217986 0.308272
18.6 0.214773 0.30612
18.65 0.211607 0.303985
18.7 0.20849 0.301867
18.75 0.205419 0.299765
18.8 0.202396 0.297679
18.85 0.199419 0.29561
18.9 0.196488 0.293558
18.95 0.193604 0.291522
19 0.190765 0.289502
19.05 0.187971 0.287498
19.1 0.185222 0.28551
19.15 0.182518 0.283539
19.2 0.179858 0.281583
19.25 0.177242 0.279643
19.3 0.174669 0.277719
19.35 0.172139 0.27581
19.4 0.169652 0.273917
19.45 0.167207 0.272039
19.5 0.164803 0.270177
19.55 0.162442 0.26833
19.6 0.160121 0.266497
19.65 0.157841 0.26468
19.7 0.155601 0.262878
19.75 0.1534 0.261091
19.8 0.151239 0.259318
19.85 0.149117 0.257559
19.9 0.147033 0.255815
19.95 0.144988 0.254086
20 0.142979 0.25237
20.05 0.141008 0.250669
20.1 0.139074 0.248981
20.15 0.137176 0.247307
20.2 0.135313 0.245647
20.25 0.133486 0.244
20.3 0.131694 0.242367
20.35 0.129936 0.240746
20.4 0.128212 0.239139
20.45 0.126521 0.237545
20.5 0.124863 0.235964
20.55 0.123238 0.234395
20.6 0.121645 0.232839
20.65 0.120083 0.231295
20.7 0.118553 0.229763
20.75 0.117053 0.228244
20.8 0.115583 0.226736
20.85 0.114143 0.22524
20.9 0.112732 0.223756
20.95 0.11135 0.222284
21 0.109996 0.220822
21.05 0.108669 0.219372
21.1 0.10737 0.217933
21.15 0.106098 0.216505
21.2 0.104852 0.215088
21.25 0.103632 0.213681
21.3 0.102438 0.212285
21.35 0.101268 0.210899
21.4 0.100123 0.209523
21.45 0.0990016 0.208157
21.5 0.0979039 0.206802
21.55 0.0968291 0.205455
21.6 0.095777 0.204119
21.65 0.0947469 0.202792
21.7 0.0937385 0.201474
21.75 0.0927512 0.200165
21.8 0.0917847 0.198865
21.85 0.0908385 0.197574
21.9 0.0899121 0.196292
21.95 0.0890051 0.195018
22 0.088117 0.193753
22.05 0.0872473 0.192496
22.1 0.0863957 0.191247
22.15 0.0855617 0.190006
22.2 0.0847449 0.188773
22.25 0.0839448 0.187547
22.3 0.083161 0.186329
22.35 0.0823931 0.185119
22.4 0.0816407 0.183915
22.45 0.0809032 0.182719
22.5 0.0801805 0.18153
22.55 0.0794719 0.180347
22.6 0.0787771 0.179172
22.65 0.0780958 0.178003
22.7 0.0774274 0.17684
22.75 0.0767717 0.175684
22.8 0.0761282 0.174534
22.85 0.0754965 0.17339
22.9 0.0748763 0.172252
22.95 0.0742672 0.171119
23 0.0736688 0.169993
23.05 0.0730808 0.168872
23.1 0.0725027 0.167756
23.15 0.0719343 0.166646
23.2 0.0713752 0.165541
23.25 0.070825 0.164441
23.3 0.0702833 0.163346
23.35 0.06975 0.162256
23.4 0.0692245 0.161171
23.45 0.0687067 0.16009
23.5 0.0681961 0.159014
23.55 0.0676925 0.157943
23.6 0.0671955 0.156875
23.65 0.0667049 0.155812
23.7 0.0662204 0.154753
23.75 0.0657416 0.153699
23.8 0.0652682 0.152648
23.85 0.0648001 0.151601
23.9 0.0643368 0.150558
23.95 0.0638782 0.149518
24 0.063424 0.148482
24.05 0.0629738 0.14745
24.1 0.0625276 0.14642
24.15 0.0620849 0.145395
24.2 0.0616456 0.144372
24.25 0.0612095 0.143353
24.3 0.0607762 0.142337
24.35 0.0603456 0.141324
24.4 0.0599175 0.140314
24.45 0.0594916 0.139307
24.5 0.0590677 0.138302
24.55 0.0586457 0.137301
24.6 0.0582253 0.136302
24.65 0.0578063 0.135305
24.7 0.0573886 0.134312
24.75 0.056972 0.133321
24.8 0.0565563 0.132332
24.85 0.0561413 0.131346
24.9 0.055727 0.130362
24.95 0.055313 0.12938
25 0.0548993 0.128401
25.05 0.0544857 0.127424
25.1 0.0540721 0.126449
25.15 0.0536584 0.125477
25.2 0.0532444 0.124506
25.25 0.05283 0.123538
25.3 0.0524151 0.122572
25.35 0.0519996 0.121607
25.4 0.0515833 0.120645
25.45 0.0511662 0.119685
25.5 0.0507482 0.118726
25.55 0.0503292 0.11777
25.6 0.0499091 0.116815
25.65 0.0494878 0.115863
25.7 0.0490652 0.114912
25.75 0.0486413 0.113963
25.8 0.048216 0.113016
25.85 0.0477893 0.11207
25.9 0.0473611 0.111127
25.95 0.0469313 0.110185
26 0.0465 0.109246
26.05 0.046067 0.108308
26.1 0.0456323 0.107371
26.15 0.045196 0.106437
26.2 0.0447579 0.105504
26.25 0.0443181 0.104574
26.3 0.0438765 0.103645
26.35 0.0434331 0.102718
26.4 0.042988 0.101792
26.45 0.042541 0.100869
26.5 0.0420923 0.0999473
26.55 0.0416418 0.0990276
26.6 0.0411896 0.0981098
26.65 0.0407355 0.0971939
26.7 0.0402798 0.0962799
26.75 0.0398223 0.0953679
26.8 0.0393631 0.0944578
26.85 0.0389022 0.0935498
26.9 0.0384397 0.0926437
26.95 0.0379756 0.0917397
27 0.0375099 0.0908378
27.05 0.0370427 0.089938
27.1 0.0365741 0.0890403
27.15 0.0361039 0.0881447
27.2 0.0356325 0.0872514
27.25 0.0351596 0.0863603
27.3 0.0346855 0.0854714
27.35 0.0342102 0.0845848
27.4 0.0337338 0.0837006
27.45 0.0332562 0.0828187
27.5 0.0327777 0.0819393
27.55 0.0322982 0.0810623
27.6 0.0318178 0.0801878
27.65 0.0313366 0.0793158
27.7 0.0308547 0.0784464
27.75 0.0303722 0.0775797
27.8 0.0298891 0.0767156
27.85 0.0294055 0.0758542
27.9 0.0289215 0.0749956
27.95 0.0284372 0.0741398
28 0.0279527 0.0732868
28.05 0.027468 0.0724367
28.1 0.0269834 0.0715896
28.15 0.0264988 0.0707455
28.2 0.0260143 0.0699044
28.25 0.0255301 0.0690665
28.3 0.0250462 0.0682317
28.35 0.0245627 0.0674001
28.4 0.0240798 0.0665717
28.45 0.0235976 0.0657467
28.5 0.0231161 0.064925
28.55 0.0226354 0.0641067
28.6 0.0221557 0.0632919
28.65 0.021677 0.0624807
28.7 0.0211995 0.0616729
28.75 0.0207232 0.0608689
28.8 0.0202483 0.0600685
28.85 0.0197748 0.0592718
28.9 0.0193029 0.0584789
28.95 0.0188327 0.0576899
29 0.0183643 0.0569048
29.05 0.0178978 0.0561236
29.1 0.0174332 0.0553464
29.15 0.0169707 0.0545733
29.2 0.0165105 0.0538043
29.25 0.0160525 0.0530395
29.3 0.0155969 0.0522789
29.35 0.0151439 0.0515225
29.4 0.0146935 0.0507705
29.45 0.0142457 0.0500229
29.5 0.0138008 0.0492797
29.55 0.0133588 0.048541
29.6 0.0129199 0.0478068
29.65 0.012484 0.0470772
29.7 0.0120514 0.0463522
29.75 0.011622 0.045632
29.8 0.0111961 0.0449164
29.85 0.0107737 0.0442057
29.9 0.0103549 0.0434998
29.95 0.00993973 0.0427987
30 0.00952837 0.0421026
30.05 0.00912089 0.0414115
30.1 0.00871737 0.0407254
30.15 0.00831789 0.0400444
30.2 0.00792255 0.0393685
30.25 0.00753143 0.0386977
30.3 0.0071446 0.0380321
30.35 0.00676216 0.0373718
30.4 0.00638418 0.0367168
30.45 0.00601074 0.0360671
30.5 0.00564192 0.0354227
30.55 0.00527778 0.0347838
30.6 0.00491841 0.0341503
30.65 0.00456387 0.0335223
30.7 0.00421423 0.0328998
30.75 0.00386956 0.0322829
30.8 0.00352992 0.0316715
30.85 0.00319538 0.0310658
30.9 0.002866 0.0304658
30.95 0.00254183 0.0298714
31 0.00222294 0.0292827
31.05 0.00190937 0.0286998
31.1 0.00160118 0.0281226
31.15 0.00129842 0.0275513
31.2 0.00100114 0.0269858
31.25 0.000709379 0.0264261
31.3 0.000423187 0.0258724
31.35 0.000142604 0.0253245
31.4 -0.000132332 0.0247825
31.45 -0.000401583 0.0242465
31.5 -0.000665116 0.0237165
31.55 -0.000922897 0.0231924
31.6 -0.0011749 0.0226744
31.65 -0.00142109 0.0221623
31.7 -0.00166145 0.0216563
31.75 -0.00189595 0.0211563
31.8 -0.00212457 0.0206624
31.85 -0.0023473 0.0201746
31.9 -0.00256412 0.0196928
31.95 -0.00277501 0.0192171
32 -0.00297996 0.0187476
32.05 -0.00317897 0.0182841
32.1 -0.00337203 0.0178267
32.15 -0.00355913 0.0173755
32.2 -0.00374027 0.0169303
32.25 -0.00391546 0.0164913
32.3 -0.00408469 0.0160584
32.35 -0.00424797 0.0156316
32.4 -0.00440531 0.015211
32.45 -0.00455671 0.0147964
32.5 -0.0047022 0.0143879
32.55 -0.00484177 0.0139856
32.6 -0.00497546 0.0135893
32.65 -0.00510328 0.0131992
32.7 -0.00522524 0.0128151
32.75 -0.00534138 0.012437
32.8 -0.00545172 0.0120651
32.85 -0.00555628 0.0116991
32.9 -0.00565509 0.0113392
32.95 -0.00574819 0.0109854
33 -0.00583561 0.0106375
33.05 -0.00591739 0.0102956
33.1 -0.00599356 0.0099596
33.15 -0.00606416 0.00962959
33.2 -0.00612924 0.0093055
33.25 -0.00618883 0.0089873
33.3 -0.00624299 0.00867498
33.35 -0.00629176 0.0083685
33.4 -0.00633519 0.00806785
33.45 -0.00637334 0.007773
33.5 -0.00640625 0.00748391
33.55 -0.00643397 0.00720057
33.6 -0.00645658 0.00692293
33.65 -0.00647412 0.00665098
33.7 -0.00648665 0.00638467
33.75 -0.00649424 0.00612398
33.8 -0.00649694 0.00586887
33.85 -0.00649483 0.00561931
33.9 -0.00648797 0.00537526
33.95 -0.00647642 0.00513668
34 -0.00646026 0.00490354
34.05 -0.00643956 0.00467579
34.1 -0.00641438 0.0044534
34.15 -0.0063848 0.00423633
34.2 -0.00635089 0.00402453
34.25 -0.00631274 0.00381797
34.3 -0.00627041 0.0036166
34.35 -0.00622399 0.00342037
34.4 -0.00617354 0.00322925
34.45 -0.00611916 0.00304318
34.5 -0.00606093 0.00286212
34.55 -0.00599892 0.00268603
34.6 -0.00593321 0.00251485
34.65 -0.0058639 0.00234853
34.7 -0.00579107 0.00218704
34.75 -0.00571479 0.00203031
34.8 -0.00563516 0.0018783
34.85 -0.00555227 0.00173096
34.9 -0.0054662 0.00158823
34.95 -0.00537703 0.00145006
35 -0.00528487 0.00131641
35.05 -0.00518979 0.0011872
35.1 -0.00509188 0.0010624
35.15 -0.00499124 0.000941951
35.2 -0.00488796 0.00082579
35.25 -0.00478213 0.000713866
35.3 -0.00467383 0.000606123
35.35 -0.00456316 0.000502504
35.4 -0.00445021 0.000402953
35.45 -0.00433507 0.000307412
35.5 -0.00421784 0.000215823
35.55 -0.0040986 0.00012813
35.6 -0.00397744 4.42729e-05
35.65 -0.00385446 -3.5806e-05
35.7 -0.00372976 -0.000112166
35.75 -0.00360341 -0.000184865
35.8 -0.00347552 -0.000253964
35.85 -0.00334617 -0.000319522
35.9 -0.00321545 -0.000381598
35.95 -0.00308347 -0.000440253
36 -0.00295029 -0.000495546
36.05 -0.00281602 -0.000547539
36.1 -0.00268075 -0.000596291
36.15 -0.00254456 -0.000641862
36.2 -0.00240754 -0.000684314
36.25 -0.00226979 -0.000723708
36.3 -0.00213138 -0.000760102
36.35 -0.00199242 -0.00079356
36.4 -0.00185297 -0.00082414
36.45 -0.00171313 -0.000851904
36.5 -0.00157298 -0.000876912
36.55 -0.00143261 -0.000899225
36.6 -0.00129211 -0.000918904
36.65 -0.00115154 -0.000936008
36.7 -0.00101101 -0.000950599
36.75 -0.000870574 -0.000962735
36.8 -0.00073033 -0.000972478
36.85 -0.000590352 -0.000979886
36.9 -0.000450719 -0.00098502
36.95 -0.000311507 -0.000987938
37 -0.000172793 -0.000988701
37.05 -3.46521e-05 -0.000987366
37.1 0.000102841 -0.000983993
37.15 0.000239615 -0.00097864
37.2 0.000375596 -0.000971365
37.25 0.000510714 -0.000962226
37.3 0.000644901 -0.000951279
37.35 0.000778086 -0.000938583
37.4 0.000910204 -0.000924194
37.45 0.00104119 -0.000908167
37.5 0.00117097 -0.00089056
37.55 0.0012995 -0.000871427
37.6 0.0014267 -0.000850824
37.65 0.00155252 -0.000828806
37.7 0.0016769 -0.000805425
37.75 0.00179977 -0.000780737
37.8 0.00192109 -0.000754795
37.85 0.00204079 -0.00072765
37.9 0.00215883 -0.000699356
37.95 0.00227515 -0.000669964
38 0.0023897 -0.000639526
38.05 0.00250244 -0.000608091
38.1 0.00261331 -0.00057571
38.15 0.00272226 -0.000542433
38.2 0.00282926 -0.000508307
38.25 0.00293426 -0.000473383
38.3 0.00303722 -0.000437707
38.35 0.00313809 -0.000401326
38.4 0.00323685 -0.000364288
38.45 0.00333344 -0.000326637
38.5 0.00342785 -0.000288419
38.55 0.00352002 -0.000249679
38.6 0.00360994 -0.000210461
38.65 0.00369756 -0.000170807
38.7 0.00378286 -0.00013076
38.75 0.00386582 -9.03625e-05
38.8 0.0039464 -4.96553e-05
38.85 0.00402458 -8.67886e-06
38.9 0.00410034 3.25269e-05
38.95 0.00417365 7.39231e-05
39 0.00424451 0.000115471
39.05 0.00431287 0.000157134
39.1 0.00437874 0.000198873
39.15 0.0044421 0.000240654
39.2 0.00450292 0.000282441
39.25 0.00456121 0.000324199
39.3 0.00461694 0.000365894
39.35 0.00467011 0.000407493
39.4 0.00472072 0.000448963
39.45 0.00476874 0.000490273
39.5 0.00481419 0.000531391
39.55 0.00485706 0.000572288
39.6 0.00489734 0.000612934
39.65 0.00493503 0.0006533
39.7 0.00497014 0.000693358
39.75 0.00500267 0.000733082
39.8 0.00503262 0.000772444
39.85 0.00506 0.000811419
39.9 0.00508481 0.000849982
39.95 0.00510707 0.000888109
40 0.00512677 0.000925777
40.05 0.00514394 0.000962963
40.1 0.00515858 0.000999644
40.15 0.00517071 0.0010358
40.2 0.00518034 0.00107141
40.25 0.00518749 0.00110646
40.3 0.00519218 0.00114092
40.35 0.00519442 0.00117478
40.4 0.00519423 0.00120802
40.45 0.00519163 0.00124062
40.5 0.00518665 0.00127257
40.55 0.00517931 0.00130386
40.6 0.00516963 0.00133446
40.65 0.00515764 0.00136436
40.7 0.00514337 0.00139356
40.75 0.00512683 0.00142204
40.8 0.00510807 0.00144978
40.85 0.0050871 0.00147678
40.9 0.00506396 0.00150303
40.95 0.00503869 0.00152851
41 0.00501131 0.00155322
41.05 0.00498185 0.00157714
41.1 0.00495035 0.00160028
41.15 0.00491685 0.00162263
41.2 0.00488137 0.00164417
41.25 0.00484397 0.00166491
41.3 0.00480466 0.00168483
41.35 0.0047635 0.00170394
41.4 0.00472052 0.00172222
41.45 0.00467576 0.00173968
41.5 0.00462925 0.00175632
41.55 0.00458105 0.00177213
41.6 0.00453119 0.00178711
41.65 0.00447971 0.00180126
41.7 0.00442665 0.00181458
41.75 0.00437206 0.00182706
41.8 0.00431598 0.00183872
41.85 0.00425845 0.00184956
41.9 0.00419953 0.00185956
41.95 0.00413924 0.00186874
42 0.00407765 0.0018771
42.05 0.00401478 0.00188465
42.1 0.0039507 0.00189138
42.15 0.00388543 0.0018973
42.2 0.00381904 0.00190242
42.25 0.00375157 0.00190674
42.3 0.00368305 0.00191027
42.35 0.00361355 0.00191301
42.4 0.00354311 0.00191498
42.45 0.00347176 0.00191616
42.5 0.00339957 0.00191659
42.55 0.00332657 0.00191625
42.6 0.00325282 0.00191517
42.65 0.00317837 0.00191335
42.7 0.00310325 0.00191079
42.75 0.00302751 0.00190752
42.8 0.00295121 0.00190353
42.85 0.00287439 0.00189884
42.9 0.0027971 0.00189345
42.95 0.00271938 0.00188739
43 0.00264128 0.00188065
43.05 0.00256285 0.00187325
43.1 0.00248413 0.00186521
43.15 0.00240516 0.00185653
43.2 0.00232601 0.00184722
43.25 0.0022467 0.0018373
43.3 0.00216729 0.00182678
43.35 0.00208781 0.00181568
43.4 0.00200832 0.00180399
43.45 0.00192886 0.00179175
43.5 0.00184947 0.00177896
43.55 0.00177019 0.00176564
43.6 0.00169107 0.00175179
43.65 0.00161215 0.00173743
43.7 0.00153346 0.00172258
43.75 0.00145507 0.00170725
43.8 0.00137699 0.00169146
43.85 0.00129928 0.00167521
43.9 0.00122197 0.00165853
43.95 0.0011451 0.00164142
44 0.00106872 0.0016239
44.05 0.000992846 0.00160599
44.1 0.000917533 0.0015877
44.15 0.000842811 0.00156904
44.2 0.000768718 0.00155003
44.25 0.000695288 0.00153069
44.3 0.000622556 0.00151103
44.35 0.000550556 0.00149106
44.4 0.000479321 0.00147079
44.45 0.000408883 0.00145025
44.5 0.000339275 0.00142945
44.55 0.000270526 0.0014084
44.6 0.000202668 0.00138712
44.65 0.00013573 0.00136561
44.7 6.97401e-05 0.00134391
44.75 4.72651e-06 0.00132201
44.8 -5.92838e-05 0.00129994
44.85 -0.000122265 0.0012777
44.9 -0.00018419 0.00125532
44.95 -0.000245036 0.00123281
45 -0.000304779 0.00121018
45.05 -0.000363396 0.00118744
45.1 -0.000420864 0.00116461
45.15 -0.000477163 0.0011417
45.2 -0.000532272 0.00111873
45.25 -0.000586171 0.00109571
45.3 -0.000638842 0.00107265
45.35 -0.000690268 0.00104957
45.4 -0.000740431 0.00102647
45.45 -0.000789315 0.00100338
45.5 -0.000836905 0.000980297
45.55 -0.000883188 0.000957243
45.6 -0.000928149 0.000934228
45.65 -0.000971776 0.000911263
45.7 -0.00101406 0.000888361
45.75 -0.00105498 0.000865533
45.8 -0.00109454 0.00084279
45.85 -0.00113273 0.000820145
45.9 -0.00116953 0.000797607
45.95 -0.00120494 0.000775188
46 -0.00123895 0.000752899
46.05 -0.00127156 0.00073075
46.1 -0.00130277 0.000708751
46.15 -0.00133256 0.000686911
46.2 -0.00136094 0.000665242
46.25 -0.00138791 0.000643752
46.3 -0.00141345 0.00062245
46.35 -0.00143759 0.000601347
46.4 -0.0014603 0.000580449
46.45 -0.0014816 0.000559766
46.5 -0.00150149 0.000539307
46.55 -0.00151996 0.000519079
46.6 -0.00153703 0.000499089
46.65 -0.0015527 0.000479347
46.7 -0.00156697 0.000459858
46.75 -0.00157984 0.00044063
46.8 -0.00159134 0.00042167
46.85 -0.00160146 0.000402983
46.9 -0.00161021 0.000384578
46.95 -0.0016176 0.000366458
47 -0.00162364 0.000348631
47.05 -0.00162834 0.000331101
47.1 -0.00163172 0.000313874
47.15 -0.00163378 0.000296954
47.2 -0.00163454 0.000280347
47.25 -0.001634 0.000264057
47.3 -0.00163219 0.000248088
47.35 -0.00162912 0.000232444
47.4 -0.0016248 0.000217128
47.45 -0.00161926 0.000202144
47.5 -0.00161249 0.000187495
47.55 -0.00160453 0.000173184
47.6 -0.00159539 0.000159214
47.65 -0.00158509 0.000145587
47.7 -0.00157364 0.000132304
47.75 -0.00156107 0.000119369
47.8 -0.00154739 0.000106782
47.85 -0.00153263 9.45443e-05
47.9 -0.0015168 8.26582e-05
47.95 -0.00149993 7.11239e-05
48 -0.00148204 5.99422e-05
48.05 -0.00146315 4.91134e-05
48.1 -0.00144328 3.86377e-05
48.15 -0.00142245 2.85152e-05
48.2 -0.00140069 1.87454e-05
48.25 -0.00137803 9.32796e-06
48.3 -0.00135448 2.62064e-07
48.35 -0.00133006 -8.4532e-06
48.4 -0.00130481 -1.6819e-05
48.45 -0.00127875 -2.48367e-05
48.5 -0.0012519 -3.25079e-05
48.55 -0.00122429 -3.98344e-05
48.6 -0.00119595 -4.68182e-05
48.65 -0.00116689 -5.34614e-05
48.7 -0.00113714 -5.97664e-05
48.75 -0.00110674 -6.57359e-05
48.8 -0.00107571 -7.13725e-05
48.85 -0.00104407 -7.66792e-05
48.9 -0.00101185 -8.16591e-05
48.95 -0.000979074 -8.63156e-05
49 -0.000945775 -9.0652e-05
49.05 -0.000911976 -9.4672e-05
49.1 -0.000877706 -9.83794e-05
49.15 -0.000842989 -0.000101778
49.2 -0.000807855 -0.000104872
49.25 -0.000772329 -0.000107666
49.3 -0.000736439 -0.000110164
49.35 -0.000700212 -0.00011237
49.4 -0.000663674 -0.00011429
49.45 -0.000626854 -0.000115928
49.5 -0.000589778 -0.000117288
49.55 -0.000552473 -0.000118377
49.6 -0.000514965 -0.000119199
49.65 -0.000477282 -0.000119759
49.7 -0.000439449 -0.000120062
49.75 -0.000401494 -0.000120115
49.8 -0.000363442 -0.000119923
49.85 -0.000325321 -0.000119491
49.9 -0.000287155 -0.000118825
49.95 -0.000248971 -0.000117931
50 -0.000210794 -0.000116815
