-0.498 -0.000139687 -2.84845e-05
-0.496 -0.000561268 -0.000114561
-0.494 -0.00126798 -0.000259533
-0.492 -0.00226234 -0.00046519
-0.49 -0.00354618 -0.0007338
-0.488 -0.00512064 -0.0010681
-0.486 -0.00698621 -0.00147126
-0.484 -0.00914274 -0.00194691
-0.482 -0.0115895 -0.00249907
-0.48 -0.014325 -0.00313216
-0.478 -0.0173476 -0.00385096
-0.476 -0.0206547 -0.00466056
-0.474 -0.0242436 -0.00556637
-0.472 -0.0281108 -0.00657406
-0.47 -0.0322526 -0.00768953
-0.468 -0.036665 -0.00891885
-0.466 -0.0413435 -0.0102683
-0.464 -0.0462835 -0.0117441
-0.462 -0.0514799 -0.0133527
-0.46 -0.0569276 -0.0151006
-0.458 -0.0626214 -0.016994
-0.456 -0.0685559 -0.0190392
-0.454 -0.0747255 -0.0212424
-0.452 -0.0811248 -0.0236095
-0.45 -0.0877483 -0.0261462
-0.448 -0.0945905 -0.028858
-0.446 -0.101646 -0.0317498
-0.444 -0.10891 -0.0348263
-0.442 -0.116377 -0.0380917
-0.44 -0.124043 -0.0415497
-0.438 -0.131903 -0.0452035
-0.436 -0.139952 -0.0490555
-0.434 -0.148187 -0.0531076
-0.432 -0.156604 -0.057361
-0.43 -0.1652 -0.0618161
-0.428 -0.173971 -0.0664724
-0.426 -0.182916 -0.0713289
-0.424 -0.192033 -0.0763833
-0.422 -0.201319 -0.0816328
-0.42 -0.210773 -0.0870734
-0.418 -0.220396 -0.0927002
-0.416 -0.230185 -0.0985073
-0.414 -0.240142 -0.104488
-0.412 -0.250266 -0.110635
-0.41 -0.26056 -0.116938
-0.408 -0.271022 -0.123388
-0.406 -0.281657 -0.129975
-0.404 -0.292464 -0.136685
-0.402 -0.303447 -0.143508
-0.4 -0.314607 -0.150427
-0.398 -0.325947 -0.15743
-0.396 -0.337469 -0.1645
-0.394 -0.349177 -0.17162
-0.392 -0.361073 -0.178774
-0.39 -0.37316 -0.185942
-0.388 -0.385439 -0.193108
-0.386 -0.397913 -0.20025
-0.384 -0.410584 -0.207348
-0.382 -0.423453 -0.214383
-0.38 -0.436522 -0.221333
-0.378 -0.44979 -0.228176
-0.376 -0.463258 -0.234891
-0.374 -0.476925 -0.241456
-0.372 -0.490788 -0.247848
-0.37 -0.504844 -0.254046
-0.368 -0.519091 -0.260027
-0.366 -0.533523 -0.265769
-0.364 -0.548133 -0.271251
-0.362 -0.562914 -0.27645
-0.36 -0.577858 -0.281347
-0.358 -0.592953 -0.285919
-0.356 -0.608189 -0.290148
-0.354 -0.623551 -0.294014
-0.352 -0.639025 -0.297499
-0.35 -0.654593 -0.300584
-0.348 -0.670237 -0.303254
-0.346 -0.685936 -0.305492
-0.344 -0.701669 -0.307283
-0.342 -0.717411 -0.308615
-0.34 -0.733137 -0.309475
-0.338 -0.748818 -0.309852
-0.336 -0.764426 -0.309736
-0.334 -0.779928 -0.30912
-0.332 -0.795292 -0.307997
-0.33 -0.810484 -0.306362
-0.328 -0.825466 -0.30421
-0.326 -0.840201 -0.301541
-0.324 -0.854649 -0.298354
-0.322 -0.868769 -0.29465
-0.32 -0.882519 -0.290432
-0.318 -0.895856 -0.285705
-0.316 -0.908734 -0.280475
-0.314 -0.921109 -0.27475
-0.312 -0.932933 -0.268541
-0.31 -0.944159 -0.261857
-0.308 -0.954739 -0.254713
-0.306 -0.964625 -0.247123
-0.304 -0.973766 -0.239102
-0.302 -0.982115 -0.230669
-0.3 -0.98962 -0.221842
-0.298 -0.996233 -0.212642
-0.296 -1.0019 -0.203089
-0.294 -1.00658 -0.193208
-0.292 -1.01022 -0.183021
-0.29 -1.01277 -0.172554
-0.288 -1.01418 -0.161832
-0.286 -1.0144 -0.150881
-0.284 -1.01338 -0.139729
-0.282 -1.01109 -0.128403
-0.28 -1.00747 -0.116931
-0.278 -1.00247 -0.105341
-0.276 -0.99606 -0.0936622
-0.274 -0.988185 -0.0819217
-0.272 -0.978807 -0.0701477
-0.27 -0.967882 -0.0583678
-0.268 -0.95537 -0.0466092
-0.266 -0.94123 -0.0348981
-0.264 -0.925425 -0.0232601
-0.262 -0.907916 -0.0117197
-0.26 -0.888667 -0.000300269
-0.258 -0.867641 0.010976
-0.256 -0.844804 0.0220884
-0.254 -0.820122 0.033018
-0.252 -0.793564 0.0437472
-0.25 -0.765097 0.0542606
-0.248 -0.734693 0.0645444
-0.246 -0.702322 0.0745871
-0.244 -0.667957 0.0843794
-0.242 -0.631572 0.0939141
-0.24 -0.593143 0.103186
-0.238 -0.552646 0.112194
-0.236 -0.51006 0.120937
-0.234 -0.465365 0.129417
-0.232 -0.418542 0.137641
-0.23 -0.369575 0.145616
-0.228 -0.31845 0.153352
-0.226 -0.265153 0.160862
-0.224 -0.209674 0.168163
-0.222 -0.152005 0.175272
-0.22 -0.0921391 0.182209
-0.218 -0.0300728 0.188999
-0.216 0.0341953 0.195668
-0.214 0.100664 0.202243
-0.212 0.169329 0.208755
-0.21 0.240184 0.215238
-0.208 0.31322 0.221726
-0.206 0.388422 0.228256
-0.204 0.465777 0.234868
-0.202 0.545265 0.241604
-0.2 0.626863 0.248505
-0.198 0.710548 0.255618
-0.196 0.796289 0.262987
-0.194 0.884054 0.270662
-0.192 0.973809 0.27869
-0.19 1.06551 0.287121
-0.188 1.15913 0.296008
-0.186 1.2546 0.305402
-0.184 1.35189 0.315356
-0.182 1.45093 0.325923
-0.18 1.55168 0.337157
-0.178 1.65407 0.349112
-0.176 1.75805 0.361842
-0.174 1.86353 0.375402
-0.172 1.97047 0.389845
-0.17 2.07877 0.405225
-0.168 2.18838 0.421595
-0.166 2.2992 0.439007
-0.164 2.41116 0.457513
-0.162 2.52418 0.477162
-0.16 2.63818 0.498005
-0.158 2.75305 0.52009
-0.156 2.86872 0.543461
-0.154 2.9851 0.568165
-0.152 3.10208 0.594243
-0.15 3.21958 0.621736
-0.148 3.3375 0.650684
-0.146 3.45574 0.68112
-0.144 3.57421 0.71308
-0.142 3.69281 0.746593
-0.14 3.81144 0.781688
-0.138 3.93 0.818389
-0.136 4.04839 0.856718
-0.134 4.16652 0.896692
-0.132 4.28429 0.938328
-0.13 4.40161 0.981635
-0.128 4.51837 1.02662
-0.126 4.63448 1.07329
-0.124 4.74986 1.12164
-0.122 4.86441 1.17167
-0.12 4.97804 1.22337
-0.118 5.09067 1.27673
-0.116 5.20221 1.33172
-0.114 5.31258 1.38833
-0.112 5.42171 1.44654
-0.11 5.52951 1.5063
-0.108 5.63592 1.56759
-0.106 5.74087 1.63037
-0.104 5.84428 1.6946
-0.102 5.9461 1.76022
-0.1 6.04627 1.82719
-0.098 6.14473 1.89544
-0.096 6.24144 1.96492
-0.094 6.33634 2.03557
-0.092 6.42939 2.10731
-0.09 6.52054 2.18008
-0.088 6.60977 2.25379
-0.086 6.69704 2.32837
-0.084 6.78232 2.40373
-0.082 6.86559 2.4798
-0.08 6.94682 2.55647
-0.078 7.02599 2.63366
-0.076 7.10309 2.71128
-0.074 7.17811 2.78922
-0.072 7.25103 2.86739
-0.07 7.32185 2.94569
-0.068 7.39057 3.02401
-0.066 7.45717 3.10225
-0.064 7.52166 3.18031
-0.062 7.58405 3.25807
-0.06 7.64432 3.33543
-0.058 7.70248 3.41227
-0.056 7.75855 3.4885
-0.054 7.81251 3.56399
-0.052 7.86438 3.63865
-0.05 7.91415 3.71235
-0.048 7.96183 3.785
-0.046 8.00742 3.85648
-0.044 8.05092 3.92667
-0.042 8.09233 3.99549
-0.04 8.13164 4.06281
-0.038 8.16885 4.12853
-0.036 8.20395 4.19255
-0.034 8.23693 4.25477
-0.032 8.26777 4.31508
-0.03 8.29647 4.37338
-0.028 8.32299 4.42959
-0.026 8.34733 4.4836
-0.024 8.36945 4.53533
-0.022 8.38932 4.58468
-0.02 8.40692 4.63158
-0.018 8.42221 4.67593
-0.016 8.43516 4.71767
-0.014 8.44572 4.75671
-0.012 8.45386 4.79299
-0.01 8.45954 4.82644
-0.008 8.46271 4.85699
-0.006 8.46333 4.8846
-0.004 8.46136 4.90921
-0.002 8.45674 4.93077
0 8.44943 4.94923
0.002 8.43944 4.96455
0.004 8.42668 4.97671
0.006 8.41111 4.98568
0.008 8.39268 4.99146
0.01 8.37136 4.99403
0.012 8.34711 4.99337
0.014 8.31991 4.9895
0.016 8.28972 4.98242
0.018 8.25652 4.97215
0.02 8.22029 4.9587
0.022 8.18103 4.94209
0.024 8.13871 4.92237
0.026 8.09334 4.89958
0.028 8.04492 4.87375
0.03 7.99346 4.84494
0.032 7.93897 4.8132
0.034 7.88146 4.77861
0.036 7.82098 4.74123
0.038 7.75754 4.70113
0.04 7.69119 4.65839
0.042 7.62196 4.6131
0.044 7.54991 4.56535
0.046 7.4751 4.51523
0.048 7.39758 4.46283
0.05 7.31741 4.40826
0.052 7.23468 4.35162
0.054 7.14945 4.29302
0.056 7.06181 4.23257
0.058 6.97183 4.17037
0.06 6.87961 4.10655
0.062 6.78523 4.04121
0.064 6.6888 3.97447
0.066 6.5904 3.90644
0.068 6.49015 3.83726
0.07 6.38813 3.76702
0.072 6.28445 3.69585
0.074 6.17923 3.62387
0.076 6.07256 3.55118
0.078 5.96455 3.47791
0.08 5.85532 3.40416
0.082 5.74497 3.33005
0.084 5.6336 3.25569
0.086 5.52133 3.18118
0.088 5.40826 3.10662
0.09 5.29451 3.03213
0.092 5.18018 2.9578
0.094 5.06537 2.88372
0.096 4.95019 2.80999
0.098 4.83474 2.7367
0.1 4.71912 2.66394
0.102 4.60343 2.59178
0.104 4.48778 2.52031
0.106 4.37224 2.44961
0.108 4.25693 2.37974
0.11 4.14192 2.31077
0.112 4.0273 2.24277
0.114 3.91317 2.17579
0.116 3.79961 2.10989
0.118 3.68669 2.04512
0.12 3.5745 1.98153
0.122 3.4631 1.91916
0.124 3.35258 1.85805
0.126 3.24299 1.79822
0.128 3.13442 1.73972
0.13 3.02691 1.68256
0.132 2.92053 1.62676
0.134 2.81534 1.57235
0.136 2.71139 1.51932
0.138 2.60874 1.4677
0.14 2.50742 1.41748
0.142 2.40749 1.36867
0.144 2.30898 1.32125
0.146 2.21194 1.27523
0.148 2.11641 1.23058
0.15 2.0224 1.18731
0.152 1.92996 1.14537
0.154 1.83911 1.10477
0.156 1.74988 1.06546
0.158 1.66228 1.02742
0.16 1.57634 0.990634
0.162 1.49207 0.955055
0.164 1.40948 0.920652
0.166 1.32859 0.887389
0.168 1.2494 0.855227
0.17 1.17192 0.824126
0.172 1.09615 0.794046
0.174 1.0221 0.764944
0.176 0.949762 0.736776
0.178 0.879138 0.709498
0.18 0.810222 0.683067
0.182 0.743008 0.657437
0.184 0.677489 0.632564
0.186 0.613655 0.608403
0.188 0.551496 0.584911
0.19 0.490999 0.562043
0.192 0.432151 0.539757
0.194 0.374937 0.518011
0.196 0.319341 0.496764
0.198 0.265346 0.475978
0.2 0.212933 0.455613
0.202 0.162084 0.435634
0.204 0.112778 0.416006
0.206 0.0649956 0.396695
0.208 0.0187138 0.377671
0.21 -0.0260895 0.358904
0.212 -0.0694372 0.340368
0.214 -0.111353 0.322036
0.216 -0.151862 0.303886
0.218 -0.190988 0.285898
0.22 -0.228758 0.268052
0.222 -0.265196 0.250332
0.224 -0.300331 0.232723
0.226 -0.334187 0.215214
0.228 -0.366794 0.197794
0.23 -0.398177 0.180456
0.232 -0.428367 0.163193
0.234 -0.457389 0.146001
0.236 -0.485273 0.128879
0.238 -0.512048 0.111826
0.24 -0.537742 0.0948441
0.242 -0.562383 0.0779363
0.244 -0.586001 0.0611075
0.246 -0.608624 0.0443644
0.248 -0.63028 0.0277149
0.25 -0.650998 0.0111683
0.252 -0.670806 -0.00526484
0.254 -0.68973 -0.0215727
0.256 -0.707798 -0.0377426
0.258 -0.725036 -0.0537605
0.26 -0.74147 -0.0696119
0.262 -0.757125 -0.0852811
0.264 -0.772025 -0.100752
0.266 -0.786192 -0.116008
0.268 -0.79965 -0.131031
0.27 -0.812418 -0.145805
0.272 -0.824518 -0.16031
0.274 -0.835966 -0.174529
0.276 -0.846782 -0.188443
0.278 -0.85698 -0.202033
0.28 -0.866574 -0.215283
0.282 -0.875579 -0.228172
0.284 -0.884005 -0.240683
0.286 -0.891863 -0.252799
0.288 -0.899162 -0.264502
0.29 -0.905908 -0.275775
0.292 -0.912107 -0.286603
0.294 -0.917763 -0.296969
0.296 -0.92288 -0.306858
0.298 -0.92746 -0.316257
0.3 -0.931502 -0.325152
0.302 -0.935007 -0.333531
0.304 -0.937972 -0.341382
0.306 -0.940396 -0.348696
0.308 -0.942274 -0.355463
0.31 -0.943602 -0.361676
0.312 -0.944377 -0.367328
0.314 -0.944592 -0.372413
0.316 -0.944243 -0.376927
0.318 -0.943324 -0.380868
0.32 -0.941829 -0.384234
0.322 -0.939754 -0.387025
0.324 -0.937092 -0.389243
0.326 -0.93384 -0.39089
0.328 -0.929992 -0.391972
0.33 -0.925545 -0.392493
0.332 -0.920497 -0.39246
0.334 -0.914845 -0.391883
0.336 -0.908589 -0.390771
0.338 -0.901729 -0.389135
0.34 -0.894265 -0.386987
0.342 -0.886202 -0.384342
0.344 -0.877542 -0.381214
0.346 -0.868291 -0.377618
0.348 -0.858456 -0.373572
0.35 -0.848045 -0.369094
0.352 -0.837068 -0.364203
0.354 -0.825537 -0.358918
0.356 -0.813464 -0.35326
0.358 -0.800865 -0.34725
0.36 -0.787755 -0.340909
0.362 -0.774151 -0.334261
0.364 -0.760073 -0.327326
0.366 -0.745542 -0.320129
0.368 -0.730578 -0.312692
0.37 -0.715206 -0.305039
0.372 -0.69945 -0.297193
0.374 -0.683336 -0.289177
0.376 -0.66689 -0.281014
0.378 -0.65014 -0.272728
0.38 -0.633115 -0.264341
0.382 -0.615845 -0.255876
0.384 -0.598359 -0.247354
0.386 -0.580689 -0.238798
0.388 -0.562865 -0.230227
0.39 -0.544921 -0.221662
0.392 -0.526887 -0.213123
0.394 -0.508796 -0.204628
0.396 -0.490681 -0.196197
0.398 -0.472573 -0.187845
0.4 -0.454504 -0.17959
0.402 -0.436507 -0.171446
0.404 -0.418612 -0.163429
0.406 -0.40085 -0.155552
0.408 -0.383252 -0.147828
0.41 -0.365846 -0.140268
0.412 -0.348662 -0.132884
0.414 -0.331727 -0.125684
0.416 -0.315067 -0.118678
0.418 -0.298709 -0.111874
0.42 -0.282675 -0.105276
0.422 -0.26699 -0.098893
0.424 -0.251674 -0.0927278
0.426 -0.236748 -0.0867846
0.428 -0.22223 -0.0810663
0.43 -0.208138 -0.0755748
0.432 -0.194486 -0.0703113
0.434 -0.18129 -0.0652758
0.436 -0.168561 -0.060468
0.438 -0.156309 -0.0558865
0.44 -0.144544 -0.0515292
0.442 -0.133273 -0.0473935
0.444 -0.1225 -0.0434761
0.446 -0.11223 -0.039773
0.448 -0.102465 -0.03628
0.45 -0.0932054 -0.0329921
0.452 -0.0844495 -0.0299041
0.454 -0.0761947 -0.0270103
0.456 -0.0684368 -0.0243049
0.458 -0.0611698 -0.0217815
0.46 -0.0543865 -0.019434
0.462 -0.0480783 -0.0172557
0.464 -0.0422354 -0.0152401
0.466 -0.0368465 -0.0133806
0.468 -0.0318996 -0.0116706
0.47 -0.0273812 -0.0101035
0.472 -0.0232774 -0.00867294
0.474 -0.0195728 -0.00737269
0.476 -0.0162519 -0.00619669
0.478 -0.0132981 -0.00513916
0.48 -0.0106945 -0.00419456
0.482 -0.0084236 -0.0033577
0.484 -0.00646765 -0.00262371
0.486 -0.00480867 -0.00198808
0.488 -0.00342854 -0.00144671
0.49 -0.00230913 -0.000995893
0.492 -0.0014324 -0.000632337
0.494 -0.000780492 -0.000353181
0.496 -0.000335835 -0.000155997
0.498 -8.12416e-05 -3.87918e-05
0.05 3.47392 1.85338
0.1 3.47404 1.8534
0.15 3.47423 1.85344
0.2 3.4745 1.85349
0.25 3.47484 1.85355
0.3 3.47526 1.85363
0.35 3.47576 1.85372
0.4 3.47634 1.85383
0.45 3.47699 1.85395
0.5 3.47771 1.85409
0.55 3.47851 1.85424
0.6 3.47939 1.8544
0.65 3.48034 1.85458
0.7 3.48136 1.85477
0.75 3.48245 1.85497
0.8 3.48362 1.85518
0.85 3.48486 1.85541
0.9 3.48617 1.85565
0.95 3.48755 1.85591
1 3.489 1.85617
1.05 3.49052 1.85645
1.1 3.49211 1.85674
1.15 3.49376 1.85704
1.2 3.49548 1.85734
1.25 3.49727 1.85767
1.3 3.49912 1.858
1.35 3.50103 1.85834
1.4 3.50301 1.85869
1.45 3.50505 1.85904
1.5 3.50715 1.85941
1.55 3.5093 1.85979
1.6 3.51152 1.86017
1.65 3.51379 1.86056
1.7 3.51611 1.86096
1.75 3.51849 1.86137
1.8 3.52093 1.86178
1.85 3.52341 1.86219
1.9 3.52595 1.86262
1.95 3.52853 1.86304
2 3.53116 1.86347
2.05 3.53384 1.86391
2.1 3.53656 1.86435
2.15 3.53932 1.86479
2.2 3.54212 1.86523
2.25 3.54496 1.86567
2.3 3.54785 1.86612
2.35 3.55076 1.86656
2.4 3.55371 1.86701
2.45 3.5567 1.86746
2.5 3.55971 1.8679
2.55 3.56276 1.86834
2.6 3.56583 1.86878
2.65 3.56893 1.86922
2.7 3.57205 1.86965
2.75 3.57519 1.87008
2.8 3.57836 1.8705
2.85 3.58154 1.87092
2.9 3.58474 1.87133
2.95 3.58795 1.87174
3 3.59118 1.87214
3.05 3.59441 1.87253
3.1 3.59766 1.87291
3.15 3.60091 1.87328
3.2 3.60416 1.87364
3.25 3.60742 1.87399
3.3 3.61068 1.87433
3.35 3.61394 1.87466
3.4 3.61719 1.87497
3.45 3.62043 1.87527
3.5 3.62367 1.87555
3.55 3.6269 1.87582
3.6 3.63012 1.87608
3.65 3.63332 1.87632
3.7 3.63651 1.87654
3.75 3.63967 1.87674
3.8 3.64282 1.87692
3.85 3.64594 1.87709
3.9 3.64904 1.87723
3.95 3.65211 1.87736
4 3.65515 1.87746
4.05 3.65816 1.87754
4.1 3.66113 1.8776
4.15 3.66407 1.87763
4.2 3.66697 1.87764
4.25 3.66983 1.87762
4.3 3.67264 1.87758
4.35 3.67542 1.87751
4.4 3.67814 1.87741
4.45 3.68081 1.87729
4.5 3.68344 1.87713
4.55 3.686 1.87695
4.6 3.68852 1.87674
4.65 3.69097 1.87649
4.7 3.69336 1.87622
4.75 3.69569 1.87591
4.8 3.69796 1.87557
4.85 3.70016 1.87519
4.9 3.70229 1.87478
4.95 3.70435 1.87434
5 3.70633 1.87386
5.05 3.70824 1.87334
5.1 3.71007 1.87279
5.15 3.71182 1.87219
5.2 3.71349 1.87156
5.25 3.71507 1.87089
5.3 3.71657 1.87019
5.35 3.71798 1.86944
5.4 3.7193 1.86864
5.45 3.72053 1.86781
5.5 3.72167 1.86694
5.55 3.7227 1.86602
5.6 3.72364 1.86506
5.65 3.72448 1.86405
5.7 3.72522 1.863
5.75 3.72585 1.8619
5.8 3.72638 1.86076
5.85 3.7268 1.85957
5.9 3.7271 1.85834
5.95 3.7273 1.85706
6 3.72739 1.85572
6.05 3.72736 1.85434
6.1 3.72721 1.85292
6.15 3.72694 1.85144
6.2 3.72656 1.84991
6.25 3.72605 1.84833
6.3 3.72541 1.8467
6.35 3.72466 1.84502
6.4 3.72377 1.84328
6.45 3.72276 1.84149
6.5 3.72162 1.83965
6.55 3.72034 1.83776
6.6 3.71893 1.83581
6.65 3.71739 1.83381
6.7 3.71571 1.83176
6.75 3.7139 1.82965
6.8 3.71194 1.82748
6.85 3.70985 1.82526
6.9 3.70762 1.82298
6.95 3.70524 1.82065
7 3.70272 1.81826
7.05 3.70005 1.81581
7.1 3.69724 1.81331
7.15 3.69428 1.81075
7.2 3.69117 1.80813
7.25 3.68791 1.80545
7.3 3.68451 1.80271
7.35 3.68095 1.79992
7.4 3.67723 1.79707
7.45 3.67337 1.79416
7.5 3.66935 1.79119
7.55 3.66518 1.78816
7.6 3.66085 1.78507
7.65 3.65636 1.78192
7.7 3.65172 1.77872
7.75 3.64692 1.77545
7.8 3.64195 1.77212
7.85 3.63684 1.76874
7.9 3.63156 1.76529
7.95 3.62612 1.76179
8 3.62052 1.75822
8.05 3.61475 1.7546
8.1 3.60883 1.75091
8.15 3.60275 1.74717
8.2 3.5965 1.74336
8.25 3.59009 1.7395
8.3 3.58351 1.73557
8.35 3.57678 1.73159
8.4 3.56988 1.72755
8.45 3.56281 1.72345
8.5 3.55559 1.71929
8.55 3.54819 1.71507
8.6 3.54064 1.71079
8.65 3.53292 1.70645
8.7 3.52504 1.70205
8.75 3.51699 1.6976
8.8 3.50879 1.69308
8.85 3.50041 1.68851
8.9 3.49188 1.68389
8.95 3.48318 1.6792
9 3.47432 1.67446
9.05 3.4653 1.66966
9.1 3.45612 1.6648
9.15 3.44677 1.65989
9.2 3.43727 1.65492
9.25 3.4276 1.6499
9.3 3.41777 1.64482
9.35 3.40779 1.63968
9.4 3.39765 1.63449
9.45 3.38734 1.62925
9.5 3.37689 1.62395
9.55 3.36627 1.61861
9.6 3.3555 1.6132
9.65 3.34458 1.60775
9.7 3.3335 1.60224
9.75 3.32226 1.59669
9.8 3.31088 1.59108
9.85 3.29934 1.58542
9.9 3.28766 1.57971
9.95 3.27582 1.57395
10 3.26384 1.56815
10.05 3.25171 1.56229
10.1 3.23943 1.55639
10.15 3.22701 1.55044
10.2 3.21444 1.54445
10.25 3.20174 1.53841
10.3 3.18889 1.53232
10.35 3.1759 1.52619
10.4 3.16277 1.52002
10.45 3.14951 1.5138
10.5 3.13611 1.50754
10.55 3.12257 1.50124
10.6 3.10891 1.49489
10.65 3.09511 1.48851
10.7 3.08118 1.48209
10.75 3.06712 1.47562
10.8 3.05294 1.46912
10.85 3.03863 1.46258
10.9 3.0242 1.45601
10.95 3.00965 1.4494
11 2.99497 1.44275
11.05 2.98018 1.43607
11.1 2.96527 1.42935
11.15 2.95025 1.4226
11.2 2.93511 1.41582
11.25 2.91987 1.40901
11.3 2.90451 1.40217
11.35 2.88904 1.39529
11.4 2.87347 1.38839
11.45 2.8578 1.38146
11.5 2.84202 1.37451
11.55 2.82614 1.36752
11.6 2.81017 1.36051
11.65 2.7941 1.35348
11.7 2.77793 1.34642
11.75 2.76168 1.33934
11.8 2.74533 1.33224
11.85 2.7289 1.32511
11.9 2.71238 1.31797
11.95 2.69577 1.3108
12 2.67909 1.30362
12.05 2.66233 1.29642
12.1 2.64548 1.2892
12.15 2.62857 1.28197
12.2 2.61158 1.27472
12.25 2.59452 1.26746
12.3 2.57739 1.26018
12.35 2.56019 1.25289
12.4 2.54293 1.24559
12.45 2.52561 1.23828
12.5 2.50823 1.23096
12.55 2.49079 1.22363
12.6 2.47329 1.21629
12.65 2.45575 1.20895
12.7 2.43815 1.2016
12.75 2.4205 1.19425
12.8 2.40281 1.18689
12.85 2.38507 1.17953
12.9 2.36729 1.17216
12.95 2.34947 1.1648
13 2.33162 1.15743
13.05 2.31373 1.15006
13.1 2.29581 1.1427
13.15 2.27785 1.13534
13.2 2.25987 1.12798
13.25 2.24187 1.12062
13.3 2.22384 1.11327
13.35 2.20579 1.10593
13.4 2.18772 1.09859
13.45 2.16963 1.09126
13.5 2.15153 1.08394
13.55 2.13342 1.07663
13.6 2.1153 1.06933
13.65 2.09717 1.06203
13.7 2.07904 1.05476
13.75 2.0609 1.04749
13.8 2.04277 1.04024
13.85 2.02463 1.033
13.9 2.0065 1.02578
13.95 1.98838 1.01857
14 1.97026 1.01139
14.05 1.95215 1.00421
14.1 1.93406 0.997063
14.15 1.91598 0.989931
14.2 1.89792 0.982819
14.25 1.87988 0.975729
14.3 1.86186 0.96866
14.35 1.84386 0.961614
14.4 1.82589 0.954592
14.45 1.80795 0.947594
14.5 1.79003 0.940621
14.55 1.77215 0.933675
14.6 1.7543 0.926754
14.65 1.73649 0.919862
14.7 1.71872 0.912997
14.75 1.70099 0.906161
14.8 1.6833 0.899354
14.85 1.66565 0.892578
14.9 1.64805 0.885833
14.95 1.6305 0.879119
15 1.613 0.872438
15.05 1.59555 0.865789
15.1 1.57815 0.859174
15.15 1.56081 0.852593
15.2 1.54353 0.846048
15.25 1.5263 0.839537
15.3 1.50914 0.833063
15.35 1.49204 0.826625
15.4 1.47501 0.820225
15.45 1.45804 0.813863
15.5 1.44114 0.807539
15.55 1.42431 0.801254
15.6 1.40755 0.795009
15.65 1.39086 0.788803
15.7 1.37425 0.782638
15.75 1.35772 0.776515
15.8 1.34126 0.770433
15.85 1.32488 0.764393
15.9 1.30858 0.758395
15.95 1.29237 0.752441
16 1.27624 0.74653
16.05 1.2602 0.740663
16.1 1.24424 0.73484
16.15 1.22837 0.729062
16.2 1.21259 0.723329
16.25 1.1969 0.717642
16.3 1.1813 0.712
16.35 1.1658 0.706405
16.4 1.15039 0.700856
16.45 1.13507 0.695354
16.5 1.11986 0.6899
16.55 1.10474 0.684493
16.6 1.08972 0.679134
16.65 1.0748 0.673823
16.7 1.05998 0.66856
16.75 1.04527 0.663346
16.8 1.03066 0.658181
16.85 1.01615 0.653065
16.9 1.00175 0.647998
16.95 0.98746 0.642981
17 0.973273 0.638014
17.05 0.959195 0.633096
17.1 0.945226 0.628229
17.15 0.931367 0.623412
17.2 0.917619 0.618645
17.25 0.903982 0.613929
17.3 0.890458 0.609263
17.35 0.877046 0.604648
17.4 0.863748 0.600084
17.45 0.850564 0.59557
17.5 0.837496 0.591108
17.55 0.824542 0.586696
17.6 0.811704 0.582336
17.65 0.798983 0.578026
17.7 0.786379 0.573768
17.75 0.773893 0.56956
17.8 0.761524 0.565404
17.85 0.749274 0.561298
17.9 0.737142 0.557244
17.95 0.725129 0.55324
18 0.713236 0.549287
18.05 0.701462 0.545385
18.1 0.689808 0.541534
18.15 0.678274 0.537733
18.2 0.666861 0.533982
18.25 0.655568 0.530282
18.3 0.644396 0.526632
18.35 0.633345 0.523032
18.4 0.622414 0.519482
18.45 0.611605 0.515981
18.5 0.600916 0.51253
18.55 0.590349 0.509129
18.6 0.579903 0.505776
18.65 0.569577 0.502472
18.7 0.559373 0.499217
18.75 0.549289 0.496011
18.8 0.539326 0.492852
18.85 0.529484 0.489742
18.9 0.519762 0.486679
18.95 0.51016 0.483663
19 0.500679 0.480695
19.05 0.491317 0.477773
19.1 0.482075 0.474898
19.15 0.472952 0.472069
19.2 0.463948 0.469285
19.25 0.455062 0.466547
19.3 0.446295 0.463855
19.35 0.437646 0.461207
19.4 0.429114 0.458603
19.45 0.420699 0.456044
19.5 0.412401 0.453528
19.55 0.404219 0.451055
19.6 0.396153 0.448626
19.65 0.388202 0.446238
19.7 0.380365 0.443893
19.75 0.372643 0.44159
19.8 0.365034 0.439327
19.85 0.357538 0.437106
19.9 0.350155 0.434924
19.95 0.342883 0.432783
20 0.335722 0.430681
20.05 0.328672 0.428618
20.1 0.321732 0.426593
20.15 0.3149 0.424607
20.2 0.308178 0.422658
20.25 0.301562 0.420746
20.3 0.295054 0.41887
20.35 0.288652 0.417031
20.4 0.282355 0.415227
20.45 0.276162 0.413458
20.5 0.270074 0.411724
20.55 0.264089 0.410024
20.6 0.258205 0.408357
20.65 0.252423 0.406723
20.7 0.246742 0.405122
20.75 0.24116 0.403553
20.8 0.235677 0.402015
20.85 0.230291 0.400507
20.9 0.225003 0.39903
20.95 0.219811 0.397583
21 0.214713 0.396165
21.05 0.20971 0.394775
21.1 0.2048 0.393414
21.15 0.199983 0.39208
21.2 0.195257 0.390773
21.25 0.190621 0.389493
21.3 0.186074 0.388238
21.35 0.181616 0.387009
21.4 0.177245 0.385804
21.45 0.172961 0.384623
21.5 0.168762 0.383466
21.55 0.164648 0.382332
21.6 0.160617 0.38122
21.65 0.156668 0.380131
21.7 0.1528 0.379062
21.75 0.149013 0.378014
21.8 0.145305 0.376986
21.85 0.141676 0.375978
21.9 0.138123 0.374989
21.95 0.134647 0.374018
22 0.131245 0.373065
22.05 0.127918 0.37213
22.1 0.124664 0.371211
22.15 0.121481 0.370308
22.2 0.11837 0.369421
22.25 0.115328 0.368549
22.3 0.112355 0.367691
22.35 0.10945 0.366848
22.4 0.106611 0.366017
22.45 0.103838 0.3652
22.5 0.101129 0.364394
22.55 0.0984836 0.363601
22.6 0.0959008 0.362818
22.65 0.0933793 0.362046
22.7 0.0909181 0.361285
22.75 0.0885161 0.360532
22.8 0.0861722 0.359789
22.85 0.0838856 0.359054
22.9 0.081655 0.358328
22.95 0.0794795 0.357608
23 0.0773581 0.356896
23.05 0.0752896 0.35619
23.1 0.0732731 0.35549
23.15 0.0713076 0.354795
23.2 0.069392 0.354105
23.25 0.0675254 0.35342
23.3 0.0657066 0.352738
23.35 0.0639349 0.35206
23.4 0.062209 0.351385
23.45 0.0605281 0.350712
23.5 0.0588912 0.350042
23.55 0.0572973 0.349373
23.6 0.0557455 0.348705
23.65 0.0542347 0.348037
23.7 0.0527641 0.34737
23.75 0.0513326 0.346703
23.8 0.0499394 0.346034
23.85 0.0485835 0.345365
23.9 0.0472641 0.344694
23.95 0.0459801 0.344022
24 0.0447308 0.343347
24.05 0.0435151 0.342669
24.1 0.0423323 0.341988
24.15 0.0411815 0.341303
24.2 0.0400617 0.340615
24.25 0.0389722 0.339922
24.3 0.0379121 0.339225
24.35 0.0368805 0.338522
24.4 0.0358767 0.337814
24.45 0.0348998 0.337101
24.5 0.033949 0.336381
24.55 0.0330235 0.335655
24.6 0.0321226 0.334922
24.65 0.0312455 0.334182
24.7 0.0303914 0.333435
24.75 0.0295595 0.33268
24.8 0.0287492 0.331917
24.85 0.0279597 0.331146
24.9 0.0271903 0.330366
24.95 0.0264403 0.329578
25 0.025709 0.32878
25.05 0.0249957 0.327973
25.1 0.0242997 0.327156
25.15 0.0236204 0.32633
25.2 0.0229572 0.325494
25.25 0.0223094 0.324647
25.3 0.0216764 0.32379
25.35 0.0210575 0.322922
25.4 0.0204523 0.322043
25.45 0.01986 0.321153
25.5 0.0192802 0.320251
25.55 0.0187122 0.319338
25.6 0.0181555 0.318414
25.65 0.0176097 0.317477
25.7 0.0170741 0.316529
25.75 0.0165482 0.315568
25.8 0.0160316 0.314595
25.85 0.0155237 0.31361
25.9 0.0150241 0.312612
25.95 0.0145323 0.311602
26 0.0140479 0.310578
26.05 0.0135704 0.309542
26.1 0.0130994 0.308493
26.15 0.0126344 0.30743
26.2 0.0121752 0.306355
26.25 0.0117212 0.305266
26.3 0.0112721 0.304164
26.35 0.0108276 0.303049
26.4 0.0103873 0.30192
26.45 0.00995073 0.300778
26.5 0.0095177 0.299622
26.55 0.00908785 0.298453
26.6 0.00866086 0.29727
26.65 0.00823644 0.296074
26.7 0.00781429 0.294864
26.75 0.00739416 0.29364
26.8 0.00697575 0.292403
26.85 0.00655883 0.291153
26.9 0.00614315 0.289889
26.95 0.00572847 0.288611
27 0.00531458 0.28732
27.05 0.00490126 0.286015
27.1 0.00448831 0.284697
27.15 0.00407554 0.283366
27.2 0.00366277 0.282022
27.25 0.00324983 0.280664
27.3 0.00283656 0.279293
27.35 0.00242282 0.277909
27.4 0.00200845 0.276512
27.45 0.00159333 0.275102
27.5 0.00117734 0.27368
27.55 0.000760358 0.272245
27.6 0.000342294 0.270797
27.65 -7.69508e-05 0.269336
27.7 -0.000497462 0.267864
27.75 -0.000919314 0.266379
27.8 -0.00134258 0.264882
27.85 -0.0017673 0.263373
27.9 -0.00219355 0.261853
27.95 -0.00262136 0.26032
28 -0.00305076 0.258777
28.05 -0.00348179 0.257221
28.1 -0.00391445 0.255655
28.15 -0.00434876 0.254078
28.2 -0.00478473 0.252489
28.25 -0.00522235 0.25089
28.3 -0.00566161 0.249281
28.35 -0.0061025 0.247661
28.4 -0.00654498 0.246031
28.45 -0.00698903 0.244391
28.5 -0.00743461 0.242742
28.55 -0.00788168 0.241083
28.6 -0.00833019 0.239414
28.65 -0.00878008 0.237737
28.7 -0.00923129 0.23605
28.75 -0.00968375 0.234355
28.8 -0.0101374 0.232651
28.85 -0.0105922 0.230939
28.9 -0.0110479 0.229219
28.95 -0.0115046 0.227491
29 -0.0119622 0.225756
29.05 -0.0124205 0.224013
29.1 -0.0128795 0.222263
29.15 -0.013339 0.220507
29.2 -0.0137989 0.218743
29.25 -0.0142591 0.216973
29.3 -0.0147196 0.215197
29.35 -0.0151801 0.213416
29.4 -0.0156406 0.211628
29.45 -0.016101 0.209835
29.5 -0.016561 0.208037
29.55 -0.0170206 0.206234
29.6 -0.0174797 0.204426
29.65 -0.017938 0.202614
29.7 -0.0183955 0.200798
29.75 -0.0188521 0.198978
29.8 -0.0193075 0.197155
29.85 -0.0197616 0.195328
29.9 -0.0202143 0.193498
29.95 -0.0206655 0.191665
30 -0.0211149 0.18983
30.05 -0.0215625 0.187992
30.1 -0.022008 0.186152
30.15 -0.0224514 0.184311
30.2 -0.0228925 0.182468
30.25 -0.023331 0.180624
30.3 -0.0237669 0.178779
30.35 -0.0242001 0.176933
30.4 -0.0246302 0.175087
30.45 -0.0250573 0.173241
30.5 -0.0254811 0.171395
30.55 -0.0259015 0.169549
30.6 -0.0263183 0.167704
30.65 -0.0267314 0.16586
30.7 -0.0271406 0.164017
30.75 -0.0275457 0.162175
30.8 -0.0279467 0.160335
30.85 -0.0283433 0.158497
30.9 -0.0287355 0.156662
30.95 -0.029123 0.154828
31 -0.0295057 0.152998
31.05 -0.0298834 0.151171
31.1 -0.0302561 0.149346
31.15 -0.0306236 0.147526
31.2 -0.0309857 0.145709
31.25 -0.0313423 0.143896
31.3 -0.0316933 0.142088
31.35 -0.0320385 0.140283
31.4 -0.0323777 0.138484
31.45 -0.032711 0.13669
31.5 -0.033038 0.134901
31.55 -0.0333588 0.133117
31.6 -0.0336731 0.131339
31.65 -0.033981 0.129567
31.7 -0.0342821 0.127802
31.75 -0.0345765 0.126042
31.8 -0.034864 0.124289
31.85 -0.0351445 0.122544
31.9 -0.0354179 0.120805
31.95 -0.0356841 0.119073
32 -0.035943 0.11735
32.05 -0.0361945 0.115633
32.1 -0.0364385 0.113925
32.15 -0.0366749 0.112225
32.2 -0.0369036 0.110533
32.25 -0.0371246 0.10885
32.3 -0.0373378 0.107176
32.35 -0.037543 0.10551
32.4 -0.0377402 0.103854
32.45 -0.0379294 0.102207
32.5 -0.0381105 0.10057
32.55 -0.0382834 0.0989421
32.6 -0.038448 0.0973243
32.65 -0.0386044 0.0957166
32.7 -0.0387524 0.0941191
32.75 -0.038892 0.092532
32.8 -0.0390232 0.0909555
32.85 -0.0391459 0.0893897
32.9 -0.0392601 0.0878349
32.95 -0.0393657 0.086291
33 -0.0394628 0.0847584
33.05 -0.0395513 0.0832372
33.1 -0.0396311 0.0817274
33.15 -0.0397024 0.0802293
33.2 -0.0397649 0.0787429
33.25 -0.0398189 0.0772685
33.3 -0.0398641 0.075806
33.35 -0.0399007 0.0743558
33.4 -0.0399287 0.0729178
33.45 -0.039948 0.0714923
33.5 -0.0399587 0.0700792
33.55 -0.0399607 0.0686788
33.6 -0.0399541 0.0672912
33.65 -0.039939 0.0659163
33.7 -0.0399153 0.0645544
33.75 -0.039883 0.0632056
33.8 -0.0398423 0.0618698
33.85 -0.0397931 0.0605473
33.9 -0.0397355 0.0592381
33.95 -0.0396695 0.0579422
34 -0.0395952 0.0566598
34.05 -0.0395126 0.055391
34.1 -0.0394218 0.0541357
34.15 -0.0393229 0.0528941
34.2 -0.0392158 0.0516662
34.25 -0.0391007 0.0504521
34.3 -0.0389776 0.0492518
34.35 -0.0388466 0.0480654
34.4 -0.0387079 0.0468929
34.45 -0.0385613 0.0457343
34.5 -0.0384071 0.0445898
34.55 -0.0382454 0.0434594
34.6 -0.0380761 0.042343
34.65 -0.0378994 0.0412406
34.7 -0.0377154 0.0401525
34.75 -0.0375243 0.0390784
34.8 -0.037326 0.0380185
34.85 -0.0371206 0.0369728
34.9 -0.0369084 0.0359413
34.95 -0.0366894 0.0349239
35 -0.0364637 0.0339207
35.05 -0.0362314 0.0329318
35.1 -0.0359926 0.031957
35.15 -0.0357475 0.0309963
35.2 -0.0354961 0.0300498
35.25 -0.0352386 0.0291175
35.3 -0.0349752 0.0281993
35.35 -0.0347058 0.0272952
35.4 -0.0344308 0.0264052
35.45 -0.0341501 0.0255292
35.5 -0.0338639 0.0246673
35.55 -0.0335724 0.0238193
35.6 -0.0332757 0.0229853
35.65 -0.0329739 0.0221652
35.7 -0.0326671 0.0213589
35.75 -0.0323556 0.0205665
35.8 -0.0320393 0.0197878
35.85 -0.0317186 0.0190229
35.9 -0.0313935 0.0182716
35.95 -0.0310641 0.0175339
36 -0.0307306 0.0168097
36.05 -0.0303932 0.0160991
36.1 -0.030052 0.0154018
36.15 -0.0297071 0.0147179
36.2 -0.0293587 0.0140472
36.25 -0.029007 0.0133898
36.3 -0.028652 0.0127454
36.35 -0.028294 0.0121141
36.4 -0.0279331 0.0114958
36.45 -0.0275694 0.0108903
36.5 -0.0272031 0.0102977
36.55 -0.0268343 0.0097177
36.6 -0.0264633 0.00915035
36.65 -0.02609 0.00859551
36.7 -0.0257148 0.0080531
36.75 -0.0253377 0.00752302
36.8 -0.0249589 0.00700516
36.85 -0.0245785 0.00649944
36.9 -0.0241967 0.00600575
36.95 -0.0238137 0.00552397
37 -0.0234296 0.00505402
37.05 -0.0230445 0.00459578
37.1 -0.0226586 0.00414914
37.15 -0.022272 0.00371399
37.2 -0.021885 0.00329021
37.25 -0.0214975 0.0028777
37.3 -0.0211098 0.00247634
37.35 -0.0207221 0.00208602
37.4 -0.0203344 0.00170661
37.45 -0.0199469 0.00133799
37.5 -0.0195598 0.000980047
37.55 -0.0191731 0.000632659
37.6 -0.0187871 0.000295702
37.65 -0.0184018 -3.09495e-05
37.7 -0.0180174 -0.000347419
37.75 -0.0176341 -0.000653832
37.8 -0.0172519 -0.000950316
37.85 -0.016871 -0.001237
37.9 -0.0164915 -0.00151401
37.95 -0.0161136 -0.00178147
38 -0.0157374 -0.00203952
38.05 -0.015363 -0.00228829
38.1 -0.0149905 -0.0025279
38.15 -0.01462 -0.0027585
38.2 -0.0142518 -0.0029802
38.25 -0.0138858 -0.00319315
38.3 -0.0135222 -0.00339748
38.35 -0.0131611 -0.00359332
38.4 -0.0128026 -0.0037808
38.45 -0.0124469 -0.00396006
38.5 -0.012094 -0.00413123
38.55 -0.0117441 -0.00429446
38.6 -0.0113972 -0.00444986
38.65 -0.0110535 -0.00459758
38.7 -0.010713 -0.00473775
38.75 -0.0103759 -0.0048705
38.8 -0.0100421 -0.00499598
38.85 -0.00971196 -0.00511431
38.9 -0.0093854 -0.00522563
38.95 -0.00906253 -0.00533008
39 -0.00874345 -0.00542778
39.05 -0.00842824 -0.00551887
39.1 -0.00811698 -0.00560349
39.15 -0.00780973 -0.00568176
39.2 -0.00750659 -0.00575383
39.25 -0.00720761 -0.00581981
39.3 -0.00691287 -0.00587985
39.35 -0.00662243 -0.00593408
39.4 -0.00633635 -0.00598262
39.45 -0.0060547 -0.00602561
39.5 -0.00577754 -0.00606317
39.55 -0.00550492 -0.00609544
39.6 -0.00523689 -0.00612254
39.65 -0.0049735 -0.00614459
39.7 -0.00471481 -0.00616174
39.75 -0.00446086 -0.00617409
39.8 -0.00421168 -0.00618179
39.85 -0.00396732 -0.00618494
39.9 -0.00372782 -0.00618368
39.95 -0.00349322 -0.00617812
40 -0.00326353 -0.0061684
40.05 -0.0030388 -0.00615462
40.1 -0.00281905 -0.00613691
40.15 -0.0026043 -0.00611539
40.2 -0.00239457 -0.00609017
40.25 -0.00218989 -0.00606137
40.3 -0.00199027 -0.0060291
40.35 -0.00179573 -0.00599349
40.4 -0.00160627 -0.00595464
40.45 -0.0014219 -0.00591266
40.5 -0.00124264 -0.00586766
40.55 -0.00106848 -0.00581976
40.6 -0.00089942 -0.00576907
40.65 -0.000735468 -0.00571568
40.7 -0.000576616 -0.0056597
40.75 -0.000422859 -0.00560125
40.8 -0.000274187 -0.00554041
40.85 -0.00013059 -0.0054773
40.9 7.94549e-06 -0.00541202
40.95 0.000141435 -0.00534465
41 0.000269896 -0.00527531
41.05 0.000393348 -0.00520408
41.1 0.000511815 -0.00513107
41.15 0.00062532 -0.00505635
41.2 0.00073389 -0.00498004
41.25 0.000837554 -0.00490221
41.3 0.000936343 -0.00482296
41.35 0.00103029 -0.00474237
41.4 0.00111943 -0.00466054
41.45 0.0012038 -0.00457753
41.5 0.00128343 -0.00449345
41.55 0.00135838 -0.00440836
41.6 0.00142868 -0.00432236
41.65 0.00149437 -0.00423552
41.7 0.00155551 -0.00414791
41.75 0.00161214 -0.00405961
41.8 0.00166431 -0.0039707
41.85 0.00171207 -0.00388125
41.9 0.00175548 -0.00379133
41.95 0.00179459 -0.00370101
42 0.00182946 -0.00361036
42.05 0.00186014 -0.00351945
42.1 0.00188669 -0.00342833
42.15 0.00190918 -0.00333708
42.2 0.00192766 -0.00324576
42.25 0.0019422 -0.00315442
42.3 0.00195287 -0.00306314
42.35 0.00195973 -0.00297195
42.4 0.00196285 -0.00288093
42.45 0.00196229 -0.00279013
42.5 0.00195813 -0.00269959
42.55 0.00195043 -0.00260938
42.6 0.00193927 -0.00251953
42.65 0.00192472 -0.00243011
42.7 0.00190686 -0.00234115
42.75 0.00188575 -0.00225271
42.8 0.00186147 -0.00216483
42.85 0.0018341 -0.00207755
42.9 0.00180372 -0.00199092
42.95 0.00177039 -0.00190496
43 0.00173421 -0.00181973
43.05 0.00169524 -0.00173527
43.1 0.00165357 -0.0016516
43.15 0.00160927 -0.00156876
43.2 0.00156244 -0.00148678
43.25 0.00151313 -0.00140571
43.3 0.00146145 -0.00132556
43.35 0.00140746 -0.00124637
43.4 0.00135125 -0.00116816
43.45 0.0012929 -0.00109097
43.5 0.00123249 -0.00101482
43.55 0.0011701 -0.000939733
43.6 0.00110582 -0.000865731
43.65 0.00103973 -0.000792837
43.7 0.000971905 -0.000721073
43.75 0.000902429 -0.000650457
43.8 0.000831386 -0.000581008
43.85 0.000758855 -0.000512744
43.9 0.000684918 -0.00044568
43.95 0.000609656 -0.000379831
44 0.000533151 -0.000315211
44.05 0.000455482 -0.000251834
44.1 0.000376729 -0.00018971
44.15 0.000296971 -0.00012885
44.2 0.00021629 -6.92641e-05
44.25 0.000134762 -1.09604e-05
44.3 5.24659e-05 4.60535e-05
44.35 -3.052e-05 0.000101771
44.4 -0.000114119 0.000156187
44.45 -0.000198255 0.000209296
44.5 -0.000282851 0.000261095
44.55 -0.000367833 0.000311581
44.6 -0.000453127 0.000360752
44.65 -0.000538658 0.000408607
44.7 -0.000624354 0.000455146
44.75 -0.000710143 0.00050037
44.8 -0.000795954 0.00054428
44.85 -0.000881716 0.000586878
44.9 -0.000967361 0.000628168
44.95 -0.00105282 0.000668153
45 -0.00113802 0.000706839
45.05 -0.00122291 0.00074423
45.1 -0.00130741 0.000780332
45.15 -0.00139146 0.000815152
45.2 -0.001475 0.000848698
45.25 -0.00155796 0.000880977
45.3 -0.00164029 0.000911998
45.35 -0.00172192 0.00094177
45.4 -0.0018028 0.000970304
45.45 -0.00188286 0.000997609
45.5 -0.00196206 0.0010237
45.55 -0.00204034 0.00104858
45.6 -0.00211764 0.00107227
45.65 -0.00219391 0.00109477
45.7 -0.0022691 0.00111611
45.75 -0.00234316 0.00113629
45.8 -0.00241605 0.00115533
45.85 -0.00248771 0.00117325
45.9 -0.0025581 0.00119005
45.95 -0.00262717 0.00120576
46 -0.00269488 0.00122038
46.05 -0.0027612 0.00123394
46.1 -0.00282607 0.00124644
46.15 -0.00288947 0.00125792
46.2 -0.00295135 0.00126837
46.25 -0.00301167 0.00127783
46.3 -0.00307041 0.00128631
46.35 -0.00312753 0.00129382
46.4 -0.003183 0.00130038
46.45 -0.00323679 0.00130601
46.5 -0.00328886 0.00131073
46.55 -0.0033392 0.00131456
46.6 -0.00338777 0.00131752
46.65 -0.00343455 0.00131962
46.7 -0.00347953 0.00132088
46.75 -0.00352267 0.00132133
46.8 -0.00356395 0.00132098
46.85 -0.00360337 0.00131984
46.9 -0.0036409 0.00131795
46.95 -0.00367652 0.00131531
47 -0.00371022 0.00131196
47.05 -0.00374199 0.0013079
47.1 -0.00377182 0.00130315
47.15 -0.00379969 0.00129775
47.2 -0.00382561 0.00129169
47.25 -0.00384955 0.00128502
47.3 -0.00387152 0.00127773
47.35 -0.0038915 0.00126986
47.4 -0.00390951 0.00126143
47.45 -0.00392553 0.00125244
47.5 -0.00393956 0.00124293
47.55 -0.00395162 0.0012329
47.6 -0.00396168 0.00122239
47.65 -0.00396977 0.0012114
47.7 -0.00397589 0.00119996
47.75 -0.00398004 0.00118808
47.8 -0.00398223 0.00117579
47.85 -0.00398247 0.00116309
47.9 -0.00398076 0.00115002
47.95 -0.00397712 0.00113659
48 -0.00397157 0.00112281
48.05 -0.00396411 0.0011087
48.1 -0.00395476 0.00109428
48.15 -0.00394353 0.00107957
48.2 -0.00393044 0.00106459
48.25 -0.00391551 0.00104935
48.3 -0.00389876 0.00103387
48.35 -0.00388021 0.00101816
48.4 -0.00385988 0.00100224
48.45 -0.00383778 0.000986126
48.5 -0.00381395 0.000969837
48.55 -0.00378841 0.000953386
48.6 -0.00376117 0.000936788
48.65 -0.00373228 0.000920058
48.7 -0.00370175 0.00090321
48.75 -0.00366961 0.00088626
48.8 -0.00363589 0.000869221
48.85 -0.00360062 0.000852107
48.9 -0.00356382 0.000834932
48.95 -0.00352554 0.000817709
49 -0.00348579 0.000800452
49.05 -0.00344462 0.000783172
49.1 -0.00340205 0.000765883
49.15 -0.00335812 0.000748596
49.2 -0.00331286 0.000731324
49.25 -0.00326631 0.000714077
49.3 -0.0032185 0.000696869
49.35 -0.00316946 0.000679708
49.4 -0.00311924 0.000662607
49.45 -0.00306787 0.000645576
49.5 -0.00301538 0.000628624
49.55 -0.00296182 0.000611762
49.6 -0.00290722 0.000594998
49.65 -0.00285162 0.000578343
49.7 -0.00279506 0.000561805
49.75 -0.00273758 0.000545393
49.8 -0.00267921 0.000529115
49.85 -0.00262 0.000512979
49.9 -0.00255999 0.000496993
49.95 -0.00249921 0.000481164
50 -0.00243771 0.0004655
