-0.498 -0.000265472 7.03665e-07
-0.496 -0.00108035 -1.0841e-05
-0.494 -0.00247372 -5.69194e-05
-0.492 -0.00447645 -0.000162113
-0.49 -0.00712115 -0.000353155
-0.488 -0.0104421 -0.000658764
-0.486 -0.0144752 -0.00110947
-0.484 -0.0192576 -0.00173743
-0.482 -0.0248282 -0.00257621
-0.48 -0.0312268 -0.00366056
-0.478 -0.0384943 -0.00502623
-0.476 -0.0466727 -0.00670964
-0.474 -0.0558046 -0.00874773
-0.472 -0.0659334 -0.0111776
-0.47 -0.0771026 -0.0140364
-0.468 -0.0893561 -0.0173607
-0.466 -0.102738 -0.0211868
-0.464 -0.117291 -0.0255497
-0.462 -0.13306 -0.0304835
-0.46 -0.150086 -0.0360206
-0.458 -0.16841 -0.0421918
-0.456 -0.188074 -0.0490256
-0.454 -0.209117 -0.0565483
-0.452 -0.231575 -0.0647834
-0.45 -0.255484 -0.0737517
-0.448 -0.280876 -0.0834703
-0.446 -0.307784 -0.0939534
-0.444 -0.336235 -0.105211
-0.442 -0.366253 -0.117249
-0.44 -0.397862 -0.130071
-0.438 -0.431079 -0.143672
-0.436 -0.465919 -0.158046
-0.434 -0.502394 -0.173182
-0.432 -0.540511 -0.189061
-0.43 -0.580272 -0.205663
-0.428 -0.621676 -0.222959
-0.426 -0.664716 -0.240918
-0.424 -0.709381 -0.2595
-0.422 -0.755656 -0.278662
-0.42 -0.803519 -0.298354
-0.418 -0.852945 -0.318523
-0.416 -0.903901 -0.339107
-0.414 -0.956352 -0.360041
-0.412 -1.01025 -0.381254
-0.41 -1.06556 -0.402669
-0.408 -1.12222 -0.424204
-0.406 -1.18018 -0.445773
-0.404 -1.23936 -0.467284
-0.402 -1.29971 -0.488642
-0.4 -1.36114 -0.509746
-0.398 -1.42359 -0.530491
-0.396 -1.48696 -0.55077
-0.394 -1.55116 -0.570472
-0.392 -1.61611 -0.58948
-0.39 -1.68171 -0.60768
-0.388 -1.74784 -0.62495
-0.386 -1.81442 -0.64117
-0.384 -1.88132 -0.656218
-0.382 -1.94843 -0.66997
-0.38 -2.01564 -0.682301
-0.378 -2.08283 -0.69309
-0.376 -2.14987 -0.702213
-0.374 -2.21664 -0.709547
-0.372 -2.28302 -0.714975
-0.37 -2.34887 -0.718377
-0.368 -2.41407 -0.719639
-0.366 -2.47848 -0.718651
-0.364 -2.54197 -0.715306
-0.362 -2.60442 -0.709501
-0.36 -2.6657 -0.70114
-0.358 -2.72566 -0.690131
-0.356 -2.7842 -0.67639
-0.354 -2.84116 -0.659839
-0.352 -2.89644 -0.640408
-0.35 -2.94991 -0.618035
-0.348 -3.00145 -0.592667
-0.346 -3.05093 -0.564259
-0.344 -3.09825 -0.532777
-0.342 -3.14329 -0.498197
-0.34 -3.18596 -0.460503
-0.338 -3.22614 -0.419692
-0.336 -3.26373 -0.375773
-0.334 -3.29866 -0.328764
-0.332 -3.33083 -0.278698
-0.33 -3.36015 -0.225616
-0.328 -3.38656 -0.169575
-0.326 -3.40999 -0.110643
-0.324 -3.43037 -0.0489009
-0.322 -3.44764 0.0155586
-0.32 -3.46176 0.0826294
-0.318 -3.47269 0.152193
-0.316 -3.48039 0.224117
-0.314 -3.48483 0.298259
-0.312 -3.486 0.374462
-0.31 -3.48387 0.452559
-0.308 -3.47844 0.532369
-0.306 -3.46971 0.613701
-0.304 -3.4577 0.696353
-0.302 -3.44241 0.780112
-0.3 -3.42386 0.864755
-0.298 -3.4021 0.950049
-0.296 -3.37714 1.03575
-0.294 -3.34904 1.12162
-0.292 -3.31784 1.20739
-0.29 -3.2836 1.29279
-0.288 -3.24637 1.37757
-0.286 -3.20623 1.46144
-0.284 -3.16323 1.54412
-0.282 -3.11746 1.62533
-0.28 -3.06899 1.70479
-0.278 -3.0179 1.78221
-0.276 -2.96428 1.85731
-0.274 -2.90823 1.92979
-0.272 -2.84981 1.99937
-0.27 -2.78914 2.06577
-0.268 -2.7263 2.12872
-0.266 -2.66138 2.18794
-0.264 -2.59448 2.24316
-0.262 -2.52569 2.29412
-0.26 -2.45509 2.34059
-0.258 -2.38278 2.3823
-0.256 -2.30885 2.41904
-0.254 -2.23337 2.45058
-0.252 -2.15643 2.47671
-0.25 -2.0781 2.49726
-0.248 -1.99845 2.51203
-0.246 -1.91754 2.52087
-0.244 -1.83543 2.52363
-0.242 -1.75218 2.52018
-0.24 -1.66782 2.51042
-0.238 -1.5824 2.49425
-0.236 -1.49593 2.4716
-0.234 -1.40845 2.44243
-0.232 -1.31996 2.4067
-0.23 -1.23046 2.36441
-0.228 -1.13994 2.31558
-0.226 -1.04839 2.26024
-0.224 -0.955771 2.19845
-0.222 -0.862046 2.1303
-0.22 -0.767166 2.0559
-0.218 -0.671066 1.97537
-0.216 -0.573676 1.88887
-0.214 -0.47491 1.79658
-0.212 -0.374674 1.6987
-0.21 -0.272861 1.59546
-0.208 -0.169354 1.48709
-0.206 -0.0640261 1.37387
-0.204 0.0432628 1.25608
-0.202 0.152661 1.13405
-0.2 0.264328 1.00811
-0.198 0.378432 0.878592
-0.196 0.495152 0.745883
-0.194 0.614674 0.610369
-0.192 0.737194 0.472454
-0.19 0.862915 0.332561
-0.188 0.992048 0.191127
-0.186 1.12481 0.048601
-0.184 1.26143 -0.0945534
-0.182 1.40212 -0.237863
-0.18 1.54713 -0.380843
-0.178 1.69669 -0.523003
-0.176 1.85104 -0.663844
-0.174 2.01042 -0.802862
-0.172 2.17507 -0.939548
-0.17 2.34524 -1.07339
-0.168 2.52117 -1.20389
-0.166 2.7031 -1.33052
-0.164 2.89127 -1.45278
-0.162 3.08591 -1.57018
-0.16 3.28726 -1.6822
-0.158 3.49554 -1.78836
-0.156 3.71097 -1.88819
-0.154 3.93375 -1.9812
-0.152 4.1641 -2.06695
-0.15 4.4022 -2.14498
-0.148 4.64825 -2.21488
-0.146 4.90241 -2.27622
-0.144 5.16484 -2.32861
-0.142 5.4357 -2.37168
-0.14 5.71511 -2.40507
-0.138 6.00321 -2.42845
-0.136 6.30008 -2.44151
-0.134 6.60583 -2.44396
-0.132 6.92053 -2.43555
-0.13 7.24424 -2.41604
-0.128 7.57698 -2.38522
-0.126 7.91879 -2.34292
-0.124 8.26966 -2.28898
-0.122 8.62959 -2.22328
-0.12 8.99852 -2.14573
-0.118 9.37641 -2.05627
-0.116 9.76319 -1.95487
-0.114 10.1587 -1.84152
-0.112 10.563 -1.71626
-0.11 10.9757 -1.57915
-0.108 11.3969 -1.43027
-0.106 11.8262 -1.26976
-0.104 12.2636 -1.09776
-0.102 12.7087 -0.91446
-0.1 13.1614 -0.720075
-0.098 13.6213 -0.514846
-0.096 14.0883 -0.299048
-0.094 14.562 -0.0729821
-0.092 15.0421 0.163022
-0.09 15.5282 0.408607
-0.088 16.02 0.66339
-0.086 16.5172 0.92696
-0.084 17.0193 1.19888
-0.082 17.5259 1.4787
-0.08 18.0367 1.76594
-0.078 18.5511 2.06008
-0.076 19.0686 2.36061
-0.074 19.5889 2.66699
-0.072 20.1115 2.97865
-0.07 20.6357 3.29501
-0.068 21.1611 3.61547
-0.066 21.6872 3.93944
-0.064 22.2134 4.26627
-0.062 22.7391 4.59534
-0.06 23.2638 4.92601
-0.058 23.7868 5.2576
-0.056 24.3076 5.58947
-0.054 24.8256 5.92094
-0.052 25.34 6.25133
-0.05 25.8503 6.57997
-0.048 26.3559 6.90617
-0.046 26.856 7.22926
-0.044 27.35 7.54855
-0.042 27.8373 7.86336
-0.04 28.3171 8.17302
-0.038 28.7888 8.47686
-0.036 29.2517 8.77422
-0.034 29.705 9.06445
-0.032 30.1482 9.34691
-0.03 30.5804 9.62096
-0.028 31.001 9.886
-0.026 31.4093 10.1414
-0.024 31.8046 10.3866
-0.022 32.1861 10.6211
-0.02 32.5533 10.8442
-0.018 32.9054 11.0555
-0.016 33.2418 11.2544
-0.014 33.5618 11.4406
-0.012 33.8648 11.6135
-0.01 34.1501 11.7727
-0.008 34.4171 11.9178
-0.006 34.6652 12.0485
-0.004 34.894 12.1644
-0.002 35.1027 12.2653
0 35.2909 12.3509
0.002 35.4581 12.4209
0.004 35.6038 12.4752
0.006 35.7277 12.5137
0.008 35.8293 12.5361
0.01 35.9082 12.5425
0.012 35.9642 12.5328
0.014 35.9969 12.507
0.016 36.0062 12.4652
0.018 35.9918 12.4074
0.02 35.9535 12.3338
0.022 35.8913 12.2446
0.024 35.8052 12.1399
0.026 35.6949 12.0201
0.028 35.5608 11.8854
0.03 35.4027 11.7361
0.032 35.2208 11.5726
0.034 35.0153 11.3953
0.036 34.7864 11.2047
0.038 34.5343 11.0012
0.04 34.2595 10.7853
0.042 33.9622 10.5576
0.044 33.6428 10.3186
0.046 33.3017 10.069
0.048 32.9396 9.80927
0.05 32.5568 9.54018
0.052 32.1539 9.26235
0.054 31.7316 8.97648
0.056 31.2904 8.68327
0.058 30.8311 8.38343
0.06 30.3543 8.07771
0.062 29.8608 7.76685
0.064 29.3513 7.45159
0.066 28.8265 7.13271
0.068 28.2873 6.81096
0.07 27.7345 6.48711
0.072 27.1689 6.16191
0.074 26.5914 5.83613
0.076 26.0029 5.51052
0.078 25.4041 5.18583
0.08 24.796 4.86278
0.082 24.1795 4.54211
0.084 23.5554 4.22451
0.086 22.9246 3.91068
0.088 22.2881 3.60129
0.09 21.6467 3.29698
0.092 21.0012 2.99839
0.094 20.3526 2.70612
0.096 19.7018 2.42074
0.098 19.0494 2.14281
0.1 18.3965 1.87284
0.102 17.7438 1.61133
0.104 17.0921 1.35873
0.106 16.4422 1.11548
0.108 15.7949 0.881951
0.11 15.1509 0.658516
0.112 14.5109 0.445497
0.114 13.8757 0.24318
0.116 13.2459 0.0518173
0.118 12.6222 -0.128376
0.12 12.0052 -0.29722
0.122 11.3955 -0.454573
0.124 10.7936 -0.600329
0.126 10.2002 -0.73442
0.128 9.61566 -0.856811
0.13 9.04056 -0.967504
0.132 8.47534 -1.06654
0.134 7.92042 -1.15398
0.136 7.3762 -1.22995
0.138 6.84306 -1.29456
0.14 6.32132 -1.34801
0.142 5.81131 -1.39048
0.144 5.31329 -1.4222
0.146 4.82753 -1.44344
0.148 4.35425 -1.45448
0.15 3.89365 -1.45564
0.152 3.44588 -1.44724
0.154 3.01109 -1.42964
0.156 2.5894 -1.40323
0.158 2.18088 -1.3684
0.16 1.78561 -1.32557
0.162 1.40361 -1.27516
0.164 1.0349 -1.21763
0.166 0.679464 -1.15343
0.168 0.337267 -1.08304
0.17 0.00825389 -1.00692
0.172 -0.307655 -0.925569
0.174 -0.610558 -0.839472
0.176 -0.900573 -0.749123
0.178 -1.17784 -0.655017
0.18 -1.4425 -0.557651
0.182 -1.69475 -0.457518
0.184 -1.93475 -0.355108
0.186 -2.16272 -0.250909
0.188 -2.37887 -0.145398
0.19 -2.58342 -0.0390486
0.192 -2.77663 0.0676775
0.194 -2.95874 0.174329
0.196 -3.13001 0.280465
0.198 -3.29072 0.38566
0.2 -3.44115 0.489501
0.202 -3.58158 0.591591
0.204 -3.71231 0.691551
0.206 -3.83364 0.789016
0.208 -3.94588 0.883643
0.21 -4.04933 0.975104
0.212 -4.1443 1.06309
0.214 -4.23111 1.14732
0.216 -4.31008 1.22753
0.218 -4.38152 1.30347
0.22 -4.44574 1.37492
0.222 -4.50307 1.44168
0.224 -4.55382 1.50356
0.226 -4.59829 1.56041
0.228 -4.63679 1.6121
0.23 -4.66964 1.65851
0.232 -4.69712 1.69954
0.234 -4.71954 1.73514
0.236 -4.73718 1.76524
0.238 -4.75033 1.78982
0.24 -4.75926 1.80887
0.242 -4.76424 1.82241
0.244 -4.76554 1.83046
0.246 -4.7634 1.83307
0.248 -4.75808 1.83032
0.25 -4.7498 1.82229
0.252 -4.73879 1.80909
0.254 -4.72528 1.79083
0.256 -4.70946 1.76764
0.258 -4.69153 1.73969
0.26 -4.67169 1.70713
0.262 -4.6501 1.67013
0.264 -4.62693 1.62889
0.266 -4.60234 1.5836
0.268 -4.57647 1.53448
0.27 -4.54945 1.48174
0.272 -4.52141 1.4256
0.274 -4.49245 1.36631
0.276 -4.46268 1.3041
0.278 -4.43219 1.23921
0.28 -4.40106 1.17189
0.282 -4.36936 1.1024
0.284 -4.33716 1.03099
0.286 -4.3045 0.957912
0.288 -4.27142 0.883429
0.29 -4.23797 0.807794
0.292 -4.20416 0.73126
0.294 -4.17002 0.654082
0.296 -4.13556 0.576507
0.298 -4.10078 0.49878
0.3 -4.06568 0.421144
0.302 -4.03024 0.343832
0.304 -3.99447 0.267073
0.306 -3.95834 0.191091
0.308 -3.92182 0.1161
0.31 -3.88489 0.042306
0.312 -3.84753 -0.030092
0.314 -3.8097 -0.100905
0.316 -3.77136 -0.169954
0.318 -3.73249 -0.23707
0.32 -3.69305 -0.302093
0.322 -3.653 -0.364876
0.324 -3.6123 -0.425282
0.326 -3.57093 -0.483185
0.328 -3.52884 -0.538471
0.33 -3.48601 -0.591037
0.332 -3.4424 -0.640794
0.334 -3.39799 -0.687662
0.336 -3.35276 -0.731575
0.338 -3.30667 -0.772478
0.34 -3.25972 -0.810328
0.342 -3.21188 -0.845093
0.344 -3.16315 -0.876755
0.346 -3.11353 -0.905304
0.348 -3.063 -0.930743
0.35 -3.01158 -0.953085
0.352 -2.95926 -0.972356
0.354 -2.90607 -0.988589
0.356 -2.85202 -1.00183
0.358 -2.79713 -1.01213
0.36 -2.74143 -1.01955
0.362 -2.68494 -1.02416
0.364 -2.6277 -1.02604
0.366 -2.56976 -1.02528
0.368 -2.51115 -1.02198
0.37 -2.45193 -1.01622
0.372 -2.39215 -1.00812
0.374 -2.33185 -0.997791
0.376 -2.27111 -0.985342
0.378 -2.20998 -0.970896
0.38 -2.14852 -0.954575
0.382 -2.08681 -0.936505
0.384 -2.02491 -0.916816
0.386 -1.9629 -0.895638
0.388 -1.90085 -0.873101
0.39 -1.83884 -0.849337
0.392 -1.77693 -0.824479
0.394 -1.71521 -0.798658
0.396 -1.65375 -0.772004
0.398 -1.59263 -0.744647
0.4 -1.53193 -0.716713
0.402 -1.47172 -0.688326
0.404 -1.41207 -0.659607
0.406 -1.35307 -0.630675
0.408 -1.29478 -0.601643
0.41 -1.23727 -0.572621
0.412 -1.18062 -0.543715
0.414 -1.12488 -0.515025
0.416 -1.07013 -0.486646
0.418 -1.01642 -0.458668
0.42 -0.963811 -0.431175
0.422 -0.912362 -0.404246
0.424 -0.862123 -0.377954
0.426 -0.813143 -0.352364
0.428 -0.765467 -0.327537
0.43 -0.719137 -0.303527
0.432 -0.674191 -0.28038
0.434 -0.630664 -0.25814
0.436 -0.588585 -0.236839
0.438 -0.547982 -0.216508
0.44 -0.508877 -0.197169
0.442 -0.471288 -0.178839
0.444 -0.435231 -0.161527
0.446 -0.400717 -0.14524
0.448 -0.367753 -0.129976
0.45 -0.336341 -0.115731
0.452 -0.306483 -0.102492
0.454 -0.278172 -0.0902455
0.456 -0.251403 -0.0789699
0.458 -0.226163 -0.0686413
0.46 -0.202438 -0.0592313
0.462 -0.18021 -0.050708
0.464 -0.159459 -0.0430362
0.466 -0.14016 -0.0361777
0.468 -0.122287 -0.0300919
0.47 -0.105811 -0.0247357
0.472 -0.0906984 -0.0200643
0.474 -0.0769164 -0.0160314
0.476 -0.064428 -0.0125894
0.478 -0.0531949 -0.00969011
0.48 -0.0431767 -0.00728462
0.482 -0.0343314 -0.00532409
0.484 -0.0266156 -0.00375986
0.486 -0.0199847 -0.00254384
0.488 -0.0143927 -0.00162881
0.49 -0.00979292 -0.000968746
0.492 -0.00613791 -0.000519079
0.494 -0.00337963 -0.000237009
0.496 -0.00146963 -8.17463e-05
0.498 -0.000359311 -1.47596e-05
0.05 10.6615 3.01404
0.1 10.6622 3.01404
0.15 10.6634 3.01405
0.2 10.6651 3.01406
0.25 10.6672 3.01407
0.3 10.6698 3.01408
0.35 10.6728 3.0141
0.4 10.6764 3.01412
0.45 10.6804 3.01414
0.5 10.6849 3.01416
0.55 10.6898 3.01418
0.6 10.6952 3.0142
0.65 10.701 3.01423
0.7 10.7074 3.01426
0.75 10.7141 3.01428
0.8 10.7214 3.01431
0.85 10.729 3.01433
0.9 10.7372 3.01436
0.95 10.7457 3.01439
1 10.7548 3.01441
1.05 10.7642 3.01443
1.1 10.7741 3.01445
1.15 10.7844 3.01447
1.2 10.7952 3.01448
1.25 10.8064 3.0145
1.3 10.818 3.0145
1.35 10.83 3.01451
1.4 10.8424 3.0145
1.45 10.8552 3.01449
1.5 10.8685 3.01448
1.55 10.8821 3.01446
1.6 10.8961 3.01443
1.65 10.9106 3.01439
1.7 10.9254 3.01435
1.75 10.9405 3.0143
1.8 10.9561 3.01423
1.85 10.972 3.01416
1.9 10.9883 3.01407
1.95 11.0049 3.01397
2 11.0219 3.01386
2.05 11.0392 3.01374
2.1 11.0569 3.0136
2.15 11.0749 3.01344
2.2 11.0932 3.01328
2.25 11.1118 3.01309
2.3 11.1307 3.01289
2.35 11.15 3.01266
2.4 11.1695 3.01242
2.45 11.1893 3.01216
2.5 11.2095 3.01188
2.55 11.2298 3.01158
2.6 11.2505 3.01125
2.65 11.2714 3.01091
2.7 11.2926 3.01053
2.75 11.314 3.01014
2.8 11.3356 3.00971
2.85 11.3575 3.00926
2.9 11.3795 3.00878
2.95 11.4018 3.00828
3 11.4243 3.00774
3.05 11.447 3.00718
3.1 11.4699 3.00658
3.15 11.493 3.00595
3.2 11.5162 3.00529
3.25 11.5396 3.00459
3.3 11.5631 3.00386
3.35 11.5868 3.00309
3.4 11.6106 3.00228
3.45 11.6346 3.00144
3.5 11.6586 3.00056
3.55 11.6828 2.99964
3.6 11.7071 2.99868
3.65 11.7314 2.99768
3.7 11.7559 2.99663
3.75 11.7804 2.99554
3.8 11.8049 2.99441
3.85 11.8296 2.99323
3.9 11.8542 2.99201
3.95 11.8789 2.99074
4 11.9036 2.98942
4.05 11.9284 2.98805
4.1 11.9531 2.98664
4.15 11.9779 2.98517
4.2 12.0026 2.98365
4.25 12.0273 2.98209
4.3 12.052 2.98046
4.35 12.0766 2.97879
4.4 12.1011 2.97706
4.45 12.1257 2.97527
4.5 12.1501 2.97343
4.55 12.1745 2.97153
4.6 12.1987 2.96957
4.65 12.2229 2.96756
4.7 12.247 2.96548
4.75 12.2709 2.96335
4.8 12.2947 2.96116
4.85 12.3184 2.9589
4.9 12.3419 2.95658
4.95 12.3653 2.9542
5 12.3885 2.95176
5.05 12.4115 2.94925
5.1 12.4344 2.94668
5.15 12.457 2.94405
5.2 12.4795 2.94134
5.25 12.5017 2.93858
5.3 12.5237 2.93574
5.35 12.5455 2.93284
5.4 12.567 2.92987
5.45 12.5883 2.92683
5.5 12.6094 2.92372
5.55 12.6301 2.92055
5.6 12.6506 2.9173
5.65 12.6708 2.91399
5.7 12.6908 2.9106
5.75 12.7104 2.90715
5.8 12.7297 2.90362
5.85 12.7486 2.90002
5.9 12.7673 2.89635
5.95 12.7856 2.89261
6 12.8036 2.8888
6.05 12.8212 2.88491
6.1 12.8385 2.88096
6.15 12.8553 2.87693
6.2 12.8719 2.87282
6.25 12.888 2.86865
6.3 12.9037 2.8644
6.35 12.9191 2.86008
6.4 12.934 2.85569
6.45 12.9485 2.85122
6.5 12.9626 2.84668
6.55 12.9762 2.84207
6.6 12.9895 2.83739
6.65 13.0022 2.83263
6.7 13.0146 2.82781
6.75 13.0264 2.82291
6.8 13.0379 2.81793
6.85 13.0488 2.81289
6.9 13.0592 2.80778
6.95 13.0692 2.80259
7 13.0787 2.79733
7.05 13.0877 2.79201
7.1 13.0962 2.78661
7.15 13.1042 2.78115
7.2 13.1116 2.77561
7.25 13.1186 2.77001
7.3 13.125 2.76433
7.35 13.1309 2.7586
7.4 13.1362 2.75279
7.45 13.141 2.74692
7.5 13.1453 2.74098
7.55 13.149 2.73497
7.6 13.1522 2.72891
7.65 13.1548 2.72278
7.7 13.1569 2.71658
7.75 13.1583 2.71032
7.8 13.1592 2.70401
7.85 13.1596 2.69763
7.9 13.1593 2.69119
7.95 13.1585 2.68469
8 13.1571 2.67814
8.05 13.1551 2.67153
8.1 13.1525 2.66486
8.15 13.1493 2.65814
8.2 13.1455 2.65136
8.25 13.1411 2.64453
8.3 13.1361 2.63765
8.35 13.1305 2.63071
8.4 13.1243 2.62373
8.45 13.1174 2.6167
8.5 13.11 2.60963
8.55 13.102 2.6025
8.6 13.0933 2.59533
8.65 13.084 2.58812
8.7 13.0741 2.58087
8.75 13.0636 2.57357
8.8 13.0525 2.56624
8.85 13.0407 2.55887
8.9 13.0283 2.55146
8.95 13.0153 2.54401
9 13.0017 2.53653
9.05 12.9874 2.52902
9.1 12.9725 2.52148
9.15 12.957 2.51391
9.2 12.9409 2.50631
9.25 12.9242 2.49869
9.3 12.9068 2.49103
9.35 12.8888 2.48336
9.4 12.8702 2.47567
9.45 12.851 2.46795
9.5 12.8311 2.46022
9.55 12.8107 2.45247
9.6 12.7896 2.4447
9.65 12.7679 2.43692
9.7 12.7456 2.42913
9.75 12.7227 2.42133
9.8 12.6991 2.41352
9.85 12.675 2.40571
9.9 12.6503 2.39789
9.95 12.6249 2.39006
10 12.599 2.38224
10.05 12.5724 2.37442
10.1 12.5453 2.3666
10.15 12.5176 2.35878
10.2 12.4893 2.35097
10.25 12.4604 2.34317
10.3 12.4309 2.33538
10.35 12.4009 2.3276
10.4 12.3703 2.31984
10.45 12.3391 2.31209
10.5 12.3073 2.30436
10.55 12.275 2.29664
10.6 12.2421 2.28895
10.65 12.2087 2.28128
10.7 12.1747 2.27364
10.75 12.1402 2.26603
10.8 12.1051 2.25844
10.85 12.0695 2.25089
10.9 12.0334 2.24336
10.95 11.9968 2.23588
11 11.9596 2.22843
11.05 11.9219 2.22102
11.1 11.8837 2.21365
11.15 11.845 2.20632
11.2 11.8058 2.19904
11.25 11.7662 2.1918
11.3 11.726 2.18461
11.35 11.6853 2.17747
11.4 11.6442 2.17039
11.45 11.6026 2.16336
11.5 11.5606 2.15638
11.55 11.5181 2.14947
11.6 11.4751 2.14261
11.65 11.4317 2.13582
11.7 11.3879 2.12909
11.75 11.3436 2.12242
11.8 11.2989 2.11582
11.85 11.2538 2.10929
11.9 11.2083 2.10284
11.95 11.1623 2.09645
12 11.116 2.09014
12.05 11.0693 2.08391
12.1 11.0222 2.07775
12.15 10.9748 2.07168
12.2 10.9269 2.06569
12.25 10.8788 2.05978
12.3 10.8302 2.05395
12.35 10.7813 2.04822
12.4 10.7321 2.04257
12.45 10.6826 2.03701
12.5 10.6327 2.03154
12.55 10.5825 2.02617
12.6 10.532 2.02089
12.65 10.4812 2.01571
12.7 10.4301 2.01063
12.75 10.3787 2.00565
12.8 10.3271 2.00077
12.85 10.2752 1.99599
12.9 10.223 1.99131
12.95 10.1706 1.98674
13 10.1179 1.98228
13.05 10.065 1.97793
13.1 10.0118 1.97369
13.15 9.95847 1.96955
13.2 9.9049 1.96553
13.25 9.85112 1.96163
13.3 9.79714 1.95784
13.35 9.74298 1.95416
13.4 9.68864 1.95061
13.45 9.63412 1.94717
13.5 9.57944 1.94385
13.55 9.5246 1.94065
13.6 9.46961 1.93757
13.65 9.41448 1.93462
13.7 9.35922 1.93179
13.75 9.30384 1.92908
13.8 9.24834 1.9265
13.85 9.19273 1.92405
13.9 9.13702 1.92172
13.95 9.08122 1.91952
14 9.02533 1.91745
14.05 8.96937 1.91551
14.1 8.91334 1.9137
14.15 8.85724 1.91202
14.2 8.8011 1.91048
14.25 8.74491 1.90906
14.3 8.68868 1.90778
14.35 8.63242 1.90663
14.4 8.57614 1.90561
14.45 8.51984 1.90473
14.5 8.46354 1.90399
14.55 8.40724 1.90338
14.6 8.35095 1.9029
14.65 8.29467 1.90256
14.7 8.23842 1.90235
14.75 8.1822 1.90229
14.8 8.12601 1.90235
14.85 8.06987 1.90256
14.9 8.01378 1.9029
14.95 7.95776 1.90337
15 7.9018 1.90399
15.05 7.84591 1.90473
15.1 7.7901 1.90562
15.15 7.73438 1.90664
15.2 7.67876 1.9078
15.25 7.62323 1.90909
15.3 7.56782 1.91052
15.35 7.51252 1.91208
15.4 7.45734 1.91378
15.45 7.40228 1.91561
15.5 7.34737 1.91758
15.55 7.29259 1.91968
15.6 7.23796 1.92191
15.65 7.18348 1.92428
15.7 7.12916 1.92678
15.75 7.075 1.9294
15.8 7.02102 1.93216
15.85 6.96721 1.93505
15.9 6.91358 1.93807
15.95 6.86015 1.94122
16 6.8069 1.94449
16.05 6.75386 1.94789
16.1 6.70102 1.95142
16.15 6.64839 1.95507
16.2 6.59597 1.95884
16.25 6.54378 1.96274
16.3 6.49181 1.96676
16.35 6.44007 1.9709
16.4 6.38857 1.97515
16.45 6.3373 1.97953
16.5 6.28629 1.98402
16.55 6.23551 1.98863
16.6 6.185 1.99336
16.65 6.13474 1.99819
16.7 6.08474 2.00314
16.75 6.03501 2.0082
16.8 5.98555 2.01336
16.85 5.93637 2.01863
16.9 5.88746 2.02401
16.95 5.83884 2.0295
17 5.7905 2.03508
17.05 5.74245 2.04077
17.1 5.69469 2.04655
17.15 5.64723 2.05243
17.2 5.60007 2.05841
17.25 5.55321 2.06448
17.3 5.50665 2.07064
17.35 5.46041 2.0769
17.4 5.41448 2.08324
17.45 5.36886 2.08967
17.5 5.32355 2.09618
17.55 5.27857 2.10277
17.6 5.23391 2.10945
17.65 5.18957 2.1162
17.7 5.14556 2.12303
17.75 5.10188 2.12993
17.8 5.05852 2.13691
17.85 5.0155 2.14395
17.9 4.97282 2.15107
17.95 4.93047 2.15825
18 4.88846 2.16549
18.05 4.84678 2.17279
18.1 4.80545 2.18015
18.15 4.76446 2.18757
18.2 4.72381 2.19504
18.25 4.68351 2.20257
18.3 4.64355 2.21014
18.35 4.60394 2.21776
18.4 4.56467 2.22543
18.45 4.52575 2.23314
18.5 4.48718 2.24089
18.55 4.44896 2.24867
18.6 4.41109 2.25649
18.65 4.37356 2.26435
18.7 4.33639 2.27223
18.75 4.29957 2.28014
18.8 4.26309 2.28808
18.85 4.22697 2.29603
18.9 4.1912 2.30401
18.95 4.15577 2.312
19 4.1207 2.32001
19.05 4.08597 2.32803
19.1 4.05159 2.33607
19.15 4.01756 2.3441
19.2 3.98388 2.35214
19.25 3.95055 2.36019
19.3 3.91756 2.36823
19.35 3.88491 2.37627
19.4 3.85261 2.3843
19.45 3.82065 2.39232
19.5 3.78903 2.40033
19.55 3.75776 2.40833
19.6 3.72682 2.41631
19.65 3.69622 2.42427
19.7 3.66595 2.43221
19.75 3.63603 2.44012
19.8 3.60643 2.44801
19.85 3.57717 2.45586
19.9 3.54823 2.46368
19.95 3.51962 2.47147
20 3.49134 2.47922
20.05 3.46339 2.48692
20.1 3.43576 2.49459
20.15 3.40844 2.5022
20.2 3.38145 2.50977
20.25 3.35477 2.51729
20.3 3.3284 2.52475
20.35 3.30235 2.53216
20.4 3.27661 2.5395
20.45 3.25117 2.54679
20.5 3.22603 2.55401
20.55 3.2012 2.56116
20.6 3.17667 2.56824
20.65 3.15243 2.57526
20.7 3.12849 2.58219
20.75 3.10484 2.58905
20.8 3.08148 2.59583
20.85 3.0584 2.60253
20.9 3.03561 2.60914
20.95 3.0131 2.61567
21 2.99086 2.62211
21.05 2.9689 2.62845
21.1 2.94721 2.63471
21.15 2.92579 2.64086
21.2 2.90463 2.64692
21.25 2.88373 2.65287
21.3 2.8631 2.65872
21.35 2.84272 2.66447
21.4 2.82259 2.67011
21.45 2.80271 2.67563
21.5 2.78308 2.68105
21.55 2.76369 2.68635
21.6 2.74454 2.69154
21.65 2.72563 2.6966
21.7 2.70695 2.70155
21.75 2.6885 2.70637
21.8 2.67028 2.71107
21.85 2.65228 2.71564
21.9 2.6345 2.72008
21.95 2.61694 2.72439
22 2.59959 2.72857
22.05 2.58245 2.73261
22.1 2.56551 2.73652
22.15 2.54878 2.74029
22.2 2.53225 2.74391
22.25 2.51591 2.7474
22.3 2.49977 2.75075
22.35 2.48381 2.75394
22.4 2.46805 2.757
22.45 2.45246 2.7599
22.5 2.43705 2.76265
22.55 2.42182 2.76526
22.6 2.40676 2.7677
22.65 2.39187 2.77
22.7 2.37714 2.77214
22.75 2.36258 2.77412
22.8 2.34817 2.77594
22.85 2.33392 2.77761
22.9 2.31982 2.77911
22.95 2.30587 2.78045
23 2.29207 2.78163
23.05 2.2784 2.78264
23.1 2.26488 2.78349
23.15 2.25149 2.78417
23.2 2.23823 2.78468
23.25 2.2251 2.78503
23.3 2.21209 2.7852
23.35 2.19921 2.7852
23.4 2.18644 2.78504
23.45 2.1738 2.78469
23.5 2.16126 2.78418
23.55 2.14883 2.78349
23.6 2.13651 2.78263
23.65 2.1243 2.7816
23.7 2.11218 2.78038
23.75 2.10016 2.779
23.8 2.08824 2.77743
23.85 2.07641 2.77569
23.9 2.06466 2.77377
23.95 2.053 2.77167
24 2.04143 2.76939
24.05 2.02993 2.76694
24.1 2.01852 2.76431
24.15 2.00717 2.76149
24.2 1.9959 2.7585
24.25 1.9847 2.75533
24.3 1.97356 2.75198
24.35 1.96249 2.74845
24.4 1.95148 2.74474
24.45 1.94052 2.74085
24.5 1.92963 2.73678
24.55 1.91879 2.73253
24.6 1.908 2.7281
24.65 1.89725 2.72349
24.7 1.88656 2.71871
24.75 1.87591 2.71374
24.8 1.8653 2.7086
24.85 1.85473 2.70328
24.9 1.8442 2.69779
24.95 1.83371 2.69211
25 1.82325 2.68626
25.05 1.81282 2.68024
25.1 1.80243 2.67404
25.15 1.79206 2.66766
25.2 1.78171 2.66112
25.25 1.77139 2.65439
25.3 1.76109 2.6475
25.35 1.75082 2.64044
25.4 1.74056 2.6332
25.45 1.73032 2.62579
25.5 1.7201 2.61822
25.55 1.70989 2.61048
25.6 1.69969 2.60257
25.65 1.6895 2.59449
25.7 1.67933 2.58625
25.75 1.66916 2.57785
25.8 1.659 2.56928
25.85 1.64884 2.56055
25.9 1.63869 2.55166
25.95 1.62854 2.54262
26 1.6184 2.53341
26.05 1.60825 2.52405
26.1 1.59811 2.51453
26.15 1.58796 2.50486
26.2 1.57782 2.49504
26.25 1.56767 2.48507
26.3 1.55751 2.47494
26.35 1.54736 2.46467
26.4 1.53719 2.45426
26.45 1.52702 2.4437
26.5 1.51685 2.43299
26.55 1.50666 2.42214
26.6 1.49647 2.41116
26.65 1.48627 2.40003
26.7 1.47606 2.38877
26.75 1.46585 2.37738
26.8 1.45562 2.36585
26.85 1.44538 2.35419
26.9 1.43513 2.3424
26.95 1.42487 2.33048
27 1.4146 2.31844
27.05 1.40432 2.30628
27.1 1.39402 2.29399
27.15 1.38371 2.28158
27.2 1.3734 2.26906
27.25 1.36307 2.25641
27.3 1.35272 2.24366
27.35 1.34237 2.23079
27.4 1.332 2.21782
27.45 1.32162 2.20473
27.5 1.31123 2.19154
27.55 1.30083 2.17825
27.6 1.29042 2.16485
27.65 1.28 2.15136
27.7 1.26956 2.13777
27.75 1.25911 2.12408
27.8 1.24866 2.1103
27.85 1.23819 2.09643
27.9 1.22772 2.08248
27.95 1.21723 2.06843
28 1.20674 2.0543
28.05 1.19624 2.04009
28.1 1.18573 2.02581
28.15 1.17521 2.01144
28.2 1.16469 1.997
28.25 1.15416 1.98249
28.3 1.14363 1.9679
28.35 1.13309 1.95325
28.4 1.12254 1.93854
28.45 1.112 1.92376
28.5 1.10145 1.90891
28.55 1.0909 1.89402
28.6 1.08035 1.87906
28.65 1.06979 1.86405
28.7 1.05924 1.84899
28.75 1.04869 1.83388
28.8 1.03814 1.81872
28.85 1.0276 1.80352
28.9 1.01706 1.78828
28.95 1.00652 1.77299
29 0.995988 1.75767
29.05 0.985464 1.74232
29.1 0.974948 1.72693
29.15 0.96444 1.71151
29.2 0.953942 1.69606
29.25 0.943454 1.68059
29.3 0.932978 1.66509
29.35 0.922515 1.64957
29.4 0.912065 1.63404
29.45 0.90163 1.61849
29.5 0.891211 1.60292
29.55 0.880808 1.58734
29.6 0.870424 1.57175
29.65 0.860058 1.55616
29.7 0.849713 1.54056
29.75 0.839389 1.52496
29.8 0.829087 1.50935
29.85 0.818808 1.49375
29.9 0.808554 1.47816
29.95 0.798325 1.46257
30 0.788123 1.44698
30.05 0.777949 1.43141
30.1 0.767804 1.41586
30.15 0.757689 1.40031
30.2 0.747605 1.38479
30.25 0.737554 1.36928
30.3 0.727535 1.3538
30.35 0.717552 1.33834
30.4 0.707604 1.3229
30.45 0.697693 1.3075
30.5 0.68782 1.29212
30.55 0.677985 1.27678
30.6 0.668191 1.26147
30.65 0.658438 1.24619
30.7 0.648728 1.23096
30.75 0.63906 1.21576
30.8 0.629438 1.20061
30.85 0.61986 1.1855
30.9 0.61033 1.17043
30.95 0.600847 1.15542
31 0.591413 1.14045
31.05 0.582028 1.12553
31.1 0.572695 1.11067
31.15 0.563413 1.09587
31.2 0.554184 1.08112
31.25 0.545008 1.06643
31.3 0.535888 1.0518
31.35 0.526823 1.03723
31.4 0.517816 1.02272
31.45 0.508865 1.00828
31.5 0.499974 0.993913
31.55 0.491142 0.97961
31.6 0.48237 0.965377
31.65 0.47366 0.951216
31.7 0.465012 0.937129
31.75 0.456427 0.923117
31.8 0.447906 0.909181
31.85 0.43945 0.895324
31.9 0.43106 0.881545
31.95 0.422736 0.867848
32 0.414479 0.854232
32.05 0.406289 0.840701
32.1 0.398169 0.827254
32.15 0.390118 0.813893
32.2 0.382137 0.800619
32.25 0.374227 0.787434
32.3 0.366388 0.774339
32.35 0.358622 0.761335
32.4 0.350928 0.748424
32.45 0.343308 0.735605
32.5 0.335761 0.722881
32.55 0.32829 0.710253
32.6 0.320893 0.697721
32.65 0.313572 0.685286
32.7 0.306327 0.672951
32.75 0.299158 0.660714
32.8 0.292067 0.648578
32.85 0.285053 0.636544
32.9 0.278118 0.624611
32.95 0.27126 0.612782
33 0.264482 0.601057
33.05 0.257783 0.589436
33.1 0.251163 0.57792
33.15 0.244623 0.566511
33.2 0.238163 0.555208
33.25 0.231784 0.544013
33.3 0.225485 0.532925
33.35 0.219267 0.521947
33.4 0.21313 0.511078
33.45 0.207075 0.500318
33.5 0.201101 0.489669
33.55 0.195209 0.479131
33.6 0.189399 0.468704
33.65 0.183671 0.458388
33.7 0.178024 0.448185
33.75 0.17246 0.438094
33.8 0.166978 0.428116
33.85 0.161578 0.418252
33.9 0.15626 0.4085
33.95 0.151024 0.398863
34 0.14587 0.389339
34.05 0.140798 0.379929
34.1 0.135809 0.370634
34.15 0.130901 0.361453
34.2 0.126075 0.352387
34.25 0.12133 0.343435
34.3 0.116667 0.334598
34.35 0.112086 0.325876
34.4 0.107585 0.317269
34.45 0.103165 0.308777
34.5 0.0988261 0.300399
34.55 0.0945673 0.292137
34.6 0.0903885 0.283988
34.65 0.0862896 0.275955
34.7 0.0822701 0.268036
34.75 0.0783298 0.260231
34.8 0.0744683 0.25254
34.85 0.0706853 0.244963
34.9 0.0669803 0.237499
34.95 0.0633529 0.230149
35 0.0598028 0.222912
35.05 0.0563295 0.215788
35.1 0.0529325 0.208776
35.15 0.0496115 0.201877
35.2 0.0463658 0.195089
35.25 0.043195 0.188412
35.3 0.0400986 0.181847
35.35 0.0370761 0.175392
35.4 0.0341269 0.169047
35.45 0.0312504 0.162812
35.5 0.0284462 0.156686
35.55 0.0257135 0.150668
35.6 0.0230518 0.144759
35.65 0.0204605 0.138957
35.7 0.017939 0.133262
35.75 0.0154866 0.127673
35.8 0.0131027 0.12219
35.85 0.0107865 0.116813
35.9 0.00853752 0.111539
35.95 0.00635497 0.10637
36 0.00423816 0.101304
36.05 0.0021864 0.0963397
36.1 0.000198969 0.0914777
36.15 -0.00172487 0.0867166
36.2 -0.00358584 0.0820558
36.25 -0.00538469 0.0774946
36.3 -0.00712219 0.0730321
36.35 -0.00879908 0.0686676
36.4 -0.0104161 0.0644003
36.45 -0.0119742 0.0602293
36.5 -0.0134739 0.0561539
36.55 -0.0149162 0.0521732
36.6 -0.0163018 0.0482864
36.65 -0.0176316 0.0444926
36.7 -0.0189063 0.0407909
36.75 -0.0201267 0.0371805
36.8 -0.0212938 0.0336604
36.85 -0.0224083 0.0302298
36.9 -0.023471 0.0268877
36.95 -0.0244829 0.0236332
37 -0.0254446 0.0204654
37.05 -0.0263572 0.0173834
37.1 -0.0272213 0.0143861
37.15 -0.028038 0.0114727
37.2 -0.028808 0.0086421
37.25 -0.0295321 0.0058934
37.3 -0.0302113 0.00322561
37.35 -0.0308464 0.000637727
37.4 -0.0314383 -0.00187123
37.45 -0.0319878 -0.00430227
37.5 -0.0324958 -0.0066564
37.55 -0.0329631 -0.00893462
37.6 -0.0333907 -0.011138
37.65 -0.0337793 -0.0132674
37.7 -0.0341298 -0.0153241
37.75 -0.0344432 -0.0173089
37.8 -0.0347202 -0.019223
37.85 -0.0349617 -0.0210673
37.9 -0.0351685 -0.0228429
37.95 -0.0353416 -0.0245508
38 -0.0354817 -0.0261921
38.05 -0.0355898 -0.0277679
38.1 -0.0356666 -0.0292791
38.15 -0.035713 -0.0307269
38.2 -0.0357298 -0.0321122
38.25 -0.0357179 -0.0334361
38.3 -0.035678 -0.0346997
38.35 -0.0356111 -0.035904
38.4 -0.035518 -0.0370501
38.45 -0.0353993 -0.0381389
38.5 -0.035256 -0.0391716
38.55 -0.0350889 -0.0401493
38.6 -0.0348988 -0.0410728
38.65 -0.0346863 -0.0419434
38.7 -0.0344525 -0.0427619
38.75 -0.0341979 -0.0435295
38.8 -0.0339234 -0.0442472
38.85 -0.0336297 -0.044916
38.9 -0.0333177 -0.0455369
38.95 -0.032988 -0.0461111
39 -0.0326413 -0.0466393
39.05 -0.0322786 -0.0471228
39.1 -0.0319003 -0.0475625
39.15 -0.0315074 -0.0479594
39.2 -0.0311004 -0.0483144
39.25 -0.0306801 -0.0486287
39.3 -0.0302472 -0.0489032
39.35 -0.0298024 -0.0491388
39.4 -0.0293463 -0.0493366
39.45 -0.0288795 -0.0494975
39.5 -0.0284029 -0.0496224
39.55 -0.027917 -0.0497124
39.6 -0.0274224 -0.0497684
39.65 -0.0269197 -0.0497913
39.7 -0.0264097 -0.049782
39.75 -0.0258929 -0.0497415
39.8 -0.0253698 -0.0496708
39.85 -0.0248412 -0.0495706
39.9 -0.0243075 -0.049442
39.95 -0.0237693 -0.0492857
40 -0.0232272 -0.0491028
40.05 -0.0226818 -0.048894
40.1 -0.0221335 -0.0486603
40.15 -0.0215829 -0.0484025
40.2 -0.0210305 -0.0481214
40.25 -0.0204769 -0.0478179
40.3 -0.0199224 -0.0474929
40.35 -0.0193676 -0.0471471
40.4 -0.018813 -0.0467813
40.45 -0.018259 -0.0463964
40.5 -0.017706 -0.0459932
40.55 -0.0171546 -0.0455724
40.6 -0.0166051 -0.0451348
40.65 -0.0160579 -0.0446812
40.7 -0.0155135 -0.0442123
40.75 -0.0149722 -0.0437288
40.8 -0.0144344 -0.0432316
40.85 -0.0139006 -0.0427212
40.9 -0.013371 -0.0421985
40.95 -0.012846 -0.0416641
41 -0.0123259 -0.0411186
41.05 -0.0118111 -0.0405629
41.1 -0.0113019 -0.0399975
41.15 -0.0107986 -0.039423
41.2 -0.0103014 -0.0388402
41.25 -0.00981075 -0.0382497
41.3 -0.00932681 -0.037652
41.35 -0.00884987 -0.0370479
41.4 -0.00838017 -0.0364378
41.45 -0.00791797 -0.0358224
41.5 -0.00746348 -0.0352022
41.55 -0.00701692 -0.0345778
41.6 -0.00657851 -0.0339498
41.65 -0.00614844 -0.0333187
41.7 -0.0057269 -0.0326849
41.75 -0.00531407 -0.0320492
41.8 -0.00491011 -0.0314118
41.85 -0.00451518 -0.0307734
41.9 -0.00412942 -0.0301344
41.95 -0.00375298 -0.0294953
42 -0.00338598 -0.0288565
42.05 -0.00302854 -0.0282185
42.1 -0.00268076 -0.0275817
42.15 -0.00234275 -0.0269466
42.2 -0.0020146 -0.0263135
42.25 -0.00169638 -0.0256828
42.3 -0.00138817 -0.025055
42.35 -0.00109003 -0.0244305
42.4 -0.000802007 -0.0238095
42.45 -0.000524154 -0.0231925
42.5 -0.000256504 -0.0225797
42.55 9.13794e-07 -0.0219716
42.6 0.000248081 -0.0213684
42.65 0.000484986 -0.0207705
42.7 0.000711625 -0.0201781
42.75 0.000928003 -0.0195916
42.8 0.00113413 -0.0190112
42.85 0.00133003 -0.0184372
42.9 0.00151573 -0.0178699
42.95 0.00169125 -0.0173094
43 0.00185665 -0.0167561
43.05 0.00201198 -0.0162102
43.1 0.00215727 -0.0156718
43.15 0.00229261 -0.0151413
43.2 0.00241805 -0.0146187
43.25 0.00253367 -0.0141043
43.3 0.00263955 -0.0135982
43.35 0.00273578 -0.0131007
43.4 0.00282245 -0.0126119
43.45 0.00289966 -0.0121318
43.5 0.0029675 -0.0116608
43.55 0.0030261 -0.0111988
43.6 0.00307556 -0.0107461
43.65 0.003116 -0.0103027
43.7 0.00314755 -0.00986867
43.75 0.00317033 -0.00944422
43.8 0.00318448 -0.00902939
43.85 0.00319014 -0.00862424
43.9 0.00318744 -0.00822886
43.95 0.00317653 -0.0078433
44 0.00315756 -0.00746761
44.05 0.00313068 -0.00710185
44.1 0.00309605 -0.00674605
44.15 0.00305383 -0.00640023
44.2 0.00300418 -0.00606443
44.25 0.00294727 -0.00573865
44.3 0.00288326 -0.00542291
44.35 0.00281233 -0.0051172
44.4 0.00273464 -0.00482153
44.45 0.00265039 -0.00453586
44.5 0.00255974 -0.0042602
44.55 0.00246287 -0.0039945
44.6 0.00235996 -0.00373874
44.65 0.00225121 -0.00349288
44.7 0.0021368 -0.00325687
44.75 0.0020169 -0.00303067
44.8 0.00189171 -0.00281422
44.85 0.00176143 -0.00260745
44.9 0.00162623 -0.00241029
44.95 0.00148631 -0.00222269
45 0.00134187 -0.00204455
45.05 0.00119309 -0.00187579
45.1 0.00104016 -0.00171633
45.15 0.000883282 -0.00156608
45.2 0.000722645 -0.00142493
45.25 0.000558442 -0.00129278
45.3 0.000390865 -0.00116954
45.35 0.000220107 -0.00105508
45.4 4.63589e-05 -0.000949301
45.45 -0.000130187 -0.000852077
45.5 -0.000309342 -0.00076329
45.55 -0.000490914 -0.000682813
45.6 -0.000674716 -0.000610519
45.65 -0.000860559 -0.000546275
45.7 -0.00104826 -0.000489948
45.75 -0.00123763 -0.000441399
45.8 -0.00142848 -0.000400487
45.85 -0.00162064 -0.000367069
45.9 -0.00181392 -0.000341
45.95 -0.00200814 -0.000322131
46 -0.00220313 -0.000310311
46.05 -0.00239872 -0.000305388
46.1 -0.00259471 -0.000307208
46.15 -0.00279096 -0.000315612
46.2 -0.00298728 -0.000330445
46.25 -0.00318352 -0.000351544
46.3 -0.0033795 -0.00037875
46.35 -0.00357506 -0.000411898
46.4 -0.00377005 -0.000450826
46.45 -0.0039643 -0.000495368
46.5 -0.00415767 -0.000545359
46.55 -0.00435 -0.00060063
46.6 -0.00454115 -0.000661015
46.65 -0.00473096 -0.000726346
46.7 -0.00491929 -0.000796454
46.75 -0.00510601 -0.000871169
46.8 -0.00529098 -0.000950323
46.85 -0.00547407 -0.00103375
46.9 -0.00565514 -0.00112127
46.95 -0.00583406 -0.00121272
47 -0.00601072 -0.00130793
47.05 -0.00618499 -0.00140674
47.1 -0.00635675 -0.00150896
47.15 -0.0065259 -0.00161444
47.2 -0.00669231 -0.00172301
47.25 -0.00685589 -0.0018345
47.3 -0.00701653 -0.00194875
47.35 -0.00717413 -0.00206558
47.4 -0.00732859 -0.00218484
47.45 -0.00747982 -0.00230636
47.5 -0.00762773 -0.00242998
47.55 -0.00777223 -0.00255554
47.6 -0.00791325 -0.00268288
47.65 -0.00805071 -0.00281184
47.7 -0.00818452 -0.00294227
47.75 -0.00831462 -0.003074
47.8 -0.00844094 -0.00320689
47.85 -0.00856341 -0.00334079
47.9 -0.00868198 -0.00347554
47.95 -0.00879659 -0.003611
48 -0.00890719 -0.00374702
48.05 -0.00901372 -0.00388345
48.1 -0.00911615 -0.00402016
48.15 -0.00921442 -0.004157
48.2 -0.0093085 -0.00429384
48.25 -0.00939835 -0.00443054
48.3 -0.00948395 -0.00456696
48.35 -0.00956526 -0.00470298
48.4 -0.00964227 -0.00483847
48.45 -0.00971494 -0.00497329
48.5 -0.00978326 -0.00510733
48.55 -0.00984722 -0.00524046
48.6 -0.00990681 -0.00537257
48.65 -0.00996202 -0.00550354
48.7 -0.0100128 -0.00563325
48.75 -0.0100593 -0.0057616
48.8 -0.0101013 -0.00588847
48.85 -0.010139 -0.00601376
48.9 -0.0101723 -0.00613737
48.95 -0.0102013 -0.00625919
49 -0.0102259 -0.00637913
49.05 -0.0102462 -0.0064971
49.1 -0.0102621 -0.00661299
49.15 -0.0102738 -0.00672673
49.2 -0.0102813 -0.00683823
49.25 -0.0102845 -0.0069474
49.3 -0.0102835 -0.00705416
49.35 -0.0102784 -0.00715843
49.4 -0.0102692 -0.00726015
49.45 -0.0102559 -0.00735923
49.5 -0.0102385 -0.00745561
49.55 -0.0102172 -0.00754923
49.6 -0.0101919 -0.00764002
49.65 -0.0101628 -0.00772792
49.7 -0.0101297 -0.00781287
49.75 -0.010093 -0.00789482
49.8 -0.0100524 -0.00797371
49.85 -0.0100083 -0.00804951
49.9 -0.00996047 -0.00812216
49.95 -0.00990914 -0.00819162
50 -0.00985433 -0.00825786
