-0.498 -0.000233931 -2.69661e-05
-0.496 -0.000951902 -0.000119151
-0.494 -0.00217953 -0.000295168
-0.492 -0.00394419 -0.000575794
-0.49 -0.00627495 -0.000983851
-0.488 -0.00920251 -0.00154408
-0.486 -0.0127591 -0.00228298
-0.484 -0.0169785 -0.00322867
-0.482 -0.0218956 -0.00441068
-0.48 -0.0275468 -0.00585978
-0.478 -0.0339695 -0.00760775
-0.476 -0.0412019 -0.00968721
-0.474 -0.0492832 -0.0121313
-0.472 -0.0582531 -0.0149736
-0.47 -0.068152 -0.0182476
-0.468 -0.0790203 -0.0219867
-0.466 -0.0908987 -0.0262239
-0.464 -0.103828 -0.0309915
-0.462 -0.117848 -0.0363205
-0.46 -0.132998 -0.0422409
-0.458 -0.149318 -0.048781
-0.456 -0.166846 -0.0559673
-0.454 -0.185617 -0.0638239
-0.452 -0.205669 -0.0723728
-0.45 -0.227033 -0.081633
-0.448 -0.249743 -0.0916204
-0.446 -0.273827 -0.102348
-0.444 -0.299314 -0.113825
-0.442 -0.326226 -0.126056
-0.44 -0.354588 -0.139043
-0.438 -0.384416 -0.152784
-0.436 -0.415727 -0.16727
-0.434 -0.448533 -0.182489
-0.432 -0.482841 -0.198425
-0.43 -0.518657 -0.215055
-0.428 -0.555981 -0.232352
-0.426 -0.594808 -0.250284
-0.424 -0.635132 -0.268813
-0.422 -0.676938 -0.287895
-0.42 -0.720209 -0.307482
-0.418 -0.764924 -0.32752
-0.416 -0.811056 -0.347948
-0.414 -0.858572 -0.368702
-0.412 -0.907436 -0.389712
-0.41 -0.957606 -0.410901
-0.408 -1.00904 -0.432188
-0.406 -1.06167 -0.453488
-0.404 -1.11546 -0.47471
-0.402 -1.17034 -0.49576
-0.4 -1.22624 -0.516537
-0.398 -1.28309 -0.536938
-0.396 -1.34082 -0.556856
-0.394 -1.39934 -0.576181
-0.392 -1.45858 -0.5948
-0.39 -1.51844 -0.612596
-0.388 -1.57882 -0.629452
-0.386 -1.63964 -0.645247
-0.384 -1.70079 -0.65986
-0.382 -1.76217 -0.67317
-0.38 -1.82368 -0.685054
-0.378 -1.88519 -0.695391
-0.376 -1.94661 -0.70406
-0.374 -2.00782 -0.71094
-0.372 -2.0687 -0.715914
-0.37 -2.12913 -0.718867
-0.368 -2.189 -0.719686
-0.366 -2.24819 -0.718262
-0.364 -2.30657 -0.714491
-0.362 -2.36403 -0.708274
-0.36 -2.42045 -0.699516
-0.358 -2.4757 -0.688127
-0.356 -2.52967 -0.674027
-0.354 -2.58224 -0.65714
-0.352 -2.63329 -0.637398
-0.35 -2.68272 -0.614742
-0.348 -2.7304 -0.589121
-0.346 -2.77623 -0.560493
-0.344 -2.82009 -0.528826
-0.342 -2.8619 -0.494096
-0.34 -2.90155 -0.456292
-0.338 -2.93893 -0.415411
-0.336 -2.97397 -0.371464
-0.334 -3.00656 -0.32447
-0.332 -3.03663 -0.274461
-0.33 -3.0641 -0.221482
-0.328 -3.0889 -0.165588
-0.326 -3.11095 -0.106847
-0.324 -3.1302 -0.0453385
-0.322 -3.14659 0.0188448
-0.32 -3.16006 0.0855986
-0.318 -3.17058 0.154807
-0.316 -3.1781 0.22634
-0.314 -3.18259 0.300058
-0.312 -3.18402 0.375808
-0.31 -3.18238 0.453427
-0.308 -3.17765 0.53274
-0.306 -3.16983 0.613561
-0.304 -3.15892 0.695693
-0.302 -3.14492 0.77893
-0.3 -3.12784 0.863057
-0.298 -3.10771 0.947848
-0.296 -3.08456 1.03307
-0.294 -3.05841 1.11848
-0.292 -3.0293 1.20384
-0.29 -2.99728 1.28889
-0.288 -2.96239 1.37336
-0.286 -2.9247 1.457
-0.284 -2.88426 1.53954
-0.282 -2.84114 1.6207
-0.28 -2.79541 1.70022
-0.278 -2.74714 1.77782
-0.276 -2.69641 1.85322
-0.274 -2.6433 1.92616
-0.272 -2.5879 1.99636
-0.27 -2.53028 2.06355
-0.268 -2.47055 2.12747
-0.266 -2.40879 2.18787
-0.264 -2.34509 2.24448
-0.262 -2.27954 2.29707
-0.26 -2.21223 2.3454
-0.258 -2.14325 2.38924
-0.256 -2.0727 2.42837
-0.254 -2.00066 2.46259
-0.252 -1.92721 2.4917
-0.25 -1.85243 2.51553
-0.248 -1.77641 2.53391
-0.246 -1.69922 2.54669
-0.244 -1.62092 2.55373
-0.242 -1.54158 2.55492
-0.24 -1.46125 2.55016
-0.238 -1.37999 2.53937
-0.236 -1.29784 2.52248
-0.234 -1.21483 2.49945
-0.232 -1.13101 2.47026
-0.23 -1.04637 2.43491
-0.228 -0.960942 2.39341
-0.226 -0.87472 2.34581
-0.224 -0.787697 2.29216
-0.222 -0.699857 2.23255
-0.22 -0.611171 2.16708
-0.218 -0.521601 2.09589
-0.216 -0.4311 2.01911
-0.214 -0.339607 1.93691
-0.212 -0.247053 1.8495
-0.21 -0.153358 1.75708
-0.208 -0.0584288 1.65988
-0.206 0.0378351 1.55816
-0.204 0.135547 1.4522
-0.202 0.23483 1.34227
-0.2 0.335817 1.22871
-0.198 0.438651 1.11183
-0.196 0.543486 0.991978
-0.194 0.650484 0.869524
-0.192 0.759816 0.744843
-0.19 0.87166 0.618327
-0.188 0.986206 0.490381
-0.186 1.10365 0.361423
-0.184 1.22418 0.231883
-0.182 1.34802 0.102198
-0.18 1.47538 -0.0271847
-0.178 1.60647 -0.15581
-0.176 1.74152 -0.283219
-0.174 1.88075 -0.408945
-0.172 2.02438 -0.532522
-0.17 2.17265 -0.65348
-0.168 2.32578 -0.771349
-0.166 2.484 -0.88566
-0.164 2.64754 -0.995947
-0.162 2.81662 -1.10175
-0.16 2.99146 -1.20261
-0.158 3.17228 -1.29808
-0.156 3.35929 -1.38771
-0.154 3.5527 -1.47109
-0.152 3.7527 -1.54778
-0.15 3.95948 -1.61739
-0.148 4.17323 -1.67951
-0.146 4.39411 -1.73377
-0.144 4.62228 -1.77982
-0.142 4.8579 -1.8173
-0.14 5.1011 -1.84591
-0.138 5.352 -1.86532
-0.136 5.61072 -1.87527
-0.134 5.87734 -1.87549
-0.132 6.15194 -1.86575
-0.13 6.4346 -1.84583
-0.128 6.72535 -1.81556
-0.126 7.02422 -1.77476
-0.124 7.33123 -1.72331
-0.122 7.64638 -1.6611
-0.12 7.96963 -1.58804
-0.118 8.30096 -1.5041
-0.116 8.64029 -1.40924
-0.114 8.98755 -1.30347
-0.112 9.34265 -1.18683
-0.11 9.70546 -1.05938
-0.108 10.0759 -0.921213
-0.106 10.4537 -0.77245
-0.104 10.8388 -0.61324
-0.102 11.2309 -0.443765
-0.1 11.6299 -0.264229
-0.098 12.0355 -0.0748682
-0.096 12.4476 0.124055
-0.094 12.8657 0.332252
-0.092 13.2897 0.549407
-0.09 13.7192 0.775179
-0.088 14.154 1.0092
-0.086 14.5936 1.25109
-0.084 15.0378 1.50042
-0.082 15.4862 1.75677
-0.08 15.9384 2.01967
-0.078 16.3941 2.28866
-0.076 16.8527 2.56322
-0.074 17.3139 2.84286
-0.072 17.7773 3.12703
-0.07 18.2424 3.4152
-0.068 18.7088 3.70679
-0.066 19.1759 4.00123
-0.064 19.6432 4.29794
-0.062 20.1104 4.59632
-0.06 20.5768 4.89576
-0.058 21.042 5.19565
-0.056 21.5053 5.49536
-0.054 21.9663 5.79426
-0.052 22.4245 6.09174
-0.05 22.8791 6.38715
-0.048 23.3297 6.67985
-0.046 23.7757 6.96923
-0.044 24.2165 7.25464
-0.042 24.6514 7.53547
-0.04 25.0799 7.81108
-0.038 25.5014 8.08086
-0.036 25.9153 8.34422
-0.034 26.3208 8.60054
-0.032 26.7175 8.84925
-0.03 27.1046 9.08977
-0.028 27.4816 9.32154
-0.026 27.8478 9.54403
-0.024 28.2026 9.75671
-0.022 28.5454 9.95907
-0.02 28.8755 10.1506
-0.018 29.1924 10.3309
-0.016 29.4953 10.4995
-0.014 29.7839 10.6559
-0.012 30.0573 10.7999
-0.01 30.3152 10.9309
-0.008 30.5568 11.0488
-0.006 30.7818 11.1531
-0.004 30.9895 11.2437
-0.002 31.1795 11.3202
0 31.3513 11.3825
0.002 31.5043 11.4304
0.004 31.6382 11.4637
0.006 31.7526 11.4823
0.008 31.8472 11.4862
0.01 31.9215 11.4753
0.012 31.9754 11.4497
0.014 32.0085 11.4093
0.016 32.0207 11.3543
0.018 32.0117 11.2848
0.02 31.9813 11.2009
0.022 31.9295 11.1028
0.024 31.8561 10.9908
0.026 31.7613 10.865
0.028 31.6448 10.7259
0.03 31.5069 10.5737
0.032 31.3476 10.4087
0.034 31.1671 10.2315
0.036 30.9655 10.0424
0.038 30.7431 9.84191
0.04 30.5 9.63048
0.042 30.2367 9.40865
0.044 29.9535 9.17696
0.046 29.6508 8.93597
0.048 29.3289 8.68628
0.05 28.9884 8.4285
0.052 28.6297 8.16326
0.054 28.2534 7.8912
0.056 27.8601 7.61298
0.058 27.4502 7.32928
0.06 27.0246 7.04079
0.062 26.5837 6.74819
0.064 26.1284 6.45218
0.066 25.6592 6.15347
0.068 25.177 5.85276
0.07 24.6824 5.55076
0.072 24.1762 5.24816
0.074 23.6592 4.94567
0.076 23.1321 4.64397
0.078 22.5958 4.34374
0.08 22.0511 4.04566
0.082 21.4988 3.75038
0.084 20.9396 3.45855
0.086 20.3744 3.17078
0.088 19.8041 2.88769
0.09 19.2293 2.60986
0.092 18.651 2.33786
0.094 18.0699 2.07222
0.096 17.4869 1.81347
0.098 16.9026 1.56209
0.1 16.3179 1.31854
0.102 15.7335 1.08325
0.104 15.1502 0.856639
0.106 14.5686 0.639067
0.108 13.9896 0.430877
0.11 13.4137 0.23238
0.112 12.8416 0.0438498
0.114 12.274 -0.13447
0.116 11.7115 -0.302369
0.118 11.1546 -0.459673
0.12 10.604 -0.60624
0.122 10.0602 -0.741962
0.124 9.52363 -0.866765
0.126 8.99488 -0.980608
0.128 8.47438 -1.08348
0.13 7.96256 -1.17541
0.132 7.45984 -1.25646
0.134 6.96658 -1.32671
0.136 6.48313 -1.38628
0.138 6.00983 -1.43532
0.14 5.54696 -1.474
0.142 5.0948 -1.50254
0.144 4.65358 -1.52116
0.146 4.22351 -1.53011
0.148 3.80479 -1.52969
0.15 3.39757 -1.52019
0.152 3.00199 -1.50194
0.154 2.61816 -1.47528
0.156 2.24617 -1.44058
0.158 1.88607 -1.39822
0.16 1.5379 -1.34859
0.162 1.20169 -1.2921
0.164 0.877425 -1.22917
0.166 0.565079 -1.16024
0.168 0.264608 -1.08574
0.17 -0.0240546 -1.00613
0.172 -0.300992 -0.921853
0.174 -0.566307 -0.833376
0.176 -0.820116 -0.741157
0.178 -1.06256 -0.645657
0.18 -1.29377 -0.547337
0.182 -1.51393 -0.446658
0.184 -1.72322 -0.344074
0.186 -1.92181 -0.240037
0.188 -2.10991 -0.13499
0.19 -2.28774 -0.0293716
0.192 -2.45552 0.0763918
0.194 -2.61348 0.181882
0.196 -2.76186 0.286692
0.198 -2.90091 0.390429
0.2 -3.03088 0.492711
0.202 -3.15205 0.593172
0.204 -3.26467 0.691461
0.206 -3.36902 0.787243
0.208 -3.46537 0.880201
0.21 -3.55401 0.970032
0.212 -3.63522 1.05646
0.214 -3.70928 1.13921
0.216 -3.77647 1.21804
0.218 -3.83709 1.29273
0.22 -3.89141 1.36308
0.222 -3.93973 1.42889
0.224 -3.98232 1.49
0.226 -4.01947 1.54627
0.228 -4.05145 1.59757
0.23 -4.07855 1.64379
0.232 -4.10102 1.68486
0.234 -4.11915 1.7207
0.236 -4.13318 1.75128
0.238 -4.14338 1.77656
0.24 -4.14999 1.79655
0.242 -4.15326 1.81125
0.244 -4.15342 1.82069
0.246 -4.15071 1.82492
0.248 -4.14534 1.82402
0.25 -4.13752 1.81805
0.252 -4.12746 1.80711
0.254 -4.11536 1.79133
0.256 -4.10139 1.77083
0.258 -4.08573 1.74574
0.26 -4.06856 1.71623
0.262 -4.05002 1.68245
0.264 -4.03026 1.64459
0.266 -4.00942 1.60284
0.268 -3.98762 1.55738
0.27 -3.96497 1.50844
0.272 -3.94158 1.45621
0.274 -3.91755 1.40093
0.276 -3.89296 1.34282
0.278 -3.86789 1.2821
0.28 -3.84239 1.21903
0.282 -3.81653 1.15382
0.284 -3.79034 1.08674
0.286 -3.76387 1.01801
0.288 -3.73715 0.947883
0.29 -3.71019 0.876601
0.292 -3.68301 0.804405
0.294 -3.65562 0.731533
0.296 -3.62801 0.658224
0.298 -3.60017 0.584708
0.3 -3.57209 0.511215
0.302 -3.54375 0.437968
0.304 -3.51513 0.365184
0.306 -3.4862 0.293075
0.308 -3.45692 0.221845
0.31 -3.42727 0.151689
0.312 -3.39721 0.0827963
0.314 -3.36669 0.0153461
0.316 -3.33568 -0.0504912
0.318 -3.30413 -0.114555
0.32 -3.27201 -0.176694
0.322 -3.23926 -0.236769
0.324 -3.20586 -0.294648
0.326 -3.17176 -0.350212
0.328 -3.13693 -0.403354
0.33 -3.10132 -0.453976
0.332 -3.06491 -0.501991
0.334 -3.02766 -0.547325
0.336 -2.98954 -0.589914
0.338 -2.95055 -0.629706
0.34 -2.91064 -0.66666
0.342 -2.86981 -0.700745
0.344 -2.82805 -0.731942
0.346 -2.78535 -0.760242
0.348 -2.74171 -0.785648
0.35 -2.69712 -0.80817
0.352 -2.65161 -0.827832
0.354 -2.60516 -0.844664
0.356 -2.55782 -0.858707
0.358 -2.50959 -0.87001
0.36 -2.4605 -0.878631
0.362 -2.41058 -0.884636
0.364 -2.35987 -0.888098
0.366 -2.3084 -0.889096
0.368 -2.25623 -0.887719
0.37 -2.2034 -0.884057
0.372 -2.14996 -0.87821
0.374 -2.09596 -0.87028
0.376 -2.04146 -0.860375
0.378 -1.98654 -0.848604
0.38 -1.93124 -0.835084
0.382 -1.87564 -0.819931
0.384 -1.8198 -0.803263
0.386 -1.7638 -0.785202
0.388 -1.70771 -0.765869
0.39 -1.6516 -0.745387
0.392 -1.59555 -0.723878
0.394 -1.53963 -0.701463
0.396 -1.48392 -0.678264
0.398 -1.42849 -0.654398
0.4 -1.37342 -0.629984
0.402 -1.31879 -0.605135
0.404 -1.26465 -0.579964
0.406 -1.2111 -0.554579
0.408 -1.1582 -0.529085
0.41 -1.10601 -0.503583
0.412 -1.05461 -0.478169
0.414 -1.00405 -0.452935
0.416 -0.954408 -0.427969
0.418 -0.905733 -0.403352
0.42 -0.858083 -0.379161
0.422 -0.811511 -0.355467
0.424 -0.766068 -0.332335
0.426 -0.721798 -0.309826
0.428 -0.678746 -0.287994
0.43 -0.636949 -0.266886
0.432 -0.596443 -0.246546
0.434 -0.55726 -0.227009
0.436 -0.519427 -0.208306
0.438 -0.482967 -0.190463
0.44 -0.447901 -0.173498
0.442 -0.414244 -0.157425
0.444 -0.382008 -0.142253
0.446 -0.3512 -0.127985
0.448 -0.321825 -0.114619
0.45 -0.293884 -0.10215
0.452 -0.267372 -0.0905649
0.454 -0.242284 -0.0798499
0.456 -0.218607 -0.0699856
0.458 -0.19633 -0.0609492
0.46 -0.175434 -0.0527145
0.462 -0.1559 -0.0452523
0.464 -0.137705 -0.0385306
0.466 -0.120823 -0.0325149
0.468 -0.105225 -0.0271689
0.47 -0.0908805 -0.0224544
0.472 -0.0777569 -0.0183317
0.474 -0.0658189 -0.0147601
0.476 -0.0550294 -0.0116984
0.478 -0.0453498 -0.00910455
0.48 -0.0367401 -0.0069368
0.482 -0.0291587 -0.00515344
0.484 -0.0225634 -0.0037133
0.486 -0.0169106 -0.00257606
0.488 -0.0121565 -0.00170246
0.49 -0.00825644 -0.00105461
0.492 -0.0051657 -0.000596232
0.494 -0.00283937 -0.000292856
0.496 -0.00123261 -0.000112074
0.498 -0.000300867 -2.37089e-05
0.05 9.46416 2.87918
0.1 9.4648 2.87916
0.15 9.46585 2.87913
0.2 9.46733 2.87909
0.25 9.46923 2.87904
0.3 9.47155 2.87898
0.35 9.47429 2.8789
0.4 9.47745 2.87881
0.45 9.48103 2.87872
0.5 9.48502 2.8786
0.55 9.48943 2.87848
0.6 9.49425 2.87835
0.65 9.49949 2.8782
0.7 9.50513 2.87804
0.75 9.51118 2.87786
0.8 9.51764 2.87767
0.85 9.5245 2.87747
0.9 9.53176 2.87726
0.95 9.53942 2.87703
1 9.54747 2.87678
1.05 9.55592 2.87652
1.1 9.56476 2.87625
1.15 9.57398 2.87596
1.2 9.58359 2.87565
1.25 9.59357 2.87533
1.3 9.60394 2.87499
1.35 9.61467 2.87463
1.4 9.62577 2.87426
1.45 9.63724 2.87386
1.5 9.64906 2.87345
1.55 9.66124 2.87302
1.6 9.67378 2.87257
1.65 9.68666 2.8721
1.7 9.69988 2.87161
1.75 9.71344 2.8711
1.8 9.72733 2.87056
1.85 9.74155 2.87
1.9 9.75609 2.86943
1.95 9.77095 2.86882
2 9.78612 2.8682
2.05 9.80159 2.86754
2.1 9.81737 2.86687
2.15 9.83344 2.86616
2.2 9.8498 2.86543
2.25 9.86644 2.86468
2.3 9.88335 2.86389
2.35 9.90054 2.86308
2.4 9.918 2.86224
2.45 9.93571 2.86136
2.5 9.95367 2.86046
2.55 9.97187 2.85953
2.6 9.99032 2.85856
2.65 10.009 2.85756
2.7 10.0279 2.85653
2.75 10.047 2.85546
2.8 10.0663 2.85436
2.85 10.0859 2.85322
2.9 10.1056 2.85205
2.95 10.1255 2.85084
3 10.1456 2.84959
3.05 10.1659 2.84831
3.1 10.1863 2.84698
3.15 10.2069 2.84562
3.2 10.2276 2.84421
3.25 10.2485 2.84277
3.3 10.2696 2.84128
3.35 10.2907 2.83975
3.4 10.312 2.83817
3.45 10.3334 2.83655
3.5 10.3548 2.83489
3.55 10.3764 2.83317
3.6 10.3981 2.83142
3.65 10.4198 2.82961
3.7 10.4417 2.82776
3.75 10.4635 2.82586
3.8 10.4855 2.82391
3.85 10.5075 2.82191
3.9 10.5295 2.81986
3.95 10.5515 2.81776
4 10.5736 2.8156
4.05 10.5957 2.8134
4.1 10.6178 2.81114
4.15 10.6399 2.80882
4.2 10.6619 2.80645
4.25 10.684 2.80403
4.3 10.706 2.80155
4.35 10.728 2.79901
4.4 10.7499 2.79642
4.45 10.7718 2.79377
4.5 10.7936 2.79106
4.55 10.8154 2.78829
4.6 10.837 2.78546
4.65 10.8586 2.78257
4.7 10.8801 2.77962
4.75 10.9015 2.77661
4.8 10.9227 2.77354
4.85 10.9438 2.77041
4.9 10.9648 2.76721
4.95 10.9857 2.76395
5 11.0064 2.76063
5.05 11.0269 2.75724
5.1 11.0473 2.75379
5.15 11.0675 2.75027
5.2 11.0876 2.74669
5.25 11.1074 2.74305
5.3 11.127 2.73933
5.35 11.1465 2.73556
5.4 11.1657 2.73171
5.45 11.1847 2.7278
5.5 11.2034 2.72382
5.55 11.222 2.71978
5.6 11.2402 2.71567
5.65 11.2583 2.71149
5.7 11.276 2.70724
5.75 11.2935 2.70293
5.8 11.3107 2.69854
5.85 11.3276 2.69409
5.9 11.3442 2.68957
5.95 11.3606 2.68499
6 11.3766 2.68033
6.05 11.3923 2.67561
6.1 11.4077 2.67082
6.15 11.4227 2.66596
6.2 11.4374 2.66103
6.25 11.4518 2.65603
6.3 11.4658 2.65097
6.35 11.4795 2.64584
6.4 11.4928 2.64064
6.45 11.5057 2.63537
6.5 11.5182 2.63004
6.55 11.5304 2.62463
6.6 11.5421 2.61917
6.65 11.5535 2.61363
6.7 11.5645 2.60803
6.75 11.575 2.60237
6.8 11.5852 2.59663
6.85 11.5949 2.59084
6.9 11.6042 2.58498
6.95 11.613 2.57905
7 11.6215 2.57306
7.05 11.6294 2.56701
7.1 11.637 2.56089
7.15 11.644 2.55472
7.2 11.6507 2.54848
7.25 11.6568 2.54218
7.3 11.6625 2.53582
7.35 11.6677 2.5294
7.4 11.6724 2.52292
7.45 11.6767 2.51639
7.5 11.6804 2.50979
7.55 11.6837 2.50314
7.6 11.6864 2.49643
7.65 11.6887 2.48967
7.7 11.6905 2.48285
7.75 11.6917 2.47598
7.8 11.6925 2.46906
7.85 11.6927 2.46209
7.9 11.6924 2.45506
7.95 11.6916 2.44799
8 11.6903 2.44087
8.05 11.6884 2.4337
8.1 11.686 2.42648
8.15 11.6831 2.41922
8.2 11.6797 2.41191
8.25 11.6757 2.40456
8.3 11.6711 2.39717
8.35 11.6661 2.38974
8.4 11.6605 2.38226
8.45 11.6543 2.37475
8.5 11.6476 2.3672
8.55 11.6403 2.35962
8.6 11.6325 2.352
8.65 11.6242 2.34434
8.7 11.6152 2.33666
8.75 11.6058 2.32894
8.8 11.5957 2.3212
8.85 11.5852 2.31343
8.9 11.574 2.30563
8.95 11.5623 2.2978
9 11.5501 2.28995
9.05 11.5373 2.28208
9.1 11.5239 2.27419
9.15 11.51 2.26628
9.2 11.4955 2.25836
9.25 11.4805 2.25041
9.3 11.4649 2.24245
9.35 11.4488 2.23448
9.4 11.4321 2.2265
9.45 11.4148 2.21851
9.5 11.397 2.21051
9.55 11.3787 2.2025
9.6 11.3598 2.19449
9.65 11.3403 2.18648
9.7 11.3203 2.17846
9.75 11.2998 2.17045
9.8 11.2787 2.16244
9.85 11.257 2.15443
9.9 11.2349 2.14643
9.95 11.2122 2.13843
10 11.1889 2.13045
10.05 11.1651 2.12247
10.1 11.1408 2.11451
10.15 11.116 2.10656
10.2 11.0907 2.09863
10.25 11.0648 2.09072
10.3 11.0384 2.08282
10.35 11.0115 2.07495
10.4 10.9841 2.0671
10.45 10.9561 2.05928
10.5 10.9277 2.05149
10.55 10.8988 2.04372
10.6 10.8693 2.03598
10.65 10.8394 2.02828
10.7 10.809 2.02062
10.75 10.7781 2.01298
10.8 10.7467 2.00539
10.85 10.7149 1.99784
10.9 10.6825 1.99033
10.95 10.6497 1.98286
11 10.6165 1.97544
11.05 10.5828 1.96807
11.1 10.5486 1.96075
11.15 10.514 1.95348
11.2 10.4789 1.94626
11.25 10.4434 1.9391
11.3 10.4075 1.93199
11.35 10.3711 1.92494
11.4 10.3343 1.91796
11.45 10.2971 1.91103
11.5 10.2595 1.90417
11.55 10.2215 1.89738
11.6 10.1831 1.89065
11.65 10.1443 1.884
11.7 10.1051 1.87741
11.75 10.0655 1.8709
11.8 10.0256 1.86446
11.85 9.98522 1.8581
11.9 9.94453 1.85182
11.95 9.90348 1.84561
12 9.86208 1.83949
12.05 9.82033 1.83346
12.1 9.77825 1.8275
12.15 9.73583 1.82164
12.2 9.69308 1.81586
12.25 9.65002 1.81017
12.3 9.60664 1.80458
12.35 9.56296 1.79907
12.4 9.51898 1.79366
12.45 9.4747 1.78835
12.5 9.43014 1.78314
12.55 9.3853 1.77802
12.6 9.34019 1.773
12.65 9.29481 1.76809
12.7 9.24918 1.76328
12.75 9.20329 1.75858
12.8 9.15716 1.75398
12.85 9.11079 1.74949
12.9 9.06419 1.7451
12.95 9.01737 1.74083
13 8.97033 1.73667
13.05 8.92308 1.73262
13.1 8.87564 1.72869
13.15 8.82799 1.72487
13.2 8.78016 1.72117
13.25 8.73215 1.71758
13.3 8.68397 1.71412
13.35 8.63562 1.71077
13.4 8.58711 1.70754
13.45 8.53846 1.70444
13.5 8.48965 1.70146
13.55 8.44071 1.6986
13.6 8.39164 1.69586
13.65 8.34245 1.69325
13.7 8.29315 1.69077
13.75 8.24373 1.68842
13.8 8.19422 1.68619
13.85 8.14461 1.68409
13.9 8.09491 1.68212
13.95 8.04514 1.68028
14 7.99529 1.67857
14.05 7.94538 1.677
14.1 7.89541 1.67555
14.15 7.84539 1.67424
14.2 7.79532 1.67306
14.25 7.74522 1.67201
14.3 7.69509 1.6711
14.35 7.64493 1.67032
14.4 7.59476 1.66968
14.45 7.54458 1.66917
14.5 7.4944 1.66879
14.55 7.44422 1.66855
14.6 7.39405 1.66845
14.65 7.3439 1.66848
14.7 7.29378 1.66865
14.75 7.24368 1.66896
14.8 7.19363 1.6694
14.85 7.14361 1.66998
14.9 7.09365 1.67069
14.95 7.04375 1.67154
15 6.99391 1.67252
15.05 6.94413 1.67364
15.1 6.89444 1.6749
15.15 6.84482 1.67629
15.2 6.7953 1.67782
15.25 6.74587 1.67948
15.3 6.69654 1.68127
15.35 6.64731 1.6832
15.4 6.5982 1.68526
15.45 6.54921 1.68746
15.5 6.50034 1.68979
15.55 6.45159 1.69225
15.6 6.40299 1.69484
15.65 6.35452 1.69756
15.7 6.3062 1.70042
15.75 6.25803 1.7034
15.8 6.21002 1.70651
15.85 6.16217 1.70975
15.9 6.11449 1.71312
15.95 6.06698 1.71661
16 6.01964 1.72023
16.05 5.97249 1.72397
16.1 5.92553 1.72783
16.15 5.87875 1.73182
16.2 5.83218 1.73593
16.25 5.7858 1.74016
16.3 5.73963 1.74451
16.35 5.69367 1.74897
16.4 5.64792 1.75356
16.45 5.6024 1.75825
16.5 5.55709 1.76307
16.55 5.51201 1.76799
16.6 5.46716 1.77303
16.65 5.42255 1.77818
16.7 5.37818 1.78343
16.75 5.33404 1.7888
16.8 5.29015 1.79426
16.85 5.24652 1.79984
16.9 5.20313 1.80551
16.95 5.16 1.81129
17 5.11713 1.81716
17.05 5.07452 1.82314
17.1 5.03218 1.82921
17.15 4.99011 1.83537
17.2 4.94831 1.84163
17.25 4.90678 1.84797
17.3 4.86553 1.85441
17.35 4.82456 1.86093
17.4 4.78387 1.86754
17.45 4.74346 1.87423
17.5 4.70335 1.88101
17.55 4.66352 1.88786
17.6 4.62398 1.89479
17.65 4.58474 1.90179
17.7 4.54579 1.90887
17.75 4.50714 1.91602
17.8 4.46878 1.92324
17.85 4.43073 1.93052
17.9 4.39298 1.93787
17.95 4.35554 1.94529
18 4.3184 1.95276
18.05 4.28156 1.96029
18.1 4.24503 1.96788
18.15 4.20882 1.97552
18.2 4.17291 1.98321
18.25 4.13731 1.99096
18.3 4.10203 1.99874
18.35 4.06706 2.00658
18.4 4.0324 2.01445
18.45 3.99805 2.02237
18.5 3.96402 2.03032
18.55 3.9303 2.03831
18.6 3.8969 2.04633
18.65 3.86382 2.05438
18.7 3.83105 2.06246
18.75 3.79859 2.07056
18.8 3.76645 2.07869
18.85 3.73463 2.08683
18.9 3.70312 2.095
18.95 3.67193 2.10317
19 3.64105 2.11137
19.05 3.61049 2.11957
19.1 3.58024 2.12778
19.15 3.5503 2.13599
19.2 3.52068 2.14421
19.25 3.49137 2.15242
19.3 3.46237 2.16064
19.35 3.43368 2.16885
19.4 3.4053 2.17705
19.45 3.37723 2.18524
19.5 3.34947 2.19342
19.55 3.32201 2.20158
19.6 3.29486 2.20972
19.65 3.26801 2.21784
19.7 3.24147 2.22594
19.75 3.21522 2.23402
19.8 3.18928 2.24206
19.85 3.16363 2.25008
19.9 3.13828 2.25806
19.95 3.11323 2.26601
20 3.08847 2.27391
20.05 3.064 2.28178
20.1 3.03982 2.2896
20.15 3.01592 2.29737
20.2 2.99232 2.3051
20.25 2.96899 2.31278
20.3 2.94595 2.3204
20.35 2.92319 2.32796
20.4 2.90071 2.33547
20.45 2.8785 2.34291
20.5 2.85656 2.35029
20.55 2.83489 2.3576
20.6 2.8135 2.36485
20.65 2.79237 2.37202
20.7 2.7715 2.37912
20.75 2.75089 2.38615
20.8 2.73054 2.39309
20.85 2.71045 2.39996
20.9 2.69061 2.40674
20.95 2.67102 2.41343
21 2.65168 2.42004
21.05 2.63259 2.42656
21.1 2.61374 2.43299
21.15 2.59512 2.43932
21.2 2.57675 2.44555
21.25 2.55861 2.45169
21.3 2.5407 2.45772
21.35 2.52302 2.46365
21.4 2.50556 2.46947
21.45 2.48833 2.47519
21.5 2.47132 2.4808
21.55 2.45452 2.48629
21.6 2.43794 2.49168
21.65 2.42157 2.49694
21.7 2.4054 2.50209
21.75 2.38945 2.50712
21.8 2.37369 2.51202
21.85 2.35813 2.51681
21.9 2.34277 2.52146
21.95 2.3276 2.52599
22 2.31262 2.53039
22.05 2.29782 2.53466
22.1 2.28321 2.5388
22.15 2.26878 2.5428
22.2 2.25452 2.54667
22.25 2.24044 2.5504
22.3 2.22653 2.55399
22.35 2.21279 2.55743
22.4 2.19921 2.56074
22.45 2.18579 2.5639
22.5 2.17253 2.56692
22.55 2.15943 2.56979
22.6 2.14647 2.57251
22.65 2.13367 2.57508
22.7 2.12101 2.5775
22.75 2.1085 2.57977
22.8 2.09612 2.58188
22.85 2.08388 2.58384
22.9 2.07177 2.58565
22.95 2.0598 2.58729
23 2.04795 2.58878
23.05 2.03622 2.59011
23.1 2.02462 2.59128
23.15 2.01313 2.59229
23.2 2.00176 2.59313
23.25 1.9905 2.59382
23.3 1.97935 2.59434
23.35 1.96831 2.59469
23.4 1.95737 2.59488
23.45 1.94653 2.5949
23.5 1.93579 2.59475
23.55 1.92514 2.59444
23.6 1.91458 2.59396
23.65 1.90412 2.5933
23.7 1.89374 2.59248
23.75 1.88344 2.59149
23.8 1.87323 2.59033
23.85 1.86309 2.589
23.9 1.85303 2.5875
23.95 1.84304 2.58582
24 1.83312 2.58397
24.05 1.82327 2.58195
24.1 1.81348 2.57976
24.15 1.80376 2.5774
24.2 1.7941 2.57486
24.25 1.7845 2.57215
24.3 1.77495 2.56927
24.35 1.76545 2.56621
24.4 1.75601 2.56298
24.45 1.74661 2.55958
24.5 1.73726 2.55601
24.55 1.72795 2.55226
24.6 1.71869 2.54834
24.65 1.70946 2.54425
24.7 1.70028 2.53999
24.75 1.69112 2.53555
24.8 1.682 2.53094
24.85 1.67292 2.52617
24.9 1.66386 2.52122
24.95 1.65483 2.5161
25 1.64582 2.51082
25.05 1.63684 2.50536
25.1 1.62789 2.49974
25.15 1.61895 2.49395
25.2 1.61003 2.48799
25.25 1.60112 2.48186
25.3 1.59224 2.47557
25.35 1.58336 2.46912
25.4 1.5745 2.4625
25.45 1.56565 2.45572
25.5 1.5568 2.44878
25.55 1.54797 2.44167
25.6 1.53914 2.43441
25.65 1.53032 2.42698
25.7 1.5215 2.4194
25.75 1.51268 2.41166
25.8 1.50387 2.40377
25.85 1.49505 2.39571
25.9 1.48623 2.38751
25.95 1.47741 2.37915
26 1.46859 2.37065
26.05 1.45976 2.36199
26.1 1.45093 2.35318
26.15 1.4421 2.34423
26.2 1.43325 2.33513
26.25 1.4244 2.32589
26.3 1.41554 2.3165
26.35 1.40667 2.30697
26.4 1.39779 2.2973
26.45 1.3889 2.28749
26.5 1.37999 2.27755
26.55 1.37108 2.26747
26.6 1.36215 2.25725
26.65 1.35321 2.24691
26.7 1.34426 2.23643
26.75 1.33529 2.22582
26.8 1.32631 2.21509
26.85 1.31732 2.20423
26.9 1.30831 2.19325
26.95 1.29928 2.18214
27 1.29024 2.17092
27.05 1.28118 2.15957
27.1 1.27211 2.14811
27.15 1.26302 2.13654
27.2 1.25392 2.12485
27.25 1.2448 2.11305
27.3 1.23566 2.10114
27.35 1.22651 2.08913
27.4 1.21734 2.07701
27.45 1.20816 2.06479
27.5 1.19896 2.05247
27.55 1.18975 2.04004
27.6 1.18052 2.02752
27.65 1.17127 2.01491
27.7 1.16201 2.0022
27.75 1.15273 1.9894
27.8 1.14345 1.97652
27.85 1.13414 1.96355
27.9 1.12482 1.95049
27.95 1.11549 1.93735
28 1.10615 1.92413
28.05 1.0968 1.91083
28.1 1.08743 1.89746
28.15 1.07805 1.88401
28.2 1.06866 1.87049
28.25 1.05926 1.8569
28.3 1.04985 1.84325
28.35 1.04044 1.82953
28.4 1.03101 1.81574
28.45 1.02157 1.8019
28.5 1.01213 1.788
28.55 1.00269 1.77404
28.6 0.993232 1.76003
28.65 0.983774 1.74596
28.7 0.974311 1.73185
28.75 0.964846 1.71769
28.8 0.955377 1.70349
28.85 0.945907 1.68924
28.9 0.936436 1.67495
28.95 0.926965 1.66063
29 0.917495 1.64627
29.05 0.908026 1.63187
29.1 0.89856 1.61745
29.15 0.889098 1.60299
29.2 0.87964 1.58851
29.25 0.870187 1.574
29.3 0.860741 1.55947
29.35 0.851301 1.54492
29.4 0.841871 1.53035
29.45 0.832449 1.51577
29.5 0.823037 1.50117
29.55 0.813637 1.48656
29.6 0.804249 1.47195
29.65 0.794874 1.45732
29.7 0.785513 1.44269
29.75 0.776168 1.42806
29.8 0.766839 1.41343
29.85 0.757527 1.39879
29.9 0.748234 1.38417
29.95 0.73896 1.36954
30 0.729706 1.35493
30.05 0.720475 1.34033
30.1 0.711265 1.32573
30.15 0.70208 1.31116
30.2 0.692919 1.29659
30.25 0.683784 1.28205
30.3 0.674676 1.26753
30.35 0.665595 1.25303
30.4 0.656544 1.23855
30.45 0.647522 1.2241
30.5 0.638532 1.20968
30.55 0.629574 1.19529
30.6 0.620649 1.18093
30.65 0.611758 1.1666
30.7 0.602902 1.15231
30.75 0.594083 1.13806
30.8 0.585301 1.12384
30.85 0.576557 1.10967
30.9 0.567853 1.09555
30.95 0.559188 1.08146
31 0.550566 1.06743
31.05 0.541985 1.05344
31.1 0.533448 1.0395
31.15 0.524955 1.02562
31.2 0.516507 1.01179
31.25 0.508106 0.998011
31.3 0.499751 0.984292
31.35 0.491445 0.970632
31.4 0.483188 0.957032
31.45 0.47498 0.943493
31.5 0.466823 0.930019
31.55 0.458718 0.916609
31.6 0.450666 0.903265
31.65 0.442667 0.88999
31.7 0.434722 0.876783
31.75 0.426832 0.863648
31.8 0.418998 0.850584
31.85 0.411221 0.837595
31.9 0.403501 0.82468
31.95 0.395839 0.811841
32 0.388237 0.79908
32.05 0.380694 0.786397
32.1 0.373212 0.773795
32.15 0.365791 0.761274
32.2 0.358432 0.748835
32.25 0.351135 0.73648
32.3 0.343901 0.72421
32.35 0.336732 0.712026
32.4 0.329627 0.699928
32.45 0.322586 0.687919
32.5 0.315612 0.675999
32.55 0.308704 0.664169
32.6 0.301862 0.65243
32.65 0.295088 0.640783
32.7 0.288382 0.629229
32.75 0.281744 0.617768
32.8 0.275175 0.606403
32.85 0.268675 0.595133
32.9 0.262245 0.583959
32.95 0.255885 0.572882
33 0.249595 0.561904
33.05 0.243377 0.551024
33.1 0.237229 0.540243
33.15 0.231153 0.529562
33.2 0.225149 0.518982
33.25 0.219218 0.508503
33.3 0.213359 0.498127
33.35 0.207572 0.487852
33.4 0.201859 0.477681
33.45 0.196219 0.467613
33.5 0.190652 0.457649
33.55 0.185159 0.447789
33.6 0.17974 0.438034
33.65 0.174394 0.428385
33.7 0.169123 0.418841
33.75 0.163926 0.409403
33.8 0.158803 0.400071
33.85 0.153755 0.390846
33.9 0.148781 0.381727
33.95 0.143881 0.372716
34 0.139055 0.363812
34.05 0.134304 0.355016
34.1 0.129628 0.346327
34.15 0.125025 0.337746
34.2 0.120497 0.329273
34.25 0.116043 0.320908
34.3 0.111663 0.312651
34.35 0.107357 0.304502
34.4 0.103125 0.296461
34.45 0.0989666 0.288528
34.5 0.0948815 0.280704
34.55 0.0908696 0.272987
34.6 0.0869307 0.265378
34.65 0.0830647 0.257877
34.7 0.0792712 0.250483
34.75 0.0755499 0.243197
34.8 0.0719007 0.236019
34.85 0.0683232 0.228947
34.9 0.0648171 0.221983
34.95 0.061382 0.215125
35 0.0580177 0.208373
35.05 0.0547237 0.201728
35.1 0.0514996 0.195188
35.15 0.0483452 0.188754
35.2 0.0452599 0.182424
35.25 0.0422434 0.1762
35.3 0.0392951 0.17008
35.35 0.0364147 0.164064
35.4 0.0336018 0.158151
35.45 0.0308557 0.152341
35.5 0.028176 0.146634
35.55 0.0255622 0.141029
35.6 0.0230139 0.135525
35.65 0.0205303 0.130123
35.7 0.0181111 0.124821
35.75 0.0157557 0.119619
35.8 0.0134634 0.114516
35.85 0.0112338 0.109512
35.9 0.00906615 0.104606
35.95 0.00695993 0.099798
36 0.00491452 0.0950866
36.05 0.00292929 0.0904714
36.1 0.00100361 0.0859518
36.15 -0.000863157 0.081527
36.2 -0.00267167 0.0771964
36.25 -0.00442257 0.0729593
36.3 -0.00611655 0.0688148
36.35 -0.00775427 0.0647623
36.4 -0.00933643 0.0608011
36.45 -0.0108637 0.0569303
36.5 -0.0123368 0.0531491
36.55 -0.0137564 0.0494569
36.6 -0.0151233 0.0458527
36.65 -0.0164381 0.0423358
36.7 -0.0177016 0.0389053
36.75 -0.0189145 0.0355603
36.8 -0.0200776 0.0323002
36.85 -0.0211916 0.0291239
36.9 -0.0222572 0.0260307
36.95 -0.0232752 0.0230196
37 -0.0242464 0.0200898
37.05 -0.0251715 0.0172403
37.1 -0.0260512 0.0144704
37.15 -0.0268864 0.011779
37.2 -0.0276778 0.00916525
37.25 -0.0284262 0.00662826
37.3 -0.0291323 0.00416707
37.35 -0.0297969 0.00178075
37.4 -0.0304209 -0.000531629
37.45 -0.0310049 -0.00277102
37.5 -0.0315498 -0.00493838
37.55 -0.0320564 -0.00703465
37.6 -0.0325253 -0.0090608
37.65 -0.0329575 -0.0110178
37.7 -0.0333536 -0.0129066
37.75 -0.0337146 -0.0147282
37.8 -0.034041 -0.0164835
37.85 -0.0343338 -0.0181736
37.9 -0.0345937 -0.0197994
37.95 -0.0348215 -0.0213619
38 -0.0350179 -0.022862
38.05 -0.0351837 -0.0243009
38.1 -0.0353198 -0.0256793
38.15 -0.0354268 -0.0269985
38.2 -0.0355055 -0.0282592
38.25 -0.0355567 -0.0294626
38.3 -0.0355811 -0.0306096
38.35 -0.0355796 -0.0317011
38.4 -0.0355527 -0.0327383
38.45 -0.0355014 -0.033722
38.5 -0.0354263 -0.0346533
38.55 -0.0353282 -0.0355331
38.6 -0.0352078 -0.0363624
38.65 -0.0350658 -0.0371423
38.7 -0.0349029 -0.0378736
38.75 -0.0347199 -0.0385573
38.8 -0.0345175 -0.0391945
38.85 -0.0342963 -0.0397861
38.9 -0.0340572 -0.0403331
38.95 -0.0338007 -0.0408364
39 -0.0335275 -0.0412969
39.05 -0.0332384 -0.0417157
39.1 -0.032934 -0.0420937
39.15 -0.0326149 -0.0424319
39.2 -0.0322819 -0.0427311
39.25 -0.0319356 -0.0429923
39.3 -0.0315765 -0.0432164
39.35 -0.0312054 -0.0434044
39.4 -0.0308229 -0.0435572
39.45 -0.0304296 -0.0436756
39.5 -0.0300261 -0.0437607
39.55 -0.029613 -0.0438133
39.6 -0.0291909 -0.0438343
39.65 -0.0287604 -0.0438245
39.7 -0.0283221 -0.0437849
39.75 -0.0278765 -0.0437163
39.8 -0.0274242 -0.0436196
39.85 -0.0269657 -0.0434957
39.9 -0.0265016 -0.0433454
39.95 -0.0260324 -0.0431695
40 -0.0255587 -0.0429689
40.05 -0.0250809 -0.0427443
40.1 -0.0245996 -0.0424967
40.15 -0.0241152 -0.0422269
40.2 -0.0236282 -0.0419355
40.25 -0.0231391 -0.0416235
40.3 -0.0226484 -0.0412915
40.35 -0.0221566 -0.0409404
40.4 -0.021664 -0.040571
40.45 -0.0211711 -0.0401839
40.5 -0.0206783 -0.03978
40.55 -0.0201861 -0.0393599
40.6 -0.0196948 -0.0389245
40.65 -0.0192049 -0.0384743
40.7 -0.0187167 -0.0380101
40.75 -0.0182306 -0.0375327
40.8 -0.0177469 -0.0370426
40.85 -0.0172661 -0.0365406
40.9 -0.0167885 -0.0360274
40.95 -0.0163144 -0.0355035
41 -0.0158441 -0.0349697
41.05 -0.015378 -0.0344265
41.1 -0.0149163 -0.0338746
41.15 -0.0144594 -0.0333146
41.2 -0.0140075 -0.0327471
41.25 -0.0135609 -0.0321727
41.3 -0.0131198 -0.031592
41.35 -0.0126846 -0.0310056
41.4 -0.0122555 -0.0304139
41.45 -0.0118327 -0.0298176
41.5 -0.0114164 -0.0292172
41.55 -0.0110069 -0.0286133
41.6 -0.0106043 -0.0280062
41.65 -0.0102089 -0.0273966
41.7 -0.0098208 -0.026785
41.75 -0.00944024 -0.0261717
41.8 -0.00906737 -0.0255574
41.85 -0.00870235 -0.0249424
41.9 -0.00834533 -0.0243272
41.95 -0.00799645 -0.0237123
42 -0.00765584 -0.0230981
42.05 -0.00732363 -0.0224849
42.1 -0.00699993 -0.0218733
42.15 -0.00668485 -0.0212635
42.2 -0.00637849 -0.0206561
42.25 -0.00608092 -0.0200513
42.3 -0.00579225 -0.0194495
42.35 -0.00551252 -0.0188511
42.4 -0.00524182 -0.0182565
42.45 -0.00498019 -0.0176659
42.5 -0.00472769 -0.0170797
42.55 -0.00448435 -0.0164982
42.6 -0.00425021 -0.0159217
42.65 -0.00402528 -0.0153505
42.7 -0.0038096 -0.0147848
42.75 -0.00360316 -0.014225
42.8 -0.00340597 -0.0136714
42.85 -0.00321803 -0.013124
42.9 -0.00303932 -0.0125833
42.95 -0.00286983 -0.0120495
43 -0.00270953 -0.0115226
43.05 -0.00255838 -0.0110031
43.1 -0.00241636 -0.010491
43.15 -0.00228342 -0.0099866
43.2 -0.0021595 -0.00949004
43.25 -0.00204456 -0.00900151
43.3 -0.00193852 -0.00852118
43.35 -0.00184132 -0.0080492
43.4 -0.00175289 -0.00758571
43.45 -0.00167315 -0.00713087
43.5 -0.00160201 -0.00668479
43.55 -0.00153939 -0.00624761
43.6 -0.00148519 -0.00581943
43.65 -0.00143932 -0.00540036
43.7 -0.00140166 -0.00499049
43.75 -0.00137211 -0.00458992
43.8 -0.00135056 -0.00419872
43.85 -0.00133689 -0.00381698
43.9 -0.00133098 -0.00344474
43.95 -0.00133271 -0.00308207
44 -0.00134194 -0.00272902
44.05 -0.00135855 -0.00238564
44.1 -0.0013824 -0.00205194
44.15 -0.00141335 -0.00172797
44.2 -0.00145126 -0.00141375
44.25 -0.00149598 -0.00110928
44.3 -0.00154737 -0.000814571
44.35 -0.00160528 -0.00052963
44.4 -0.00166954 -0.000254446
44.45 -0.00174002 1.09936e-05
44.5 -0.00181654 0.000266707
44.55 -0.00189895 0.00051272
44.6 -0.00198709 0.000749063
44.65 -0.00208079 0.000975773
44.7 -0.00217989 0.00119289
44.75 -0.00228422 0.00140047
44.8 -0.00239361 0.00159856
44.85 -0.0025079 0.00178722
44.9 -0.0026269 0.00196652
44.95 -0.00275045 0.00213652
45 -0.00287838 0.00229729
45.05 -0.00301052 0.00244893
45.1 -0.00314668 0.0025915
45.15 -0.00328669 0.0027251
45.2 -0.00343038 0.00284982
45.25 -0.00357758 0.00296575
45.3 -0.0037281 0.003073
45.35 -0.00388178 0.00317167
45.4 -0.00403843 0.00326187
45.45 -0.00419788 0.00334371
45.5 -0.00435997 0.0034173
45.55 -0.0045245 0.00348276
45.6 -0.00469131 0.00354022
45.65 -0.00486023 0.0035898
45.7 -0.00503109 0.00363162
45.75 -0.00520371 0.00366582
45.8 -0.00537792 0.00369253
45.85 -0.00555356 0.00371189
45.9 -0.00573045 0.00372403
45.95 -0.00590843 0.0037291
46 -0.00608734 0.00372723
46.05 -0.00626701 0.00371858
46.1 -0.00644728 0.00370328
46.15 -0.00662799 0.00368149
46.2 -0.00680898 0.00365336
46.25 -0.0069901 0.00361903
46.3 -0.00717118 0.00357867
46.35 -0.00735209 0.00353242
46.4 -0.00753266 0.00348045
46.45 -0.00771275 0.0034229
46.5 -0.00789222 0.00335994
46.55 -0.00807091 0.00329172
46.6 -0.0082487 0.0032184
46.65 -0.00842543 0.00314015
46.7 -0.00860098 0.00305711
46.75 -0.00877521 0.00296947
46.8 -0.00894798 0.00287736
46.85 -0.00911918 0.00278096
46.9 -0.00928868 0.00268043
46.95 -0.00945634 0.00257593
47 -0.00962206 0.00246761
47.05 -0.00978572 0.00235565
47.1 -0.00994719 0.00224019
47.15 -0.0101064 0.0021214
47.2 -0.0102632 0.00199945
47.25 -0.0104175 0.00187448
47.3 -0.0105691 0.00174666
47.35 -0.0107181 0.00161614
47.4 -0.0108643 0.00148309
47.45 -0.0110076 0.00134765
47.5 -0.0111479 0.00120998
47.55 -0.0112852 0.00107024
47.6 -0.0114193 0.000928573
47.65 -0.0115501 0.000785137
47.7 -0.0116777 0.00064008
47.75 -0.0118019 0.00049355
47.8 -0.0119226 0.000345693
47.85 -0.0120398 0.000196656
47.9 -0.0121535 4.65828e-05
47.95 -0.0122635 -0.000104385
48 -0.0123698 -0.000256108
48.05 -0.0124723 -0.000408446
48.1 -0.0125711 -0.000561262
48.15 -0.012666 -0.000714423
48.2 -0.012757 -0.000867794
48.25 -0.0128441 -0.00102125
48.3 -0.0129273 -0.00117465
48.35 -0.0130064 -0.00132788
48.4 -0.0130815 -0.0014808
48.45 -0.0131526 -0.00163331
48.5 -0.0132195 -0.00178527
48.55 -0.0132824 -0.00193657
48.6 -0.0133411 -0.0020871
48.65 -0.0133958 -0.00223674
48.7 -0.0134462 -0.00238538
48.75 -0.0134925 -0.00253291
48.8 -0.0135347 -0.00267922
48.85 -0.0135726 -0.00282422
48.9 -0.0136065 -0.0029678
48.95 -0.0136361 -0.00310987
49 -0.0136616 -0.00325032
49.05 -0.013683 -0.00338907
49.1 -0.0137002 -0.00352602
49.15 -0.0137133 -0.00366109
49.2 -0.0137223 -0.00379419
49.25 -0.0137273 -0.00392524
49.3 -0.0137281 -0.00405415
49.35 -0.013725 -0.00418086
49.4 -0.0137178 -0.00430529
49.45 -0.0137066 -0.00442736
49.5 -0.0136915 -0.004547
49.55 -0.0136725 -0.00466416
49.6 -0.0136497 -0.00477876
49.65 -0.013623 -0.00489074
49.7 -0.0135925 -0.00500005
49.75 -0.0135582 -0.00510663
49.8 -0.0135203 -0.00521043
49.85 -0.0134787 -0.00531139
49.9 -0.0134335 -0.00540947
49.95 -0.0133848 -0.00550463
50 -0.0133326 -0.00559682
