-0.498 0.00205059 0.00198742
-0.496 0.00667189 0.00845554
-0.494 0.0115232 0.0201494
-0.492 0.0142174 0.0377931
-0.49 0.0123383 0.062087
-0.488 0.00345791 0.0937042
-0.486 -0.0148458 0.133288
-0.484 -0.0449714 0.181449
-0.482 -0.0892762 0.238764
-0.48 -0.150059 0.305769
-0.478 -0.229542 0.382964
-0.476 -0.329854 0.470806
-0.474 -0.453015 0.569707
-0.472 -0.600918 0.680035
-0.47 -0.775313 0.802113
-0.468 -0.977794 0.936215
-0.466 -1.20978 1.08257
-0.464 -1.47251 1.24135
-0.462 -1.76702 1.41268
-0.46 -2.09413 1.59665
-0.458 -2.45444 1.79328
-0.456 -2.84832 2.00255
-0.454 -3.2759 2.2244
-0.452 -3.73704 2.4587
-0.45 -4.23136 2.70531
-0.448 -4.75822 2.96401
-0.446 -5.31668 3.23455
-0.444 -5.90556 3.51664
-0.442 -6.52339 3.80995
-0.44 -7.16841 4.11411
-0.438 -7.83861 4.42872
-0.436 -8.53169 4.75333
-0.434 -9.24506 5.08749
-0.432 -9.9759 5.4307
-0.43 -10.7211 5.78244
-0.428 -11.4773 6.14216
-0.426 -12.2408 6.50931
-0.424 -13.0079 6.8833
-0.422 -13.7745 7.26356
-0.42 -14.5362 7.64947
-0.418 -15.2885 8.04044
-0.416 -16.0268 8.43585
-0.414 -16.7463 8.83508
-0.412 -17.4417 9.23753
-0.41 -18.1082 9.64259
-0.408 -18.7402 10.0497
-0.406 -19.3325 10.4581
-0.404 -19.8796 10.8675
-0.402 -20.3759 11.2771
-0.4 -20.8158 11.6864
-0.398 -21.1939 12.0949
-0.396 -21.5044 12.5021
-0.394 -21.7419 12.9075
-0.392 -21.9009 13.3106
-0.39 -21.9758 13.711
-0.388 -21.9615 14.1083
-0.386 -21.8526 14.502
-0.384 -21.6442 14.8918
-0.382 -21.3314 15.2774
-0.38 -20.9094 15.6585
-0.378 -20.3739 16.0347
-0.376 -19.7206 16.4059
-0.374 -18.9456 16.7717
-0.372 -18.0452 17.132
-0.37 -17.0161 17.4865
-0.368 -15.8552 17.8353
-0.366 -14.5599 18.178
-0.364 -13.128 18.5147
-0.362 -11.5574 18.8452
-0.36 -9.84675 19.1695
-0.358 -7.99487 19.4875
-0.356 -6.00115 19.7992
-0.354 -3.86536 20.1047
-0.352 -1.58774 20.404
-0.35 0.830993 20.697
-0.348 3.38967 20.9839
-0.346 6.08664 21.2648
-0.344 8.91978 21.5396
-0.342 11.8865 21.8086
-0.34 14.9836 22.0719
-0.338 18.2076 22.3295
-0.336 21.5545 22.5816
-0.334 25.0197 22.8285
-0.332 28.5982 23.0701
-0.33 32.2845 23.3068
-0.328 36.0729 23.5387
-0.326 39.9568 23.7659
-0.324 43.9297 23.9888
-0.322 47.9843 24.2074
-0.32 52.1132 24.4221
-0.318 56.3083 24.633
-0.316 60.5614 24.8403
-0.314 64.864 25.0443
-0.312 69.207 25.2453
-0.31 73.5814 25.4434
-0.308 77.9777 25.6388
-0.306 82.3862 25.8319
-0.304 86.7969 26.0228
-0.302 91.1998 26.2117
-0.3 95.5847 26.399
-0.298 99.9412 26.5847
-0.296 104.259 26.7691
-0.294 108.527 26.9523
-0.292 112.735 27.1346
-0.29 116.872 27.3161
-0.288 120.928 27.4969
-0.286 124.892 27.677
-0.284 128.753 27.8566
-0.282 132.501 28.0358
-0.28 136.127 28.2144
-0.278 139.618 28.3925
-0.276 142.966 28.57
-0.274 146.161 28.7468
-0.272 149.193 28.9226
-0.27 152.052 29.0973
-0.268 154.73 29.2706
-0.266 157.217 29.4421
-0.264 159.505 29.6114
-0.262 161.585 29.778
-0.26 163.45 29.9414
-0.258 165.093 30.101
-0.256 166.505 30.2561
-0.254 167.681 30.406
-0.252 168.613 30.5497
-0.25 169.296 30.6865
-0.248 169.724 30.8153
-0.246 169.891 30.935
-0.244 169.795 31.0446
-0.242 169.429 31.1429
-0.24 168.791 31.2285
-0.238 167.877 31.3002
-0.236 166.685 31.3566
-0.234 165.212 31.3961
-0.232 163.457 31.4174
-0.23 161.419 31.4189
-0.228 159.096 31.399
-0.226 156.49 31.356
-0.224 153.599 31.2883
-0.222 150.426 31.1942
-0.22 146.972 31.072
-0.218 143.239 30.9201
-0.216 139.23 30.7368
-0.214 134.948 30.5203
-0.212 130.397 30.2691
-0.21 125.581 29.9814
-0.208 120.505 29.6557
-0.206 115.175 29.2906
-0.204 109.596 28.8844
-0.202 103.775 28.4358
-0.2 97.7192 27.9435
-0.198 91.4361 27.4062
-0.196 84.9339 26.8229
-0.194 78.2211 26.1925
-0.192 71.3068 25.514
-0.19 64.2005 24.7868
-0.188 56.9124 24.0101
-0.186 49.4528 23.1835
-0.184 41.8327 22.3066
-0.182 34.0635 21.3793
-0.18 26.1569 20.4014
-0.178 18.1249 19.3733
-0.176 9.98017 18.2951
-0.174 1.73537 17.1674
-0.172 -6.59634 15.9909
-0.17 -15.0015 14.7665
-0.168 -23.4666 13.4952
-0.166 -31.9775 12.1783
-0.164 -40.5202 10.8172
-0.162 -49.0804 9.41371
-0.16 -57.6436 7.96953
-0.158 -66.1952 6.48673
-0.156 -74.7205 4.96755
-0.154 -83.2047 3.41439
-0.152 -91.633 1.82984
-0.15 -99.9907 0.216666
-0.148 -108.263 -1.42219
-0.146 -116.435 -3.08363
-0.144 -124.492 -4.76439
-0.142 -132.42 -6.46107
-0.14 -140.204 -8.17014
-0.138 -147.83 -9.88792
-0.136 -155.285 -11.6106
-0.134 -162.553 -13.3344
-0.132 -169.623 -15.0551
-0.13 -176.481 -16.7689
-0.128 -183.114 -18.4715
-0.126 -189.51 -20.1588
-0.124 -195.656 -21.8266
-0.122 -201.542 -23.4706
-0.12 -207.156 -25.0865
-0.118 -212.488 -26.6702
-0.116 -217.528 -28.2174
-0.114 -222.266 -29.7239
-0.112 -226.694 -31.1857
-0.11 -230.802 -32.5988
-0.108 -234.585 -33.959
-0.106 -238.034 -35.2628
-0.104 -241.143 -36.5062
-0.102 -243.907 -37.6858
-0.1 -246.32 -38.7982
-0.098 -248.38 -39.84
-0.096 -250.081 -40.8084
-0.094 -251.422 -41.7003
-0.092 -252.401 -42.5131
-0.09 -253.016 -43.2444
-0.088 -253.267 -43.892
-0.086 -253.154 -44.454
-0.084 -252.678 -44.9285
-0.082 -251.841 -45.3143
-0.08 -250.645 -45.61
-0.078 -249.095 -45.8148
-0.076 -247.192 -45.9279
-0.074 -244.943 -45.949
-0.072 -242.353 -45.878
-0.07 -239.427 -45.7149
-0.068 -236.171 -45.4602
-0.066 -232.593 -45.1146
-0.064 -228.701 -44.6788
-0.062 -224.502 -44.1541
-0.06 -220.004 -43.5418
-0.058 -215.217 -42.8435
-0.056 -210.151 -42.0611
-0.054 -204.814 -41.1964
-0.052 -199.216 -40.2517
-0.05 -193.368 -39.2294
-0.048 -187.28 -38.1318
-0.046 -180.963 -36.9618
-0.044 -174.426 -35.7219
-0.042 -167.682 -34.4151
-0.04 -160.74 -33.0444
-0.038 -153.611 -31.6127
-0.036 -146.306 -30.1232
-0.034 -138.836 -28.5791
-0.032 -131.211 -26.9835
-0.03 -123.441 -25.3396
-0.028 -115.537 -23.6508
-0.026 -107.51 -21.9201
-0.024 -99.3681 -20.1508
-0.022 -91.1222 -18.3462
-0.02 -82.7817 -16.5095
-0.018 -74.356 -14.6438
-0.016 -65.8544 -12.7523
-0.014 -57.2859 -10.8382
-0.012 -48.6594 -8.90445
-0.01 -39.9837 -6.95425
-0.008 -31.2674 -4.99061
-0.006 -22.519 -3.01656
-0.004 -13.747 -1.03511
-0.002 -4.9595 0.95075
0 3.83506 2.93805
0.002 12.6286 4.92387
0.004 21.4127 6.9052
0.006 30.1792 8.87907
0.008 38.9197 10.8425
0.01 47.6258 12.7925
0.012 56.2891 14.7261
0.014 64.901 16.6403
0.016 73.4526 18.5319
0.018 81.9351 20.398
0.02 90.3395 22.2355
0.022 98.6566 24.0412
0.024 106.877 25.8121
0.026 114.991 27.545
0.028 122.988 29.2367
0.03 130.86 30.884
0.032 138.596 32.4839
0.034 146.185 34.0331
0.036 153.617 35.5286
0.038 160.882 36.9672
0.04 167.968 38.3458
0.042 174.867 39.6615
0.044 181.565 40.9112
0.046 188.054 42.0922
0.048 194.322 43.2017
0.05 200.359 44.237
0.052 206.155 45.1955
0.054 211.698 46.0749
0.056 216.979 46.873
0.058 221.988 47.5876
0.06 226.715 48.2169
0.062 231.152 48.7591
0.064 235.289 49.2129
0.066 239.118 49.5769
0.068 242.632 49.8501
0.07 245.821 50.0317
0.072 248.68 50.1212
0.074 251.202 50.1183
0.076 253.382 50.023
0.078 255.213 49.8354
0.08 256.692 49.5561
0.082 257.815 49.1858
0.084 258.578 48.7256
0.086 258.98 48.1767
0.088 259.017 47.5408
0.09 258.69 46.8195
0.092 257.999 46.015
0.094 256.942 45.1295
0.096 255.523 44.1655
0.098 253.743 43.1258
0.1 251.604 42.0133
0.102 249.11 40.8311
0.104 246.265 39.5826
0.106 243.075 38.2711
0.108 239.544 36.9004
0.11 235.68 35.4741
0.112 231.489 33.9962
0.114 226.979 32.4707
0.116 222.158 30.9016
0.118 217.035 29.293
0.12 211.62 27.6493
0.122 205.922 25.9746
0.124 199.952 24.2732
0.126 193.722 22.5493
0.128 187.243 20.8073
0.13 180.526 19.0513
0.132 173.584 17.2855
0.134 166.431 15.5142
0.136 159.078 13.7413
0.138 151.54 11.9709
0.14 143.831 10.2068
0.142 135.964 8.45287
0.144 127.953 6.71272
0.146 119.813 4.98989
0.148 111.559 3.28779
0.15 103.205 1.60965
0.152 94.7661 -0.0414284
0.154 86.257 -1.66254
0.156 77.6925 -3.25093
0.158 69.0875 -4.80404
0.16 60.4569 -6.31948
0.162 51.8153 -7.79504
0.164 43.1775 -9.22873
0.166 34.5578 -10.6187
0.168 25.9708 -11.9634
0.17 17.4306 -13.2614
0.172 8.95103 -14.5114
0.174 0.545934 -15.7124
0.176 -7.77128 -16.8636
0.178 -15.9874 -17.9643
0.18 -24.0897 -19.0141
0.182 -32.0656 -20.0126
0.184 -39.9029 -20.9598
0.186 -47.5899 -21.8557
0.188 -55.1152 -22.7006
0.19 -62.4679 -23.4948
0.192 -69.6374 -24.2389
0.194 -76.6137 -24.9336
0.196 -83.3872 -25.5797
0.198 -89.9488 -26.1781
0.2 -96.2898 -26.73
0.202 -102.402 -27.2365
0.204 -108.278 -27.6988
0.206 -113.911 -28.1184
0.208 -119.294 -28.4966
0.21 -124.421 -28.8351
0.212 -129.287 -29.1353
0.214 -133.887 -29.3989
0.216 -138.216 -29.6275
0.218 -142.27 -29.8229
0.22 -146.047 -29.9868
0.222 -149.544 -30.1208
0.224 -152.759 -30.2267
0.226 -155.689 -30.3063
0.228 -158.335 -30.3612
0.23 -160.695 -30.3932
0.232 -162.77 -30.4038
0.234 -164.56 -30.3946
0.236 -166.067 -30.3674
0.238 -167.291 -30.3235
0.24 -168.237 -30.2644
0.242 -168.905 -30.1916
0.244 -169.3 -30.1064
0.246 -169.424 -30.01
0.248 -169.283 -29.9037
0.25 -168.881 -29.7886
0.252 -168.223 -29.6658
0.254 -167.315 -29.5362
0.256 -166.163 -29.4008
0.258 -164.773 -29.2603
0.26 -163.152 -29.1156
0.262 -161.307 -28.9674
0.264 -159.246 -28.8161
0.266 -156.977 -28.6624
0.268 -154.508 -28.5068
0.27 -151.847 -28.3496
0.272 -149.005 -28.1911
0.274 -145.989 -28.0317
0.276 -142.81 -27.8716
0.278 -139.477 -27.7108
0.28 -135.999 -27.5496
0.282 -132.387 -27.388
0.284 -128.652 -27.2261
0.286 -124.803 -27.0637
0.288 -120.851 -26.9008
0.29 -116.807 -26.7374
0.292 -112.681 -26.5733
0.294 -108.484 -26.4084
0.296 -104.226 -26.2426
0.298 -99.918 -26.0755
0.3 -95.571 -25.9071
0.302 -91.1951 -25.737
0.304 -86.8008 -25.5652
0.306 -82.3984 -25.3912
0.308 -77.9978 -25.215
0.31 -73.6091 -25.0362
0.312 -69.2419 -24.8546
0.314 -64.9058 -24.6699
0.316 -60.6098 -24.4819
0.318 -56.3629 -24.2904
0.32 -52.1738 -24.095
0.322 -48.0506 -23.8956
0.324 -44.0014 -23.6919
0.326 -40.0336 -23.4837
0.328 -36.1544 -23.2707
0.33 -32.3706 -23.0528
0.332 -28.6885 -22.8297
0.334 -25.114 -22.6013
0.336 -21.6525 -22.3674
0.338 -18.3091 -22.1277
0.34 -15.0882 -21.8822
0.342 -11.994 -21.6307
0.344 -9.02996 -21.373
0.346 -6.19924 -21.109
0.348 -3.50443 -20.8387
0.35 -0.94768 -20.5619
0.352 1.46937 -20.2785
0.354 3.74553 -19.9885
0.356 5.88009 -19.6919
0.358 7.87282 -19.3886
0.36 9.72391 -19.0786
0.362 11.434 -18.762
0.364 13.0042 -18.4387
0.366 14.436 -18.1089
0.368 15.7314 -17.7727
0.37 16.8925 -17.4301
0.372 17.922 -17.0812
0.374 18.823 -16.7264
0.376 19.5988 -16.3656
0.378 20.2531 -15.9992
0.38 20.7897 -15.6274
0.382 21.2129 -15.2504
0.384 21.5272 -14.8686
0.386 21.7371 -14.4823
0.388 21.8477 -14.0918
0.39 21.8639 -13.6975
0.392 21.7908 -13.2998
0.394 21.634 -12.8991
0.396 21.3986 -12.496
0.398 21.0903 -12.0908
0.4 20.7146 -11.6841
0.402 20.2771 -11.2764
0.404 19.7833 -10.8682
0.406 19.2388 -10.4602
0.408 18.6492 -10.0528
0.41 18.0198 -9.64666
0.412 17.3562 -9.24241
0.414 16.6635 -8.84064
0.416 15.9469 -8.44197
0.418 15.2114 -8.04701
0.42 14.4619 -7.6564
0.422 13.7031 -7.27074
0.424 12.9395 -6.89066
0.426 12.1753 -6.51676
0.428 11.4146 -6.14964
0.43 10.6613 -5.78988
0.432 9.91899 -5.43806
0.434 9.191 -5.09472
0.436 8.48044 -4.76038
0.438 7.79015 -4.43555
0.44 7.1227 -4.1207
0.442 6.48038 -3.81627
0.444 5.86521 -3.52267
0.446 5.27894 -3.24027
0.448 4.72302 -2.96942
0.45 4.19864 -2.71039
0.452 3.70674 -2.46345
0.454 3.24794 -2.22881
0.456 2.82263 -2.00663
0.458 2.43094 -1.79703
0.46 2.07274 -1.60008
0.462 1.74766 -1.41579
0.464 1.45508 -1.24415
0.466 1.1942 -1.08508
0.468 0.963959 -0.938444
0.47 0.76313 -0.804074
0.472 0.590288 -0.681743
0.474 0.443838 -0.571178
0.476 0.322027 -0.472057
0.478 0.222961 -0.384013
0.48 0.144618 -0.306632
0.482 0.0848686 -0.23946
0.484 0.0414894 -0.181997
0.486 0.0121809 -0.133705
0.488 -0.00541457 -0.0940085
0.49 -0.0136959 -0.0622969
0.492 -0.0150854 -0.0379265
0.494 -0.0120108 -0.0202239
0.496 -0.0068883 -0.00848838
0.498 -0.00210461 -0.00199557
0.05 2.09306 1.57225
0.1 2.09299 1.57216
0.15 2.09287 1.572
0.2 2.0927 1.57178
0.25 2.09249 1.5715
0.3 2.09223 1.57116
0.35 2.09192 1.57075
0.4 2.09156 1.57028
0.45 2.09116 1.56975
0.5 2.09071 1.56916
0.55 2.09021 1.5685
0.6 2.08966 1.56778
0.65 2.08907 1.567
0.7 2.08843 1.56616
0.75 2.08774 1.56525
0.8 2.08701 1.56429
0.85 2.08622 1.56326
0.9 2.08539 1.56217
0.95 2.08452 1.56102
1 2.08359 1.55981
1.05 2.08262 1.55854
1.1 2.0816 1.5572
1.15 2.08053 1.55581
1.2 2.07942 1.55435
1.25 2.07826 1.55284
1.3 2.07705 1.55126
1.35 2.07579 1.54962
1.4 2.07449 1.54793
1.45 2.07314 1.54617
1.5 2.07174 1.54436
1.55 2.07029 1.54249
1.6 2.0688 1.54055
1.65 2.06726 1.53856
1.7 2.06567 1.53651
1.75 2.06404 1.5344
1.8 2.06236 1.53224
1.85 2.06063 1.53001
1.9 2.05885 1.52773
1.95 2.05703 1.5254
2 2.05516 1.523
2.05 2.05324 1.52055
2.1 2.05128 1.51804
2.15 2.04927 1.51548
2.2 2.04721 1.51286
2.25 2.0451 1.51018
2.3 2.04295 1.50746
2.35 2.04075 1.50467
2.4 2.0385 1.50183
2.45 2.03621 1.49894
2.5 2.03387 1.496
2.55 2.03148 1.493
2.6 2.02905 1.48995
2.65 2.02657 1.48684
2.7 2.02404 1.48369
2.75 2.02147 1.48048
2.8 2.01885 1.47722
2.85 2.01618 1.47391
2.9 2.01347 1.47055
2.95 2.01071 1.46714
3 2.00791 1.46368
3.05 2.00505 1.46017
3.1 2.00216 1.45661
3.15 1.99921 1.45301
3.2 1.99622 1.44935
3.25 1.99318 1.44565
3.3 1.9901 1.4419
3.35 1.98697 1.43811
3.4 1.9838 1.43427
3.45 1.98058 1.43038
3.5 1.97731 1.42645
3.55 1.974 1.42247
3.6 1.97064 1.41845
3.65 1.96724 1.41439
3.7 1.96379 1.41028
3.75 1.96029 1.40613
3.8 1.95675 1.40193
3.85 1.95317 1.3977
3.9 1.94954 1.39342
3.95 1.94586 1.38911
4 1.94214 1.38475
4.05 1.93838 1.38035
4.1 1.93457 1.37591
4.15 1.93072 1.37144
4.2 1.92682 1.36693
4.25 1.92287 1.36238
4.3 1.91889 1.35779
4.35 1.91486 1.35316
4.4 1.91078 1.3485
4.45 1.90666 1.34381
4.5 1.9025 1.33907
4.55 1.89829 1.33431
4.6 1.89404 1.32951
4.65 1.88975 1.32468
4.7 1.88541 1.31981
4.75 1.88103 1.31491
4.8 1.87661 1.30999
4.85 1.87214 1.30502
4.9 1.86763 1.30003
4.95 1.86308 1.29501
5 1.85849 1.28996
5.05 1.85385 1.28489
5.1 1.84917 1.27978
5.15 1.84445 1.27464
5.2 1.83969 1.26948
5.25 1.83489 1.26429
5.3 1.83005 1.25908
5.35 1.82516 1.25384
5.4 1.82023 1.24858
5.45 1.81527 1.24329
5.5 1.81026 1.23798
5.55 1.80521 1.23265
5.6 1.80012 1.22729
5.65 1.79499 1.22191
5.7 1.78983 1.21651
5.75 1.78462 1.21109
5.8 1.77937 1.20565
5.85 1.77409 1.20019
5.9 1.76876 1.19471
5.95 1.7634 1.18922
6 1.75799 1.18371
6.05 1.75255 1.17817
6.1 1.74708 1.17263
6.15 1.74156 1.16707
6.2 1.73601 1.16149
6.25 1.73042 1.15589
6.3 1.72479 1.15029
6.35 1.71913 1.14467
6.4 1.71343 1.13904
6.45 1.70769 1.13339
6.5 1.70192 1.12774
6.55 1.69611 1.12207
6.6 1.69027 1.11639
6.65 1.68439 1.1107
6.7 1.67848 1.10501
6.75 1.67253 1.0993
6.8 1.66655 1.09359
6.85 1.66053 1.08787
6.9 1.65448 1.08214
6.95 1.6484 1.0764
7 1.64229 1.07066
7.05 1.63614 1.06492
7.1 1.62996 1.05917
7.15 1.62375 1.05341
7.2 1.61751 1.04766
7.25 1.61123 1.0419
7.3 1.60493 1.03613
7.35 1.59859 1.03037
7.4 1.59223 1.02461
7.45 1.58583 1.01884
7.5 1.57941 1.01307
7.55 1.57295 1.00731
7.6 1.56647 1.00154
7.65 1.55996 0.995782
7.7 1.55342 0.990021
7.75 1.54685 0.984263
7.8 1.54026 0.978509
7.85 1.53364 0.972758
7.9 1.52699 0.967012
7.95 1.52031 0.96127
8 1.51362 0.955534
8.05 1.50689 0.949804
8.1 1.50014 0.94408
8.15 1.49337 0.938363
8.2 1.48657 0.932653
8.25 1.47975 0.926952
8.3 1.4729 0.921259
8.35 1.46603 0.915575
8.4 1.45914 0.9099
8.45 1.45223 0.904236
8.5 1.44529 0.898582
8.55 1.43834 0.892939
8.6 1.43136 0.887307
8.65 1.42437 0.881687
8.7 1.41735 0.87608
8.75 1.41031 0.870485
8.8 1.40326 0.864904
8.85 1.39619 0.859337
8.9 1.38909 0.853784
8.95 1.38198 0.848245
9 1.37486 0.842722
9.05 1.36771 0.837214
9.1 1.36056 0.831722
9.15 1.35338 0.826247
9.2 1.34619 0.820789
9.25 1.33898 0.815347
9.3 1.33176 0.809924
9.35 1.32453 0.804519
9.4 1.31728 0.799132
9.45 1.31002 0.793764
9.5 1.30275 0.788415
9.55 1.29547 0.783086
9.6 1.28817 0.777778
9.65 1.28086 0.772489
9.7 1.27355 0.767222
9.75 1.26622 0.761976
9.8 1.25888 0.756751
9.85 1.25153 0.751549
9.9 1.24418 0.746368
9.95 1.23681 0.74121
10 1.22944 0.736076
10.05 1.22207 0.730964
10.1 1.21468 0.725876
10.15 1.20729 0.720812
10.2 1.19989 0.715773
10.25 1.19249 0.710758
10.3 1.18508 0.705768
10.35 1.17767 0.700803
10.4 1.17026 0.695864
10.45 1.16284 0.69095
10.5 1.15542 0.686062
10.55 1.148 0.681201
10.6 1.14058 0.676367
10.65 1.13315 0.671559
10.7 1.12573 0.666778
10.75 1.1183 0.662025
10.8 1.11087 0.6573
10.85 1.10345 0.652602
10.9 1.09603 0.647932
10.95 1.0886 0.643291
11 1.08119 0.638678
11.05 1.07377 0.634094
11.1 1.06636 0.629539
11.15 1.05895 0.625014
11.2 1.05154 0.620517
11.25 1.04414 0.61605
11.3 1.03675 0.611613
11.35 1.02936 0.607206
11.4 1.02198 0.602829
11.45 1.0146 0.598482
11.5 1.00723 0.594166
11.55 0.999874 0.58988
11.6 0.992521 0.585625
11.65 0.985178 0.581401
11.7 0.977844 0.577208
11.75 0.97052 0.573046
11.8 0.963206 0.568915
11.85 0.955902 0.564816
11.9 0.94861 0.560748
11.95 0.94133 0.556712
12 0.934061 0.552707
12.05 0.926806 0.548734
12.1 0.919563 0.544794
12.15 0.912334 0.540885
12.2 0.905118 0.537008
12.25 0.897918 0.533163
12.3 0.890732 0.52935
12.35 0.883561 0.52557
12.4 0.876407 0.521821
12.45 0.869268 0.518106
12.5 0.862147 0.514422
12.55 0.855042 0.510771
12.6 0.847955 0.507152
12.65 0.840887 0.503566
12.7 0.833836 0.500012
12.75 0.826805 0.49649
12.8 0.819793 0.493001
12.85 0.8128 0.489545
12.9 0.805828 0.486121
12.95 0.798876 0.482729
13 0.791946 0.47937
13.05 0.785037 0.476043
13.1 0.778149 0.472749
13.15 0.771284 0.469487
13.2 0.764441 0.466257
13.25 0.757622 0.463059
13.3 0.750826 0.459894
13.35 0.744053 0.456761
13.4 0.737305 0.45366
13.45 0.730581 0.450591
13.5 0.723883 0.447554
13.55 0.717209 0.444548
13.6 0.710561 0.441575
13.65 0.703939 0.438633
13.7 0.697344 0.435723
13.75 0.690775 0.432844
13.8 0.684233 0.429997
13.85 0.677719 0.427181
13.9 0.671232 0.424396
13.95 0.664773 0.421643
14 0.658343 0.41892
14.05 0.651941 0.416228
14.1 0.645568 0.413567
14.15 0.639225 0.410936
14.2 0.632911 0.408336
14.25 0.626627 0.405767
14.3 0.620373 0.403227
14.35 0.61415 0.400717
14.4 0.607958 0.398237
14.45 0.601796 0.395787
14.5 0.595666 0.393366
14.55 0.589568 0.390975
14.6 0.583501 0.388613
14.65 0.577466 0.38628
14.7 0.571464 0.383976
14.75 0.565494 0.3817
14.8 0.559558 0.379453
14.85 0.553654 0.377234
14.9 0.547783 0.375043
14.95 0.541946 0.37288
15 0.536143 0.370745
15.05 0.530374 0.368637
15.1 0.524639 0.366556
15.15 0.518938 0.364503
15.2 0.513272 0.362476
15.25 0.50764 0.360476
15.3 0.502043 0.358502
15.35 0.496482 0.356555
15.4 0.490955 0.354633
15.45 0.485464 0.352738
15.5 0.480009 0.350867
15.55 0.474589 0.349022
15.6 0.469206 0.347202
15.65 0.463858 0.345407
15.7 0.458546 0.343637
15.75 0.453271 0.34189
15.8 0.448032 0.340168
15.85 0.442829 0.33847
15.9 0.437664 0.336795
15.95 0.432535 0.335143
16 0.427442 0.333515
16.05 0.422387 0.331909
16.1 0.417369 0.330326
16.15 0.412388 0.328765
16.2 0.407444 0.327226
16.25 0.402537 0.325709
16.3 0.397667 0.324213
16.35 0.392835 0.322739
16.4 0.388041 0.321285
16.45 0.383284 0.319853
16.5 0.378564 0.31844
16.55 0.373882 0.317048
16.6 0.369238 0.315676
16.65 0.364631 0.314323
16.7 0.360062 0.312989
16.75 0.35553 0.311675
16.8 0.351036 0.310379
16.85 0.34658 0.309102
16.9 0.342161 0.307843
16.95 0.33778 0.306602
17 0.333437 0.305379
17.05 0.329132 0.304173
17.1 0.324864 0.302984
17.15 0.320633 0.301812
17.2 0.31644 0.300656
17.25 0.312285 0.299517
17.3 0.308167 0.298393
17.35 0.304087 0.297285
17.4 0.300044 0.296193
17.45 0.296038 0.295116
17.5 0.292069 0.294053
17.55 0.288138 0.293005
17.6 0.284244 0.291972
17.65 0.280386 0.290952
17.7 0.276566 0.289946
17.75 0.272783 0.288953
17.8 0.269036 0.287974
17.85 0.265326 0.287007
17.9 0.261653 0.286053
17.95 0.258016 0.285111
18 0.254415 0.284182
18.05 0.250851 0.283264
18.1 0.247322 0.282357
18.15 0.24383 0.281461
18.2 0.240374 0.280577
18.25 0.236953 0.279703
18.3 0.233568 0.278839
18.35 0.230219 0.277986
18.4 0.226904 0.277142
18.45 0.223625 0.276308
18.5 0.220381 0.275483
18.55 0.217172 0.274667
18.6 0.213998 0.27386
18.65 0.210858 0.273061
18.7 0.207752 0.272271
18.75 0.204681 0.271488
18.8 0.201644 0.270713
18.85 0.19864 0.269946
18.9 0.195671 0.269185
18.95 0.192734 0.268432
19 0.189832 0.267685
19.05 0.186962 0.266945
19.1 0.184125 0.26621
19.15 0.181321 0.265482
19.2 0.17855 0.264759
19.25 0.175811 0.264042
19.3 0.173104 0.26333
19.35 0.170429 0.262623
19.4 0.167786 0.26192
19.45 0.165174 0.261222
19.5 0.162594 0.260528
19.55 0.160044 0.259839
19.6 0.157526 0.259153
19.65 0.155038 0.25847
19.7 0.152581 0.257791
19.75 0.150154 0.257115
19.8 0.147757 0.256441
19.85 0.14539 0.255771
19.9 0.143052 0.255103
19.95 0.140744 0.254437
20 0.138464 0.253773
20.05 0.136214 0.253111
20.1 0.133992 0.25245
20.15 0.131799 0.251791
20.2 0.129633 0.251133
20.25 0.127496 0.250476
20.3 0.125386 0.24982
20.35 0.123304 0.249165
20.4 0.121249 0.24851
20.45 0.119221 0.247855
20.5 0.117219 0.2472
20.55 0.115244 0.246545
20.6 0.113295 0.24589
20.65 0.111372 0.245235
20.7 0.109475 0.244579
20.75 0.107603 0.243922
20.8 0.105756 0.243264
20.85 0.103935 0.242605
20.9 0.102138 0.241944
20.95 0.100365 0.241283
21 0.0986168 0.240619
21.05 0.0968924 0.239954
21.1 0.0951917 0.239287
21.15 0.0935144 0.238618
21.2 0.0918604 0.237947
21.25 0.0902292 0.237274
21.3 0.0886208 0.236598
21.35 0.0870347 0.23592
21.4 0.0854709 0.235239
21.45 0.083929 0.234555
21.5 0.0824088 0.233868
21.55 0.08091 0.233178
21.6 0.0794324 0.232485
21.65 0.0779757 0.231789
21.7 0.0765397 0.231089
21.75 0.0751242 0.230386
21.8 0.0737288 0.229679
21.85 0.0723534 0.228968
21.9 0.0709977 0.228254
21.95 0.0696615 0.227536
22 0.0683445 0.226813
22.05 0.0670464 0.226087
22.1 0.0657671 0.225357
22.15 0.0645063 0.224622
22.2 0.0632637 0.223883
22.25 0.0620391 0.22314
22.3 0.0608323 0.222392
22.35 0.0596431 0.22164
22.4 0.0584711 0.220883
22.45 0.0573162 0.220122
22.5 0.0561782 0.219356
22.55 0.0550568 0.218585
22.6 0.0539518 0.217809
22.65 0.0528629 0.217028
22.7 0.05179 0.216243
22.75 0.0507327 0.215453
22.8 0.049691 0.214657
22.85 0.0486645 0.213857
22.9 0.0476531 0.213051
22.95 0.0466565 0.212241
23 0.0456745 0.211425
23.05 0.0447069 0.210604
23.1 0.0437536 0.209778
23.15 0.0428142 0.208947
23.2 0.0418885 0.208111
23.25 0.0409765 0.207269
23.3 0.0400778 0.206422
23.35 0.0391923 0.20557
23.4 0.0383197 0.204713
23.45 0.0374599 0.20385
23.5 0.0366127 0.202983
23.55 0.0357778 0.20211
23.6 0.0349552 0.201231
23.65 0.0341445 0.200348
23.7 0.0333457 0.199459
23.75 0.0325585 0.198565
23.8 0.0317827 0.197666
23.85 0.0310182 0.196762
23.9 0.0302648 0.195853
23.95 0.0295223 0.194938
24 0.0287906 0.194019
24.05 0.0280694 0.193094
24.1 0.0273586 0.192164
24.15 0.0266581 0.19123
24.2 0.0259676 0.19029
24.25 0.025287 0.189345
24.3 0.0246162 0.188396
24.35 0.023955 0.187442
24.4 0.0233032 0.186482
24.45 0.0226607 0.185519
24.5 0.0220273 0.18455
24.55 0.021403 0.183577
24.6 0.0207874 0.182599
24.65 0.0201806 0.181616
24.7 0.0195823 0.180629
24.75 0.0189925 0.179638
24.8 0.0184109 0.178642
24.85 0.0178375 0.177642
24.9 0.0172721 0.176638
24.95 0.0167146 0.175629
25 0.0161649 0.174617
25.05 0.0156228 0.1736
25.1 0.0150882 0.172579
25.15 0.0145611 0.171555
25.2 0.0140412 0.170527
25.25 0.0135285 0.169494
25.3 0.0130229 0.168459
25.35 0.0125242 0.167419
25.4 0.0120324 0.166376
25.45 0.0115473 0.16533
25.5 0.0110688 0.164281
25.55 0.0105969 0.163228
25.6 0.0101314 0.162172
25.65 0.00967219 0.161112
25.7 0.00921928 0.16005
25.75 0.00877251 0.158985
25.8 0.00833181 0.157917
25.85 0.00789709 0.156847
25.9 0.00746826 0.155774
25.95 0.00704523 0.154698
26 0.00662793 0.15362
26.05 0.00621627 0.152539
26.1 0.00581019 0.151456
26.15 0.0054096 0.150371
26.2 0.00501443 0.149285
26.25 0.00462461 0.148196
26.3 0.00424007 0.147105
26.35 0.00386074 0.146012
26.4 0.00348656 0.144918
26.45 0.00311747 0.143823
26.5 0.0027534 0.142726
26.55 0.00239429 0.141627
26.6 0.00204009 0.140528
26.65 0.00169074 0.139427
26.7 0.00134618 0.138325
26.75 0.00100637 0.137223
26.8 0.000671244 0.136119
26.85 0.000340763 0.135015
26.9 1.48778e-05 0.133911
26.95 -0.000306459 0.132806
27 -0.000623292 0.1317
27.05 -0.000935664 0.130595
27.1 -0.00124361 0.129489
27.15 -0.00154719 0.128383
27.2 -0.00184642 0.127277
27.25 -0.00214134 0.126171
27.3 -0.00243199 0.125066
27.35 -0.00271841 0.123961
27.4 -0.00300063 0.122857
27.45 -0.00327868 0.121753
27.5 -0.00355258 0.12065
27.55 -0.00382238 0.119548
27.6 -0.00408808 0.118447
27.65 -0.00434974 0.117346
27.7 -0.00460736 0.116247
27.75 -0.00486097 0.11515
27.8 -0.00511059 0.114053
27.85 -0.00535626 0.112959
27.9 -0.00559798 0.111865
27.95 -0.00583578 0.110774
28 -0.00606968 0.109684
28.05 -0.00629969 0.108596
28.1 -0.00652584 0.107511
28.15 -0.00674814 0.106427
28.2 -0.0069666 0.105346
28.25 -0.00718124 0.104266
28.3 -0.00739208 0.10319
28.35 -0.00759912 0.102116
28.4 -0.00780239 0.101044
28.45 -0.00800188 0.0999758
28.5 -0.00819762 0.09891
28.55 -0.00838961 0.0978471
28.6 -0.00857787 0.0967873
28.65 -0.0087624 0.0957307
28.7 -0.00894321 0.0946773
28.75 -0.00912031 0.0936273
28.8 -0.00929371 0.0925807
28.85 -0.00946342 0.0915376
28.9 -0.00962944 0.0904982
28.95 -0.00979178 0.0894625
29 -0.00995044 0.0884306
29.05 -0.0101054 0.0874026
29.1 -0.0102568 0.0863787
29.15 -0.0104045 0.0853588
29.2 -0.0105485 0.0843431
29.25 -0.0106889 0.0833316
29.3 -0.0108256 0.0823246
29.35 -0.0109587 0.0813219
29.4 -0.0110882 0.0803238
29.45 -0.0112141 0.0793303
29.5 -0.0113363 0.0783415
29.55 -0.0114549 0.0773574
29.6 -0.0115699 0.0763782
29.65 -0.0116813 0.075404
29.7 -0.0117891 0.0744347
29.75 -0.0118933 0.0734705
29.8 -0.0119939 0.0725115
29.85 -0.0120909 0.0715577
29.9 -0.0121844 0.0706092
29.95 -0.0122742 0.0696661
30 -0.0123605 0.0687284
30.05 -0.0124432 0.0677962
30.1 -0.0125223 0.0668696
30.15 -0.0125979 0.0659487
30.2 -0.01267 0.0650334
30.25 -0.0127385 0.064124
30.3 -0.0128034 0.0632204
30.35 -0.0128648 0.0623226
30.4 -0.0129227 0.0614309
30.45 -0.0129771 0.0605451
30.5 -0.013028 0.0596654
30.55 -0.0130753 0.0587919
30.6 -0.0131192 0.0579245
30.65 -0.0131596 0.0570633
30.7 -0.0131965 0.0562084
30.75 -0.01323 0.0553599
30.8 -0.01326 0.0545177
30.85 -0.0132865 0.053682
30.9 -0.0133097 0.0528527
30.95 -0.0133294 0.05203
31 -0.0133457 0.0512138
31.05 -0.0133586 0.0504041
31.1 -0.0133681 0.0496012
31.15 -0.0133743 0.0488049
31.2 -0.0133771 0.0480153
31.25 -0.0133765 0.0472325
31.3 -0.0133727 0.0464564
31.35 -0.0133655 0.0456871
31.4 -0.0133551 0.0449247
31.45 -0.0133413 0.0441692
31.5 -0.0133244 0.0434206
31.55 -0.0133041 0.0426788
31.6 -0.0132807 0.0419441
31.65 -0.0132541 0.0412163
31.7 -0.0132243 0.0404955
31.75 -0.0131913 0.0397817
31.8 -0.0131552 0.039075
31.85 -0.013116 0.0383753
31.9 -0.0130737 0.0376827
31.95 -0.0130283 0.0369971
32 -0.0129799 0.0363187
32.05 -0.0129284 0.0356474
32.1 -0.012874 0.0349831
32.15 -0.0128166 0.0343261
32.2 -0.0127562 0.0336761
32.25 -0.0126929 0.0330333
32.3 -0.0126268 0.0323977
32.35 -0.0125578 0.0317692
32.4 -0.0124859 0.0311479
32.45 -0.0124113 0.0305337
32.5 -0.0123338 0.0299267
32.55 -0.0122537 0.0293268
32.6 -0.0121708 0.0287341
32.65 -0.0120852 0.0281486
32.7 -0.011997 0.0275702
32.75 -0.0119062 0.0269989
32.8 -0.0118128 0.0264348
32.85 -0.0117168 0.0258777
32.9 -0.0116183 0.0253278
32.95 -0.0115174 0.024785
33 -0.011414 0.0242493
33.05 -0.0113082 0.0237207
33.1 -0.0112 0.0231991
33.15 -0.0110895 0.0226845
33.2 -0.0109767 0.022177
33.25 -0.0108617 0.0216765
33.3 -0.0107444 0.0211829
33.35 -0.010625 0.0206964
33.4 -0.0105034 0.0202167
33.45 -0.0103797 0.019744
33.5 -0.0102539 0.0192782
33.55 -0.0101262 0.0188193
33.6 -0.00999645 0.0183672
33.65 -0.00986478 0.0179219
33.7 -0.00973122 0.0174834
33.75 -0.00959581 0.0170517
33.8 -0.00945859 0.0166267
33.85 -0.00931961 0.0162084
33.9 -0.0091789 0.0157967
33.95 -0.00903653 0.0153917
34 -0.00889252 0.0149933
34.05 -0.00874693 0.0146014
34.1 -0.0085998 0.0142161
34.15 -0.00845117 0.0138372
34.2 -0.00830108 0.0134649
34.25 -0.0081496 0.0130989
34.3 -0.00799676 0.0127393
34.35 -0.0078426 0.012386
34.4 -0.00768718 0.012039
34.45 -0.00753054 0.0116983
34.5 -0.00737272 0.0113638
34.55 -0.00721378 0.0110354
34.6 -0.00705376 0.0107132
34.65 -0.00689271 0.0103971
34.7 -0.00673068 0.0100869
34.75 -0.00656771 0.00978281
34.8 -0.00640385 0.00948462
34.85 -0.00623915 0.00919231
34.9 -0.00607366 0.00890585
34.95 -0.00590742 0.00862519
35 -0.00574048 0.00835027
35.05 -0.00557289 0.00808105
35.1 -0.0054047 0.00781747
35.15 -0.00523595 0.0075595
35.2 -0.00506669 0.00730706
35.25 -0.00489698 0.00706012
35.3 -0.00472685 0.00681862
35.35 -0.00455636 0.00658251
35.4 -0.00438555 0.00635174
35.45 -0.00421447 0.00612624
35.5 -0.00404317 0.00590598
35.55 -0.00387169 0.00569089
35.6 -0.00370008 0.00548092
35.65 -0.00352839 0.00527601
35.7 -0.00335666 0.00507612
35.75 -0.00318493 0.00488117
35.8 -0.00301327 0.00469113
35.85 -0.0028417 0.00450592
35.9 -0.00267028 0.00432551
35.95 -0.00249906 0.00414982
36 -0.00232806 0.0039788
36.05 -0.00215735 0.0038124
36.1 -0.00198697 0.00365056
36.15 -0.00181695 0.00349321
36.2 -0.00164734 0.00334031
36.25 -0.00147819 0.0031918
36.3 -0.00130954 0.00304761
36.35 -0.00114143 0.00290769
36.4 -0.000973897 0.00277198
36.45 -0.000806991 0.00264043
36.5 -0.000640751 0.00251297
36.55 -0.000475217 0.00238954
36.6 -0.000310429 0.0022701
36.65 -0.000146427 0.00215457
36.7 1.67498e-05 0.00204291
36.75 0.000179062 0.00193505
36.8 0.000340472 0.00183093
36.85 0.000500941 0.00173051
36.9 0.000660433 0.00163371
36.95 0.000818911 0.00154048
37 0.000976337 0.00145076
37.05 0.00113268 0.0013645
37.1 0.0012879 0.00128164
37.15 0.00144196 0.00120211
37.2 0.00159483 0.00112587
37.25 0.00174648 0.00105286
37.3 0.00189688 0.000983005
37.35 0.00204598 0.000916266
37.4 0.00219377 0.00085258
37.45 0.0023402 0.000791891
37.5 0.00248526 0.000734143
37.55 0.0026289 0.000679279
37.6 0.0027711 0.000627244
37.65 0.00291184 0.000577982
37.7 0.00305108 0.000531437
37.75 0.0031888 0.000487555
37.8 0.00332497 0.000446281
37.85 0.00345956 0.000407559
37.9 0.00359256 0.000371336
37.95 0.00372393 0.000337559
38 0.00385365 0.000306172
38.05 0.00398171 0.000277124
38.1 0.00410807 0.000250361
38.15 0.00423271 0.000225831
38.2 0.00435563 0.000203481
38.25 0.00447679 0.00018326
38.3 0.00459617 0.000165116
38.35 0.00471376 0.000148999
38.4 0.00482955 0.000134858
38.45 0.0049435 0.000122642
38.5 0.00505561 0.000112302
38.55 0.00516586 0.000103789
38.6 0.00527424 9.7053e-05
38.65 0.00538073 9.20463e-05
38.7 0.00548531 8.87208e-05
38.75 0.00558798 8.70288e-05
38.8 0.00568873 8.69233e-05
38.85 0.00578753 8.83576e-05
38.9 0.00588439 9.12856e-05
38.95 0.00597928 9.56616e-05
39 0.00607221 0.00010144
39.05 0.00616317 0.000108577
39.1 0.00625213 0.000117028
39.15 0.00633911 0.000126749
39.2 0.00642409 0.000137698
39.25 0.00650707 0.00014983
39.3 0.00658804 0.000163105
39.35 0.00666699 0.000177481
39.4 0.00674393 0.000192915
39.45 0.00681886 0.000209369
39.5 0.00689176 0.000226802
39.55 0.00696264 0.000245174
39.6 0.0070315 0.000264446
39.65 0.00709834 0.00028458
39.7 0.00716316 0.000305539
39.75 0.00722595 0.000327284
39.8 0.00728673 0.000349778
39.85 0.00734549 0.000372987
39.9 0.00740225 0.000396873
39.95 0.00745699 0.000421402
40 0.00750973 0.000446539
40.05 0.00756047 0.000472251
40.1 0.00760922 0.000498503
40.15 0.00765598 0.000525263
40.2 0.00770077 0.000552498
40.25 0.00774358 0.000580177
40.3 0.00778444 0.000608269
40.35 0.00782333 0.000636742
40.4 0.00786029 0.000665566
40.45 0.00789531 0.000694713
40.5 0.0079284 0.000724153
40.55 0.00795959 0.000753857
40.6 0.00798887 0.000783799
40.65 0.00801627 0.000813949
40.7 0.00804178 0.000844283
40.75 0.00806544 0.000874772
40.8 0.00808725 0.000905393
40.85 0.00810722 0.000936119
40.9 0.00812537 0.000966927
40.95 0.00814172 0.000997792
41 0.00815628 0.00102869
41.05 0.00816907 0.0010596
41.1 0.0081801 0.0010905
41.15 0.00818939 0.00112136
41.2 0.00819696 0.00115217
41.25 0.00820283 0.00118291
41.3 0.00820701 0.00121354
41.35 0.00820952 0.00124407
41.4 0.00821038 0.00127446
41.45 0.00820962 0.00130469
41.5 0.00820724 0.00133476
41.55 0.00820328 0.00136463
41.6 0.00819775 0.0013943
41.65 0.00819067 0.00142375
41.7 0.00818206 0.00145295
41.75 0.00817195 0.00148191
41.8 0.00816035 0.00151059
41.85 0.00814729 0.00153899
41.9 0.00813279 0.00156709
41.95 0.00811688 0.00159488
42 0.00809956 0.00162235
42.05 0.00808088 0.00164947
42.1 0.00806084 0.00167625
42.15 0.00803948 0.00170267
42.2 0.00801682 0.00172871
42.25 0.00799287 0.00175437
42.3 0.00796768 0.00177963
42.35 0.00794125 0.00180449
42.4 0.00791361 0.00182893
42.45 0.00788479 0.00185296
42.5 0.00785481 0.00187655
42.55 0.0078237 0.0018997
42.6 0.00779147 0.0019224
42.65 0.00775817 0.00194465
42.7 0.0077238 0.00196644
42.75 0.00768839 0.00198775
42.8 0.00765198 0.00200859
42.85 0.00761458 0.00202896
42.9 0.00757622 0.00204883
42.95 0.00753692 0.00206821
43 0.00749671 0.0020871
43.05 0.00745562 0.00210549
43.1 0.00741366 0.00212337
43.15 0.00737087 0.00214074
43.2 0.00732726 0.00215761
43.25 0.00728287 0.00217396
43.3 0.00723772 0.00218979
43.35 0.00719183 0.0022051
43.4 0.00714523 0.00221989
43.45 0.00709794 0.00223416
43.5 0.00704998 0.0022479
43.55 0.00700139 0.00226112
43.6 0.00695219 0.00227381
43.65 0.00690239 0.00228598
43.7 0.00685202 0.00229762
43.75 0.00680112 0.00230873
43.8 0.00674969 0.00231931
43.85 0.00669777 0.00232938
43.9 0.00664538 0.00233891
43.95 0.00659254 0.00234792
44 0.00653927 0.00235641
44.05 0.0064856 0.00236438
44.1 0.00643155 0.00237184
44.15 0.00637714 0.00237877
44.2 0.0063224 0.00238519
44.25 0.00626735 0.0023911
44.3 0.006212 0.0023965
44.35 0.00615638 0.0024014
44.4 0.00610052 0.00240579
44.45 0.00604443 0.00240969
44.5 0.00598813 0.00241309
44.55 0.00593164 0.00241599
44.6 0.00587499 0.00241841
44.65 0.0058182 0.00242035
44.7 0.00576128 0.0024218
44.75 0.00570425 0.00242278
44.8 0.00564714 0.00242329
44.85 0.00558996 0.00242334
44.9 0.00553273 0.00242292
44.95 0.00547547 0.00242205
45 0.0054182 0.00242072
45.05 0.00536093 0.00241895
45.1 0.00530369 0.00241674
45.15 0.00524648 0.0024141
45.2 0.00518933 0.00241103
45.25 0.00513225 0.00240753
45.3 0.00507527 0.00240362
45.35 0.00501839 0.00239929
45.4 0.00496162 0.00239456
45.45 0.004905 0.00238943
45.5 0.00484852 0.00238391
45.55 0.00479221 0.002378
45.6 0.00473608 0.00237171
45.65 0.00468014 0.00236505
45.7 0.00462441 0.00235801
45.75 0.00456889 0.00235062
45.8 0.00451361 0.00234287
45.85 0.00445858 0.00233477
45.9 0.0044038 0.00232634
45.95 0.00434928 0.00231756
46 0.00429505 0.00230846
46.05 0.00424111 0.00229904
46.1 0.00418747 0.0022893
46.15 0.00413414 0.00227926
46.2 0.00408113 0.00226891
46.25 0.00402846 0.00225827
46.3 0.00397612 0.00224735
46.35 0.00392414 0.00223614
46.4 0.00387251 0.00222466
46.45 0.00382125 0.00221291
46.5 0.00377036 0.00220091
46.55 0.00371985 0.00218865
46.6 0.00366973 0.00217614
46.65 0.00362001 0.0021634
46.7 0.00357069 0.00215042
46.75 0.00352178 0.00213722
46.8 0.00347328 0.0021238
46.85 0.0034252 0.00211017
46.9 0.00337754 0.00209633
46.95 0.00333032 0.0020823
47 0.00328353 0.00206807
47.05 0.00323717 0.00205366
47.1 0.00319126 0.00203907
47.15 0.00314579 0.0020243
47.2 0.00310078 0.00200937
47.25 0.00305621 0.00199429
47.3 0.0030121 0.00197905
47.35 0.00296844 0.00196366
47.4 0.00292525 0.00194814
47.45 0.00288251 0.00193248
47.5 0.00284024 0.00191669
47.55 0.00279843 0.00190078
47.6 0.00275708 0.00188476
47.65 0.0027162 0.00186863
47.7 0.00267578 0.00185239
47.75 0.00263582 0.00183606
47.8 0.00259633 0.00181964
47.85 0.00255731 0.00180313
47.9 0.00251875 0.00178654
47.95 0.00248065 0.00176988
48 0.00244301 0.00175314
48.05 0.00240583 0.00173635
48.1 0.00236911 0.0017195
48.15 0.00233284 0.00170259
48.2 0.00229703 0.00168564
48.25 0.00226167 0.00166864
48.3 0.00222676 0.00165161
48.35 0.0021923 0.00163455
48.4 0.00215828 0.00161746
48.45 0.0021247 0.00160035
48.5 0.00209156 0.00158322
48.55 0.00205885 0.00156607
48.6 0.00202657 0.00154892
48.65 0.00199471 0.00153177
48.7 0.00196328 0.00151462
48.75 0.00193227 0.00149747
48.8 0.00190166 0.00148033
48.85 0.00187147 0.00146321
48.9 0.00184168 0.0014461
48.95 0.00181229 0.00142902
49 0.00178329 0.00141196
49.05 0.00175468 0.00139493
49.1 0.00172646 0.00137793
49.15 0.00169861 0.00136098
49.2 0.00167114 0.00134406
49.25 0.00164404 0.00132719
49.3 0.0016173 0.00131036
49.35 0.00159091 0.00129359
49.4 0.00156488 0.00127687
49.45 0.00153918 0.0012602
49.5 0.00151383 0.0012436
49.55 0.00148881 0.00122706
49.6 0.00146412 0.00121059
49.65 0.00143975 0.00119419
49.7 0.00141569 0.00117786
49.75 0.00139194 0.00116161
49.8 0.0013685 0.00114543
49.85 0.00134535 0.00112933
49.9 0.00132248 0.00111331
49.95 0.00129991 0.00109738
50 0.0012776 0.00108154
