-0.498 -0.000151317 -0.00011166
-0.496 -0.000597847 -0.000447964
-0.494 -0.00132883 -0.00101035
-0.492 -0.00233402 -0.0017995
-0.49 -0.00360376 -0.00281535
-0.488 -0.00512898 -0.00405704
-0.486 -0.00690125 -0.00552293
-0.484 -0.0089128 -0.00721061
-0.482 -0.0111565 -0.00911685
-0.48 -0.0136261 -0.0112377
-0.478 -0.0163158 -0.0135682
-0.476 -0.0192207 -0.016103
-0.474 -0.0223365 -0.0188356
-0.472 -0.0256598 -0.0217591
-0.47 -0.0291879 -0.0248655
-0.468 -0.0329186 -0.0281464
-0.466 -0.0368507 -0.0315927
-0.464 -0.0409835 -0.0351944
-0.462 -0.045317 -0.0389411
-0.46 -0.0498518 -0.0428219
-0.458 -0.0545892 -0.046825
-0.456 -0.0595311 -0.0509384
-0.454 -0.0646799 -0.0551496
-0.452 -0.0700384 -0.0594456
-0.45 -0.07561 -0.0638129
-0.448 -0.0813984 -0.0682381
-0.446 -0.0874078 -0.072707
-0.444 -0.0936426 -0.0772055
-0.442 -0.100107 -0.0817192
-0.44 -0.106807 -0.0862336
-0.438 -0.113747 -0.0907341
-0.436 -0.120932 -0.0952061
-0.434 -0.128367 -0.0996351
-0.432 -0.136058 -0.104007
-0.43 -0.144008 -0.108306
-0.428 -0.152224 -0.112519
-0.426 -0.160709 -0.116633
-0.424 -0.169467 -0.120632
-0.422 -0.178503 -0.124505
-0.42 -0.187819 -0.128238
-0.418 -0.197419 -0.131818
-0.416 -0.207304 -0.135233
-0.414 -0.217477 -0.138472
-0.412 -0.227936 -0.141524
-0.41 -0.238684 -0.144379
-0.408 -0.249718 -0.147026
-0.406 -0.261036 -0.149457
-0.404 -0.272636 -0.151662
-0.402 -0.284514 -0.153635
-0.4 -0.296664 -0.155369
-0.398 -0.30908 -0.156856
-0.396 -0.321754 -0.158092
-0.394 -0.334677 -0.159072
-0.392 -0.34784 -0.159792
-0.39 -0.36123 -0.16025
-0.388 -0.374833 -0.160442
-0.386 -0.388637 -0.160368
-0.384 -0.402623 -0.160026
-0.382 -0.416775 -0.159419
-0.38 -0.431074 -0.158545
-0.378 -0.445497 -0.157408
-0.376 -0.460024 -0.15601
-0.374 -0.47463 -0.154355
-0.372 -0.489289 -0.152446
-0.37 -0.503973 -0.15029
-0.368 -0.518655 -0.14789
-0.366 -0.533303 -0.145255
-0.364 -0.547884 -0.142391
-0.362 -0.562366 -0.139306
-0.36 -0.576713 -0.136008
-0.358 -0.590889 -0.132505
-0.356 -0.604854 -0.128808
-0.354 -0.618569 -0.124925
-0.352 -0.631992 -0.120866
-0.35 -0.645083 -0.116643
-0.348 -0.657795 -0.112265
-0.346 -0.670085 -0.107744
-0.344 -0.681906 -0.103091
-0.342 -0.693211 -0.0983161
-0.34 -0.703951 -0.0934308
-0.338 -0.714077 -0.0884463
-0.336 -0.723538 -0.0833734
-0.334 -0.732284 -0.0782228
-0.332 -0.740263 -0.0730048
-0.33 -0.747422 -0.0677297
-0.328 -0.753709 -0.0624069
-0.326 -0.759069 -0.0570456
-0.324 -0.76345 -0.0516544
-0.322 -0.766797 -0.0462412
-0.32 -0.769055 -0.0408132
-0.318 -0.770172 -0.0353767
-0.316 -0.770091 -0.0299373
-0.314 -0.76876 -0.0244994
-0.312 -0.766124 -0.0190667
-0.31 -0.76213 -0.0136416
-0.308 -0.756724 -0.0082253
-0.306 -0.749855 -0.00281799
-0.304 -0.741469 0.00258154
-0.302 -0.731517 0.00797581
-0.3 -0.719946 0.0133687
-0.298 -0.706709 0.0187656
-0.296 -0.691756 0.0241732
-0.294 -0.67504 0.0295999
-0.292 -0.656515 0.0350555
-0.29 -0.636136 0.0405514
-0.288 -0.61386 0.0461006
-0.286 -0.589644 0.0517178
-0.284 -0.563449 0.0574192
-0.282 -0.535235 0.0632226
-0.28 -0.504965 0.0691476
-0.278 -0.472604 0.0752152
-0.276 -0.438118 0.0814481
-0.274 -0.401477 0.0878706
-0.272 -0.362651 0.0945086
-0.27 -0.321611 0.101389
-0.268 -0.278334 0.108542
-0.266 -0.232796 0.115996
-0.264 -0.184975 0.123784
-0.262 -0.134855 0.131938
-0.26 -0.0824171 0.140492
-0.258 -0.0276491 0.149482
-0.256 0.0294609 0.158945
-0.254 0.0889219 0.168917
-0.252 0.15074 0.179438
-0.25 0.21492 0.190545
-0.248 0.281463 0.20228
-0.246 0.350368 0.214682
-0.244 0.421632 0.227792
-0.242 0.495248 0.241652
-0.24 0.571208 0.256304
-0.238 0.6495 0.271789
-0.236 0.730111 0.288149
-0.234 0.813025 0.305426
-0.232 0.898223 0.323661
-0.23 0.985684 0.342895
-0.228 1.07538 0.363168
-0.226 1.1673 0.384522
-0.224 1.26139 0.406994
-0.222 1.35765 0.430624
-0.22 1.45602 0.455447
-0.218 1.55648 0.481502
-0.216 1.65898 0.508821
-0.214 1.7635 0.537439
-0.212 1.86998 0.567386
-0.21 1.97839 0.598694
-0.208 2.08867 0.63139
-0.206 2.20078 0.6655
-0.204 2.31467 0.701049
-0.202 2.43028 0.738058
-0.2 2.54758 0.776547
-0.198 2.66649 0.816533
-0.196 2.78696 0.85803
-0.194 2.90894 0.901051
-0.192 3.03237 0.945604
-0.19 3.15718 0.991697
-0.188 3.28331 1.03933
-0.186 3.4107 1.08851
-0.184 3.53929 1.13923
-0.182 3.669 1.19148
-0.18 3.79977 1.24526
-0.178 3.93154 1.30055
-0.176 4.06423 1.35733
-0.174 4.19777 1.4156
-0.172 4.3321 1.47532
-0.17 4.46713 1.53648
-0.168 4.60281 1.59903
-0.166 4.73905 1.66295
-0.164 4.87578 1.72821
-0.162 5.01294 1.79476
-0.16 5.15043 1.86256
-0.158 5.2882 1.93156
-0.156 5.42616 2.00173
-0.154 5.56423 2.07299
-0.152 5.70236 2.1453
-0.15 5.84044 2.2186
-0.148 5.97842 2.29283
-0.146 6.11621 2.36792
-0.144 6.25374 2.4438
-0.142 6.39094 2.52041
-0.14 6.52772 2.59768
-0.138 6.66401 2.67551
-0.136 6.79974 2.75385
-0.134 6.93483 2.83261
-0.132 7.06921 2.9117
-0.13 7.2028 2.99106
-0.128 7.33553 3.07058
-0.126 7.46732 3.15018
-0.124 7.59811 3.22978
-0.122 7.72782 3.30929
-0.12 7.85638 3.38861
-0.118 7.98372 3.46766
-0.116 8.10978 3.54635
-0.114 8.23447 3.62459
-0.112 8.35775 3.70227
-0.11 8.47954 3.77933
-0.108 8.59977 3.85565
-0.106 8.71838 3.93116
-0.104 8.83532 4.00576
-0.102 8.95051 4.07938
-0.1 9.0639 4.15191
-0.098 9.17543 4.22327
-0.096 9.28505 4.29339
-0.094 9.39269 4.36218
-0.092 9.4983 4.42956
-0.09 9.60183 4.49545
-0.088 9.70323 4.55979
-0.086 9.80245 4.62249
-0.084 9.89944 4.68348
-0.082 9.99414 4.74271
-0.08 10.0865 4.8001
-0.078 10.1765 4.8556
-0.076 10.2641 4.90915
-0.074 10.3493 4.96069
-0.072 10.4319 5.01018
-0.07 10.512 5.05756
-0.068 10.5895 5.1028
-0.066 10.6644 5.14585
-0.064 10.7366 5.18669
-0.062 10.8062 5.22526
-0.06 10.873 5.26156
-0.058 10.937 5.29554
-0.056 10.9983 5.3272
-0.054 11.0567 5.3565
-0.052 11.1122 5.38345
-0.05 11.1648 5.40802
-0.048 11.2145 5.43022
-0.046 11.2612 5.45002
-0.044 11.3049 5.46745
-0.042 11.3455 5.4825
-0.04 11.3831 5.49517
-0.038 11.4176 5.50547
-0.036 11.4489 5.51343
-0.034 11.477 5.51905
-0.032 11.5019 5.52235
-0.03 11.5236 5.52335
-0.028 11.5419 5.52208
-0.026 11.557 5.51857
-0.024 11.5687 5.51284
-0.022 11.577 5.50493
-0.02 11.582 5.49487
-0.018 11.5834 5.48269
-0.016 11.5814 5.46845
-0.014 11.5759 5.45217
-0.012 11.5669 5.4339
-0.01 11.5542 5.4137
-0.008 11.5381 5.39159
-0.006 11.5183 5.36765
-0.004 11.4949 5.34191
-0.002 11.4678 5.31443
0 11.4371 5.28527
0.002 11.4026 5.2545
0.004 11.3645 5.22217
0.006 11.3227 5.18833
0.008 11.2772 5.15304
0.01 11.228 5.11636
0.012 11.1752 5.07836
0.014 11.1187 5.03911
0.016 11.0586 4.99867
0.018 10.9948 4.95711
0.02 10.9275 4.9145
0.022 10.8566 4.87092
0.024 10.7822 4.82642
0.026 10.7043 4.78109
0.028 10.6231 4.73499
0.03 10.5384 4.68821
0.032 10.4504 4.6408
0.034 10.3592 4.59284
0.036 10.2648 4.54441
0.038 10.1673 4.49558
0.04 10.0668 4.44641
0.042 9.96337 4.39699
0.044 9.85708 4.34737
0.046 9.74804 4.29763
0.048 9.63634 4.24784
0.05 9.52209 4.19806
0.052 9.4054 4.14835
0.054 9.28637 4.09878
0.056 9.16512 4.04941
0.058 9.04176 4.00029
0.06 8.91642 3.95148
0.062 8.78922 3.90304
0.064 8.66027 3.85501
0.066 8.52971 3.80744
0.068 8.39766 3.76038
0.07 8.26425 3.71387
0.072 8.12961 3.66794
0.074 7.99388 3.62263
0.076 7.85717 3.57797
0.078 7.71962 3.53399
0.08 7.58136 3.49072
0.082 7.44252 3.44816
0.084 7.30323 3.40635
0.086 7.16362 3.36529
0.088 7.0238 3.325
0.09 6.88392 3.28548
0.092 6.74408 3.24673
0.094 6.60441 3.20875
0.096 6.46504 3.17154
0.098 6.32606 3.13509
0.1 6.18761 3.09939
0.102 6.04978 3.06442
0.104 5.91269 3.03017
0.106 5.77643 2.99662
0.108 5.64112 2.96374
0.11 5.50685 2.93151
0.112 5.37371 2.89991
0.114 5.24179 2.86889
0.116 5.11118 2.83843
0.118 4.98196 2.8085
0.12 4.85421 2.77905
0.122 4.72801 2.75004
0.124 4.60343 2.72145
0.126 4.48053 2.69322
0.128 4.35937 2.66532
0.13 4.24002 2.6377
0.132 4.12253 2.61032
0.134 4.00695 2.58314
0.136 3.89333 2.5561
0.138 3.7817 2.52917
0.14 3.6721 2.5023
0.142 3.56458 2.47545
0.144 3.45915 2.44857
0.146 3.35584 2.42162
0.148 3.25468 2.39456
0.15 3.15568 2.36734
0.152 3.05886 2.33993
0.154 2.96422 2.31229
0.156 2.87177 2.28437
0.158 2.7815 2.25615
0.16 2.69343 2.22759
0.162 2.60755 2.19866
0.164 2.52383 2.16932
0.166 2.44228 2.13956
0.168 2.36288 2.10933
0.17 2.2856 2.07862
0.172 2.21043 2.04741
0.174 2.13734 2.01568
0.176 2.0663 1.9834
0.178 1.99727 1.95058
0.18 1.93024 1.91718
0.182 1.86516 1.88322
0.184 1.80198 1.84867
0.186 1.74068 1.81354
0.188 1.68121 1.77783
0.19 1.62352 1.74153
0.192 1.56757 1.70465
0.194 1.5133 1.6672
0.196 1.46067 1.62919
0.198 1.40963 1.59063
0.2 1.36013 1.55153
0.202 1.3121 1.51192
0.204 1.2655 1.4718
0.206 1.22028 1.43121
0.208 1.17636 1.39017
0.21 1.13371 1.3487
0.212 1.09226 1.30683
0.214 1.05196 1.2646
0.216 1.01275 1.22203
0.218 0.974572 1.17916
0.22 0.937375 1.13603
0.222 0.901103 1.09267
0.224 0.8657 1.04912
0.226 0.831114 1.00542
0.228 0.797292 0.961625
0.23 0.764184 0.917762
0.232 0.731739 0.873881
0.234 0.699908 0.830026
0.236 0.668645 0.786241
0.238 0.637905 0.742573
0.24 0.607643 0.699067
0.242 0.577819 0.655771
0.244 0.548393 0.61273
0.246 0.519326 0.569992
0.248 0.490584 0.527601
0.25 0.462133 0.485606
0.252 0.433943 0.444051
0.254 0.405984 0.402981
0.256 0.378232 0.362442
0.258 0.350661 0.322476
0.26 0.323252 0.283126
0.262 0.295985 0.244435
0.264 0.268844 0.206442
0.266 0.241817 0.169188
0.268 0.21489 0.132709
0.27 0.188058 0.0970434
0.272 0.161313 0.0622249
0.274 0.134651 0.0282873
0.276 0.108073 -0.00473793
0.278 0.0815797 -0.0368209
0.28 0.0551748 -0.0679336
0.282 0.0288645 -0.0980502
0.284 0.00265728 -0.127146
0.286 -0.0234361 -0.1552
0.288 -0.0494031 -0.182192
0.29 -0.0752289 -0.208103
0.292 -0.100897 -0.232919
0.294 -0.126388 -0.256624
0.296 -0.151684 -0.279209
0.298 -0.17676 -0.300664
0.3 -0.201596 -0.320982
0.302 -0.226165 -0.340157
0.304 -0.250442 -0.358188
0.306 -0.274401 -0.375073
0.308 -0.298012 -0.390814
0.31 -0.321248 -0.405415
0.312 -0.344079 -0.418882
0.314 -0.366475 -0.431223
0.316 -0.388405 -0.442446
0.318 -0.409839 -0.452565
0.32 -0.430746 -0.461592
0.322 -0.451095 -0.469543
0.324 -0.470856 -0.476436
0.326 -0.489997 -0.482289
0.328 -0.50849 -0.487124
0.33 -0.526305 -0.490961
0.332 -0.543412 -0.493825
0.334 -0.559786 -0.495742
0.336 -0.575397 -0.496737
0.338 -0.590222 -0.496839
0.34 -0.604235 -0.496076
0.342 -0.617414 -0.494478
0.344 -0.629736 -0.492077
0.346 -0.641181 -0.488905
0.348 -0.651731 -0.484993
0.35 -0.66137 -0.480377
0.352 -0.670083 -0.475089
0.354 -0.677855 -0.469166
0.356 -0.684678 -0.462641
0.358 -0.69054 -0.455551
0.36 -0.695437 -0.447932
0.362 -0.699363 -0.439819
0.364 -0.702316 -0.431248
0.366 -0.704295 -0.422256
0.368 -0.705303 -0.412879
0.37 -0.705344 -0.403152
0.372 -0.704425 -0.393112
0.374 -0.702554 -0.382792
0.376 -0.699743 -0.372229
0.378 -0.696004 -0.361456
0.38 -0.691355 -0.350507
0.382 -0.685811 -0.339415
0.384 -0.679394 -0.328212
0.386 -0.672125 -0.31693
0.388 -0.664029 -0.305598
0.39 -0.655131 -0.294247
0.392 -0.645459 -0.282906
0.394 -0.635043 -0.271601
0.396 -0.623915 -0.260359
0.398 -0.612107 -0.249204
0.4 -0.599654 -0.238163
0.402 -0.586592 -0.227255
0.404 -0.572959 -0.216505
0.406 -0.558793 -0.20593
0.408 -0.544133 -0.195551
0.41 -0.52902 -0.185384
0.412 -0.513497 -0.175445
0.414 -0.497604 -0.16575
0.416 -0.481385 -0.156311
0.418 -0.464884 -0.14714
0.42 -0.448143 -0.138248
0.422 -0.431207 -0.129644
0.424 -0.41412 -0.121335
0.426 -0.396926 -0.113328
0.428 -0.379668 -0.105627
0.43 -0.36239 -0.098237
0.432 -0.345135 -0.0911599
0.434 -0.327946 -0.084397
0.436 -0.310864 -0.0779484
0.438 -0.29393 -0.071813
0.44 -0.277185 -0.0659887
0.442 -0.260668 -0.0604725
0.444 -0.244416 -0.05526
0.446 -0.228467 -0.0503465
0.448 -0.212856 -0.045726
0.45 -0.197617 -0.041392
0.452 -0.182782 -0.0373371
0.454 -0.168382 -0.0335536
0.456 -0.154447 -0.0300328
0.458 -0.141004 -0.026766
0.46 -0.128079 -0.0237438
0.462 -0.115695 -0.0209565
0.464 -0.103875 -0.0183944
0.466 -0.0926372 -0.0160473
0.468 -0.0820007 -0.0139051
0.47 -0.0719809 -0.0119578
0.472 -0.0625915 -0.0101952
0.474 -0.0538441 -0.00860735
0.476 -0.0457482 -0.00718462
0.478 -0.0383111 -0.0059175
0.48 -0.031538 -0.00479689
0.482 -0.0254321 -0.00381406
0.484 -0.0199944 -0.00296076
0.486 -0.0152238 -0.00222927
0.488 -0.0111172 -0.0016124
0.49 -0.0076695 -0.00110362
0.492 -0.00487357 -0.000697024
0.494 -0.00272043 -0.000387435
0.496 -0.00119919 -0.000170395
0.498 -0.000297186 -4.22166e-05
0.05 5.75586 2.83294
0.1 5.7558 2.83289
0.15 5.7557 2.83279
0.2 5.75555 2.83266
0.25 5.75537 2.83249
0.3 5.75514 2.83229
0.35 5.75488 2.83204
0.4 5.75457 2.83176
0.45 5.75422 2.83144
0.5 5.75382 2.83108
0.55 5.75339 2.83069
0.6 5.75291 2.83025
0.65 5.75239 2.82978
0.7 5.75183 2.82927
0.75 5.75122 2.82872
0.8 5.75057 2.82813
0.85 5.74987 2.82751
0.9 5.74913 2.82684
0.95 5.74835 2.82614
1 5.74752 2.82539
1.05 5.74664 2.82461
1.1 5.74571 2.82379
1.15 5.74474 2.82292
1.2 5.74372 2.82202
1.25 5.74264 2.82108
1.3 5.74152 2.82009
1.35 5.74035 2.81907
1.4 5.73913 2.818
1.45 5.73786 2.8169
1.5 5.73653 2.81575
1.55 5.73515 2.81456
1.6 5.73372 2.81332
1.65 5.73223 2.81205
1.7 5.73068 2.81073
1.75 5.72908 2.80937
1.8 5.72742 2.80796
1.85 5.7257 2.80651
1.9 5.72392 2.80502
1.95 5.72208 2.80348
2 5.72018 2.8019
2.05 5.71822 2.80027
2.1 5.7162 2.7986
2.15 5.7141 2.79688
2.2 5.71195 2.79512
2.25 5.70972 2.79331
2.3 5.70743 2.79145
2.35 5.70507 2.78954
2.4 5.70264 2.78759
2.45 5.70014 2.78559
2.5 5.69757 2.78354
2.55 5.69492 2.78144
2.6 5.6922 2.77929
2.65 5.6894 2.77709
2.7 5.68652 2.77484
2.75 5.68357 2.77254
2.8 5.68054 2.77019
2.85 5.67742 2.76779
2.9 5.67422 2.76534
2.95 5.67094 2.76283
3 5.66758 2.76028
3.05 5.66413 2.75766
3.1 5.66059 2.755
3.15 5.65696 2.75228
3.2 5.65325 2.74951
3.25 5.64944 2.74668
3.3 5.64554 2.74379
3.35 5.64155 2.74085
3.4 5.63746 2.73786
3.45 5.63327 2.73481
3.5 5.62899 2.7317
3.55 5.62461 2.72853
3.6 5.62012 2.7253
3.65 5.61554 2.72202
3.7 5.61085 2.71868
3.75 5.60606 2.71528
3.8 5.60116 2.71181
3.85 5.59616 2.70829
3.9 5.59104 2.70471
3.95 5.58582 2.70107
4 5.58048 2.69736
4.05 5.57504 2.6936
4.1 5.56948 2.68977
4.15 5.5638 2.68587
4.2 5.55801 2.68192
4.25 5.5521 2.6779
4.3 5.54607 2.67382
4.35 5.53992 2.66967
4.4 5.53365 2.66546
4.45 5.52726 2.66119
4.5 5.52074 2.65684
4.55 5.5141 2.65244
4.6 5.50733 2.64796
4.65 5.50044 2.64342
4.7 5.49341 2.63882
4.75 5.48626 2.63414
4.8 5.47897 2.6294
4.85 5.47155 2.62459
4.9 5.464 2.61971
4.95 5.45632 2.61476
5 5.44849 2.60975
5.05 5.44054 2.60466
5.1 5.43244 2.59951
5.15 5.4242 2.59429
5.2 5.41583 2.58899
5.25 5.40731 2.58363
5.3 5.39865 2.57819
5.35 5.38985 2.57269
5.4 5.38091 2.56711
5.45 5.37182 2.56146
5.5 5.36258 2.55574
5.55 5.3532 2.54995
5.6 5.34367 2.54409
5.65 5.33399 2.53815
5.7 5.32417 2.53214
5.75 5.31419 2.52606
5.8 5.30406 2.51991
5.85 5.29378 2.51369
5.9 5.28335 2.50739
5.95 5.27277 2.50102
6 5.26203 2.49457
6.05 5.25114 2.48806
6.1 5.24009 2.48147
6.15 5.22889 2.4748
6.2 5.21754 2.46806
6.25 5.20602 2.46125
6.3 5.19435 2.45437
6.35 5.18252 2.44741
6.4 5.17054 2.44038
6.45 5.1584 2.43328
6.5 5.1461 2.4261
6.55 5.13364 2.41885
6.6 5.12102 2.41153
6.65 5.10824 2.40413
6.7 5.0953 2.39666
6.75 5.0822 2.38911
6.8 5.06895 2.3815
6.85 5.05553 2.37381
6.9 5.04195 2.36605
6.95 5.02821 2.35821
7 5.01432 2.35031
7.05 5.00026 2.34233
7.1 4.98604 2.33428
7.15 4.97166 2.32615
7.2 4.95713 2.31796
7.25 4.94243 2.30969
7.3 4.92757 2.30136
7.35 4.91255 2.29295
7.4 4.89738 2.28447
7.45 4.88205 2.27593
7.5 4.86655 2.26731
7.55 4.8509 2.25862
7.6 4.83509 2.24987
7.65 4.81913 2.24104
7.7 4.80301 2.23215
7.75 4.78673 2.22319
7.8 4.77029 2.21416
7.85 4.7537 2.20506
7.9 4.73696 2.1959
7.95 4.72006 2.18667
8 4.70301 2.17738
8.05 4.68581 2.16802
8.1 4.66845 2.15859
8.15 4.65094 2.14911
8.2 4.63329 2.13955
8.25 4.61548 2.12994
8.3 4.59753 2.12026
8.35 4.57943 2.11052
8.4 4.56118 2.10072
8.45 4.54279 2.09086
8.5 4.52425 2.08094
8.55 4.50557 2.07096
8.6 4.48675 2.06091
8.65 4.46779 2.05082
8.7 4.44869 2.04066
8.75 4.42945 2.03045
8.8 4.41007 2.02018
8.85 4.39056 2.00985
8.9 4.37091 1.99948
8.95 4.35113 1.98904
9 4.33122 1.97856
9.05 4.31118 1.96802
9.1 4.29101 1.95743
9.15 4.27071 1.94679
9.2 4.25028 1.9361
9.25 4.22973 1.92536
9.3 4.20906 1.91457
9.35 4.18827 1.90374
9.4 4.16736 1.89286
9.45 4.14633 1.88193
9.5 4.12519 1.87096
9.55 4.10393 1.85994
9.6 4.08256 1.84888
9.65 4.06107 1.83778
9.7 4.03948 1.82664
9.75 4.01779 1.81546
9.8 3.99598 1.80424
9.85 3.97408 1.79298
9.9 3.95207 1.78169
9.95 3.92997 1.77036
10 3.90777 1.75899
10.05 3.88547 1.74759
10.1 3.86308 1.73616
10.15 3.8406 1.72469
10.2 3.81803 1.71319
10.25 3.79537 1.70167
10.3 3.77263 1.69011
10.35 3.7498 1.67853
10.4 3.7269 1.66692
10.45 3.70392 1.65528
10.5 3.68086 1.64362
10.55 3.65773 1.63194
10.6 3.63453 1.62023
10.65 3.61125 1.6085
10.7 3.58792 1.59675
10.75 3.56451 1.58499
10.8 3.54105 1.5732
10.85 3.51752 1.5614
10.9 3.49394 1.54959
10.95 3.47031 1.53775
11 3.44662 1.52591
11.05 3.42288 1.51405
11.1 3.39909 1.50219
11.15 3.37526 1.49031
11.2 3.35139 1.47842
11.25 3.32747 1.46653
11.3 3.30352 1.45463
11.35 3.27953 1.44273
11.4 3.25551 1.43082
11.45 3.23146 1.41891
11.5 3.20738 1.40699
11.55 3.18327 1.39508
11.6 3.15915 1.38317
11.65 3.135 1.37126
11.7 3.11083 1.35935
11.75 3.08665 1.34745
11.8 3.06246 1.33555
11.85 3.03826 1.32366
11.9 3.01404 1.31178
11.95 2.98983 1.2999
12 2.96561 1.28804
12.05 2.94139 1.27619
12.1 2.91718 1.26435
12.15 2.89296 1.25253
12.2 2.86876 1.24072
12.25 2.84457 1.22893
12.3 2.82039 1.21715
12.35 2.79622 1.20539
12.4 2.77208 1.19366
12.45 2.74795 1.18194
12.5 2.72385 1.17025
12.55 2.69977 1.15857
12.6 2.67572 1.14693
12.65 2.6517 1.13531
12.7 2.62771 1.12371
12.75 2.60376 1.11215
12.8 2.57985 1.10061
12.85 2.55597 1.0891
12.9 2.53214 1.07763
12.95 2.50836 1.06619
13 2.48462 1.05478
13.05 2.46093 1.0434
13.1 2.4373 1.03206
13.15 2.41372 1.02076
13.2 2.39019 1.00949
13.25 2.36673 0.998269
13.3 2.34333 0.987083
13.35 2.31999 0.975939
13.4 2.29672 0.964836
13.45 2.27352 0.953776
13.5 2.25039 0.942761
13.55 2.22733 0.931791
13.6 2.20435 0.920867
13.65 2.18145 0.90999
13.7 2.15862 0.899161
13.75 2.13588 0.888381
13.8 2.11322 0.877651
13.85 2.09065 0.866973
13.9 2.06817 0.856346
13.95 2.04578 0.845772
14 2.02348 0.835252
14.05 2.00128 0.824787
14.1 1.97917 0.814377
14.15 1.95716 0.804024
14.2 1.93525 0.793728
14.25 1.91345 0.78349
14.3 1.89175 0.773312
14.35 1.87016 0.763193
14.4 1.84867 0.753135
14.45 1.8273 0.743138
14.5 1.80603 0.733204
14.55 1.78488 0.723333
14.6 1.76385 0.713525
14.65 1.74293 0.703782
14.7 1.72213 0.694105
14.75 1.70146 0.684493
14.8 1.6809 0.674948
14.85 1.66047 0.665471
14.9 1.64016 0.656061
14.95 1.61998 0.64672
15 1.59993 0.637449
15.05 1.58001 0.628248
15.1 1.56022 0.619117
15.15 1.54056 0.610057
15.2 1.52104 0.601069
15.25 1.50165 0.592154
15.3 1.4824 0.583311
15.35 1.46328 0.574542
15.4 1.44431 0.565846
15.45 1.42547 0.557226
15.5 1.40678 0.54868
15.55 1.38823 0.540209
15.6 1.36982 0.531814
15.65 1.35156 0.523496
15.7 1.33345 0.515254
15.75 1.31548 0.507089
15.8 1.29766 0.499002
15.85 1.27998 0.490992
15.9 1.26246 0.483061
15.95 1.24509 0.475208
16 1.22787 0.467434
16.05 1.2108 0.459739
16.1 1.19388 0.452124
16.15 1.17712 0.444588
16.2 1.16051 0.437132
16.25 1.14406 0.429757
16.3 1.12776 0.422462
16.35 1.11162 0.415247
16.4 1.09563 0.408113
16.45 1.07981 0.40106
16.5 1.06413 0.394088
16.55 1.04862 0.387197
16.6 1.03327 0.380388
16.65 1.01807 0.37366
16.7 1.00304 0.367014
16.75 0.988158 0.360449
16.8 0.973441 0.353966
16.85 0.958883 0.347564
16.9 0.944485 0.341244
16.95 0.930248 0.335006
17 0.91617 0.328849
17.05 0.902253 0.322774
17.1 0.888497 0.316781
17.15 0.874901 0.310869
17.2 0.861465 0.305039
17.25 0.84819 0.29929
17.3 0.835075 0.293622
17.35 0.82212 0.288035
17.4 0.809326 0.282529
17.45 0.796691 0.277104
17.5 0.784215 0.27176
17.55 0.771899 0.266496
17.6 0.759742 0.261312
17.65 0.747744 0.256209
17.7 0.735905 0.251185
17.75 0.724223 0.24624
17.8 0.712699 0.241375
17.85 0.701332 0.236589
17.9 0.690122 0.231881
17.95 0.679068 0.227252
18 0.66817 0.222701
18.05 0.657427 0.218228
18.1 0.646839 0.213832
18.15 0.636404 0.209514
18.2 0.626123 0.205271
18.25 0.615995 0.201106
18.3 0.606019 0.197016
18.35 0.596193 0.193001
18.4 0.586519 0.189062
18.45 0.576994 0.185197
18.5 0.567618 0.181406
18.55 0.55839 0.177689
18.6 0.549309 0.174045
18.65 0.540375 0.170474
18.7 0.531586 0.166975
18.75 0.522942 0.163548
18.8 0.514442 0.160192
18.85 0.506084 0.156907
18.9 0.497867 0.153692
18.95 0.489792 0.150547
19 0.481856 0.14747
19.05 0.474058 0.144462
19.1 0.466398 0.141522
19.15 0.458875 0.13865
19.2 0.451487 0.135844
19.25 0.444233 0.133104
19.3 0.437111 0.130429
19.35 0.430122 0.12782
19.4 0.423263 0.125275
19.45 0.416534 0.122793
19.5 0.409933 0.120374
19.55 0.403459 0.118018
19.6 0.397111 0.115723
19.65 0.390887 0.113489
19.7 0.384786 0.111316
19.75 0.378808 0.109202
19.8 0.372949 0.107147
19.85 0.36721 0.10515
19.9 0.361589 0.10321
19.95 0.356085 0.101328
20 0.350695 0.0995014
20.05 0.34542 0.0977303
20.1 0.340257 0.0960139
20.15 0.335205 0.0943514
20.2 0.330263 0.0927421
20.25 0.325429 0.0911852
20.3 0.320702 0.08968
20.35 0.31608 0.0882258
20.4 0.311562 0.0868219
20.45 0.307147 0.0854673
20.5 0.302833 0.0841615
20.55 0.298618 0.0829036
20.6 0.294502 0.081693
20.65 0.290483 0.0805287
20.7 0.286558 0.0794101
20.75 0.282728 0.0783364
20.8 0.27899 0.0773068
20.85 0.275342 0.0763206
20.9 0.271784 0.0753769
20.95 0.268314 0.0744751
21 0.26493 0.0736142
21.05 0.261631 0.0727937
21.1 0.258416 0.0720126
21.15 0.255282 0.0712703
21.2 0.252229 0.0705659
21.25 0.249255 0.0698987
21.3 0.246359 0.0692678
21.35 0.243538 0.0686726
21.4 0.240792 0.0681123
21.45 0.238119 0.067586
21.5 0.235518 0.067093
21.55 0.232986 0.0666326
21.6 0.230523 0.066204
21.65 0.228128 0.0658064
21.7 0.225798 0.065439
21.75 0.223533 0.0651012
21.8 0.22133 0.0647921
21.85 0.219189 0.064511
21.9 0.217107 0.0642571
21.95 0.215084 0.0640298
22 0.213119 0.0638282
22.05 0.211209 0.0636517
22.1 0.209353 0.0634994
22.15 0.20755 0.0633707
22.2 0.205799 0.0632648
22.25 0.204098 0.0631811
22.3 0.202445 0.0631187
22.35 0.20084 0.063077
22.4 0.199281 0.0630553
22.45 0.197767 0.0630529
22.5 0.196296 0.0630691
22.55 0.194868 0.0631031
22.6 0.19348 0.0631544
22.65 0.192132 0.0632221
22.7 0.190821 0.0633057
22.75 0.189548 0.0634045
22.8 0.188311 0.0635178
22.85 0.187108 0.063645
22.9 0.185938 0.0637854
22.95 0.1848 0.0639384
23 0.183693 0.0641033
23.05 0.182616 0.0642795
23.1 0.181567 0.0644664
23.15 0.180546 0.0646634
23.2 0.179551 0.0648699
23.25 0.178581 0.0650852
23.3 0.177634 0.0653088
23.35 0.176711 0.0655401
23.4 0.175809 0.0657785
23.45 0.174928 0.0660235
23.5 0.174067 0.0662744
23.55 0.173224 0.0665308
23.6 0.172399 0.0667921
23.65 0.17159 0.0670577
23.7 0.170797 0.0673271
23.75 0.170019 0.0675999
23.8 0.169255 0.0678754
23.85 0.168503 0.0681533
23.9 0.167763 0.0684329
23.95 0.167034 0.0687138
24 0.166315 0.0689956
24.05 0.165605 0.0692778
24.1 0.164904 0.0695598
24.15 0.16421 0.0698413
24.2 0.163523 0.0701218
24.25 0.162842 0.0704009
24.3 0.162166 0.0706782
24.35 0.161495 0.0709531
24.4 0.160827 0.0712255
24.45 0.160162 0.0714947
24.5 0.159499 0.0717606
24.55 0.158838 0.0720225
24.6 0.158178 0.0722803
24.65 0.157518 0.0725336
24.7 0.156858 0.0727819
24.75 0.156197 0.073025
24.8 0.155534 0.0732625
24.85 0.154869 0.0734941
24.9 0.154201 0.0737195
24.95 0.15353 0.0739384
25 0.152856 0.0741505
25.05 0.152177 0.0743554
25.1 0.151493 0.074553
25.15 0.150804 0.074743
25.2 0.150109 0.074925
25.25 0.149408 0.0750989
25.3 0.148701 0.0752644
25.35 0.147987 0.0754212
25.4 0.147265 0.0755692
25.45 0.146536 0.0757082
25.5 0.145799 0.0758379
25.55 0.145054 0.0759581
25.6 0.144299 0.0760687
25.65 0.143536 0.0761694
25.7 0.142764 0.0762602
25.75 0.141982 0.0763408
25.8 0.141191 0.0764111
25.85 0.140389 0.0764709
25.9 0.139577 0.0765202
25.95 0.138755 0.0765588
26 0.137923 0.0765865
26.05 0.13708 0.0766033
26.1 0.136225 0.0766091
26.15 0.13536 0.0766038
26.2 0.134484 0.0765872
26.25 0.133597 0.0765594
26.3 0.132698 0.0765202
26.35 0.131788 0.0764695
26.4 0.130866 0.0764074
26.45 0.129933 0.0763338
26.5 0.128988 0.0762487
26.55 0.128032 0.076152
26.6 0.127065 0.0760436
26.65 0.126085 0.0759237
26.7 0.125095 0.0757921
26.75 0.124092 0.0756489
26.8 0.123079 0.0754941
26.85 0.122054 0.0753277
26.9 0.121017 0.0751497
26.95 0.11997 0.0749601
27 0.118911 0.074759
27.05 0.117841 0.0745464
27.1 0.116761 0.0743224
27.15 0.115669 0.0740871
27.2 0.114567 0.0738403
27.25 0.113455 0.0735824
27.3 0.112332 0.0733132
27.35 0.111199 0.073033
27.4 0.110056 0.0727417
27.45 0.108903 0.0724394
27.5 0.107741 0.0721264
27.55 0.106569 0.0718025
27.6 0.105388 0.0714681
27.65 0.104198 0.0711231
27.7 0.102999 0.0707677
27.75 0.101792 0.070402
27.8 0.100577 0.0700261
27.85 0.0993537 0.0696402
27.9 0.0981228 0.0692444
27.95 0.0968844 0.0688388
28 0.0956388 0.0684236
28.05 0.0943864 0.0679989
28.1 0.0931274 0.0675649
28.15 0.0918621 0.0671217
28.2 0.0905908 0.0666695
28.25 0.0893138 0.0662084
28.3 0.0880314 0.0657386
28.35 0.0867439 0.0652604
28.4 0.0854517 0.0647737
28.45 0.0841551 0.0642789
28.5 0.0828544 0.0637761
28.55 0.0815499 0.0632655
28.6 0.080242 0.0627472
28.65 0.0789309 0.0622215
28.7 0.0776172 0.0616886
28.75 0.076301 0.0611486
28.8 0.0749828 0.0606017
28.85 0.0736628 0.0600481
28.9 0.0723415 0.059488
28.95 0.0710191 0.0589217
29 0.0696961 0.0583493
29.05 0.0683728 0.057771
29.1 0.0670495 0.057187
29.15 0.0657266 0.0565976
29.2 0.0644045 0.0560029
29.25 0.0630835 0.0554031
29.3 0.061764 0.0547985
29.35 0.0604463 0.0541893
29.4 0.0591307 0.0535756
29.45 0.0578177 0.0529578
29.5 0.0565077 0.0523359
29.55 0.0552008 0.0517103
29.6 0.0538975 0.051081
29.65 0.0525982 0.0504484
29.7 0.0513032 0.0498127
29.75 0.0500128 0.049174
29.8 0.0487274 0.0485326
29.85 0.0474474 0.0478887
29.9 0.046173 0.0472425
29.95 0.0449046 0.0465942
30 0.0436426 0.045944
30.05 0.0423872 0.0452921
30.1 0.0411388 0.0446388
30.15 0.0398978 0.0439843
30.2 0.0386643 0.0433287
30.25 0.0374389 0.0426723
30.3 0.0362217 0.0420152
30.35 0.0350131 0.0413577
30.4 0.0338134 0.0407
30.45 0.0326229 0.0400423
30.5 0.0314419 0.0393848
30.55 0.0302706 0.0387277
30.6 0.0291094 0.0380711
30.65 0.0279586 0.0374153
30.7 0.0268183 0.0367605
30.75 0.025689 0.0361068
30.8 0.0245708 0.0354545
30.85 0.023464 0.0348038
30.9 0.0223689 0.0341548
30.95 0.0212857 0.0335076
31 0.0202147 0.0328626
31.05 0.0191561 0.0322198
31.1 0.0181101 0.0315795
31.15 0.0170769 0.0309418
31.2 0.0160568 0.0303069
31.25 0.0150501 0.029675
31.3 0.0140568 0.0290462
31.35 0.0130772 0.0284207
31.4 0.0121115 0.0277986
31.45 0.0111598 0.0271801
31.5 0.0102225 0.0265655
31.55 0.00929949 0.0259547
31.6 0.00839112 0.025348
31.65 0.00749751 0.0247455
31.7 0.0066188 0.0241474
31.75 0.00575514 0.0235538
31.8 0.00490667 0.0229648
31.85 0.00407352 0.0223806
31.9 0.00325582 0.0218014
31.95 0.00245368 0.0212271
32 0.00166722 0.020658
32.05 0.000896545 0.0200942
32.1 0.000141742 0.0195358
32.15 -0.000597095 0.0189829
32.2 -0.00131988 0.0184356
32.25 -0.00202655 0.017894
32.3 -0.00271702 0.0173583
32.35 -0.00339123 0.0168286
32.4 -0.00404914 0.0163048
32.45 -0.00469069 0.0157872
32.5 -0.00531585 0.0152759
32.55 -0.00592457 0.0147708
32.6 -0.00651684 0.0142721
32.65 -0.00709264 0.0137799
32.7 -0.00765195 0.0132943
32.75 -0.00819477 0.0128153
32.8 -0.00872111 0.012343
32.85 -0.00923096 0.0118775
32.9 -0.00972434 0.0114188
32.95 -0.0102013 0.010967
33 -0.0106618 0.0105221
33.05 -0.011106 0.0100842
33.1 -0.0115338 0.00965341
33.15 -0.0119453 0.00922969
33.2 -0.0123406 0.00881311
33.25 -0.0127197 0.00840371
33.3 -0.0130827 0.00800153
33.35 -0.0134297 0.00760659
33.4 -0.0137607 0.00721893
33.45 -0.0140758 0.00683858
33.5 -0.0143752 0.00646555
33.55 -0.0146589 0.00609987
33.6 -0.0149271 0.00574155
33.65 -0.0151797 0.0053906
33.7 -0.0154171 0.00504704
33.75 -0.0156392 0.00471087
33.8 -0.0158462 0.0043821
33.85 -0.0160382 0.00406072
33.9 -0.0162154 0.00374673
33.95 -0.0163779 0.00344013
34 -0.0165259 0.00314091
34.05 -0.0166595 0.00284905
34.1 -0.0167788 0.00256454
34.15 -0.0168841 0.00228737
34.2 -0.0169754 0.0020175
34.25 -0.0170531 0.00175493
34.3 -0.0171171 0.00149962
34.35 -0.0171678 0.00125154
34.4 -0.0172053 0.00101066
34.45 -0.0172298 0.000776948
34.5 -0.0172415 0.000550366
34.55 -0.0172405 0.000330874
34.6 -0.0172271 0.00011843
34.65 -0.0172015 -8.70117e-05
34.7 -0.0171639 -0.000285498
34.75 -0.0171145 -0.000477078
34.8 -0.0170535 -0.000661804
34.85 -0.0169811 -0.00083973
34.9 -0.0168975 -0.00101091
34.95 -0.016803 -0.00117541
35 -0.0166978 -0.00133329
35.05 -0.0165821 -0.0014846
35.1 -0.0164562 -0.00162942
35.15 -0.0163202 -0.0017678
35.2 -0.0161744 -0.00189983
35.25 -0.0160191 -0.00202557
35.3 -0.0158544 -0.0021451
35.35 -0.0156806 -0.00225848
35.4 -0.015498 -0.00236579
35.45 -0.0153068 -0.00246711
35.5 -0.0151073 -0.00256253
35.55 -0.0148996 -0.00265212
35.6 -0.0146841 -0.00273596
35.65 -0.0144609 -0.00281414
35.7 -0.0142303 -0.00288674
35.75 -0.0139927 -0.00295386
35.8 -0.0137481 -0.00301557
35.85 -0.0134969 -0.00307196
35.9 -0.0132394 -0.00312314
35.95 -0.0129757 -0.00316918
36 -0.0127061 -0.00321018
36.05 -0.0124309 -0.00324624
36.1 -0.0121504 -0.00327744
36.15 -0.0118646 -0.00330388
36.2 -0.0115741 -0.00332567
36.25 -0.0112788 -0.00334289
36.3 -0.0109792 -0.00335564
36.35 -0.0106755 -0.00336402
36.4 -0.0103678 -0.00336814
36.45 -0.0100565 -0.00336808
36.5 -0.00974186 -0.00336395
36.55 -0.00942401 -0.00335584
36.6 -0.00910324 -0.00334387
36.65 -0.00877979 -0.00332812
36.7 -0.00845391 -0.00330871
36.75 -0.00812582 -0.00328573
36.8 -0.00779577 -0.00325928
36.85 -0.00746398 -0.00322946
36.9 -0.00713069 -0.00319638
36.95 -0.00679613 -0.00316014
37 -0.00646053 -0.00312083
37.05 -0.00612411 -0.00307857
37.1 -0.00578708 -0.00303345
37.15 -0.00544969 -0.00298557
37.2 -0.00511213 -0.00293504
37.25 -0.00477463 -0.00288195
37.3 -0.00443741 -0.0028264
37.35 -0.00410066 -0.0027685
37.4 -0.0037646 -0.00270834
37.45 -0.00342943 -0.00264603
37.5 -0.00309535 -0.00258165
37.55 -0.00276256 -0.00251532
37.6 -0.00243126 -0.00244712
37.65 -0.00210163 -0.00237715
37.7 -0.00177387 -0.00230551
37.75 -0.00144817 -0.0022323
37.8 -0.00112469 -0.0021576
37.85 -0.000803626 -0.00208152
37.9 -0.000485147 -0.00200414
37.95 -0.000169425 -0.00192556
38 0.000143372 -0.00184587
38.05 0.00045308 -0.00176515
38.1 0.000759539 -0.0016835
38.15 0.00106259 -0.00160101
38.2 0.00136209 -0.00151776
38.25 0.00165788 -0.00143383
38.3 0.00194982 -0.00134932
38.35 0.00223777 -0.00126431
38.4 0.00252158 -0.00117887
38.45 0.00280114 -0.0010931
38.5 0.0030763 -0.00100706
38.55 0.00334695 -0.000920847
38.6 0.00361296 -0.000834528
38.65 0.00387422 -0.000748182
38.7 0.00413062 -0.000661884
38.75 0.00438204 -0.000575708
38.8 0.00462838 -0.000489725
38.85 0.00486955 -0.000404007
38.9 0.00510544 -0.000318623
38.95 0.00533596 -0.000233641
39 0.00556104 -0.000149127
39.05 0.00578058 -6.51463e-05
39.1 0.0059945 1.82371e-05
39.15 0.00620274 0.000100961
39.2 0.00640522 0.000182966
39.25 0.00660187 0.000264192
39.3 0.00679263 0.000344581
39.35 0.00697745 0.000424078
39.4 0.00715627 0.000502629
39.45 0.00732904 0.00058018
39.5 0.00749572 0.00065668
39.55 0.00765626 0.000732079
39.6 0.00781063 0.00080633
39.65 0.0079588 0.000879385
39.7 0.00810073 0.0009512
39.75 0.0082364 0.00102173
39.8 0.00836579 0.00109094
39.85 0.00848889 0.00115878
39.9 0.00860568 0.00122521
39.95 0.00871615 0.00129021
40 0.0088203 0.00135373
40.05 0.00891812 0.00141574
40.1 0.00900963 0.00147621
40.15 0.00909482 0.0015351
40.2 0.0091737 0.00159239
40.25 0.00924629 0.00164806
40.3 0.00931261 0.00170207
40.35 0.00937268 0.00175439
40.4 0.00942652 0.00180502
40.45 0.00947417 0.00185393
40.5 0.00951564 0.00190109
40.55 0.00955098 0.00194649
40.6 0.00958023 0.00199012
40.65 0.00960343 0.00203195
40.7 0.00962062 0.00207198
40.75 0.00963186 0.00211019
40.8 0.00963718 0.00214657
40.85 0.00963665 0.00218112
40.9 0.00963033 0.00221382
40.95 0.00961827 0.00224467
41 0.00960054 0.00227367
41.05 0.0095772 0.00230081
41.1 0.00954833 0.00232609
41.15 0.00951399 0.0023495
41.2 0.00947425 0.00237106
41.25 0.00942921 0.00239076
41.3 0.00937892 0.0024086
41.35 0.00932348 0.0024246
41.4 0.00926297 0.00243875
41.45 0.00919748 0.00245106
41.5 0.00912708 0.00246155
41.55 0.00905188 0.00247021
41.6 0.00897197 0.00247707
41.65 0.00888744 0.00248214
41.7 0.00879838 0.00248542
41.75 0.0087049 0.00248693
41.8 0.00860709 0.00248669
41.85 0.00850506 0.00248472
41.9 0.0083989 0.00248102
41.95 0.00828873 0.00247563
42 0.00817465 0.00246855
42.05 0.00805677 0.00245982
42.1 0.00793519 0.00244945
42.15 0.00781003 0.00243746
42.2 0.0076814 0.00242387
42.25 0.0075494 0.00240872
42.3 0.00741416 0.00239202
42.35 0.00727578 0.00237381
42.4 0.00713438 0.0023541
42.45 0.00699008 0.00233293
42.5 0.006843 0.00231033
42.55 0.00669324 0.00228631
42.6 0.00654093 0.00226092
42.65 0.00638619 0.00223418
42.7 0.00622913 0.00220612
42.75 0.00606987 0.00217677
42.8 0.00590854 0.00214617
42.85 0.00574525 0.00211435
42.9 0.00558011 0.00208134
42.95 0.00541326 0.00204717
43 0.0052448 0.00201188
43.05 0.00507487 0.00197551
43.1 0.00490357 0.00193808
43.15 0.00473102 0.00189963
43.2 0.00455735 0.0018602
43.25 0.00438267 0.00181982
43.3 0.00420709 0.00177854
43.35 0.00403075 0.00173637
43.4 0.00385374 0.00169337
43.45 0.0036762 0.00164957
43.5 0.00349822 0.001605
43.55 0.00331994 0.00155971
43.6 0.00314145 0.00151372
43.65 0.00296288 0.00146708
43.7 0.00278433 0.00141983
43.75 0.00260592 0.00137199
43.8 0.00242776 0.00132362
43.85 0.00224994 0.00127474
43.9 0.00207259 0.00122539
43.95 0.0018958 0.00117562
44 0.00171969 0.00112546
44.05 0.00154435 0.00107494
44.1 0.00136988 0.0010241
44.15 0.0011964 0.00097298
44.2 0.00102399 0.000921619
44.25 0.000852749 0.00087005
44.3 0.000682781 0.000818311
44.35 0.000514176 0.000766437
44.4 0.000347028 0.000714465
44.45 0.000181427 0.000662429
44.5 1.74627e-05 0.000610365
44.55 -0.000144778 0.000558309
44.6 -0.000305209 0.000506295
44.65 -0.000463747 0.000454357
44.7 -0.000620309 0.000402528
44.75 -0.000774817 0.000350844
44.8 -0.000927192 0.000299336
44.85 -0.00107736 0.000248038
44.9 -0.00122524 0.000196982
44.95 -0.00137077 0.0001462
45 -0.00151387 9.57222e-05
45.05 -0.00165448 4.55804e-05
45.1 -0.00179253 -4.19516e-06
45.15 -0.00192796 -5.35748e-05
45.2 -0.00206071 -0.000102529
45.25 -0.00219072 -0.00015103
45.3 -0.00231792 -0.000199048
45.35 -0.00244227 -0.000246557
45.4 -0.00256372 -0.000293529
45.45 -0.00268221 -0.000339938
45.5 -0.00279769 -0.000385758
45.55 -0.00291012 -0.000430964
45.6 -0.00301946 -0.000475532
45.65 -0.00312566 -0.000519438
45.7 -0.00322869 -0.000562658
45.75 -0.0033285 -0.00060517
45.8 -0.00342507 -0.000646952
45.85 -0.00351836 -0.000687983
45.9 -0.00360834 -0.000728243
45.95 -0.00369499 -0.000767711
46 -0.00377828 -0.000806368
46.05 -0.00385818 -0.000844197
46.1 -0.00393468 -0.000881179
46.15 -0.00400775 -0.000917298
46.2 -0.00407739 -0.000952537
46.25 -0.00414357 -0.000986881
46.3 -0.00420629 -0.00102031
46.35 -0.00426553 -0.00105282
46.4 -0.00432129 -0.0010844
46.45 -0.00437357 -0.00111502
46.5 -0.00442236 -0.00114468
46.55 -0.00446766 -0.00117337
46.6 -0.00450947 -0.00120107
46.65 -0.00454779 -0.00122778
46.7 -0.00458264 -0.00125349
46.75 -0.00461402 -0.00127819
46.8 -0.00464193 -0.00130188
46.85 -0.0046664 -0.00132453
46.9 -0.00468744 -0.00134616
46.95 -0.00470505 -0.00136676
47 -0.00471927 -0.00138631
47.05 -0.00473011 -0.00140482
47.1 -0.00473759 -0.00142229
47.15 -0.00474173 -0.0014387
47.2 -0.00474257 -0.00145407
47.25 -0.00474013 -0.00146838
47.3 -0.00473443 -0.00148165
47.35 -0.00472552 -0.00149386
47.4 -0.00471342 -0.00150502
47.45 -0.00469817 -0.00151514
47.5 -0.00467981 -0.00152421
47.55 -0.00465836 -0.00153223
47.6 -0.00463388 -0.00153922
47.65 -0.00460641 -0.00154518
47.7 -0.00457598 -0.00155011
47.75 -0.00454264 -0.00155401
47.8 -0.00450643 -0.0015569
47.85 -0.00446741 -0.00155878
47.9 -0.00442563 -0.00155966
47.95 -0.00438112 -0.00155954
48 -0.00433395 -0.00155844
48.05 -0.00428417 -0.00155636
48.1 -0.00423182 -0.00155332
48.15 -0.00417697 -0.00154933
48.2 -0.00411967 -0.00154439
48.25 -0.00405997 -0.00153852
48.3 -0.00399795 -0.00153172
48.35 -0.00393364 -0.00152402
48.4 -0.00386712 -0.00151543
48.45 -0.00379845 -0.00150596
48.5 -0.00372768 -0.00149561
48.55 -0.00365489 -0.00148442
48.6 -0.00358013 -0.00147239
48.65 -0.00350346 -0.00145953
48.7 -0.00342496 -0.00144587
48.75 -0.00334469 -0.00143142
48.8 -0.00326271 -0.0014162
48.85 -0.00317909 -0.00140022
48.9 -0.00309391 -0.0013835
48.95 -0.00300721 -0.00136605
49 -0.00291909 -0.0013479
49.05 -0.00282959 -0.00132907
49.1 -0.0027388 -0.00130957
49.15 -0.00264678 -0.00128942
49.2 -0.0025536 -0.00126864
49.25 -0.00245932 -0.00124725
49.3 -0.00236403 -0.00122527
49.35 -0.00226779 -0.00120272
49.4 -0.00217067 -0.00117962
49.45 -0.00207273 -0.00115599
49.5 -0.00197406 -0.00113185
49.55 -0.00187471 -0.00110722
49.6 -0.00177477 -0.00108212
49.65 -0.00167429 -0.00105657
49.7 -0.00157335 -0.00103059
49.75 -0.00147202 -0.00100421
49.8 -0.00137036 -0.000977447
49.85 -0.00126845 -0.000950318
49.9 -0.00116635 -0.000922847
49.95 -0.00106413 -0.000895056
50 -0.000961863 -0.000866965
