-0.498 0.00457171 -0.000314236
-0.496 0.0170789 -0.000731232
-0.494 0.0356156 -0.000446119
-0.492 0.058164 0.00136507
-0.49 0.0826116 0.00554205
-0.488 0.106769 0.0129368
-0.486 0.128389 0.02441
-0.484 0.145184 0.0408277
-0.482 0.154848 0.0630572
-0.48 0.155074 0.091964
-0.478 0.143573 0.128408
-0.476 0.118095 0.173239
-0.474 0.0764507 0.227295
-0.472 0.0165264 0.291397
-0.47 -0.0636934 0.366346
-0.468 -0.166108 0.452922
-0.466 -0.292482 0.551874
-0.464 -0.444429 0.663927
-0.462 -0.623392 0.78977
-0.46 -0.830627 0.930057
-0.458 -1.06719 1.0854
-0.456 -1.33392 1.25639
-0.454 -1.63143 1.44355
-0.452 -1.96009 1.64736
-0.45 -2.32 1.86828
-0.448 -2.71103 2.10669
-0.446 -3.13275 2.36294
-0.444 -3.58445 2.63732
-0.442 -4.06515 2.93006
-0.44 -4.57358 3.24137
-0.438 -5.10815 3.57135
-0.436 -5.66702 3.92011
-0.434 -6.24801 4.28764
-0.432 -6.84868 4.67394
-0.43 -7.46628 5.0789
-0.428 -8.09778 5.50238
-0.426 -8.73989 5.9442
-0.424 -9.38903 6.40409
-0.422 -10.0414 6.88176
-0.42 -10.6928 7.37686
-0.418 -11.339 7.88897
-0.416 -11.9755 8.41765
-0.414 -12.5975 8.9624
-0.412 -13.2 9.52265
-0.41 -13.7781 10.0978
-0.408 -14.3263 10.6873
-0.406 -14.8393 11.2903
-0.404 -15.3117 11.9062
-0.402 -15.7378 12.5342
-0.4 -16.1121 13.1734
-0.398 -16.4288 13.8232
-0.396 -16.6822 14.4825
-0.394 -16.8668 15.1504
-0.392 -16.9768 15.8261
-0.39 -17.0068 16.5086
-0.388 -16.9512 17.1967
-0.386 -16.8048 17.8896
-0.384 -16.5624 18.5862
-0.382 -16.2191 19.2853
-0.38 -15.7699 19.9859
-0.378 -15.2104 20.6869
-0.376 -14.5364 21.387
-0.374 -13.7438 22.0852
-0.372 -12.8289 22.7803
-0.37 -11.7885 23.471
-0.368 -10.6195 24.1561
-0.366 -9.31941 24.8345
-0.364 -7.88602 25.5049
-0.362 -6.31759 26.166
-0.36 -4.6128 26.8167
-0.358 -2.7708 27.4557
-0.356 -0.791224 28.0816
-0.354 1.32582 28.6934
-0.352 3.57971 29.2897
-0.35 5.96933 29.8694
-0.348 8.49305 30.4311
-0.346 11.1487 30.9738
-0.344 13.9336 31.4961
-0.342 16.8447 31.9971
-0.34 19.878 32.4754
-0.338 23.0295 32.9301
-0.336 26.2944 33.36
-0.334 29.6674 33.7641
-0.332 33.1429 34.1414
-0.33 36.7145 34.491
-0.328 40.3757 34.8119
-0.326 44.1192 35.1033
-0.324 47.9377 35.3645
-0.322 51.823 35.5947
-0.32 55.7669 35.7932
-0.318 59.7607 35.9594
-0.316 63.7954 36.093
-0.314 67.8616 36.1933
-0.312 71.9496 36.26
-0.31 76.0497 36.2929
-0.308 80.1517 36.2918
-0.306 84.2453 36.2566
-0.304 88.3202 36.1872
-0.302 92.3656 36.0837
-0.3 96.3711 35.9463
-0.298 100.326 35.7751
-0.296 104.219 35.5706
-0.294 108.04 35.3332
-0.292 111.778 35.0633
-0.29 115.422 34.7615
-0.288 118.961 34.4284
-0.286 122.387 34.0649
-0.284 125.687 33.6716
-0.282 128.851 33.2495
-0.28 131.871 32.7994
-0.278 134.736 32.3223
-0.276 137.437 31.8193
-0.274 139.964 31.2913
-0.272 142.309 30.7396
-0.27 144.464 30.1651
-0.268 146.419 29.569
-0.266 148.168 28.9524
-0.264 149.703 28.3165
-0.262 151.016 27.6624
-0.26 152.102 26.9913
-0.258 152.954 26.3042
-0.256 153.565 25.6022
-0.254 153.932 24.8864
-0.252 154.05 24.1577
-0.25 153.913 23.4171
-0.248 153.518 22.6655
-0.246 152.862 21.9038
-0.244 151.941 21.1326
-0.242 150.754 20.3528
-0.24 149.299 19.5649
-0.238 147.574 18.7696
-0.236 145.579 17.9673
-0.234 143.313 17.1584
-0.232 140.777 16.3433
-0.23 137.971 15.5222
-0.228 134.898 14.6954
-0.226 131.558 13.8629
-0.224 127.954 13.0248
-0.222 124.089 12.181
-0.22 119.968 11.3315
-0.218 115.593 10.476
-0.216 110.97 9.61453
-0.214 106.103 8.74667
-0.212 100.998 7.87215
-0.21 95.662 6.99065
-0.208 90.1009 6.10181
-0.206 84.3221 5.20524
-0.204 78.3333 4.30054
-0.202 72.1427 3.38731
-0.2 65.7589 2.46515
-0.198 59.191 1.53367
-0.196 52.4487 0.592511
-0.194 45.5419 -0.358681
-0.192 38.481 -1.32021
-0.19 31.277 -2.29232
-0.188 23.941 -3.27524
-0.186 16.4846 -4.26911
-0.184 8.91987 -5.27401
-0.182 1.25899 -6.28993
-0.18 -6.48543 -7.31681
-0.178 -14.3005 -8.35447
-0.176 -22.1732 -9.40265
-0.174 -30.09 -10.461
-0.172 -38.0375 -11.529
-0.17 -46.0019 -12.6062
-0.168 -53.9692 -13.6918
-0.166 -61.9256 -14.785
-0.164 -69.8569 -15.885
-0.162 -77.7489 -16.9906
-0.16 -85.5874 -18.1007
-0.158 -93.3584 -19.2141
-0.156 -101.048 -20.3293
-0.154 -108.641 -21.4449
-0.152 -116.124 -22.5592
-0.15 -123.484 -23.6705
-0.148 -130.707 -24.7769
-0.146 -137.779 -25.8766
-0.144 -144.687 -26.9674
-0.142 -151.418 -28.0472
-0.14 -157.959 -29.1138
-0.138 -164.299 -30.1649
-0.136 -170.424 -31.1983
-0.134 -176.325 -32.2114
-0.132 -181.989 -33.2017
-0.13 -187.406 -34.1669
-0.128 -192.567 -35.1044
-0.126 -197.46 -36.0116
-0.124 -202.078 -36.886
-0.122 -206.412 -37.725
-0.12 -210.453 -38.5262
-0.118 -214.196 -39.2872
-0.116 -217.633 -40.0053
-0.114 -220.758 -40.6784
-0.112 -223.567 -41.3041
-0.11 -226.055 -41.8802
-0.108 -228.217 -42.4046
-0.106 -230.052 -42.8754
-0.104 -231.557 -43.2907
-0.102 -232.731 -43.6487
-0.1 -233.573 -43.9479
-0.098 -234.083 -44.1869
-0.096 -234.262 -44.3645
-0.094 -234.111 -44.4796
-0.092 -233.634 -44.5313
-0.09 -232.833 -44.519
-0.088 -231.712 -44.4423
-0.086 -230.277 -44.3007
-0.084 -228.532 -44.0944
-0.082 -226.483 -43.8234
-0.08 -224.138 -43.4882
-0.078 -221.503 -43.0892
-0.076 -218.587 -42.6274
-0.074 -215.397 -42.1036
-0.072 -211.944 -41.519
-0.07 -208.236 -40.8751
-0.068 -204.283 -40.1734
-0.066 -200.096 -39.4155
-0.064 -195.685 -38.6034
-0.062 -191.061 -37.7391
-0.06 -186.235 -36.8247
-0.058 -181.218 -35.8625
-0.056 -176.021 -34.8548
-0.054 -170.656 -33.804
-0.052 -165.133 -32.7127
-0.05 -159.464 -31.5832
-0.048 -153.66 -30.4183
-0.046 -147.731 -29.2204
-0.044 -141.687 -27.992
-0.042 -135.54 -26.7357
-0.04 -129.298 -25.4539
-0.038 -122.971 -24.149
-0.036 -116.568 -22.8233
-0.034 -110.098 -21.4789
-0.032 -103.567 -20.1181
-0.03 -96.9845 -18.7427
-0.028 -90.3564 -17.3547
-0.026 -83.6891 -15.9557
-0.024 -76.9884 -14.5475
-0.022 -70.2597 -13.1313
-0.02 -63.5075 -11.7087
-0.018 -56.736 -10.2807
-0.016 -49.9491 -8.84848
-0.014 -43.1498 -7.41294
-0.012 -36.341 -5.97492
-0.01 -29.5252 -4.53516
-0.008 -22.7043 -3.09428
-0.006 -15.8803 -1.65284
-0.004 -9.05473 -0.211335
-0.002 -2.22886 1.2298
0 4.59601 2.67016
0.002 11.4187 4.10926
0.004 18.238 5.54681
0.006 25.0528 6.98242
0.008 31.8615 8.41565
0.01 38.6628 9.84603
0.012 45.4549 11.273
0.014 52.2356 12.696
0.016 59.0028 14.1143
0.018 65.7535 15.527
0.02 72.4847 16.9333
0.022 79.1927 18.3322
0.024 85.8735 19.7224
0.026 92.5224 21.1027
0.028 99.1343 22.4716
0.03 105.704 23.8276
0.032 112.224 25.1691
0.034 118.689 26.4941
0.036 125.091 27.8007
0.038 131.422 29.087
0.04 137.674 30.3507
0.042 143.839 31.5897
0.044 149.906 32.8015
0.046 155.867 33.9839
0.048 161.711 35.1344
0.05 167.429 36.2504
0.052 173.009 37.3296
0.054 178.441 38.3695
0.056 183.714 39.3676
0.058 188.817 40.3215
0.06 193.739 41.2289
0.062 198.468 42.0874
0.064 202.994 42.895
0.066 207.306 43.6495
0.068 211.393 44.3489
0.07 215.245 44.9916
0.072 218.852 45.5758
0.074 222.204 46.1001
0.076 225.291 46.5632
0.078 228.106 46.9639
0.08 230.638 47.3014
0.082 232.881 47.5749
0.084 234.828 47.7839
0.086 236.471 47.9281
0.088 237.804 48.0073
0.09 238.823 48.0219
0.092 239.523 47.9719
0.094 239.9 47.858
0.096 239.95 47.6809
0.098 239.672 47.4415
0.1 239.063 47.1409
0.102 238.124 46.7804
0.104 236.853 46.3614
0.106 235.251 45.8856
0.108 233.321 45.3547
0.11 231.063 44.7706
0.112 228.482 44.1353
0.114 225.581 43.4509
0.116 222.364 42.7198
0.118 218.837 41.9441
0.12 215.005 41.1263
0.122 210.874 40.2689
0.124 206.453 39.3743
0.126 201.749 38.4451
0.128 196.771 37.4838
0.13 191.527 36.4929
0.132 186.027 35.4752
0.134 180.281 34.433
0.136 174.3 33.3689
0.138 168.094 32.2854
0.14 161.677 31.1848
0.142 155.058 30.0696
0.144 148.251 28.9421
0.146 141.269 27.8044
0.148 134.123 26.6587
0.15 126.828 25.5071
0.152 119.397 24.3514
0.154 111.844 23.1936
0.156 104.181 22.0354
0.158 96.4245 20.8784
0.16 88.587 19.724
0.162 80.6831 18.5737
0.164 72.7268 17.4288
0.166 64.7324 16.2904
0.168 56.7141 15.1595
0.17 48.6859 14.037
0.172 40.6618 12.9238
0.174 32.6557 11.8204
0.176 24.6813 10.7275
0.178 16.7523 9.64554
0.18 8.88185 8.57482
0.182 1.08317 7.51559
0.184 -6.63091 6.46802
0.186 -14.2478 5.43216
0.188 -21.7553 4.40799
0.19 -29.1414 3.39541
0.192 -36.3945 2.39425
0.194 -43.5035 1.4043
0.196 -50.4575 0.425265
0.198 -57.2461 -0.543174
0.2 -63.8594 -1.50138
0.202 -70.2876 -2.44974
0.204 -76.5218 -3.38867
0.206 -82.5534 -4.31858
0.208 -88.3741 -5.23991
0.21 -93.9762 -6.15305
0.212 -99.3528 -7.05842
0.214 -104.497 -7.9564
0.216 -109.403 -8.84734
0.218 -114.064 -9.73155
0.22 -118.477 -10.6093
0.222 -122.635 -11.4808
0.224 -126.536 -12.3463
0.226 -130.175 -13.2058
0.228 -133.55 -14.0594
0.23 -136.658 -14.907
0.232 -139.498 -15.7486
0.234 -142.068 -16.5839
0.236 -144.366 -17.4128
0.238 -146.394 -18.2349
0.24 -148.151 -19.0497
0.242 -149.638 -19.8569
0.244 -150.856 -20.6558
0.246 -151.807 -21.4458
0.248 -152.494 -22.2262
0.25 -152.919 -22.9962
0.252 -153.086 -23.755
0.254 -152.998 -24.5017
0.256 -152.66 -25.2354
0.258 -152.077 -25.9549
0.26 -151.253 -26.6594
0.262 -150.196 -27.3477
0.264 -148.91 -28.0188
0.266 -147.403 -28.6714
0.268 -145.681 -29.3045
0.27 -143.752 -29.9169
0.272 -141.624 -30.5074
0.274 -139.305 -31.075
0.276 -136.804 -31.6186
0.278 -134.128 -32.1369
0.28 -131.288 -32.629
0.282 -128.293 -33.0939
0.284 -125.152 -33.5306
0.286 -121.876 -33.9381
0.288 -118.475 -34.3156
0.29 -114.958 -34.6622
0.292 -111.336 -34.9774
0.294 -107.621 -35.2603
0.296 -103.822 -35.5104
0.298 -99.9499 -35.7273
0.3 -96.016 -35.9104
0.302 -92.0309 -36.0595
0.304 -88.0053 -36.1743
0.306 -83.9498 -36.2546
0.308 -79.875 -36.3004
0.31 -75.7914 -36.3117
0.312 -71.7091 -36.2886
0.314 -67.6383 -36.2312
0.316 -63.5889 -36.1399
0.318 -59.5704 -36.015
0.32 -55.5923 -35.857
0.322 -51.6634 -35.6662
0.324 -47.7926 -35.4434
0.326 -43.9881 -35.1892
0.328 -40.2579 -34.9043
0.33 -36.6096 -34.5895
0.332 -33.0502 -34.2457
0.334 -29.5865 -33.8736
0.336 -26.2246 -33.4744
0.338 -22.9703 -33.0489
0.34 -19.8289 -32.5983
0.342 -16.8051 -32.1236
0.344 -13.9031 -31.6258
0.346 -11.1266 -31.1063
0.348 -8.47895 -30.566
0.35 -5.96272 -30.0063
0.352 -3.5801 -29.4283
0.354 -1.33273 -28.8333
0.356 0.778239 -28.2224
0.358 2.75219 -27.597
0.36 4.589 -26.9582
0.362 6.28903 -26.3074
0.364 7.85309 -25.6458
0.366 9.2825 -24.9747
0.368 10.579 -24.2953
0.37 11.7447 -23.6088
0.372 12.7822 -22.9165
0.374 13.6945 -22.2195
0.376 14.4848 -21.5193
0.378 15.1569 -20.8168
0.38 15.7147 -20.1133
0.382 16.1624 -19.4099
0.384 16.5046 -18.7079
0.386 16.746 -18.0083
0.388 16.8917 -17.3122
0.39 16.9467 -16.6206
0.392 16.9164 -15.9347
0.394 16.8062 -15.2555
0.396 16.6216 -14.5839
0.398 16.3683 -13.9209
0.4 16.052 -13.2674
0.402 15.6781 -12.6243
0.404 15.2526 -11.9925
0.406 14.7809 -11.3728
0.408 14.2686 -10.766
0.41 13.7213 -10.1727
0.412 13.1442 -9.59379
0.414 12.5427 -9.02981
0.416 11.9219 -8.48139
0.418 11.2866 -7.9491
0.42 10.6416 -7.43345
0.422 9.99147 -6.9349
0.424 9.3405 -6.45386
0.426 8.69278 -5.99069
0.428 8.05212 -5.54571
0.43 7.4221 -5.11916
0.432 6.80602 -4.71125
0.434 6.20691 -4.32213
0.436 5.62749 -3.95188
0.438 5.07023 -3.60055
0.44 4.53727 -3.2681
0.442 4.03048 -2.95446
0.444 3.55142 -2.65951
0.446 3.10137 -2.38305
0.448 2.68132 -2.12484
0.45 2.29195 -1.8846
0.452 1.93369 -1.66198
0.454 1.60668 -1.45657
0.456 1.31081 -1.26795
0.458 1.0457 -1.0956
0.46 0.810743 -0.93901
0.462 0.605089 -0.797582
0.464 0.427678 -0.670701
0.466 0.27725 -0.557707
0.468 0.152355 -0.457905
0.47 0.0513766 -0.370569
0.472 -0.0274561 -0.294941
0.474 -0.0860481 -0.230237
0.476 -0.126421 -0.175652
0.478 -0.150693 -0.130359
0.48 -0.161061 -0.0935161
0.482 -0.159781 -0.064267
0.484 -0.149147 -0.0417478
0.486 -0.131473 -0.0250884
0.488 -0.109071 -0.0134171
0.49 -0.0842356 -0.0058637
0.492 -0.0592194 -0.00156383
0.494 -0.0362182 0.00033802
0.496 -0.0173506 0.000684701
0.498 -0.0046406 0.000302948
0.05 2.45616 1.35399
0.1 2.45605 1.35395
0.15 2.45586 1.35388
0.2 2.45559 1.35377
0.25 2.45524 1.35364
0.3 2.45482 1.35348
0.35 2.45433 1.35329
0.4 2.45376 1.35306
0.45 2.45311 1.35281
0.5 2.45238 1.35253
0.55 2.45158 1.35222
0.6 2.4507 1.35189
0.65 2.44975 1.35152
0.7 2.44872 1.35112
0.75 2.44762 1.35069
0.8 2.44644 1.35023
0.85 2.44518 1.34975
0.9 2.44385 1.34923
0.95 2.44244 1.34869
1 2.44096 1.34811
1.05 2.4394 1.34751
1.1 2.43777 1.34687
1.15 2.43606 1.34621
1.2 2.43428 1.34552
1.25 2.43242 1.34479
1.3 2.43049 1.34404
1.35 2.42849 1.34326
1.4 2.42641 1.34245
1.45 2.42425 1.34161
1.5 2.42202 1.34074
1.55 2.41972 1.33984
1.6 2.41735 1.33891
1.65 2.4149 1.33795
1.7 2.41238 1.33696
1.75 2.40978 1.33594
1.8 2.40711 1.33489
1.85 2.40437 1.33382
1.9 2.40156 1.33271
1.95 2.39868 1.33157
2 2.39572 1.33041
2.05 2.39269 1.32921
2.1 2.38959 1.32799
2.15 2.38642 1.32673
2.2 2.38318 1.32545
2.25 2.37986 1.32413
2.3 2.37648 1.32279
2.35 2.37303 1.32142
2.4 2.36951 1.32002
2.45 2.36591 1.31858
2.5 2.36225 1.31712
2.55 2.35852 1.31563
2.6 2.35472 1.31411
2.65 2.35085 1.31256
2.7 2.34691 1.31098
2.75 2.34291 1.30937
2.8 2.33884 1.30773
2.85 2.3347 1.30606
2.9 2.33049 1.30437
2.95 2.32622 1.30264
3 2.32188 1.30088
3.05 2.31747 1.2991
3.1 2.313 1.29728
3.15 2.30847 1.29543
3.2 2.30387 1.29356
3.25 2.2992 1.29166
3.3 2.29447 1.28972
3.35 2.28968 1.28776
3.4 2.28483 1.28577
3.45 2.27991 1.28375
3.5 2.27492 1.2817
3.55 2.26988 1.27962
3.6 2.26477 1.27751
3.65 2.25961 1.27537
3.7 2.25438 1.2732
3.75 2.24909 1.27101
3.8 2.24374 1.26878
3.85 2.23833 1.26653
3.9 2.23286 1.26424
3.95 2.22734 1.26193
4 2.22175 1.25959
4.05 2.21611 1.25722
4.1 2.21041 1.25482
4.15 2.20465 1.25239
4.2 2.19884 1.24994
4.25 2.19297 1.24745
4.3 2.18704 1.24494
4.35 2.18106 1.24239
4.4 2.17502 1.23982
4.45 2.16893 1.23722
4.5 2.16279 1.2346
4.55 2.15659 1.23194
4.6 2.15034 1.22926
4.65 2.14403 1.22654
4.7 2.13768 1.2238
4.75 2.13127 1.22103
4.8 2.12481 1.21824
4.85 2.11831 1.21541
4.9 2.11175 1.21256
4.95 2.10514 1.20968
5 2.09849 1.20677
5.05 2.09178 1.20383
5.1 2.08503 1.20087
5.15 2.07824 1.19788
5.2 2.07139 1.19486
5.25 2.0645 1.19182
5.3 2.05756 1.18875
5.35 2.05058 1.18565
5.4 2.04355 1.18252
5.45 2.03648 1.17937
5.5 2.02937 1.17619
5.55 2.02222 1.17299
5.6 2.01502 1.16975
5.65 2.00778 1.1665
5.7 2.0005 1.16321
5.75 1.99318 1.1599
5.8 1.98582 1.15656
5.85 1.97841 1.1532
5.9 1.97098 1.14981
5.95 1.9635 1.1464
6 1.95598 1.14296
6.05 1.94843 1.1395
6.1 1.94085 1.13601
6.15 1.93322 1.1325
6.2 1.92556 1.12896
6.25 1.91787 1.12539
6.3 1.91014 1.12181
6.35 1.90238 1.11819
6.4 1.89459 1.11456
6.45 1.88676 1.1109
6.5 1.87891 1.10722
6.55 1.87102 1.10351
6.6 1.8631 1.09978
6.65 1.85516 1.09602
6.7 1.84718 1.09225
6.75 1.83918 1.08845
6.8 1.83114 1.08462
6.85 1.82309 1.08078
6.9 1.815 1.07691
6.95 1.80689 1.07302
7 1.79875 1.06911
7.05 1.79059 1.06518
7.1 1.78241 1.06123
7.15 1.7742 1.05725
7.2 1.76597 1.05326
7.25 1.75772 1.04924
7.3 1.74944 1.0452
7.35 1.74115 1.04114
7.4 1.73283 1.03706
7.45 1.7245 1.03297
7.5 1.71615 1.02885
7.55 1.70778 1.02471
7.6 1.69939 1.02056
7.65 1.69098 1.01638
7.7 1.68256 1.01219
7.75 1.67413 1.00798
7.8 1.66568 1.00375
7.85 1.65721 0.999498
7.9 1.64873 0.995233
7.95 1.64024 0.99095
8 1.63174 0.98665
8.05 1.62322 0.982333
8.1 1.6147 0.978
8.15 1.60616 0.97365
8.2 1.59761 0.969285
8.25 1.58906 0.964903
8.3 1.5805 0.960506
8.35 1.57192 0.956095
8.4 1.56335 0.951668
8.45 1.55476 0.947226
8.5 1.54617 0.942771
8.55 1.53758 0.938301
8.6 1.52898 0.933818
8.65 1.52038 0.929321
8.7 1.51177 0.924812
8.75 1.50316 0.920289
8.8 1.49455 0.915754
8.85 1.48594 0.911207
8.9 1.47733 0.906648
8.95 1.46871 0.902078
9 1.4601 0.897496
9.05 1.45149 0.892904
9.1 1.44288 0.888301
9.15 1.43428 0.883688
9.2 1.42568 0.879065
9.25 1.41708 0.874432
9.3 1.40848 0.86979
9.35 1.39989 0.865139
9.4 1.39131 0.86048
9.45 1.38273 0.855812
9.5 1.37416 0.851137
9.55 1.3656 0.846454
9.6 1.35705 0.841763
9.65 1.3485 0.837066
9.7 1.33997 0.832362
9.75 1.33144 0.827653
9.8 1.32292 0.822937
9.85 1.31442 0.818216
9.9 1.30593 0.813489
9.95 1.29744 0.808758
10 1.28898 0.804022
10.05 1.28052 0.799283
10.1 1.27208 0.794539
10.15 1.26366 0.789793
10.2 1.25525 0.785043
10.25 1.24685 0.78029
10.3 1.23847 0.775536
10.35 1.23011 0.770779
10.4 1.22177 0.766021
10.45 1.21344 0.761261
10.5 1.20513 0.756501
10.55 1.19685 0.75174
10.6 1.18858 0.746979
10.65 1.18033 0.742218
10.7 1.1721 0.737458
10.75 1.16389 0.732698
10.8 1.15571 0.72794
10.85 1.14754 0.723184
10.9 1.1394 0.71843
10.95 1.13129 0.713678
11 1.12319 0.708929
11.05 1.11512 0.704183
11.1 1.10708 0.69944
11.15 1.09906 0.694701
11.2 1.09107 0.689967
11.25 1.0831 0.685237
11.3 1.07516 0.680511
11.35 1.06724 0.675792
11.4 1.05936 0.671077
11.45 1.0515 0.666369
11.5 1.04367 0.661667
11.55 1.03587 0.656972
11.6 1.02809 0.652284
11.65 1.02035 0.647603
11.7 1.01264 0.64293
11.75 1.00496 0.638265
11.8 0.997308 0.633609
11.85 0.989689 0.628961
11.9 0.982102 0.624323
11.95 0.974547 0.619694
12 0.967024 0.615075
12.05 0.959534 0.610466
12.1 0.952078 0.605868
12.15 0.944656 0.60128
12.2 0.937267 0.596704
12.25 0.929913 0.592139
12.3 0.922594 0.587586
12.35 0.91531 0.583045
12.4 0.908061 0.578517
12.45 0.900848 0.574002
12.5 0.893671 0.569499
12.55 0.886531 0.565011
12.6 0.879428 0.560536
12.65 0.872361 0.556075
12.7 0.865332 0.551629
12.75 0.858341 0.547197
12.8 0.851387 0.542781
12.85 0.844472 0.53838
12.9 0.837595 0.533994
12.95 0.830758 0.529625
13 0.823959 0.525272
13.05 0.817199 0.520935
13.1 0.810479 0.516616
13.15 0.803799 0.512313
13.2 0.797159 0.508028
13.25 0.790559 0.503761
13.3 0.783999 0.499511
13.35 0.77748 0.49528
13.4 0.771003 0.491068
13.45 0.764566 0.486874
13.5 0.75817 0.4827
13.55 0.751816 0.478544
13.6 0.745504 0.474409
13.65 0.739233 0.470293
13.7 0.733005 0.466198
13.75 0.726818 0.462122
13.8 0.720674 0.458068
13.85 0.714572 0.454034
13.9 0.708513 0.450021
13.95 0.702497 0.44603
14 0.696523 0.44206
14.05 0.690593 0.438112
14.1 0.684705 0.434186
14.15 0.678861 0.430283
14.2 0.67306 0.426401
14.25 0.667302 0.422543
14.3 0.661587 0.418707
14.35 0.655917 0.414894
14.4 0.65029 0.411105
14.45 0.644706 0.407338
14.5 0.639166 0.403596
14.55 0.63367 0.399877
14.6 0.628218 0.396183
14.65 0.622809 0.392512
14.7 0.617445 0.388866
14.75 0.612124 0.385244
14.8 0.606847 0.381647
14.85 0.601615 0.378075
14.9 0.596426 0.374528
14.95 0.591281 0.371005
15 0.58618 0.367509
15.05 0.581122 0.364037
15.1 0.576109 0.360591
15.15 0.571139 0.357171
15.2 0.566214 0.353776
15.25 0.561332 0.350407
15.3 0.556494 0.347065
15.35 0.551699 0.343748
15.4 0.546948 0.340458
15.45 0.542241 0.337194
15.5 0.537577 0.333956
15.55 0.532956 0.330745
15.6 0.528379 0.327561
15.65 0.523845 0.324403
15.7 0.519354 0.321272
15.75 0.514906 0.318168
15.8 0.510502 0.31509
15.85 0.506139 0.31204
15.9 0.50182 0.309017
15.95 0.497543 0.30602
16 0.493308 0.303051
16.05 0.489116 0.300109
16.1 0.484966 0.297194
16.15 0.480858 0.294307
16.2 0.476792 0.291446
16.25 0.472767 0.288613
16.3 0.468784 0.285808
16.35 0.464843 0.283029
16.4 0.460942 0.280278
16.45 0.457083 0.277554
16.5 0.453264 0.274858
16.55 0.449487 0.272189
16.6 0.445749 0.269547
16.65 0.442052 0.266932
16.7 0.438395 0.264345
16.75 0.434777 0.261785
16.8 0.4312 0.259252
16.85 0.427662 0.256746
16.9 0.424163 0.254268
16.95 0.420703 0.251817
17 0.417281 0.249393
17.05 0.413899 0.246995
17.1 0.410554 0.244625
17.15 0.407248 0.242282
17.2 0.403979 0.239965
17.25 0.400748 0.237676
17.3 0.397554 0.235413
17.35 0.394398 0.233176
17.4 0.391278 0.230966
17.45 0.388195 0.228783
17.5 0.385148 0.226626
17.55 0.382137 0.224495
17.6 0.379161 0.222391
17.65 0.376222 0.220312
17.7 0.373317 0.21826
17.75 0.370447 0.216233
17.8 0.367612 0.214233
17.85 0.364811 0.212257
17.9 0.362044 0.210308
17.95 0.359311 0.208384
18 0.356612 0.206485
18.05 0.353945 0.204611
18.1 0.351312 0.202762
18.15 0.348711 0.200938
18.2 0.346142 0.199139
18.25 0.343605 0.197364
18.3 0.3411 0.195614
18.35 0.338627 0.193888
18.4 0.336184 0.192186
18.45 0.333772 0.190508
18.5 0.33139 0.188854
18.55 0.329038 0.187223
18.6 0.326716 0.185616
18.65 0.324424 0.184033
18.7 0.322161 0.182472
18.75 0.319926 0.180934
18.8 0.31772 0.17942
18.85 0.315542 0.177927
18.9 0.313392 0.176457
18.95 0.311269 0.175009
19 0.309173 0.173584
19.05 0.307105 0.17218
19.1 0.305062 0.170797
19.15 0.303046 0.169437
19.2 0.301056 0.168097
19.25 0.299091 0.166778
19.3 0.297152 0.16548
19.35 0.295237 0.164203
19.4 0.293347 0.162946
19.45 0.291481 0.16171
19.5 0.289638 0.160493
19.55 0.28782 0.159296
19.6 0.286024 0.158118
19.65 0.284251 0.15696
19.7 0.282501 0.155821
19.75 0.280773 0.154701
19.8 0.279067 0.1536
19.85 0.277382 0.152516
19.9 0.275718 0.151451
19.95 0.274076 0.150405
20 0.272453 0.149375
20.05 0.270851 0.148364
20.1 0.269269 0.147369
20.15 0.267707 0.146392
20.2 0.266163 0.145431
20.25 0.264639 0.144487
20.3 0.263133 0.143559
20.35 0.261645 0.142647
20.4 0.260175 0.141752
20.45 0.258723 0.140871
20.5 0.257288 0.140007
20.55 0.25587 0.139157
20.6 0.254469 0.138322
20.65 0.253084 0.137502
20.7 0.251715 0.136696
20.75 0.250361 0.135905
20.8 0.249024 0.135127
20.85 0.247701 0.134363
20.9 0.246393 0.133612
20.95 0.245099 0.132875
21 0.24382 0.132151
21.05 0.242554 0.131439
21.1 0.241303 0.13074
21.15 0.240064 0.130053
21.2 0.238839 0.129378
21.25 0.237626 0.128714
21.3 0.236425 0.128063
21.35 0.235237 0.127422
21.4 0.23406 0.126793
21.45 0.232896 0.126174
21.5 0.231742 0.125566
21.55 0.2306 0.124968
21.6 0.229468 0.12438
21.65 0.228346 0.123802
21.7 0.227235 0.123234
21.75 0.226134 0.122675
21.8 0.225043 0.122125
21.85 0.223961 0.121584
21.9 0.222888 0.121051
21.95 0.221824 0.120528
22 0.220769 0.120012
22.05 0.219722 0.119504
22.1 0.218683 0.119004
22.15 0.217652 0.118512
22.2 0.216629 0.118026
22.25 0.215614 0.117548
22.3 0.214605 0.117077
22.35 0.213604 0.116613
22.4 0.212609 0.116154
22.45 0.211621 0.115702
22.5 0.21064 0.115256
22.55 0.209664 0.114816
22.6 0.208694 0.114381
22.65 0.207731 0.113952
22.7 0.206772 0.113528
22.75 0.205819 0.113109
22.8 0.204871 0.112694
22.85 0.203928 0.112284
22.9 0.202989 0.111879
22.95 0.202055 0.111477
23 0.201126 0.11108
23.05 0.2002 0.110686
23.1 0.199279 0.110296
23.15 0.198361 0.109909
23.2 0.197447 0.109525
23.25 0.196537 0.109144
23.3 0.195629 0.108767
23.35 0.194725 0.108391
23.4 0.193824 0.108019
23.45 0.192926 0.107648
23.5 0.19203 0.10728
23.55 0.191137 0.106913
23.6 0.190246 0.106549
23.65 0.189357 0.106186
23.7 0.188471 0.105824
23.75 0.187587 0.105464
23.8 0.186704 0.105105
23.85 0.185823 0.104747
23.9 0.184944 0.10439
23.95 0.184066 0.104033
24 0.183189 0.103677
24.05 0.182314 0.103322
24.1 0.18144 0.102966
24.15 0.180567 0.102611
24.2 0.179695 0.102256
24.25 0.178824 0.101901
24.3 0.177953 0.101545
24.35 0.177083 0.101189
24.4 0.176214 0.100833
24.45 0.175345 0.100475
24.5 0.174477 0.100117
24.55 0.173609 0.0997587
24.6 0.172741 0.0993989
24.65 0.171873 0.099038
24.7 0.171006 0.098676
24.75 0.170138 0.0983126
24.8 0.16927 0.0979479
24.85 0.168403 0.0975816
24.9 0.167535 0.0972137
24.95 0.166667 0.0968442
25 0.165798 0.0964729
25.05 0.16493 0.0960997
25.1 0.164061 0.0957246
25.15 0.163192 0.0953475
25.2 0.162322 0.0949683
25.25 0.161452 0.0945869
25.3 0.160581 0.0942032
25.35 0.15971 0.0938173
25.4 0.158838 0.0934289
25.45 0.157966 0.0930382
25.5 0.157093 0.0926449
25.55 0.15622 0.092249
25.6 0.155346 0.0918506
25.65 0.154471 0.0914495
25.7 0.153596 0.0910457
25.75 0.15272 0.0906391
25.8 0.151843 0.0902297
25.85 0.150966 0.0898175
25.9 0.150088 0.0894024
25.95 0.149209 0.0889844
26 0.14833 0.0885634
26.05 0.14745 0.0881395
26.1 0.146569 0.0877126
26.15 0.145688 0.0872826
26.2 0.144807 0.0868496
26.25 0.143924 0.0864135
26.3 0.143041 0.0859744
26.35 0.142158 0.0855321
26.4 0.141274 0.0850867
26.45 0.140389 0.0846383
26.5 0.139504 0.0841867
26.55 0.138619 0.0837319
26.6 0.137733 0.0832741
26.65 0.136847 0.0828131
26.7 0.13596 0.082349
26.75 0.135073 0.0818818
26.8 0.134186 0.0814114
26.85 0.133299 0.080938
26.9 0.132411 0.0804615
26.95 0.131523 0.0799819
27 0.130635 0.0794993
27.05 0.129747 0.0790136
27.1 0.128859 0.0785249
27.15 0.127971 0.0780332
27.2 0.127083 0.0775386
27.25 0.126196 0.077041
27.3 0.125308 0.0765406
27.35 0.124421 0.0760372
27.4 0.123534 0.075531
27.45 0.122647 0.075022
27.5 0.121761 0.0745103
27.55 0.120875 0.0739958
27.6 0.119989 0.0734786
27.65 0.119104 0.0729588
27.7 0.11822 0.0724364
27.75 0.117337 0.0719114
27.8 0.116454 0.0713839
27.85 0.115572 0.070854
27.9 0.114691 0.0703216
27.95 0.113811 0.069787
28 0.112932 0.06925
28.05 0.112054 0.0687108
28.1 0.111177 0.0681694
28.15 0.110302 0.0676258
28.2 0.109428 0.0670803
28.25 0.108555 0.0665327
28.3 0.107683 0.0659831
28.35 0.106813 0.0654317
28.4 0.105945 0.0648785
28.45 0.105078 0.0643235
28.5 0.104213 0.0637669
28.55 0.103349 0.0632086
28.6 0.102488 0.0626488
28.65 0.101628 0.0620876
28.7 0.10077 0.0615249
28.75 0.0999148 0.0609609
28.8 0.0990613 0.0603956
28.85 0.09821 0.0598292
28.9 0.097361 0.0592617
28.95 0.0965143 0.0586931
29 0.09567 0.0581236
29.05 0.0948282 0.0575532
29.1 0.0939889 0.056982
29.15 0.0931522 0.0564101
29.2 0.0923182 0.0558376
29.25 0.0914869 0.0552645
29.3 0.0906585 0.0546909
29.35 0.089833 0.0541169
29.4 0.0890104 0.0535425
29.45 0.0881908 0.052968
29.5 0.0873743 0.0523933
29.55 0.086561 0.0518185
29.6 0.0857508 0.0512437
29.65 0.084944 0.050669
29.7 0.0841405 0.0500944
29.75 0.0833405 0.0495201
29.8 0.0825439 0.0489462
29.85 0.0817509 0.0483726
29.9 0.0809614 0.0477996
29.95 0.0801756 0.0472271
30 0.0793936 0.0466553
30.05 0.0786154 0.0460843
30.1 0.0778409 0.045514
30.15 0.0770704 0.0449447
30.2 0.0763039 0.0443764
30.25 0.0755414 0.0438092
30.3 0.074783 0.0432431
30.35 0.0740286 0.0426782
30.4 0.0732785 0.0421147
30.45 0.0725326 0.0415525
30.5 0.0717911 0.0409919
30.55 0.0710538 0.0404328
30.6 0.070321 0.0398753
30.65 0.0695926 0.0393196
30.7 0.0688686 0.0387656
30.75 0.0681493 0.0382136
30.8 0.0674345 0.0376634
30.85 0.0667243 0.0371154
30.9 0.0660189 0.0365694
30.95 0.0653181 0.0360256
31 0.0646221 0.035484
31.05 0.0639309 0.0349448
31.1 0.0632446 0.0344079
31.15 0.0625631 0.0338736
31.2 0.0618866 0.0333418
31.25 0.061215 0.0328126
31.3 0.0605484 0.0322861
31.35 0.0598868 0.0317624
31.4 0.0592303 0.0312414
31.45 0.0585789 0.0307234
31.5 0.0579326 0.0302084
31.55 0.0572914 0.0296963
31.6 0.0566555 0.0291874
31.65 0.0560247 0.0286816
31.7 0.0553992 0.028179
31.75 0.0547789 0.0276797
31.8 0.054164 0.0271838
31.85 0.0535543 0.0266912
31.9 0.0529499 0.0262021
31.95 0.0523509 0.0257166
32 0.0517573 0.0252346
32.05 0.051169 0.0247562
32.1 0.0505861 0.0242815
32.15 0.0500087 0.0238105
32.2 0.0494367 0.0233434
32.25 0.0488701 0.02288
32.3 0.0483089 0.0224206
32.35 0.0477533 0.0219651
32.4 0.0472031 0.0215136
32.45 0.0466583 0.0210661
32.5 0.0461191 0.0206226
32.55 0.0455854 0.0201833
32.6 0.0450571 0.0197482
32.65 0.0445343 0.0193172
32.7 0.0440171 0.0188905
32.75 0.0435053 0.0184681
32.8 0.0429991 0.01805
32.85 0.0424983 0.0176362
32.9 0.0420031 0.0172268
32.95 0.0415133 0.0168219
33 0.041029 0.0164214
33.05 0.0405502 0.0160253
33.1 0.0400769 0.0156338
33.15 0.039609 0.0152468
33.2 0.0391466 0.0148644
33.25 0.0386897 0.0144866
33.3 0.0382382 0.0141134
33.35 0.0377921 0.0137448
33.4 0.0373514 0.0133808
33.45 0.0369161 0.0130216
33.5 0.0364862 0.012667
33.55 0.0360617 0.0123172
33.6 0.0356425 0.0119721
33.65 0.0352286 0.0116317
33.7 0.03482 0.0112961
33.75 0.0344168 0.0109652
33.8 0.0340187 0.0106392
33.85 0.033626 0.0103179
33.9 0.0332385 0.0100014
33.95 0.0328561 0.0096897
34 0.0324789 0.00938281
34.05 0.0321069 0.00908074
34.1 0.03174 0.00878349
34.15 0.0313782 0.00849104
34.2 0.0310215 0.00820342
34.25 0.0306698 0.00792061
34.3 0.0303231 0.00764261
34.35 0.0299814 0.00736942
34.4 0.0296446 0.00710103
34.45 0.0293128 0.00683744
34.5 0.0289858 0.00657865
34.55 0.0286637 0.00632463
34.6 0.0283464 0.00607539
34.65 0.0280339 0.00583091
34.7 0.0277261 0.00559118
34.75 0.027423 0.00535618
34.8 0.0271246 0.00512591
34.85 0.0268309 0.00490035
34.9 0.0265417 0.00467947
34.95 0.0262571 0.00446327
35 0.025977 0.00425173
35.05 0.0257015 0.00404481
35.1 0.0254303 0.00384251
35.15 0.0251636 0.00364481
35.2 0.0249012 0.00345167
35.25 0.0246431 0.00326308
35.3 0.0243894 0.003079
35.35 0.0241398 0.00289942
35.4 0.0238945 0.00272431
35.45 0.0236533 0.00255363
35.5 0.0234162 0.00238737
35.55 0.0231832 0.00222548
35.6 0.0229543 0.00206795
35.65 0.0227293 0.00191473
35.7 0.0225082 0.0017658
35.75 0.0222911 0.00162112
35.8 0.0220777 0.00148066
35.85 0.0218682 0.00134439
35.9 0.0216625 0.00121226
35.95 0.0214605 0.00108424
36 0.0212621 0.000960293
36.05 0.0210674 0.000840385
36.1 0.0208762 0.000724473
36.15 0.0206886 0.000612519
36.2 0.0205044 0.000504483
36.25 0.0203237 0.000400324
36.3 0.0201464 0.0003
36.35 0.0199725 0.000203469
36.4 0.0198018 0.000110689
36.45 0.0196344 2.16165e-05
36.5 0.0194702 -6.37927e-05
36.55 0.0193092 -0.000145583
36.6 0.0191513 -0.000223798
36.65 0.0189964 -0.000298485
36.7 0.0188446 -0.000369689
36.75 0.0186958 -0.000437456
36.8 0.0185499 -0.000501834
36.85 0.0184069 -0.000562868
36.9 0.0182667 -0.000620608
36.95 0.0181294 -0.000675102
37 0.0179948 -0.000726396
37.05 0.0178629 -0.000774541
37.1 0.0177336 -0.000819586
37.15 0.017607 -0.000861579
37.2 0.0174829 -0.000900571
37.25 0.0173614 -0.000936611
37.3 0.0172423 -0.000969751
37.35 0.0171257 -0.00100004
37.4 0.0170115 -0.00102753
37.45 0.0168996 -0.00105227
37.5 0.0167901 -0.00107431
37.55 0.0166828 -0.0010937
37.6 0.0165777 -0.0011105
37.65 0.0164748 -0.00112475
37.7 0.0163741 -0.00113651
37.75 0.0162754 -0.00114583
37.8 0.0161788 -0.00115276
37.85 0.0160842 -0.00115735
37.9 0.0159915 -0.00115966
37.95 0.0159008 -0.00115973
38 0.015812 -0.00115762
38.05 0.015725 -0.00115338
38.1 0.0156399 -0.00114705
38.15 0.0155565 -0.00113871
38.2 0.0154748 -0.00112838
38.25 0.0153949 -0.00111613
38.3 0.0153166 -0.00110201
38.35 0.0152399 -0.00108606
38.4 0.0151648 -0.00106834
38.45 0.0150912 -0.00104891
38.5 0.0150191 -0.0010278
38.55 0.0149485 -0.00100507
38.6 0.0148793 -0.000980774
38.65 0.0148116 -0.000954958
38.7 0.0147452 -0.000927673
38.75 0.0146801 -0.000898967
38.8 0.0146163 -0.000868891
38.85 0.0145538 -0.000837493
38.9 0.0144925 -0.000804822
38.95 0.0144324 -0.000770926
39 0.0143735 -0.000735853
39.05 0.0143157 -0.00069965
39.1 0.014259 -0.000662366
39.15 0.0142033 -0.000624047
39.2 0.0141488 -0.000584738
39.25 0.0140952 -0.000544488
39.3 0.0140426 -0.000503341
39.35 0.0139909 -0.000461342
39.4 0.0139402 -0.000418536
39.45 0.0138904 -0.000374969
39.5 0.0138414 -0.000330683
39.55 0.0137933 -0.000285723
39.6 0.013746 -0.00024013
39.65 0.0136995 -0.000193949
39.7 0.0136537 -0.000147221
39.75 0.0136087 -9.99868e-05
39.8 0.0135644 -5.22883e-05
39.85 0.0135208 -4.16592e-06
39.9 0.0134778 4.43405e-05
39.95 0.0134355 9.31916e-05
40 0.0133938 0.000142348
40.05 0.0133527 0.000191772
40.1 0.0133122 0.000241426
40.15 0.0132722 0.000291272
40.2 0.0132328 0.000341274
40.25 0.0131939 0.000391395
40.3 0.0131554 0.000441601
40.35 0.0131175 0.000491857
40.4 0.01308 0.000542127
40.45 0.0130429 0.000592379
40.5 0.0130062 0.000642579
40.55 0.01297 0.000692696
40.6 0.0129341 0.000742696
40.65 0.0128985 0.00079255
40.7 0.0128634 0.000842227
40.75 0.0128285 0.000891696
40.8 0.012794 0.000940928
40.85 0.0127598 0.000989895
40.9 0.0127258 0.00103857
40.95 0.0126921 0.00108692
41 0.0126587 0.00113493
41.05 0.0126255 0.00118256
41.1 0.0125926 0.00122979
41.15 0.0125598 0.0012766
41.2 0.0125273 0.00132297
41.25 0.012495 0.00136886
41.3 0.0124628 0.00141426
41.35 0.0124308 0.00145914
41.4 0.012399 0.00150348
41.45 0.0123673 0.00154727
41.5 0.0123357 0.00159048
41.55 0.0123043 0.00163308
41.6 0.0122729 0.00167508
41.65 0.0122417 0.00171643
41.7 0.0122106 0.00175714
41.75 0.0121795 0.00179717
41.8 0.0121486 0.00183652
41.85 0.0121177 0.00187517
41.9 0.0120869 0.0019131
41.95 0.0120561 0.0019503
42 0.0120254 0.00198675
42.05 0.0119947 0.00202245
42.1 0.011964 0.00205738
42.15 0.0119334 0.00209152
42.2 0.0119028 0.00212487
42.25 0.0118722 0.00215742
42.3 0.0118416 0.00218915
42.35 0.011811 0.00222006
42.4 0.0117805 0.00225014
42.45 0.0117499 0.00227937
42.5 0.0117193 0.00230776
42.55 0.0116886 0.00233529
42.6 0.011658 0.00236196
42.65 0.0116273 0.00238777
42.7 0.0115966 0.0024127
42.75 0.0115659 0.00243675
42.8 0.0115351 0.00245992
42.85 0.0115043 0.00248221
42.9 0.0114735 0.0025036
42.95 0.0114426 0.00252411
43 0.0114116 0.00254372
43.05 0.0113806 0.00256243
43.1 0.0113495 0.00258026
43.15 0.0113184 0.00259718
43.2 0.0112872 0.00261321
43.25 0.011256 0.00262834
43.3 0.0112247 0.00264258
43.35 0.0111933 0.00265592
43.4 0.0111618 0.00266837
43.45 0.0111303 0.00267993
43.5 0.0110987 0.00269061
43.55 0.011067 0.0027004
43.6 0.0110353 0.00270931
43.65 0.0110034 0.00271735
43.7 0.0109715 0.00272452
43.75 0.0109396 0.00273082
43.8 0.0109075 0.00273626
43.85 0.0108753 0.00274084
43.9 0.0108431 0.00274458
43.95 0.0108108 0.00274748
44 0.0107784 0.00274954
44.05 0.0107459 0.00275077
44.1 0.0107133 0.00275118
44.15 0.0106807 0.00275078
44.2 0.0106479 0.00274958
44.25 0.0106151 0.00274758
44.3 0.0105821 0.00274479
44.35 0.0105491 0.00274123
44.4 0.010516 0.00273689
44.45 0.0104828 0.0027318
44.5 0.0104495 0.00272597
44.55 0.0104161 0.00271939
44.6 0.0103826 0.00271209
44.65 0.010349 0.00270407
44.7 0.0103154 0.00269535
44.75 0.0102816 0.00268593
44.8 0.0102477 0.00267583
44.85 0.0102138 0.00266506
44.9 0.0101797 0.00265363
44.95 0.0101456 0.00264155
45 0.0101114 0.00262884
45.05 0.010077 0.00261551
45.1 0.0100426 0.00260157
45.15 0.010008 0.00258703
45.2 0.00997341 0.00257191
45.25 0.00993868 0.00255622
45.3 0.00990385 0.00253998
45.35 0.00986892 0.00252319
45.4 0.00983389 0.00250587
45.45 0.00979876 0.00248803
45.5 0.00976353 0.00246969
45.55 0.0097282 0.00245087
45.6 0.00969276 0.00243156
45.65 0.00965722 0.0024118
45.7 0.00962158 0.00239159
45.75 0.00958583 0.00237095
45.8 0.00954998 0.00234988
45.85 0.00951403 0.00232842
45.9 0.00947796 0.00230656
45.95 0.00944179 0.00228432
46 0.00940551 0.00226173
46.05 0.00936912 0.00223878
46.1 0.00933263 0.0022155
46.15 0.00929602 0.0021919
46.2 0.0092593 0.002168
46.25 0.00922247 0.0021438
46.3 0.00918552 0.00211933
46.35 0.00914846 0.00209459
46.4 0.00911129 0.00206961
46.45 0.009074 0.00204439
46.5 0.00903659 0.00201895
46.55 0.00899906 0.0019933
46.6 0.00896142 0.00196746
46.65 0.00892365 0.00194143
46.7 0.00888577 0.00191525
46.75 0.00884776 0.0018889
46.8 0.00880962 0.00186242
46.85 0.00877137 0.00183582
46.9 0.00873298 0.0018091
46.95 0.00869447 0.00178228
47 0.00865583 0.00175538
47.05 0.00861707 0.0017284
47.1 0.00857817 0.00170136
47.15 0.00853914 0.00167428
47.2 0.00849997 0.00164715
47.25 0.00846068 0.00162001
47.3 0.00842124 0.00159285
47.35 0.00838168 0.0015657
47.4 0.00834197 0.00153855
47.45 0.00830212 0.00151143
47.5 0.00826214 0.00148435
47.55 0.00822201 0.00145732
47.6 0.00818175 0.00143034
47.65 0.00814133 0.00140344
47.7 0.00810078 0.00137661
47.75 0.00806008 0.00134988
47.8 0.00801923 0.00132324
47.85 0.00797823 0.00129672
47.9 0.00793709 0.00127033
47.95 0.0078958 0.00124406
48 0.00785435 0.00121794
48.05 0.00781276 0.00119196
48.1 0.00777101 0.00116615
48.15 0.00772911 0.00114051
48.2 0.00768705 0.00111505
48.25 0.00764484 0.00108977
48.3 0.00760248 0.00106469
48.35 0.00755996 0.00103982
48.4 0.00751728 0.00101515
48.45 0.00747444 0.000990708
48.5 0.00743145 0.000966491
48.55 0.00738829 0.00094251
48.6 0.00734498 0.00091877
48.65 0.00730151 0.00089528
48.7 0.00725788 0.000872045
48.75 0.00721408 0.000849073
48.8 0.00717013 0.000826369
48.85 0.00712602 0.000803939
48.9 0.00708175 0.00078179
48.95 0.00703731 0.000759927
49 0.00699272 0.000738355
49.05 0.00694796 0.00071708
49.1 0.00690304 0.000696106
49.15 0.00685797 0.000675439
49.2 0.00681273 0.000655081
49.25 0.00676734 0.000635039
49.3 0.00672178 0.000615316
49.35 0.00667607 0.000595915
49.4 0.0066302 0.00057684
49.45 0.00658417 0.000558095
49.5 0.00653799 0.000539683
49.55 0.00649165 0.000521606
49.6 0.00644515 0.000503868
49.65 0.00639851 0.00048647
49.7 0.00635171 0.000469416
49.75 0.00630476 0.000452707
49.8 0.00625766 0.000436345
49.85 0.00621041 0.000420332
49.9 0.00616302 0.000404668
49.95 0.00611548 0.000389356
50 0.0060678 0.000374397
