-0.498 -0.000283597 -8.97241e-05
-0.496 -0.0011293 -0.000365107
-0.494 -0.00252743 -0.000834783
-0.492 -0.00446567 -0.00150644
-0.49 -0.00692919 -0.00238679
-0.488 -0.00990079 -0.00348152
-0.486 -0.0133611 -0.00479527
-0.484 -0.0172886 -0.00633162
-0.482 -0.0216602 -0.00809305
-0.48 -0.026451 -0.010081
-0.478 -0.0316348 -0.0122957
-0.476 -0.0371843 -0.0147363
-0.474 -0.043071 -0.0174011
-0.472 -0.0492662 -0.020287
-0.47 -0.0557405 -0.02339
-0.468 -0.0624644 -0.026705
-0.466 -0.0694087 -0.0302259
-0.464 -0.0765443 -0.0339455
-0.462 -0.0838429 -0.0378559
-0.46 -0.0912772 -0.0419478
-0.458 -0.0988207 -0.0462115
-0.456 -0.106449 -0.0506361
-0.454 -0.114138 -0.0552099
-0.452 -0.121866 -0.0599205
-0.45 -0.129614 -0.0647546
-0.448 -0.137365 -0.0696984
-0.446 -0.145104 -0.0747371
-0.444 -0.152818 -0.0798555
-0.442 -0.160498 -0.0850376
-0.44 -0.168136 -0.0902671
-0.438 -0.175728 -0.0955267
-0.436 -0.183272 -0.100799
-0.434 -0.190772 -0.106066
-0.432 -0.19823 -0.111309
-0.43 -0.205655 -0.11651
-0.428 -0.213057 -0.121648
-0.426 -0.22045 -0.126705
-0.424 -0.227849 -0.13166
-0.422 -0.235274 -0.136492
-0.42 -0.242747 -0.141183
-0.418 -0.250291 -0.14571
-0.416 -0.257932 -0.150052
-0.414 -0.265699 -0.154188
-0.412 -0.273622 -0.158096
-0.41 -0.281734 -0.161755
-0.408 -0.290068 -0.165142
-0.406 -0.298657 -0.168235
-0.404 -0.307539 -0.171013
-0.402 -0.316749 -0.173451
-0.4 -0.326323 -0.175529
-0.398 -0.336299 -0.177223
-0.396 -0.346712 -0.178511
-0.394 -0.357599 -0.17937
-0.392 -0.368994 -0.179776
-0.39 -0.380932 -0.179708
-0.388 -0.393444 -0.179143
-0.386 -0.40656 -0.178058
-0.384 -0.42031 -0.176431
-0.382 -0.434719 -0.174239
-0.38 -0.44981 -0.171462
-0.378 -0.465603 -0.168076
-0.376 -0.482115 -0.164061
-0.374 -0.499359 -0.159397
-0.372 -0.517345 -0.154062
-0.37 -0.536078 -0.148038
-0.368 -0.555559 -0.141305
-0.366 -0.575786 -0.133846
-0.364 -0.59675 -0.125642
-0.362 -0.618439 -0.116678
-0.36 -0.640835 -0.106938
-0.358 -0.663917 -0.0964094
-0.356 -0.687656 -0.0850782
-0.354 -0.712021 -0.0729335
-0.352 -0.736975 -0.0599657
-0.35 -0.762473 -0.0461667
-0.348 -0.788469 -0.0315302
-0.346 -0.81491 -0.0160519
-0.344 -0.841738 0.000270504
-0.342 -0.86889 0.0174371
-0.34 -0.8963 0.0354457
-0.338 -0.923895 0.0542919
-0.336 -0.951599 0.0739684
-0.334 -0.979331 0.0944658
-0.332 -1.00701 0.115771
-0.33 -1.03454 0.13787
-0.328 -1.06183 0.160744
-0.326 -1.0888 0.184371
-0.324 -1.11533 0.208728
-0.322 -1.14133 0.233787
-0.32 -1.1667 0.259518
-0.318 -1.19133 0.285887
-0.316 -1.21511 0.312857
-0.314 -1.23794 0.340388
-0.312 -1.25971 0.368437
-0.31 -1.28029 0.396956
-0.308 -1.2996 0.425897
-0.306 -1.3175 0.455207
-0.304 -1.3339 0.48483
-0.302 -1.34869 0.514707
-0.3 -1.36174 0.544776
-0.298 -1.37297 0.574973
-0.296 -1.38226 0.605233
-0.294 -1.3895 0.635484
-0.292 -1.3946 0.665657
-0.29 -1.39745 0.695677
-0.288 -1.39797 0.72547
-0.286 -1.39605 0.754958
-0.284 -1.39161 0.784064
-0.282 -1.38456 0.812708
-0.28 -1.37483 0.84081
-0.278 -1.36232 0.868289
-0.276 -1.34698 0.895065
-0.274 -1.32872 0.921056
-0.272 -1.30749 0.946181
-0.27 -1.28323 0.970361
-0.268 -1.25589 0.993515
-0.266 -1.22541 1.01557
-0.264 -1.19175 1.03644
-0.262 -1.15488 1.05605
-0.26 -1.11475 1.07434
-0.258 -1.07136 1.09124
-0.256 -1.02467 1.10666
-0.254 -0.974679 1.12056
-0.252 -0.921367 1.13286
-0.25 -0.864736 1.14352
-0.248 -0.804789 1.15248
-0.246 -0.741535 1.15968
-0.244 -0.674989 1.16509
-0.242 -0.605171 1.16866
-0.24 -0.532109 1.17035
-0.238 -0.455834 1.17015
-0.236 -0.376384 1.16801
-0.234 -0.293802 1.16393
-0.232 -0.208137 1.15789
-0.23 -0.119443 1.14988
-0.228 -0.0277776 1.13991
-0.226 0.0667952 1.12796
-0.224 0.164207 1.11406
-0.222 0.264386 1.09823
-0.22 0.367255 1.08048
-0.218 0.472734 1.06086
-0.216 0.580738 1.03938
-0.214 0.69118 1.01611
-0.212 0.80397 0.991087
-0.21 0.919013 0.964372
-0.208 1.03621 0.936029
-0.206 1.15547 0.906129
-0.204 1.27669 0.874749
-0.202 1.39977 0.841973
-0.2 1.52461 0.807891
-0.198 1.6511 0.772599
-0.196 1.77913 0.736199
-0.194 1.90861 0.698801
-0.192 2.03944 0.660519
-0.19 2.1715 0.62147
-0.188 2.3047 0.581782
-0.186 2.43893 0.541583
-0.184 2.5741 0.501008
-0.182 2.71011 0.460196
-0.18 2.84686 0.41929
-0.178 2.98426 0.378437
-0.176 3.12223 0.337788
-0.174 3.26066 0.297495
-0.172 3.39949 0.257716
-0.17 3.53864 0.218608
-0.168 3.67801 0.180332
-0.166 3.81755 0.14305
-0.164 3.95719 0.106924
-0.162 4.09686 0.0721179
-0.16 4.23651 0.0387953
-0.158 4.37607 0.00711919
-0.156 4.51551 -0.0227479
-0.154 4.65477 -0.050645
-0.152 4.79383 -0.0764125
-0.15 4.93263 -0.0998934
-0.148 5.07117 -0.120933
-0.146 5.20941 -0.139381
-0.144 5.34733 -0.155088
-0.142 5.48493 -0.167911
-0.14 5.6222 -0.177712
-0.138 5.75913 -0.184356
-0.136 5.89572 -0.187714
-0.134 6.032 -0.187664
-0.132 6.16796 -0.184089
-0.13 6.30364 -0.17688
-0.128 6.43905 -0.165932
-0.126 6.57422 -0.151152
-0.124 6.70918 -0.132451
-0.122 6.84399 -0.10975
-0.12 6.97867 -0.0829769
-0.118 7.11327 -0.0520703
-0.116 7.24785 -0.0169765
-0.114 7.38246 0.0223488
-0.112 7.51715 0.0659402
-0.11 7.652 0.113823
-0.108 7.78705 0.166011
-0.106 7.92239 0.22251
-0.104 8.05807 0.283315
-0.102 8.19417 0.34841
-0.1 8.33076 0.417767
-0.098 8.4679 0.491351
-0.096 8.60568 0.569114
-0.094 8.74417 0.650997
-0.092 8.88342 0.73693
-0.09 9.02352 0.826833
-0.088 9.16453 0.920615
-0.086 9.30651 1.01817
-0.084 9.44952 1.1194
-0.082 9.59362 1.22416
-0.08 9.73886 1.33232
-0.078 9.88527 1.44375
-0.076 10.0329 1.55828
-0.074 10.1818 1.67574
-0.072 10.3319 1.79597
-0.07 10.4833 1.91877
-0.068 10.6359 2.04394
-0.066 10.7898 2.17128
-0.064 10.945 2.30057
-0.062 11.1013 2.43158
-0.06 11.2587 2.56409
-0.058 11.4172 2.69783
-0.056 11.5766 2.83257
-0.054 11.7369 2.96804
-0.052 11.898 3.10396
-0.05 12.0596 3.24007
-0.048 12.2216 3.37608
-0.046 12.3839 3.5117
-0.044 12.5462 3.64664
-0.042 12.7084 3.78058
-0.04 12.8701 3.91324
-0.038 13.0311 4.04428
-0.036 13.1911 4.17341
-0.034 13.3499 4.3003
-0.032 13.507 4.42464
-0.03 13.6622 4.54611
-0.028 13.815 4.66438
-0.026 13.9651 4.77914
-0.024 14.1121 4.89006
-0.022 14.2556 4.99684
-0.02 14.3952 5.09916
-0.018 14.5303 5.19672
-0.016 14.6606 5.28922
-0.014 14.7855 5.37635
-0.012 14.9047 5.45784
-0.01 15.0176 5.53341
-0.008 15.1238 5.60279
-0.006 15.2227 5.66573
-0.004 15.314 5.72199
-0.002 15.3971 5.77134
0 15.4716 5.81357
0.002 15.537 5.84843
0.004 15.5929 5.8758
0.006 15.6389 5.89551
0.008 15.6746 5.90743
0.01 15.6996 5.91144
0.012 15.7135 5.90743
0.014 15.716 5.89533
0.016 15.7068 5.87508
0.018 15.6856 5.84666
0.02 15.6522 5.81006
0.022 15.6064 5.76529
0.024 15.5479 5.7124
0.026 15.4767 5.65145
0.028 15.3927 5.58253
0.03 15.2957 5.50575
0.032 15.1857 5.42126
0.034 15.0629 5.32922
0.036 14.9271 5.2298
0.038 14.7785 5.12323
0.04 14.6172 5.00973
0.042 14.4435 4.88955
0.044 14.2574 4.76297
0.046 14.0592 4.63029
0.048 13.8493 4.49181
0.05 13.6278 4.34787
0.052 13.3953 4.19881
0.054 13.1519 4.045
0.056 12.8982 3.88681
0.058 12.6345 3.72463
0.06 12.3614 3.55887
0.062 12.0793 3.38993
0.064 11.7887 3.21824
0.066 11.4902 3.04422
0.068 11.1843 2.86831
0.07 10.8715 2.69093
0.072 10.5525 2.51254
0.074 10.2278 2.33356
0.076 9.8981 2.15444
0.078 9.5639 1.97562
0.08 9.22586 1.79753
0.082 8.88459 1.62059
0.084 8.54073 1.44524
0.086 8.19488 1.27187
0.088 7.84767 1.1009
0.09 7.49971 0.932729
0.092 7.1516 0.767728
0.094 6.80394 0.60627
0.096 6.45732 0.44871
0.098 6.11232 0.295388
0.1 5.7695 0.146629
0.102 5.42942 0.00273847
0.104 5.09259 -0.135994
0.106 4.75955 -0.269299
0.108 4.43079 -0.396927
0.11 4.10679 -0.518645
0.112 3.788 -0.634245
0.114 3.47486 -0.743538
0.116 3.16779 -0.846356
0.118 2.86717 -0.942554
0.12 2.57338 -1.03201
0.122 2.28675 -1.11462
0.124 2.0076 -1.1903
0.126 1.73623 -1.259
0.128 1.4729 -1.32069
0.13 1.21785 -1.37534
0.132 0.971302 -1.42297
0.134 0.73344 -1.46361
0.136 0.504428 -1.4973
0.138 0.284405 -1.52412
0.14 0.0734819 -1.54417
0.142 -0.128254 -1.55754
0.144 -0.320742 -1.56437
0.146 -0.503944 -1.5648
0.148 -0.677847 -1.559
0.15 -0.842462 -1.54715
0.152 -0.997822 -1.52945
0.154 -1.14398 -1.5061
0.156 -1.28102 -1.47733
0.158 -1.40903 -1.44338
0.16 -1.52814 -1.4045
0.162 -1.63848 -1.36095
0.164 -1.74021 -1.313
0.166 -1.83349 -1.26092
0.168 -1.91853 -1.20501
0.17 -1.99551 -1.14555
0.172 -2.06467 -1.08285
0.174 -2.12623 -1.01721
0.176 -2.18044 -0.948931
0.178 -2.22756 -0.87833
0.18 -2.26784 -0.805713
0.182 -2.30157 -0.731392
0.184 -2.32902 -0.655675
0.186 -2.35049 -0.578871
0.188 -2.36627 -0.501282
0.19 -2.37666 -0.42321
0.192 -2.38197 -0.344952
0.194 -2.38249 -0.266795
0.196 -2.37854 -0.189025
0.198 -2.37043 -0.111916
0.2 -2.35846 -0.0357365
0.202 -2.34294 0.0392558
0.204 -2.32417 0.112812
0.206 -2.30245 0.184694
0.208 -2.27808 0.254676
0.21 -2.25135 0.32254
0.212 -2.22254 0.388085
0.214 -2.19194 0.45112
0.216 -2.15981 0.511467
0.218 -2.12642 0.568963
0.22 -2.09202 0.623456
0.222 -2.05686 0.67481
0.224 -2.02118 0.722904
0.226 -1.98519 0.767628
0.228 -1.94913 0.80889
0.23 -1.91319 0.846609
0.232 -1.87757 0.880722
0.234 -1.84244 0.911177
0.236 -1.80799 0.937938
0.238 -1.77436 0.960983
0.24 -1.74171 0.980302
0.242 -1.71017 0.9959
0.244 -1.67986 1.0078
0.246 -1.6509 1.01602
0.248 -1.62337 1.02062
0.25 -1.59736 1.02164
0.252 -1.57295 1.01915
0.254 -1.5502 1.01324
0.256 -1.52915 1.00399
0.258 -1.50985 0.991491
0.26 -1.49231 0.975862
0.262 -1.47656 0.957216
0.264 -1.4626 0.935678
0.266 -1.45041 0.911381
0.268 -1.43999 0.884463
0.27 -1.43129 0.855072
0.272 -1.4243 0.823359
0.274 -1.41896 0.789479
0.276 -1.41521 0.753595
0.278 -1.413 0.71587
0.28 -1.41225 0.676473
0.282 -1.41288 0.635572
0.284 -1.41481 0.593339
0.286 -1.41795 0.549948
0.288 -1.42221 0.505569
0.29 -1.42747 0.460377
0.292 -1.43363 0.414543
0.294 -1.44059 0.368236
0.296 -1.44823 0.321625
0.298 -1.45643 0.274875
0.3 -1.46507 0.228148
0.302 -1.47404 0.181603
0.304 -1.48321 0.135394
0.306 -1.49247 0.0896692
0.308 -1.50168 0.0445742
0.31 -1.51074 0.000247205
0.312 -1.51952 -0.0431792
0.314 -1.52791 -0.0855788
0.316 -1.53578 -0.126832
0.318 -1.54304 -0.166826
0.32 -1.54957 -0.205456
0.322 -1.55527 -0.242625
0.324 -1.56004 -0.278241
0.326 -1.56379 -0.312224
0.328 -1.56643 -0.344499
0.33 -1.56788 -0.375001
0.332 -1.56806 -0.403671
0.334 -1.5669 -0.430462
0.336 -1.56434 -0.455332
0.338 -1.56033 -0.478249
0.34 -1.55482 -0.499188
0.342 -1.54776 -0.518134
0.344 -1.53913 -0.535078
0.346 -1.5289 -0.550021
0.348 -1.51706 -0.562969
0.35 -1.50359 -0.573939
0.352 -1.4885 -0.582952
0.354 -1.4718 -0.590039
0.356 -1.45349 -0.595235
0.358 -1.43361 -0.598583
0.36 -1.41218 -0.600131
0.362 -1.38925 -0.599936
0.364 -1.36485 -0.598055
0.366 -1.33904 -0.594555
0.368 -1.31188 -0.589505
0.37 -1.28343 -0.582979
0.372 -1.25377 -0.575054
0.374 -1.22297 -0.565812
0.376 -1.1911 -0.555335
0.378 -1.15826 -0.54371
0.38 -1.12454 -0.531026
0.382 -1.09002 -0.517372
0.384 -1.05481 -0.502839
0.386 -1.019 -0.487519
0.388 -0.982691 -0.471503
0.39 -0.945985 -0.454883
0.392 -0.908985 -0.43775
0.394 -0.871795 -0.420194
0.396 -0.834516 -0.402303
0.398 -0.797251 -0.384165
0.4 -0.760099 -0.365863
0.402 -0.723162 -0.34748
0.404 -0.686534 -0.329094
0.406 -0.65031 -0.310783
0.408 -0.61458 -0.292619
0.41 -0.579433 -0.274669
0.412 -0.544951 -0.257001
0.414 -0.511213 -0.239674
0.416 -0.478293 -0.222746
0.418 -0.446261 -0.206268
0.42 -0.415179 -0.190287
0.422 -0.385106 -0.174848
0.424 -0.356095 -0.159988
0.426 -0.328191 -0.14574
0.428 -0.301435 -0.132134
0.43 -0.275861 -0.119192
0.432 -0.251496 -0.106933
0.434 -0.228362 -0.0953727
0.436 -0.206474 -0.0845194
0.438 -0.18584 -0.0743785
0.44 -0.166462 -0.0649507
0.442 -0.148338 -0.0562322
0.444 -0.131458 -0.0482156
0.446 -0.115807 -0.0408891
0.448 -0.101363 -0.0342376
0.45 -0.0881013 -0.0282424
0.452 -0.0759905 -0.0228818
0.454 -0.064995 -0.0181309
0.456 -0.0550749 -0.0139625
0.458 -0.0461864 -0.0103467
0.46 -0.0382819 -0.00725178
0.462 -0.0313109 -0.00464404
0.464 -0.0252198 -0.00248843
0.466 -0.0199528 -0.000748689
0.468 -0.0154524 0.000612297
0.47 -0.0116593 0.00163221
0.472 -0.00851341 0.00234897
0.474 -0.00595385 0.00280048
0.476 -0.0039198 0.00302427
0.478 -0.00235066 0.00305727
0.48 -0.00118661 0.0029355
0.482 -0.000368998 0.00269383
0.484 0.000159259 0.00236569
0.486 0.000453254 0.00198287
0.488 0.000565728 0.00157527
0.49 0.000546705 0.00117073
0.492 0.000443164 0.000794809
0.494 0.000298721 0.000470613
0.496 0.00015335 0.000218673
0.498 4.31267e-05 5.68054e-05
0.05 4.96577 1.47749
0.1 4.96601 1.47748
0.15 4.96641 1.47745
0.2 4.96697 1.47741
0.25 4.96769 1.47737
0.3 4.96856 1.47731
0.35 4.9696 1.47724
0.4 4.9708 1.47716
0.45 4.97215 1.47707
0.5 4.97366 1.47697
0.55 4.97533 1.47686
0.6 4.97715 1.47674
0.65 4.97913 1.4766
0.7 4.98126 1.47646
0.75 4.98355 1.4763
0.8 4.98599 1.47613
0.85 4.98858 1.47595
0.9 4.99133 1.47576
0.95 4.99422 1.47556
1 4.99726 1.47535
1.05 5.00045 1.47512
1.1 5.00379 1.47488
1.15 5.00727 1.47463
1.2 5.01089 1.47437
1.25 5.01466 1.4741
1.3 5.01856 1.47381
1.35 5.02261 1.47351
1.4 5.02679 1.47319
1.45 5.03111 1.47287
1.5 5.03556 1.47253
1.55 5.04015 1.47217
1.6 5.04486 1.4718
1.65 5.04971 1.47142
1.7 5.05468 1.47103
1.75 5.05977 1.47062
1.8 5.06499 1.47019
1.85 5.07033 1.46975
1.9 5.07578 1.46929
1.95 5.08136 1.46882
2 5.08704 1.46834
2.05 5.09284 1.46783
2.1 5.09875 1.46732
2.15 5.10476 1.46678
2.2 5.11088 1.46623
2.25 5.1171 1.46566
2.3 5.12342 1.46507
2.35 5.12984 1.46447
2.4 5.13635 1.46385
2.45 5.14295 1.46321
2.5 5.14965 1.46255
2.55 5.15642 1.46188
2.6 5.16329 1.46119
2.65 5.17023 1.46047
2.7 5.17725 1.45974
2.75 5.18435 1.45899
2.8 5.19151 1.45821
2.85 5.19875 1.45742
2.9 5.20605 1.45661
2.95 5.21342 1.45578
3 5.22084 1.45492
3.05 5.22833 1.45405
3.1 5.23586 1.45315
3.15 5.24345 1.45223
3.2 5.25109 1.45129
3.25 5.25877 1.45032
3.3 5.26649 1.44934
3.35 5.27424 1.44833
3.4 5.28204 1.4473
3.45 5.28986 1.44624
3.5 5.29771 1.44516
3.55 5.30559 1.44405
3.6 5.31349 1.44293
3.65 5.32141 1.44177
3.7 5.32934 1.44059
3.75 5.33728 1.43939
3.8 5.34523 1.43816
3.85 5.35318 1.43691
3.9 5.36114 1.43562
3.95 5.36909 1.43432
4 5.37704 1.43298
4.05 5.38498 1.43162
4.1 5.3929 1.43024
4.15 5.40081 1.42882
4.2 5.40869 1.42738
4.25 5.41656 1.42591
4.3 5.4244 1.42441
4.35 5.4322 1.42289
4.4 5.43997 1.42133
4.45 5.44771 1.41975
4.5 5.4554 1.41814
4.55 5.46305 1.4165
4.6 5.47065 1.41483
4.65 5.4782 1.41313
4.7 5.48569 1.41141
4.75 5.49313 1.40965
4.8 5.5005 1.40786
4.85 5.50781 1.40605
4.9 5.51505 1.4042
4.95 5.52221 1.40232
5 5.5293 1.40041
5.05 5.53631 1.39848
5.1 5.54324 1.39651
5.15 5.55008 1.39451
5.2 5.55683 1.39248
5.25 5.56349 1.39042
5.3 5.57005 1.38833
5.35 5.57651 1.3862
5.4 5.58286 1.38405
5.45 5.58911 1.38186
5.5 5.59526 1.37965
5.55 5.60128 1.3774
5.6 5.60719 1.37512
5.65 5.61299 1.37281
5.7 5.61865 1.37047
5.75 5.6242 1.3681
5.8 5.62961 1.3657
5.85 5.63489 1.36326
5.9 5.64004 1.3608
5.95 5.64504 1.3583
6 5.64991 1.35577
6.05 5.65463 1.35321
6.1 5.65921 1.35062
6.15 5.66363 1.348
6.2 5.6679 1.34535
6.25 5.67201 1.34267
6.3 5.67597 1.33996
6.35 5.67976 1.33721
6.4 5.68339 1.33444
6.45 5.68685 1.33164
6.5 5.69014 1.32881
6.55 5.69326 1.32594
6.6 5.69621 1.32305
6.65 5.69898 1.32013
6.7 5.70156 1.31718
6.75 5.70397 1.3142
6.8 5.70619 1.3112
6.85 5.70822 1.30816
6.9 5.71006 1.3051
6.95 5.71171 1.30201
7 5.71316 1.29889
7.05 5.71442 1.29574
7.1 5.71548 1.29257
7.15 5.71634 1.28937
7.2 5.717 1.28615
7.25 5.71745 1.2829
7.3 5.7177 1.27962
7.35 5.71774 1.27632
7.4 5.71756 1.27299
7.45 5.71718 1.26964
7.5 5.71658 1.26627
7.55 5.71576 1.26287
7.6 5.71473 1.25945
7.65 5.71348 1.25601
7.7 5.71201 1.25254
7.75 5.71032 1.24905
7.8 5.7084 1.24555
7.85 5.70626 1.24202
7.9 5.70389 1.23847
7.95 5.7013 1.2349
8 5.69848 1.23131
8.05 5.69543 1.22771
8.1 5.69214 1.22408
8.15 5.68863 1.22044
8.2 5.68489 1.21678
8.25 5.68091 1.21311
8.3 5.67669 1.20941
8.35 5.67224 1.20571
8.4 5.66756 1.20199
8.45 5.66264 1.19825
8.5 5.65748 1.19451
8.55 5.65208 1.19075
8.6 5.64645 1.18697
8.65 5.64058 1.18319
8.7 5.63446 1.1794
8.75 5.62811 1.17559
8.8 5.62152 1.17178
8.85 5.61469 1.16796
8.9 5.60762 1.16413
8.95 5.60031 1.16029
9 5.59276 1.15645
9.05 5.58497 1.1526
9.1 5.57694 1.14875
9.15 5.56867 1.14489
9.2 5.56016 1.14103
9.25 5.55141 1.13716
9.3 5.54242 1.1333
9.35 5.53319 1.12943
9.4 5.52373 1.12556
9.45 5.51402 1.12169
9.5 5.50408 1.11783
9.55 5.4939 1.11396
9.6 5.48349 1.1101
9.65 5.47284 1.10625
9.7 5.46196 1.10239
9.75 5.45084 1.09855
9.8 5.43949 1.0947
9.85 5.42791 1.09087
9.9 5.4161 1.08704
9.95 5.40405 1.08322
10 5.39178 1.07942
10.05 5.37928 1.07562
10.1 5.36656 1.07183
10.15 5.3536 1.06806
10.2 5.34043 1.06429
10.25 5.32703 1.06054
10.3 5.31341 1.05681
10.35 5.29957 1.05309
10.4 5.28552 1.04939
10.45 5.27124 1.04571
10.5 5.25675 1.04204
10.55 5.24205 1.03839
10.6 5.22714 1.03476
10.65 5.21201 1.03116
10.7 5.19668 1.02757
10.75 5.18114 1.02401
10.8 5.1654 1.02047
10.85 5.14945 1.01695
10.9 5.1333 1.01346
10.95 5.11696 1.00999
11 5.10042 1.00656
11.05 5.08368 1.00314
11.1 5.06675 0.999762
11.15 5.04963 0.996409
11.2 5.03232 0.993085
11.25 5.01483 0.989793
11.3 4.99715 0.986533
11.35 4.97929 0.983306
11.4 4.96126 0.980112
11.45 4.94304 0.976952
11.5 4.92466 0.973827
11.55 4.9061 0.970739
11.6 4.88737 0.967687
11.65 4.86847 0.964673
11.7 4.84941 0.961697
11.75 4.83019 0.95876
11.8 4.81081 0.955863
11.85 4.79128 0.953007
11.9 4.77159 0.950193
11.95 4.75175 0.947421
12 4.73176 0.944691
12.05 4.71163 0.942006
12.1 4.69135 0.939365
12.15 4.67094 0.93677
12.2 4.65039 0.93422
12.25 4.6297 0.931717
12.3 4.60888 0.929262
12.35 4.58794 0.926854
12.4 4.56687 0.924496
12.45 4.54567 0.922187
12.5 4.52436 0.919928
12.55 4.50293 0.917719
12.6 4.48139 0.915562
12.65 4.45974 0.913458
12.7 4.43798 0.911405
12.75 4.41611 0.909406
12.8 4.39414 0.907461
12.85 4.37208 0.905571
12.9 4.34992 0.903735
12.95 4.32766 0.901955
13 4.30532 0.900231
13.05 4.28289 0.898563
13.1 4.26038 0.896953
13.15 4.23779 0.8954
13.2 4.21512 0.893906
13.25 4.19238 0.892469
13.3 4.16957 0.891092
13.35 4.14669 0.889775
13.4 4.12374 0.888517
13.45 4.10074 0.88732
13.5 4.07767 0.886183
13.55 4.05456 0.885107
13.6 4.03138 0.884093
13.65 4.00817 0.883141
13.7 3.9849 0.88225
13.75 3.96159 0.881423
13.8 3.93824 0.880657
13.85 3.91486 0.879955
13.9 3.89144 0.879316
13.95 3.868 0.878741
14 3.84452 0.878229
14.05 3.82102 0.877782
14.1 3.7975 0.877398
14.15 3.77397 0.877079
14.2 3.75041 0.876824
14.25 3.72685 0.876634
14.3 3.70328 0.876509
14.35 3.6797 0.876448
14.4 3.65611 0.876453
14.45 3.63253 0.876522
14.5 3.60895 0.876657
14.55 3.58538 0.876856
14.6 3.56181 0.877121
14.65 3.53826 0.877451
14.7 3.51472 0.877846
14.75 3.4912 0.878306
14.8 3.4677 0.87883
14.85 3.44422 0.87942
14.9 3.42077 0.880075
14.95 3.39734 0.880794
15 3.37395 0.881578
15.05 3.35059 0.882426
15.1 3.32727 0.883339
15.15 3.30399 0.884315
15.2 3.28075 0.885355
15.25 3.25755 0.886459
15.3 3.2344 0.887626
15.35 3.2113 0.888857
15.4 3.18826 0.89015
15.45 3.16527 0.891505
15.5 3.14233 0.892923
15.55 3.11946 0.894402
15.6 3.09664 0.895943
15.65 3.0739 0.897545
15.7 3.05122 0.899207
15.75 3.0286 0.90093
15.8 3.00606 0.902712
15.85 2.9836 0.904554
15.9 2.96121 0.906455
15.95 2.9389 0.908414
16 2.91667 0.91043
16.05 2.89452 0.912505
16.1 2.87245 0.914635
16.15 2.85048 0.916822
16.2 2.82859 0.919065
16.25 2.80679 0.921363
16.3 2.78508 0.923715
16.35 2.76347 0.926121
16.4 2.74196 0.92858
16.45 2.72054 0.931091
16.5 2.69923 0.933654
16.55 2.67801 0.936268
16.6 2.6569 0.938933
16.65 2.63589 0.941647
16.7 2.615 0.944409
16.75 2.59421 0.94722
16.8 2.57353 0.950078
16.85 2.55296 0.952983
16.9 2.5325 0.955933
16.95 2.51216 0.958928
17 2.49194 0.961967
17.05 2.47183 0.965049
17.1 2.45184 0.968173
17.15 2.43197 0.971339
17.2 2.41223 0.974545
17.25 2.3926 0.97779
17.3 2.3731 0.981075
17.35 2.35373 0.984396
17.4 2.33448 0.987754
17.45 2.31536 0.991148
17.5 2.29636 0.994577
17.55 2.27749 0.99804
17.6 2.25876 1.00153
17.65 2.24015 1.00506
17.7 2.22168 1.00862
17.75 2.20334 1.01221
17.8 2.18513 1.01582
17.85 2.16706 1.01946
17.9 2.14912 1.02313
17.95 2.13132 1.02683
18 2.11366 1.03055
18.05 2.09613 1.03429
18.1 2.07873 1.03805
18.15 2.06148 1.04184
18.2 2.04436 1.04564
18.25 2.02739 1.04946
18.3 2.01055 1.0533
18.35 1.99385 1.05716
18.4 1.97729 1.06103
18.45 1.96087 1.06492
18.5 1.94459 1.06881
18.55 1.92845 1.07272
18.6 1.91246 1.07664
18.65 1.8966 1.08057
18.7 1.88088 1.08451
18.75 1.86531 1.08845
18.8 1.84988 1.0924
18.85 1.83458 1.09635
18.9 1.81943 1.10031
18.95 1.80442 1.10427
19 1.78955 1.10823
19.05 1.77482 1.11218
19.1 1.76024 1.11614
19.15 1.74579 1.12009
19.2 1.73148 1.12404
19.25 1.71731 1.12798
19.3 1.70328 1.13192
19.35 1.68939 1.13585
19.4 1.67564 1.13977
19.45 1.66203 1.14367
19.5 1.64856 1.14757
19.55 1.63522 1.15145
19.6 1.62202 1.15532
19.65 1.60895 1.15917
19.7 1.59603 1.16301
19.75 1.58324 1.16683
19.8 1.57058 1.17063
19.85 1.55805 1.1744
19.9 1.54566 1.17816
19.95 1.53341 1.18189
20 1.52128 1.1856
20.05 1.50929 1.18929
20.1 1.49742 1.19294
20.15 1.48569 1.19657
20.2 1.47409 1.20017
20.25 1.46261 1.20374
20.3 1.45126 1.20728
20.35 1.44004 1.21078
20.4 1.42894 1.21425
20.45 1.41797 1.21769
20.5 1.40712 1.22109
20.55 1.39639 1.22445
20.6 1.38579 1.22778
20.65 1.3753 1.23106
20.7 1.36494 1.2343
20.75 1.35469 1.23751
20.8 1.34456 1.24066
20.85 1.33455 1.24378
20.9 1.32466 1.24685
20.95 1.31487 1.24987
21 1.3052 1.25284
21.05 1.29565 1.25577
21.1 1.2862 1.25864
21.15 1.27687 1.26147
21.2 1.26764 1.26424
21.25 1.25852 1.26697
21.3 1.2495 1.26963
21.35 1.24059 1.27224
21.4 1.23179 1.2748
21.45 1.22308 1.2773
21.5 1.21448 1.27974
21.55 1.20598 1.28213
21.6 1.19758 1.28445
21.65 1.18927 1.28671
21.7 1.18106 1.28892
21.75 1.17295 1.29106
21.8 1.16493 1.29313
21.85 1.157 1.29514
21.9 1.14916 1.29709
21.95 1.14141 1.29897
22 1.13375 1.30079
22.05 1.12618 1.30253
22.1 1.11869 1.30421
22.15 1.11129 1.30582
22.2 1.10396 1.30736
22.25 1.09673 1.30883
22.3 1.08957 1.31023
22.35 1.08249 1.31156
22.4 1.07549 1.31281
22.45 1.06856 1.31399
22.5 1.06171 1.3151
22.55 1.05494 1.31613
22.6 1.04823 1.31709
22.65 1.0416 1.31797
22.7 1.03504 1.31877
22.75 1.02854 1.3195
22.8 1.02211 1.32015
22.85 1.01575 1.32073
22.9 1.00945 1.32122
22.95 1.00322 1.32163
23 0.997045 1.32197
23.05 0.990933 1.32223
23.1 0.984879 1.3224
23.15 0.978884 1.32249
23.2 0.972945 1.32251
23.25 0.967062 1.32244
23.3 0.961233 1.32229
23.35 0.955456 1.32206
23.4 0.949731 1.32174
23.45 0.944057 1.32134
23.5 0.938431 1.32086
23.55 0.932853 1.3203
23.6 0.927323 1.31965
23.65 0.921837 1.31892
23.7 0.916396 1.3181
23.75 0.910998 1.3172
23.8 0.905641 1.31622
23.85 0.900326 1.31515
23.9 0.89505 1.31399
23.95 0.889813 1.31275
24 0.884613 1.31143
24.05 0.879449 1.31002
24.1 0.87432 1.30853
24.15 0.869225 1.30695
24.2 0.864164 1.30529
24.25 0.859134 1.30354
24.3 0.854135 1.30171
24.35 0.849166 1.29979
24.4 0.844226 1.29779
24.45 0.839314 1.2957
24.5 0.834428 1.29353
24.55 0.829568 1.29128
24.6 0.824734 1.28894
24.65 0.819923 1.28651
24.7 0.815135 1.284
24.75 0.810369 1.28141
24.8 0.805625 1.27874
24.85 0.800901 1.27598
24.9 0.796197 1.27314
24.95 0.791511 1.27022
25 0.786843 1.26721
25.05 0.782192 1.26413
25.1 0.777557 1.26096
25.15 0.772938 1.25771
25.2 0.768333 1.25438
25.25 0.763743 1.25097
25.3 0.759165 1.24748
25.35 0.7546 1.24391
25.4 0.750047 1.24026
25.45 0.745505 1.23653
25.5 0.740974 1.23272
25.55 0.736453 1.22884
25.6 0.73194 1.22488
25.65 0.727437 1.22085
25.7 0.722941 1.21673
25.75 0.718453 1.21254
25.8 0.713972 1.20828
25.85 0.709497 1.20395
25.9 0.705028 1.19954
25.95 0.700564 1.19505
26 0.696106 1.1905
26.05 0.691651 1.18587
26.1 0.687201 1.18117
26.15 0.682755 1.17641
26.2 0.678311 1.17157
26.25 0.673871 1.16666
26.3 0.669432 1.16169
26.35 0.664996 1.15665
26.4 0.660562 1.15154
26.45 0.656128 1.14637
26.5 0.651696 1.14113
26.55 0.647265 1.13583
26.6 0.642834 1.13046
26.65 0.638404 1.12504
26.7 0.633973 1.11955
26.75 0.629543 1.114
26.8 0.625112 1.10839
26.85 0.62068 1.10272
26.9 0.616247 1.09699
26.95 0.611814 1.09121
27 0.60738 1.08537
27.05 0.602944 1.07948
27.1 0.598507 1.07353
27.15 0.594069 1.06753
27.2 0.589629 1.06147
27.25 0.585188 1.05537
27.3 0.580745 1.04921
27.35 0.576301 1.043
27.4 0.571855 1.03675
27.45 0.567407 1.03045
27.5 0.562958 1.0241
27.55 0.558507 1.0177
27.6 0.554054 1.01126
27.65 0.5496 1.00478
27.7 0.545145 0.998257
27.75 0.540688 0.991691
27.8 0.53623 0.985085
27.85 0.53177 0.978439
27.9 0.52731 0.971755
27.95 0.522849 0.965034
28 0.518387 0.958277
28.05 0.513924 0.951484
28.1 0.509461 0.944658
28.15 0.504997 0.937799
28.2 0.500534 0.930908
28.25 0.49607 0.923986
28.3 0.491607 0.917035
28.35 0.487144 0.910055
28.4 0.482682 0.903047
28.45 0.478221 0.896013
28.5 0.473761 0.888954
28.55 0.469302 0.881871
28.6 0.464846 0.874764
28.65 0.460391 0.867636
28.7 0.455939 0.860486
28.75 0.451489 0.853317
28.8 0.447042 0.846129
28.85 0.442598 0.838924
28.9 0.438158 0.831702
28.95 0.433721 0.824464
29 0.429289 0.817212
29.05 0.424861 0.809947
29.1 0.420438 0.80267
29.15 0.416021 0.795382
29.2 0.411608 0.788083
29.25 0.407202 0.780776
29.3 0.402802 0.773461
29.35 0.398408 0.76614
29.4 0.394021 0.758813
29.45 0.389642 0.751481
29.5 0.385271 0.744145
29.55 0.380907 0.736807
29.6 0.376553 0.729468
29.65 0.372207 0.722129
29.7 0.36787 0.71479
29.75 0.363543 0.707453
29.8 0.359227 0.700118
29.85 0.35492 0.692788
29.9 0.350625 0.685462
29.95 0.346341 0.678143
30 0.342069 0.67083
30.05 0.337809 0.663525
30.1 0.333562 0.656229
30.15 0.329327 0.648943
30.2 0.325106 0.641668
30.25 0.320899 0.634404
30.3 0.316706 0.627154
30.35 0.312528 0.619917
30.4 0.308365 0.612695
30.45 0.304217 0.605488
30.5 0.300085 0.598299
30.55 0.29597 0.591126
30.6 0.291871 0.583973
30.65 0.287789 0.576838
30.7 0.283725 0.569724
30.75 0.279679 0.562632
30.8 0.275652 0.555561
30.85 0.271643 0.548513
30.9 0.267653 0.541489
30.95 0.263683 0.534489
31 0.259732 0.527515
31.05 0.255802 0.520568
31.1 0.251893 0.513647
31.15 0.248005 0.506755
31.2 0.244139 0.499891
31.25 0.240294 0.493057
31.3 0.236472 0.486253
31.35 0.232672 0.47948
31.4 0.228895 0.472739
31.45 0.225142 0.46603
31.5 0.221412 0.459355
31.55 0.217707 0.452714
31.6 0.214026 0.446107
31.65 0.210369 0.439536
31.7 0.206738 0.433001
31.75 0.203132 0.426503
31.8 0.199552 0.420042
31.85 0.195998 0.413619
31.9 0.19247 0.407235
31.95 0.188969 0.40089
32 0.185495 0.394585
32.05 0.182048 0.388321
32.1 0.178629 0.382097
32.15 0.175237 0.375916
32.2 0.171874 0.369776
32.25 0.168539 0.363679
32.3 0.165233 0.357626
32.35 0.161955 0.351616
32.4 0.158707 0.34565
32.45 0.155488 0.339729
32.5 0.152299 0.333854
32.55 0.149139 0.328024
32.6 0.14601 0.32224
32.65 0.142911 0.316503
32.7 0.139842 0.310813
32.75 0.136804 0.30517
32.8 0.133797 0.299575
32.85 0.130821 0.294028
32.9 0.127876 0.28853
32.95 0.124962 0.28308
33 0.12208 0.27768
33.05 0.11923 0.272329
33.1 0.116411 0.267028
33.15 0.113624 0.261777
33.2 0.11087 0.256577
33.25 0.108147 0.251428
33.3 0.105457 0.246329
33.35 0.102799 0.241281
33.4 0.100174 0.236285
33.45 0.0975814 0.231341
33.5 0.0950214 0.226449
33.55 0.092494 0.221608
33.6 0.0899994 0.21682
33.65 0.0875376 0.212084
33.7 0.0851086 0.207401
33.75 0.0827126 0.20277
33.8 0.0803494 0.198193
33.85 0.0780193 0.193668
33.9 0.075722 0.189196
33.95 0.0734577 0.184777
34 0.0712264 0.180412
34.05 0.069028 0.176099
34.1 0.0668625 0.171841
34.15 0.0647299 0.167635
34.2 0.0626302 0.163483
34.25 0.0605633 0.159384
34.3 0.0585291 0.155338
34.35 0.0565276 0.151346
34.4 0.0545588 0.147408
34.45 0.0526225 0.143522
34.5 0.0507188 0.13969
34.55 0.0488474 0.135911
34.6 0.0470083 0.132186
34.65 0.0452014 0.128513
34.7 0.0434265 0.124893
34.75 0.0416837 0.121327
34.8 0.0399727 0.117813
34.85 0.0382934 0.114351
34.9 0.0366456 0.110943
34.95 0.0350293 0.107586
35 0.0334443 0.104282
35.05 0.0318904 0.10103
35.1 0.0303675 0.0978296
35.15 0.0288753 0.0946811
35.2 0.0274138 0.0915841
35.25 0.0259826 0.0885385
35.3 0.0245818 0.0855439
35.35 0.0232109 0.0826002
35.4 0.02187 0.0797071
35.45 0.0205586 0.0768645
35.5 0.0192767 0.074072
35.55 0.018024 0.0713294
35.6 0.0168003 0.0686364
35.65 0.0156054 0.0659928
35.7 0.014439 0.0633983
35.75 0.0133008 0.0608526
35.8 0.0121908 0.0583553
35.85 0.0111085 0.0559063
35.9 0.0100538 0.0535051
35.95 0.00902637 0.0511515
36 0.00802598 0.0488451
36.05 0.00705237 0.0465855
36.1 0.00610526 0.0443725
36.15 0.00518438 0.0422057
36.2 0.00428945 0.0400848
36.25 0.00342019 0.0380093
36.3 0.00257632 0.0359789
36.35 0.00175755 0.0339933
36.4 0.000963589 0.032052
36.45 0.000194141 0.0301547
36.5 -0.00055109 0.0283009
36.55 -0.0012724 0.0264903
36.6 -0.0019701 0.0247225
36.65 -0.0026445 0.0229971
36.7 -0.00329589 0.0213136
36.75 -0.00392459 0.0196717
36.8 -0.00453092 0.0180709
36.85 -0.00511519 0.0165108
36.9 -0.00567771 0.0149909
36.95 -0.00621881 0.0135109
37 -0.0067388 0.0120702
37.05 -0.00723802 0.0106685
37.1 -0.00771678 0.00930531
37.15 -0.00817541 0.00798017
37.2 -0.00861423 0.00669264
37.25 -0.00903357 0.00544225
37.3 -0.00943377 0.00422856
37.35 -0.00981516 0.0030511
37.4 -0.010178 0.00190941
37.45 -0.0105228 0.00080302
37.5 -0.0108497 -0.000268528
37.55 -0.0111591 -0.00130571
37.6 -0.0114514 -0.00230899
37.65 -0.0117268 -0.00327884
37.7 -0.0119857 -0.00421574
37.75 -0.0122285 -0.00512017
37.8 -0.0124555 -0.00599259
37.85 -0.0126669 -0.00683349
37.9 -0.0128632 -0.00764335
37.95 -0.0130446 -0.00842265
38 -0.0132115 -0.00917185
38.05 -0.0133643 -0.00989146
38.1 -0.0135032 -0.0105819
38.15 -0.0136285 -0.0112438
38.2 -0.0137407 -0.0118774
38.25 -0.01384 -0.0124834
38.3 -0.0139268 -0.0130622
38.35 -0.0140013 -0.0136143
38.4 -0.0140639 -0.0141401
38.45 -0.0141149 -0.0146402
38.5 -0.0141547 -0.0151149
38.55 -0.0141835 -0.0155649
38.6 -0.0142017 -0.0159905
38.65 -0.0142095 -0.0163923
38.7 -0.0142073 -0.0167707
38.75 -0.0141954 -0.0171262
38.8 -0.014174 -0.0174592
38.85 -0.0141436 -0.0177702
38.9 -0.0141043 -0.0180597
38.95 -0.0140566 -0.0183282
39 -0.0140006 -0.0185761
39.05 -0.0139367 -0.0188039
39.1 -0.0138651 -0.019012
39.15 -0.0137862 -0.0192008
39.2 -0.0137003 -0.019371
39.25 -0.0136075 -0.0195228
39.3 -0.0135082 -0.0196567
39.35 -0.0134027 -0.0197732
39.4 -0.0132912 -0.0198728
39.45 -0.0131741 -0.0199558
39.5 -0.0130514 -0.0200227
39.55 -0.0129236 -0.0200739
39.6 -0.0127909 -0.0201098
39.65 -0.0126536 -0.020131
39.7 -0.0125118 -0.0201377
39.75 -0.0123658 -0.0201305
39.8 -0.0122159 -0.0201097
39.85 -0.0120623 -0.0200757
39.9 -0.0119053 -0.0200289
39.95 -0.0117451 -0.0199698
40 -0.0115818 -0.0198988
40.05 -0.0114158 -0.0198162
40.1 -0.0112473 -0.0197224
40.15 -0.0110764 -0.0196178
40.2 -0.0109034 -0.0195029
40.25 -0.0107285 -0.0193778
40.3 -0.0105518 -0.0192432
40.35 -0.0103737 -0.0190992
40.4 -0.0101943 -0.0189463
40.45 -0.0100137 -0.0187849
40.5 -0.00983221 -0.0186152
40.55 -0.00964997 -0.0184377
40.6 -0.00946717 -0.0182527
40.65 -0.00928397 -0.0180605
40.7 -0.00910056 -0.0178614
40.75 -0.00891709 -0.0176558
40.8 -0.00873373 -0.0174441
40.85 -0.00855064 -0.0172264
40.9 -0.00836798 -0.0170032
40.95 -0.00818589 -0.0167748
41 -0.00800453 -0.0165414
41.05 -0.00782402 -0.0163034
41.1 -0.00764452 -0.0160611
41.15 -0.00746616 -0.0158147
41.2 -0.00728907 -0.0155645
41.25 -0.00711336 -0.0153108
41.3 -0.00693918 -0.015054
41.35 -0.00676662 -0.0147942
41.4 -0.00659581 -0.0145317
41.45 -0.00642686 -0.0142668
41.5 -0.00625986 -0.0139997
41.55 -0.00609493 -0.0137307
41.6 -0.00593216 -0.01346
41.65 -0.00577164 -0.0131879
41.7 -0.00561347 -0.0129146
41.75 -0.00545772 -0.0126403
41.8 -0.00530448 -0.0123653
41.85 -0.00515384 -0.0120897
41.9 -0.00500585 -0.0118138
41.95 -0.0048606 -0.0115378
42 -0.00471815 -0.0112619
42.05 -0.00457856 -0.0109863
42.1 -0.00444189 -0.0107111
42.15 -0.0043082 -0.0104366
42.2 -0.00417754 -0.010163
42.25 -0.00404995 -0.00989034
42.3 -0.00392549 -0.0096189
42.35 -0.00380419 -0.00934881
42.4 -0.00368609 -0.00908025
42.45 -0.00357123 -0.00881336
42.5 -0.00345964 -0.00854829
42.55 -0.00335134 -0.0082852
42.6 -0.00324636 -0.00802423
42.65 -0.00314472 -0.00776551
42.7 -0.00304644 -0.00750917
42.75 -0.00295153 -0.00725534
42.8 -0.00286001 -0.00700414
42.85 -0.00277189 -0.0067557
42.9 -0.00268717 -0.00651012
42.95 -0.00260585 -0.00626752
43 -0.00252794 -0.00602799
43.05 -0.00245343 -0.00579163
43.1 -0.00238232 -0.00555855
43.15 -0.0023146 -0.00532883
43.2 -0.00225027 -0.00510256
43.25 -0.0021893 -0.00487982
43.3 -0.00213168 -0.00466068
43.35 -0.0020774 -0.00444523
43.4 -0.00202643 -0.00423352
43.45 -0.00197875 -0.00402563
43.5 -0.00193434 -0.00382162
43.55 -0.00189317 -0.00362153
43.6 -0.00185521 -0.00342544
43.65 -0.00182044 -0.00323337
43.7 -0.00178881 -0.00304538
43.75 -0.00176029 -0.00286152
43.8 -0.00173485 -0.00268181
43.85 -0.00171244 -0.00250629
43.9 -0.00169303 -0.002335
43.95 -0.00167657 -0.00216795
44 -0.00166303 -0.00200517
44.05 -0.00165234 -0.00184669
44.1 -0.00164448 -0.00169251
44.15 -0.00163938 -0.00154265
44.2 -0.00163701 -0.00139713
44.25 -0.0016373 -0.00125594
44.3 -0.0016402 -0.00111909
44.35 -0.00164567 -0.000986578
44.4 -0.00165364 -0.000858407
44.45 -0.00166407 -0.000734568
44.5 -0.00167688 -0.000615053
44.55 -0.00169204 -0.000499851
44.6 -0.00170947 -0.000388948
44.65 -0.00172911 -0.000282327
44.7 -0.00175092 -0.000179968
44.75 -0.00177481 -8.18506e-05
44.8 -0.00180074 1.20501e-05
44.85 -0.00182865 0.000101761
44.9 -0.00185845 0.000187311
44.95 -0.0018901 0.000268731
45 -0.00192353 0.000346054
45.05 -0.00195867 0.000419318
45.1 -0.00199547 0.000488558
45.15 -0.00203384 0.000553816
45.2 -0.00207373 0.000615132
45.25 -0.00211508 0.000672551
45.3 -0.00215781 0.000726118
45.35 -0.00220186 0.00077588
45.4 -0.00224717 0.000821885
45.45 -0.00229366 0.000864185
45.5 -0.00234127 0.000902832
45.55 -0.00238994 0.000937879
45.6 -0.0024396 0.00096938
45.65 -0.00249019 0.000997394
45.7 -0.00254163 0.00102198
45.75 -0.00259386 0.00104319
45.8 -0.00264683 0.00106109
45.85 -0.00270045 0.00107573
45.9 -0.00275468 0.00108719
45.95 -0.00280944 0.00109553
46 -0.00286468 0.0011008
46.05 -0.00292032 0.00110308
46.1 -0.00297631 0.00110243
46.15 -0.00303259 0.00109892
46.2 -0.00308909 0.00109261
46.25 -0.00314576 0.00108358
46.3 -0.00320254 0.00107189
46.35 -0.00325936 0.00105761
46.4 -0.00331617 0.00104081
46.45 -0.00337291 0.00102156
46.5 -0.00342952 0.00099993
46.55 -0.00348596 0.000975995
46.6 -0.00354216 0.000949825
46.65 -0.00359806 0.00092149
46.7 -0.00365363 0.000891062
46.75 -0.0037088 0.000858613
46.8 -0.00376353 0.000824214
46.85 -0.00381776 0.000787939
46.9 -0.00387145 0.000749857
46.95 -0.00392454 0.000710042
47 -0.003977 0.000668565
47.05 -0.00402877 0.000625498
47.1 -0.00407982 0.000580911
47.15 -0.00413009 0.000534877
47.2 -0.00417954 0.000487465
47.25 -0.00422814 0.000438747
47.3 -0.00427584 0.000388793
47.35 -0.00432261 0.000337672
47.4 -0.00436841 0.000285454
47.45 -0.0044132 0.000232207
47.5 -0.00445694 0.000178
47.55 -0.00449961 0.000122902
47.6 -0.00454116 6.6978e-05
47.65 -0.00458157 1.02959e-05
47.7 -0.00462081 -4.70786e-05
47.75 -0.00465885 -0.00010508
47.8 -0.00469566 -0.000163644
47.85 -0.00473122 -0.000222707
47.9 -0.00476549 -0.000282205
47.95 -0.00479846 -0.000342076
48 -0.0048301 -0.00040226
48.05 -0.0048604 -0.000462694
48.1 -0.00488932 -0.00052332
48.15 -0.00491686 -0.000584079
48.2 -0.00494299 -0.000644913
48.25 -0.0049677 -0.000705764
48.3 -0.00499098 -0.000766578
48.35 -0.0050128 -0.000827298
48.4 -0.00503316 -0.000887871
48.45 -0.00505205 -0.000948244
48.5 -0.00506946 -0.00100836
48.55 -0.00508537 -0.00106818
48.6 -0.00509978 -0.00112765
48.65 -0.00511269 -0.00118671
48.7 -0.00512408 -0.00124533
48.75 -0.00513395 -0.00130345
48.8 -0.00514231 -0.00136103
48.85 -0.00514915 -0.00141802
48.9 -0.00515447 -0.00147439
48.95 -0.00515826 -0.00153008
49 -0.00516054 -0.00158507
49.05 -0.00516131 -0.00163931
49.1 -0.00516056 -0.00169276
49.15 -0.0051583 -0.00174538
49.2 -0.00515454 -0.00179714
49.25 -0.00514929 -0.00184801
49.3 -0.00514256 -0.00189794
49.35 -0.00513435 -0.00194692
49.4 -0.00512467 -0.0019949
49.45 -0.00511354 -0.00204186
49.5 -0.00510097 -0.00208777
49.55 -0.00508696 -0.0021326
49.6 -0.00507155 -0.00217632
49.65 -0.00505473 -0.00221892
49.7 -0.00503652 -0.00226036
49.75 -0.00501695 -0.00230062
49.8 -0.00499603 -0.00233969
49.85 -0.00497377 -0.00237754
49.9 -0.0049502 -0.00241416
49.95 -0.00492534 -0.00244952
50 -0.0048992 -0.00248361
