-0.498 -0.000347995 2.70419e-06
-0.496 -0.00140974 -1.89389e-06
-0.494 -0.00321331 -3.5253e-05
-0.492 -0.00578868 -0.000121924
-0.49 -0.00916764 -0.000289407
-0.488 -0.0133837 -0.000567989
-0.486 -0.0184721 -0.000990559
-0.484 -0.0244696 -0.0015924
-0.482 -0.0314144 -0.00241097
-0.48 -0.039346 -0.00348564
-0.478 -0.0483051 -0.00485747
-0.476 -0.0583333 -0.00656886
-0.474 -0.0694732 -0.00866333
-0.472 -0.0817678 -0.0111852
-0.47 -0.0952608 -0.0141791
-0.468 -0.109996 -0.0176901
-0.466 -0.126017 -0.0217626
-0.464 -0.143368 -0.0264408
-0.462 -0.162091 -0.0317678
-0.46 -0.18223 -0.0377855
-0.458 -0.203825 -0.0445338
-0.456 -0.226916 -0.0520511
-0.454 -0.251544 -0.0603729
-0.452 -0.277743 -0.0695323
-0.45 -0.30555 -0.079559
-0.448 -0.334997 -0.0904793
-0.446 -0.366113 -0.102316
-0.444 -0.398927 -0.115087
-0.442 -0.433461 -0.128806
-0.44 -0.469737 -0.143483
-0.438 -0.507771 -0.159121
-0.436 -0.547577 -0.175719
-0.434 -0.589164 -0.193269
-0.432 -0.632536 -0.21176
-0.43 -0.677694 -0.231172
-0.428 -0.724631 -0.251481
-0.426 -0.77334 -0.272653
-0.424 -0.823806 -0.294653
-0.422 -0.876007 -0.317434
-0.42 -0.929919 -0.340945
-0.418 -0.985511 -0.365129
-0.416 -1.04275 -0.389921
-0.414 -1.10158 -0.415249
-0.412 -1.16197 -0.441035
-0.41 -1.22386 -0.467194
-0.408 -1.28719 -0.493636
-0.406 -1.3519 -0.520263
-0.404 -1.41791 -0.546971
-0.402 -1.48515 -0.573653
-0.4 -1.55353 -0.600193
-0.398 -1.62297 -0.626471
-0.396 -1.69338 -0.652363
-0.394 -1.76466 -0.67774
-0.392 -1.8367 -0.702469
-0.39 -1.9094 -0.726413
-0.388 -1.98265 -0.749432
-0.386 -2.05633 -0.771383
-0.384 -2.13031 -0.792123
-0.382 -2.20449 -0.811505
-0.38 -2.27872 -0.829382
-0.378 -2.35288 -0.845606
-0.376 -2.42684 -0.860031
-0.374 -2.50045 -0.87251
-0.372 -2.57359 -0.882899
-0.37 -2.64611 -0.891056
-0.368 -2.71787 -0.89684
-0.366 -2.78874 -0.900117
-0.364 -2.85856 -0.900754
-0.362 -2.9272 -0.898625
-0.36 -2.99451 -0.893609
-0.358 -3.06035 -0.885592
-0.356 -3.12458 -0.874467
-0.354 -3.18707 -0.860132
-0.352 -3.24767 -0.842498
-0.35 -3.30624 -0.821482
-0.348 -3.36266 -0.797011
-0.346 -3.4168 -0.769022
-0.344 -3.46852 -0.737464
-0.342 -3.5177 -0.702296
-0.34 -3.56423 -0.663489
-0.338 -3.60798 -0.621028
-0.336 -3.64885 -0.574907
-0.334 -3.68672 -0.525138
-0.332 -3.7215 -0.471741
-0.33 -3.75309 -0.414754
-0.328 -3.7814 -0.354228
-0.326 -3.80633 -0.290227
-0.324 -3.82782 -0.22283
-0.322 -3.84578 -0.15213
-0.32 -3.86015 -0.0782365
-0.318 -3.87087 -0.00127078
-0.316 -3.87787 0.07863
-0.314 -3.88112 0.161315
-0.312 -3.88056 0.246618
-0.31 -3.87617 0.33436
-0.308 -3.86791 0.42435
-0.306 -3.85576 0.51638
-0.304 -3.8397 0.610233
-0.302 -3.81972 0.705678
-0.3 -3.79582 0.802471
-0.298 -3.76801 0.90036
-0.296 -3.73628 0.999081
-0.294 -3.70066 1.09836
-0.292 -3.66117 1.19791
-0.29 -3.61784 1.29745
-0.288 -3.57069 1.39667
-0.286 -3.51977 1.49528
-0.284 -3.46512 1.59296
-0.282 -3.40678 1.6894
-0.28 -3.34481 1.78428
-0.278 -3.27927 1.87728
-0.276 -3.21022 1.96809
-0.274 -3.13771 2.05638
-0.272 -3.06182 2.14183
-0.27 -2.98262 2.22414
-0.268 -2.90017 2.30298
-0.266 -2.81456 2.37806
-0.264 -2.72585 2.44906
-0.262 -2.63412 2.5157
-0.26 -2.53945 2.5777
-0.258 -2.44191 2.63477
-0.256 -2.34157 2.68667
-0.254 -2.23852 2.73313
-0.252 -2.1328 2.77392
-0.25 -2.02451 2.80882
-0.248 -1.91369 2.83762
-0.246 -1.80042 2.86015
-0.244 -1.68474 2.87621
-0.242 -1.56671 2.88568
-0.24 -1.44638 2.88841
-0.238 -1.32379 2.88429
-0.236 -1.19896 2.87324
-0.234 -1.07194 2.8552
-0.232 -0.942729 2.83011
-0.23 -0.811351 2.79797
-0.228 -0.677809 2.75878
-0.226 -0.542095 2.71257
-0.224 -0.404198 2.65939
-0.222 -0.264095 2.59934
-0.22 -0.121753 2.53252
-0.218 0.0228684 2.45906
-0.216 0.169821 2.37912
-0.214 0.319167 2.29289
-0.212 0.470976 2.20058
-0.21 0.62533 2.10244
-0.208 0.782319 1.99871
-0.206 0.942044 1.88969
-0.204 1.10462 1.77568
-0.202 1.27015 1.65703
-0.2 1.43879 1.53409
-0.198 1.61065 1.40724
-0.196 1.78589 1.27688
-0.194 1.96467 1.14342
-0.192 2.14713 1.00731
-0.19 2.33346 0.869003
-0.188 2.52383 0.728972
-0.186 2.71841 0.587705
-0.184 2.91739 0.445705
-0.182 3.12097 0.303485
-0.18 3.32933 0.161571
-0.178 3.54267 0.0204984
-0.176 3.7612 -0.119191
-0.174 3.98511 -0.256947
-0.172 4.2146 -0.392217
-0.17 4.44988 -0.524445
-0.168 4.69113 -0.653073
-0.166 4.93856 -0.777543
-0.164 5.19236 -0.897303
-0.162 5.45273 -1.0118
-0.16 5.71983 -1.12049
-0.158 5.99386 -1.22284
-0.156 6.27498 -1.31832
-0.154 6.56336 -1.40641
-0.152 6.85916 -1.4866
-0.15 7.16251 -1.55842
-0.148 7.47355 -1.62139
-0.146 7.79241 -1.67505
-0.144 8.11921 -1.71897
-0.142 8.45403 -1.75273
-0.14 8.79697 -1.77594
-0.138 9.14809 -1.78824
-0.136 9.50746 -1.78928
-0.134 9.87512 -1.77874
-0.132 10.2511 -1.75634
-0.13 10.6354 -1.72182
-0.128 11.028 -1.67495
-0.126 11.4289 -1.61552
-0.124 11.8381 -1.54338
-0.122 12.2554 -1.45839
-0.12 12.6809 -1.36045
-0.118 13.1143 -1.24949
-0.116 13.5557 -1.12548
-0.114 14.0049 -0.988421
-0.112 14.4616 -0.838358
-0.11 14.9258 -0.67536
-0.108 15.3972 -0.499538
-0.106 15.8757 -0.311035
-0.104 16.361 -0.110032
-0.102 16.8529 0.103255
-0.1 17.3511 0.328576
-0.098 17.8553 0.565647
-0.096 18.3652 0.814149
-0.094 18.8805 1.07373
-0.092 19.4009 1.344
-0.09 19.926 1.62455
-0.088 20.4554 1.91493
-0.086 20.9888 2.21467
-0.084 21.5257 2.52324
-0.082 22.0658 2.84013
-0.08 22.6086 3.16477
-0.078 23.1536 3.49658
-0.076 23.7005 3.83494
-0.074 24.2486 4.17923
-0.072 24.7976 4.52878
-0.07 25.347 4.88294
-0.068 25.8961 5.241
-0.066 26.4446 5.60227
-0.064 26.9918 5.96602
-0.062 27.5372 6.33153
-0.06 28.0803 6.69804
-0.058 28.6204 7.06481
-0.056 29.157 7.43107
-0.054 29.6896 7.79607
-0.052 30.2174 8.15903
-0.05 30.74 8.51918
-0.048 31.2566 8.87575
-0.046 31.7667 9.22798
-0.044 32.2696 9.5751
-0.042 32.7647 9.91636
-0.04 33.2514 10.251
-0.038 33.729 10.5783
-0.036 34.1968 10.8975
-0.034 34.6543 11.2079
-0.032 35.1007 11.5088
-0.03 35.5353 11.7995
-0.028 35.9577 12.0794
-0.026 36.367 12.3478
-0.024 36.7627 12.6041
-0.022 37.144 12.8477
-0.02 37.5104 13.078
-0.018 37.8612 13.2945
-0.016 38.1958 13.4967
-0.014 38.5135 13.6841
-0.012 38.8138 13.8562
-0.01 39.0961 14.0126
-0.008 39.3598 14.153
-0.006 39.6044 14.2769
-0.004 39.8292 14.3842
-0.002 40.0338 14.4745
0 40.2178 14.5476
0.002 40.3805 14.6032
0.004 40.5216 14.6413
0.006 40.6407 14.6617
0.008 40.7375 14.6645
0.01 40.8114 14.6495
0.012 40.8624 14.6168
0.014 40.89 14.5665
0.016 40.8941 14.4986
0.018 40.8744 14.4134
0.02 40.8308 14.3111
0.022 40.7633 14.1918
0.024 40.6716 14.0559
0.026 40.5559 13.9037
0.028 40.416 13.7355
0.03 40.2522 13.5519
0.032 40.0644 13.3531
0.034 39.8528 13.1398
0.036 39.6177 12.9124
0.038 39.3592 12.6715
0.04 39.0777 12.4177
0.042 38.7734 12.1515
0.044 38.4467 11.8737
0.046 38.0981 11.585
0.048 37.728 11.2859
0.05 37.3368 10.9773
0.052 36.9251 10.6599
0.054 36.4935 10.3345
0.056 36.0425 10.0017
0.058 35.5727 9.66254
0.06 35.0849 9.31767
0.062 34.5796 8.96794
0.064 34.0576 8.61416
0.066 33.5196 8.25717
0.068 32.9664 7.89777
0.07 32.3988 7.53679
0.072 31.8175 7.17504
0.074 31.2233 6.81334
0.076 30.6171 6.45249
0.078 29.9997 6.09326
0.08 29.3719 5.73645
0.082 28.7346 5.3828
0.084 28.0886 5.03307
0.086 27.4349 4.68797
0.088 26.7742 4.3482
0.09 26.1074 4.01444
0.092 25.4353 3.68734
0.094 24.7589 3.36753
0.096 24.0789 3.05559
0.098 23.3961 2.75209
0.1 22.7115 2.45757
0.102 22.0258 2.17251
0.104 21.3397 1.8974
0.106 20.6542 1.63266
0.108 19.9699 1.37867
0.11 19.2876 1.13581
0.112 18.608 0.904393
0.114 17.9318 0.684697
0.116 17.2598 0.47697
0.118 16.5925 0.281418
0.12 15.9306 0.09821
0.122 15.2747 -0.0725242
0.124 14.6255 -0.230693
0.126 13.9834 -0.376242
0.128 13.3491 -0.509156
0.13 12.723 -0.629454
0.132 12.1056 -0.737194
0.134 11.4975 -0.832468
0.136 10.8989 -0.915403
0.138 10.3104 -0.986162
0.14 9.73226 -1.04494
0.142 9.1649 -1.09196
0.144 8.60863 -1.12747
0.146 8.06373 -1.15177
0.148 7.53049 -1.16517
0.15 7.00914 -1.16801
0.152 6.49991 -1.16065
0.154 6.00298 -1.14347
0.156 5.51851 -1.1169
0.158 5.04666 -1.08135
0.16 4.58754 -1.03729
0.162 4.14123 -0.985158
0.164 3.7078 -0.92545
0.166 3.28731 -0.858655
0.168 2.87976 -0.785275
0.17 2.48516 -0.705825
0.172 2.1035 -0.620824
0.174 1.73472 -0.530798
0.176 1.37877 -0.436278
0.178 1.03556 -0.337796
0.18 0.705007 -0.235884
0.182 0.386982 -0.131074
0.184 0.0813559 -0.0238942
0.186 -0.212019 0.0851323
0.188 -0.493306 0.195489
0.19 -0.762684 0.306665
0.192 -1.02034 0.418163
0.194 -1.26648 0.529494
0.196 -1.50133 0.640182
0.198 -1.72509 0.749764
0.2 -1.93802 0.857794
0.202 -2.14036 0.96384
0.204 -2.33235 1.06749
0.206 -2.51426 1.16834
0.208 -2.68636 1.26603
0.21 -2.84892 1.3602
0.212 -3.00221 1.4505
0.214 -3.14653 1.53664
0.216 -3.28215 1.61832
0.218 -3.40935 1.69526
0.22 -3.52844 1.76724
0.222 -3.6397 1.83402
0.224 -3.74342 1.89541
0.226 -3.83989 1.95124
0.228 -3.92939 2.00137
0.23 -4.01222 2.04566
0.232 -4.08865 2.08402
0.234 -4.15896 2.11637
0.236 -4.22343 2.14266
0.238 -4.28233 2.16287
0.24 -4.33592 2.17699
0.242 -4.38447 2.18503
0.244 -4.42822 2.18704
0.246 -4.46742 2.18308
0.248 -4.5023 2.17322
0.25 -4.5331 2.15758
0.252 -4.56004 2.13627
0.254 -4.58332 2.10943
0.256 -4.60316 2.07722
0.258 -4.61975 2.03981
0.26 -4.63327 1.9974
0.262 -4.64389 1.95018
0.264 -4.65179 1.89838
0.266 -4.65712 1.84222
0.268 -4.66001 1.78194
0.27 -4.66062 1.7178
0.272 -4.65906 1.65006
0.274 -4.65545 1.57898
0.276 -4.6499 1.50484
0.278 -4.6425 1.42793
0.28 -4.63334 1.34852
0.282 -4.6225 1.26691
0.284 -4.61004 1.18338
0.286 -4.59604 1.09823
0.288 -4.58054 1.01175
0.29 -4.56359 0.924231
0.292 -4.54522 0.835959
0.294 -4.52547 0.74722
0.296 -4.50437 0.658295
0.298 -4.48193 0.56946
0.3 -4.45816 0.480984
0.302 -4.43308 0.393131
0.304 -4.4067 0.306154
0.306 -4.37901 0.220299
0.308 -4.35001 0.135805
0.31 -4.31969 0.052897
0.312 -4.28806 -0.0282081
0.314 -4.2551 -0.107305
0.316 -4.2208 -0.184202
0.318 -4.18515 -0.258715
0.32 -4.14814 -0.330678
0.322 -4.10977 -0.399935
0.324 -4.07002 -0.466342
0.326 -4.02889 -0.529772
0.328 -3.98637 -0.590109
0.33 -3.94245 -0.64725
0.332 -3.89713 -0.701109
0.334 -3.85042 -0.751611
0.336 -3.80232 -0.798697
0.338 -3.75284 -0.842318
0.34 -3.70197 -0.882443
0.342 -3.64975 -0.91905
0.344 -3.59619 -0.952134
0.346 -3.54131 -0.9817
0.348 -3.48513 -1.00777
0.35 -3.42769 -1.03036
0.352 -3.36902 -1.04953
0.354 -3.30916 -1.06533
0.356 -3.24815 -1.07781
0.358 -3.18604 -1.08705
0.36 -3.12287 -1.09314
0.362 -3.05871 -1.09616
0.364 -2.99361 -1.09622
0.366 -2.92764 -1.09343
0.368 -2.86085 -1.08789
0.37 -2.79332 -1.07974
0.372 -2.72513 -1.06909
0.374 -2.65633 -1.05608
0.376 -2.58702 -1.04085
0.378 -2.51726 -1.02353
0.38 -2.44715 -1.00427
0.382 -2.37676 -0.983215
0.384 -2.30619 -0.96051
0.386 -2.2355 -0.936305
0.388 -2.1648 -0.910747
0.39 -2.09417 -0.883984
0.392 -2.0237 -0.856164
0.394 -1.95347 -0.827432
0.396 -1.88357 -0.797931
0.398 -1.81409 -0.767804
0.4 -1.74511 -0.737188
0.402 -1.67672 -0.706217
0.404 -1.609 -0.675021
0.406 -1.54204 -0.643727
0.408 -1.47591 -0.612454
0.41 -1.41069 -0.581319
0.412 -1.34645 -0.550431
0.414 -1.28326 -0.519894
0.416 -1.22121 -0.489807
0.418 -1.16034 -0.46026
0.42 -1.10073 -0.431338
0.422 -1.04243 -0.40312
0.424 -0.985505 -0.375675
0.426 -0.929999 -0.349069
0.428 -0.875963 -0.323359
0.43 -0.823443 -0.298594
0.432 -0.772478 -0.274817
0.434 -0.723105 -0.252066
0.436 -0.675357 -0.230368
0.438 -0.629262 -0.209747
0.44 -0.584844 -0.190218
0.442 -0.542124 -0.17179
0.444 -0.501117 -0.154468
0.446 -0.461835 -0.138249
0.448 -0.424286 -0.123123
0.45 -0.388473 -0.109078
0.452 -0.354397 -0.0960947
0.454 -0.322053 -0.0841489
0.456 -0.291434 -0.0732128
0.458 -0.262528 -0.0632542
0.46 -0.235321 -0.0542372
0.462 -0.209794 -0.0461225
0.464 -0.185924 -0.038868
0.466 -0.163689 -0.0324289
0.468 -0.143059 -0.0267583
0.47 -0.124005 -0.0218075
0.472 -0.106493 -0.0175266
0.474 -0.0904872 -0.0138646
0.476 -0.0759504 -0.01077
0.478 -0.0628424 -0.00819114
0.48 -0.0511212 -0.0060766
0.482 -0.0407433 -0.00437549
0.484 -0.0316636 -0.00303788
0.486 -0.0238356 -0.00201514
0.488 -0.0172118 -0.00126025
0.49 -0.0117436 -0.000728098
0.492 -0.00738196 -0.00037581
0.494 -0.00407695 -0.000162994
0.496 -0.00177848 -5.20039e-05
0.498 -0.000436259 -8.16928e-06
0.05 13.6495 3.93685
0.1 13.6502 3.93683
0.15 13.6513 3.93679
0.2 13.6528 3.93674
0.25 13.6548 3.93667
0.3 13.6573 3.93659
0.35 13.6602 3.9365
0.4 13.6635 3.93639
0.45 13.6672 3.93626
0.5 13.6714 3.93612
0.55 13.676 3.93596
0.6 13.6811 3.93579
0.65 13.6866 3.9356
0.7 13.6925 3.9354
0.75 13.6989 3.93517
0.8 13.7056 3.93493
0.85 13.7128 3.93468
0.9 13.7204 3.9344
0.95 13.7284 3.93411
1 13.7369 3.9338
1.05 13.7457 3.93347
1.1 13.755 3.93312
1.15 13.7646 3.93275
1.2 13.7746 3.93236
1.25 13.7851 3.93194
1.3 13.7959 3.93151
1.35 13.8071 3.93106
1.4 13.8187 3.93058
1.45 13.8306 3.93008
1.5 13.8429 3.92955
1.55 13.8556 3.929
1.6 13.8686 3.92843
1.65 13.882 3.92783
1.7 13.8958 3.9272
1.75 13.9099 3.92654
1.8 13.9243 3.92586
1.85 13.939 3.92515
1.9 13.9541 3.92441
1.95 13.9694 3.92364
2 13.9851 3.92284
2.05 14.0011 3.92201
2.1 14.0174 3.92114
2.15 14.034 3.92024
2.2 14.0508 3.91931
2.25 14.068 3.91834
2.3 14.0854 3.91734
2.35 14.103 3.9163
2.4 14.1209 3.91522
2.45 14.1391 3.9141
2.5 14.1575 3.91294
2.55 14.1761 3.91175
2.6 14.1949 3.91051
2.65 14.214 3.90923
2.7 14.2333 3.90791
2.75 14.2527 3.90654
2.8 14.2723 3.90513
2.85 14.2922 3.90367
2.9 14.3122 3.90217
2.95 14.3323 3.90062
3 14.3526 3.89901
3.05 14.373 3.89736
3.1 14.3936 3.89566
3.15 14.4143 3.89391
3.2 14.4351 3.89211
3.25 14.4561 3.89025
3.3 14.4771 3.88833
3.35 14.4982 3.88637
3.4 14.5194 3.88434
3.45 14.5406 3.88226
3.5 14.5619 3.88012
3.55 14.5833 3.87792
3.6 14.6047 3.87566
3.65 14.6261 3.87333
3.7 14.6476 3.87095
3.75 14.6691 3.8685
3.8 14.6905 3.86599
3.85 14.712 3.86341
3.9 14.7334 3.86077
3.95 14.7548 3.85806
4 14.7762 3.85528
4.05 14.7975 3.85243
4.1 14.8187 3.84952
4.15 14.8399 3.84653
4.2 14.861 3.84347
4.25 14.882 3.84034
4.3 14.9029 3.83714
4.35 14.9237 3.83386
4.4 14.9444 3.83051
4.45 14.9649 3.82708
4.5 14.9853 3.82357
4.55 15.0056 3.81999
4.6 15.0256 3.81633
4.65 15.0455 3.81259
4.7 15.0653 3.80877
4.75 15.0848 3.80487
4.8 15.1041 3.80089
4.85 15.1233 3.79683
4.9 15.1422 3.79268
4.95 15.1608 3.78845
5 15.1792 3.78414
5.05 15.1974 3.77974
5.1 15.2153 3.77526
5.15 15.2329 3.77069
5.2 15.2503 3.76604
5.25 15.2674 3.7613
5.3 15.2841 3.75647
5.35 15.3005 3.75156
5.4 15.3167 3.74655
5.45 15.3325 3.74146
5.5 15.3479 3.73628
5.55 15.363 3.73101
5.6 15.3778 3.72565
5.65 15.3921 3.7202
5.7 15.4061 3.71466
5.75 15.4197 3.70902
5.8 15.4329 3.7033
5.85 15.4458 3.69748
5.9 15.4582 3.69158
5.95 15.4701 3.68558
6 15.4817 3.67949
6.05 15.4928 3.67331
6.1 15.5034 3.66703
6.15 15.5136 3.66067
6.2 15.5234 3.65421
6.25 15.5326 3.64765
6.3 15.5414 3.64101
6.35 15.5497 3.63427
6.4 15.5575 3.62745
6.45 15.5648 3.62053
6.5 15.5716 3.61351
6.55 15.5779 3.60641
6.6 15.5836 3.59921
6.65 15.5888 3.59193
6.7 15.5935 3.58455
6.75 15.5976 3.57708
6.8 15.6012 3.56952
6.85 15.6042 3.56187
6.9 15.6066 3.55413
6.95 15.6085 3.5463
7 15.6098 3.53838
7.05 15.6105 3.53038
7.1 15.6106 3.52228
7.15 15.6101 3.5141
7.2 15.609 3.50583
7.25 15.6073 3.49748
7.3 15.605 3.48904
7.35 15.6021 3.48052
7.4 15.5985 3.47191
7.45 15.5943 3.46322
7.5 15.5895 3.45444
7.55 15.5841 3.44559
7.6 15.578 3.43665
7.65 15.5712 3.42764
7.7 15.5638 3.41854
7.75 15.5558 3.40937
7.8 15.547 3.40012
7.85 15.5377 3.39079
7.9 15.5276 3.38139
7.95 15.5169 3.37192
8 15.5056 3.36237
8.05 15.4935 3.35275
8.1 15.4808 3.34306
8.15 15.4674 3.3333
8.2 15.4533 3.32347
8.25 15.4385 3.31358
8.3 15.423 3.30362
8.35 15.4069 3.2936
8.4 15.39 3.28351
8.45 15.3725 3.27337
8.5 15.3542 3.26316
8.55 15.3353 3.2529
8.6 15.3157 3.24257
8.65 15.2954 3.2322
8.7 15.2743 3.22176
8.75 15.2526 3.21128
8.8 15.2302 3.20075
8.85 15.2071 3.19016
8.9 15.1833 3.17953
8.95 15.1588 3.16886
9 15.1336 3.15814
9.05 15.1077 3.14738
9.1 15.0811 3.13657
9.15 15.0538 3.12573
9.2 15.0258 3.11486
9.25 14.9971 3.10394
9.3 14.9677 3.093
9.35 14.9376 3.08202
9.4 14.9069 3.07101
9.45 14.8754 3.05998
9.5 14.8433 3.04892
9.55 14.8105 3.03784
9.6 14.777 3.02673
9.65 14.7428 3.01561
9.7 14.708 3.00446
9.75 14.6725 2.99331
9.8 14.6363 2.98214
9.85 14.5994 2.97096
9.9 14.5619 2.95976
9.95 14.5237 2.94857
10 14.4849 2.93736
10.05 14.4454 2.92616
10.1 14.4053 2.91495
10.15 14.3645 2.90375
10.2 14.3231 2.89255
10.25 14.281 2.88135
10.3 14.2384 2.87016
10.35 14.195 2.85899
10.4 14.1511 2.84782
10.45 14.1066 2.83667
10.5 14.0614 2.82554
10.55 14.0157 2.81443
10.6 13.9693 2.80334
10.65 13.9224 2.79227
10.7 13.8748 2.78123
10.75 13.8267 2.77022
10.8 13.778 2.75924
10.85 13.7287 2.74829
10.9 13.6789 2.73738
10.95 13.6285 2.7265
11 13.5775 2.71566
11.05 13.526 2.70487
11.1 13.474 2.69412
11.15 13.4215 2.68342
11.2 13.3684 2.67277
11.25 13.3148 2.66216
11.3 13.2606 2.65162
11.35 13.206 2.64112
11.4 13.1509 2.63069
11.45 13.0953 2.62032
11.5 13.0392 2.61001
11.55 12.9827 2.59976
11.6 12.9256 2.58958
11.65 12.8682 2.57948
11.7 12.8102 2.56944
11.75 12.7519 2.55948
11.8 12.693 2.54959
11.85 12.6338 2.53978
11.9 12.5742 2.53006
11.95 12.5141 2.52041
12 12.4536 2.51085
12.05 12.3928 2.50138
12.1 12.3315 2.492
12.15 12.2699 2.48271
12.2 12.208 2.47351
12.25 12.1456 2.46441
12.3 12.0829 2.4554
12.35 12.0199 2.4465
12.4 11.9566 2.4377
12.45 11.8929 2.429
12.5 11.8289 2.4204
12.55 11.7646 2.41192
12.6 11.7 2.40354
12.65 11.6351 2.39527
12.7 11.57 2.38712
12.75 11.5046 2.37909
12.8 11.4389 2.37117
12.85 11.3729 2.36337
12.9 11.3068 2.35569
12.95 11.2404 2.34813
13 11.1738 2.3407
13.05 11.1069 2.33339
13.1 11.0399 2.32621
13.15 10.9727 2.31916
13.2 10.9053 2.31224
13.25 10.8377 2.30545
13.3 10.7699 2.2988
13.35 10.702 2.29228
13.4 10.634 2.2859
13.45 10.5658 2.27965
13.5 10.4975 2.27355
13.55 10.429 2.26759
13.6 10.3605 2.26177
13.65 10.2918 2.25609
13.7 10.2231 2.25056
13.75 10.1543 2.24518
13.8 10.0854 2.23994
13.85 10.0165 2.23485
13.9 9.94747 2.22991
13.95 9.87843 2.22512
14 9.80935 2.22048
14.05 9.74025 2.216
14.1 9.67113 2.21167
14.15 9.602 2.20749
14.2 9.53288 2.20347
14.25 9.46377 2.1996
14.3 9.39468 2.1959
14.35 9.32561 2.19235
14.4 9.25659 2.18895
14.45 9.18761 2.18572
14.5 9.11868 2.18265
14.55 9.04982 2.17973
14.6 8.98103 2.17698
14.65 8.91233 2.17439
14.7 8.84371 2.17196
14.75 8.77519 2.16969
14.8 8.70678 2.16759
14.85 8.63848 2.16565
14.9 8.5703 2.16387
14.95 8.50226 2.16225
15 8.43435 2.1608
15.05 8.3666 2.15951
15.1 8.29899 2.15838
15.15 8.23155 2.15742
15.2 8.16428 2.15662
15.25 8.09719 2.15598
15.3 8.03029 2.15551
15.35 7.96358 2.1552
15.4 7.89707 2.15505
15.45 7.83076 2.15507
15.5 7.76468 2.15524
15.55 7.69881 2.15558
15.6 7.63318 2.15608
15.65 7.56778 2.15674
15.7 7.50262 2.15756
15.75 7.43772 2.15855
15.8 7.37307 2.15969
15.85 7.30869 2.16098
15.9 7.24457 2.16244
15.95 7.18073 2.16405
16 7.11718 2.16582
16.05 7.05391 2.16775
16.1 6.99094 2.16983
16.15 6.92826 2.17206
16.2 6.8659 2.17445
16.25 6.80384 2.17699
16.3 6.74211 2.17967
16.35 6.68069 2.18251
16.4 6.61961 2.1855
16.45 6.55885 2.18863
16.5 6.49844 2.19191
16.55 6.43837 2.19533
16.6 6.37865 2.1989
16.65 6.31928 2.20261
16.7 6.26027 2.20646
16.75 6.20163 2.21044
16.8 6.14334 2.21457
16.85 6.08544 2.21883
16.9 6.0279 2.22322
16.95 5.97075 2.22775
17 5.91398 2.2324
17.05 5.85759 2.23719
17.1 5.8016 2.24211
17.15 5.746 2.24714
17.2 5.6908 2.25231
17.25 5.636 2.25759
17.3 5.58161 2.263
17.35 5.52762 2.26852
17.4 5.47404 2.27416
17.45 5.42088 2.27991
17.5 5.36813 2.28577
17.55 5.31581 2.29175
17.6 5.2639 2.29783
17.65 5.21242 2.30401
17.7 5.16136 2.3103
17.75 5.11073 2.31669
17.8 5.06053 2.32318
17.85 5.01076 2.32976
17.9 4.96142 2.33644
17.95 4.91252 2.34321
18 4.86406 2.35007
18.05 4.81604 2.35702
18.1 4.76845 2.36405
18.15 4.7213 2.37116
18.2 4.6746 2.37835
18.25 4.62834 2.38562
18.3 4.58252 2.39296
18.35 4.53715 2.40037
18.4 4.49222 2.40785
18.45 4.44773 2.4154
18.5 4.40369 2.42301
18.55 4.3601 2.43068
18.6 4.31695 2.43841
18.65 4.27425 2.4462
18.7 4.23199 2.45403
18.75 4.19018 2.46192
18.8 4.14882 2.46986
18.85 4.1079 2.47783
18.9 4.06742 2.48585
18.95 4.02739 2.49391
19 3.9878 2.50201
19.05 3.94865 2.51013
19.1 3.90994 2.51829
19.15 3.87168 2.52647
19.2 3.83385 2.53468
19.25 3.79646 2.54291
19.3 3.75951 2.55115
19.35 3.72299 2.55942
19.4 3.6869 2.56769
19.45 3.65125 2.57597
19.5 3.61603 2.58426
19.55 3.58124 2.59255
19.6 3.54687 2.60085
19.65 3.51293 2.60914
19.7 3.47941 2.61742
19.75 3.44631 2.6257
19.8 3.41363 2.63396
19.85 3.38136 2.64221
19.9 3.34951 2.65045
19.95 3.31807 2.65866
20 3.28704 2.66684
20.05 3.25642 2.67501
20.1 3.2262 2.68314
20.15 3.19638 2.69124
20.2 3.16696 2.6993
20.25 3.13793 2.70732
20.3 3.1093 2.71531
20.35 3.08105 2.72325
20.4 3.05319 2.73114
20.45 3.02571 2.73898
20.5 2.99862 2.74677
20.55 2.9719 2.7545
20.6 2.94555 2.76217
20.65 2.91957 2.76978
20.7 2.89396 2.77732
20.75 2.86871 2.7848
20.8 2.84383 2.79221
20.85 2.81929 2.79954
20.9 2.79511 2.8068
20.95 2.77128 2.81397
21 2.74779 2.82107
21.05 2.72465 2.82808
21.1 2.70184 2.83501
21.15 2.67936 2.84184
21.2 2.65722 2.84858
21.25 2.6354 2.85522
21.3 2.6139 2.86177
21.35 2.59272 2.86822
21.4 2.57185 2.87456
21.45 2.55129 2.8808
21.5 2.53104 2.88692
21.55 2.51109 2.89294
21.6 2.49144 2.89884
21.65 2.47208 2.90463
21.7 2.45301 2.9103
21.75 2.43422 2.91585
21.8 2.41572 2.92127
21.85 2.39749 2.92657
21.9 2.37953 2.93174
21.95 2.36184 2.93678
22 2.34442 2.94168
22.05 2.32726 2.94646
22.1 2.31035 2.95109
22.15 2.29369 2.95559
22.2 2.27728 2.95994
22.25 2.26111 2.96415
22.3 2.24518 2.96822
22.35 2.22948 2.97214
22.4 2.21401 2.97591
22.45 2.19877 2.97952
22.5 2.18375 2.98299
22.55 2.16895 2.98629
22.6 2.15436 2.98945
22.65 2.13997 2.99244
22.7 2.12579 2.99527
22.75 2.11181 2.99794
22.8 2.09803 3.00045
22.85 2.08444 3.00279
22.9 2.07103 3.00496
22.95 2.05781 3.00696
23 2.04477 3.0088
23.05 2.0319 3.01046
23.1 2.01921 3.01195
23.15 2.00667 3.01326
23.2 1.99431 3.0144
23.25 1.9821 3.01536
23.3 1.97004 3.01615
23.35 1.95814 3.01675
23.4 1.94638 3.01718
23.45 1.93476 3.01742
23.5 1.92329 3.01748
23.55 1.91194 3.01735
23.6 1.90073 3.01704
23.65 1.88965 3.01655
23.7 1.87869 3.01587
23.75 1.86785 3.015
23.8 1.85712 3.01394
23.85 1.84651 3.01269
23.9 1.836 3.01126
23.95 1.8256 3.00963
24 1.81531 3.00782
24.05 1.80511 3.00581
24.1 1.795 3.00361
24.15 1.78499 3.00122
24.2 1.77506 2.99863
24.25 1.76522 2.99586
24.3 1.75546 2.99289
24.35 1.74578 2.98972
24.4 1.73617 2.98636
24.45 1.72663 2.98281
24.5 1.71716 2.97907
24.55 1.70776 2.97513
24.6 1.69842 2.97099
24.65 1.68914 2.96666
24.7 1.67991 2.96214
24.75 1.67074 2.95743
24.8 1.66162 2.95252
24.85 1.65254 2.94742
24.9 1.64352 2.94212
24.95 1.63453 2.93663
25 1.62559 2.93095
25.05 1.61668 2.92508
25.1 1.60781 2.91901
25.15 1.59897 2.91276
25.2 1.59016 2.90631
25.25 1.58138 2.89967
25.3 1.57262 2.89285
25.35 1.56389 2.88583
25.4 1.55517 2.87863
25.45 1.54648 2.87124
25.5 1.5378 2.86366
25.55 1.52914 2.8559
25.6 1.52049 2.84796
25.65 1.51186 2.83983
25.7 1.50323 2.83151
25.75 1.49461 2.82302
25.8 1.48599 2.81435
25.85 1.47738 2.80549
25.9 1.46877 2.79646
25.95 1.46017 2.78725
26 1.45156 2.77786
26.05 1.44295 2.7683
26.1 1.43433 2.75857
26.15 1.42571 2.74867
26.2 1.41709 2.73859
26.25 1.40845 2.72834
26.3 1.39981 2.71793
26.35 1.39116 2.70735
26.4 1.3825 2.69661
26.45 1.37382 2.6857
26.5 1.36513 2.67463
26.55 1.35643 2.66341
26.6 1.34771 2.65202
26.65 1.33898 2.64048
26.7 1.33023 2.62878
26.75 1.32147 2.61693
26.8 1.31269 2.60493
26.85 1.30388 2.59278
26.9 1.29506 2.58048
26.95 1.28622 2.56804
27 1.27736 2.55545
27.05 1.26848 2.54272
27.1 1.25958 2.52985
27.15 1.25066 2.51685
27.2 1.24172 2.5037
27.25 1.23275 2.49043
27.3 1.22377 2.47702
27.35 1.21476 2.46349
27.4 1.20573 2.44982
27.45 1.19668 2.43604
27.5 1.1876 2.42213
27.55 1.1785 2.40809
27.6 1.16939 2.39394
27.65 1.16025 2.37968
27.7 1.15108 2.3653
27.75 1.1419 2.35081
27.8 1.1327 2.33621
27.85 1.12347 2.3215
27.9 1.11422 2.30669
27.95 1.10496 2.29177
28 1.09567 2.27676
28.05 1.08636 2.26165
28.1 1.07704 2.24644
28.15 1.0677 2.23114
28.2 1.05833 2.21575
28.25 1.04896 2.20027
28.3 1.03956 2.18471
28.35 1.03015 2.16907
28.4 1.02072 2.15334
28.45 1.01128 2.13754
28.5 1.00182 2.12166
28.55 0.99235 2.10571
28.6 0.982867 2.08969
28.65 0.973372 2.0736
28.7 0.963867 2.05745
28.75 0.95435 2.04123
28.8 0.944825 2.02495
28.85 0.935291 2.00862
28.9 0.92575 1.99223
28.95 0.916202 1.97579
29 0.906648 1.9593
29.05 0.89709 1.94276
29.1 0.887528 1.92618
29.15 0.877963 1.90955
29.2 0.868397 1.89289
29.25 0.85883 1.87619
29.3 0.849264 1.85945
29.35 0.8397 1.84268
29.4 0.830138 1.82588
29.45 0.82058 1.80906
29.5 0.811027 1.79221
29.55 0.80148 1.77534
29.6 0.79194 1.75845
29.65 0.782409 1.74155
29.7 0.772887 1.72462
29.75 0.763377 1.70769
29.8 0.753878 1.69075
29.85 0.744392 1.6738
29.9 0.734921 1.65685
29.95 0.725465 1.6399
30 0.716026 1.62295
30.05 0.706605 1.606
30.1 0.697203 1.58905
30.15 0.687822 1.57212
30.2 0.678462 1.55519
30.25 0.669126 1.53828
30.3 0.659813 1.52138
30.35 0.650526 1.5045
30.4 0.641265 1.48764
30.45 0.632033 1.47081
30.5 0.622829 1.454
30.55 0.613656 1.43721
30.6 0.604514 1.42045
30.65 0.595405 1.40373
30.7 0.58633 1.38704
30.75 0.57729 1.37038
30.8 0.568286 1.35377
30.85 0.55932 1.33719
30.9 0.550393 1.32066
30.95 0.541506 1.30417
31 0.532659 1.28773
31.05 0.523855 1.27134
31.1 0.515094 1.25499
31.15 0.506378 1.23871
31.2 0.497708 1.22247
31.25 0.489084 1.2063
31.3 0.480508 1.19018
31.35 0.471982 1.17412
31.4 0.463505 1.15813
31.45 0.455079 1.1422
31.5 0.446706 1.12634
31.55 0.438386 1.11055
31.6 0.43012 1.09482
31.65 0.421909 1.07917
31.7 0.413755 1.0636
31.75 0.405658 1.0481
31.8 0.397619 1.03268
31.85 0.38964 1.01733
31.9 0.38172 1.00207
31.95 0.373862 0.986893
32 0.366065 0.971798
32.05 0.358331 0.956789
32.1 0.350661 0.941867
32.15 0.343055 0.927034
32.2 0.335515 0.912291
32.25 0.32804 0.89764
32.3 0.320633 0.883083
32.35 0.313293 0.86862
32.4 0.306021 0.854253
32.45 0.298819 0.839984
32.5 0.291686 0.825813
32.55 0.284624 0.811743
32.6 0.277633 0.797773
32.65 0.270713 0.783906
32.7 0.263866 0.770143
32.75 0.257092 0.756485
32.8 0.250391 0.742932
32.85 0.243764 0.729487
32.9 0.237212 0.71615
32.95 0.230735 0.702921
33 0.224333 0.689803
33.05 0.218007 0.676797
33.1 0.211758 0.663902
33.15 0.205585 0.65112
33.2 0.19949 0.638452
33.25 0.193472 0.625898
33.3 0.187532 0.61346
33.35 0.18167 0.601138
33.4 0.175887 0.588934
33.45 0.170182 0.576847
33.5 0.164556 0.564878
33.55 0.15901 0.553028
33.6 0.153543 0.541298
33.65 0.148155 0.529689
33.7 0.142848 0.5182
33.75 0.13762 0.506832
33.8 0.132471 0.495586
33.85 0.127403 0.484463
33.9 0.122415 0.473462
33.95 0.117508 0.462584
34 0.11268 0.45183
34.05 0.107932 0.441199
34.1 0.103265 0.430693
34.15 0.0986771 0.420311
34.2 0.0941695 0.410053
34.25 0.0897417 0.399921
34.3 0.0853937 0.389913
34.35 0.0811252 0.380031
34.4 0.0769362 0.370274
34.45 0.0728264 0.360642
34.5 0.0687956 0.351136
34.55 0.0648436 0.341756
34.6 0.0609702 0.332501
34.65 0.0571751 0.323371
34.7 0.0534579 0.314367
34.75 0.0498185 0.305488
34.8 0.0462564 0.296735
34.85 0.0427713 0.288107
34.9 0.0393629 0.279604
34.95 0.0360308 0.271225
35 0.0327745 0.262972
35.05 0.0295936 0.254842
35.1 0.0264878 0.246837
35.15 0.0234565 0.238956
35.2 0.0204993 0.231198
35.25 0.0176157 0.223563
35.3 0.0148051 0.216052
35.35 0.0120671 0.208662
35.4 0.00940113 0.201395
35.45 0.0068066 0.19425
35.5 0.00428295 0.187225
35.55 0.00182961 0.180321
35.6 -0.000554036 0.173538
35.65 -0.0028686 0.166874
35.7 -0.0051147 0.160329
35.75 -0.00729299 0.153903
35.8 -0.00940412 0.147594
35.85 -0.0114488 0.141403
35.9 -0.0134276 0.135329
35.95 -0.0153413 0.129371
36 -0.0171906 0.123528
36.05 -0.0189763 0.1178
36.1 -0.0206989 0.112186
36.15 -0.0223594 0.106685
36.2 -0.0239583 0.101296
36.25 -0.0254965 0.0960197
36.3 -0.0269748 0.090854
36.35 -0.0283939 0.0857986
36.4 -0.0297547 0.0808524
36.45 -0.0310578 0.0760149
36.5 -0.0323042 0.071285
36.55 -0.0334945 0.0666619
36.6 -0.0346297 0.0621447
36.65 -0.0357106 0.0577327
36.7 -0.036738 0.0534247
36.75 -0.0377126 0.04922
36.8 -0.0386355 0.0451176
36.85 -0.0395074 0.0411165
36.9 -0.0403291 0.0372158
36.95 -0.0411016 0.0334145
37 -0.0418257 0.0297117
37.05 -0.0425022 0.0261063
37.1 -0.0431321 0.0225973
37.15 -0.0437162 0.0191838
37.2 -0.0442553 0.0158646
37.25 -0.0447504 0.0126388
37.3 -0.0452023 0.00950526
37.35 -0.0456119 0.006463
37.4 -0.0459801 0.00351093
37.45 -0.0463078 0.000647981
37.5 -0.0465958 -0.00212693
37.55 -0.0468451 -0.00481488
37.6 -0.0470565 -0.00741698
37.65 -0.0472309 -0.00993431
37.7 -0.0473691 -0.012368
37.75 -0.0474722 -0.0147191
37.8 -0.0475408 -0.0169888
37.85 -0.047576 -0.0191782
37.9 -0.0475786 -0.0212885
37.95 -0.0475495 -0.0233206
38 -0.0474894 -0.0252759
38.05 -0.0473994 -0.0271554
38.1 -0.0472803 -0.0289602
38.15 -0.0471328 -0.0306916
38.2 -0.0469579 -0.0323506
38.25 -0.0467565 -0.0339384
38.3 -0.0465293 -0.0354562
38.35 -0.0462772 -0.0369051
38.4 -0.0460011 -0.0382862
38.45 -0.0457017 -0.0396007
38.5 -0.0453799 -0.0408498
38.55 -0.0450366 -0.0420346
38.6 -0.0446724 -0.0431563
38.65 -0.0442883 -0.0442159
38.7 -0.043885 -0.0452147
38.75 -0.0434633 -0.0461539
38.8 -0.0430241 -0.0470344
38.85 -0.0425679 -0.0478576
38.9 -0.0420958 -0.0486245
38.95 -0.0416083 -0.0493363
39 -0.0411063 -0.0499941
39.05 -0.0405904 -0.050599
39.1 -0.0400615 -0.0511522
39.15 -0.0395202 -0.0516547
39.2 -0.0389673 -0.0521078
39.25 -0.0384035 -0.0525125
39.3 -0.0378294 -0.0528699
39.35 -0.0372458 -0.0531812
39.4 -0.0366534 -0.0534474
39.45 -0.0360527 -0.0536696
39.5 -0.0354445 -0.0538489
39.55 -0.0348295 -0.0539864
39.6 -0.0342081 -0.0540831
39.65 -0.0335812 -0.0541402
39.7 -0.0329492 -0.0541586
39.75 -0.0323128 -0.0541395
39.8 -0.0316727 -0.0540839
39.85 -0.0310293 -0.0539928
39.9 -0.0303833 -0.0538672
39.95 -0.0297351 -0.0537082
40 -0.0290855 -0.0535167
40.05 -0.0284348 -0.0532938
40.1 -0.0277837 -0.0530405
40.15 -0.0271326 -0.0527578
40.2 -0.0264821 -0.0524465
40.25 -0.0258326 -0.0521078
40.3 -0.0251847 -0.0517425
40.35 -0.0245387 -0.0513516
40.4 -0.0238953 -0.050936
40.45 -0.0232547 -0.0504967
40.5 -0.0226174 -0.0500345
40.55 -0.021984 -0.0495505
40.6 -0.0213547 -0.0490453
40.65 -0.0207299 -0.0485201
40.7 -0.0201102 -0.0479755
40.75 -0.0194957 -0.0474126
40.8 -0.018887 -0.0468321
40.85 -0.0182843 -0.0462348
40.9 -0.0176881 -0.0456217
40.95 -0.0170985 -0.0449934
41 -0.016516 -0.0443509
41.05 -0.0159408 -0.0436949
41.1 -0.0153733 -0.0430262
41.15 -0.0148137 -0.0423455
41.2 -0.0142623 -0.0416537
41.25 -0.0137194 -0.0409514
41.3 -0.0131851 -0.0402394
41.35 -0.0126598 -0.0395184
41.4 -0.0121436 -0.0387892
41.45 -0.0116368 -0.0380523
41.5 -0.0111396 -0.0373085
41.55 -0.0106522 -0.0365585
41.6 -0.0101747 -0.035803
41.65 -0.00970731 -0.0350425
41.7 -0.00925022 -0.0342777
41.75 -0.00880355 -0.0335092
41.8 -0.00836744 -0.0327376
41.85 -0.00794202 -0.0319636
41.9 -0.00752741 -0.0311876
41.95 -0.00712371 -0.0304103
42 -0.00673102 -0.0296323
42.05 -0.00634942 -0.028854
42.1 -0.005979 -0.028076
42.15 -0.00561982 -0.0272989
42.2 -0.00527193 -0.0265231
42.25 -0.00493539 -0.0257491
42.3 -0.00461023 -0.0249773
42.35 -0.00429647 -0.0242084
42.4 -0.00399415 -0.0234427
42.45 -0.00370327 -0.0226806
42.5 -0.00342384 -0.0219227
42.55 -0.00315584 -0.0211692
42.6 -0.00289927 -0.0204207
42.65 -0.0026541 -0.0196775
42.7 -0.0024203 -0.0189399
42.75 -0.00219783 -0.0182085
42.8 -0.00198664 -0.0174834
42.85 -0.00178669 -0.0167652
42.9 -0.0015979 -0.016054
42.95 -0.00142021 -0.0153502
43 -0.00125354 -0.0146542
43.05 -0.00109781 -0.0139662
43.1 -0.000952935 -0.0132865
43.15 -0.000818811 -0.0126154
43.2 -0.000695338 -0.0119531
43.25 -0.000582406 -0.0113
43.3 -0.000479901 -0.0106562
43.35 -0.000387701 -0.0100219
43.4 -0.00030568 -0.00939747
43.45 -0.000233706 -0.00878301
43.5 -0.00017164 -0.00817875
43.55 -0.000119342 -0.00758487
43.6 -7.66622e-05 -0.00700154
43.65 -4.34492e-05 -0.00642893
43.7 -1.95459e-05 -0.0058672
43.75 -4.79086e-06 -0.00531649
43.8 9.8142e-07 -0.00477693
43.85 -2.05938e-06 -0.00424864
43.9 -1.37398e-05 -0.00373175
43.95 -3.38826e-05 -0.00322636
44 -6.23071e-05 -0.00273257
44.05 -9.88293e-05 -0.00225045
44.1 -0.000143262 -0.00178009
44.15 -0.000195415 -0.00132156
44.2 -0.000255096 -0.000874904
44.25 -0.000322109 -0.000440187
44.3 -0.000396256 -1.74447e-05
44.35 -0.000477337 0.000393289
44.4 -0.00056515 0.00079199
44.45 -0.00065949 0.00117864
44.5 -0.000760152 0.00155323
44.55 -0.000866928 0.00191577
44.6 -0.00097961 0.00226625
44.65 -0.00109799 0.0026047
44.7 -0.00122185 0.00293114
44.75 -0.00135098 0.00324559
44.8 -0.00148517 0.00354809
44.85 -0.00162421 0.00383869
44.9 -0.00176788 0.00411744
44.95 -0.00191597 0.00438438
45 -0.00206826 0.0046396
45.05 -0.00222454 0.00488315
45.1 -0.00238459 0.00511512
45.15 -0.00254821 0.00533558
45.2 -0.00271518 0.00554462
45.25 -0.00288528 0.00574234
45.3 -0.00305831 0.00592884
45.35 -0.00323405 0.00610421
45.4 -0.0034123 0.00626858
45.45 -0.00359284 0.00642204
45.5 -0.00377547 0.00656473
45.55 -0.00395998 0.00669677
45.6 -0.00414616 0.00681828
45.65 -0.00433383 0.0069294
45.7 -0.00452276 0.00703026
45.75 -0.00471277 0.00712101
45.8 -0.00490366 0.0072018
45.85 -0.00509524 0.00727276
45.9 -0.0052873 0.00733406
45.95 -0.00547966 0.00738584
46 -0.00567214 0.00742828
46.05 -0.00586454 0.00746152
46.1 -0.00605669 0.00748574
46.15 -0.0062484 0.0075011
46.2 -0.0064395 0.00750778
46.25 -0.00662981 0.00750595
46.3 -0.00681916 0.00749577
46.35 -0.00700739 0.00747744
46.4 -0.00719433 0.00745113
46.45 -0.00737982 0.00741702
46.5 -0.00756369 0.0073753
46.55 -0.0077458 0.00732615
46.6 -0.00792599 0.00726976
46.65 -0.00810412 0.00720631
46.7 -0.00828004 0.00713599
46.75 -0.0084536 0.00705901
46.8 -0.00862468 0.00697553
46.85 -0.00879314 0.00688577
46.9 -0.00895884 0.00678991
46.95 -0.00912167 0.00668815
47 -0.0092815 0.00658067
47.05 -0.00943821 0.00646767
47.1 -0.00959168 0.00634936
47.15 -0.00974182 0.00622591
47.2 -0.00988851 0.00609753
47.25 -0.0100316 0.00596441
47.3 -0.0101711 0.00582674
47.35 -0.0103069 0.00568472
47.4 -0.0104388 0.00553854
47.45 -0.0105668 0.00538839
47.5 -0.0106908 0.00523447
47.55 -0.0108107 0.00507696
47.6 -0.0109264 0.00491606
47.65 -0.011038 0.00475195
47.7 -0.0111452 0.00458482
47.75 -0.0112481 0.00441486
47.8 -0.0113466 0.00424224
47.85 -0.0114406 0.00406717
47.9 -0.0115301 0.00388981
47.95 -0.011615 0.00371036
48 -0.0116954 0.00352898
48.05 -0.0117711 0.00334585
48.1 -0.0118422 0.00316116
48.15 -0.0119085 0.00297507
48.2 -0.0119701 0.00278775
48.25 -0.012027 0.00259938
48.3 -0.0120792 0.00241012
48.35 -0.0121265 0.00222014
48.4 -0.0121691 0.00202959
48.45 -0.0122068 0.00183865
48.5 -0.0122398 0.00164746
48.55 -0.012268 0.00145619
48.6 -0.0122914 0.00126498
48.65 -0.01231 0.00107398
48.7 -0.0123239 0.000883355
48.75 -0.012333 0.000693236
48.8 -0.0123374 0.000503768
48.85 -0.012337 0.000315092
48.9 -0.012332 0.000127344
48.95 -0.0123223 -5.93418e-05
49 -0.012308 -0.000244835
49.05 -0.0122892 -0.000429006
49.1 -0.0122658 -0.000611731
49.15 -0.0122378 -0.000792887
49.2 -0.0122054 -0.000972355
49.25 -0.0121686 -0.00115002
49.3 -0.0121275 -0.00132577
49.35 -0.012082 -0.00149949
49.4 -0.0120323 -0.00167107
49.45 -0.0119784 -0.00184042
49.5 -0.0119204 -0.00200743
49.55 -0.0118582 -0.00217201
49.6 -0.0117921 -0.00233405
49.65 -0.0117221 -0.00249347
49.7 -0.0116482 -0.00265019
49.75 -0.0115705 -0.00280411
49.8 -0.0114891 -0.00295516
49.85 -0.0114041 -0.00310326
49.9 -0.0113155 -0.00324832
49.95 -0.0112234 -0.00339029
50 -0.0111279 -0.0035291
