-0.498 -0.000466758 -0.000168021
-0.496 -0.0018749 -0.000676678
-0.494 -0.00423548 -0.00153229
-0.492 -0.00755855 -0.00274037
-0.49 -0.011853 -0.00430555
-0.488 -0.0171267 -0.00623154
-0.486 -0.0233862 -0.00852108
-0.484 -0.0306366 -0.0111759
-0.482 -0.0388819 -0.0141965
-0.48 -0.0481246 -0.0175826
-0.478 -0.0583657 -0.0213325
-0.476 -0.0696046 -0.0254432
-0.474 -0.0818393 -0.0299109
-0.472 -0.095066 -0.0347301
-0.47 -0.109279 -0.0398944
-0.468 -0.124472 -0.0453958
-0.466 -0.140635 -0.0512252
-0.464 -0.157759 -0.0573722
-0.462 -0.175829 -0.0638248
-0.46 -0.194832 -0.0705701
-0.458 -0.214753 -0.0775936
-0.456 -0.235571 -0.0848796
-0.454 -0.257268 -0.092411
-0.452 -0.279821 -0.100169
-0.45 -0.303206 -0.108136
-0.448 -0.327398 -0.116289
-0.446 -0.352368 -0.124606
-0.444 -0.378086 -0.133066
-0.442 -0.404522 -0.141643
-0.44 -0.43164 -0.150313
-0.438 -0.459406 -0.159048
-0.436 -0.487782 -0.167822
-0.434 -0.516728 -0.176606
-0.432 -0.546205 -0.185371
-0.43 -0.576168 -0.194088
-0.428 -0.606573 -0.202726
-0.426 -0.637374 -0.211254
-0.424 -0.668524 -0.21964
-0.422 -0.699972 -0.227851
-0.42 -0.731668 -0.235856
-0.418 -0.76356 -0.24362
-0.416 -0.795593 -0.251111
-0.414 -0.827713 -0.258296
-0.412 -0.859864 -0.26514
-0.41 -0.891989 -0.271611
-0.408 -0.924029 -0.277675
-0.406 -0.955925 -0.283299
-0.404 -0.987617 -0.288451
-0.402 -1.01904 -0.293097
-0.4 -1.05014 -0.297207
-0.398 -1.08086 -0.300748
-0.396 -1.11112 -0.303691
-0.394 -1.14087 -0.306005
-0.392 -1.17004 -0.307662
-0.39 -1.19858 -0.308633
-0.388 -1.22641 -0.308893
-0.386 -1.25348 -0.308415
-0.384 -1.27972 -0.307175
-0.382 -1.30507 -0.30515
-0.38 -1.32947 -0.302318
-0.378 -1.35286 -0.29866
-0.376 -1.37518 -0.294157
-0.374 -1.39636 -0.288792
-0.372 -1.41635 -0.28255
-0.37 -1.4351 -0.275417
-0.368 -1.45254 -0.267384
-0.366 -1.46861 -0.258439
-0.364 -1.48328 -0.248575
-0.362 -1.49647 -0.237787
-0.36 -1.50815 -0.226072
-0.358 -1.51827 -0.213428
-0.356 -1.52676 -0.199856
-0.354 -1.5336 -0.185359
-0.352 -1.53874 -0.169942
-0.35 -1.54213 -0.153612
-0.348 -1.54373 -0.136378
-0.346 -1.54351 -0.118252
-0.344 -1.54144 -0.0992482
-0.342 -1.53747 -0.0793815
-0.34 -1.53158 -0.0586699
-0.338 -1.52373 -0.0371334
-0.336 -1.51391 -0.0147939
-0.334 -1.50209 0.00832499
-0.332 -1.48825 0.0321975
-0.33 -1.47236 0.0567961
-0.328 -1.45441 0.0820917
-0.326 -1.43439 0.108053
-0.324 -1.41228 0.134649
-0.322 -1.38807 0.161844
-0.32 -1.36176 0.189604
-0.318 -1.33334 0.217892
-0.316 -1.3028 0.246671
-0.314 -1.27015 0.275903
-0.312 -1.23538 0.305547
-0.31 -1.1985 0.335564
-0.308 -1.15951 0.365913
-0.306 -1.11842 0.396553
-0.304 -1.07523 0.427443
-0.302 -1.02995 0.458542
-0.3 -0.982602 0.489806
-0.298 -0.933186 0.521197
-0.296 -0.881718 0.552671
-0.294 -0.828213 0.58419
-0.292 -0.772684 0.615713
-0.29 -0.715148 0.647202
-0.288 -0.65562 0.678618
-0.286 -0.594117 0.709924
-0.284 -0.530655 0.741086
-0.282 -0.465252 0.772069
-0.28 -0.397925 0.80284
-0.278 -0.32869 0.83337
-0.276 -0.257564 0.863629
-0.274 -0.184563 0.893591
-0.272 -0.109702 0.923231
-0.27 -0.0329965 0.952528
-0.268 0.0455396 0.981461
-0.266 0.125893 1.01001
-0.264 0.208053 1.03817
-0.262 0.292007 1.06592
-0.26 0.377748 1.09326
-0.258 0.465265 1.12017
-0.256 0.554555 1.14666
-0.254 0.64561 1.17273
-0.252 0.738429 1.19837
-0.25 0.83301 1.2236
-0.248 0.929353 1.24843
-0.246 1.02746 1.27286
-0.244 1.12734 1.29692
-0.242 1.22899 1.32062
-0.24 1.33243 1.34398
-0.238 1.43766 1.36704
-0.236 1.54469 1.38982
-0.234 1.65355 1.41235
-0.232 1.76424 1.43467
-0.23 1.87679 1.45681
-0.228 1.99122 1.47882
-0.226 2.10754 1.50074
-0.224 2.22579 1.52261
-0.222 2.34598 1.54449
-0.22 2.46815 1.56642
-0.218 2.59233 1.58846
-0.216 2.71854 1.61067
-0.214 2.84682 1.63309
-0.212 2.9772 1.6558
-0.21 3.10972 1.67885
-0.208 3.24442 1.70231
-0.206 3.38132 1.72623
-0.204 3.52048 1.75069
-0.202 3.66193 1.77575
-0.2 3.80571 1.80148
-0.198 3.95185 1.82793
-0.196 4.10041 1.85519
-0.194 4.25143 1.88332
-0.192 4.40494 1.91238
-0.19 4.56098 1.94245
-0.188 4.71961 1.97358
-0.186 4.88086 2.00585
-0.184 5.04476 2.03932
-0.182 5.21138 2.07405
-0.18 5.38073 2.11011
-0.178 5.55286 2.14756
-0.176 5.72782 2.18645
-0.174 5.90563 2.22684
-0.172 6.08633 2.26879
-0.17 6.26996 2.31235
-0.168 6.45655 2.35757
-0.166 6.64613 2.40449
-0.164 6.83874 2.45317
-0.162 7.03439 2.50363
-0.16 7.23311 2.55593
-0.158 7.43493 2.61009
-0.156 7.63987 2.66615
-0.154 7.84795 2.72414
-0.152 8.05917 2.78407
-0.15 8.27356 2.84597
-0.148 8.49113 2.90985
-0.146 8.71187 2.97573
-0.144 8.9358 3.04362
-0.142 9.16291 3.11352
-0.14 9.3932 3.18544
-0.138 9.62667 3.25936
-0.136 9.8633 3.33528
-0.134 10.1031 3.41318
-0.132 10.346 3.49306
-0.13 10.592 3.57489
-0.128 10.8411 3.65865
-0.126 11.0933 3.74431
-0.124 11.3484 3.83183
-0.122 11.6066 3.92118
-0.12 11.8676 4.01232
-0.118 12.1316 4.10519
-0.116 12.3984 4.19977
-0.114 12.6679 4.29597
-0.112 12.9401 4.39377
-0.11 13.215 4.49308
-0.108 13.4924 4.59385
-0.106 13.7723 4.69601
-0.104 14.0546 4.79948
-0.102 14.3391 4.9042
-0.1 14.6259 5.01008
-0.098 14.9147 5.11704
-0.096 15.2055 5.22499
-0.094 15.4981 5.33385
-0.092 15.7925 5.44353
-0.09 16.0885 5.55392
-0.088 16.3859 5.66494
-0.086 16.6846 5.77647
-0.084 16.9845 5.88843
-0.082 17.2853 6.0007
-0.08 17.587 6.11318
-0.078 17.8894 6.22575
-0.076 18.1922 6.3383
-0.074 18.4953 6.45072
-0.072 18.7985 6.56289
-0.07 19.1016 6.67469
-0.068 19.4044 6.786
-0.066 19.7066 6.8967
-0.064 20.0081 7.00666
-0.062 20.3085 7.11577
-0.06 20.6077 7.22388
-0.058 20.9055 7.33088
-0.056 21.2015 7.43663
-0.054 21.4955 7.54101
-0.052 21.7872 7.64388
-0.05 22.0764 7.74512
-0.048 22.3629 7.84459
-0.046 22.6462 7.94216
-0.044 22.9261 8.03771
-0.042 23.2024 8.13109
-0.04 23.4747 8.22218
-0.038 23.7428 8.31086
-0.036 24.0062 8.39698
-0.034 24.2648 8.48042
-0.032 24.5182 8.56106
-0.03 24.7661 8.63878
-0.028 25.0082 8.71344
-0.026 25.2441 8.78493
-0.024 25.4736 8.85314
-0.022 25.6963 8.91793
-0.02 25.912 8.97921
-0.018 26.1202 9.03687
-0.016 26.3208 9.0908
-0.014 26.5133 9.14089
-0.012 26.6975 9.18705
-0.01 26.8731 9.2292
-0.008 27.0398 9.26723
-0.006 27.1973 9.30108
-0.004 27.3454 9.33065
-0.002 27.4836 9.35589
0 27.6119 9.37672
0.002 27.73 9.39314
0.004 27.8376 9.40503
0.006 27.9344 9.41236
0.008 28.0202 9.41508
0.01 28.0949 9.41317
0.012 28.1582 9.40659
0.014 28.2099 9.39534
0.016 28.2499 9.3794
0.018 28.278 9.35878
0.02 28.294 9.33347
0.022 28.298 9.3035
0.024 28.2896 9.26889
0.026 28.2689 9.22967
0.028 28.2357 9.18588
0.03 28.1901 9.13757
0.032 28.1319 9.08479
0.034 28.0612 9.02761
0.036 27.9779 8.96609
0.038 27.8821 8.90032
0.04 27.7737 8.83039
0.042 27.6529 8.75639
0.044 27.5197 8.67841
0.046 27.3741 8.59658
0.048 27.2164 8.511
0.05 27.0465 8.4218
0.052 26.8647 8.3291
0.054 26.671 8.23304
0.056 26.4657 8.13376
0.058 26.249 8.0314
0.06 26.021 7.92611
0.062 25.7819 7.81804
0.064 25.5321 7.70735
0.066 25.2716 7.59419
0.068 25.0009 7.47875
0.07 24.7202 7.36117
0.072 24.4297 7.24162
0.074 24.1298 7.12029
0.076 23.8207 6.99733
0.078 23.5029 6.87292
0.08 23.1765 6.74722
0.082 22.842 6.62043
0.084 22.4997 6.49269
0.086 22.15 6.36419
0.088 21.7932 6.23508
0.09 21.4296 6.10555
0.092 21.0598 5.97575
0.094 20.684 5.84585
0.096 20.3026 5.716
0.098 19.916 5.58636
0.1 19.5247 5.45709
0.102 19.1289 5.32832
0.104 18.7292 5.2002
0.106 18.3258 5.07288
0.108 17.9193 4.94649
0.11 17.5099 4.82115
0.112 17.0981 4.69698
0.114 16.6842 4.57412
0.116 16.2688 4.45266
0.118 15.852 4.33271
0.12 15.4344 4.21438
0.122 15.0163 4.09776
0.124 14.5981 3.98293
0.126 14.1801 3.86998
0.128 13.7627 3.75898
0.13 13.3464 3.65
0.132 12.9313 3.5431
0.134 12.5179 3.43833
0.136 12.1064 3.33576
0.138 11.6973 3.2354
0.14 11.2909 3.13732
0.142 10.8874 3.04152
0.144 10.4871 2.94805
0.146 10.0904 2.85691
0.148 9.69759 2.76811
0.15 9.30884 2.68167
0.152 8.92446 2.59759
0.154 8.54471 2.51585
0.156 8.16982 2.43645
0.158 7.80004 2.35937
0.16 7.43559 2.2846
0.162 7.07667 2.2121
0.164 6.72349 2.14185
0.166 6.37623 2.07382
0.168 6.03508 2.00797
0.17 5.7002 1.94426
0.172 5.37176 1.88264
0.174 5.04989 1.82307
0.176 4.73472 1.76549
0.178 4.42639 1.70985
0.18 4.12501 1.65611
0.182 3.83066 1.60419
0.184 3.54345 1.55405
0.186 3.26345 1.50561
0.188 2.99074 1.45882
0.19 2.72535 1.41361
0.192 2.46735 1.36993
0.194 2.21677 1.3277
0.196 1.97363 1.28685
0.198 1.73795 1.24733
0.2 1.50974 1.20906
0.202 1.28898 1.17199
0.204 1.07567 1.13604
0.206 0.869785 1.10116
0.208 0.671285 1.06727
0.21 0.480133 1.03432
0.212 0.296278 1.00225
0.214 0.119661 0.970991
0.216 -0.0497837 0.94049
0.218 -0.212131 0.910691
0.22 -0.367463 0.881537
0.222 -0.515869 0.852978
0.224 -0.657444 0.824961
0.226 -0.792292 0.797439
0.228 -0.920521 0.770365
0.23 -1.04225 0.743695
0.232 -1.15759 0.717387
0.234 -1.26667 0.691403
0.236 -1.36962 0.665706
0.238 -1.46658 0.640262
0.24 -1.55769 0.615039
0.242 -1.64308 0.590009
0.244 -1.72291 0.565145
0.246 -1.79732 0.540423
0.248 -1.86646 0.515823
0.25 -1.9305 0.491327
0.252 -1.98958 0.466917
0.254 -2.04386 0.442581
0.256 -2.0935 0.418308
0.258 -2.13866 0.394089
0.26 -2.1795 0.369918
0.262 -2.21618 0.345792
0.264 -2.24887 0.321709
0.266 -2.27771 0.29767
0.268 -2.30288 0.273676
0.27 -2.32452 0.249734
0.272 -2.3428 0.22585
0.274 -2.35786 0.202032
0.276 -2.36987 0.178291
0.278 -2.37896 0.154638
0.28 -2.3853 0.131088
0.282 -2.38902 0.107655
0.284 -2.39027 0.084355
0.286 -2.38918 0.0612064
0.288 -2.3859 0.0382277
0.29 -2.38055 0.0154385
0.292 -2.37326 -0.00714052
0.294 -2.36415 -0.0294878
0.296 -2.35335 -0.0515813
0.298 -2.34097 -0.0733981
0.3 -2.32712 -0.094915
0.302 -2.31191 -0.116108
0.304 -2.29544 -0.136954
0.306 -2.27781 -0.157429
0.308 -2.25912 -0.177507
0.31 -2.23944 -0.197166
0.312 -2.21888 -0.216381
0.314 -2.1975 -0.235128
0.316 -2.17538 -0.253384
0.318 -2.15259 -0.271127
0.32 -2.1292 -0.288332
0.322 -2.10527 -0.30498
0.324 -2.08085 -0.321047
0.326 -2.056 -0.336515
0.328 -2.03077 -0.351363
0.33 -2.0052 -0.365572
0.332 -1.97933 -0.379126
0.334 -1.9532 -0.392007
0.336 -1.92684 -0.4042
0.338 -1.90028 -0.415691
0.34 -1.87355 -0.426466
0.342 -1.84666 -0.436514
0.344 -1.81965 -0.445825
0.346 -1.79252 -0.45439
0.348 -1.76529 -0.462201
0.35 -1.73798 -0.469252
0.352 -1.71059 -0.475539
0.354 -1.68313 -0.481058
0.356 -1.65561 -0.485809
0.358 -1.62802 -0.489791
0.36 -1.60038 -0.493006
0.362 -1.57268 -0.495458
0.364 -1.54493 -0.497152
0.366 -1.51712 -0.498093
0.368 -1.48925 -0.498291
0.37 -1.46132 -0.497755
0.372 -1.43332 -0.496496
0.374 -1.40526 -0.494527
0.376 -1.37714 -0.491862
0.378 -1.34893 -0.488518
0.38 -1.32066 -0.48451
0.382 -1.29231 -0.479859
0.384 -1.26388 -0.474584
0.386 -1.23537 -0.468705
0.388 -1.20678 -0.462246
0.39 -1.17811 -0.45523
0.392 -1.14937 -0.447682
0.394 -1.12054 -0.439627
0.396 -1.09165 -0.431093
0.398 -1.06269 -0.422106
0.4 -1.03368 -0.412695
0.402 -1.00461 -0.40289
0.404 -0.975492 -0.392719
0.406 -0.946345 -0.382214
0.408 -0.917178 -0.371404
0.41 -0.888003 -0.360321
0.412 -0.858835 -0.348997
0.414 -0.829692 -0.337462
0.416 -0.80059 -0.325749
0.418 -0.771549 -0.31389
0.42 -0.74259 -0.301915
0.422 -0.713736 -0.289856
0.424 -0.68501 -0.277745
0.426 -0.656437 -0.265612
0.428 -0.628044 -0.253487
0.43 -0.599859 -0.2414
0.432 -0.57191 -0.229381
0.434 -0.544227 -0.217458
0.436 -0.516842 -0.205659
0.438 -0.489786 -0.19401
0.44 -0.463093 -0.182538
0.442 -0.436795 -0.171267
0.444 -0.410928 -0.160222
0.446 -0.385526 -0.149426
0.448 -0.360625 -0.1389
0.45 -0.33626 -0.128664
0.452 -0.312468 -0.118739
0.454 -0.289285 -0.109141
0.456 -0.266746 -0.099888
0.458 -0.244889 -0.090995
0.46 -0.223748 -0.0824759
0.462 -0.203361 -0.0743434
0.464 -0.183761 -0.0666085
0.466 -0.164983 -0.059281
0.468 -0.147062 -0.0523693
0.47 -0.13003 -0.0458804
0.472 -0.11392 -0.0398199
0.474 -0.0987624 -0.0341919
0.476 -0.0845874 -0.0289993
0.478 -0.0714237 -0.0242437
0.48 -0.0592987 -0.0199252
0.482 -0.0482382 -0.0160428
0.484 -0.0382664 -0.0125944
0.486 -0.029406 -0.00957649
0.488 -0.0216777 -0.00698457
0.49 -0.0151004 -0.00481306
0.492 -0.00969105 -0.0030554
0.494 -0.00546463 -0.00170405
0.496 -0.00243394 -0.00075062
0.498 -0.000609596 -0.000185915
0.05 12.3373 4.50894
0.1 12.3374 4.50883
0.15 12.3375 4.50865
0.2 12.3376 4.50839
0.25 12.3378 4.50806
0.3 12.338 4.50765
0.35 12.3383 4.50717
0.4 12.3386 4.50662
0.45 12.3389 4.50599
0.5 12.3392 4.50529
0.55 12.3396 4.50451
0.6 12.3401 4.50366
0.65 12.3406 4.50274
0.7 12.3411 4.50174
0.75 12.3416 4.50066
0.8 12.3421 4.49951
0.85 12.3427 4.49829
0.9 12.3434 4.49699
0.95 12.344 4.49561
1 12.3447 4.49416
1.05 12.3454 4.49264
1.1 12.3461 4.49103
1.15 12.3468 4.48935
1.2 12.3475 4.4876
1.25 12.3483 4.48576
1.3 12.3491 4.48385
1.35 12.3499 4.48186
1.4 12.3507 4.4798
1.45 12.3515 4.47765
1.5 12.3523 4.47543
1.55 12.3531 4.47313
1.6 12.3539 4.47075
1.65 12.3547 4.46829
1.7 12.3555 4.46575
1.75 12.3563 4.46313
1.8 12.3571 4.46043
1.85 12.3578 4.45765
1.9 12.3586 4.45479
1.95 12.3593 4.45185
2 12.36 4.44883
2.05 12.3607 4.44572
2.1 12.3613 4.44253
2.15 12.362 4.43926
2.2 12.3625 4.4359
2.25 12.3631 4.43247
2.3 12.3636 4.42894
2.35 12.364 4.42534
2.4 12.3644 4.42164
2.45 12.3648 4.41786
2.5 12.3651 4.414
2.55 12.3653 4.41005
2.6 12.3655 4.40601
2.65 12.3656 4.40189
2.7 12.3656 4.39768
2.75 12.3656 4.39338
2.8 12.3655 4.38899
2.85 12.3653 4.38452
2.9 12.365 4.37995
2.95 12.3646 4.37529
3 12.3641 4.37055
3.05 12.3635 4.36571
3.1 12.3628 4.36078
3.15 12.3621 4.35577
3.2 12.3612 4.35066
3.25 12.3602 4.34545
3.3 12.359 4.34016
3.35 12.3578 4.33477
3.4 12.3564 4.32929
3.45 12.3549 4.32371
3.5 12.3532 4.31804
3.55 12.3514 4.31227
3.6 12.3495 4.30641
3.65 12.3474 4.30046
3.7 12.3452 4.2944
3.75 12.3428 4.28825
3.8 12.3402 4.28201
3.85 12.3375 4.27567
3.9 12.3346 4.26922
3.95 12.3315 4.26269
4 12.3283 4.25605
4.05 12.3248 4.24931
4.1 12.3212 4.24248
4.15 12.3174 4.23555
4.2 12.3134 4.22851
4.25 12.3092 4.22138
4.3 12.3047 4.21414
4.35 12.3001 4.20681
4.4 12.2953 4.19937
4.45 12.2902 4.19184
4.5 12.2849 4.1842
4.55 12.2794 4.17646
4.6 12.2736 4.16862
4.65 12.2677 4.16067
4.7 12.2614 4.15263
4.75 12.255 4.14448
4.8 12.2483 4.13623
4.85 12.2413 4.12787
4.9 12.2341 4.11941
4.95 12.2266 4.11085
5 12.2189 4.10219
5.05 12.2109 4.09342
5.1 12.2026 4.08455
5.15 12.194 4.07557
5.2 12.1852 4.06649
5.25 12.1761 4.05731
5.3 12.1666 4.04802
5.35 12.1569 4.03863
5.4 12.1469 4.02913
5.45 12.1366 4.01953
5.5 12.1261 4.00983
5.55 12.1152 4.00002
5.6 12.1039 3.99011
5.65 12.0924 3.98009
5.7 12.0806 3.96997
5.75 12.0684 3.95975
5.8 12.0559 3.94942
5.85 12.0431 3.93899
5.9 12.03 3.92845
5.95 12.0165 3.91782
6 12.0027 3.90708
6.05 11.9886 3.89623
6.1 11.9741 3.88529
6.15 11.9593 3.87424
6.2 11.9441 3.86309
6.25 11.9286 3.85184
6.3 11.9127 3.84048
6.35 11.8965 3.82903
6.4 11.8799 3.81747
6.45 11.863 3.80582
6.5 11.8457 3.79406
6.55 11.828 3.78221
6.6 11.81 3.77025
6.65 11.7916 3.7582
6.7 11.7728 3.74605
6.75 11.7537 3.7338
6.8 11.7342 3.72146
6.85 11.7143 3.70901
6.9 11.694 3.69647
6.95 11.6734 3.68384
7 11.6523 3.67111
7.05 11.6309 3.65829
7.1 11.6092 3.64537
7.15 11.587 3.63236
7.2 11.5644 3.61926
7.25 11.5415 3.60607
7.3 11.5182 3.59278
7.35 11.4944 3.57941
7.4 11.4703 3.56595
7.45 11.4458 3.55239
7.5 11.421 3.53875
7.55 11.3957 3.52503
7.6 11.37 3.51122
7.65 11.344 3.49732
7.7 11.3175 3.48334
7.75 11.2907 3.46927
7.8 11.2634 3.45513
7.85 11.2358 3.4409
7.9 11.2078 3.42659
7.95 11.1794 3.4122
8 11.1506 3.39773
8.05 11.1214 3.38319
8.1 11.0918 3.36857
8.15 11.0618 3.35388
8.2 11.0315 3.33911
8.25 11.0007 3.32427
8.3 10.9696 3.30935
8.35 10.9381 3.29437
8.4 10.9062 3.27931
8.45 10.8739 3.26419
8.5 10.8412 3.249
8.55 10.8081 3.23375
8.6 10.7747 3.21843
8.65 10.7409 3.20305
8.7 10.7067 3.18761
8.75 10.6721 3.1721
8.8 10.6372 3.15654
8.85 10.6018 3.14092
8.9 10.5662 3.12524
8.95 10.5301 3.10951
9 10.4937 3.09372
9.05 10.4569 3.07788
9.1 10.4198 3.06199
9.15 10.3823 3.04605
9.2 10.3444 3.03007
9.25 10.3062 3.01403
9.3 10.2676 2.99795
9.35 10.2287 2.98183
9.4 10.1895 2.96567
9.45 10.1499 2.94946
9.5 10.1099 2.93322
9.55 10.0697 2.91694
9.6 10.0291 2.90062
9.65 9.98812 2.88427
9.7 9.94686 2.86788
9.75 9.90528 2.85147
9.8 9.86338 2.83502
9.85 9.82116 2.81855
9.9 9.77863 2.80205
9.95 9.73579 2.78553
10 9.69264 2.76898
10.05 9.6492 2.75242
10.1 9.60546 2.73583
10.15 9.56143 2.71922
10.2 9.5171 2.7026
10.25 9.4725 2.68596
10.3 9.42761 2.66932
10.35 9.38245 2.65266
10.4 9.33702 2.63599
10.45 9.29132 2.61931
10.5 9.24535 2.60262
10.55 9.19913 2.58594
10.6 9.15266 2.56924
10.65 9.10593 2.55255
10.7 9.05897 2.53586
10.75 9.01176 2.51917
10.8 8.96432 2.50249
10.85 8.91665 2.48581
10.9 8.86876 2.46914
10.95 8.82065 2.45248
11 8.77232 2.43583
11.05 8.72378 2.41919
11.1 8.67504 2.40257
11.15 8.6261 2.38596
11.2 8.57697 2.36938
11.25 8.52764 2.35281
11.3 8.47814 2.33626
11.35 8.42846 2.31974
11.4 8.3786 2.30324
11.45 8.32858 2.28677
11.5 8.27839 2.27032
11.55 8.22805 2.25391
11.6 8.17756 2.23753
11.65 8.12693 2.22118
11.7 8.07615 2.20487
11.75 8.02525 2.18859
11.8 7.97421 2.17235
11.85 7.92305 2.15615
11.9 7.87178 2.14
11.95 7.82039 2.12389
12 7.7689 2.10782
12.05 7.71731 2.0918
12.1 7.66562 2.07583
12.15 7.61385 2.0599
12.2 7.56199 2.04403
12.25 7.51006 2.02821
12.3 7.45805 2.01245
12.35 7.40598 1.99674
12.4 7.35386 1.98109
12.45 7.30168 1.9655
12.5 7.24945 1.94998
12.55 7.19718 1.93451
12.6 7.14487 1.91911
12.65 7.09253 1.90377
12.7 7.04017 1.8885
12.75 6.98779 1.87329
12.8 6.9354 1.85816
12.85 6.883 1.8431
12.9 6.8306 1.82811
12.95 6.7782 1.81319
13 6.72582 1.79835
13.05 6.67345 1.78358
13.1 6.6211 1.7689
13.15 6.56878 1.75429
13.2 6.51649 1.73976
13.25 6.46424 1.72532
13.3 6.41204 1.71095
13.35 6.35988 1.69667
13.4 6.30778 1.68248
13.45 6.25574 1.66837
13.5 6.20377 1.65435
13.55 6.15187 1.64042
13.6 6.10005 1.62658
13.65 6.04831 1.61283
13.7 5.99666 1.59917
13.75 5.9451 1.5856
13.8 5.89365 1.57213
13.85 5.84229 1.55876
13.9 5.79105 1.54548
13.95 5.73992 1.53229
14 5.68891 1.51921
14.05 5.63803 1.50622
14.1 5.58727 1.49333
14.15 5.53665 1.48055
14.2 5.48618 1.46786
14.25 5.43584 1.45528
14.3 5.38566 1.4428
14.35 5.33563 1.43042
14.4 5.28576 1.41815
14.45 5.23606 1.40599
14.5 5.18652 1.39393
14.55 5.13716 1.38197
14.6 5.08797 1.37013
14.65 5.03897 1.35839
14.7 4.99016 1.34676
14.75 4.94154 1.33524
14.8 4.89311 1.32382
14.85 4.84488 1.31252
14.9 4.79686 1.30133
14.95 4.74905 1.29025
15 4.70145 1.27928
15.05 4.65406 1.26842
15.1 4.6069 1.25767
15.15 4.55996 1.24704
15.2 4.51325 1.23652
15.25 4.46677 1.22611
15.3 4.42052 1.21581
15.35 4.37452 1.20563
15.4 4.32876 1.19556
15.45 4.28324 1.18561
15.5 4.23798 1.17577
15.55 4.19297 1.16604
15.6 4.14821 1.15642
15.65 4.10372 1.14693
15.7 4.05948 1.13754
15.75 4.01552 1.12827
15.8 3.97182 1.11911
15.85 3.92839 1.11007
15.9 3.88524 1.10114
15.95 3.84236 1.09233
16 3.79977 1.08363
16.05 3.75745 1.07504
16.1 3.71542 1.06657
16.15 3.67368 1.05821
16.2 3.63223 1.04996
16.25 3.59107 1.04182
16.3 3.55021 1.0338
16.35 3.50964 1.02589
16.4 3.46937 1.01809
16.45 3.4294 1.01041
16.5 3.38974 1.00283
16.55 3.35037 0.995366
16.6 3.31132 0.988011
16.65 3.27257 0.980766
16.7 3.23413 0.97363
16.75 3.196 0.966603
16.8 3.15819 0.959684
16.85 3.12068 0.952873
16.9 3.0835 0.94617
16.95 3.04662 0.939572
17 3.01007 0.933081
17.05 2.97383 0.926695
17.1 2.93792 0.920413
17.15 2.90232 0.914236
17.2 2.86705 0.908161
17.25 2.83209 0.902189
17.3 2.79746 0.896319
17.35 2.76316 0.89055
17.4 2.72917 0.884881
17.45 2.69551 0.879311
17.5 2.66218 0.87384
17.55 2.62917 0.868466
17.6 2.59648 0.863189
17.65 2.56412 0.858009
17.7 2.53209 0.852923
17.75 2.50038 0.847931
17.8 2.46899 0.843032
17.85 2.43794 0.838226
17.9 2.4072 0.83351
17.95 2.37679 0.828885
18 2.34671 0.824349
18.05 2.31695 0.819901
18.1 2.28751 0.815541
18.15 2.2584 0.811266
18.2 2.22961 0.807076
18.25 2.20114 0.802971
18.3 2.17299 0.798948
18.35 2.14516 0.795007
18.4 2.11765 0.791146
18.45 2.09047 0.787365
18.5 2.06359 0.783662
18.55 2.03704 0.780037
18.6 2.0108 0.776487
18.65 1.98487 0.773012
18.7 1.95926 0.769611
18.75 1.93396 0.766282
18.8 1.90897 0.763024
18.85 1.88429 0.759836
18.9 1.85992 0.756717
18.95 1.83585 0.753666
19 1.81209 0.750681
19.05 1.78863 0.747761
19.1 1.76548 0.744904
19.15 1.74262 0.74211
19.2 1.72006 0.739378
19.25 1.6978 0.736705
19.3 1.67583 0.734091
19.35 1.65416 0.731534
19.4 1.63278 0.729034
19.45 1.61168 0.726588
19.5 1.59087 0.724196
19.55 1.57035 0.721856
19.6 1.55011 0.719567
19.65 1.53015 0.717327
19.7 1.51047 0.715136
19.75 1.49106 0.712992
19.8 1.47193 0.710893
19.85 1.45307 0.708839
19.9 1.43448 0.706828
19.95 1.41615 0.704859
20 1.39809 0.70293
20.05 1.3803 0.701041
20.1 1.36276 0.699189
20.15 1.34548 0.697374
20.2 1.32845 0.695594
20.25 1.31168 0.693848
20.3 1.29516 0.692134
20.35 1.27888 0.690452
20.4 1.26285 0.688801
20.45 1.24706 0.687178
20.5 1.23151 0.685582
20.55 1.2162 0.684013
20.6 1.20112 0.682469
20.65 1.18627 0.680949
20.7 1.17165 0.679451
20.75 1.15726 0.677975
20.8 1.14309 0.676518
20.85 1.12914 0.675081
20.9 1.1154 0.673661
20.95 1.10189 0.672258
21 1.08858 0.670869
21.05 1.07548 0.669495
21.1 1.06259 0.668134
21.15 1.04991 0.666784
21.2 1.03742 0.665445
21.25 1.02513 0.664116
21.3 1.01304 0.662794
21.35 1.00114 0.66148
21.4 0.98943 0.660171
21.45 0.977905 0.658868
21.5 0.966565 0.657568
21.55 0.955405 0.656272
21.6 0.944423 0.654976
21.65 0.933616 0.653682
21.7 0.922982 0.652387
21.75 0.912518 0.651091
21.8 0.90222 0.649792
21.85 0.892085 0.648489
21.9 0.882112 0.647183
21.95 0.872298 0.645871
22 0.862638 0.644552
22.05 0.853132 0.643226
22.1 0.843775 0.641893
22.15 0.834566 0.64055
22.2 0.825501 0.639197
22.25 0.816577 0.637833
22.3 0.807793 0.636457
22.35 0.799144 0.635069
22.4 0.79063 0.633667
22.45 0.782246 0.632252
22.5 0.77399 0.630821
22.55 0.76586 0.629375
22.6 0.757852 0.627912
22.65 0.749965 0.626432
22.7 0.742196 0.624934
22.75 0.734542 0.623417
22.8 0.727 0.621881
22.85 0.719569 0.620325
22.9 0.712245 0.618748
22.95 0.705026 0.61715
23 0.69791 0.61553
23.05 0.690894 0.613887
23.1 0.683976 0.612222
23.15 0.677153 0.610533
23.2 0.670423 0.608819
23.25 0.663784 0.607081
23.3 0.657234 0.605318
23.35 0.650769 0.60353
23.4 0.644389 0.601715
23.45 0.63809 0.599873
23.5 0.631871 0.598005
23.55 0.625729 0.596109
23.6 0.619662 0.594186
23.65 0.613669 0.592234
23.7 0.607746 0.590254
23.75 0.601893 0.588245
23.8 0.596106 0.586207
23.85 0.590385 0.58414
23.9 0.584726 0.582043
23.95 0.579129 0.579916
24 0.573591 0.577758
24.05 0.568111 0.575571
24.1 0.562686 0.573353
24.15 0.557315 0.571104
24.2 0.551996 0.568824
24.25 0.546728 0.566514
24.3 0.541508 0.564172
24.35 0.536335 0.561799
24.4 0.531208 0.559394
24.45 0.526125 0.556959
24.5 0.521084 0.554491
24.55 0.516083 0.551993
24.6 0.511122 0.549462
24.65 0.5062 0.546901
24.7 0.501313 0.544308
24.75 0.496462 0.541683
24.8 0.491644 0.539027
24.85 0.486859 0.53634
24.9 0.482106 0.533621
24.95 0.477382 0.530872
25 0.472687 0.528092
25.05 0.46802 0.52528
25.1 0.463379 0.522438
25.15 0.458763 0.519566
25.2 0.454172 0.516663
25.25 0.449605 0.513731
25.3 0.445059 0.510768
25.35 0.440536 0.507776
25.4 0.436032 0.504755
25.45 0.431548 0.501704
25.5 0.427083 0.498625
25.55 0.422636 0.495517
25.6 0.418206 0.49238
25.65 0.413792 0.489216
25.7 0.409394 0.486025
25.75 0.405011 0.482806
25.8 0.400642 0.479561
25.85 0.396287 0.476289
25.9 0.391944 0.472991
25.95 0.387615 0.469667
26 0.383297 0.466318
26.05 0.378991 0.462945
26.1 0.374695 0.459547
26.15 0.370411 0.456125
26.2 0.366136 0.45268
26.25 0.361871 0.449211
26.3 0.357616 0.445721
26.35 0.35337 0.442208
26.4 0.349132 0.438674
26.45 0.344903 0.435119
26.5 0.340682 0.431543
26.55 0.336469 0.427948
26.6 0.332265 0.424333
26.65 0.328067 0.420699
26.7 0.323878 0.417047
26.75 0.319696 0.413378
26.8 0.315521 0.409691
26.85 0.311354 0.405988
26.9 0.307193 0.402269
26.95 0.303041 0.398535
27 0.298895 0.394786
27.05 0.294757 0.391023
27.1 0.290626 0.387247
27.15 0.286502 0.383457
27.2 0.282386 0.379656
27.25 0.278278 0.375842
27.3 0.274178 0.372018
27.35 0.270085 0.368184
27.4 0.266001 0.36434
27.45 0.261925 0.360487
27.5 0.257858 0.356625
27.55 0.253799 0.352756
27.6 0.249749 0.34888
27.65 0.245709 0.344998
27.7 0.241678 0.34111
27.75 0.237657 0.337217
27.8 0.233647 0.333319
27.85 0.229647 0.329418
27.9 0.225657 0.325514
27.95 0.221679 0.321607
28 0.217713 0.317699
28.05 0.213758 0.31379
28.1 0.209816 0.309881
28.15 0.205887 0.305972
28.2 0.201971 0.302064
28.25 0.198068 0.298158
28.3 0.19418 0.294255
28.35 0.190306 0.290354
28.4 0.186447 0.286457
28.45 0.182603 0.282565
28.5 0.178776 0.278678
28.55 0.174964 0.274796
28.6 0.17117 0.270921
28.65 0.167393 0.267053
28.7 0.163633 0.263193
28.75 0.159892 0.259341
28.8 0.15617 0.255499
28.85 0.152467 0.251666
28.9 0.148784 0.247843
28.95 0.145121 0.244032
29 0.14148 0.240232
29.05 0.137859 0.236444
29.1 0.134261 0.232669
29.15 0.130685 0.228908
29.2 0.127132 0.225161
29.25 0.123602 0.221428
29.3 0.120097 0.217711
29.35 0.116616 0.21401
29.4 0.11316 0.210325
29.45 0.10973 0.206658
29.5 0.106326 0.203008
29.55 0.102948 0.199377
29.6 0.0995976 0.195764
29.65 0.0962748 0.19217
29.7 0.0929803 0.188597
29.75 0.0897144 0.185044
29.8 0.0864776 0.181512
29.85 0.0832705 0.178001
29.9 0.0800936 0.174513
29.95 0.0769472 0.171047
30 0.073832 0.167604
30.05 0.0707483 0.164185
30.1 0.0676967 0.160789
30.15 0.0646776 0.157418
30.2 0.0616914 0.154072
30.25 0.0587386 0.150752
30.3 0.0558196 0.147457
30.35 0.0529348 0.144189
30.4 0.0500848 0.140947
30.45 0.0472697 0.137732
30.5 0.0444901 0.134545
30.55 0.0417464 0.131386
30.6 0.0390389 0.128256
30.65 0.036368 0.125153
30.7 0.0337341 0.12208
30.75 0.0311375 0.119037
30.8 0.0285785 0.116023
30.85 0.0260574 0.113039
30.9 0.0235747 0.110086
30.95 0.0211305 0.107163
31 0.0187252 0.104272
31.05 0.0163591 0.101411
31.1 0.0140324 0.0985828
31.15 0.0117453 0.0957861
31.2 0.00949818 0.0930215
31.25 0.00729121 0.0902894
31.3 0.00512459 0.0875898
31.35 0.00299855 0.0849232
31.4 0.000913265 0.0822896
31.45 -0.00113108 0.0796893
31.5 -0.00313431 0.0771225
31.55 -0.00509629 0.0745893
31.6 -0.00701688 0.07209
31.65 -0.00889594 0.0696247
31.7 -0.0107334 0.0671936
31.75 -0.0125291 0.0647967
31.8 -0.014283 0.0624343
31.85 -0.015995 0.0601064
31.9 -0.017665 0.0578131
31.95 -0.0192931 0.0555547
32 -0.0208792 0.053331
32.05 -0.0224232 0.0511422
32.1 -0.0239252 0.0489885
32.15 -0.0253852 0.0468697
32.2 -0.0268032 0.044786
32.25 -0.0281793 0.0427374
32.3 -0.0295135 0.0407239
32.35 -0.0308058 0.0387456
32.4 -0.0320564 0.0368024
32.45 -0.0332654 0.0348943
32.5 -0.0344328 0.0330213
32.55 -0.0355588 0.0311834
32.6 -0.0366435 0.0293805
32.65 -0.0376871 0.0276126
32.7 -0.0386898 0.0258796
32.75 -0.0396516 0.0241815
32.8 -0.0405728 0.0225181
32.85 -0.0414537 0.0208895
32.9 -0.0422944 0.0192954
32.95 -0.0430951 0.0177357
33 -0.0438561 0.0162105
33.05 -0.0445776 0.0147194
33.1 -0.04526 0.0132625
33.15 -0.0459034 0.0118395
33.2 -0.0465082 0.0104502
33.25 -0.0470747 0.00909466
33.3 -0.0476032 0.00777253
33.35 -0.048094 0.00648367
33.4 -0.0485475 0.0052279
33.45 -0.0489639 0.00400502
33.5 -0.0493438 0.00281482
33.55 -0.0496873 0.00165709
33.6 -0.049995 0.00053162
33.65 -0.0502672 -0.000561832
33.7 -0.0505043 -0.0016235
33.75 -0.0507067 -0.00265362
33.8 -0.0508748 -0.00365245
33.85 -0.0510091 -0.00462025
33.9 -0.05111 -0.00555727
33.95 -0.051178 -0.0064638
34 -0.0512135 -0.00734011
34.05 -0.051217 -0.00818648
34.1 -0.0511889 -0.00900321
34.15 -0.0511298 -0.00979059
34.2 -0.0510401 -0.0105489
34.25 -0.0509204 -0.0112785
34.3 -0.0507711 -0.0119797
34.35 -0.0505927 -0.0126528
34.4 -0.0503858 -0.0132981
34.45 -0.050151 -0.0139159
34.5 -0.0498886 -0.0145067
34.55 -0.0495993 -0.0150706
34.6 -0.0492837 -0.0156082
34.65 -0.0489422 -0.0161196
34.7 -0.0485754 -0.0166054
34.75 -0.0481839 -0.0170658
34.8 -0.0477683 -0.0175011
34.85 -0.047329 -0.0179119
34.9 -0.0468668 -0.0182983
34.95 -0.0463822 -0.0186609
35 -0.0458757 -0.019
35.05 -0.0453479 -0.0193159
35.1 -0.0447995 -0.019609
35.15 -0.044231 -0.0198798
35.2 -0.043643 -0.0201285
35.25 -0.0430362 -0.0203557
35.3 -0.042411 -0.0205617
35.35 -0.0417681 -0.0207468
35.4 -0.0411082 -0.0209115
35.45 -0.0404317 -0.0210562
35.5 -0.0397394 -0.0211813
35.55 -0.0390318 -0.0212872
35.6 -0.0383095 -0.0213742
35.65 -0.0375731 -0.0214428
35.7 -0.0368233 -0.0214934
35.75 -0.0360606 -0.0215263
35.8 -0.0352856 -0.0215421
35.85 -0.0344989 -0.021541
35.9 -0.0337012 -0.0215235
35.95 -0.032893 -0.0214901
36 -0.032075 -0.021441
36.05 -0.0312476 -0.0213768
36.1 -0.0304116 -0.0212978
36.15 -0.0295675 -0.0212043
36.2 -0.0287159 -0.021097
36.25 -0.0278573 -0.020976
36.3 -0.0269924 -0.0208418
36.35 -0.0261217 -0.0206949
36.4 -0.0252458 -0.0205356
36.45 -0.0243653 -0.0203643
36.5 -0.0234808 -0.0201814
36.55 -0.0225927 -0.0199874
36.6 -0.0217017 -0.0197825
36.65 -0.0208082 -0.0195672
36.7 -0.019913 -0.0193418
36.75 -0.0190163 -0.0191069
36.8 -0.018119 -0.0188626
36.85 -0.0172213 -0.0186095
36.9 -0.0163239 -0.0183479
36.95 -0.0154274 -0.0180781
37 -0.0145321 -0.0178006
37.05 -0.0136386 -0.0175157
37.1 -0.0127473 -0.0172238
37.15 -0.0118589 -0.0169252
37.2 -0.0109737 -0.0166203
37.25 -0.0100923 -0.0163094
37.3 -0.00921508 -0.015993
37.35 -0.00834252 -0.0156712
37.4 -0.00747508 -0.0153446
37.45 -0.00661319 -0.0150134
37.5 -0.0057573 -0.014678
37.55 -0.00490784 -0.0143386
37.6 -0.00406521 -0.0139957
37.65 -0.00322985 -0.0136495
37.7 -0.00240214 -0.0133004
37.75 -0.00158248 -0.0129487
37.8 -0.000771258 -0.0125947
37.85 3.11529e-05 -0.0122386
37.9 0.000824385 -0.0118808
37.95 0.00160808 -0.0115217
38 0.00238189 -0.0111614
38.05 0.00314548 -0.0108002
38.1 0.00389851 -0.0104386
38.15 0.00464067 -0.0100766
38.2 0.00537164 -0.00971463
38.25 0.00609112 -0.00935291
38.3 0.00679883 -0.00899172
38.35 0.00749448 -0.0086313
38.4 0.00817779 -0.0082719
38.45 0.00884851 -0.00791376
38.5 0.00950638 -0.00755714
38.55 0.0101512 -0.00720225
38.6 0.0107826 -0.00684934
38.65 0.0114005 -0.00649861
38.7 0.0120047 -0.0061503
38.75 0.0125949 -0.00580461
38.8 0.013171 -0.00546174
38.85 0.0137327 -0.0051219
38.9 0.0142799 -0.00478529
38.95 0.0148124 -0.00445209
39 0.0153302 -0.00412249
39.05 0.0158329 -0.00379667
39.1 0.0163206 -0.0034748
39.15 0.016793 -0.00315704
39.2 0.0172501 -0.00284356
39.25 0.0176918 -0.00253451
39.3 0.0181179 -0.00223005
39.35 0.0185285 -0.00193032
39.4 0.0189233 -0.00163546
39.45 0.0193024 -0.0013456
39.5 0.0196657 -0.00106087
39.55 0.0200132 -0.000781397
39.6 0.0203448 -0.000507291
39.65 0.0206604 -0.000238667
39.7 0.0209602 2.43701e-05
39.75 0.021244 0.000281719
39.8 0.0215118 0.000533285
39.85 0.0217638 0.000778978
39.9 0.0219999 0.00101871
39.95 0.0222201 0.00125242
40 0.0224244 0.00148001
40.05 0.022613 0.00170142
40.1 0.0227858 0.00191659
40.15 0.022943 0.00212547
40.2 0.0230846 0.00232799
40.25 0.0232107 0.00252411
40.3 0.0233213 0.00271379
40.35 0.0234167 0.00289699
40.4 0.0234968 0.00307368
40.45 0.0235617 0.00324383
40.5 0.0236117 0.00340741
40.55 0.0236469 0.00356441
40.6 0.0236673 0.00371482
40.65 0.0236731 0.00385862
40.7 0.0236644 0.00399581
40.75 0.0236415 0.00412639
40.8 0.0236044 0.00425037
40.85 0.0235534 0.00436776
40.9 0.0234887 0.00447856
40.95 0.0234103 0.00458279
41 0.0233185 0.00468049
41.05 0.0232135 0.00477166
41.1 0.0230954 0.00485635
41.15 0.0229646 0.00493459
41.2 0.0228211 0.0050064
41.25 0.0226653 0.00507185
41.3 0.0224973 0.00513096
41.35 0.0223174 0.00518379
41.4 0.0221257 0.00523039
41.45 0.0219226 0.00527082
41.5 0.0217082 0.00530514
41.55 0.0214829 0.0053334
41.6 0.0212467 0.00535568
41.65 0.0210002 0.00537204
41.7 0.0207433 0.00538255
41.75 0.0204765 0.00538729
41.8 0.0202 0.00538634
41.85 0.019914 0.00537978
41.9 0.0196189 0.00536768
41.95 0.0193148 0.00535014
42 0.0190021 0.00532725
42.05 0.018681 0.00529909
42.1 0.0183519 0.00526576
42.15 0.0180149 0.00522735
42.2 0.0176705 0.00518396
42.25 0.0173188 0.00513569
42.3 0.0169601 0.00508264
42.35 0.0165948 0.00502492
42.4 0.0162232 0.00496263
42.45 0.0158454 0.00489588
42.5 0.0154619 0.00482477
42.55 0.0150728 0.00474942
42.6 0.0146786 0.00466994
42.65 0.0142794 0.00458643
42.7 0.0138756 0.00449903
42.75 0.0134675 0.00440783
42.8 0.0130554 0.00431296
42.85 0.0126395 0.00421454
42.9 0.0122201 0.00411268
42.95 0.0117976 0.0040075
43 0.0113723 0.00389913
43.05 0.0109443 0.00378768
43.1 0.010514 0.00367328
43.15 0.0100818 0.00355604
43.2 0.00964777 0.0034361
43.25 0.00921234 0.00331356
43.3 0.00877574 0.00318857
43.35 0.00833827 0.00306123
43.4 0.0079002 0.00293168
43.45 0.0074618 0.00280003
43.5 0.00702335 0.00266641
43.55 0.00658513 0.00253094
43.6 0.00614738 0.00239375
43.65 0.0057104 0.00225496
43.7 0.00527442 0.00211469
43.75 0.00483973 0.00197306
43.8 0.00440656 0.00183019
43.85 0.00397519 0.00168621
43.9 0.00354584 0.00154124
43.95 0.00311879 0.00139539
44 0.00269425 0.00124878
44.05 0.00227249 0.00110153
44.1 0.00185372 0.000953768
44.15 0.00143818 0.000805597
44.2 0.00102611 0.000657135
44.25 0.000617717 0.000508497
44.3 0.000213229 0.000359796
44.35 -0.000187142 0.000211143
44.4 -0.000583185 6.26487e-05
44.45 -0.000974692 -8.55779e-05
44.5 -0.00136146 -0.000233429
44.55 -0.0017433 -0.000380799
44.6 -0.00212002 -0.000527582
44.65 -0.00249142 -0.000673676
44.7 -0.00285732 -0.000818978
44.75 -0.00321755 -0.000963389
44.8 -0.00357194 -0.00110681
44.85 -0.00392031 -0.00124914
44.9 -0.00426251 -0.0013903
44.95 -0.00459837 -0.00153018
45 -0.00492775 -0.00166869
45.05 -0.00525049 -0.00180575
45.1 -0.00556646 -0.00194126
45.15 -0.00587552 -0.00207515
45.2 -0.00617754 -0.00220733
45.25 -0.00647239 -0.00233771
45.3 -0.00675996 -0.00246622
45.35 -0.00704012 -0.00259278
45.4 -0.00731277 -0.00271731
45.45 -0.00757781 -0.00283974
45.5 -0.00783513 -0.00296001
45.55 -0.00808465 -0.00307803
45.6 -0.00832627 -0.00319375
45.65 -0.00855993 -0.0033071
45.7 -0.00878553 -0.00341802
45.75 -0.00900301 -0.00352644
45.8 -0.0092123 -0.00363232
45.85 -0.00941335 -0.00373558
45.9 -0.0096061 -0.00383619
45.95 -0.0097905 -0.00393409
46 -0.00996652 -0.00402923
46.05 -0.0101341 -0.00412156
46.1 -0.0102932 -0.00421105
46.15 -0.0104439 -0.00429764
46.2 -0.010586 -0.00438131
46.25 -0.0107196 -0.00446201
46.3 -0.0108447 -0.0045397
46.35 -0.0109612 -0.00461437
46.4 -0.0110692 -0.00468596
46.45 -0.0111687 -0.00475447
46.5 -0.0112597 -0.00481986
46.55 -0.0113421 -0.00488211
46.6 -0.0114161 -0.0049412
46.65 -0.0114816 -0.0049971
46.7 -0.0115387 -0.00504982
46.75 -0.0115873 -0.00509932
46.8 -0.0116277 -0.0051456
46.85 -0.0116597 -0.00518865
46.9 -0.0116835 -0.00522846
46.95 -0.0116991 -0.00526504
47 -0.0117065 -0.00529836
47.05 -0.0117058 -0.00532844
47.1 -0.0116972 -0.00535527
47.15 -0.0116806 -0.00537886
47.2 -0.0116561 -0.00539922
47.25 -0.0116239 -0.00541635
47.3 -0.011584 -0.00543027
47.35 -0.0115365 -0.00544097
47.4 -0.0114814 -0.00544849
47.45 -0.011419 -0.00545283
47.5 -0.0113492 -0.00545401
47.55 -0.0112723 -0.00545206
47.6 -0.0111882 -0.00544699
47.65 -0.0110972 -0.00543883
47.7 -0.0109993 -0.0054276
47.75 -0.0108946 -0.00541333
47.8 -0.0107833 -0.00539605
47.85 -0.0106655 -0.0053758
47.9 -0.0105413 -0.00535259
47.95 -0.0104109 -0.00532647
48 -0.0102744 -0.00529748
48.05 -0.0101319 -0.00526565
48.1 -0.00998353 -0.00523101
48.15 -0.0098295 -0.00519361
48.2 -0.00966992 -0.0051535
48.25 -0.00950494 -0.00511071
48.3 -0.0093347 -0.00506529
48.35 -0.00915936 -0.00501729
48.4 -0.00897907 -0.00496675
48.45 -0.00879399 -0.00491372
48.5 -0.00860426 -0.00485825
48.55 -0.00841006 -0.00480039
48.6 -0.00821154 -0.0047402
48.65 -0.00800885 -0.00467773
48.7 -0.00780217 -0.00461303
48.75 -0.00759166 -0.00454616
48.8 -0.00737748 -0.00447717
48.85 -0.00715979 -0.00440612
48.9 -0.00693877 -0.00433308
48.95 -0.00671459 -0.00425809
49 -0.0064874 -0.00418122
49.05 -0.00625739 -0.00410253
49.1 -0.00602471 -0.00402209
49.15 -0.00578955 -0.00393994
49.2 -0.00555206 -0.00385616
49.25 -0.00531243 -0.00377081
49.3 -0.00507081 -0.00368394
49.35 -0.00482739 -0.00359564
49.4 -0.00458233 -0.00350595
49.45 -0.0043358 -0.00341496
49.5 -0.00408797 -0.00332271
49.55 -0.00383901 -0.00322928
49.6 -0.00358909 -0.00313473
49.65 -0.00333837 -0.00303913
49.7 -0.00308703 -0.00294254
49.75 -0.00283524 -0.00284504
49.8 -0.00258314 -0.00274668
49.85 -0.00233092 -0.00264754
49.9 -0.00207874 -0.00254768
49.95 -0.00182675 -0.00244716
50 -0.00157512 -0.00234606
