-0.498 -8.24935e-05 -1.69903e-05
-0.496 -0.000345282 -7.36521e-05
-0.494 -0.000811417 -0.000178392
-0.492 -0.00150399 -0.000339399
-0.49 -0.002446 -0.000564595
-0.488 -0.0036603 -0.000861581
-0.486 -0.00516942 -0.00123759
-0.484 -0.00699553 -0.00169942
-0.482 -0.00916034 -0.00225344
-0.48 -0.011685 -0.00290547
-0.478 -0.0145899 -0.00366079
-0.476 -0.0178949 -0.0045241
-0.474 -0.0216189 -0.00549943
-0.472 -0.02578 -0.00659018
-0.47 -0.0303952 -0.00779901
-0.468 -0.0354807 -0.00912786
-0.466 -0.0410514 -0.0105779
-0.464 -0.0471214 -0.0121495
-0.462 -0.0537032 -0.0138422
-0.46 -0.0608083 -0.0156548
-0.458 -0.0684469 -0.017585
-0.456 -0.076628 -0.0196299
-0.454 -0.0853589 -0.0217856
-0.452 -0.0946459 -0.0240473
-0.45 -0.104493 -0.0264092
-0.448 -0.114905 -0.0288648
-0.446 -0.125882 -0.0314065
-0.444 -0.137425 -0.034026
-0.442 -0.149533 -0.0367139
-0.44 -0.162202 -0.0394601
-0.438 -0.175429 -0.0422533
-0.436 -0.189207 -0.0450817
-0.434 -0.203529 -0.0479326
-0.432 -0.218385 -0.0507922
-0.43 -0.233765 -0.0536462
-0.428 -0.249655 -0.0564793
-0.426 -0.266042 -0.0592756
-0.424 -0.28291 -0.0620185
-0.422 -0.300242 -0.0646906
-0.42 -0.318017 -0.0672739
-0.418 -0.336216 -0.0697498
-0.416 -0.354815 -0.0720991
-0.414 -0.37379 -0.0743022
-0.412 -0.393115 -0.0763388
-0.41 -0.412762 -0.0781883
-0.408 -0.432702 -0.0798298
-0.406 -0.452903 -0.0812419
-0.404 -0.473332 -0.082403
-0.402 -0.493954 -0.0832912
-0.4 -0.514734 -0.0838845
-0.398 -0.535632 -0.0841609
-0.396 -0.55661 -0.0840981
-0.394 -0.577625 -0.0836739
-0.392 -0.598635 -0.0828662
-0.39 -0.619594 -0.081653
-0.388 -0.640456 -0.0800126
-0.386 -0.661174 -0.0779232
-0.384 -0.681697 -0.0753639
-0.382 -0.701975 -0.0723136
-0.38 -0.721956 -0.0687519
-0.378 -0.741585 -0.0646591
-0.376 -0.760807 -0.0600159
-0.374 -0.779567 -0.0548035
-0.372 -0.797806 -0.0490041
-0.37 -0.815467 -0.0426006
-0.368 -0.83249 -0.0355767
-0.366 -0.848815 -0.0279172
-0.364 -0.86438 -0.0196077
-0.362 -0.879124 -0.0106351
-0.36 -0.892985 -0.000987244
-0.358 -0.905901 0.00934671
-0.356 -0.917809 0.0203763
-0.354 -0.928647 0.0321098
-0.352 -0.938352 0.0445539
-0.35 -0.946863 0.0577139
-0.348 -0.954118 0.0715936
-0.346 -0.960056 0.0861951
-0.344 -0.964618 0.101519
-0.342 -0.967745 0.117564
-0.34 -0.96938 0.134326
-0.338 -0.969469 0.151802
-0.336 -0.967956 0.169983
-0.334 -0.964791 0.188862
-0.332 -0.959924 0.208427
-0.33 -0.953308 0.228666
-0.328 -0.9449 0.249563
-0.326 -0.934659 0.271102
-0.324 -0.922547 0.293264
-0.322 -0.90853 0.316027
-0.32 -0.892576 0.339368
-0.318 -0.87466 0.363261
-0.316 -0.854759 0.387678
-0.314 -0.832853 0.41259
-0.312 -0.808929 0.437964
-0.31 -0.782978 0.463766
-0.308 -0.754994 0.48996
-0.306 -0.724978 0.516508
-0.304 -0.692934 0.543368
-0.302 -0.658872 0.5705
-0.3 -0.622806 0.597858
-0.298 -0.584758 0.625396
-0.296 -0.544751 0.653068
-0.294 -0.502816 0.680824
-0.292 -0.458988 0.708612
-0.29 -0.413306 0.736382
-0.288 -0.365816 0.764079
-0.286 -0.316567 0.79165
-0.284 -0.265614 0.819038
-0.282 -0.213014 0.846189
-0.28 -0.158831 0.873044
-0.278 -0.103131 0.899548
-0.276 -0.0459844 0.925642
-0.274 0.012534 0.95127
-0.272 0.0723475 0.976374
-0.27 0.133376 1.0009
-0.268 0.195537 1.02478
-0.266 0.258746 1.04798
-0.264 0.322916 1.07042
-0.262 0.387959 1.09207
-0.26 0.453787 1.11286
-0.258 0.520308 1.13275
-0.256 0.587434 1.15169
-0.254 0.655074 1.16963
-0.252 0.723138 1.18653
-0.25 0.791539 1.20235
-0.248 0.86019 1.21705
-0.246 0.929004 1.23059
-0.244 0.997898 1.24295
-0.242 1.06679 1.25408
-0.24 1.13561 1.26397
-0.238 1.20427 1.27259
-0.236 1.27271 1.27992
-0.234 1.34086 1.28595
-0.232 1.40865 1.29067
-0.23 1.47603 1.29407
-0.228 1.54295 1.29615
-0.226 1.60935 1.29691
-0.224 1.67519 1.29635
-0.222 1.74043 1.29449
-0.22 1.80504 1.29134
-0.218 1.869 1.28691
-0.216 1.93227 1.28123
-0.214 1.99486 1.27433
-0.212 2.05673 1.26624
-0.21 2.11791 1.25699
-0.208 2.17838 1.24663
-0.206 2.23815 1.23519
-0.204 2.29725 1.22272
-0.202 2.35568 1.20928
-0.2 2.41348 1.19491
-0.198 2.47068 1.17968
-0.196 2.52732 1.16364
-0.194 2.58344 1.14687
-0.192 2.63909 1.12942
-0.19 2.69432 1.11137
-0.188 2.7492 1.09278
-0.186 2.80378 1.07374
-0.184 2.85814 1.05432
-0.182 2.91235 1.0346
-0.18 2.9665 1.01466
-0.178 3.02065 0.994571
-0.176 3.0749 0.97443
-0.174 3.12933 0.954315
-0.172 3.18404 0.934311
-0.17 3.23913 0.914503
-0.168 3.29469 0.894978
-0.166 3.35083 0.875821
-0.164 3.40764 0.857118
-0.162 3.46524 0.838955
-0.16 3.52373 0.821417
-0.158 3.58323 0.804589
-0.156 3.64384 0.788556
-0.154 3.70567 0.7734
-0.152 3.76885 0.759203
-0.15 3.83348 0.746047
-0.148 3.89968 0.734011
-0.146 3.96755 0.723173
-0.144 4.03723 0.71361
-0.142 4.10882 0.705397
-0.14 4.18244 0.698606
-0.138 4.2582 0.693309
-0.136 4.33621 0.689575
-0.134 4.41659 0.68747
-0.132 4.49945 0.687059
-0.13 4.58489 0.688405
-0.128 4.67304 0.691568
-0.126 4.76398 0.696605
-0.124 4.85783 0.703571
-0.122 4.95469 0.71252
-0.12 5.05465 0.7235
-0.118 5.15783 0.73656
-0.116 5.26431 0.751743
-0.114 5.37418 0.769093
-0.112 5.48753 0.788646
-0.11 5.60446 0.81044
-0.108 5.72504 0.834508
-0.106 5.84935 0.860878
-0.104 5.97747 0.889578
-0.102 6.10946 0.920632
-0.1 6.24539 0.954058
-0.098 6.38533 0.989875
-0.096 6.52933 1.02809
-0.094 6.67744 1.06873
-0.092 6.82971 1.11178
-0.09 6.98617 1.15725
-0.088 7.14686 1.20513
-0.086 7.3118 1.25543
-0.084 7.48101 1.30813
-0.082 7.65451 1.36321
-0.08 7.83228 1.42066
-0.078 8.01433 1.48044
-0.076 8.20064 1.54254
-0.074 8.39118 1.6069
-0.072 8.58591 1.6735
-0.07 8.78479 1.74229
-0.068 8.98776 1.8132
-0.066 9.19473 1.88619
-0.064 9.40563 1.96119
-0.062 9.62036 2.03813
-0.06 9.83879 2.11693
-0.058 10.0608 2.19751
-0.056 10.2863 2.27977
-0.054 10.515 2.36361
-0.052 10.7468 2.44894
-0.05 10.9815 2.53564
-0.048 11.2189 2.62358
-0.046 11.4588 2.71265
-0.044 11.7009 2.80271
-0.042 11.9449 2.89362
-0.04 12.1906 2.98523
-0.038 12.4376 3.07738
-0.036 12.6856 3.16992
-0.034 12.9343 3.26267
-0.032 13.1833 3.35547
-0.03 13.4323 3.44813
-0.028 13.6808 3.54046
-0.026 13.9285 3.63229
-0.024 14.1748 3.72341
-0.022 14.4194 3.81363
-0.02 14.6618 3.90274
-0.018 14.9015 3.99054
-0.016 15.1381 4.07683
-0.014 15.371 4.16139
-0.012 15.5998 4.24402
-0.01 15.824 4.32452
-0.008 16.043 4.40267
-0.006 16.2564 4.47828
-0.004 16.4636 4.55113
-0.002 16.6642 4.62105
0 16.8575 4.68783
0.002 17.0433 4.75131
0.004 17.2209 4.81129
0.006 17.3898 4.8676
0.008 17.5497 4.92007
0.01 17.7 4.96855
0.012 17.8404 5.01288
0.014 17.9703 5.05295
0.016 18.0894 5.08862
0.018 18.1974 5.11979
0.02 18.2939 5.14636
0.022 18.3786 5.16824
0.024 18.4512 5.18537
0.026 18.5113 5.19769
0.028 18.5589 5.20515
0.03 18.5936 5.20773
0.032 18.6154 5.20541
0.034 18.624 5.19821
0.036 18.6193 5.18612
0.038 18.6013 5.16919
0.04 18.57 5.14746
0.042 18.5253 5.12099
0.044 18.4672 5.08984
0.046 18.3958 5.05412
0.048 18.3112 5.01391
0.05 18.2134 4.96932
0.052 18.1027 4.92049
0.054 17.9792 4.86755
0.056 17.8431 4.81063
0.058 17.6947 4.74991
0.06 17.5341 4.68553
0.062 17.3617 4.61768
0.064 17.1778 4.54654
0.066 16.9827 4.47228
0.068 16.7768 4.39512
0.07 16.5603 4.31523
0.072 16.3338 4.23284
0.074 16.0976 4.14814
0.076 15.8521 4.06135
0.078 15.5977 3.97267
0.08 15.335 3.88233
0.082 15.0642 3.79052
0.084 14.7861 3.69747
0.086 14.5008 3.60339
0.088 14.2091 3.50848
0.09 13.9113 3.41295
0.092 13.6079 3.31701
0.094 13.2994 3.22086
0.096 12.9864 3.12469
0.098 12.6692 3.02868
0.1 12.3484 2.93303
0.102 12.0245 2.83792
0.104 11.6979 2.74351
0.106 11.3691 2.64996
0.108 11.0387 2.55745
0.11 10.7069 2.4661
0.112 10.3744 2.37608
0.114 10.0416 2.28751
0.116 9.70883 2.20051
0.118 9.37661 2.1152
0.12 9.04532 2.0317
0.122 8.71539 1.95009
0.124 8.38721 1.87047
0.126 8.06116 1.79292
0.128 7.73761 1.71751
0.13 7.41692 1.64431
0.132 7.09943 1.57337
0.134 6.78548 1.50473
0.136 6.47538 1.43845
0.138 6.16944 1.37454
0.14 5.86794 1.31304
0.142 5.57115 1.25394
0.144 5.27935 1.19727
0.146 4.99276 1.14303
0.148 4.71162 1.0912
0.15 4.43615 1.04177
0.152 4.16655 0.994729
0.154 3.903 0.950045
0.156 3.64567 0.90769
0.158 3.39472 0.867627
0.16 3.15029 0.829816
0.162 2.91251 0.794211
0.164 2.68149 0.760762
0.166 2.45733 0.729417
0.168 2.24012 0.700118
0.17 2.02994 0.672805
0.172 1.82683 0.647415
0.174 1.63085 0.623882
0.176 1.44204 0.60214
0.178 1.2604 0.582117
0.18 1.08595 0.563743
0.182 0.918686 0.546945
0.184 0.758594 0.531649
0.186 0.605647 0.517781
0.188 0.459806 0.505265
0.19 0.321023 0.494027
0.192 0.189239 0.48399
0.194 0.0643851 0.475079
0.196 -0.0536179 0.467218
0.198 -0.164858 0.460334
0.2 -0.269434 0.454351
0.202 -0.367451 0.449198
0.204 -0.459025 0.4448
0.206 -0.544278 0.441088
0.208 -0.623341 0.437992
0.21 -0.696352 0.435442
0.212 -0.763455 0.433373
0.214 -0.824803 0.431718
0.216 -0.880554 0.430415
0.218 -0.930869 0.4294
0.22 -0.975918 0.428614
0.222 -1.01588 0.428
0.224 -1.05092 0.427501
0.226 -1.08123 0.427063
0.228 -1.10699 0.426636
0.23 -1.1284 0.426168
0.232 -1.14563 0.425614
0.234 -1.1589 0.424929
0.236 -1.16839 0.42407
0.238 -1.17429 0.422998
0.24 -1.17681 0.421675
0.242 -1.17615 0.420067
0.244 -1.1725 0.418141
0.246 -1.16605 0.415868
0.248 -1.15701 0.413221
0.25 -1.14557 0.410177
0.252 -1.13192 0.406712
0.254 -1.11624 0.402809
0.256 -1.09873 0.398452
0.258 -1.07957 0.393627
0.26 -1.05894 0.388323
0.262 -1.03701 0.382534
0.264 -1.01396 0.376253
0.266 -0.989939 0.369478
0.268 -0.965119 0.362209
0.27 -0.939651 0.354449
0.272 -0.913684 0.346204
0.274 -0.887358 0.33748
0.276 -0.860808 0.32829
0.278 -0.834163 0.318644
0.28 -0.807543 0.308559
0.282 -0.781062 0.298051
0.284 -0.754828 0.287141
0.286 -0.728937 0.275848
0.288 -0.703482 0.264198
0.29 -0.678545 0.252214
0.292 -0.654204 0.239924
0.294 -0.630525 0.227356
0.296 -0.60757 0.21454
0.298 -0.585392 0.201506
0.3 -0.564036 0.188288
0.302 -0.54354 0.174918
0.304 -0.523936 0.16143
0.306 -0.505248 0.147858
0.308 -0.487493 0.134238
0.31 -0.470684 0.120604
0.312 -0.454824 0.106993
0.314 -0.439913 0.0934388
0.316 -0.425944 0.0799775
0.318 -0.412907 0.0666437
0.32 -0.400784 0.0534714
0.322 -0.389555 0.0404942
0.324 -0.379193 0.0277448
0.326 -0.369672 0.0152548
0.328 -0.360957 0.00305476
0.33 -0.353015 -0.00882621
0.332 -0.345806 -0.0203603
0.334 -0.33929 -0.0315211
0.336 -0.333427 -0.0422842
0.338 -0.328171 -0.0526266
0.34 -0.323478 -0.0625272
0.342 -0.319303 -0.071967
0.344 -0.3156 -0.0809288
0.346 -0.312322 -0.0893974
0.348 -0.309423 -0.0973598
0.35 -0.306858 -0.104805
0.352 -0.304581 -0.111724
0.354 -0.30255 -0.118111
0.356 -0.30072 -0.123961
0.358 -0.29905 -0.129271
0.36 -0.297502 -0.134041
0.362 -0.296035 -0.138273
0.364 -0.294615 -0.141971
0.366 -0.293208 -0.14514
0.368 -0.29178 -0.147788
0.37 -0.290302 -0.149924
0.372 -0.288747 -0.15156
0.374 -0.28709 -0.152707
0.376 -0.285307 -0.153382
0.378 -0.283378 -0.153598
0.38 -0.281285 -0.153374
0.382 -0.279012 -0.152728
0.384 -0.276545 -0.151678
0.386 -0.273873 -0.150246
0.388 -0.270987 -0.148452
0.39 -0.26788 -0.146318
0.392 -0.264547 -0.143868
0.394 -0.260986 -0.141123
0.396 -0.257194 -0.138107
0.398 -0.253172 -0.134845
0.4 -0.248924 -0.131358
0.402 -0.244452 -0.127672
0.404 -0.239762 -0.123809
0.406 -0.234861 -0.119794
0.408 -0.229756 -0.115648
0.41 -0.224456 -0.111394
0.412 -0.218971 -0.107055
0.414 -0.213313 -0.102651
0.416 -0.207491 -0.0982041
0.418 -0.20152 -0.0937328
0.42 -0.195411 -0.0892566
0.422 -0.189178 -0.0847934
0.424 -0.182835 -0.0803604
0.426 -0.176395 -0.0759735
0.428 -0.169874 -0.0716477
0.43 -0.163285 -0.067397
0.432 -0.156643 -0.0632339
0.434 -0.149963 -0.0591702
0.436 -0.143261 -0.0552162
0.438 -0.13655 -0.0513814
0.44 -0.129845 -0.0476737
0.442 -0.123161 -0.0441003
0.444 -0.116513 -0.040667
0.446 -0.109915 -0.0373787
0.448 -0.103381 -0.0342391
0.45 -0.0969249 -0.0312508
0.452 -0.0905617 -0.0284158
0.454 -0.0843048 -0.0257349
0.456 -0.0781678 -0.0232079
0.458 -0.0721643 -0.0208341
0.46 -0.0663077 -0.0186118
0.462 -0.0606113 -0.0165389
0.464 -0.0550883 -0.0146124
0.466 -0.0497518 -0.0128289
0.468 -0.0446147 -0.0111846
0.47 -0.03969 -0.00967517
0.472 -0.0349905 -0.00829605
0.474 -0.0305291 -0.00704244
0.476 -0.0263185 -0.00590936
0.478 -0.0223715 -0.00489176
0.48 -0.0187008 -0.00398459
0.482 -0.0153193 -0.00318283
0.484 -0.0122396 -0.00248164
0.486 -0.00947459 -0.00187633
0.488 -0.00703695 -0.00136249
0.49 -0.00493947 -0.000936033
0.492 -0.00319491 -0.000593242
0.494 -0.00181601 -0.000330818
0.496 -0.000815475 -0.000145931
0.498 -0.00020595 -3.62545e-05
0.05 7.13006 2.15956
0.1 7.13002 2.15945
0.15 7.12997 2.15928
0.2 7.1299 2.15903
0.25 7.1298 2.15871
0.3 7.12968 2.15832
0.35 7.12954 2.15786
0.4 7.12938 2.15733
0.45 7.12919 2.15673
0.5 7.12899 2.15605
0.55 7.12876 2.15531
0.6 7.12851 2.1545
0.65 7.12823 2.15361
0.7 7.12793 2.15266
0.75 7.12761 2.15163
0.8 7.12726 2.15054
0.85 7.12688 2.14937
0.9 7.12648 2.14813
0.95 7.12606 2.14683
1 7.1256 2.14545
1.05 7.12513 2.14401
1.1 7.12462 2.14249
1.15 7.12408 2.14091
1.2 7.12352 2.13925
1.25 7.12292 2.13753
1.3 7.1223 2.13573
1.35 7.12164 2.13387
1.4 7.12095 2.13194
1.45 7.12023 2.12994
1.5 7.11948 2.12787
1.55 7.11869 2.12573
1.6 7.11786 2.12352
1.65 7.117 2.12125
1.7 7.1161 2.11891
1.75 7.11517 2.1165
1.8 7.11419 2.11402
1.85 7.11318 2.11147
1.9 7.11212 2.10886
1.95 7.11103 2.10618
2 7.10989 2.10343
2.05 7.1087 2.10062
2.1 7.10747 2.09773
2.15 7.1062 2.09479
2.2 7.10487 2.09177
2.25 7.1035 2.08869
2.3 7.10208 2.08555
2.35 7.10061 2.08234
2.4 7.09909 2.07906
2.45 7.09751 2.07572
2.5 7.09588 2.07232
2.55 7.09419 2.06885
2.6 7.09245 2.06531
2.65 7.09064 2.06172
2.7 7.08878 2.05805
2.75 7.08686 2.05433
2.8 7.08487 2.05054
2.85 7.08282 2.04669
2.9 7.08071 2.04278
2.95 7.07853 2.0388
3 7.07628 2.03476
3.05 7.07397 2.03067
3.1 7.07158 2.02651
3.15 7.06912 2.02228
3.2 7.06659 2.018
3.25 7.06398 2.01366
3.3 7.0613 2.00926
3.35 7.05854 2.0048
3.4 7.0557 2.00028
3.45 7.05278 1.9957
3.5 7.04978 1.99106
3.55 7.0467 1.98637
3.6 7.04353 1.98161
3.65 7.04027 1.9768
3.7 7.03693 1.97193
3.75 7.0335 1.96701
3.8 7.02997 1.96203
3.85 7.02636 1.95699
3.9 7.02265 1.9519
3.95 7.01885 1.94676
4 7.01494 1.94156
4.05 7.01095 1.9363
4.1 7.00685 1.93099
4.15 7.00265 1.92563
4.2 6.99835 1.92022
4.25 6.99394 1.91475
4.3 6.98943 1.90923
4.35 6.98481 1.90366
4.4 6.98009 1.89804
4.45 6.97525 1.89237
4.5 6.9703 1.88665
4.55 6.96524 1.88088
4.6 6.96007 1.87506
4.65 6.95478 1.8692
4.7 6.94937 1.86328
4.75 6.94385 1.85732
4.8 6.93821 1.85131
4.85 6.93244 1.84525
4.9 6.92655 1.83915
4.95 6.92054 1.833
5 6.9144 1.82681
5.05 6.90814 1.82058
5.1 6.90175 1.8143
5.15 6.89523 1.80797
5.2 6.88858 1.80161
5.25 6.8818 1.7952
5.3 6.87488 1.78875
5.35 6.86784 1.78226
5.4 6.86065 1.77574
5.45 6.85333 1.76917
5.5 6.84587 1.76256
5.55 6.83828 1.75591
5.6 6.83054 1.74923
5.65 6.82266 1.7425
5.7 6.81464 1.73575
5.75 6.80648 1.72895
5.8 6.79817 1.72212
5.85 6.78972 1.71526
5.9 6.78112 1.70836
5.95 6.77237 1.70143
6 6.76347 1.69446
6.05 6.75443 1.68746
6.1 6.74523 1.68044
6.15 6.73589 1.67338
6.2 6.72639 1.66629
6.25 6.71674 1.65917
6.3 6.70693 1.65202
6.35 6.69698 1.64484
6.4 6.68686 1.63764
6.45 6.67659 1.63041
6.5 6.66617 1.62315
6.55 6.65558 1.61587
6.6 6.64484 1.60856
6.65 6.63394 1.60123
6.7 6.62288 1.59387
6.75 6.61166 1.5865
6.8 6.60028 1.5791
6.85 6.58874 1.57167
6.9 6.57704 1.56423
6.95 6.56518 1.55677
7 6.55315 1.54929
7.05 6.54096 1.54179
7.1 6.52861 1.53428
7.15 6.5161 1.52675
7.2 6.50342 1.5192
7.25 6.49058 1.51163
7.3 6.47757 1.50405
7.35 6.46441 1.49646
7.4 6.45107 1.48885
7.45 6.43757 1.48123
7.5 6.42391 1.4736
7.55 6.41009 1.46596
7.6 6.39609 1.45831
7.65 6.38194 1.45065
7.7 6.36762 1.44298
7.75 6.35313 1.4353
7.8 6.33848 1.42762
7.85 6.32367 1.41993
7.9 6.30869 1.41223
7.95 6.29355 1.40453
8 6.27825 1.39682
8.05 6.26278 1.38912
8.1 6.24715 1.3814
8.15 6.23136 1.37369
8.2 6.2154 1.36598
8.25 6.19929 1.35826
8.3 6.18301 1.35055
8.35 6.16657 1.34284
8.4 6.14997 1.33513
8.45 6.13321 1.32742
8.5 6.1163 1.31972
8.55 6.09922 1.31202
8.6 6.08198 1.30432
8.65 6.06459 1.29664
8.7 6.04705 1.28895
8.75 6.02934 1.28128
8.8 6.01149 1.27362
8.85 5.99347 1.26596
8.9 5.97531 1.25831
8.95 5.95699 1.25068
9 5.93852 1.24305
9.05 5.91991 1.23544
9.1 5.90114 1.22784
9.15 5.88222 1.22026
9.2 5.86316 1.21269
9.25 5.84395 1.20513
9.3 5.8246 1.19759
9.35 5.8051 1.19007
9.4 5.78546 1.18256
9.45 5.76568 1.17507
9.5 5.74575 1.16761
9.55 5.72569 1.16016
9.6 5.70549 1.15273
9.65 5.68516 1.14532
9.7 5.66469 1.13793
9.75 5.64409 1.13057
9.8 5.62335 1.12323
9.85 5.60249 1.11592
9.9 5.58149 1.10863
9.95 5.56037 1.10136
10 5.53912 1.09412
10.05 5.51775 1.08691
10.1 5.49626 1.07972
10.15 5.47464 1.07257
10.2 5.45291 1.06544
10.25 5.43105 1.05834
10.3 5.40908 1.05128
10.35 5.387 1.04424
10.4 5.3648 1.03724
10.45 5.3425 1.03026
10.5 5.32008 1.02332
10.55 5.29755 1.01642
10.6 5.27493 1.00955
10.65 5.25219 1.00271
10.7 5.22936 0.995909
10.75 5.20642 0.989144
10.8 5.18339 0.982416
10.85 5.16026 0.975726
10.9 5.13704 0.969073
10.95 5.11373 0.96246
11 5.09032 0.955885
11.05 5.06683 0.94935
11.1 5.04325 0.942856
11.15 5.01959 0.936402
11.2 4.99585 0.92999
11.25 4.97203 0.92362
11.3 4.94813 0.917292
11.35 4.92415 0.911008
11.4 4.9001 0.904768
11.45 4.87598 0.898571
11.5 4.85179 0.892419
11.55 4.82753 0.886313
11.6 4.80321 0.880252
11.65 4.77883 0.874237
11.7 4.75438 0.868269
11.75 4.72988 0.862349
11.8 4.70532 0.856475
11.85 4.68071 0.85065
11.9 4.65605 0.844873
11.95 4.63134 0.839145
12 4.60658 0.833467
12.05 4.58178 0.827838
12.1 4.55693 0.82226
12.15 4.53205 0.816732
12.2 4.50712 0.811254
12.25 4.48216 0.805829
12.3 4.45717 0.800454
12.35 4.43215 0.795132
12.4 4.40709 0.789862
12.45 4.38202 0.784645
12.5 4.35691 0.779481
12.55 4.33179 0.774371
12.6 4.30665 0.769313
12.65 4.28149 0.76431
12.7 4.25631 0.759361
12.75 4.23112 0.754467
12.8 4.20592 0.749627
12.85 4.18072 0.744842
12.9 4.15551 0.740112
12.95 4.13029 0.735438
13 4.10507 0.730819
13.05 4.07986 0.726257
13.1 4.05464 0.72175
13.15 4.02944 0.717299
13.2 4.00424 0.712905
13.25 3.97905 0.708568
13.3 3.95387 0.704287
13.35 3.92871 0.700063
13.4 3.90357 0.695895
13.45 3.87844 0.691785
13.5 3.85334 0.687732
13.55 3.82825 0.683737
13.6 3.8032 0.679798
13.65 3.77817 0.675917
13.7 3.75317 0.672094
13.75 3.72821 0.668328
13.8 3.70327 0.664619
13.85 3.67838 0.660968
13.9 3.65352 0.657375
13.95 3.6287 0.653839
14 3.60393 0.650361
14.05 3.5792 0.64694
14.1 3.55451 0.643576
14.15 3.52988 0.64027
14.2 3.50529 0.637021
14.25 3.48076 0.63383
14.3 3.45629 0.630696
14.35 3.43187 0.627618
14.4 3.4075 0.624598
14.45 3.3832 0.621635
14.5 3.35896 0.618728
14.55 3.33479 0.615878
14.6 3.31068 0.613084
14.65 3.28664 0.610347
14.7 3.26266 0.607666
14.75 3.23876 0.60504
14.8 3.21494 0.60247
14.85 3.19118 0.599956
14.9 3.16751 0.597497
14.95 3.14391 0.595093
15 3.12039 0.592744
15.05 3.09696 0.590449
15.1 3.0736 0.588209
15.15 3.05034 0.586022
15.2 3.02716 0.583889
15.25 3.00406 0.58181
15.3 2.98106 0.579784
15.35 2.95815 0.57781
15.4 2.93533 0.575889
15.45 2.9126 0.57402
15.5 2.88997 0.572203
15.55 2.86744 0.570437
15.6 2.845 0.568722
15.65 2.82267 0.567058
15.7 2.80043 0.565444
15.75 2.7783 0.56388
15.8 2.75627 0.562365
15.85 2.73434 0.5609
15.9 2.71252 0.559482
15.95 2.69081 0.558114
16 2.66921 0.556792
16.05 2.64771 0.555518
16.1 2.62633 0.554291
16.15 2.60506 0.55311
16.2 2.5839 0.551975
16.25 2.56285 0.550886
16.3 2.54192 0.549841
16.35 2.5211 0.54884
16.4 2.5004 0.547884
16.45 2.47982 0.54697
16.5 2.45935 0.5461
16.55 2.43901 0.545271
16.6 2.41878 0.544484
16.65 2.39868 0.543739
16.7 2.37869 0.543034
16.75 2.35883 0.542369
16.8 2.33909 0.541743
16.85 2.31947 0.541156
16.9 2.29998 0.540608
16.95 2.28061 0.540097
17 2.26137 0.539623
17.05 2.24225 0.539186
17.1 2.22326 0.538784
17.15 2.2044 0.538417
17.2 2.18566 0.538086
17.25 2.16706 0.537788
17.3 2.14858 0.537523
17.35 2.13022 0.537291
17.4 2.112 0.537091
17.45 2.09391 0.536923
17.5 2.07594 0.536785
17.55 2.05811 0.536677
17.6 2.0404 0.536599
17.65 2.02282 0.536549
17.7 2.00538 0.536528
17.75 1.98806 0.536534
17.8 1.97088 0.536566
17.85 1.95383 0.536625
17.9 1.9369 0.536708
17.95 1.92011 0.536817
18 1.90345 0.536949
18.05 1.88692 0.537105
18.1 1.87052 0.537283
18.15 1.85425 0.537483
18.2 1.83811 0.537704
18.25 1.8221 0.537945
18.3 1.80622 0.538206
18.35 1.79048 0.538487
18.4 1.77486 0.538785
18.45 1.75937 0.539101
18.5 1.74401 0.539434
18.55 1.72878 0.539783
18.6 1.71368 0.540148
18.65 1.69871 0.540527
18.7 1.68387 0.540921
18.75 1.66915 0.541327
18.8 1.65456 0.541747
18.85 1.6401 0.542178
18.9 1.62577 0.54262
18.95 1.61156 0.543073
19 1.59748 0.543535
19.05 1.58352 0.544007
19.1 1.56969 0.544487
19.15 1.55598 0.544974
19.2 1.5424 0.545469
19.25 1.52894 0.545969
19.3 1.5156 0.546475
19.35 1.50238 0.546986
19.4 1.48929 0.547501
19.45 1.47632 0.54802
19.5 1.46347 0.548541
19.55 1.45073 0.549064
19.6 1.43812 0.549589
19.65 1.42562 0.550114
19.7 1.41324 0.550639
19.75 1.40098 0.551163
19.8 1.38884 0.551686
19.85 1.3768 0.552207
19.9 1.36489 0.552725
19.95 1.35309 0.55324
20 1.3414 0.553751
20.05 1.32982 0.554257
20.1 1.31835 0.554758
20.15 1.30699 0.555253
20.2 1.29575 0.555741
20.25 1.28461 0.556222
20.3 1.27358 0.556695
20.35 1.26266 0.55716
20.4 1.25184 0.557615
20.45 1.24113 0.558061
20.5 1.23052 0.558496
20.55 1.22001 0.558921
20.6 1.20961 0.559334
20.65 1.19931 0.559735
20.7 1.18911 0.560123
20.75 1.17901 0.560498
20.8 1.169 0.560859
20.85 1.1591 0.561206
20.9 1.14929 0.561537
20.95 1.13957 0.561854
21 1.12995 0.562154
21.05 1.12043 0.562438
21.1 1.111 0.562704
21.15 1.10165 0.562954
21.2 1.0924 0.563185
21.25 1.08324 0.563397
21.3 1.07417 0.56359
21.35 1.06518 0.563764
21.4 1.05628 0.563918
21.45 1.04747 0.564051
21.5 1.03874 0.564164
21.55 1.03009 0.564255
21.6 1.02153 0.564324
21.65 1.01305 0.56437
21.7 1.00464 0.564394
21.75 0.996321 0.564395
21.8 0.988076 0.564373
21.85 0.979908 0.564326
21.9 0.971817 0.564256
21.95 0.9638 0.56416
22 0.955858 0.56404
22.05 0.947989 0.563894
22.1 0.940191 0.563722
22.15 0.932465 0.563524
22.2 0.924809 0.5633
22.25 0.917221 0.563049
22.3 0.909702 0.562771
22.35 0.90225 0.562466
22.4 0.894863 0.562133
22.45 0.887542 0.561772
22.5 0.880285 0.561382
22.55 0.87309 0.560965
22.6 0.865958 0.560518
22.65 0.858887 0.560043
22.7 0.851876 0.559538
22.75 0.844924 0.559004
22.8 0.83803 0.558441
22.85 0.831193 0.557847
22.9 0.824413 0.557224
22.95 0.817688 0.55657
23 0.811017 0.555886
23.05 0.8044 0.555171
23.1 0.797835 0.554425
23.15 0.791323 0.553649
23.2 0.784861 0.552842
23.25 0.778448 0.552004
23.3 0.772085 0.551134
23.35 0.765771 0.550233
23.4 0.759503 0.549301
23.45 0.753282 0.548337
23.5 0.747107 0.547341
23.55 0.740976 0.546314
23.6 0.734889 0.545256
23.65 0.728846 0.544165
23.7 0.722845 0.543043
23.75 0.716886 0.541889
23.8 0.710967 0.540703
23.85 0.705089 0.539486
23.9 0.699249 0.538236
23.95 0.693449 0.536955
24 0.687686 0.535642
24.05 0.681961 0.534298
24.1 0.676271 0.532922
24.15 0.670618 0.531514
24.2 0.665 0.530074
24.25 0.659416 0.528603
24.3 0.653865 0.527101
24.35 0.648348 0.525568
24.4 0.642863 0.524003
24.45 0.63741 0.522407
24.5 0.631989 0.52078
24.55 0.626598 0.519123
24.6 0.621236 0.517435
24.65 0.615905 0.515716
24.7 0.610602 0.513966
24.75 0.605328 0.512187
24.8 0.600081 0.510377
24.85 0.594862 0.508538
24.9 0.589669 0.506669
24.95 0.584503 0.50477
25 0.579362 0.502843
25.05 0.574247 0.500886
25.1 0.569157 0.4989
25.15 0.564091 0.496886
25.2 0.559049 0.494843
25.25 0.554031 0.492772
25.3 0.549036 0.490673
25.35 0.544064 0.488547
25.4 0.539114 0.486393
25.45 0.534186 0.484213
25.5 0.529279 0.482005
25.55 0.524394 0.479771
25.6 0.51953 0.477511
25.65 0.514687 0.475225
25.7 0.509864 0.472913
25.75 0.505061 0.470576
25.8 0.500278 0.468214
25.85 0.495514 0.465827
25.9 0.49077 0.463416
25.95 0.486045 0.460982
26 0.481338 0.458523
26.05 0.47665 0.456041
26.1 0.47198 0.453537
26.15 0.467329 0.45101
26.2 0.462695 0.44846
26.25 0.458079 0.445889
26.3 0.453481 0.443297
26.35 0.4489 0.440684
26.4 0.444336 0.43805
26.45 0.43979 0.435395
26.5 0.43526 0.432721
26.55 0.430748 0.430027
26.6 0.426252 0.427315
26.65 0.421773 0.424584
26.7 0.417311 0.421834
26.75 0.412865 0.419067
26.8 0.408436 0.416282
26.85 0.404024 0.413481
26.9 0.399627 0.410663
26.95 0.395248 0.407829
27 0.390884 0.404979
27.05 0.386537 0.402114
27.1 0.382206 0.399235
27.15 0.377892 0.396341
27.2 0.373594 0.393433
27.25 0.369312 0.390512
27.3 0.365047 0.387578
27.35 0.360798 0.384631
27.4 0.356566 0.381672
27.45 0.35235 0.378702
27.5 0.348151 0.375721
27.55 0.343968 0.372728
27.6 0.339802 0.369726
27.65 0.335653 0.366714
27.7 0.331521 0.363693
27.75 0.327406 0.360663
27.8 0.323308 0.357624
27.85 0.319228 0.354578
27.9 0.315164 0.351524
27.95 0.311118 0.348463
28 0.30709 0.345396
28.05 0.303079 0.342322
28.1 0.299086 0.339244
28.15 0.295112 0.33616
28.2 0.291155 0.333071
28.25 0.287216 0.329979
28.3 0.283296 0.326882
28.35 0.279395 0.323783
28.4 0.275512 0.32068
28.45 0.271648 0.317576
28.5 0.267803 0.314469
28.55 0.263977 0.311361
28.6 0.260171 0.308253
28.65 0.256385 0.305144
28.7 0.252618 0.302034
28.75 0.248871 0.298926
28.8 0.245144 0.295818
28.85 0.241437 0.292712
28.9 0.237751 0.289607
28.95 0.234086 0.286505
29 0.230442 0.283405
29.05 0.226819 0.280309
29.1 0.223217 0.277216
29.15 0.219636 0.274127
29.2 0.216077 0.271042
29.25 0.21254 0.267963
29.3 0.209026 0.264888
29.35 0.205533 0.26182
29.4 0.202063 0.258758
29.45 0.198615 0.255702
29.5 0.195191 0.252653
29.55 0.191789 0.249612
29.6 0.188411 0.246578
29.65 0.185056 0.243553
29.7 0.181725 0.240536
29.75 0.178418 0.237528
29.8 0.175135 0.234529
29.85 0.171876 0.231541
29.9 0.168642 0.228562
29.95 0.165432 0.225594
30 0.162247 0.222637
30.05 0.159087 0.219691
30.1 0.155952 0.216757
30.15 0.152843 0.213835
30.2 0.149759 0.210925
30.25 0.146701 0.208028
30.3 0.143669 0.205144
30.35 0.140662 0.202273
30.4 0.137682 0.199416
30.45 0.134729 0.196573
30.5 0.131802 0.193744
30.55 0.128902 0.19093
30.6 0.126028 0.188132
30.65 0.123182 0.185348
30.7 0.120363 0.18258
30.75 0.117571 0.179828
30.8 0.114807 0.177092
30.85 0.11207 0.174373
30.9 0.109361 0.17167
30.95 0.106679 0.168984
31 0.104026 0.166316
31.05 0.101401 0.163665
31.1 0.0988041 0.161033
31.15 0.0962354 0.158418
31.2 0.0936952 0.155822
31.25 0.0911835 0.153244
31.3 0.0887004 0.150685
31.35 0.0862459 0.148145
31.4 0.0838203 0.145624
31.45 0.0814235 0.143123
31.5 0.0790557 0.140641
31.55 0.0767168 0.138179
31.6 0.074407 0.135738
31.65 0.0721264 0.133317
31.7 0.0698749 0.130916
31.75 0.0676526 0.128536
31.8 0.0654596 0.126176
31.85 0.0632959 0.123838
31.9 0.0611615 0.121521
31.95 0.0590565 0.119225
32 0.0569809 0.11695
32.05 0.0549346 0.114698
32.1 0.0529177 0.112467
32.15 0.0509303 0.110257
32.2 0.0489722 0.10807
32.25 0.0470435 0.105905
32.3 0.0451442 0.103762
32.35 0.0432742 0.101642
32.4 0.0414335 0.0995434
32.45 0.0396221 0.0974679
32.5 0.03784 0.0954149
32.55 0.036087 0.0933846
32.6 0.0343633 0.0913772
32.65 0.0326686 0.0893925
32.7 0.0310029 0.0874308
32.75 0.0293662 0.0854921
32.8 0.0277584 0.0835764
32.85 0.0261795 0.0816837
32.9 0.0246292 0.0798142
32.95 0.0231076 0.0779678
33 0.0216145 0.0761446
33.05 0.0201499 0.0743446
33.1 0.0187136 0.0725678
33.15 0.0173056 0.0708143
33.2 0.0159256 0.069084
33.25 0.0145736 0.067377
33.3 0.0132495 0.0656932
33.35 0.0119531 0.0640326
33.4 0.0106843 0.0623952
33.45 0.0094429 0.060781
33.5 0.00822879 0.05919
33.55 0.00704182 0.0576222
33.6 0.00588181 0.0560774
33.65 0.00474861 0.0545558
33.7 0.00364204 0.0530571
33.75 0.00256194 0.0515814
33.8 0.00150811 0.0501286
33.85 0.000480382 0.0486987
33.9 -0.000521442 0.0472915
33.95 -0.00149755 0.0459071
34 -0.00244815 0.0445453
34.05 -0.00337343 0.043206
34.1 -0.00427361 0.0418893
34.15 -0.0051489 0.0405949
34.2 -0.0059995 0.0393228
34.25 -0.00682565 0.0380729
34.3 -0.00762756 0.0368452
34.35 -0.00840546 0.0356394
34.4 -0.00915959 0.0344554
34.45 -0.00989017 0.0332933
34.5 -0.0105975 0.0321527
34.55 -0.0112817 0.0310338
34.6 -0.0119431 0.0299362
34.65 -0.0125819 0.0288598
34.7 -0.0131984 0.0278046
34.75 -0.0137929 0.0267704
34.8 -0.0143655 0.0257571
34.85 -0.0149167 0.0247644
34.9 -0.0154465 0.0237923
34.95 -0.0159553 0.0228406
35 -0.0164434 0.0219092
35.05 -0.0169111 0.0209979
35.1 -0.0173585 0.0201065
35.15 -0.017786 0.0192349
35.2 -0.0181939 0.0183829
35.25 -0.0185824 0.0175503
35.3 -0.0189519 0.016737
35.35 -0.0193026 0.0159427
35.4 -0.0196348 0.0151674
35.45 -0.0199487 0.0144108
35.5 -0.0202448 0.0136728
35.55 -0.0205232 0.0129531
35.6 -0.0207843 0.0122516
35.65 -0.0210283 0.0115681
35.7 -0.0212556 0.0109024
35.75 -0.0214665 0.0102542
35.8 -0.0216612 0.0096235
35.85 -0.02184 0.00900998
35.9 -0.0220033 0.00841346
35.95 -0.0221514 0.00783375
36 -0.0222845 0.00727064
36.05 -0.0224029 0.00672393
36.1 -0.022507 0.00619341
36.15 -0.022597 0.00567887
36.2 -0.0226733 0.00518011
36.25 -0.0227361 0.00469691
36.3 -0.0227858 0.00422907
36.35 -0.0228227 0.00377638
36.4 -0.022847 0.00333861
36.45 -0.0228591 0.00291556
36.5 -0.0228592 0.00250701
36.55 -0.0228476 0.00211274
36.6 -0.0228248 0.00173254
36.65 -0.0227908 0.0013662
36.7 -0.0227461 0.00101349
36.75 -0.022691 0.000674197
36.8 -0.0226257 0.000348102
36.85 -0.0225505 3.49879e-05
36.9 -0.0224658 -0.000265365
36.95 -0.0223717 -0.000553176
37 -0.0222687 -0.000828664
37.05 -0.0221569 -0.00109205
37.1 -0.0220367 -0.00134355
37.15 -0.0219084 -0.00158338
37.2 -0.0217722 -0.00181176
37.25 -0.0216284 -0.00202892
37.3 -0.0214774 -0.00223507
37.35 -0.0213193 -0.00243042
37.4 -0.0211544 -0.0026152
37.45 -0.0209831 -0.00278962
37.5 -0.0208055 -0.00295389
37.55 -0.020622 -0.00310824
37.6 -0.0204328 -0.00325287
37.65 -0.0202383 -0.00338801
37.7 -0.0200385 -0.00351386
37.75 -0.0198338 -0.00363064
37.8 -0.0196245 -0.00373856
37.85 -0.0194108 -0.00383783
37.9 -0.019193 -0.00392865
37.95 -0.0189712 -0.00401124
38 -0.0187458 -0.00408581
38.05 -0.018517 -0.00415255
38.1 -0.0182849 -0.00421167
38.15 -0.0180499 -0.00426339
38.2 -0.0178122 -0.00430789
38.25 -0.017572 -0.00434538
38.3 -0.0173295 -0.00437605
38.35 -0.017085 -0.00440011
38.4 -0.0168386 -0.00441775
38.45 -0.0165906 -0.00442916
38.5 -0.0163412 -0.00443454
38.55 -0.0160905 -0.00443408
38.6 -0.0158389 -0.00442796
38.65 -0.0155864 -0.00441638
38.7 -0.0153333 -0.00439951
38.75 -0.0150798 -0.00437754
38.8 -0.014826 -0.00435066
38.85 -0.0145722 -0.00431904
38.9 -0.0143186 -0.00428286
38.95 -0.0140652 -0.0042423
39 -0.0138123 -0.00419752
39.05 -0.01356 -0.0041487
39.1 -0.0133086 -0.00409602
39.15 -0.0130581 -0.00403963
39.2 -0.0128087 -0.0039797
39.25 -0.0125606 -0.00391639
39.3 -0.0123139 -0.00384987
39.35 -0.0120688 -0.0037803
39.4 -0.0118254 -0.00370782
39.45 -0.0115839 -0.00363259
39.5 -0.0113443 -0.00355477
39.55 -0.0111069 -0.0034745
39.6 -0.0108717 -0.00339193
39.65 -0.0106388 -0.00330721
39.7 -0.0104084 -0.00322047
39.75 -0.0101806 -0.00313185
39.8 -0.00995553 -0.0030415
39.85 -0.00973323 -0.00294955
39.9 -0.00951384 -0.00285612
39.95 -0.00929744 -0.00276135
40 -0.00908414 -0.00266537
40.05 -0.00887403 -0.00256831
40.1 -0.00866719 -0.00247027
40.15 -0.00846369 -0.00237139
40.2 -0.00826363 -0.00227178
40.25 -0.00806708 -0.00217155
40.3 -0.0078741 -0.00207082
40.35 -0.00768477 -0.0019697
40.4 -0.00749914 -0.0018683
40.45 -0.00731728 -0.00176671
40.5 -0.00713923 -0.00166505
40.55 -0.00696507 -0.00156341
40.6 -0.00679482 -0.00146188
40.65 -0.00662854 -0.00136057
40.7 -0.00646627 -0.00125957
40.75 -0.00630804 -0.00115896
40.8 -0.0061539 -0.00105884
40.85 -0.00600387 -0.000959283
40.9 -0.00585797 -0.000860377
40.95 -0.00571624 -0.000762202
41 -0.00557869 -0.000664834
41.05 -0.00544534 -0.000568349
41.1 -0.00531621 -0.000472818
41.15 -0.0051913 -0.000378314
41.2 -0.00507063 -0.000284902
41.25 -0.0049542 -0.000192648
41.3 -0.004842 -0.000101616
41.35 -0.00473405 -1.18656e-05
41.4 -0.00463033 7.65446e-05
41.45 -0.00453083 0.000163559
41.5 -0.00443556 0.000249123
41.55 -0.00434449 0.000333187
41.6 -0.00425761 0.0004157
41.65 -0.00417489 0.000496617
41.7 -0.00409633 0.000575892
41.75 -0.0040219 0.000653484
41.8 -0.00395156 0.000729351
41.85 -0.0038853 0.000803457
41.9 -0.00382307 0.000875765
41.95 -0.00376485 0.000946241
42 -0.00371061 0.00101485
42.05 -0.00366029 0.00108158
42.1 -0.00361387 0.00114638
42.15 -0.0035713 0.00120923
42.2 -0.00353254 0.00127012
42.25 -0.00349753 0.00132901
42.3 -0.00346624 0.00138589
42.35 -0.0034386 0.00144075
42.4 -0.00341458 0.00149356
42.45 -0.00339411 0.00154432
42.5 -0.00337714 0.001593
42.55 -0.00336362 0.00163961
42.6 -0.00335347 0.00168412
42.65 -0.00334665 0.00172654
42.7 -0.00334309 0.00176686
42.75 -0.00334273 0.00180507
42.8 -0.0033455 0.00184118
42.85 -0.00335133 0.00187518
42.9 -0.00336017 0.00190708
42.95 -0.00337194 0.00193687
43 -0.00338657 0.00196457
43.05 -0.003404 0.00199017
43.1 -0.00342414 0.00201369
43.15 -0.00344693 0.00203514
43.2 -0.0034723 0.00205451
43.25 -0.00350016 0.00207184
43.3 -0.00353046 0.00208712
43.35 -0.0035631 0.00210038
43.4 -0.00359802 0.00211162
43.45 -0.00363513 0.00212088
43.5 -0.00367437 0.00212815
43.55 -0.00371565 0.00213346
43.6 -0.00375889 0.00213684
43.65 -0.00380403 0.0021383
43.7 -0.00385096 0.00213786
43.75 -0.00389963 0.00213556
43.8 -0.00394995 0.0021314
43.85 -0.00400184 0.00212542
43.9 -0.00405522 0.00211765
43.95 -0.00411001 0.00210811
44 -0.00416614 0.00209682
44.05 -0.00422352 0.00208383
44.1 -0.00428207 0.00206915
44.15 -0.00434173 0.00205281
44.2 -0.0044024 0.00203486
44.25 -0.00446401 0.00201531
44.3 -0.00452648 0.0019942
44.35 -0.00458973 0.00197157
44.4 -0.0046537 0.00194745
44.45 -0.00471829 0.00192187
44.5 -0.00478344 0.00189486
44.55 -0.00484907 0.00186646
44.6 -0.0049151 0.00183672
44.65 -0.00498146 0.00180565
44.7 -0.00504808 0.0017733
44.75 -0.00511488 0.00173971
44.8 -0.00518179 0.00170491
44.85 -0.00524875 0.00166894
44.9 -0.00531567 0.00163184
44.95 -0.00538249 0.00159364
45 -0.00544915 0.00155439
45.05 -0.00551557 0.00151412
45.1 -0.00558169 0.00147287
45.15 -0.00564744 0.00143067
45.2 -0.00571276 0.00138758
45.25 -0.00577758 0.00134362
45.3 -0.00584184 0.00129883
45.35 -0.00590548 0.00125327
45.4 -0.00596845 0.00120695
45.45 -0.00603068 0.00115992
45.5 -0.00609211 0.00111223
45.55 -0.00615268 0.00106391
45.6 -0.00621235 0.00101499
45.65 -0.00627106 0.000965521
45.7 -0.00632876 0.000915537
45.75 -0.00638539 0.000865076
45.8 -0.0064409 0.000814177
45.85 -0.00649525 0.000762878
45.9 -0.0065484 0.000711216
45.95 -0.00660028 0.000659229
46 -0.00665087 0.000606953
46.05 -0.00670011 0.000554426
46.1 -0.00674797 0.000501684
46.15 -0.0067944 0.000448764
46.2 -0.00683937 0.000395701
46.25 -0.00688284 0.000342531
46.3 -0.00692477 0.000289288
46.35 -0.00696513 0.000236009
46.4 -0.0070039 0.000182727
46.45 -0.00704103 0.000129475
46.5 -0.00707649 7.62883e-05
46.55 -0.00711027 2.31988e-05
46.6 -0.00714233 -2.97608e-05
46.65 -0.00717264 -8.25583e-05
46.7 -0.00720119 -0.000135162
46.75 -0.00722795 -0.000187542
46.8 -0.00725291 -0.000239667
46.85 -0.00727603 -0.000291506
46.9 -0.00729732 -0.000343031
46.95 -0.00731674 -0.000394214
47 -0.00733428 -0.000445024
47.05 -0.00734994 -0.000495436
47.1 -0.0073637 -0.000545422
47.15 -0.00737555 -0.000594955
47.2 -0.00738548 -0.000644009
47.25 -0.00739349 -0.00069256
47.3 -0.00739957 -0.000740583
47.35 -0.00740371 -0.000788053
47.4 -0.00740591 -0.000834948
47.45 -0.00740618 -0.000881245
47.5 -0.0074045 -0.000926921
47.55 -0.00740089 -0.000971956
47.6 -0.00739535 -0.00101633
47.65 -0.00738787 -0.00106002
47.7 -0.00737847 -0.00110301
47.75 -0.00736715 -0.00114527
47.8 -0.00735392 -0.0011868
47.85 -0.00733879 -0.00122758
47.9 -0.00732177 -0.00126758
47.95 -0.00730288 -0.00130679
48 -0.00728211 -0.0013452
48.05 -0.0072595 -0.00138279
48.1 -0.00723505 -0.00141955
48.15 -0.00720879 -0.00145546
48.2 -0.00718072 -0.00149052
48.25 -0.00715088 -0.0015247
48.3 -0.00711927 -0.00155801
48.35 -0.00708592 -0.00159042
48.4 -0.00705086 -0.00162193
48.45 -0.0070141 -0.00165254
48.5 -0.00697566 -0.00168222
48.55 -0.00693559 -0.00171098
48.6 -0.00689389 -0.0017388
48.65 -0.00685061 -0.00176568
48.7 -0.00680576 -0.00179162
48.75 -0.00675937 -0.0018166
48.8 -0.00671148 -0.00184063
48.85 -0.00666211 -0.0018637
48.9 -0.0066113 -0.00188581
48.95 -0.00655908 -0.00190695
49 -0.00650548 -0.00192713
49.05 -0.00645053 -0.00194633
49.1 -0.00639427 -0.00196457
49.15 -0.00633673 -0.00198184
49.2 -0.00627795 -0.00199813
49.25 -0.00621797 -0.00201346
49.3 -0.00615682 -0.00202783
49.35 -0.00609453 -0.00204123
49.4 -0.00603115 -0.00205367
49.45 -0.00596672 -0.00206515
49.5 -0.00590126 -0.00207567
49.55 -0.00583483 -0.00208525
49.6 -0.00576745 -0.00209388
49.65 -0.00569918 -0.00210158
49.7 -0.00563004 -0.00210834
49.75 -0.00556008 -0.00211417
49.8 -0.00548935 -0.00211908
49.85 -0.00541787 -0.00212308
49.9 -0.00534569 -0.00212618
49.95 -0.00527286 -0.00212838
50 -0.00519941 -0.00212969
