-0.498 -0.000170826 2.59294e-06
-0.496 -0.000687703 2.55578e-06
-0.494 -0.00155713 -1.22576e-05
-0.492 -0.00278542 -5.44869e-05
-0.49 -0.0043786 -0.000137177
-0.488 -0.00634236 -0.000273684
-0.486 -0.00868195 -0.000477584
-0.484 -0.0114021 -0.000762571
-0.482 -0.014507 -0.00114237
-0.48 -0.0180001 -0.00163061
-0.478 -0.0218842 -0.00224077
-0.476 -0.0261611 -0.00298603
-0.474 -0.030832 -0.00387919
-0.472 -0.035897 -0.0049326
-0.47 -0.0413551 -0.00615801
-0.468 -0.0472043 -0.0075665
-0.466 -0.0534415 -0.00916838
-0.464 -0.0600625 -0.0109731
-0.462 -0.0670615 -0.0129892
-0.46 -0.0744318 -0.0152241
-0.458 -0.0821651 -0.0176843
-0.456 -0.090252 -0.0203747
-0.454 -0.0986814 -0.0232994
-0.452 -0.107441 -0.026461
-0.45 -0.116517 -0.0298604
-0.448 -0.125893 -0.0334976
-0.446 -0.135554 -0.0373707
-0.444 -0.145481 -0.0414763
-0.442 -0.155653 -0.0458095
-0.44 -0.16605 -0.0503637
-0.438 -0.176648 -0.0551307
-0.436 -0.187424 -0.0601008
-0.434 -0.198351 -0.0652622
-0.432 -0.209402 -0.0706018
-0.43 -0.220548 -0.0761047
-0.428 -0.231759 -0.0817544
-0.426 -0.243004 -0.0875326
-0.424 -0.25425 -0.0934194
-0.422 -0.265463 -0.0993935
-0.42 -0.276607 -0.105432
-0.418 -0.287646 -0.11151
-0.416 -0.298543 -0.117602
-0.414 -0.309258 -0.123681
-0.412 -0.319753 -0.129718
-0.41 -0.329987 -0.135683
-0.408 -0.339918 -0.141545
-0.406 -0.349505 -0.147272
-0.404 -0.358705 -0.152831
-0.402 -0.367475 -0.158188
-0.4 -0.375771 -0.163309
-0.398 -0.383549 -0.168157
-0.396 -0.390766 -0.172697
-0.394 -0.397376 -0.176892
-0.392 -0.403335 -0.180707
-0.39 -0.4086 -0.184103
-0.388 -0.413125 -0.187043
-0.386 -0.416866 -0.189492
-0.384 -0.41978 -0.191412
-0.382 -0.421824 -0.192766
-0.38 -0.422956 -0.193519
-0.378 -0.423132 -0.193636
-0.376 -0.422313 -0.193081
-0.374 -0.420457 -0.191821
-0.372 -0.417527 -0.189824
-0.37 -0.413483 -0.187057
-0.368 -0.408289 -0.183491
-0.366 -0.40191 -0.179097
-0.364 -0.394311 -0.173847
-0.362 -0.38546 -0.167716
-0.36 -0.375326 -0.160681
-0.358 -0.363879 -0.152718
-0.356 -0.351094 -0.14381
-0.354 -0.336943 -0.133937
-0.352 -0.321404 -0.123085
-0.35 -0.304455 -0.111241
-0.348 -0.286078 -0.0983945
-0.346 -0.266254 -0.0845376
-0.344 -0.24497 -0.0696652
-0.342 -0.222213 -0.0537749
-0.34 -0.197973 -0.036867
-0.338 -0.172243 -0.0189449
-0.336 -0.145019 -1.46465e-05
-0.334 -0.116297 0.0199145
-0.332 -0.0860781 0.0408305
-0.33 -0.0543656 0.062718
-0.328 -0.0211651 0.085559
-0.326 0.0135152 0.109332
-0.324 0.049664 0.134013
-0.322 0.0872676 0.159574
-0.32 0.126309 0.185985
-0.318 0.16677 0.213213
-0.316 0.208628 0.241222
-0.314 0.251858 0.269973
-0.312 0.296434 0.299423
-0.31 0.342326 0.329528
-0.308 0.389501 0.360242
-0.306 0.437925 0.391514
-0.304 0.487561 0.423292
-0.302 0.538369 0.455523
-0.3 0.590309 0.48815
-0.298 0.643338 0.521115
-0.296 0.697409 0.554358
-0.294 0.752476 0.587817
-0.292 0.80849 0.621428
-0.29 0.865402 0.655128
-0.288 0.923159 0.688852
-0.286 0.98171 0.722532
-0.284 1.041 0.756101
-0.282 1.10098 0.789493
-0.28 1.16158 0.82264
-0.278 1.22277 0.855473
-0.276 1.28447 0.887926
-0.274 1.34665 0.919931
-0.272 1.40923 0.951422
-0.27 1.47217 0.982334
-0.268 1.53541 1.0126
-0.266 1.59891 1.04216
-0.264 1.66261 1.07096
-0.262 1.72646 1.09892
-0.26 1.79041 1.126
-0.258 1.85443 1.15214
-0.256 1.91845 1.17728
-0.254 1.98245 1.20139
-0.252 2.04639 1.2244
-0.25 2.11022 1.24627
-0.248 2.17392 1.26697
-0.246 2.23745 1.28645
-0.244 2.30079 1.30469
-0.242 2.36392 1.32164
-0.24 2.42681 1.33729
-0.238 2.48945 1.35161
-0.236 2.55182 1.36458
-0.234 2.61393 1.37618
-0.232 2.67575 1.38642
-0.23 2.7373 1.39527
-0.228 2.79858 1.40274
-0.226 2.85958 1.40883
-0.224 2.92033 1.41354
-0.222 2.98083 1.41689
-0.22 3.04112 1.4189
-0.218 3.1012 1.41957
-0.216 3.16111 1.41894
-0.214 3.22087 1.41704
-0.212 3.28053 1.4139
-0.21 3.34011 1.40954
-0.208 3.39966 1.40403
-0.206 3.45923 1.39739
-0.204 3.51886 1.38969
-0.202 3.5786 1.38096
-0.2 3.63851 1.37128
-0.198 3.69864 1.3607
-0.196 3.75905 1.34927
-0.194 3.8198 1.33708
-0.192 3.88097 1.32419
-0.19 3.9426 1.31068
-0.188 4.00477 1.29661
-0.186 4.06756 1.28207
-0.184 4.13102 1.26715
-0.182 4.19523 1.25191
-0.18 4.26027 1.23646
-0.178 4.32621 1.22087
-0.176 4.39312 1.20524
-0.174 4.46107 1.18965
-0.172 4.53015 1.1742
-0.17 4.60042 1.15897
-0.168 4.67196 1.14407
-0.166 4.74485 1.12959
-0.164 4.81915 1.11562
-0.162 4.89495 1.10224
-0.16 4.9723 1.08957
-0.158 5.05128 1.07768
-0.156 5.13196 1.06668
-0.154 5.2144 1.05665
-0.152 5.29867 1.04768
-0.15 5.38483 1.03987
-0.148 5.47295 1.03329
-0.146 5.56307 1.02804
-0.144 5.65525 1.02419
-0.142 5.74956 1.02183
-0.14 5.84603 1.02104
-0.138 5.94471 1.02188
-0.136 6.04565 1.02444
-0.134 6.14889 1.02879
-0.132 6.25447 1.03498
-0.13 6.36242 1.04308
-0.128 6.47277 1.05315
-0.126 6.58556 1.06525
-0.124 6.7008 1.07943
-0.122 6.81852 1.09573
-0.12 6.93873 1.1142
-0.118 7.06146 1.13488
-0.116 7.18671 1.1578
-0.114 7.31449 1.183
-0.112 7.4448 1.2105
-0.11 7.57765 1.24033
-0.108 7.71303 1.27249
-0.106 7.85094 1.30701
-0.104 7.99136 1.34389
-0.102 8.13429 1.38314
-0.1 8.2797 1.42475
-0.098 8.42757 1.46872
-0.096 8.57788 1.51504
-0.094 8.73061 1.5637
-0.092 8.88571 1.61467
-0.09 9.04315 1.66793
-0.088 9.20289 1.72345
-0.086 9.36489 1.7812
-0.084 9.52909 1.84113
-0.082 9.69545 1.90321
-0.08 9.86389 1.96738
-0.078 10.0344 2.0336
-0.076 10.2068 2.1018
-0.074 10.3811 2.17192
-0.072 10.5572 2.2439
-0.07 10.7351 2.31766
-0.068 10.9145 2.39312
-0.066 11.0955 2.47022
-0.064 11.2779 2.54884
-0.062 11.4616 2.62892
-0.06 11.6465 2.71035
-0.058 11.8325 2.79303
-0.056 12.0194 2.87687
-0.054 12.2071 2.96174
-0.052 12.3954 3.04754
-0.05 12.5842 3.13415
-0.048 12.7734 3.22145
-0.046 12.9626 3.30931
-0.044 13.1518 3.3976
-0.042 13.3408 3.4862
-0.04 13.5294 3.57497
-0.038 13.7173 3.66376
-0.036 13.9043 3.75243
-0.034 14.0903 3.84084
-0.032 14.275 3.92884
-0.03 14.4581 4.01628
-0.028 14.6393 4.10301
-0.026 14.8186 4.18887
-0.024 14.9955 4.27371
-0.022 15.1698 4.35737
-0.02 15.3413 4.4397
-0.018 15.5097 4.52053
-0.016 15.6746 4.59971
-0.014 15.8358 4.6771
-0.012 15.9931 4.75252
-0.01 16.1461 4.82584
-0.008 16.2945 4.89689
-0.006 16.4381 4.96554
-0.004 16.5765 5.03164
-0.002 16.7095 5.09504
0 16.8369 5.15562
0.002 16.9581 5.21317
0.004 17.0731 5.26763
0.006 17.1816 5.31889
0.008 17.2833 5.36683
0.01 17.378 5.41134
0.012 17.4654 5.45233
0.014 17.5453 5.48969
0.016 17.6175 5.52335
0.018 17.6817 5.55323
0.02 17.7378 5.57927
0.022 17.7856 5.60139
0.024 17.8248 5.61955
0.026 17.8555 5.63371
0.028 17.8774 5.64385
0.03 17.8903 5.64992
0.032 17.8942 5.65192
0.034 17.889 5.64986
0.036 17.8747 5.64372
0.038 17.851 5.63354
0.04 17.8181 5.61932
0.042 17.7759 5.60111
0.044 17.7243 5.57895
0.046 17.6634 5.55288
0.048 17.5932 5.52297
0.05 17.5138 5.48929
0.052 17.4252 5.45192
0.054 17.3275 5.41092
0.056 17.2207 5.36641
0.058 17.105 5.31846
0.06 16.9805 5.2672
0.062 16.8474 5.21273
0.064 16.7057 5.15516
0.066 16.5557 5.09462
0.068 16.3975 5.03123
0.07 16.2314 4.96513
0.072 16.0574 4.89645
0.074 15.876 4.82533
0.076 15.6871 4.7519
0.078 15.4912 4.67632
0.08 15.2884 4.59872
0.082 15.0789 4.51927
0.084 14.8632 4.43809
0.086 14.6413 4.35535
0.088 14.4137 4.2712
0.09 14.1805 4.18577
0.092 13.9421 4.09923
0.094 13.6987 4.01171
0.096 13.4506 3.92337
0.098 13.1982 3.83436
0.1 12.9418 3.7448
0.102 12.6815 3.65484
0.104 12.4178 3.56463
0.106 12.151 3.47429
0.108 11.8813 3.38396
0.11 11.6091 3.29376
0.112 11.3346 3.20381
0.114 11.0582 3.11425
0.116 10.7801 3.02517
0.118 10.5007 2.9367
0.12 10.2202 2.84893
0.122 9.93893 2.76198
0.124 9.65719 2.67593
0.126 9.37526 2.59088
0.128 9.0934 2.50692
0.13 8.81188 2.42413
0.132 8.53097 2.34258
0.134 8.25094 2.26235
0.136 7.97203 2.1835
0.138 7.69449 2.10609
0.14 7.41856 2.03018
0.142 7.14448 1.95582
0.144 6.87247 1.88305
0.146 6.60276 1.81193
0.148 6.33555 1.74247
0.15 6.07106 1.67472
0.152 5.80948 1.60869
0.154 5.551 1.54442
0.156 5.2958 1.48191
0.158 5.04407 1.42118
0.16 4.79596 1.36224
0.162 4.55164 1.3051
0.164 4.31127 1.24975
0.166 4.07497 1.19619
0.168 3.8429 1.14441
0.17 3.61519 1.09441
0.172 3.39194 1.04616
0.174 3.17328 0.999664
0.176 2.95932 0.95489
0.178 2.75015 0.911817
0.18 2.54586 0.870423
0.182 2.34653 0.83068
0.184 2.15225 0.792559
0.186 1.96309 0.756029
0.188 1.77909 0.721058
0.19 1.60033 0.68761
0.192 1.42683 0.655651
0.194 1.25866 0.625142
0.196 1.09583 0.596045
0.198 0.938368 0.568321
0.2 0.786301 0.541929
0.202 0.639635 0.516828
0.204 0.498376 0.492977
0.206 0.362521 0.470333
0.208 0.232061 0.448854
0.21 0.106979 0.428496
0.212 -0.0127472 0.409217
0.214 -0.127147 0.390973
0.216 -0.236257 0.373721
0.218 -0.340118 0.357419
0.22 -0.438781 0.342023
0.222 -0.532299 0.327491
0.224 -0.620734 0.313781
0.226 -0.704153 0.300851
0.228 -0.78263 0.28866
0.23 -0.856241 0.277166
0.232 -0.925072 0.266331
0.234 -0.989212 0.256113
0.236 -1.04876 0.246476
0.238 -1.1038 0.237379
0.24 -1.15446 0.228788
0.242 -1.20082 0.220664
0.244 -1.24302 0.212972
0.246 -1.28116 0.205679
0.248 -1.31537 0.19875
0.25 -1.34576 0.192152
0.252 -1.37247 0.185855
0.254 -1.39563 0.179828
0.256 -1.41536 0.174042
0.258 -1.4318 0.168467
0.26 -1.44508 0.163078
0.262 -1.45535 0.157849
0.264 -1.46273 0.152755
0.266 -1.46737 0.147773
0.268 -1.46941 0.14288
0.27 -1.46899 0.138056
0.272 -1.46623 0.133282
0.274 -1.46129 0.12854
0.276 -1.45429 0.123812
0.278 -1.44538 0.119084
0.28 -1.43468 0.114341
0.282 -1.42233 0.10957
0.284 -1.40846 0.104761
0.286 -1.39319 0.0999025
0.288 -1.37664 0.0949865
0.29 -1.35894 0.0900055
0.292 -1.34021 0.0849533
0.294 -1.32055 0.0798249
0.296 -1.30009 0.0746167
0.298 -1.27891 0.0693263
0.3 -1.25713 0.0639526
0.302 -1.23484 0.0584952
0.304 -1.21214 0.0529554
0.306 -1.18912 0.0473352
0.308 -1.16585 0.0416377
0.31 -1.14242 0.035867
0.312 -1.11891 0.0300282
0.314 -1.09537 0.0241273
0.316 -1.07189 0.018171
0.318 -1.04851 0.012167
0.32 -1.0253 0.00612357
0.322 -1.00231 4.96632e-05
0.324 -0.979575 -0.00604506
0.326 -0.957146 -0.0121504
0.328 -0.935058 -0.0182557
0.33 -0.913345 -0.0243498
0.332 -0.892035 -0.0304211
0.334 -0.871153 -0.0364577
0.336 -0.85072 -0.0424476
0.338 -0.830751 -0.0483783
0.34 -0.811261 -0.0542373
0.342 -0.792258 -0.060012
0.344 -0.773748 -0.0656897
0.346 -0.755734 -0.0712578
0.348 -0.738216 -0.0767037
0.35 -0.721191 -0.082015
0.352 -0.704652 -0.0871793
0.354 -0.688592 -0.0921847
0.356 -0.672999 -0.0970193
0.358 -0.657861 -0.101672
0.36 -0.643164 -0.106131
0.362 -0.62889 -0.110387
0.364 -0.615023 -0.114428
0.366 -0.601542 -0.118247
0.368 -0.588429 -0.121832
0.37 -0.575661 -0.125177
0.372 -0.563217 -0.128273
0.374 -0.551075 -0.131114
0.376 -0.539212 -0.133692
0.378 -0.527604 -0.136003
0.38 -0.516229 -0.138041
0.382 -0.505065 -0.139802
0.384 -0.494088 -0.141284
0.386 -0.483276 -0.142484
0.388 -0.472609 -0.1434
0.39 -0.462065 -0.144032
0.392 -0.451625 -0.14438
0.394 -0.441269 -0.144445
0.396 -0.430979 -0.14423
0.398 -0.42074 -0.143737
0.4 -0.410535 -0.142971
0.402 -0.40035 -0.141936
0.404 -0.390173 -0.140637
0.406 -0.379992 -0.139082
0.408 -0.369796 -0.137277
0.41 -0.359579 -0.135232
0.412 -0.349332 -0.132953
0.414 -0.339052 -0.130453
0.416 -0.328733 -0.12774
0.418 -0.318375 -0.124826
0.42 -0.307976 -0.121723
0.422 -0.297538 -0.118443
0.424 -0.287063 -0.115
0.426 -0.276556 -0.111405
0.428 -0.266022 -0.107675
0.43 -0.255468 -0.103822
0.432 -0.244903 -0.0998609
0.434 -0.234338 -0.0958074
0.436 -0.223782 -0.0916764
0.438 -0.213249 -0.0874832
0.44 -0.202752 -0.0832432
0.442 -0.192307 -0.078972
0.444 -0.181928 -0.074685
0.446 -0.171633 -0.0703976
0.448 -0.161439 -0.0661252
0.45 -0.151366 -0.0618829
0.452 -0.141431 -0.0576855
0.454 -0.131656 -0.0535475
0.456 -0.122061 -0.0494832
0.458 -0.112667 -0.0455063
0.46 -0.103496 -0.0416302
0.462 -0.0945685 -0.0378677
0.464 -0.0859075 -0.0342309
0.466 -0.077535 -0.0307317
0.468 -0.0694735 -0.0273808
0.47 -0.0617452 -0.0241888
0.472 -0.0543724 -0.0211652
0.474 -0.047377 -0.0183188
0.476 -0.040781 -0.0156577
0.478 -0.0346058 -0.0131893
0.48 -0.0288724 -0.01092
0.482 -0.0236013 -0.00885545
0.484 -0.0188125 -0.00700048
0.486 -0.0145252 -0.00535903
0.488 -0.0107581 -0.0039342
0.49 -0.00752866 -0.00272823
0.492 -0.00485383 -0.00174249
0.494 -0.00274936 -0.000977527
0.496 -0.00123001 -0.00043302
0.498 -0.000309418 -0.000107829
0.05 8.20541 2.49755
0.1 8.20526 2.49746
0.15 8.20501 2.49729
0.2 8.20465 2.49707
0.25 8.2042 2.49678
0.3 8.20364 2.49642
0.35 8.20298 2.496
0.4 8.20223 2.49551
0.45 8.20136 2.49496
0.5 8.2004 2.49434
0.55 8.19934 2.49366
0.6 8.19817 2.49292
0.65 8.1969 2.49211
0.7 8.19553 2.49123
0.75 8.19405 2.49029
0.8 8.19247 2.48929
0.85 8.19079 2.48822
0.9 8.189 2.48709
0.95 8.18711 2.48589
1 8.18512 2.48463
1.05 8.18301 2.4833
1.1 8.18081 2.4819
1.15 8.17849 2.48045
1.2 8.17608 2.47892
1.25 8.17355 2.47734
1.3 8.17092 2.47569
1.35 8.16817 2.47397
1.4 8.16532 2.47219
1.45 8.16236 2.47034
1.5 8.1593 2.46843
1.55 8.15612 2.46646
1.6 8.15283 2.46442
1.65 8.14943 2.46232
1.7 8.14591 2.46015
1.75 8.14229 2.45792
1.8 8.13855 2.45562
1.85 8.1347 2.45326
1.9 8.13073 2.45083
1.95 8.12664 2.44834
2 8.12245 2.44579
2.05 8.11813 2.44317
2.1 8.1137 2.44049
2.15 8.10915 2.43774
2.2 8.10448 2.43493
2.25 8.09969 2.43205
2.3 8.09477 2.42911
2.35 8.08974 2.42611
2.4 8.08459 2.42304
2.45 8.07931 2.41991
2.5 8.07391 2.41671
2.55 8.06839 2.41346
2.6 8.06273 2.41013
2.65 8.05696 2.40675
2.7 8.05105 2.4033
2.75 8.04502 2.39978
2.8 8.03886 2.39621
2.85 8.03257 2.39257
2.9 8.02615 2.38886
2.95 8.01959 2.3851
3 8.01291 2.38127
3.05 8.00609 2.37737
3.1 7.99914 2.37342
3.15 7.99205 2.3694
3.2 7.98482 2.36532
3.25 7.97746 2.36118
3.3 7.96997 2.35697
3.35 7.96233 2.3527
3.4 7.95455 2.34837
3.45 7.94663 2.34398
3.5 7.93858 2.33952
3.55 7.93038 2.33501
3.6 7.92203 2.33043
3.65 7.91354 2.32579
3.7 7.90491 2.32109
3.75 7.89613 2.31632
3.8 7.88721 2.3115
3.85 7.87813 2.30662
3.9 7.86891 2.30167
3.95 7.85954 2.29667
4 7.85002 2.2916
4.05 7.84035 2.28648
4.1 7.83052 2.28129
4.15 7.82055 2.27604
4.2 7.81042 2.27074
4.25 7.80013 2.26537
4.3 7.78969 2.25995
4.35 7.7791 2.25447
4.4 7.76834 2.24893
4.45 7.75743 2.24333
4.5 7.74637 2.23767
4.55 7.73514 2.23195
4.6 7.72375 2.22618
4.65 7.7122 2.22035
4.7 7.7005 2.21446
4.75 7.68862 2.20851
4.8 7.67659 2.20251
4.85 7.66439 2.19645
4.9 7.65203 2.19034
4.95 7.63951 2.18417
5 7.62682 2.17794
5.05 7.61396 2.17166
5.1 7.60094 2.16533
5.15 7.58775 2.15894
5.2 7.57439 2.15249
5.25 7.56087 2.146
5.3 7.54717 2.13945
5.35 7.53331 2.13284
5.4 7.51928 2.12618
5.45 7.50507 2.11948
5.5 7.4907 2.11271
5.55 7.47616 2.1059
5.6 7.46144 2.09904
5.65 7.44656 2.09212
5.7 7.4315 2.08516
5.75 7.41627 2.07815
5.8 7.40087 2.07108
5.85 7.38529 2.06397
5.9 7.36955 2.05681
5.95 7.35362 2.0496
6 7.33753 2.04234
6.05 7.32126 2.03503
6.1 7.30482 2.02768
6.15 7.28821 2.02028
6.2 7.27142 2.01284
6.25 7.25445 2.00535
6.3 7.23732 1.99782
6.35 7.22001 1.99024
6.4 7.20252 1.98262
6.45 7.18487 1.97496
6.5 7.16703 1.96725
6.55 7.14903 1.9595
6.6 7.13085 1.95171
6.65 7.1125 1.94388
6.7 7.09397 1.936
6.75 7.07528 1.92809
6.8 7.05641 1.92014
6.85 7.03737 1.91215
6.9 7.01815 1.90412
6.95 6.99877 1.89605
7 6.97921 1.88795
7.05 6.95948 1.87981
7.1 6.93959 1.87164
7.15 6.91952 1.86343
7.2 6.89928 1.85518
7.25 6.87888 1.84691
7.3 6.8583 1.8386
7.35 6.83756 1.83025
7.4 6.81666 1.82188
7.45 6.79558 1.81347
7.5 6.77434 1.80504
7.55 6.75294 1.79657
7.6 6.73137 1.78808
7.65 6.70964 1.77955
7.7 6.68775 1.771
7.75 6.66569 1.76243
7.8 6.64348 1.75382
7.85 6.6211 1.74519
7.9 6.59857 1.73654
7.95 6.57588 1.72786
8 6.55303 1.71916
8.05 6.53003 1.71044
8.1 6.50687 1.7017
8.15 6.48356 1.69293
8.2 6.4601 1.68415
8.25 6.43648 1.67534
8.3 6.41272 1.66652
8.35 6.3888 1.65768
8.4 6.36474 1.64882
8.45 6.34054 1.63995
8.5 6.31619 1.63106
8.55 6.29169 1.62215
8.6 6.26706 1.61324
8.65 6.24228 1.6043
8.7 6.21737 1.59536
8.75 6.19231 1.58641
8.8 6.16713 1.57744
8.85 6.1418 1.56847
8.9 6.11635 1.55949
8.95 6.09076 1.5505
9 6.06504 1.5415
9.05 6.0392 1.53249
9.1 6.01323 1.52348
9.15 5.98713 1.51447
9.2 5.96092 1.50545
9.25 5.93458 1.49643
9.3 5.90812 1.48741
9.35 5.88154 1.47839
9.4 5.85485 1.46936
9.45 5.82805 1.46034
9.5 5.80113 1.45132
9.55 5.7741 1.4423
9.6 5.74697 1.43328
9.65 5.71973 1.42427
9.7 5.69238 1.41526
9.75 5.66494 1.40626
9.8 5.63739 1.39726
9.85 5.60975 1.38827
9.9 5.58201 1.37929
9.95 5.55418 1.37032
10 5.52625 1.36136
10.05 5.49824 1.35241
10.1 5.47014 1.34347
10.15 5.44195 1.33455
10.2 5.41368 1.32564
10.25 5.38533 1.31674
10.3 5.35691 1.30786
10.35 5.3284 1.29899
10.4 5.29982 1.29014
10.45 5.27117 1.28131
10.5 5.24246 1.2725
10.55 5.21367 1.26371
10.6 5.18482 1.25494
10.65 5.15591 1.24619
10.7 5.12694 1.23746
10.75 5.09791 1.22875
10.8 5.06882 1.22007
10.85 5.03969 1.21141
10.9 5.0105 1.20278
10.95 4.98127 1.19418
11 4.95198 1.1856
11.05 4.92266 1.17705
11.1 4.8933 1.16852
11.15 4.8639 1.16003
11.2 4.83446 1.15157
11.25 4.80499 1.14314
11.3 4.77549 1.13474
11.35 4.74596 1.12637
11.4 4.7164 1.11804
11.45 4.68682 1.10974
11.5 4.65722 1.10148
11.55 4.62761 1.09325
11.6 4.59797 1.08506
11.65 4.56833 1.0769
11.7 4.53867 1.06879
11.75 4.509 1.06071
11.8 4.47933 1.05267
11.85 4.44966 1.04467
11.9 4.41999 1.03671
11.95 4.39031 1.0288
12 4.36065 1.02092
12.05 4.33099 1.01309
12.1 4.30133 1.00531
12.15 4.27169 0.997565
12.2 4.24207 0.989867
12.25 4.21246 0.982215
12.3 4.18287 0.974609
12.35 4.1533 0.96705
12.4 4.12376 0.959539
12.45 4.09425 0.952075
12.5 4.06476 0.944661
12.55 4.0353 0.937295
12.6 4.00588 0.92998
12.65 3.9765 0.922715
12.7 3.94715 0.915501
12.75 3.91785 0.908338
12.8 3.88859 0.901228
12.85 3.85937 0.89417
12.9 3.83021 0.887165
12.95 3.80109 0.880215
13 3.77203 0.873318
13.05 3.74303 0.866476
13.1 3.71408 0.859689
13.15 3.68519 0.852957
13.2 3.65637 0.846282
13.25 3.62761 0.839663
13.3 3.59891 0.833101
13.35 3.57029 0.826596
13.4 3.54173 0.820149
13.45 3.51326 0.81376
13.5 3.48485 0.807429
13.55 3.45653 0.801157
13.6 3.42828 0.794945
13.65 3.40012 0.788792
13.7 3.37204 0.782699
13.75 3.34405 0.776665
13.8 3.31614 0.770693
13.85 3.28833 0.764781
13.9 3.26061 0.75893
13.95 3.23298 0.753141
14 3.20545 0.747413
14.05 3.17802 0.741747
14.1 3.15069 0.736143
14.15 3.12346 0.730601
14.2 3.09634 0.725121
14.25 3.06932 0.719704
14.3 3.04241 0.71435
14.35 3.0156 0.709058
14.4 2.98891 0.70383
14.45 2.96234 0.698665
14.5 2.93587 0.693563
14.55 2.90953 0.688525
14.6 2.8833 0.68355
14.65 2.85719 0.678638
14.7 2.8312 0.67379
14.75 2.80534 0.669006
14.8 2.7796 0.664286
14.85 2.75399 0.659629
14.9 2.7285 0.655036
14.95 2.70314 0.650507
15 2.67792 0.646041
15.05 2.65282 0.641639
15.1 2.62786 0.6373
15.15 2.60303 0.633025
15.2 2.57834 0.628814
15.25 2.55378 0.624666
15.3 2.52937 0.620581
15.35 2.50509 0.616559
15.4 2.48095 0.612601
15.45 2.45696 0.608705
15.5 2.4331 0.604872
15.55 2.40939 0.601101
15.6 2.38583 0.597393
15.65 2.36241 0.593747
15.7 2.33914 0.590163
15.75 2.31602 0.586641
15.8 2.29305 0.58318
15.85 2.27022 0.57978
15.9 2.24755 0.576442
15.95 2.22503 0.573164
16 2.20266 0.569946
16.05 2.18044 0.566789
16.1 2.15837 0.563692
16.15 2.13647 0.560654
16.2 2.11471 0.557675
16.25 2.09311 0.554755
16.3 2.07167 0.551894
16.35 2.05039 0.54909
16.4 2.02926 0.546345
16.45 2.00829 0.543656
16.5 1.98748 0.541025
16.55 1.96682 0.53845
16.6 1.94633 0.535931
16.65 1.926 0.533468
16.7 1.90582 0.53106
16.75 1.88581 0.528707
16.8 1.86595 0.526408
16.85 1.84626 0.524163
16.9 1.82673 0.521971
16.95 1.80736 0.519832
17 1.78815 0.517745
17.05 1.7691 0.515711
17.1 1.75021 0.513727
17.15 1.73148 0.511794
17.2 1.71292 0.509911
17.25 1.69452 0.508078
17.3 1.67628 0.506294
17.35 1.6582 0.504558
17.4 1.64028 0.50287
17.45 1.62252 0.50123
17.5 1.60492 0.499636
17.55 1.58749 0.498088
17.6 1.57021 0.496586
17.65 1.5531 0.495129
17.7 1.53614 0.493716
17.75 1.51935 0.492346
17.8 1.50271 0.49102
17.85 1.48623 0.489735
17.9 1.46992 0.488493
17.95 1.45376 0.487291
18 1.43776 0.48613
18.05 1.42191 0.485008
18.1 1.40623 0.483926
18.15 1.39069 0.482881
18.2 1.37532 0.481874
18.25 1.3601 0.480904
18.3 1.34504 0.479971
18.35 1.33013 0.479072
18.4 1.31537 0.478209
18.45 1.30077 0.47738
18.5 1.28632 0.476583
18.55 1.27202 0.47582
18.6 1.25787 0.475088
18.65 1.24387 0.474388
18.7 1.23002 0.473718
18.75 1.21632 0.473078
18.8 1.20277 0.472466
18.85 1.18936 0.471883
18.9 1.1761 0.471328
18.95 1.16299 0.470799
19 1.15001 0.470296
19.05 1.13719 0.469818
19.1 1.1245 0.469365
19.15 1.11196 0.468935
19.2 1.09956 0.468529
19.25 1.0873 0.468144
19.3 1.07517 0.467782
19.35 1.06319 0.46744
19.4 1.05134 0.467117
19.45 1.03963 0.466815
19.5 1.02805 0.46653
19.55 1.0166 0.466263
19.6 1.00529 0.466014
19.65 0.994111 0.46578
19.7 0.983061 0.465562
19.75 0.97214 0.465359
19.8 0.961348 0.465169
19.85 0.950682 0.464993
19.9 0.940142 0.464829
19.95 0.929727 0.464677
20 0.919436 0.464536
20.05 0.909267 0.464406
20.1 0.899219 0.464285
20.15 0.889292 0.464172
20.2 0.879483 0.464068
20.25 0.869792 0.463971
20.3 0.860218 0.463881
20.35 0.850759 0.463797
20.4 0.841414 0.463717
20.45 0.832181 0.463643
20.5 0.823061 0.463572
20.55 0.81405 0.463505
20.6 0.805149 0.463439
20.65 0.796356 0.463376
20.7 0.787669 0.463314
20.75 0.779088 0.463252
20.8 0.770611 0.463189
20.85 0.762237 0.463126
20.9 0.753965 0.463061
20.95 0.745792 0.462994
21 0.737719 0.462924
21.05 0.729744 0.462851
21.1 0.721866 0.462773
21.15 0.714082 0.462691
21.2 0.706393 0.462603
21.25 0.698797 0.462509
21.3 0.691292 0.462408
21.35 0.683878 0.462301
21.4 0.676552 0.462185
21.45 0.669315 0.462061
21.5 0.662164 0.461928
21.55 0.655098 0.461786
21.6 0.648116 0.461633
21.65 0.641218 0.46147
21.7 0.6344 0.461295
21.75 0.627664 0.461109
21.8 0.621006 0.460911
21.85 0.614427 0.4607
21.9 0.607924 0.460475
21.95 0.601496 0.460237
22 0.595143 0.459985
22.05 0.588863 0.459718
22.1 0.582656 0.459435
22.15 0.576519 0.459137
22.2 0.570451 0.458823
22.25 0.564452 0.458493
22.3 0.558521 0.458145
22.35 0.552655 0.45778
22.4 0.546855 0.457397
22.45 0.541118 0.456996
22.5 0.535445 0.456576
22.55 0.529833 0.456138
22.6 0.524281 0.45568
22.65 0.518789 0.455202
22.7 0.513356 0.454704
22.75 0.50798 0.454186
22.8 0.50266 0.453647
22.85 0.497396 0.453087
22.9 0.492186 0.452506
22.95 0.487029 0.451902
23 0.481925 0.451277
23.05 0.476871 0.45063
23.1 0.471868 0.44996
23.15 0.466914 0.449268
23.2 0.462009 0.448552
23.25 0.457151 0.447813
23.3 0.452339 0.447051
23.35 0.447573 0.446265
23.4 0.442852 0.445455
23.45 0.438174 0.444621
23.5 0.433539 0.443763
23.55 0.428946 0.44288
23.6 0.424395 0.441973
23.65 0.419883 0.441041
23.7 0.415412 0.440084
23.75 0.410978 0.439102
23.8 0.406583 0.438095
23.85 0.402225 0.437062
23.9 0.397903 0.436005
23.95 0.393617 0.434922
24 0.389365 0.433813
24.05 0.385148 0.432679
24.1 0.380964 0.431519
24.15 0.376813 0.430333
24.2 0.372694 0.429122
24.25 0.368606 0.427885
24.3 0.364549 0.426623
24.35 0.360522 0.425334
24.4 0.356525 0.42402
24.45 0.352556 0.42268
24.5 0.348616 0.421314
24.55 0.344703 0.419923
24.6 0.340818 0.418506
24.65 0.336959 0.417064
24.7 0.333126 0.415596
24.75 0.329319 0.414103
24.8 0.325536 0.412584
24.85 0.321779 0.41104
24.9 0.318045 0.409471
24.95 0.314335 0.407877
25 0.310648 0.406258
25.05 0.306984 0.404614
25.1 0.303342 0.402946
25.15 0.299722 0.401253
25.2 0.296123 0.399536
25.25 0.292546 0.397795
25.3 0.288989 0.39603
25.35 0.285453 0.394241
25.4 0.281937 0.392428
25.45 0.278441 0.390592
25.5 0.274964 0.388733
25.55 0.271506 0.386851
25.6 0.268068 0.384946
25.65 0.264648 0.383018
25.7 0.261246 0.381069
25.75 0.257862 0.379097
25.8 0.254497 0.377104
25.85 0.251149 0.375089
25.9 0.247818 0.373052
25.95 0.244505 0.370995
26 0.241209 0.368917
26.05 0.237929 0.366819
26.1 0.234667 0.364701
26.15 0.231421 0.362563
26.2 0.228192 0.360405
26.25 0.224979 0.358229
26.3 0.221783 0.356033
26.35 0.218602 0.353819
26.4 0.215438 0.351587
26.45 0.212289 0.349337
26.5 0.209157 0.347069
26.55 0.206041 0.344784
26.6 0.20294 0.342483
26.65 0.199855 0.340165
26.7 0.196786 0.337831
26.75 0.193732 0.335481
26.8 0.190695 0.333116
26.85 0.187673 0.330736
26.9 0.184666 0.328341
26.95 0.181676 0.325933
27 0.178701 0.32351
27.05 0.175742 0.321074
27.1 0.172799 0.318625
27.15 0.169872 0.316164
27.2 0.16696 0.31369
27.25 0.164065 0.311204
27.3 0.161186 0.308707
27.35 0.158322 0.306199
27.4 0.155475 0.303681
27.45 0.152645 0.301152
27.5 0.149831 0.298614
27.55 0.147033 0.296066
27.6 0.144251 0.293509
27.65 0.141487 0.290944
27.7 0.138739 0.288371
27.75 0.136008 0.285791
27.8 0.133295 0.283203
27.85 0.130598 0.280608
27.9 0.127919 0.278007
27.95 0.125257 0.2754
28 0.122613 0.272788
28.05 0.119986 0.270171
28.1 0.117378 0.267549
28.15 0.114787 0.264923
28.2 0.112215 0.262293
28.25 0.109661 0.25966
28.3 0.107125 0.257024
28.35 0.104608 0.254385
28.4 0.10211 0.251745
28.45 0.099631 0.249103
28.5 0.097171 0.24646
28.55 0.0947302 0.243816
28.6 0.092309 0.241172
28.65 0.0899074 0.238528
28.7 0.0875255 0.235885
28.75 0.0851637 0.233243
28.8 0.082822 0.230602
28.85 0.0805006 0.227963
28.9 0.0781997 0.225326
28.95 0.0759194 0.222692
29 0.0736599 0.22006
29.05 0.0714215 0.217433
29.1 0.0692041 0.214809
29.15 0.0670081 0.21219
29.2 0.0648336 0.209575
29.25 0.0626807 0.206966
29.3 0.0605497 0.204362
29.35 0.0584406 0.201764
29.4 0.0563536 0.199172
29.45 0.0542888 0.196587
29.5 0.0522466 0.194009
29.55 0.0502268 0.191439
29.6 0.0482299 0.188876
29.65 0.0462558 0.186321
29.7 0.0443047 0.183775
29.75 0.0423767 0.181239
29.8 0.0404721 0.178711
29.85 0.0385908 0.176193
29.9 0.0367332 0.173685
29.95 0.0348992 0.171187
30 0.0330889 0.168701
30.05 0.0313027 0.166225
30.1 0.0295404 0.16376
30.15 0.0278023 0.161308
30.2 0.0260884 0.158867
30.25 0.0243988 0.156439
30.3 0.0227337 0.154023
30.35 0.0210931 0.15162
30.4 0.0194771 0.149231
30.45 0.0178859 0.146855
30.5 0.0163194 0.144494
30.55 0.0147777 0.142146
30.6 0.013261 0.139813
30.65 0.0117692 0.137494
30.7 0.0103025 0.135191
30.75 0.00886084 0.132903
30.8 0.00744432 0.13063
30.85 0.00605296 0.128374
30.9 0.0046868 0.126133
30.95 0.00334588 0.123909
31 0.0020302 0.121701
31.05 0.000739798 0.11951
31.1 -0.000525323 0.117336
31.15 -0.00176516 0.115179
31.2 -0.0029797 0.11304
31.25 -0.00416897 0.110918
31.3 -0.00533296 0.108814
31.35 -0.0064717 0.106728
31.4 -0.00758521 0.104661
31.45 -0.00867353 0.102612
31.5 -0.00973668 0.100581
31.55 -0.0107747 0.0985695
31.6 -0.0117877 0.0965767
31.65 -0.0127756 0.0946031
31.7 -0.0137386 0.0926488
31.75 -0.0146767 0.0907139
31.8 -0.0155899 0.0887985
31.85 -0.0164784 0.0869028
31.9 -0.0173423 0.085027
31.95 -0.0181816 0.0831712
32 -0.0189964 0.0813354
32.05 -0.0197869 0.0795198
32.1 -0.0205531 0.0777244
32.15 -0.0212951 0.0759495
32.2 -0.0220131 0.0741951
32.25 -0.0227072 0.0724612
32.3 -0.0233776 0.070748
32.35 -0.0240243 0.0690555
32.4 -0.0246475 0.0673838
32.45 -0.0252474 0.065733
32.5 -0.0258241 0.064103
32.55 -0.0263778 0.0624941
32.6 -0.0269086 0.0609062
32.65 -0.0274167 0.0593393
32.7 -0.0279023 0.0577935
32.75 -0.0283656 0.0562688
32.8 -0.0288067 0.0547653
32.85 -0.0292259 0.0532829
32.9 -0.0296233 0.0518216
32.95 -0.0299992 0.0503815
33 -0.0303537 0.0489626
33.05 -0.0306871 0.0475649
33.1 -0.0309995 0.0461883
33.15 -0.0312913 0.0448328
33.2 -0.0315626 0.0434984
33.25 -0.0318137 0.0421851
33.3 -0.0320448 0.0408929
33.35 -0.0322561 0.0396216
33.4 -0.0324479 0.0383713
33.45 -0.0326204 0.0371419
33.5 -0.0327738 0.0359333
33.55 -0.0329086 0.0347456
33.6 -0.0330248 0.0335786
33.65 -0.0331228 0.0324322
33.7 -0.0332028 0.0313064
33.75 -0.033265 0.0302011
33.8 -0.0333099 0.0291163
33.85 -0.0333376 0.0280517
33.9 -0.0333484 0.0270074
33.95 -0.0333427 0.0259833
34 -0.0333206 0.0249792
34.05 -0.0332825 0.023995
34.1 -0.0332287 0.0230306
34.15 -0.0331595 0.022086
34.2 -0.0330751 0.0211609
34.25 -0.0329759 0.0202553
34.3 -0.0328621 0.019369
34.35 -0.0327341 0.0185019
34.4 -0.0325922 0.0176539
34.45 -0.0324367 0.0168248
34.5 -0.0322679 0.0160146
34.55 -0.032086 0.0152229
34.6 -0.0318915 0.0144498
34.65 -0.0316845 0.013695
34.7 -0.0314656 0.0129584
34.75 -0.0312348 0.0122398
34.8 -0.0309926 0.011539
34.85 -0.0307394 0.010856
34.9 -0.0304753 0.0101905
34.95 -0.0302007 0.0095424
35 -0.0299159 0.00891145
35.05 -0.0296214 0.00829752
35.1 -0.0293172 0.00770042
35.15 -0.0290039 0.00711997
35.2 -0.0286817 0.00655598
35.25 -0.0283509 0.00600828
35.3 -0.0280119 0.00547667
35.35 -0.0276649 0.00496096
35.4 -0.0273103 0.00446095
35.45 -0.0269484 0.00397647
35.5 -0.0265795 0.0035073
35.55 -0.026204 0.00305324
35.6 -0.0258221 0.00261411
35.65 -0.0254341 0.00218969
35.7 -0.0250404 0.00177979
35.75 -0.0246413 0.0013842
35.8 -0.024237 0.00100271
35.85 -0.023828 0.000635123
35.9 -0.0234144 0.000281219
35.95 -0.0229966 -5.92054e-05
36 -0.0225749 -0.000386362
36.05 -0.0221496 -0.000700462
36.1 -0.021721 -0.00100172
36.15 -0.0212894 -0.00129034
36.2 -0.0208551 -0.00156655
36.25 -0.0204183 -0.00183055
36.3 -0.0199794 -0.00208257
36.35 -0.0195386 -0.00232281
36.4 -0.0190962 -0.00255149
36.45 -0.0186526 -0.00276883
36.5 -0.0182078 -0.00297505
36.55 -0.0177624 -0.00317035
36.6 -0.0173164 -0.00335496
36.65 -0.0168702 -0.00352909
36.7 -0.0164241 -0.00369296
36.75 -0.0159782 -0.00384678
36.8 -0.0155329 -0.00399077
36.85 -0.0150885 -0.00412514
36.9 -0.014645 -0.00425011
36.95 -0.0142029 -0.00436589
37 -0.0137622 -0.0044727
37.05 -0.0133234 -0.00457074
37.1 -0.0128866 -0.00466023
37.15 -0.012452 -0.00474139
37.2 -0.0120198 -0.00481441
37.25 -0.0115903 -0.00487951
37.3 -0.0111638 -0.00493691
37.35 -0.0107403 -0.00498679
37.4 -0.0103201 -0.00502938
37.45 -0.00990345 -0.00506488
37.5 -0.00949051 -0.00509349
37.55 -0.00908148 -0.0051154
37.6 -0.00867654 -0.00513084
37.65 -0.00827588 -0.00513998
37.7 -0.00787968 -0.00514304
37.75 -0.00748812 -0.0051402
37.8 -0.00710136 -0.00513167
37.85 -0.00671958 -0.00511763
37.9 -0.00634293 -0.00509828
37.95 -0.00597157 -0.00507381
38 -0.00560565 -0.0050444
38.05 -0.00524533 -0.00501024
38.1 -0.00489073 -0.00497152
38.15 -0.004542 -0.00492841
38.2 -0.00419926 -0.0048811
38.25 -0.00386266 -0.00482977
38.3 -0.0035323 -0.00477459
38.35 -0.00320832 -0.00471573
38.4 -0.00289081 -0.00465337
38.45 -0.00257988 -0.00458768
38.5 -0.00227565 -0.00451883
38.55 -0.0019782 -0.00444697
38.6 -0.00168763 -0.00437228
38.65 -0.00140402 -0.0042949
38.7 -0.00112747 -0.00421501
38.75 -0.000858037 -0.00413276
38.8 -0.000595808 -0.0040483
38.85 -0.000340845 -0.00396178
38.9 -9.3213e-05 -0.00387334
38.95 0.000147031 -0.00378315
39 0.000379834 -0.00369133
39.05 0.000605146 -0.00359803
39.1 0.000822926 -0.00350339
39.15 0.00103313 -0.00340754
39.2 0.00123573 -0.00331062
39.25 0.0014307 -0.00321275
39.3 0.001618 -0.00311407
39.35 0.00179763 -0.00301471
39.4 0.00196956 -0.00291477
39.45 0.00213378 -0.00281438
39.5 0.00229029 -0.00271367
39.55 0.00243908 -0.00261274
39.6 0.00258017 -0.00251171
39.65 0.00271355 -0.00241068
39.7 0.00283923 -0.00230976
39.75 0.00295724 -0.00220906
39.8 0.00306759 -0.00210867
39.85 0.00317031 -0.0020087
39.9 0.00326542 -0.00190924
39.95 0.00335296 -0.00181038
40 0.00343297 -0.00171221
40.05 0.00350548 -0.00161483
40.1 0.00357054 -0.00151831
40.15 0.00362819 -0.00142274
40.2 0.0036785 -0.0013282
40.25 0.00372151 -0.00123476
40.3 0.00375729 -0.00114249
40.35 0.00378589 -0.00105148
40.4 0.00380739 -0.000961784
40.45 0.00382185 -0.000873473
40.5 0.00382935 -0.00078661
40.55 0.00382996 -0.000701255
40.6 0.00382376 -0.000617467
40.65 0.00381084 -0.000535302
40.7 0.00379129 -0.000454813
40.75 0.00376519 -0.000376051
40.8 0.00373263 -0.000299064
40.85 0.00369371 -0.000223897
40.9 0.00364852 -0.000150594
40.95 0.00359717 -7.91955e-05
41 0.00353976 -9.73995e-06
41.05 0.0034764 5.77367e-05
41.1 0.00340719 0.000123201
41.15 0.00333224 0.000186622
41.2 0.00325166 0.00024797
41.25 0.00316558 0.000307219
41.3 0.0030741 0.000364344
41.35 0.00297735 0.000419324
41.4 0.00287544 0.000472139
41.45 0.0027685 0.00052277
41.5 0.00265666 0.000571203
41.55 0.00254003 0.000617424
41.6 0.00241875 0.000661422
41.65 0.00229295 0.000703187
41.7 0.00216275 0.000742712
41.75 0.00202829 0.000779992
41.8 0.0018897 0.000815024
41.85 0.00174712 0.000847807
41.9 0.00160067 0.00087834
41.95 0.00145051 0.000906626
42 0.00129676 0.00093267
42.05 0.00113956 0.000956477
42.1 0.000979052 0.000978055
42.15 0.000815376 0.000997414
42.2 0.000648671 0.00101456
42.25 0.000479077 0.00102952
42.3 0.000306736 0.00104229
42.35 0.000131788 0.0010529
42.4 -4.56244e-05 0.00106136
42.45 -0.00022536 0.00106769
42.5 -0.000407277 0.00107192
42.55 -0.000591234 0.00107405
42.6 -0.000777088 0.00107412
42.65 -0.0009647 0.00107216
42.7 -0.00115393 0.00106818
42.75 -0.00134463 0.00106221
42.8 -0.00153666 0.00105428
42.85 -0.00172989 0.00104443
42.9 -0.00192417 0.00103267
42.95 -0.00211937 0.00101905
43 -0.00231535 0.0010036
43.05 -0.00251196 0.00098634
43.1 -0.00270908 0.000967317
43.15 -0.00290657 0.000946563
43.2 -0.00310429 0.000924115
43.25 -0.00330211 0.000900009
43.3 -0.00349989 0.000874285
43.35 -0.00369751 0.000846979
43.4 -0.00389484 0.000818133
43.45 -0.00409174 0.000787787
43.5 -0.0042881 0.000755981
43.55 -0.00448377 0.000722756
43.6 -0.00467864 0.000688156
43.65 -0.00487259 0.000652222
43.7 -0.00506549 0.000614998
43.75 -0.00525723 0.000576526
43.8 -0.00544769 0.000536853
43.85 -0.00563674 0.000496021
43.9 -0.00582428 0.000454075
43.95 -0.00601019 0.000411061
44 -0.00619437 0.000367023
44.05 -0.0063767 0.000322008
44.1 -0.00655707 0.000276062
44.15 -0.00673539 0.000229229
44.2 -0.00691155 0.000181557
44.25 -0.00708545 0.000133091
44.3 -0.00725699 8.38779e-05
44.35 -0.00742608 3.3964e-05
44.4 -0.00759261 -1.66045e-05
44.45 -0.00775651 -6.77813e-05
44.5 -0.00791768 -0.00011952
44.55 -0.00807603 -0.000171775
44.6 -0.00823149 -0.000224499
44.65 -0.00838396 -0.000277648
44.7 -0.00853337 -0.000331175
44.75 -0.00867964 -0.000385035
44.8 -0.00882269 -0.000439182
44.85 -0.00896246 -0.000493572
44.9 -0.00909888 -0.00054816
44.95 -0.00923187 -0.000602902
45 -0.00936138 -0.000657754
45.05 -0.00948734 -0.000712671
45.1 -0.00960969 -0.000767612
45.15 -0.00972837 -0.000822532
45.2 -0.00984334 -0.00087739
45.25 -0.00995454 -0.000932144
45.3 -0.0100619 -0.000986753
45.35 -0.0101654 -0.00104118
45.4 -0.010265 -0.00109537
45.45 -0.0103607 -0.0011493
45.5 -0.0104524 -0.00120292
45.55 -0.01054 -0.0012562
45.6 -0.0106236 -0.0013091
45.65 -0.0107031 -0.00136158
45.7 -0.0107785 -0.0014136
45.75 -0.0108497 -0.00146513
45.8 -0.0109168 -0.00151614
45.85 -0.0109797 -0.00156658
45.9 -0.0110384 -0.00161643
45.95 -0.0110929 -0.00166565
46 -0.0111432 -0.00171421
46.05 -0.0111893 -0.00176207
46.1 -0.0112311 -0.00180921
46.15 -0.0112686 -0.0018556
46.2 -0.0113019 -0.00190121
46.25 -0.011331 -0.00194601
46.3 -0.0113558 -0.00198997
46.35 -0.0113764 -0.00203306
46.4 -0.0113928 -0.00207526
46.45 -0.0114049 -0.00211655
46.5 -0.0114129 -0.0021569
46.55 -0.0114166 -0.00219629
46.6 -0.0114162 -0.00223469
46.65 -0.0114117 -0.00227208
46.7 -0.011403 -0.00230844
46.75 -0.0113902 -0.00234376
46.8 -0.0113733 -0.00237801
46.85 -0.0113524 -0.00241118
46.9 -0.0113275 -0.00244325
46.95 -0.0112986 -0.0024742
47 -0.0112658 -0.00250402
47.05 -0.011229 -0.00253269
47.1 -0.0111884 -0.0025602
47.15 -0.0111439 -0.00258653
47.2 -0.0110957 -0.00261169
47.25 -0.0110437 -0.00263564
47.3 -0.0109881 -0.0026584
47.35 -0.0109288 -0.00267994
47.4 -0.0108659 -0.00270025
47.45 -0.0107995 -0.00271934
47.5 -0.0107296 -0.00273719
47.55 -0.0106563 -0.0027538
47.6 -0.0105796 -0.00276917
47.65 -0.0104995 -0.00278329
47.7 -0.0104163 -0.00279615
47.75 -0.0103298 -0.00280777
47.8 -0.0102403 -0.00281812
47.85 -0.0101476 -0.00282723
47.9 -0.010052 -0.00283507
47.95 -0.00995347 -0.00284167
48 -0.00985206 -0.00284701
48.05 -0.00974787 -0.00285111
48.1 -0.00964097 -0.00285397
48.15 -0.00953142 -0.00285558
48.2 -0.0094193 -0.00285596
48.25 -0.00930468 -0.00285512
48.3 -0.00918765 -0.00285305
48.35 -0.00906826 -0.00284977
48.4 -0.00894661 -0.00284529
48.45 -0.00882277 -0.00283961
48.5 -0.00869681 -0.00283274
48.55 -0.00856882 -0.00282471
48.6 -0.00843887 -0.0028155
48.65 -0.00830705 -0.00280515
48.7 -0.00817343 -0.00279366
48.75 -0.0080381 -0.00278104
48.8 -0.00790113 -0.00276731
48.85 -0.00776261 -0.00275248
48.9 -0.00762263 -0.00273657
48.95 -0.00748126 -0.0027196
49 -0.00733858 -0.00270157
49.05 -0.00719468 -0.00268251
49.1 -0.00704965 -0.00266243
49.15 -0.00690356 -0.00264135
49.2 -0.00675649 -0.0026193
49.25 -0.00660854 -0.00259628
49.3 -0.00645977 -0.00257231
49.35 -0.00631028 -0.00254743
49.4 -0.00616015 -0.00252164
49.45 -0.00600946 -0.00249497
49.5 -0.00585829 -0.00246744
49.55 -0.00570673 -0.00243907
49.6 -0.00555485 -0.00240988
49.65 -0.00540273 -0.0023799
49.7 -0.00525046 -0.00234914
49.75 -0.00509811 -0.00231763
49.8 -0.00494577 -0.00228539
49.85 -0.00479352 -0.00225244
49.9 -0.00464142 -0.00221882
49.95 -0.00448957 -0.00218454
50 -0.00433803 -0.00214962
