-0.498 -0.000105799 6.03318e-05
-0.496 -0.000337366 0.000176389
-0.494 -0.000561957 0.000250117
-0.492 -0.000642246 0.000183216
-0.49 -0.000437265 -0.000122082
-0.488 0.000196645 -0.00076225
-0.486 0.00140487 -0.00183171
-0.484 0.00333357 -0.00342207
-0.482 0.00612872 -0.00562144
-0.48 0.00993515 -0.00851368
-0.478 0.0148956 -0.0121778
-0.476 0.0211499 -0.0166872
-0.474 0.0288339 -0.0221091
-0.472 0.0380788 -0.028504
-0.47 0.0490102 -0.0359253
-0.468 0.0617471 -0.0444183
-0.466 0.0764018 -0.0540202
-0.464 0.0930782 -0.0647598
-0.462 0.111872 -0.0766566
-0.46 0.13287 -0.0897209
-0.458 0.156148 -0.103953
-0.456 0.181773 -0.119345
-0.454 0.2098 -0.135878
-0.452 0.240275 -0.153522
-0.45 0.273229 -0.172239
-0.448 0.308684 -0.191981
-0.446 0.346649 -0.212688
-0.444 0.387121 -0.234292
-0.442 0.430084 -0.256716
-0.44 0.47551 -0.279872
-0.438 0.523358 -0.303664
-0.436 0.573576 -0.327987
-0.434 0.626098 -0.35273
-0.432 0.680848 -0.37777
-0.43 0.737736 -0.40298
-0.428 0.796662 -0.428226
-0.426 0.857514 -0.453367
-0.424 0.920169 -0.478257
-0.422 0.984496 -0.502744
-0.42 1.05035 -0.526675
-0.418 1.11758 -0.54989
-0.416 1.18603 -0.572228
-0.414 1.25552 -0.593528
-0.412 1.32588 -0.613624
-0.41 1.39693 -0.632353
-0.408 1.46848 -0.649551
-0.406 1.54033 -0.665056
-0.404 1.61228 -0.678707
-0.402 1.68414 -0.690349
-0.4 1.75569 -0.699827
-0.398 1.82673 -0.706992
-0.396 1.89705 -0.711703
-0.394 1.96644 -0.713822
-0.392 2.03469 -0.71322
-0.39 2.1016 -0.709773
-0.388 2.16696 -0.703368
-0.386 2.23057 -0.693902
-0.384 2.29223 -0.681278
-0.382 2.35175 -0.665412
-0.38 2.40893 -0.646232
-0.378 2.46361 -0.623674
-0.376 2.51561 -0.59769
-0.374 2.56476 -0.568241
-0.372 2.6109 -0.535302
-0.37 2.65389 -0.498863
-0.368 2.6936 -0.458924
-0.366 2.7299 -0.415503
-0.364 2.76266 -0.368628
-0.362 2.79181 -0.318342
-0.36 2.81723 -0.264705
-0.358 2.83887 -0.207788
-0.356 2.85665 -0.147676
-0.354 2.87053 -0.0844715
-0.352 2.88048 -0.0182872
-0.35 2.88649 0.0507485
-0.348 2.88854 0.122494
-0.346 2.88665 0.196795
-0.344 2.88085 0.273484
-0.342 2.87119 0.352381
-0.34 2.85772 0.433295
-0.338 2.84052 0.516021
-0.336 2.81969 0.600345
-0.334 2.79533 0.686044
-0.332 2.76756 0.772884
-0.33 2.73652 0.86062
-0.328 2.70237 0.949003
-0.326 2.66528 1.03777
-0.324 2.62542 1.12667
-0.322 2.58299 1.21541
-0.32 2.53821 1.30374
-0.318 2.49129 1.39136
-0.316 2.44247 1.47799
-0.314 2.392 1.56336
-0.312 2.34013 1.64717
-0.31 2.28713 1.72915
-0.308 2.23327 1.809
-0.306 2.17884 1.88644
-0.304 2.12413 1.9612
-0.302 2.06945 2.033
-0.3 2.01509 2.10157
-0.298 1.96136 2.16665
-0.296 1.90858 2.22798
-0.294 1.85706 2.28532
-0.292 1.80712 2.33842
-0.29 1.75908 2.38706
-0.288 1.71326 2.43101
-0.286 1.66997 2.47009
-0.284 1.62954 2.50408
-0.282 1.59226 2.53282
-0.28 1.55844 2.55614
-0.278 1.5284 2.57389
-0.276 1.50241 2.58595
-0.274 1.48078 2.59219
-0.272 1.46377 2.59253
-0.27 1.45166 2.58687
-0.268 1.44471 2.57517
-0.266 1.44315 2.55738
-0.264 1.44724 2.53347
-0.262 1.45719 2.50346
-0.26 1.47321 2.46735
-0.258 1.49549 2.42518
-0.256 1.52422 2.37702
-0.254 1.55955 2.32294
-0.252 1.60164 2.26305
-0.25 1.6506 2.19746
-0.248 1.70656 2.12632
-0.246 1.76961 2.04979
-0.244 1.83982 1.96804
-0.242 1.91725 1.88128
-0.24 2.00193 1.78972
-0.238 2.09389 1.69361
-0.236 2.19311 1.59319
-0.234 2.29959 1.48874
-0.232 2.41326 1.38055
-0.23 2.53409 1.2689
-0.228 2.66197 1.15413
-0.226 2.79682 1.03656
-0.224 2.9385 0.916528
-0.222 3.08688 0.794393
-0.22 3.24179 0.670514
-0.218 3.40307 0.545263
-0.216 3.5705 0.41902
-0.214 3.74388 0.292169
-0.212 3.92296 0.165101
-0.21 4.1075 0.0382089
-0.208 4.29724 -0.0881109
-0.206 4.49187 -0.213462
-0.204 4.69112 -0.337447
-0.202 4.89465 -0.459673
-0.2 5.10215 -0.579748
-0.198 5.31328 -0.697287
-0.196 5.52767 -0.811908
-0.194 5.74497 -0.92324
-0.192 5.96479 -1.03092
-0.19 6.18675 -1.13459
-0.188 6.41047 -1.23392
-0.186 6.63552 -1.32857
-0.184 6.86152 -1.41823
-0.182 7.08803 -1.50259
-0.18 7.31464 -1.58139
-0.178 7.54093 -1.65435
-0.176 7.76648 -1.72122
-0.174 7.99084 -1.78178
-0.172 8.21359 -1.83582
-0.17 8.43431 -1.88315
-0.168 8.65257 -1.92362
-0.166 8.86795 -1.95708
-0.164 9.08001 -1.98341
-0.162 9.28835 -2.00252
-0.16 9.49256 -2.01435
-0.158 9.69224 -2.01884
-0.156 9.88697 -2.01598
-0.154 10.0764 -2.00577
-0.152 10.2601 -1.98824
-0.15 10.4378 -1.96344
-0.148 10.609 -1.93147
-0.146 10.7735 -1.89241
-0.144 10.9308 -1.84641
-0.142 11.0808 -1.79361
-0.14 11.223 -1.73419
-0.138 11.3572 -1.66835
-0.136 11.4832 -1.59631
-0.134 11.6006 -1.51832
-0.132 11.7092 -1.43463
-0.13 11.8089 -1.34554
-0.128 11.8993 -1.25134
-0.126 11.9804 -1.15236
-0.124 12.0519 -1.04893
-0.122 12.1137 -0.941406
-0.12 12.1656 -0.830154
-0.118 12.2076 -0.715553
-0.116 12.2396 -0.597996
-0.114 12.2614 -0.477884
-0.112 12.2731 -0.355628
-0.11 12.2745 -0.231644
-0.108 12.2657 -0.106357
-0.106 12.2466 0.0198047
-0.104 12.2174 0.146411
-0.102 12.1779 0.27303
-0.1 12.1283 0.39923
-0.098 12.0687 0.52458
-0.096 11.999 0.648655
-0.094 11.9195 0.771032
-0.092 11.8302 0.891296
-0.09 11.7312 1.00904
-0.088 11.6227 1.12387
-0.086 11.5049 1.23539
-0.084 11.3778 1.34323
-0.082 11.2418 1.44703
-0.08 11.0969 1.54644
-0.078 10.9434 1.64113
-0.076 10.7815 1.7308
-0.074 10.6113 1.81513
-0.072 10.4332 1.89387
-0.07 10.2473 1.96674
-0.068 10.0539 2.03353
-0.066 9.85316 2.09401
-0.064 9.64539 2.14801
-0.062 9.43081 2.19535
-0.06 9.20966 2.23589
-0.058 8.9822 2.26952
-0.056 8.74866 2.29614
-0.054 8.5093 2.3157
-0.052 8.26437 2.32814
-0.05 8.0141 2.33346
-0.048 7.75874 2.33165
-0.046 7.49854 2.32277
-0.044 7.23372 2.30687
-0.042 6.96452 2.28404
-0.04 6.69117 2.25438
-0.038 6.4139 2.21803
-0.036 6.13292 2.17516
-0.034 5.84846 2.12593
-0.032 5.56071 2.07056
-0.03 5.26989 2.00928
-0.028 4.97619 1.94231
-0.026 4.67981 1.86994
-0.024 4.38094 1.79245
-0.022 4.07976 1.71014
-0.02 3.77646 1.62332
-0.018 3.4712 1.53234
-0.016 3.16415 1.43753
-0.014 2.85549 1.33926
-0.012 2.54538 1.2379
-0.01 2.23397 1.13384
-0.008 1.92142 1.02745
-0.006 1.60788 0.919155
-0.004 1.29351 0.809343
-0.002 0.978457 0.698426
0 0.662873 0.586815
0.002 0.34687 0.47493
0.004 0.0306369 0.363177
0.006 -0.285675 0.25197
0.008 -0.601911 0.141719
0.01 -0.917915 0.0328316
0.012 -1.23353 -0.0742899
0.014 -1.54858 -0.17925
0.016 -1.86292 -0.28166
0.018 -2.17636 -0.381142
0.02 -2.48873 -0.477328
0.022 -2.79984 -0.569862
0.024 -3.10952 -0.658401
0.026 -3.41757 -0.742617
0.028 -3.72378 -0.822198
0.03 -4.02796 -0.896849
0.032 -4.32989 -0.96629
0.034 -4.62935 -1.03027
0.036 -4.92613 -1.08853
0.038 -5.21999 -1.14088
0.04 -5.5107 -1.18711
0.042 -5.79801 -1.22704
0.044 -6.08169 -1.26053
0.046 -6.36147 -1.28746
0.048 -6.6371 -1.30771
0.05 -6.90833 -1.3212
0.052 -7.17489 -1.3279
0.054 -7.43651 -1.32776
0.056 -7.69292 -1.3208
0.058 -7.94386 -1.30701
0.06 -8.18904 -1.28647
0.062 -8.4282 -1.25924
0.064 -8.66107 -1.22541
0.066 -8.88737 -1.18511
0.068 -9.10684 -1.13849
0.07 -9.31921 -1.08572
0.072 -9.52421 -1.02698
0.074 -9.7216 -0.962498
0.076 -9.91112 -0.892506
0.078 -10.0925 -0.817262
0.08 -10.2656 -0.737043
0.082 -10.43 -0.652144
0.084 -10.5857 -0.562878
0.086 -10.7324 -0.469574
0.088 -10.8698 -0.372578
0.09 -10.9979 -0.272247
0.092 -11.1163 -0.168954
0.094 -11.2251 -0.0630808
0.096 -11.3239 0.04498
0.098 -11.4128 0.154828
0.1 -11.4915 0.266054
0.102 -11.56 0.378245
0.104 -11.6182 0.490984
0.106 -11.666 0.603851
0.108 -11.7034 0.716426
0.11 -11.7303 0.828287
0.112 -11.7467 0.939017
0.114 -11.7527 1.0482
0.116 -11.7483 1.15543
0.118 -11.7335 1.2603
0.12 -11.7083 1.36242
0.122 -11.6729 1.46141
0.124 -11.6274 1.55688
0.126 -11.5719 1.64848
0.128 -11.5065 1.73586
0.13 -11.4314 1.81869
0.132 -11.3467 1.89665
0.134 -11.2528 1.96943
0.136 -11.1497 2.03676
0.138 -11.0378 2.09838
0.14 -10.9172 2.15404
0.142 -10.7883 2.20351
0.144 -10.6514 2.24661
0.146 -10.5067 2.28315
0.148 -10.3545 2.31297
0.15 -10.1952 2.33596
0.152 -10.0292 2.35199
0.154 -9.85675 2.36099
0.156 -9.67826 2.36289
0.158 -9.4941 2.35767
0.16 -9.30467 2.34532
0.162 -9.11036 2.32584
0.164 -8.91159 2.29928
0.166 -8.70876 2.26571
0.168 -8.50229 2.22521
0.17 -8.29261 2.1779
0.172 -8.08014 2.1239
0.174 -7.86532 2.06338
0.176 -7.64858 1.99651
0.178 -7.43035 1.9235
0.18 -7.21107 1.84457
0.182 -6.99116 1.75995
0.184 -6.77106 1.66991
0.186 -6.55119 1.57472
0.188 -6.33197 1.47468
0.19 -6.11381 1.37009
0.192 -5.89713 1.26127
0.194 -5.68232 1.14856
0.196 -5.46979 1.0323
0.198 -5.2599 0.91286
0.2 -5.05303 0.790598
0.202 -4.84954 0.665888
0.204 -4.64978 0.539111
0.206 -4.45408 0.410651
0.208 -4.26277 0.280898
0.21 -4.07615 0.150242
0.212 -3.89452 0.0190739
0.214 -3.71814 -0.112215
0.216 -3.54727 -0.243236
0.218 -3.38217 -0.373603
0.22 -3.22304 -0.502937
0.222 -3.0701 -0.630861
0.224 -2.92354 -0.75701
0.226 -2.78352 -0.881023
0.228 -2.65018 -1.00255
0.23 -2.52367 -1.12126
0.232 -2.40409 -1.23681
0.234 -2.29152 -1.34891
0.236 -2.18605 -1.45724
0.238 -2.08771 -1.56152
0.24 -1.99655 -1.66149
0.242 -1.91256 -1.75688
0.244 -1.83574 -1.84747
0.246 -1.76606 -1.93304
0.248 -1.70347 -2.01339
0.25 -1.6479 -2.08833
0.252 -1.59927 -2.15771
0.254 -1.55748 -2.22139
0.256 -1.52239 -2.27923
0.258 -1.49387 -2.33115
0.26 -1.47177 -2.37706
0.262 -1.45591 -2.4169
0.264 -1.4461 -2.45063
0.266 -1.44214 -2.47822
0.268 -1.44382 -2.49968
0.27 -1.4509 -2.51503
0.272 -1.46314 -2.5243
0.274 -1.48029 -2.52755
0.276 -1.50209 -2.52486
0.278 -1.52825 -2.51632
0.28 -1.5585 -2.50204
0.282 -1.59254 -2.48216
0.284 -1.63007 -2.45681
0.286 -1.67081 -2.42615
0.288 -1.71442 -2.39036
0.29 -1.76061 -2.34964
0.292 -1.80905 -2.30417
0.294 -1.85944 -2.25417
0.296 -1.91145 -2.19988
0.298 -1.96477 -2.14152
0.3 -2.01908 -2.07933
0.302 -2.07406 -2.01358
0.304 -2.12942 -1.94452
0.306 -2.18484 -1.87242
0.308 -2.24003 -1.79755
0.31 -2.29468 -1.72018
0.312 -2.34853 -1.64061
0.314 -2.40128 -1.5591
0.316 -2.45267 -1.47594
0.318 -2.50244 -1.39142
0.32 -2.55034 -1.30581
0.322 -2.59613 -1.21941
0.324 -2.63959 -1.13248
0.326 -2.68051 -1.0453
0.328 -2.71869 -0.958145
0.33 -2.75393 -0.871276
0.332 -2.78608 -0.784951
0.334 -2.81496 -0.699422
0.336 -2.84044 -0.614932
0.338 -2.8624 -0.531715
0.34 -2.88071 -0.449998
0.342 -2.89529 -0.369994
0.344 -2.90605 -0.29191
0.346 -2.91293 -0.215937
0.348 -2.91588 -0.142259
0.35 -2.91486 -0.0710442
0.352 -2.90987 -0.00244968
0.354 -2.90089 0.0633806
0.356 -2.88795 0.126316
0.358 -2.87106 0.18624
0.36 -2.85028 0.243048
0.362 -2.82567 0.296652
0.364 -2.79728 0.346976
0.366 -2.76522 0.39396
0.368 -2.72958 0.437555
0.37 -2.69046 0.477729
0.372 -2.648 0.514462
0.374 -2.60232 0.547748
0.376 -2.55358 0.577596
0.378 -2.50192 0.604026
0.38 -2.44751 0.627072
0.382 -2.39052 0.646779
0.384 -2.33113 0.663207
0.386 -2.26954 0.676424
0.388 -2.20592 0.686511
0.39 -2.14048 0.69356
0.392 -2.07343 0.69767
0.394 -2.00495 0.698952
0.396 -1.93528 0.697525
0.398 -1.86461 0.693515
0.4 -1.79315 0.687055
0.402 -1.72112 0.678285
0.404 -1.64872 0.667351
0.406 -1.57616 0.654403
0.408 -1.50365 0.639594
0.41 -1.43139 0.623082
0.412 -1.35958 0.605027
0.414 -1.28841 0.585591
0.416 -1.21806 0.564933
0.418 -1.14871 0.543218
0.42 -1.08054 0.520606
0.422 -1.01371 0.497255
0.424 -0.948384 0.473324
0.426 -0.884696 0.448965
0.428 -0.822789 0.424328
0.43 -0.762788 0.399559
0.432 -0.704809 0.374797
0.434 -0.648957 0.350177
0.436 -0.595324 0.325825
0.438 -0.543992 0.301863
0.44 -0.49503 0.278404
0.442 -0.448494 0.255551
0.444 -0.404428 0.233402
0.446 -0.362865 0.212044
0.448 -0.323823 0.191556
0.45 -0.287309 0.172007
0.452 -0.253318 0.153457
0.454 -0.221831 0.135955
0.456 -0.192818 0.119541
0.458 -0.166239 0.104245
0.46 -0.14204 0.0900876
0.462 -0.120157 0.0770793
0.464 -0.100516 0.0652208
0.466 -0.0830329 0.0545032
0.468 -0.0676132 0.0449088
0.47 -0.0541547 0.0364105
0.472 -0.042547 0.0289729
0.474 -0.032672 0.0225522
0.476 -0.0244051 0.017097
0.478 -0.017616 0.0125485
0.48 -0.0121693 0.00884109
0.482 -0.00792555 0.00590303
0.484 -0.00474202 0.00365699
0.486 -0.00247373 0.00202066
0.488 -0.000974351 0.000907413
0.49 -9.71288e-05 0.00022705
0.492 0.000304131 -0.000113537
0.494 0.000374103 -0.000209612
0.496 0.000254976 -0.000157849
0.498 8.54923e-05 -5.55736e-05
0.05 0.26159 0.294577
0.1 0.261588 0.294566
0.15 0.261586 0.294547
0.2 0.261582 0.294521
0.25 0.261578 0.294487
0.3 0.261572 0.294445
0.35 0.261565 0.294396
0.4 0.261558 0.294339
0.45 0.261549 0.294275
0.5 0.261539 0.294203
0.55 0.261528 0.294124
0.6 0.261516 0.294037
0.65 0.261503 0.293943
0.7 0.261489 0.293841
0.75 0.261474 0.293731
0.8 0.261458 0.293614
0.85 0.26144 0.29349
0.9 0.261422 0.293358
0.95 0.261402 0.293218
1 0.261381 0.293071
1.05 0.261358 0.292916
1.1 0.261335 0.292754
1.15 0.26131 0.292585
1.2 0.261284 0.292408
1.25 0.261257 0.292224
1.3 0.261228 0.292032
1.35 0.261198 0.291832
1.4 0.261166 0.291626
1.45 0.261133 0.291412
1.5 0.261099 0.29119
1.55 0.261063 0.290961
1.6 0.261026 0.290725
1.65 0.260987 0.290481
1.7 0.260947 0.29023
1.75 0.260905 0.289971
1.8 0.260861 0.289705
1.85 0.260816 0.289432
1.9 0.260768 0.289152
1.95 0.26072 0.288864
2 0.260669 0.288569
2.05 0.260617 0.288267
2.1 0.260562 0.287957
2.15 0.260506 0.28764
2.2 0.260448 0.287316
2.25 0.260388 0.286985
2.3 0.260326 0.286646
2.35 0.260262 0.286301
2.4 0.260196 0.285948
2.45 0.260127 0.285588
2.5 0.260057 0.285221
2.55 0.259984 0.284847
2.6 0.259909 0.284465
2.65 0.259832 0.284077
2.7 0.259752 0.283682
2.75 0.25967 0.283279
2.8 0.259585 0.28287
2.85 0.259498 0.282453
2.9 0.259409 0.28203
2.95 0.259317 0.2816
3 0.259222 0.281162
3.05 0.259124 0.280718
3.1 0.259024 0.280267
3.15 0.258921 0.279809
3.2 0.258815 0.279344
3.25 0.258707 0.278873
3.3 0.258595 0.278394
3.35 0.25848 0.277909
3.4 0.258363 0.277418
3.45 0.258242 0.276919
3.5 0.258118 0.276414
3.55 0.257991 0.275902
3.6 0.257861 0.275383
3.65 0.257727 0.274858
3.7 0.257591 0.274327
3.75 0.257451 0.273788
3.8 0.257307 0.273244
3.85 0.25716 0.272692
3.9 0.257009 0.272135
3.95 0.256855 0.271571
4 0.256698 0.271
4.05 0.256536 0.270423
4.1 0.256371 0.26984
4.15 0.256202 0.26925
4.2 0.256029 0.268655
4.25 0.255853 0.268053
4.3 0.255673 0.267444
4.35 0.255488 0.26683
4.4 0.2553 0.26621
4.45 0.255107 0.265583
4.5 0.254911 0.26495
4.55 0.25471 0.264312
4.6 0.254505 0.263667
4.65 0.254296 0.263016
4.7 0.254083 0.26236
4.75 0.253866 0.261697
4.8 0.253644 0.261029
4.85 0.253417 0.260355
4.9 0.253186 0.259675
4.95 0.252951 0.258989
5 0.252711 0.258298
5.05 0.252467 0.257601
5.1 0.252218 0.256899
5.15 0.251964 0.25619
5.2 0.251706 0.255477
5.25 0.251443 0.254758
5.3 0.251175 0.254033
5.35 0.250903 0.253303
5.4 0.250625 0.252568
5.45 0.250343 0.251827
5.5 0.250056 0.251081
5.55 0.249764 0.25033
5.6 0.249467 0.249574
5.65 0.249165 0.248813
5.7 0.248858 0.248046
5.75 0.248546 0.247275
5.8 0.248228 0.246498
5.85 0.247906 0.245717
5.9 0.247579 0.24493
5.95 0.247246 0.244139
6 0.246908 0.243343
6.05 0.246565 0.242542
6.1 0.246217 0.241737
6.15 0.245864 0.240927
6.2 0.245505 0.240112
6.25 0.245141 0.239293
6.3 0.244771 0.238469
6.35 0.244397 0.237641
6.4 0.244017 0.236808
6.45 0.243631 0.235971
6.5 0.24324 0.23513
6.55 0.242844 0.234285
6.6 0.242443 0.233435
6.65 0.242036 0.232581
6.7 0.241623 0.231724
6.75 0.241205 0.230862
6.8 0.240782 0.229996
6.85 0.240353 0.229126
6.9 0.239919 0.228253
6.95 0.239479 0.227375
7 0.239034 0.226494
7.05 0.238584 0.225609
7.1 0.238128 0.224721
7.15 0.237666 0.223829
7.2 0.237199 0.222933
7.25 0.236727 0.222034
7.3 0.236249 0.221132
7.35 0.235766 0.220226
7.4 0.235277 0.219317
7.45 0.234783 0.218405
7.5 0.234283 0.21749
7.55 0.233778 0.216572
7.6 0.233268 0.21565
7.65 0.232752 0.214726
7.7 0.232231 0.213798
7.75 0.231705 0.212868
7.8 0.231173 0.211935
7.85 0.230636 0.211
7.9 0.230093 0.210061
7.95 0.229546 0.209121
8 0.228993 0.208177
8.05 0.228435 0.207231
8.1 0.227871 0.206283
8.15 0.227303 0.205332
8.2 0.226729 0.204379
8.25 0.22615 0.203424
8.3 0.225567 0.202467
8.35 0.224978 0.201508
8.4 0.224384 0.200546
8.45 0.223785 0.199583
8.5 0.223181 0.198618
8.55 0.222572 0.197651
8.6 0.221958 0.196682
8.65 0.22134 0.195712
8.7 0.220717 0.19474
8.75 0.220088 0.193766
8.8 0.219456 0.192791
8.85 0.218818 0.191815
8.9 0.218176 0.190837
8.95 0.217529 0.189858
9 0.216878 0.188877
9.05 0.216222 0.187896
9.1 0.215562 0.186913
9.15 0.214897 0.18593
9.2 0.214228 0.184945
9.25 0.213555 0.18396
9.3 0.212877 0.182973
9.35 0.212195 0.181987
9.4 0.21151 0.180999
9.45 0.21082 0.180011
9.5 0.210126 0.179022
9.55 0.209428 0.178033
9.6 0.208726 0.177043
9.65 0.20802 0.176053
9.7 0.20731 0.175063
9.75 0.206597 0.174073
9.8 0.20588 0.173082
9.85 0.205159 0.172091
9.9 0.204435 0.171101
9.95 0.203708 0.17011
10 0.202977 0.16912
10.05 0.202242 0.16813
10.1 0.201505 0.16714
10.15 0.200764 0.16615
10.2 0.20002 0.165161
10.25 0.199272 0.164173
10.3 0.198522 0.163185
10.35 0.197769 0.162197
10.4 0.197013 0.161211
10.45 0.196254 0.160225
10.5 0.195493 0.15924
10.55 0.194729 0.158255
10.6 0.193962 0.157272
10.65 0.193193 0.15629
10.7 0.192421 0.155309
10.75 0.191647 0.154329
10.8 0.190871 0.15335
10.85 0.190092 0.152373
10.9 0.189311 0.151396
10.95 0.188528 0.150422
11 0.187744 0.149449
11.05 0.186957 0.148477
11.1 0.186168 0.147507
11.15 0.185378 0.146539
11.2 0.184586 0.145572
11.25 0.183792 0.144607
11.3 0.182997 0.143644
11.35 0.182201 0.142683
11.4 0.181403 0.141724
11.45 0.180604 0.140768
11.5 0.179803 0.139813
11.55 0.179001 0.13886
11.6 0.178199 0.13791
11.65 0.177395 0.136962
11.7 0.176591 0.136016
11.75 0.175785 0.135073
11.8 0.174979 0.134132
11.85 0.174172 0.133194
11.9 0.173365 0.132259
11.95 0.172557 0.131326
12 0.171749 0.130396
12.05 0.17094 0.129468
12.1 0.170131 0.128544
12.15 0.169322 0.127622
12.2 0.168513 0.126704
12.25 0.167703 0.125788
12.3 0.166894 0.124875
12.35 0.166085 0.123966
12.4 0.165276 0.12306
12.45 0.164467 0.122157
12.5 0.163659 0.121257
12.55 0.162851 0.120361
12.6 0.162043 0.119468
12.65 0.161236 0.118578
12.7 0.16043 0.117692
12.75 0.159624 0.11681
12.8 0.158819 0.115931
12.85 0.158015 0.115055
12.9 0.157212 0.114184
12.95 0.15641 0.113316
13 0.155609 0.112452
13.05 0.154809 0.111592
13.1 0.15401 0.110736
13.15 0.153213 0.109883
13.2 0.152417 0.109035
13.25 0.151622 0.10819
13.3 0.150829 0.10735
13.35 0.150037 0.106514
13.4 0.149247 0.105682
13.45 0.148459 0.104854
13.5 0.147672 0.104031
13.55 0.146887 0.103211
13.6 0.146104 0.102396
13.65 0.145323 0.101586
13.7 0.144544 0.100779
13.75 0.143767 0.0999775
13.8 0.142992 0.0991802
13.85 0.142219 0.0983874
13.9 0.141448 0.0975991
13.95 0.14068 0.0968153
14 0.139914 0.0960362
14.05 0.13915 0.0952618
14.1 0.138389 0.094492
14.15 0.137631 0.0937269
14.2 0.136874 0.0929665
14.25 0.136121 0.092211
14.3 0.13537 0.0914602
14.35 0.134622 0.0907142
14.4 0.133876 0.0899731
14.45 0.133133 0.0892369
14.5 0.132393 0.0885056
14.55 0.131656 0.0877793
14.6 0.130922 0.0870579
14.65 0.130191 0.0863415
14.7 0.129463 0.08563
14.75 0.128738 0.0849237
14.8 0.128016 0.0842223
14.85 0.127297 0.0835261
14.9 0.126581 0.0828349
14.95 0.125868 0.0821489
15 0.125159 0.0814679
15.05 0.124453 0.0807922
15.1 0.12375 0.0801216
15.15 0.12305 0.0794561
15.2 0.122354 0.0787959
15.25 0.121661 0.0781409
15.3 0.120972 0.0774911
15.35 0.120286 0.0768465
15.4 0.119603 0.0762072
15.45 0.118924 0.0755731
15.5 0.118249 0.0749444
15.55 0.117577 0.0743209
15.6 0.116908 0.0737026
15.65 0.116243 0.0730897
15.7 0.115582 0.0724821
15.75 0.114924 0.0718798
15.8 0.11427 0.0712828
15.85 0.11362 0.0706911
15.9 0.112973 0.0701047
15.95 0.11233 0.0695237
16 0.111691 0.068948
16.05 0.111055 0.0683776
16.1 0.110423 0.0678125
16.15 0.109794 0.0672528
16.2 0.10917 0.0666984
16.25 0.108549 0.0661493
16.3 0.107932 0.0656056
16.35 0.107318 0.0650671
16.4 0.106708 0.064534
16.45 0.106102 0.0640062
16.5 0.1055 0.0634836
16.55 0.104902 0.0629664
16.6 0.104307 0.0624545
16.65 0.103716 0.0619478
16.7 0.103128 0.0614464
16.75 0.102545 0.0609503
16.8 0.101965 0.0604594
16.85 0.101389 0.0599737
16.9 0.100816 0.0594933
16.95 0.100247 0.0590181
17 0.0996821 0.0585481
17.05 0.0991207 0.0580832
17.1 0.0985629 0.0576235
17.15 0.0980087 0.057169
17.2 0.0974582 0.0567196
17.25 0.0969113 0.0562754
17.3 0.096368 0.0558362
17.35 0.0958283 0.0554021
17.4 0.0952922 0.0549731
17.45 0.0947596 0.0545491
17.5 0.0942306 0.0541301
17.55 0.093705 0.0537161
17.6 0.093183 0.0533071
17.65 0.0926645 0.0529031
17.7 0.0921494 0.052504
17.75 0.0916377 0.0521097
17.8 0.0911294 0.0517204
17.85 0.0906246 0.0513359
17.9 0.090123 0.0509562
17.95 0.0896248 0.0505814
18 0.08913 0.0502113
18.05 0.0886384 0.0498459
18.1 0.08815 0.0494853
18.15 0.0876649 0.0491294
18.2 0.0871829 0.0487781
18.25 0.0867041 0.0484314
18.3 0.0862285 0.0480893
18.35 0.0857559 0.0477518
18.4 0.0852864 0.0474188
18.45 0.08482 0.0470904
18.5 0.0843565 0.0467663
18.55 0.083896 0.0464467
18.6 0.0834385 0.0461315
18.65 0.0829839 0.0458207
18.7 0.0825321 0.0455142
18.75 0.0820832 0.045212
18.8 0.081637 0.044914
18.85 0.0811936 0.0446203
18.9 0.080753 0.0443307
18.95 0.080315 0.0440453
19 0.0798797 0.0437639
19.05 0.079447 0.0434867
19.1 0.0790169 0.0432135
19.15 0.0785893 0.0429442
19.2 0.0781642 0.0426789
19.25 0.0777416 0.0424175
19.3 0.0773214 0.04216
19.35 0.0769036 0.0419063
19.4 0.0764881 0.0416564
19.45 0.076075 0.0414102
19.5 0.0756641 0.0411677
19.55 0.0752554 0.0409289
19.6 0.0748489 0.0406937
19.65 0.0744446 0.0404621
19.7 0.0740423 0.040234
19.75 0.0736422 0.0400094
19.8 0.0732441 0.0397883
19.85 0.0728479 0.0395705
19.9 0.0724537 0.0393561
19.95 0.0720614 0.039145
20 0.071671 0.0389372
20.05 0.0712824 0.0387326
20.1 0.0708956 0.0385312
20.15 0.0705106 0.0383329
20.2 0.0701272 0.0381377
20.25 0.0697456 0.0379456
20.3 0.0693655 0.0377564
20.35 0.0689871 0.0375702
20.4 0.0686102 0.0373869
20.45 0.0682348 0.0372064
20.5 0.0678609 0.0370288
20.55 0.0674884 0.0368539
20.6 0.0671174 0.0366818
20.65 0.0667477 0.0365123
20.7 0.0663793 0.0363455
20.75 0.0660122 0.0361812
20.8 0.0656463 0.0360195
20.85 0.0652817 0.0358602
20.9 0.0649182 0.0357034
20.95 0.0645559 0.035549
21 0.0641947 0.035397
21.05 0.0638346 0.0352472
21.1 0.0634755 0.0350997
21.15 0.0631174 0.0349544
21.2 0.0627602 0.0348113
21.25 0.062404 0.0346703
21.3 0.0620487 0.0345313
21.35 0.0616943 0.0343944
21.4 0.0613407 0.0342595
21.45 0.0609879 0.0341265
21.5 0.0606359 0.0339954
21.55 0.0602846 0.0338661
21.6 0.0599341 0.0337386
21.65 0.0595842 0.0336129
21.7 0.059235 0.0334889
21.75 0.0588864 0.0333665
21.8 0.0585384 0.0332457
21.85 0.058191 0.0331266
21.9 0.0578441 0.0330089
21.95 0.0574978 0.0328927
22 0.0571519 0.032778
22.05 0.0568066 0.0326646
22.1 0.0564616 0.0325526
22.15 0.0561171 0.032442
22.2 0.055773 0.0323325
22.25 0.0554293 0.0322243
22.3 0.0550859 0.0321173
22.35 0.0547428 0.0320114
22.4 0.0544001 0.0319066
22.45 0.0540577 0.0318028
22.5 0.0537155 0.0317001
22.55 0.0533737 0.0315983
22.6 0.053032 0.0314975
22.65 0.0526906 0.0313975
22.7 0.0523494 0.0312984
22.75 0.0520084 0.0312001
22.8 0.0516675 0.0311026
22.85 0.0513268 0.0310058
22.9 0.0509863 0.0309096
22.95 0.050646 0.0308142
23 0.0503057 0.0307193
23.05 0.0499656 0.0306251
23.1 0.0496256 0.0305313
23.15 0.0492857 0.0304381
23.2 0.0489458 0.0303453
23.25 0.0486061 0.030253
23.3 0.0482664 0.030161
23.35 0.0479268 0.0300695
23.4 0.0475873 0.0299782
23.45 0.0472478 0.0298872
23.5 0.0469084 0.0297965
23.55 0.046569 0.0297061
23.6 0.0462297 0.0296158
23.65 0.0458905 0.0295256
23.7 0.0455512 0.0294356
23.75 0.0452121 0.0293457
23.8 0.0448729 0.0292559
23.85 0.0445338 0.0291661
23.9 0.0441948 0.0290763
23.95 0.0438558 0.0289864
24 0.0435169 0.0288966
24.05 0.043178 0.0288066
24.1 0.0428392 0.0287165
24.15 0.0425004 0.0286263
24.2 0.0421617 0.028536
24.25 0.0418231 0.0284454
24.3 0.0414846 0.0283546
24.35 0.0411462 0.0282636
24.4 0.0408079 0.0281723
24.45 0.0404697 0.0280808
24.5 0.0401316 0.0279889
24.55 0.0397936 0.0278967
24.6 0.0394558 0.0278041
24.65 0.0391182 0.0277111
24.7 0.0387807 0.0276178
24.75 0.0384434 0.027524
24.8 0.0381062 0.0274298
24.85 0.0377693 0.0273351
24.9 0.0374326 0.0272399
24.95 0.0370962 0.0271442
25 0.03676 0.027048
25.05 0.036424 0.0269513
25.1 0.0360884 0.026854
25.15 0.0357531 0.0267562
25.2 0.035418 0.0266577
25.25 0.0350834 0.0265587
25.3 0.034749 0.026459
25.35 0.0344151 0.0263587
25.4 0.0340815 0.0262578
25.45 0.0337484 0.0261562
25.5 0.0334157 0.0260539
25.55 0.0330835 0.025951
25.6 0.0327517 0.0258474
25.65 0.0324205 0.025743
25.7 0.0320898 0.025638
25.75 0.0317596 0.0255322
25.8 0.03143 0.0254257
25.85 0.031101 0.0253184
25.9 0.0307726 0.0252104
25.95 0.0304449 0.0251016
26 0.0301178 0.0249921
26.05 0.0297915 0.0248818
26.1 0.0294658 0.0247707
26.15 0.0291409 0.0246589
26.2 0.0288168 0.0245462
26.25 0.0284934 0.0244328
26.3 0.0281709 0.0243185
26.35 0.0278493 0.0242035
26.4 0.0275285 0.0240877
26.45 0.0272086 0.023971
26.5 0.0268896 0.0238536
26.55 0.0265716 0.0237353
26.6 0.0262546 0.0236162
26.65 0.0259386 0.0234963
26.7 0.0256236 0.0233757
26.75 0.0253097 0.0232542
26.8 0.0249969 0.0231319
26.85 0.0246853 0.0230087
26.9 0.0243747 0.0228848
26.95 0.0240654 0.0227601
27 0.0237573 0.0226346
27.05 0.0234504 0.0225083
27.1 0.0231447 0.0223812
27.15 0.0228404 0.0222533
27.2 0.0225374 0.0221247
27.25 0.0222357 0.0219952
27.3 0.0219354 0.021865
27.35 0.0216365 0.0217341
27.4 0.0213391 0.0216023
27.45 0.0210431 0.0214699
27.5 0.0207486 0.0213367
27.55 0.0204556 0.0212027
27.6 0.0201642 0.021068
27.65 0.0198743 0.0209327
27.7 0.0195861 0.0207966
27.75 0.0192994 0.0206598
27.8 0.0190145 0.0205223
27.85 0.0187312 0.0203841
27.9 0.0184496 0.0202453
27.95 0.0181697 0.0201058
28 0.0178916 0.0199657
28.05 0.0176153 0.0198249
28.1 0.0173408 0.0196835
28.15 0.0170682 0.0195415
28.2 0.0167974 0.0193989
28.25 0.0165285 0.0192557
28.3 0.0162615 0.019112
28.35 0.0159964 0.0189677
28.4 0.0157334 0.0188228
28.45 0.0154723 0.0186775
28.5 0.0152132 0.0185316
28.55 0.0149561 0.0183852
28.6 0.0147011 0.0182383
28.65 0.0144482 0.018091
28.7 0.0141973 0.0179432
28.75 0.0139486 0.0177949
28.8 0.013702 0.0176463
28.85 0.0134576 0.0174972
28.9 0.0132154 0.0173478
28.95 0.0129754 0.0171979
29 0.0127376 0.0170477
29.05 0.012502 0.0168972
29.1 0.0122687 0.0167464
29.15 0.0120377 0.0165952
29.2 0.011809 0.0164438
29.25 0.0115825 0.0162921
29.3 0.0113584 0.0161401
29.35 0.0111367 0.0159879
29.4 0.0109173 0.0158355
29.45 0.0107003 0.0156829
29.5 0.0104857 0.0155301
29.55 0.0102734 0.0153772
29.6 0.0100636 0.0152241
29.65 0.00985627 0.0150709
29.7 0.00965134 0.0149176
29.75 0.00944887 0.0147642
29.8 0.00924886 0.0146108
29.85 0.00905133 0.0144573
29.9 0.00885628 0.0143037
29.95 0.00866373 0.0141502
30 0.00847369 0.0139967
30.05 0.00828616 0.0138432
30.1 0.00810116 0.0136897
30.15 0.00791868 0.0135363
30.2 0.00773874 0.0133831
30.25 0.00756135 0.0132299
30.3 0.0073865 0.0130768
30.35 0.0072142 0.0129239
30.4 0.00704447 0.0127712
30.45 0.00687729 0.0126186
30.5 0.00671268 0.0124663
30.55 0.00655064 0.0123142
30.6 0.00639117 0.0121623
30.65 0.00623427 0.0120107
30.7 0.00607994 0.0118594
30.75 0.00592819 0.0117084
30.8 0.005779 0.0115577
30.85 0.00563239 0.0114073
30.9 0.00548835 0.0112573
30.95 0.00534688 0.0111077
31 0.00520797 0.0109585
31.05 0.00507162 0.0108097
31.1 0.00493783 0.0106614
31.15 0.00480659 0.0105134
31.2 0.00467791 0.010366
31.25 0.00455176 0.0102191
31.3 0.00442815 0.0100726
31.35 0.00430707 0.00992672
31.4 0.00418852 0.00978136
31.45 0.00407248 0.00963656
31.5 0.00395894 0.00949234
31.55 0.0038479 0.00934872
31.6 0.00373935 0.00920572
31.65 0.00363327 0.00906335
31.7 0.00352966 0.00892163
31.75 0.00342851 0.00878057
31.8 0.00332979 0.0086402
31.85 0.00323351 0.00850053
31.9 0.00313965 0.00836157
31.95 0.00304819 0.00822335
32 0.00295912 0.00808588
32.05 0.00287242 0.00794917
32.1 0.00278809 0.00781324
32.15 0.0027061 0.0076781
32.2 0.00262644 0.00754377
32.25 0.00254909 0.00741027
32.3 0.00247404 0.00727761
32.35 0.00240126 0.0071458
32.4 0.00233075 0.00701486
32.45 0.00226248 0.0068848
32.5 0.00219643 0.00675563
32.55 0.00213258 0.00662737
32.6 0.00207092 0.00650004
32.65 0.00201142 0.00637364
32.7 0.00195406 0.00624818
32.75 0.00189883 0.00612369
32.8 0.00184569 0.00600017
32.85 0.00179464 0.00587763
32.9 0.00174564 0.00575609
32.95 0.00169867 0.00563555
33 0.00165372 0.00551603
33.05 0.00161075 0.00539754
33.1 0.00156975 0.00528009
33.15 0.00153068 0.00516368
33.2 0.00149353 0.00504834
33.25 0.00145828 0.00493407
33.3 0.00142488 0.00482087
33.35 0.00139333 0.00470876
33.4 0.00136359 0.00459775
33.45 0.00133565 0.00448784
33.5 0.00130946 0.00437904
33.55 0.00128501 0.00427137
33.6 0.00126227 0.00416482
33.65 0.00124121 0.00405941
33.7 0.00122181 0.00395514
33.75 0.00120403 0.00385202
33.8 0.00118786 0.00375006
33.85 0.00117326 0.00364926
33.9 0.0011602 0.00354962
33.95 0.00114866 0.00345116
34 0.00113861 0.00335388
34.05 0.00113001 0.00325779
34.1 0.00112285 0.00316288
34.15 0.00111709 0.00306916
34.2 0.0011127 0.00297664
34.25 0.00110966 0.00288532
34.3 0.00110793 0.00279521
34.35 0.00110748 0.0027063
34.4 0.00110829 0.0026186
34.45 0.00111033 0.00253211
34.5 0.00111356 0.00244684
34.55 0.00111797 0.00236279
34.6 0.00112351 0.00227995
34.65 0.00113015 0.00219833
34.7 0.00113788 0.00211794
34.75 0.00114666 0.00203876
34.8 0.00115645 0.00196081
34.85 0.00116723 0.00188408
34.9 0.00117898 0.00180857
34.95 0.00119165 0.00173428
35 0.00120522 0.00166122
35.05 0.00121967 0.00158937
35.1 0.00123495 0.00151874
35.15 0.00125105 0.00144933
35.2 0.00126793 0.00138114
35.25 0.00128557 0.00131416
35.3 0.00130392 0.00124839
35.35 0.00132298 0.00118383
35.4 0.00134269 0.00112047
35.45 0.00136305 0.00105832
35.5 0.00138401 0.000997367
35.55 0.00140556 0.000937609
35.6 0.00142765 0.000879042
35.65 0.00145027 0.000821663
35.7 0.00147339 0.000765467
35.75 0.00149697 0.00071045
35.8 0.00152099 0.000656605
35.85 0.00154542 0.000603929
35.9 0.00157024 0.000552415
35.95 0.00159542 0.000502059
36 0.00162092 0.000452854
36.05 0.00164674 0.000404794
36.1 0.00167282 0.000357872
36.15 0.00169917 0.000312083
36.2 0.00172573 0.00026742
36.25 0.0017525 0.000223874
36.3 0.00177944 0.00018144
36.35 0.00180653 0.00014011
36.4 0.00183375 9.9876e-05
36.45 0.00186107 6.07303e-05
36.5 0.00188846 2.26648e-05
36.55 0.00191591 -1.43286e-05
36.6 0.00194338 -5.02584e-05
36.65 0.00197086 -8.51331e-05
36.7 0.00199832 -0.000118962
36.75 0.00202574 -0.000151753
36.8 0.0020531 -0.000183516
36.85 0.00208038 -0.00021426
36.9 0.00210755 -0.000243995
36.95 0.00213459 -0.000272731
37 0.00216148 -0.000300476
37.05 0.00218821 -0.000327241
37.1 0.00221475 -0.000353037
37.15 0.00224107 -0.000377873
37.2 0.00226717 -0.00040176
37.25 0.00229302 -0.000424709
37.3 0.00231861 -0.000446729
37.35 0.00234391 -0.000467832
37.4 0.00236891 -0.000488029
37.45 0.00239359 -0.000507331
37.5 0.00241793 -0.000525748
37.55 0.00244192 -0.000543293
37.6 0.00246554 -0.000559977
37.65 0.00248877 -0.00057581
37.7 0.00251161 -0.000590806
37.75 0.00253402 -0.000604974
37.8 0.00255601 -0.000618328
37.85 0.00257755 -0.000630878
37.9 0.00259863 -0.000642638
37.95 0.00261923 -0.000653618
38 0.00263935 -0.000663831
38.05 0.00265898 -0.00067329
38.1 0.00267809 -0.000682005
38.15 0.00269668 -0.00068999
38.2 0.00271474 -0.000697257
38.25 0.00273225 -0.000703818
38.3 0.0027492 -0.000709686
38.35 0.0027656 -0.000714873
38.4 0.00278141 -0.000719392
38.45 0.00279664 -0.000723255
38.5 0.00281128 -0.000726474
38.55 0.00282532 -0.000729063
38.6 0.00283875 -0.000731033
38.65 0.00285156 -0.000732398
38.7 0.00286375 -0.00073317
38.75 0.00287531 -0.000733362
38.8 0.00288623 -0.000732987
38.85 0.00289651 -0.000732056
38.9 0.00290614 -0.000730583
38.95 0.00291512 -0.000728581
39 0.00292344 -0.000726061
39.05 0.00293109 -0.000723037
39.1 0.00293808 -0.000719521
39.15 0.0029444 -0.000715525
39.2 0.00295005 -0.000711063
39.25 0.00295503 -0.000706147
39.3 0.00295932 -0.000700788
39.35 0.00296294 -0.000695
39.4 0.00296587 -0.000688795
39.45 0.00296813 -0.000682186
39.5 0.0029697 -0.000675184
39.55 0.00297059 -0.000667802
39.6 0.0029708 -0.000660051
39.65 0.00297032 -0.000651945
39.7 0.00296916 -0.000643495
39.75 0.00296733 -0.000634713
39.8 0.00296481 -0.000625611
39.85 0.00296162 -0.000616201
39.9 0.00295775 -0.000606495
39.95 0.00295321 -0.000596503
40 0.002948 -0.000586239
40.05 0.00294212 -0.000575713
40.1 0.00293558 -0.000564937
40.15 0.00292839 -0.000553922
40.2 0.00292053 -0.00054268
40.25 0.00291203 -0.00053122
40.3 0.00290289 -0.000519556
40.35 0.0028931 -0.000507697
40.4 0.00288268 -0.000495654
40.45 0.00287163 -0.000483439
40.5 0.00285995 -0.000471061
40.55 0.00284766 -0.000458531
40.6 0.00283476 -0.000445859
40.65 0.00282126 -0.000433057
40.7 0.00280715 -0.000420133
40.75 0.00279247 -0.000407098
40.8 0.00277719 -0.000393963
40.85 0.00276135 -0.000380735
40.9 0.00274494 -0.000367426
40.95 0.00272797 -0.000354045
41 0.00271045 -0.000340601
41.05 0.0026924 -0.000327103
41.1 0.00267381 -0.000313561
41.15 0.0026547 -0.000299984
41.2 0.00263507 -0.000286379
41.25 0.00261495 -0.000272757
41.3 0.00259433 -0.000259125
41.35 0.00257322 -0.000245493
41.4 0.00255165 -0.000231867
41.45 0.0025296 -0.000218257
41.5 0.00250711 -0.00020467
41.55 0.00248417 -0.000191115
41.6 0.00246081 -0.000177598
41.65 0.00243702 -0.000164127
41.7 0.00241282 -0.000150711
41.75 0.00238822 -0.000137355
41.8 0.00236323 -0.000124067
41.85 0.00233787 -0.000110855
41.9 0.00231214 -9.77237e-05
41.95 0.00228606 -8.4681e-05
42 0.00225963 -7.17331e-05
42.05 0.00223288 -5.88863e-05
42.1 0.00220581 -4.61467e-05
42.15 0.00217843 -3.35202e-05
42.2 0.00215075 -2.10128e-05
42.25 0.00212279 -8.63012e-06
42.3 0.00209456 3.62238e-06
42.35 0.00206607 1.57393e-05
42.4 0.00203734 2.77155e-05
42.45 0.00200837 3.95459e-05
42.5 0.00197918 5.12255e-05
42.55 0.00194977 6.27498e-05
42.6 0.00192017 7.41141e-05
42.65 0.00189038 8.5314e-05
42.7 0.00186042 9.63452e-05
42.75 0.0018303 0.000107204
42.8 0.00180002 0.000117885
42.85 0.00176961 0.000128387
42.9 0.00173907 0.000138704
42.95 0.00170842 0.000148834
43 0.00167767 0.000158772
43.05 0.00164683 0.000168517
43.1 0.00161591 0.000178064
43.15 0.00158492 0.000187411
43.2 0.00155389 0.000196556
43.25 0.00152281 0.000205495
43.3 0.00149169 0.000214227
43.35 0.00146057 0.000222748
43.4 0.00142943 0.000231058
43.45 0.0013983 0.000239153
43.5 0.00136718 0.000247033
43.55 0.00133609 0.000254694
43.6 0.00130504 0.000262137
43.65 0.00127404 0.000269358
43.7 0.0012431 0.000276358
43.75 0.00121223 0.000283135
43.8 0.00118144 0.000289688
43.85 0.00115075 0.000296015
43.9 0.00112015 0.000302117
43.95 0.00108967 0.000307993
44 0.00105932 0.000313642
44.05 0.0010291 0.000319064
44.1 0.000999019 0.000324259
44.15 0.000969094 0.000329226
44.2 0.000939333 0.000333965
44.25 0.000909744 0.000338478
44.3 0.000880337 0.000342763
44.35 0.000851121 0.000346822
44.4 0.000822106 0.000350655
44.45 0.000793299 0.000354262
44.5 0.000764711 0.000357645
44.55 0.000736348 0.000360803
44.6 0.00070822 0.000363739
44.65 0.000680334 0.000366453
44.7 0.000652699 0.000368946
44.75 0.000625323 0.000371219
44.8 0.000598213 0.000373275
44.85 0.000571376 0.000375114
44.9 0.00054482 0.000376737
44.95 0.000518552 0.000378148
45 0.000492578 0.000379346
45.05 0.000466905 0.000380335
45.1 0.00044154 0.000381116
45.15 0.000416489 0.000381691
45.2 0.000391758 0.000382063
45.25 0.000367353 0.000382232
45.3 0.00034328 0.000382203
45.35 0.000319543 0.000381976
45.4 0.000296149 0.000381555
45.45 0.000273101 0.000380941
45.5 0.000250406 0.000380139
45.55 0.000228068 0.000379149
45.6 0.000206091 0.000377975
45.65 0.000184479 0.000376619
45.7 0.000163236 0.000375085
45.75 0.000142366 0.000373375
45.8 0.000121874 0.000371492
45.85 0.000101761 0.000369439
45.9 8.20314e-05 0.00036722
45.95 6.26883e-05 0.000364837
46 4.37341e-05 0.000362293
46.05 2.51716e-05 0.000359591
46.1 7.00293e-06 0.000356736
46.15 -1.07696e-05 0.00035373
46.2 -2.81442e-05 0.000350576
46.25 -4.5119e-05 0.000347278
46.3 -6.16925e-05 0.000343839
46.35 -7.78635e-05 0.000340263
46.4 -9.36307e-05 0.000336553
46.45 -0.000108993 0.000332712
46.5 -0.00012395 0.000328744
46.55 -0.000138501 0.000324653
46.6 -0.000152646 0.000320442
46.65 -0.000166385 0.000316115
46.7 -0.000179717 0.000311675
46.75 -0.000192643 0.000307126
46.8 -0.000205163 0.000302471
46.85 -0.000217278 0.000297715
46.9 -0.000228988 0.00029286
46.95 -0.000240296 0.000287911
47 -0.000251201 0.000282871
47.05 -0.000261705 0.000277744
47.1 -0.000271809 0.000272533
47.15 -0.000281516 0.000267243
47.2 -0.000290828 0.000261876
47.25 -0.000299745 0.000256437
47.3 -0.000308271 0.000250928
47.35 -0.000316407 0.000245355
47.4 -0.000324156 0.00023972
47.45 -0.000331522 0.000234027
47.5 -0.000338506 0.000228279
47.55 -0.000345111 0.000222481
47.6 -0.000351342 0.000216636
47.65 -0.0003572 0.000210747
47.7 -0.00036269 0.000204818
47.75 -0.000367814 0.000198852
47.8 -0.000372578 0.000192854
47.85 -0.000376984 0.000186826
47.9 -0.000381036 0.000180772
47.95 -0.000384738 0.000174695
48 -0.000388096 0.000168599
48.05 -0.000391112 0.000162487
48.1 -0.000393792 0.000156363
48.15 -0.000396139 0.00015023
48.2 -0.000398159 0.00014409
48.25 -0.000399857 0.000137948
48.3 -0.000401237 0.000131806
48.35 -0.000402304 0.000125668
48.4 -0.000403063 0.000119537
48.45 -0.000403519 0.000113416
48.5 -0.000403679 0.000107307
48.55 -0.000403546 0.000101215
48.6 -0.000403126 9.51411e-05
48.65 -0.000402426 8.90892e-05
48.7 -0.000401449 8.3062e-05
48.75 -0.000400203 7.70623e-05
48.8 -0.000398693 7.10928e-05
48.85 -0.000396924 6.51563e-05
48.9 -0.000394902 5.92555e-05
48.95 -0.000392634 5.33929e-05
49 -0.000390124 4.75712e-05
49.05 -0.00038738 4.17928e-05
49.1 -0.000384407 3.60602e-05
49.15 -0.000381211 3.03759e-05
49.2 -0.000377798 2.47423e-05
49.25 -0.000374175 1.91615e-05
49.3 -0.000370347 1.36359e-05
49.35 -0.000366322 8.1677e-06
49.4 -0.000362104 2.759e-06
49.45 -0.0003577 -2.58812e-06
49.5 -0.000353117 -7.87161e-06
49.55 -0.000348361 -1.30895e-05
49.6 -0.000343438 -1.82399e-05
49.65 -0.000338354 -2.3321e-05
49.7 -0.000333116 -2.83309e-05
49.75 -0.00032773 -3.32679e-05
49.8 -0.000322202 -3.81304e-05
49.85 -0.000316539 -4.29167e-05
49.9 -0.000310746 -4.76252e-05
49.95 -0.000304831 -5.22546e-05
50 -0.000298798 -5.68032e-05
