-0.498 -0.000610558 0.00574484
-0.496 -0.00404761 0.023236
-0.494 -0.0127021 0.0527959
-0.492 -0.0289307 0.0946625
-0.49 -0.055042 0.148989
-0.488 -0.0932826 0.215845
-0.486 -0.145823 0.295215
-0.484 -0.214747 0.386998
-0.482 -0.302033 0.491016
-0.48 -0.409549 0.607004
-0.478 -0.539035 0.734622
-0.476 -0.692093 0.873454
-0.474 -0.870178 1.02301
-0.472 -1.07458 1.18272
-0.47 -1.30644 1.35196
-0.468 -1.56669 1.53004
-0.466 -1.85609 1.7162
-0.464 -2.17522 1.90964
-0.462 -2.52444 2.1095
-0.46 -2.9039 2.31486
-0.458 -3.31356 2.52479
-0.456 -3.75313 2.7383
-0.454 -4.22213 2.95438
-0.452 -4.71983 3.17199
-0.45 -5.24528 3.39007
-0.448 -5.79731 3.60756
-0.446 -6.37452 3.82336
-0.444 -6.97528 4.03641
-0.442 -7.59772 4.24563
-0.44 -8.23976 4.44994
-0.438 -8.89911 4.6483
-0.436 -9.57323 4.83969
-0.434 -10.2594 5.02309
-0.432 -10.9547 5.19754
-0.43 -11.6559 5.36212
-0.428 -12.3598 5.51593
-0.426 -13.0628 5.65814
-0.424 -13.7613 5.78797
-0.422 -14.4513 5.90469
-0.42 -15.129 6.00765
-0.418 -15.79 6.09625
-0.416 -16.4303 6.16997
-0.414 -17.0453 6.22838
-0.412 -17.6305 6.2711
-0.41 -18.1815 6.29785
-0.408 -18.6934 6.30843
-0.406 -19.1617 6.30273
-0.404 -19.5815 6.28073
-0.402 -19.9481 6.24249
-0.4 -20.2565 6.18819
-0.398 -20.5022 6.11806
-0.396 -20.6801 6.03247
-0.394 -20.7857 5.93185
-0.392 -20.8142 5.81674
-0.39 -20.761 5.68777
-0.388 -20.6216 5.54566
-0.386 -20.3916 5.39123
-0.384 -20.0666 5.22539
-0.382 -19.6426 5.04912
-0.38 -19.1154 4.8635
-0.378 -18.4814 4.6697
-0.376 -17.7368 4.46895
-0.374 -16.8783 4.26257
-0.372 -15.9025 4.05195
-0.37 -14.8066 3.83856
-0.368 -13.5879 3.62391
-0.366 -12.2439 3.40959
-0.364 -10.7723 3.19724
-0.362 -9.17139 2.98855
-0.36 -7.4395 2.78526
-0.358 -5.57538 2.58913
-0.356 -3.57809 2.40198
-0.354 -1.44702 2.22564
-0.352 0.818111 2.06196
-0.35 3.2172 1.91282
-0.348 5.74982 1.78009
-0.346 8.41515 1.66566
-0.344 11.212 1.57139
-0.342 14.1388 1.49914
-0.34 17.1937 1.45077
-0.338 20.3743 1.42808
-0.336 23.678 1.43285
-0.334 27.1016 1.46682
-0.332 30.6416 1.53169
-0.33 34.2944 1.62907
-0.328 38.0555 1.76056
-0.326 41.9204 1.92763
-0.324 45.8841 2.13172
-0.322 49.9413 2.37417
-0.32 54.0863 2.65621
-0.318 58.313 2.97901
-0.316 62.615 3.34359
-0.314 66.9856 3.75089
-0.312 71.4177 4.20173
-0.31 75.9038 4.69679
-0.308 80.4365 5.23665
-0.306 85.0075 5.82172
-0.304 89.6088 6.45231
-0.302 94.2318 7.12854
-0.3 98.8676 7.85044
-0.298 103.507 8.61784
-0.296 108.142 9.43044
-0.294 112.762 10.2878
-0.292 117.358 11.1892
-0.29 121.919 12.134
-0.288 126.437 13.1212
-0.286 130.902 14.1496
-0.284 135.302 15.2181
-0.282 139.628 16.3251
-0.28 143.871 17.4691
-0.278 148.018 18.6483
-0.276 152.062 19.8608
-0.274 155.99 21.1045
-0.272 159.793 22.3772
-0.27 163.462 23.6765
-0.268 166.985 24.9998
-0.266 170.354 26.3447
-0.264 173.558 27.7081
-0.262 176.588 29.0872
-0.26 179.434 30.479
-0.258 182.088 31.8803
-0.256 184.54 33.2877
-0.254 186.781 34.698
-0.252 188.804 36.1077
-0.25 190.601 37.5132
-0.248 192.163 38.9109
-0.246 193.483 40.2971
-0.244 194.555 41.668
-0.242 195.371 43.02
-0.24 195.926 44.3491
-0.238 196.213 45.6516
-0.236 196.228 46.9235
-0.234 195.965 48.1611
-0.232 195.42 49.3605
-0.23 194.59 50.5178
-0.228 193.471 51.6294
-0.226 192.06 52.6914
-0.224 190.355 53.7002
-0.222 188.355 54.6522
-0.22 186.057 55.5438
-0.218 183.462 56.3717
-0.216 180.57 57.1325
-0.214 177.38 57.8229
-0.212 173.895 58.44
-0.21 170.117 58.9807
-0.208 166.046 59.4423
-0.206 161.687 59.8221
-0.204 157.043 60.1176
-0.202 152.117 60.3266
-0.2 146.916 60.4469
-0.198 141.443 60.4767
-0.196 135.706 60.4142
-0.194 129.71 60.2579
-0.192 123.462 60.0065
-0.19 116.97 59.6591
-0.188 110.243 59.2148
-0.186 103.288 58.673
-0.184 96.1148 58.0334
-0.182 88.7336 57.2958
-0.18 81.1542 56.4606
-0.178 73.3873 55.528
-0.176 65.4439 54.4988
-0.174 57.3357 53.3738
-0.172 49.0746 52.1544
-0.17 40.673 50.842
-0.168 32.1436 49.4382
-0.166 23.4996 47.9451
-0.164 14.7544 46.3648
-0.162 5.92186 44.7
-0.16 -2.98406 42.9532
-0.158 -11.949 41.1275
-0.156 -20.9584 39.2262
-0.154 -29.9975 37.2526
-0.152 -39.0514 35.2105
-0.15 -48.1048 33.1037
-0.148 -57.1426 30.9364
-0.146 -66.1495 28.713
-0.144 -75.1099 26.4379
-0.142 -84.0084 24.1158
-0.14 -92.8297 21.7516
-0.138 -101.558 19.3504
-0.136 -110.178 16.9173
-0.134 -118.675 14.4577
-0.132 -127.033 11.977
-0.13 -135.237 9.48065
-0.128 -143.272 6.97443
-0.126 -151.123 4.46402
-0.124 -158.777 1.95521
-0.122 -166.218 -0.546192
-0.12 -173.433 -3.03431
-0.118 -180.409 -5.50327
-0.116 -187.131 -7.9472
-0.114 -193.587 -10.3603
-0.112 -199.765 -12.7366
-0.11 -205.652 -15.0705
-0.108 -211.237 -17.3563
-0.106 -216.509 -19.5883
-0.104 -221.457 -21.7611
-0.102 -226.072 -23.8693
-0.1 -230.343 -25.9076
-0.098 -234.262 -27.871
-0.096 -237.82 -29.7546
-0.094 -241.01 -31.5536
-0.092 -243.825 -33.2635
-0.09 -246.259 -34.88
-0.088 -248.305 -36.3991
-0.086 -249.959 -37.8168
-0.084 -251.217 -39.1296
-0.082 -252.074 -40.3342
-0.08 -252.529 -41.4274
-0.078 -252.578 -42.4066
-0.076 -252.221 -43.2693
-0.074 -251.457 -44.0133
-0.072 -250.286 -44.6367
-0.07 -248.709 -45.138
-0.068 -246.727 -45.516
-0.066 -244.343 -45.7696
-0.064 -241.56 -45.8984
-0.062 -238.381 -45.902
-0.06 -234.811 -45.7806
-0.058 -230.856 -45.5345
-0.056 -226.521 -45.1644
-0.054 -221.813 -44.6713
-0.052 -216.738 -44.0566
-0.05 -211.306 -43.3219
-0.048 -205.523 -42.4692
-0.046 -199.401 -41.5007
-0.044 -192.948 -40.4191
-0.042 -186.174 -39.2271
-0.04 -179.091 -37.9278
-0.038 -171.709 -36.5247
-0.036 -164.042 -35.0214
-0.034 -156.1 -33.4217
-0.032 -147.897 -31.7299
-0.03 -139.447 -29.9502
-0.028 -130.762 -28.0871
-0.026 -121.858 -26.1456
-0.024 -112.748 -24.1304
-0.022 -103.446 -22.0468
-0.02 -93.9692 -19.8999
-0.018 -84.3315 -17.6954
-0.016 -74.5487 -15.4386
-0.014 -64.6368 -13.1353
-0.012 -54.6116 -10.7914
-0.01 -44.4893 -8.41257
-0.008 -34.2863 -6.00494
-0.006 -24.019 -3.5745
-0.004 -13.7038 -1.12735
-0.002 -3.35757 1.3304
0 7.00322 3.79258
0.002 17.3618 6.25294
0.004 27.7015 8.70542
0.006 38.0058 11.1439
0.008 48.2579 13.5621
0.01 58.4414 15.9542
0.012 68.5398 18.314
0.014 78.537 20.6357
0.016 88.4166 22.9133
0.018 98.1628 25.1411
0.02 107.76 27.3134
0.022 117.192 29.4248
0.024 126.444 31.4698
0.026 135.501 33.4432
0.028 144.349 35.34
0.03 152.972 37.1552
0.032 161.357 38.8842
0.034 169.491 40.5225
0.036 177.36 42.0657
0.038 184.951 43.51
0.04 192.252 44.8513
0.042 199.251 46.0863
0.044 205.938 47.2115
0.046 212.3 48.224
0.048 218.328 49.1211
0.05 224.012 49.9001
0.052 229.344 50.5591
0.054 234.314 51.096
0.056 238.915 51.5094
0.058 243.14 51.7981
0.06 246.982 51.961
0.062 250.435 51.9977
0.064 253.495 51.9077
0.066 256.156 51.6912
0.068 258.416 51.3486
0.07 260.271 50.8805
0.072 261.719 50.2879
0.074 262.758 49.5722
0.076 263.388 48.7351
0.078 263.609 47.7785
0.08 263.422 46.7048
0.082 262.827 45.5164
0.084 261.828 44.2162
0.086 260.427 42.8074
0.088 258.627 41.2935
0.09 256.434 39.6781
0.092 253.852 37.9651
0.094 250.888 36.1588
0.096 247.546 34.2634
0.098 243.836 32.2838
0.1 239.764 30.2245
0.102 235.338 28.0908
0.104 230.569 25.8876
0.106 225.465 23.6204
0.108 220.036 21.2945
0.11 214.293 18.9156
0.112 208.248 16.4893
0.114 201.912 14.0214
0.116 195.297 11.5176
0.118 188.416 8.984
0.12 181.282 6.42634
0.122 173.907 3.85059
0.124 166.307 1.26267
0.126 158.494 -1.3315
0.128 150.483 -3.92606
0.13 142.289 -6.51518
0.132 133.927 -9.0931
0.134 125.411 -11.6541
0.136 116.757 -14.1927
0.138 107.98 -16.7034
0.14 99.095 -19.1808
0.142 90.1181 -21.6197
0.144 81.0647 -24.0151
0.146 71.9502 -26.3621
0.148 62.7902 -28.656
0.15 53.6003 -30.8922
0.152 44.3957 -33.0665
0.154 35.1919 -35.1746
0.156 26.004 -37.2128
0.158 16.847 -39.1773
0.16 7.73571 -41.0646
0.162 -1.31515 -42.8716
0.164 -10.2913 -44.5953
0.166 -19.1785 -46.2329
0.168 -27.9631 -47.782
0.17 -36.6315 -49.2404
0.172 -45.1705 -50.6062
0.174 -53.5674 -51.8775
0.176 -61.8097 -53.0531
0.178 -69.8854 -54.1317
0.18 -77.7829 -55.1124
0.182 -85.491 -55.9946
0.184 -92.9992 -56.7779
0.186 -100.297 -57.4621
0.188 -107.375 -58.0474
0.19 -114.224 -58.5341
0.192 -120.835 -58.9229
0.194 -127.2 -59.2145
0.196 -133.311 -59.4102
0.198 -139.162 -59.5111
0.2 -144.746 -59.5189
0.202 -150.056 -59.4352
0.204 -155.089 -59.262
0.206 -159.838 -59.0015
0.208 -164.3 -58.6559
0.21 -168.471 -58.2279
0.212 -172.349 -57.72
0.214 -175.93 -57.135
0.216 -179.214 -56.4761
0.218 -182.199 -55.7462
0.22 -184.884 -54.9486
0.222 -187.269 -54.0867
0.224 -189.356 -53.164
0.226 -191.145 -52.1839
0.228 -192.637 -51.1502
0.23 -193.836 -50.0665
0.232 -194.744 -48.9365
0.234 -195.364 -47.7641
0.236 -195.7 -46.5531
0.238 -195.757 -45.3074
0.24 -195.539 -44.0308
0.242 -195.052 -42.7272
0.244 -194.301 -41.4004
0.246 -193.293 -40.0543
0.248 -192.034 -38.6927
0.25 -190.532 -37.3192
0.252 -188.793 -35.9377
0.254 -186.826 -34.5516
0.256 -184.638 -33.1647
0.258 -182.238 -31.7803
0.26 -179.634 -30.4018
0.262 -176.837 -29.0324
0.264 -173.853 -27.6755
0.266 -170.694 -26.3339
0.268 -167.369 -25.0106
0.27 -163.887 -23.7085
0.272 -160.258 -22.4301
0.274 -156.493 -21.1779
0.276 -152.601 -19.9545
0.278 -148.593 -18.7619
0.28 -144.479 -17.6022
0.282 -140.268 -16.4773
0.284 -135.972 -15.3891
0.286 -131.601 -14.339
0.288 -127.164 -13.3285
0.29 -122.672 -12.3588
0.292 -118.135 -11.4311
0.294 -113.562 -10.5463
0.296 -108.964 -9.70506
0.298 -104.35 -8.90812
0.3 -99.7289 -8.15588
0.302 -95.1108 -7.44863
0.304 -90.5043 -6.78651
0.306 -85.9183 -6.1695
0.308 -81.3612 -5.59745
0.31 -76.8414 -5.07006
0.312 -72.3668 -4.58687
0.314 -67.9452 -4.14733
0.316 -63.5839 -3.75072
0.318 -59.2901 -3.39622
0.32 -55.0705 -3.08289
0.322 -50.9315 -2.80968
0.324 -46.8792 -2.57544
0.326 -42.9194 -2.3789
0.328 -39.0574 -2.21874
0.33 -35.2982 -2.09352
0.332 -31.6465 -2.00174
0.334 -28.1064 -1.94183
0.336 -24.6819 -1.91215
0.338 -21.3765 -1.91102
0.34 -18.1932 -1.93669
0.342 -15.1347 -1.9874
0.344 -12.2035 -2.06132
0.346 -9.40147 -2.15663
0.348 -6.73016 -2.27147
0.35 -4.19079 -2.40397
0.352 -1.7842 -2.55227
0.354 0.489149 -2.71449
0.356 2.62915 -2.88878
0.358 4.63604 -3.07329
0.36 6.51041 -3.2662
0.362 8.25319 -3.46572
0.364 9.86561 -3.67009
0.366 11.3492 -3.8776
0.368 12.7059 -4.08657
0.37 13.9378 -4.29537
0.372 15.0474 -4.50246
0.374 16.0373 -4.70632
0.376 16.9105 -4.90551
0.378 17.6702 -5.09866
0.38 18.3197 -5.28449
0.382 18.8628 -5.46177
0.384 19.3031 -5.62936
0.386 19.6446 -5.78622
0.388 19.8916 -5.93137
0.39 20.0482 -6.06393
0.392 20.1188 -6.18311
0.394 20.108 -6.28823
0.396 20.0203 -6.37866
0.398 19.8604 -6.4539
0.4 19.633 -6.51354
0.402 19.3429 -6.55724
0.404 18.9949 -6.58479
0.406 18.5937 -6.59603
0.408 18.144 -6.59093
0.41 17.6507 -6.56954
0.412 17.1184 -6.53198
0.414 16.5518 -6.47849
0.416 15.9555 -6.40936
0.418 15.3338 -6.32498
0.42 14.6912 -6.22582
0.422 14.0319 -6.11242
0.424 13.36 -5.98539
0.426 12.6796 -5.84541
0.428 11.9945 -5.69321
0.43 11.3082 -5.5296
0.432 10.6244 -5.35543
0.434 9.94625 -5.17159
0.436 9.27696 -4.97904
0.438 8.61942 -4.77875
0.44 7.97635 -4.57174
0.442 7.35023 -4.35904
0.444 6.74337 -4.14172
0.446 6.15781 -3.92085
0.448 5.59541 -3.69751
0.45 5.05777 -3.4728
0.452 4.54628 -3.24779
0.454 4.0621 -3.02356
0.456 3.60616 -2.80117
0.458 3.17917 -2.58167
0.46 2.7816 -2.36607
0.462 2.41371 -2.15535
0.464 2.07555 -1.95045
0.466 1.76695 -1.75229
0.468 1.48753 -1.56172
0.47 1.23671 -1.37954
0.472 1.01372 -1.20651
0.474 0.817607 -1.04332
0.476 0.647229 -0.89058
0.478 0.501285 -0.74886
0.48 0.378315 -0.618642
0.482 0.276711 -0.500337
0.484 0.194725 -0.394279
0.486 0.130487 -0.300724
0.488 0.0820118 -0.219845
0.49 0.0472147 -0.151733
0.492 0.023922 -0.0963969
0.494 0.00988575 -0.0537594
0.496 0.00279665 -0.0236589
0.498 0.000298071 -0.0058492
0.05 3.42199 1.68165
0.1 3.42198 1.68165
0.15 3.42198 1.68165
0.2 3.42197 1.68165
0.25 3.42197 1.68165
0.3 3.42196 1.68164
0.35 3.42195 1.68164
0.4 3.42193 1.68163
0.45 3.42192 1.68163
0.5 3.4219 1.68162
0.55 3.42188 1.68161
0.6 3.42186 1.6816
0.65 3.42183 1.68159
0.7 3.4218 1.68158
0.75 3.42176 1.68157
0.8 3.42173 1.68155
0.85 3.42168 1.68154
0.9 3.42163 1.68152
0.95 3.42158 1.68149
1 3.42152 1.68147
1.05 3.42146 1.68144
1.1 3.42139 1.68141
1.15 3.42131 1.68138
1.2 3.42122 1.68134
1.25 3.42112 1.6813
1.3 3.42102 1.68126
1.35 3.42091 1.68121
1.4 3.42079 1.68116
1.45 3.42065 1.6811
1.5 3.42051 1.68104
1.55 3.42035 1.68097
1.6 3.42018 1.6809
1.65 3.42 1.68082
1.7 3.4198 1.68073
1.75 3.41959 1.68064
1.8 3.41937 1.68054
1.85 3.41912 1.68043
1.9 3.41887 1.68032
1.95 3.41859 1.68019
2 3.41829 1.68006
2.05 3.41798 1.67992
2.1 3.41764 1.67977
2.15 3.41729 1.67961
2.2 3.41691 1.67944
2.25 3.41651 1.67926
2.3 3.41608 1.67907
2.35 3.41563 1.67887
2.4 3.41516 1.67865
2.45 3.41466 1.67843
2.5 3.41413 1.67819
2.55 3.41357 1.67793
2.6 3.41298 1.67767
2.65 3.41237 1.67739
2.7 3.41172 1.67709
2.75 3.41103 1.67678
2.8 3.41032 1.67646
2.85 3.40957 1.67611
2.9 3.40878 1.67576
2.95 3.40796 1.67538
3 3.4071 1.67499
3.05 3.4062 1.67458
3.1 3.40526 1.67415
3.15 3.40428 1.6737
3.2 3.40326 1.67323
3.25 3.40219 1.67274
3.3 3.40108 1.67223
3.35 3.39993 1.6717
3.4 3.39872 1.67115
3.45 3.39747 1.67057
3.5 3.39618 1.66998
3.55 3.39483 1.66936
3.6 3.39343 1.66871
3.65 3.39197 1.66804
3.7 3.39047 1.66735
3.75 3.38891 1.66663
3.8 3.38729 1.66589
3.85 3.38562 1.66511
3.9 3.38388 1.66432
3.95 3.38209 1.66349
4 3.38024 1.66264
4.05 3.37833 1.66175
4.1 3.37635 1.66084
4.15 3.37431 1.6599
4.2 3.37221 1.65893
4.25 3.37004 1.65793
4.3 3.3678 1.65689
4.35 3.3655 1.65583
4.4 3.36312 1.65473
4.45 3.36068 1.6536
4.5 3.35816 1.65243
4.55 3.35557 1.65124
4.6 3.3529 1.65
4.65 3.35016 1.64874
4.7 3.34735 1.64743
4.75 3.34446 1.6461
4.8 3.34149 1.64472
4.85 3.33844 1.64331
4.9 3.33531 1.64186
4.95 3.3321 1.64037
5 3.3288 1.63885
5.05 3.32542 1.63728
5.1 3.32196 1.63568
5.15 3.31842 1.63404
5.2 3.31478 1.63235
5.25 3.31106 1.63063
5.3 3.30725 1.62887
5.35 3.30336 1.62706
5.4 3.29937 1.62521
5.45 3.29529 1.62332
5.5 3.29112 1.62139
5.55 3.28686 1.61941
5.6 3.2825 1.61739
5.65 3.27805 1.61533
5.7 3.2735 1.61322
5.75 3.26886 1.61107
5.8 3.26412 1.60887
5.85 3.25928 1.60663
5.9 3.25434 1.60434
5.95 3.24931 1.60201
6 3.24417 1.59963
6.05 3.23893 1.5972
6.1 3.2336 1.59473
6.15 3.22816 1.5922
6.2 3.22262 1.58963
6.25 3.21697 1.58702
6.3 3.21122 1.58435
6.35 3.20537 1.58164
6.4 3.19941 1.57888
6.45 3.19335 1.57606
6.5 3.18718 1.5732
6.55 3.1809 1.57029
6.6 3.17452 1.56734
6.65 3.16802 1.56433
6.7 3.16143 1.56127
6.75 3.15472 1.55816
6.8 3.1479 1.555
6.85 3.14098 1.55179
6.9 3.13395 1.54853
6.95 3.1268 1.54522
7 3.11955 1.54186
7.05 3.11219 1.53845
7.1 3.10471 1.53499
7.15 3.09713 1.53147
7.2 3.08943 1.52791
7.25 3.08163 1.52429
7.3 3.07371 1.52062
7.35 3.06568 1.51691
7.4 3.05754 1.51314
7.45 3.04929 1.50931
7.5 3.04093 1.50544
7.55 3.03246 1.50152
7.6 3.02388 1.49755
7.65 3.01518 1.49352
7.7 3.00638 1.48944
7.75 2.99746 1.48532
7.8 2.98843 1.48114
7.85 2.9793 1.47691
7.9 2.97005 1.47263
7.95 2.96069 1.4683
8 2.95122 1.46392
8.05 2.94165 1.45949
8.1 2.93196 1.45501
8.15 2.92216 1.45048
8.2 2.91226 1.44589
8.25 2.90224 1.44126
8.3 2.89212 1.43658
8.35 2.8819 1.43186
8.4 2.87156 1.42708
8.45 2.86112 1.42225
8.5 2.85057 1.41738
8.55 2.83992 1.41246
8.6 2.82916 1.40749
8.65 2.8183 1.40247
8.7 2.80734 1.3974
8.75 2.79627 1.39229
8.8 2.7851 1.38713
8.85 2.77383 1.38193
8.9 2.76245 1.37668
8.95 2.75098 1.37138
9 2.73941 1.36604
9.05 2.72774 1.36066
9.1 2.71597 1.35523
9.15 2.70411 1.34976
9.2 2.69215 1.34424
9.25 2.68009 1.33868
9.3 2.66794 1.33308
9.35 2.6557 1.32744
9.4 2.64336 1.32175
9.45 2.63094 1.31602
9.5 2.61842 1.31026
9.55 2.60582 1.30445
9.6 2.59312 1.29861
9.65 2.58034 1.29272
9.7 2.56748 1.2868
9.75 2.55453 1.28084
9.8 2.5415 1.27484
9.85 2.52838 1.2688
9.9 2.51518 1.26273
9.95 2.50191 1.25662
10 2.48855 1.25048
10.05 2.47512 1.24431
10.1 2.46161 1.2381
10.15 2.44803 1.23185
10.2 2.43437 1.22558
10.25 2.42064 1.21927
10.3 2.40684 1.21294
10.35 2.39297 1.20657
10.4 2.37903 1.20017
10.45 2.36503 1.19374
10.5 2.35096 1.18729
10.55 2.33683 1.1808
10.6 2.32264 1.17429
10.65 2.30838 1.16776
10.7 2.29407 1.16119
10.75 2.27969 1.15461
10.8 2.26526 1.148
10.85 2.25078 1.14136
10.9 2.23625 1.13471
10.95 2.22166 1.12803
11 2.20702 1.12133
11.05 2.19233 1.11461
11.1 2.1776 1.10787
11.15 2.16282 1.10111
11.2 2.148 1.09433
11.25 2.13314 1.08754
11.3 2.11823 1.08073
11.35 2.10329 1.0739
11.4 2.08831 1.06706
11.45 2.0733 1.0602
11.5 2.05825 1.05333
11.55 2.04317 1.04645
11.6 2.02806 1.03956
11.65 2.01292 1.03266
11.7 1.99775 1.02574
11.75 1.98256 1.01882
11.8 1.96735 1.01189
11.85 1.95211 1.00495
11.9 1.93686 0.998002
11.95 1.92158 0.99105
12 1.90629 0.984093
12.05 1.89099 0.977131
12.1 1.87567 0.970166
12.15 1.86034 0.963198
12.2 1.845 0.956228
12.25 1.82965 0.949257
12.3 1.8143 0.942286
12.35 1.79894 0.935315
12.4 1.78358 0.928346
12.45 1.76822 0.921378
12.5 1.75286 0.914414
12.55 1.7375 0.907454
12.6 1.72215 0.900498
12.65 1.7068 0.893548
12.7 1.69147 0.886604
12.75 1.67614 0.879668
12.8 1.66082 0.872739
12.85 1.64551 0.865818
12.9 1.63022 0.858908
12.95 1.61495 0.852007
13 1.5997 0.845118
13.05 1.58446 0.83824
13.1 1.56925 0.831376
13.15 1.55406 0.824524
13.2 1.53889 0.817687
13.25 1.52375 0.810865
13.3 1.50864 0.804059
13.35 1.49356 0.797269
13.4 1.47851 0.790496
13.45 1.4635 0.783742
13.5 1.44852 0.777006
13.55 1.43357 0.77029
13.6 1.41867 0.763594
13.65 1.4038 0.756919
13.7 1.38898 0.750266
13.75 1.37419 0.743635
13.8 1.35945 0.737027
13.85 1.34476 0.730443
13.9 1.33012 0.723884
13.95 1.31552 0.71735
14 1.30097 0.710842
14.05 1.28648 0.70436
14.1 1.27204 0.697906
14.15 1.25765 0.691479
14.2 1.24332 0.685082
14.25 1.22905 0.678713
14.3 1.21484 0.672374
14.35 1.20068 0.666066
14.4 1.18659 0.659788
14.45 1.17257 0.653543
14.5 1.1586 0.647329
14.55 1.1447 0.641148
14.6 1.13087 0.635001
14.65 1.11711 0.628888
14.7 1.10342 0.622809
14.75 1.0898 0.616766
14.8 1.07625 0.610758
14.85 1.06277 0.604786
14.9 1.04937 0.598851
14.95 1.03604 0.592953
15 1.02279 0.587093
15.05 1.00962 0.581271
15.1 0.996526 0.575488
15.15 0.983513 0.569744
15.2 0.970581 0.564039
15.25 0.957731 0.558375
15.3 0.944964 0.55275
15.35 0.932281 0.547167
15.4 0.919684 0.541625
15.45 0.907172 0.536125
15.5 0.894747 0.530667
15.55 0.882411 0.525251
15.6 0.870163 0.519878
15.65 0.858004 0.514548
15.7 0.845936 0.509262
15.75 0.833959 0.504019
15.8 0.822075 0.498821
15.85 0.810283 0.493667
15.9 0.798584 0.488558
15.95 0.78698 0.483494
16 0.77547 0.478475
16.05 0.764057 0.473502
16.1 0.752739 0.468575
16.15 0.741519 0.463694
16.2 0.730395 0.458859
16.25 0.71937 0.454071
16.3 0.708444 0.449329
16.35 0.697616 0.444634
16.4 0.686888 0.439986
16.45 0.67626 0.435386
16.5 0.665733 0.430833
16.55 0.655307 0.426327
16.6 0.644982 0.421869
16.65 0.634759 0.417459
16.7 0.624637 0.413097
16.75 0.614619 0.408782
16.8 0.604703 0.404516
16.85 0.59489 0.400298
16.9 0.58518 0.396128
16.95 0.575574 0.392006
17 0.566072 0.387933
17.05 0.556673 0.383907
17.1 0.547379 0.37993
17.15 0.538189 0.376002
17.2 0.529103 0.372121
17.25 0.520122 0.368289
17.3 0.511245 0.364505
17.35 0.502473 0.36077
17.4 0.493806 0.357082
17.45 0.485243 0.353443
17.5 0.476784 0.349851
17.55 0.468431 0.346307
17.6 0.460181 0.342811
17.65 0.452036 0.339363
17.7 0.443996 0.335962
17.75 0.436059 0.332609
17.8 0.428227 0.329303
17.85 0.420498 0.326044
17.9 0.412874 0.322832
17.95 0.405352 0.319667
18 0.397934 0.316548
18.05 0.390619 0.313476
18.1 0.383406 0.31045
18.15 0.376296 0.30747
18.2 0.369288 0.304536
18.25 0.362382 0.301647
18.3 0.355577 0.298803
18.35 0.348873 0.296005
18.4 0.342269 0.293251
18.45 0.335766 0.290542
18.5 0.329363 0.287877
18.55 0.323059 0.285256
18.6 0.316853 0.282678
18.65 0.310747 0.280144
18.7 0.304738 0.277653
18.75 0.298826 0.275205
18.8 0.293011 0.272799
18.85 0.287293 0.270435
18.9 0.28167 0.268112
18.95 0.276142 0.265831
19 0.270709 0.263591
19.05 0.26537 0.261392
19.1 0.260124 0.259233
19.15 0.25497 0.257113
19.2 0.249909 0.255033
19.25 0.244939 0.252993
19.3 0.240059 0.250991
19.35 0.23527 0.249027
19.4 0.230569 0.247101
19.45 0.225957 0.245212
19.5 0.221433 0.243361
19.55 0.216996 0.241546
19.6 0.212645 0.239767
19.65 0.208379 0.238024
19.7 0.204198 0.236316
19.75 0.200101 0.234643
19.8 0.196086 0.233005
19.85 0.192155 0.2314
19.9 0.188304 0.229829
19.95 0.184534 0.228291
20 0.180844 0.226785
20.05 0.177232 0.225312
20.1 0.173699 0.22387
20.15 0.170242 0.222459
20.2 0.166862 0.221078
20.25 0.163557 0.219728
20.3 0.160327 0.218407
20.35 0.15717 0.217116
20.4 0.154085 0.215853
20.45 0.151073 0.214618
20.5 0.148131 0.213411
20.55 0.145259 0.212232
20.6 0.142456 0.211078
20.65 0.139721 0.209951
20.7 0.137053 0.20885
20.75 0.134451 0.207773
20.8 0.131915 0.206722
20.85 0.129442 0.205694
20.9 0.127033 0.20469
20.95 0.124686 0.203709
21 0.1224 0.202751
21.05 0.120175 0.201814
21.1 0.118009 0.2009
21.15 0.115902 0.200006
21.2 0.113852 0.199133
21.25 0.111858 0.19828
21.3 0.109921 0.197446
21.35 0.108037 0.196632
21.4 0.106207 0.195835
21.45 0.10443 0.195057
21.5 0.102705 0.194297
21.55 0.10103 0.193553
21.6 0.0994047 0.192826
21.65 0.0978283 0.192115
21.7 0.0962997 0.191419
21.75 0.094818 0.190739
21.8 0.0933821 0.190072
21.85 0.0919912 0.18942
21.9 0.0906442 0.188782
21.95 0.0893402 0.188156
22 0.0880783 0.187543
22.05 0.0868575 0.186942
22.1 0.085677 0.186353
22.15 0.0845357 0.185775
22.2 0.0834327 0.185207
22.25 0.0823671 0.18465
22.3 0.0813381 0.184102
22.35 0.0803446 0.183564
22.4 0.0793858 0.183034
22.45 0.0784608 0.182513
22.5 0.0775686 0.182
22.55 0.0767085 0.181494
22.6 0.0758794 0.180995
22.65 0.0750806 0.180503
22.7 0.0743112 0.180017
22.75 0.0735703 0.179536
22.8 0.072857 0.179061
22.85 0.0721706 0.178591
22.9 0.0715101 0.178126
22.95 0.0708747 0.177664
23 0.0702637 0.177206
23.05 0.0696762 0.176752
23.1 0.0691114 0.1763
23.15 0.0685686 0.175851
23.2 0.0680468 0.175404
23.25 0.0675454 0.174959
23.3 0.0670636 0.174515
23.35 0.0666006 0.174073
23.4 0.0661557 0.173631
23.45 0.0657281 0.173189
23.5 0.0653171 0.172748
23.55 0.064922 0.172306
23.6 0.0645421 0.171863
23.65 0.0641767 0.171419
23.7 0.063825 0.170975
23.75 0.0634865 0.170528
23.8 0.0631604 0.17008
23.85 0.0628462 0.169629
23.9 0.062543 0.169176
23.95 0.0622504 0.16872
24 0.0619677 0.168261
24.05 0.0616942 0.167799
24.1 0.0614294 0.167333
24.15 0.0611727 0.166863
24.2 0.0609235 0.166389
24.25 0.0606812 0.165911
24.3 0.0604454 0.165428
24.35 0.0602153 0.16494
24.4 0.0599906 0.164448
24.45 0.0597706 0.16395
24.5 0.0595549 0.163446
24.55 0.059343 0.162937
24.6 0.0591343 0.162422
24.65 0.0589285 0.161901
24.7 0.058725 0.161374
24.75 0.0585234 0.16084
24.8 0.0583233 0.160299
24.85 0.0581242 0.159752
24.9 0.0579257 0.159198
24.95 0.0577274 0.158637
25 0.0575289 0.158069
25.05 0.0573298 0.157493
25.1 0.0571298 0.15691
25.15 0.0569285 0.156319
25.2 0.0567256 0.155721
25.25 0.0565207 0.155115
25.3 0.0563134 0.154501
25.35 0.0561036 0.153878
25.4 0.0558908 0.153248
25.45 0.0556748 0.15261
25.5 0.0554553 0.151963
25.55 0.0552321 0.151308
25.6 0.0550049 0.150645
25.65 0.0547734 0.149973
25.7 0.0545374 0.149293
25.75 0.0542967 0.148604
25.8 0.0540511 0.147907
25.85 0.0538004 0.147201
25.9 0.0535443 0.146487
25.95 0.0532828 0.145764
26 0.0530156 0.145032
26.05 0.0527425 0.144292
26.1 0.0524635 0.143543
26.15 0.0521784 0.142785
26.2 0.0518871 0.142019
26.25 0.0515894 0.141244
26.3 0.0512852 0.140461
26.35 0.0509745 0.139669
26.4 0.0506571 0.138869
26.45 0.050333 0.13806
26.5 0.0500021 0.137243
26.55 0.0496644 0.136417
26.6 0.0493197 0.135583
26.65 0.0489681 0.134741
26.7 0.0486095 0.133891
26.75 0.0482439 0.133033
26.8 0.0478712 0.132166
26.85 0.0474916 0.131292
26.9 0.0471049 0.13041
26.95 0.0467111 0.12952
27 0.0463104 0.128622
27.05 0.0459027 0.127717
27.1 0.045488 0.126805
27.15 0.0450664 0.125885
27.2 0.044638 0.124958
27.25 0.0442028 0.124024
27.3 0.0437608 0.123083
27.35 0.0433121 0.122135
27.4 0.0428569 0.12118
27.45 0.0423951 0.120219
27.5 0.0419269 0.119251
27.55 0.0414524 0.118277
27.6 0.0409716 0.117297
27.65 0.0404847 0.116311
27.7 0.0399918 0.115319
27.75 0.0394931 0.114321
27.8 0.0389885 0.113318
27.85 0.0384783 0.112309
27.9 0.0379626 0.111295
27.95 0.0374415 0.110276
28 0.0369153 0.109252
28.05 0.0363839 0.108224
28.1 0.0358476 0.107191
28.15 0.0353066 0.106153
28.2 0.034761 0.105112
28.25 0.0342109 0.104066
28.3 0.0336566 0.103017
28.35 0.0330982 0.101964
28.4 0.0325358 0.100908
28.45 0.0319698 0.0998479
28.5 0.0314002 0.0987852
28.55 0.0308272 0.0977195
28.6 0.030251 0.0966512
28.65 0.0296719 0.0955804
28.7 0.0290899 0.0945074
28.75 0.0285054 0.0934322
28.8 0.0279185 0.0923552
28.85 0.0273293 0.0912764
28.9 0.0267382 0.0901961
28.95 0.0261453 0.0891146
29 0.0255508 0.088032
29.05 0.0249549 0.0869484
29.1 0.0243578 0.0858642
29.15 0.0237597 0.0847794
29.2 0.0231609 0.0836944
29.25 0.0225616 0.0826093
29.3 0.0219619 0.0815243
29.35 0.021362 0.0804397
29.4 0.0207623 0.0793555
29.45 0.0201628 0.078272
29.5 0.0195638 0.0771895
29.55 0.0189656 0.0761081
29.6 0.0183682 0.075028
29.65 0.017772 0.0739495
29.7 0.0171771 0.0728726
29.75 0.0165838 0.0717977
29.8 0.0159922 0.0707249
29.85 0.0154026 0.0696544
29.9 0.0148152 0.0685863
29.95 0.0142301 0.067521
30 0.0136476 0.0664586
30.05 0.0130678 0.0653993
30.1 0.012491 0.0643432
30.15 0.0119174 0.0632906
30.2 0.0113472 0.0622416
30.25 0.0107805 0.0611965
30.3 0.0102175 0.0601554
30.35 0.00965854 0.0591184
30.4 0.00910364 0.0580859
30.45 0.00855306 0.0570579
30.5 0.00800696 0.0560346
30.55 0.00746553 0.0550163
30.6 0.00692894 0.054003
30.65 0.00639736 0.052995
30.7 0.00587098 0.0519923
30.75 0.00534994 0.0509953
30.8 0.00483443 0.050004
30.85 0.0043246 0.0490186
30.9 0.0038206 0.0480392
30.95 0.0033226 0.0470661
31 0.00283074 0.0460994
31.05 0.00234517 0.0451391
31.1 0.00186604 0.0441856
31.15 0.00139349 0.0432388
31.2 0.000927648 0.042299
31.25 0.000468657 0.0413663
31.3 1.6643e-05 0.0404408
31.35 -0.000428267 0.0395227
31.4 -0.000865952 0.0386121
31.45 -0.00129629 0.0377091
31.5 -0.00171918 0.0368139
31.55 -0.0021345 0.0359265
31.6 -0.00254214 0.0350471
31.65 -0.00294201 0.0341759
31.7 -0.00333401 0.0333128
31.75 -0.00371804 0.0324581
31.8 -0.00409401 0.0316118
31.85 -0.00446185 0.030774
31.9 -0.00482146 0.0299449
31.95 -0.00517277 0.0291245
32 -0.00551572 0.028313
32.05 -0.00585022 0.0275103
32.1 -0.00617622 0.0267167
32.15 -0.00649367 0.0259321
32.2 -0.00680249 0.0251568
32.25 -0.00710265 0.0243906
32.3 -0.00739409 0.0236338
32.35 -0.00767678 0.0228864
32.4 -0.00795067 0.0221484
32.45 -0.00821574 0.02142
32.5 -0.00847195 0.0207011
32.55 -0.00871929 0.0199919
32.6 -0.00895772 0.0192923
32.65 -0.00918723 0.0186025
32.7 -0.00940782 0.0179225
32.75 -0.00961947 0.0172523
32.8 -0.00982218 0.016592
32.85 -0.010016 0.0159416
32.9 -0.0102008 0.0153012
32.95 -0.0103767 0.0146707
33 -0.0105437 0.0140502
33.05 -0.0107018 0.0134397
33.1 -0.0108511 0.0128392
33.15 -0.0109915 0.0122489
33.2 -0.011123 0.0116686
33.25 -0.0112458 0.0110983
33.3 -0.0113599 0.0105382
33.35 -0.0114652 0.00998813
33.4 -0.0115619 0.00944817
33.45 -0.01165 0.00891829
33.5 -0.0117295 0.00839851
33.55 -0.0118005 0.00788879
33.6 -0.0118631 0.00738914
33.65 -0.0119173 0.00689954
33.7 -0.0119632 0.00641997
33.75 -0.0120009 0.00595041
33.8 -0.0120304 0.00549083
33.85 -0.0120518 0.00504121
33.9 -0.0120652 0.00460152
33.95 -0.0120706 0.00417173
34 -0.0120683 0.00375179
34.05 -0.0120581 0.00334168
34.1 -0.0120404 0.00294135
34.15 -0.012015 0.00255076
34.2 -0.0119823 0.00216986
34.25 -0.0119421 0.0017986
34.3 -0.0118947 0.00143693
34.35 -0.0118402 0.0010848
34.4 -0.0117786 0.000742148
34.45 -0.0117101 0.000408916
34.5 -0.0116347 8.50426e-05
34.55 -0.0115527 -0.000229536
34.6 -0.0114641 -0.000534885
34.65 -0.0113691 -0.000831075
34.7 -0.0112677 -0.00111818
34.75 -0.0111601 -0.00139626
34.8 -0.0110465 -0.00166541
34.85 -0.0109269 -0.00192569
34.9 -0.0108014 -0.00217718
34.95 -0.0106703 -0.00241998
35 -0.0105337 -0.00265415
35.05 -0.0103916 -0.00287979
35.1 -0.0102443 -0.00309699
35.15 -0.0100918 -0.00330582
35.2 -0.00993431 -0.00350639
35.25 -0.00977198 -0.00369879
35.3 -0.00960493 -0.0038831
35.35 -0.00943332 -0.00405943
35.4 -0.00925728 -0.00422787
35.45 -0.00907697 -0.00438851
35.5 -0.00889252 -0.00454147
35.55 -0.00870409 -0.00468685
35.6 -0.00851182 -0.00482473
35.65 -0.00831586 -0.00495524
35.7 -0.00811637 -0.00507847
35.75 -0.00791349 -0.00519452
35.8 -0.00770736 -0.00530352
35.85 -0.00749815 -0.00540556
35.9 -0.007286 -0.00550076
35.95 -0.00707106 -0.00558923
36 -0.00685348 -0.00567107
36.05 -0.00663341 -0.00574641
36.1 -0.006411 -0.00581535
36.15 -0.00618641 -0.005878
36.2 -0.00595977 -0.00593449
36.25 -0.00573125 -0.00598493
36.3 -0.00550099 -0.00602942
36.35 -0.00526913 -0.0060681
36.4 -0.00503583 -0.00610108
36.45 -0.00480123 -0.00612846
36.5 -0.00456548 -0.00615038
36.55 -0.00432873 -0.00616694
36.6 -0.00409111 -0.00617828
36.65 -0.00385278 -0.00618449
36.7 -0.00361388 -0.00618571
36.75 -0.00337454 -0.00618205
36.8 -0.00313491 -0.00617364
36.85 -0.00289513 -0.00616058
36.9 -0.00265533 -0.006143
36.95 -0.00241566 -0.00612102
37 -0.00217624 -0.00609475
37.05 -0.00193722 -0.00606432
37.1 -0.00169872 -0.00602983
37.15 -0.00146088 -0.00599142
37.2 -0.00122382 -0.0059492
37.25 -0.000987669 -0.00590327
37.3 -0.00075256 -0.00585377
37.35 -0.000518613 -0.00580081
37.4 -0.00028595 -0.00574449
37.45 -5.46925e-05 -0.00568495
37.5 0.000175042 -0.00562229
37.55 0.000403136 -0.00555662
37.6 0.000629476 -0.00548807
37.65 0.000853949 -0.00541674
37.7 0.00107645 -0.00534274
37.75 0.00129686 -0.00526619
37.8 0.00151508 -0.00518719
37.85 0.001731 -0.00510586
37.9 0.00194453 -0.00502231
37.95 0.00215556 -0.00493664
38 0.002364 -0.00484895
38.05 0.00256975 -0.00475936
38.1 0.00277272 -0.00466797
38.15 0.00297283 -0.00457488
38.2 0.00316997 -0.0044802
38.25 0.00336408 -0.00438402
38.3 0.00355506 -0.00428646
38.35 0.00374284 -0.00418759
38.4 0.00392734 -0.00408753
38.45 0.00410848 -0.00398638
38.5 0.0042862 -0.00388422
38.55 0.00446041 -0.00378115
38.6 0.00463107 -0.00367726
38.65 0.00479809 -0.00357264
38.7 0.00496143 -0.0034674
38.75 0.00512102 -0.0033616
38.8 0.0052768 -0.00325535
38.85 0.00542872 -0.00314872
38.9 0.00557674 -0.0030418
38.95 0.00572079 -0.00293468
39 0.00586084 -0.00282743
39.05 0.00599685 -0.00272014
39.1 0.00612876 -0.00261288
39.15 0.00625655 -0.00250573
39.2 0.00638019 -0.00239877
39.25 0.00649963 -0.00229207
39.3 0.00661484 -0.0021857
39.35 0.00672581 -0.00207973
39.4 0.00683251 -0.00197424
39.45 0.00693491 -0.00186929
39.5 0.007033 -0.00176494
39.55 0.00712676 -0.00166126
39.6 0.00721617 -0.00155831
39.65 0.00730123 -0.00145616
39.7 0.00738192 -0.00135486
39.75 0.00745825 -0.00125447
39.8 0.0075302 -0.00115504
39.85 0.00759778 -0.00105664
39.9 0.00766098 -0.000959312
39.95 0.00771982 -0.000863107
40 0.00777429 -0.000768076
40.05 0.00782441 -0.000674266
40.1 0.00787018 -0.000581724
40.15 0.00791163 -0.000490495
40.2 0.00794876 -0.00040062
40.25 0.0079816 -0.000312141
40.3 0.00801016 -0.000225099
40.35 0.00803447 -0.000139529
40.4 0.00805455 -5.54689e-05
40.45 0.00807044 2.70469e-05
40.5 0.00808215 0.000107986
40.55 0.00808972 0.000187316
40.6 0.00809319 0.000265008
40.65 0.00809259 0.000341034
40.7 0.00808796 0.000415368
40.75 0.00807933 0.000487983
40.8 0.00806675 0.000558858
40.85 0.00805027 0.00062797
40.9 0.00802992 0.000695299
40.95 0.00800575 0.000760826
41 0.00797782 0.000824533
41.05 0.00794618 0.000886407
41.1 0.00791086 0.000946431
41.15 0.00787194 0.00100459
41.2 0.00782946 0.00106088
41.25 0.00778348 0.00111529
41.3 0.00773407 0.00116781
41.35 0.00768127 0.00121842
41.4 0.00762516 0.00126714
41.45 0.00756579 0.00131394
41.5 0.00750322 0.00135884
41.55 0.00743753 0.00140182
41.6 0.00736878 0.00144289
41.65 0.00729704 0.00148205
41.7 0.00722237 0.0015193
41.75 0.00714485 0.00155464
41.8 0.00706455 0.00158809
41.85 0.00698153 0.00161964
41.9 0.00689588 0.0016493
41.95 0.00680766 0.00167708
42 0.00671695 0.00170299
42.05 0.00662383 0.00172704
42.1 0.00652836 0.00174925
42.15 0.00643064 0.00176962
42.2 0.00633072 0.00178818
42.25 0.0062287 0.00180492
42.3 0.00612466 0.00181988
42.35 0.00601866 0.00183306
42.4 0.00591079 0.00184449
42.45 0.00580112 0.00185419
42.5 0.00568975 0.00186216
42.55 0.00557674 0.00186845
42.6 0.00546219 0.00187305
42.65 0.00534616 0.00187601
42.7 0.00522875 0.00187733
42.75 0.00511003 0.00187705
42.8 0.00499008 0.00187519
42.85 0.00486898 0.00187178
42.9 0.00474682 0.00186683
42.95 0.00462367 0.00186038
43 0.00449962 0.00185246
43.05 0.00437475 0.00184309
43.1 0.00424913 0.00183229
43.15 0.00412285 0.00182011
43.2 0.00399599 0.00180657
43.25 0.00386862 0.0017917
43.3 0.00374083 0.00177552
43.35 0.00361269 0.00175808
43.4 0.00348428 0.0017394
43.45 0.00335568 0.00171951
43.5 0.00322697 0.00169845
43.55 0.00309822 0.00167625
43.6 0.0029695 0.00165294
43.65 0.0028409 0.00162856
43.7 0.00271248 0.00160314
43.75 0.00258433 0.0015767
43.8 0.0024565 0.0015493
43.85 0.00232908 0.00152095
43.9 0.00220214 0.0014917
43.95 0.00207573 0.00146158
44 0.00194995 0.00143062
44.05 0.00182484 0.00139887
44.1 0.00170049 0.00136634
44.15 0.00157695 0.00133309
44.2 0.00145429 0.00129914
44.25 0.00133257 0.00126452
44.3 0.00121186 0.00122928
44.35 0.00109222 0.00119345
44.4 0.000973708 0.00115707
44.45 0.000856383 0.00112016
44.5 0.000740305 0.00108276
44.55 0.00062553 0.00104491
44.6 0.000512112 0.00100665
44.65 0.000400107 0.000967997
44.7 0.000289568 0.000928997
44.75 0.000180545 0.000889682
44.8 7.30893e-05 0.000850084
44.85 -3.27506e-05 0.000810237
44.9 -0.000136927 0.000770175
44.95 -0.000239395 0.000729931
45 -0.000340109 0.000689536
45.05 -0.000439025 0.000649024
45.1 -0.000536104 0.000608427
45.15 -0.000631303 0.000567775
45.2 -0.000724585 0.000527101
45.25 -0.000815912 0.000486435
45.3 -0.000905249 0.000445808
45.35 -0.000992561 0.000405249
45.4 -0.00107782 0.00036479
45.45 -0.00116098 0.000324458
45.5 -0.00124203 0.000284282
45.55 -0.00132093 0.000244292
45.6 -0.00139766 0.000204515
45.65 -0.00147219 0.000164978
45.7 -0.00154449 0.000125708
45.75 -0.00161456 8.67316e-05
45.8 -0.00168236 4.80746e-05
45.85 -0.00174788 9.76245e-06
45.9 -0.00181109 -2.81802e-05
45.95 -0.00187199 -6.57291e-05
46 -0.00193056 -0.000102861
46.05 -0.00198679 -0.000139552
46.1 -0.00204067 -0.000175779
46.15 -0.00209217 -0.000211522
46.2 -0.00214131 -0.000246759
46.25 -0.00218807 -0.000281468
46.3 -0.00223245 -0.00031563
46.35 -0.00227443 -0.000349226
46.4 -0.00231403 -0.000382236
46.45 -0.00235124 -0.000414642
46.5 -0.00238606 -0.000446426
46.55 -0.00241849 -0.000477572
46.6 -0.00244853 -0.000508063
46.65 -0.0024762 -0.000537883
46.7 -0.0025015 -0.000567017
46.75 -0.00252443 -0.000595452
46.8 -0.00254501 -0.000623172
46.85 -0.00256325 -0.000650165
46.9 -0.00257915 -0.000676418
46.95 -0.00259273 -0.00070192
47 -0.00260401 -0.00072666
47.05 -0.00261301 -0.000750626
47.1 -0.00261973 -0.000773809
47.15 -0.0026242 -0.000796199
47.2 -0.00262643 -0.000817789
47.25 -0.00262646 -0.00083857
47.3 -0.00262429 -0.000858535
47.35 -0.00261996 -0.000877677
47.4 -0.00261348 -0.000895991
47.45 -0.00260489 -0.000913471
47.5 -0.00259421 -0.000930112
47.55 -0.00258147 -0.00094591
47.6 -0.00256669 -0.000960861
47.65 -0.00254991 -0.000974964
47.7 -0.00253116 -0.000988215
47.75 -0.00251047 -0.00100061
47.8 -0.00248786 -0.00101216
47.85 -0.00246339 -0.00102285
47.9 -0.00243707 -0.00103269
47.95 -0.00240894 -0.00104167
48 -0.00237905 -0.0010498
48.05 -0.00234743 -0.00105708
48.1 -0.00231411 -0.00106352
48.15 -0.00227913 -0.00106911
48.2 -0.00224254 -0.00107385
48.25 -0.00220437 -0.00107777
48.3 -0.00216466 -0.00108085
48.35 -0.00212346 -0.0010831
48.4 -0.0020808 -0.00108454
48.45 -0.00203673 -0.00108516
48.5 -0.0019913 -0.00108497
48.55 -0.00194454 -0.00108398
48.6 -0.0018965 -0.0010822
48.65 -0.00184722 -0.00107964
48.7 -0.00179675 -0.0010763
48.75 -0.00174513 -0.00107219
48.8 -0.00169241 -0.00106733
48.85 -0.00163864 -0.00106172
48.9 -0.00158385 -0.00105537
48.95 -0.0015281 -0.0010483
49 -0.00147144 -0.00104052
49.05 -0.0014139 -0.00103203
49.1 -0.00135554 -0.00102285
49.15 -0.00129641 -0.00101299
49.2 -0.00123655 -0.00100247
49.25 -0.001176 -0.000991292
49.3 -0.00111483 -0.000979477
49.35 -0.00105306 -0.000967037
49.4 -0.000990757 -0.000953986
49.45 -0.000927962 -0.000940337
49.5 -0.000864722 -0.000926106
49.55 -0.000801085 -0.000911306
49.6 -0.000737099 -0.000895955
49.65 -0.000672809 -0.000880065
49.7 -0.000608262 -0.000863654
49.75 -0.000543506 -0.000846737
49.8 -0.000478587 -0.00082933
49.85 -0.000413551 -0.000811449
49.9 -0.000348443 -0.00079311
49.95 -0.00028331 -0.00077433
50 -0.000218196 -0.000755126
