-0.498 -0.000135025 -4.65598e-05
-0.496 -0.000545054 -0.000183409
-0.494 -0.00123776 -0.000406304
-0.492 -0.00222111 -0.000711027
-0.49 -0.00350337 -0.00109342
-0.488 -0.00509308 -0.00154939
-0.486 -0.00699898 -0.00207498
-0.484 -0.00923005 -0.00266633
-0.482 -0.0117954 -0.00331974
-0.48 -0.0147044 -0.00403167
-0.478 -0.0179664 -0.00479877
-0.476 -0.0215907 -0.00561785
-0.474 -0.025587 -0.00648593
-0.472 -0.0299646 -0.00740022
-0.47 -0.0347328 -0.00835811
-0.468 -0.0399009 -0.00935721
-0.466 -0.0454778 -0.0103953
-0.464 -0.0514723 -0.0114703
-0.462 -0.0578928 -0.0125803
-0.46 -0.0647474 -0.0137235
-0.458 -0.0720437 -0.0148983
-0.456 -0.0797886 -0.016103
-0.454 -0.0879886 -0.0173362
-0.452 -0.0966494 -0.0185962
-0.45 -0.105776 -0.0198816
-0.448 -0.115373 -0.0211907
-0.446 -0.125443 -0.0225217
-0.444 -0.135988 -0.0238729
-0.442 -0.147011 -0.0252419
-0.44 -0.158509 -0.0266266
-0.438 -0.170484 -0.0280241
-0.436 -0.182931 -0.0294315
-0.434 -0.195846 -0.0308452
-0.432 -0.209226 -0.0322612
-0.43 -0.223061 -0.0336752
-0.428 -0.237344 -0.035082
-0.426 -0.252065 -0.0364758
-0.424 -0.267211 -0.0378502
-0.422 -0.282768 -0.0391981
-0.42 -0.29872 -0.0405116
-0.418 -0.31505 -0.0417817
-0.416 -0.331739 -0.042999
-0.414 -0.348763 -0.0441528
-0.412 -0.366101 -0.0452317
-0.41 -0.383725 -0.0462232
-0.408 -0.401608 -0.0471141
-0.406 -0.41972 -0.0478899
-0.404 -0.438029 -0.0485353
-0.402 -0.4565 -0.0490342
-0.4 -0.475099 -0.0493692
-0.398 -0.493785 -0.0495223
-0.396 -0.51252 -0.0494744
-0.394 -0.531262 -0.0492056
-0.392 -0.549965 -0.0486954
-0.39 -0.568585 -0.0479224
-0.388 -0.587073 -0.0468644
-0.386 -0.605382 -0.0454988
-0.384 -0.623459 -0.0438026
-0.382 -0.641252 -0.0417521
-0.38 -0.658709 -0.0393235
-0.378 -0.675774 -0.0364928
-0.376 -0.692391 -0.0332358
-0.374 -0.708503 -0.0295285
-0.372 -0.724053 -0.0253469
-0.37 -0.738982 -0.0206677
-0.368 -0.753231 -0.0154676
-0.366 -0.766741 -0.00972429
-0.364 -0.779452 -0.00341593
-0.362 -0.791304 0.00347819
-0.36 -0.802239 0.0109778
-0.358 -0.812196 0.0191014
-0.356 -0.821117 0.027866
-0.354 -0.828944 0.0372873
-0.352 -0.835619 0.047379
-0.35 -0.841086 0.0581532
-0.348 -0.84529 0.0696199
-0.346 -0.848177 0.081787
-0.344 -0.849694 0.0946601
-0.342 -0.849791 0.108242
-0.34 -0.848418 0.122535
-0.338 -0.845529 0.137535
-0.336 -0.84108 0.153239
-0.334 -0.835027 0.169638
-0.332 -0.827331 0.186724
-0.33 -0.817954 0.204481
-0.328 -0.806862 0.222894
-0.326 -0.794024 0.241944
-0.324 -0.779411 0.261608
-0.322 -0.762997 0.281859
-0.32 -0.74476 0.302671
-0.318 -0.724681 0.32401
-0.316 -0.702746 0.345841
-0.314 -0.678943 0.368127
-0.312 -0.653264 0.390827
-0.31 -0.625704 0.413897
-0.308 -0.596264 0.43729
-0.306 -0.564946 0.460957
-0.304 -0.531759 0.484846
-0.302 -0.496714 0.508902
-0.3 -0.459826 0.53307
-0.298 -0.421114 0.55729
-0.296 -0.380603 0.581501
-0.294 -0.33832 0.605642
-0.292 -0.294296 0.629647
-0.29 -0.248567 0.653453
-0.288 -0.201171 0.676992
-0.286 -0.152152 0.700197
-0.284 -0.101557 0.723
-0.282 -0.0494351 0.745333
-0.28 0.00415875 0.767128
-0.278 0.0591677 0.788317
-0.276 0.115531 0.808832
-0.274 0.173186 0.828605
-0.272 0.232066 0.847572
-0.27 0.292102 0.865667
-0.268 0.353222 0.882827
-0.266 0.415353 0.898992
-0.264 0.478419 0.914102
-0.262 0.542342 0.928101
-0.26 0.607044 0.940934
-0.258 0.672443 0.952551
-0.256 0.73846 0.962905
-0.254 0.805012 0.97195
-0.252 0.872016 0.979647
-0.25 0.939391 0.985959
-0.248 1.00706 0.990854
-0.246 1.07493 0.994304
-0.244 1.14292 0.996286
-0.242 1.21097 0.996781
-0.24 1.27899 0.995776
-0.238 1.3469 0.993262
-0.236 1.41463 0.989236
-0.234 1.48211 0.9837
-0.232 1.54928 0.976661
-0.23 1.61606 0.968134
-0.228 1.6824 0.958136
-0.226 1.74824 0.946692
-0.224 1.81352 0.933832
-0.222 1.8782 0.919591
-0.22 1.94224 0.904011
-0.218 2.00559 0.887138
-0.216 2.06822 0.869025
-0.214 2.1301 0.849729
-0.212 2.19121 0.829315
-0.21 2.25153 0.807849
-0.208 2.31105 0.785407
-0.206 2.36977 0.762066
-0.204 2.42768 0.73791
-0.202 2.48479 0.713027
-0.2 2.54111 0.687509
-0.198 2.59667 0.661453
-0.196 2.6515 0.634959
-0.194 2.70561 0.608133
-0.192 2.75906 0.581082
-0.19 2.81189 0.553917
-0.188 2.86415 0.526752
-0.186 2.9159 0.499704
-0.184 2.96721 0.472892
-0.182 3.01814 0.446438
-0.18 3.06877 0.420465
-0.178 3.11919 0.395096
-0.176 3.16948 0.370458
-0.174 3.21974 0.346676
-0.172 3.27007 0.323877
-0.17 3.32056 0.302189
-0.168 3.37134 0.281738
-0.166 3.42252 0.26265
-0.164 3.47421 0.24505
-0.162 3.52654 0.229061
-0.16 3.57963 0.214807
-0.158 3.63362 0.202408
-0.156 3.68863 0.191982
-0.154 3.74481 0.183644
-0.152 3.8023 0.177507
-0.15 3.86124 0.173682
-0.148 3.92177 0.172273
-0.146 3.98404 0.173383
-0.144 4.04819 0.17711
-0.142 4.11439 0.183549
-0.14 4.18276 0.192787
-0.138 4.25348 0.204909
-0.136 4.32668 0.219995
-0.134 4.40251 0.238117
-0.132 4.48114 0.259344
-0.13 4.56269 0.283737
-0.128 4.64732 0.311352
-0.126 4.73518 0.342239
-0.124 4.82641 0.37644
-0.122 4.92113 0.413991
-0.12 5.0195 0.454922
-0.118 5.12165 0.499254
-0.116 5.22769 0.547003
-0.114 5.33776 0.598174
-0.112 5.45196 0.652769
-0.11 5.57043 0.710779
-0.108 5.69325 0.772189
-0.106 5.82052 0.836973
-0.104 5.95235 0.905102
-0.102 6.08881 0.976535
-0.1 6.22998 1.05122
-0.098 6.37593 1.12911
-0.096 6.5267 1.21013
-0.094 6.68236 1.29422
-0.092 6.84293 1.38128
-0.09 7.00844 1.47124
-0.088 7.17891 1.56399
-0.086 7.35433 1.65943
-0.084 7.5347 1.75744
-0.082 7.71999 1.85791
-0.08 7.91016 1.96069
-0.078 8.10517 2.06566
-0.076 8.30494 2.17266
-0.074 8.5094 2.28155
-0.072 8.71845 2.39216
-0.07 8.93198 2.50432
-0.068 9.14987 2.61787
-0.066 9.37197 2.73261
-0.064 9.59813 2.84836
-0.062 9.82816 2.96493
-0.06 10.0619 3.08211
-0.058 10.2991 3.1997
-0.056 10.5396 3.3175
-0.054 10.7831 3.43528
-0.052 11.0294 3.55283
-0.05 11.2781 3.66993
-0.048 11.5291 3.78635
-0.046 11.782 3.90186
-0.044 12.0365 4.01623
-0.042 12.2923 4.12924
-0.04 12.549 4.24065
-0.038 12.8063 4.35022
-0.036 13.0637 4.45774
-0.034 13.321 4.56295
-0.032 13.5778 4.66564
-0.03 13.8335 4.76559
-0.028 14.0879 4.86255
-0.026 14.3404 4.95632
-0.024 14.5907 5.04667
-0.022 14.8384 5.1334
-0.02 15.0829 5.21629
-0.018 15.3238 5.29516
-0.016 15.5608 5.36979
-0.014 15.7933 5.44002
-0.012 16.0208 5.50566
-0.01 16.243 5.56654
-0.008 16.4594 5.62251
-0.006 16.6695 5.67342
-0.004 16.8729 5.71912
-0.002 17.0691 5.75949
0 17.2578 5.79443
0.002 17.4386 5.8238
0.004 17.611 5.84755
0.006 17.7745 5.86558
0.008 17.9289 5.87784
0.01 18.0737 5.88428
0.012 18.2085 5.88487
0.014 18.3331 5.87958
0.016 18.4471 5.86843
0.018 18.5503 5.8514
0.02 18.6422 5.82855
0.022 18.7227 5.7999
0.024 18.7915 5.76551
0.026 18.8484 5.72546
0.028 18.8933 5.67984
0.03 18.9259 5.62875
0.032 18.946 5.57231
0.034 18.9537 5.51066
0.036 18.9487 5.44393
0.038 18.9311 5.37229
0.04 18.9007 5.29591
0.042 18.8576 5.21499
0.044 18.8018 5.12972
0.046 18.7333 5.04031
0.048 18.6521 4.94698
0.05 18.5584 4.84997
0.052 18.4523 4.74952
0.054 18.334 4.64587
0.056 18.2035 4.5393
0.058 18.0611 4.43005
0.06 17.9069 4.31841
0.062 17.7414 4.20465
0.064 17.5645 4.08906
0.066 17.3768 3.97191
0.068 17.1784 3.8535
0.07 16.9697 3.73411
0.072 16.7511 3.61404
0.074 16.5227 3.49357
0.076 16.2852 3.373
0.078 16.0388 3.25261
0.08 15.7839 3.13268
0.082 15.5209 3.01349
0.084 15.2503 2.89531
0.086 14.9725 2.77842
0.088 14.688 2.66307
0.09 14.3971 2.54952
0.092 14.1004 2.43801
0.094 13.7984 2.32877
0.096 13.4914 2.22204
0.098 13.1799 2.11802
0.1 12.8645 2.01693
0.102 12.5456 1.91895
0.104 12.2237 1.82426
0.106 11.8992 1.73304
0.108 11.5726 1.64542
0.11 11.2444 1.56156
0.112 10.9151 1.48158
0.114 10.5851 1.40558
0.116 10.2547 1.33368
0.118 9.92464 1.26594
0.12 9.59514 1.20244
0.122 9.2667 1.14323
0.124 8.93971 1.08835
0.126 8.61459 1.03783
0.128 8.29173 0.991665
0.13 7.97151 0.94986
0.132 7.65429 0.912395
0.134 7.34045 0.879237
0.136 7.03031 0.850341
0.138 6.72421 0.825647
0.14 6.42246 0.805084
0.142 6.12537 0.788568
0.144 5.83322 0.776004
0.146 5.54627 0.767286
0.148 5.26479 0.762296
0.15 4.98901 0.760908
0.152 4.71916 0.762984
0.154 4.45545 0.768379
0.156 4.19805 0.776941
0.158 3.94715 0.788507
0.16 3.70291 0.80291
0.162 3.46547 0.819976
0.164 3.23494 0.839525
0.166 3.01145 0.861374
0.168 2.79508 0.885334
0.17 2.58591 0.911213
0.172 2.384 0.938819
0.174 2.18939 0.967953
0.176 2.00211 0.99842
0.178 1.82219 1.03002
0.18 1.64961 1.06256
0.182 1.48436 1.09584
0.184 1.32641 1.12966
0.186 1.17572 1.16383
0.188 1.03223 1.19817
0.19 0.895864 1.23247
0.192 0.766548 1.26657
0.194 0.644182 1.30027
0.196 0.528662 1.33341
0.198 0.419869 1.36582
0.2 0.317675 1.39733
0.202 0.221942 1.42778
0.204 0.132524 1.45703
0.206 0.0492637 1.48494
0.208 -0.0280023 1.51135
0.21 -0.0994455 1.53616
0.212 -0.165244 1.55924
0.214 -0.225582 1.58047
0.216 -0.28065 1.59975
0.218 -0.330643 1.61699
0.22 -0.375758 1.6321
0.222 -0.4162 1.64501
0.224 -0.452172 1.65564
0.226 -0.483884 1.66394
0.228 -0.511544 1.66985
0.23 -0.535362 1.67334
0.232 -0.555549 1.67438
0.234 -0.572317 1.67294
0.236 -0.585874 1.669
0.238 -0.596429 1.66257
0.24 -0.604188 1.65364
0.242 -0.609356 1.64223
0.244 -0.612134 1.62836
0.246 -0.612719 1.61206
0.248 -0.611304 1.59336
0.25 -0.60808 1.57231
0.252 -0.60323 1.54896
0.254 -0.596934 1.52336
0.256 -0.589366 1.4956
0.258 -0.580693 1.46572
0.26 -0.571078 1.43382
0.262 -0.560674 1.39998
0.264 -0.549631 1.36428
0.266 -0.538089 1.32682
0.268 -0.526183 1.2877
0.27 -0.51404 1.24702
0.272 -0.501779 1.20489
0.274 -0.489511 1.16142
0.276 -0.47734 1.11671
0.278 -0.465363 1.07089
0.28 -0.453669 1.02408
0.282 -0.442337 0.976388
0.284 -0.431441 0.927941
0.286 -0.421047 0.878858
0.288 -0.411212 0.829262
0.29 -0.401988 0.779276
0.292 -0.393416 0.729021
0.294 -0.385533 0.678618
0.296 -0.378369 0.628186
0.298 -0.371946 0.577846
0.3 -0.366279 0.527712
0.302 -0.361378 0.477899
0.304 -0.357247 0.42852
0.306 -0.353884 0.379683
0.308 -0.351282 0.331494
0.31 -0.349426 0.284055
0.312 -0.348301 0.237464
0.314 -0.347883 0.191817
0.316 -0.348147 0.147203
0.318 -0.349062 0.103707
0.32 -0.350595 0.0614118
0.322 -0.352708 0.0203919
0.324 -0.355362 -0.0192814
0.326 -0.358515 -0.0575426
0.328 -0.362121 -0.0943315
0.33 -0.366135 -0.129593
0.332 -0.370509 -0.163279
0.334 -0.375193 -0.195345
0.336 -0.380138 -0.225754
0.338 -0.385292 -0.254474
0.34 -0.390606 -0.281478
0.342 -0.396027 -0.306747
0.344 -0.401506 -0.330265
0.346 -0.406992 -0.352023
0.348 -0.412437 -0.372018
0.35 -0.417791 -0.390252
0.352 -0.423008 -0.406733
0.354 -0.428042 -0.421473
0.356 -0.43285 -0.43449
0.358 -0.43739 -0.445807
0.36 -0.441622 -0.455451
0.362 -0.445509 -0.463456
0.364 -0.449014 -0.469857
0.366 -0.452105 -0.474696
0.368 -0.454753 -0.478016
0.37 -0.456928 -0.479868
0.372 -0.458607 -0.480303
0.374 -0.459767 -0.479375
0.376 -0.460388 -0.477143
0.378 -0.460456 -0.473668
0.38 -0.459954 -0.469013
0.382 -0.458874 -0.463243
0.384 -0.457208 -0.456425
0.386 -0.45495 -0.448628
0.388 -0.452098 -0.43992
0.39 -0.448653 -0.430372
0.392 -0.444618 -0.420056
0.394 -0.44 -0.409043
0.396 -0.434806 -0.397404
0.398 -0.429047 -0.38521
0.4 -0.422738 -0.372532
0.402 -0.415894 -0.359438
0.404 -0.408532 -0.345999
0.406 -0.400672 -0.332281
0.408 -0.392337 -0.31835
0.41 -0.383549 -0.304269
0.412 -0.374333 -0.290101
0.414 -0.364717 -0.275904
0.416 -0.354729 -0.261737
0.418 -0.344397 -0.247653
0.42 -0.333753 -0.233704
0.422 -0.322827 -0.21994
0.424 -0.311653 -0.206405
0.426 -0.300261 -0.193143
0.428 -0.288687 -0.180193
0.43 -0.276963 -0.167592
0.432 -0.265124 -0.155371
0.434 -0.253204 -0.14356
0.436 -0.241237 -0.132186
0.438 -0.229256 -0.12127
0.44 -0.217296 -0.110831
0.442 -0.20539 -0.100886
0.444 -0.19357 -0.0914468
0.446 -0.181869 -0.0825218
0.448 -0.170318 -0.074117
0.45 -0.158948 -0.066235
0.452 -0.147789 -0.0588754
0.454 -0.136869 -0.052035
0.456 -0.126217 -0.0457076
0.458 -0.115858 -0.0398845
0.46 -0.105819 -0.0345544
0.462 -0.0961242 -0.0297038
0.464 -0.0867958 -0.0253172
0.466 -0.077856 -0.0213767
0.468 -0.0693253 -0.0178629
0.47 -0.0612227 -0.0147549
0.472 -0.0535661 -0.0120302
0.474 -0.0463719 -0.00966522
0.476 -0.0396551 -0.00763536
0.478 -0.0334295 -0.00591523
0.48 -0.0277073 -0.00447887
0.482 -0.0224997 -0.00329997
0.484 -0.0178165 -0.00235201
0.486 -0.0136661 -0.00160854
0.488 -0.0100558 -0.00104329
0.49 -0.00699176 -0.000630437
0.492 -0.00447886 -0.000344757
0.494 -0.00252095 -0.000161799
0.496 -0.00112081 -5.80641e-05
0.498 -0.000280225 -1.11697e-05
0.05 7.49819 2.31808
0.1 7.49812 2.31797
0.15 7.49801 2.3178
0.2 7.49786 2.31754
0.25 7.49767 2.31722
0.3 7.49743 2.31683
0.35 7.49714 2.31636
0.4 7.49681 2.31583
0.45 7.49644 2.31522
0.5 7.49603 2.31454
0.55 7.49556 2.31379
0.6 7.49506 2.31297
0.65 7.4945 2.31207
0.7 7.4939 2.31111
0.75 7.49326 2.31007
0.8 7.49257 2.30896
0.85 7.49183 2.30779
0.9 7.49104 2.30653
0.95 7.49021 2.30521
1 7.48932 2.30382
1.05 7.48839 2.30236
1.1 7.48741 2.30082
1.15 7.48638 2.29922
1.2 7.48529 2.29754
1.25 7.48416 2.29579
1.3 7.48297 2.29397
1.35 7.48173 2.29208
1.4 7.48043 2.29012
1.45 7.47908 2.28809
1.5 7.47767 2.28599
1.55 7.47621 2.28382
1.6 7.47469 2.28158
1.65 7.47312 2.27927
1.7 7.47148 2.27688
1.75 7.46979 2.27443
1.8 7.46803 2.27191
1.85 7.46621 2.26931
1.9 7.46433 2.26665
1.95 7.46239 2.26392
2 7.46038 2.26112
2.05 7.45831 2.25824
2.1 7.45617 2.2553
2.15 7.45396 2.25229
2.2 7.45168 2.24921
2.25 7.44934 2.24606
2.3 7.44692 2.24285
2.35 7.44443 2.23956
2.4 7.44186 2.2362
2.45 7.43923 2.23278
2.5 7.43651 2.22929
2.55 7.43372 2.22572
2.6 7.43085 2.2221
2.65 7.42791 2.2184
2.7 7.42488 2.21463
2.75 7.42177 2.2108
2.8 7.41857 2.2069
2.85 7.4153 2.20293
2.9 7.41193 2.1989
2.95 7.40848 2.1948
3 7.40494 2.19063
3.05 7.40132 2.1864
3.1 7.3976 2.1821
3.15 7.39378 2.17773
3.2 7.38988 2.1733
3.25 7.38588 2.1688
3.3 7.38178 2.16424
3.35 7.37759 2.15961
3.4 7.3733 2.15491
3.45 7.3689 2.15015
3.5 7.36441 2.14533
3.55 7.35981 2.14045
3.6 7.35511 2.13549
3.65 7.3503 2.13048
3.7 7.34538 2.1254
3.75 7.34036 2.12026
3.8 7.33523 2.11506
3.85 7.32998 2.10979
3.9 7.32462 2.10447
3.95 7.31915 2.09908
4 7.31356 2.09362
4.05 7.30785 2.08811
4.1 7.30203 2.08254
4.15 7.29609 2.07691
4.2 7.29002 2.07121
4.25 7.28384 2.06546
4.3 7.27753 2.05965
4.35 7.27109 2.05377
4.4 7.26453 2.04784
4.45 7.25784 2.04186
4.5 7.25103 2.03581
4.55 7.24408 2.0297
4.6 7.237 2.02354
4.65 7.22979 2.01733
4.7 7.22244 2.01105
4.75 7.21496 2.00472
4.8 7.20734 1.99834
4.85 7.19959 1.9919
4.9 7.19169 1.98541
4.95 7.18366 1.97886
5 7.17548 1.97226
5.05 7.16716 1.96561
5.1 7.1587 1.9589
5.15 7.1501 1.95214
5.2 7.14134 1.94533
5.25 7.13244 1.93847
5.3 7.1234 1.93156
5.35 7.1142 1.9246
5.4 7.10486 1.91759
5.45 7.09536 1.91054
5.5 7.08571 1.90343
5.55 7.07591 1.89628
5.6 7.06595 1.88908
5.65 7.05584 1.88183
5.7 7.04558 1.87454
5.75 7.03515 1.8672
5.8 7.02457 1.85982
5.85 7.01384 1.8524
5.9 7.00294 1.84493
5.95 6.99188 1.83742
6 6.98066 1.82987
6.05 6.96928 1.82227
6.1 6.95774 1.81464
6.15 6.94604 1.80697
6.2 6.93418 1.79925
6.25 6.92215 1.7915
6.3 6.90995 1.78371
6.35 6.89759 1.77589
6.4 6.88507 1.76802
6.45 6.87238 1.76013
6.5 6.85952 1.75219
6.55 6.8465 1.74423
6.6 6.83331 1.73623
6.65 6.81995 1.7282
6.7 6.80642 1.72013
6.75 6.79273 1.71204
6.8 6.77887 1.70392
6.85 6.76484 1.69576
6.9 6.75064 1.68758
6.95 6.73627 1.67937
7 6.72174 1.67113
7.05 6.70703 1.66287
7.1 6.69215 1.65458
7.15 6.67711 1.64627
7.2 6.6619 1.63794
7.25 6.64652 1.62958
7.3 6.63096 1.6212
7.35 6.61524 1.6128
7.4 6.59936 1.60438
7.45 6.5833 1.59594
7.5 6.56707 1.58749
7.55 6.55068 1.57901
7.6 6.53412 1.57052
7.65 6.51739 1.56202
7.7 6.50049 1.5535
7.75 6.48343 1.54497
7.8 6.4662 1.53642
7.85 6.44881 1.52786
7.9 6.43125 1.5193
7.95 6.41353 1.51072
8 6.39564 1.50213
8.05 6.37759 1.49354
8.1 6.35938 1.48494
8.15 6.341 1.47634
8.2 6.32247 1.46772
8.25 6.30377 1.45911
8.3 6.28491 1.45049
8.35 6.2659 1.44188
8.4 6.24672 1.43326
8.45 6.22739 1.42464
8.5 6.2079 1.41602
8.55 6.18826 1.40741
8.6 6.16847 1.3988
8.65 6.14852 1.39019
8.7 6.12842 1.38159
8.75 6.10817 1.37299
8.8 6.08776 1.3644
8.85 6.06721 1.35583
8.9 6.04652 1.34726
8.95 6.02567 1.3387
9 6.00469 1.33015
9.05 5.98355 1.32162
9.1 5.96228 1.3131
9.15 5.94087 1.30459
9.2 5.91931 1.2961
9.25 5.89762 1.28763
9.3 5.8758 1.27917
9.35 5.85384 1.27074
9.4 5.83174 1.26232
9.45 5.80951 1.25393
9.5 5.78716 1.24555
9.55 5.76467 1.2372
9.6 5.74206 1.22888
9.65 5.71933 1.22058
9.7 5.69647 1.21231
9.75 5.67348 1.20406
9.8 5.65038 1.19584
9.85 5.62717 1.18766
9.9 5.60383 1.1795
9.95 5.58038 1.17137
10 5.55682 1.16328
10.05 5.53315 1.15522
10.1 5.50937 1.1472
10.15 5.48548 1.13921
10.2 5.46149 1.13126
10.25 5.4374 1.12334
10.3 5.41321 1.11547
10.35 5.38891 1.10763
10.4 5.36452 1.09984
10.45 5.34004 1.09208
10.5 5.31547 1.08437
10.55 5.2908 1.0767
10.6 5.26605 1.06908
10.65 5.24121 1.06151
10.7 5.21629 1.05398
10.75 5.19129 1.0465
10.8 5.16621 1.03906
10.85 5.14105 1.03168
10.9 5.11582 1.02435
10.95 5.09052 1.01706
11 5.06514 1.00983
11.05 5.0397 1.00266
11.1 5.01419 0.995536
11.15 4.98862 0.988469
11.2 4.96299 0.981459
11.25 4.93731 0.974505
11.3 4.91156 0.967608
11.35 4.88577 0.960771
11.4 4.85992 0.953993
11.45 4.83402 0.947275
11.5 4.80808 0.940618
11.55 4.7821 0.934024
11.6 4.75607 0.927492
11.65 4.73 0.921024
11.7 4.7039 0.91462
11.75 4.67777 0.908281
11.8 4.6516 0.902009
11.85 4.6254 0.895803
11.9 4.59918 0.889664
11.95 4.57293 0.883594
12 4.54667 0.877592
12.05 4.52038 0.87166
12.1 4.49407 0.865799
12.15 4.46776 0.860008
12.2 4.44143 0.854289
12.25 4.41509 0.848643
12.3 4.38874 0.843069
12.35 4.36239 0.837569
12.4 4.33604 0.832143
12.45 4.30969 0.826792
12.5 4.28335 0.821516
12.55 4.257 0.816316
12.6 4.23067 0.811193
12.65 4.20435 0.806147
12.7 4.17804 0.801178
12.75 4.15174 0.796287
12.8 4.12546 0.791475
12.85 4.09921 0.786742
12.9 4.07297 0.782088
12.95 4.04676 0.777515
13 4.02058 0.773022
13.05 3.99443 0.768609
13.1 3.96831 0.764278
13.15 3.94222 0.760028
13.2 3.91617 0.75586
13.25 3.89016 0.751774
13.3 3.86419 0.747771
13.35 3.83827 0.743851
13.4 3.81239 0.740014
13.45 3.78656 0.736261
13.5 3.76078 0.732591
13.55 3.73505 0.729005
13.6 3.70938 0.725504
13.65 3.68376 0.722087
13.7 3.6582 0.718754
13.75 3.63271 0.715506
13.8 3.60728 0.712343
13.85 3.58191 0.709265
13.9 3.55661 0.706272
13.95 3.53138 0.703365
14 3.50623 0.700543
14.05 3.48114 0.697806
14.1 3.45613 0.695154
14.15 3.43121 0.692588
14.2 3.40636 0.690108
14.25 3.38159 0.687712
14.3 3.3569 0.685403
14.35 3.3323 0.683178
14.4 3.30779 0.681039
14.45 3.28337 0.678985
14.5 3.25904 0.677016
14.55 3.2348 0.675132
14.6 3.21065 0.673333
14.65 3.1866 0.671618
14.7 3.16265 0.669988
14.75 3.1388 0.668442
14.8 3.11505 0.66698
14.85 3.09141 0.665602
14.9 3.06786 0.664308
14.95 3.04443 0.663096
15 3.0211 0.661968
15.05 2.99788 0.660922
15.1 2.97477 0.659959
15.15 2.95177 0.659077
15.2 2.92889 0.658277
15.25 2.90612 0.657558
15.3 2.88346 0.65692
15.35 2.86093 0.656362
15.4 2.83851 0.655884
15.45 2.81621 0.655486
15.5 2.79403 0.655166
15.55 2.77198 0.654925
15.6 2.75005 0.654762
15.65 2.72824 0.654677
15.7 2.70656 0.654668
15.75 2.685 0.654735
15.8 2.66358 0.654879
15.85 2.64228 0.655097
15.9 2.62111 0.65539
15.95 2.60007 0.655757
16 2.57916 0.656196
16.05 2.55839 0.656709
16.1 2.53775 0.657293
16.15 2.51724 0.657949
16.2 2.49687 0.658674
16.25 2.47663 0.65947
16.3 2.45653 0.660334
16.35 2.43656 0.661267
16.4 2.41673 0.662267
16.45 2.39704 0.663334
16.5 2.37749 0.664467
16.55 2.35808 0.665664
16.6 2.33881 0.666926
16.65 2.31968 0.668251
16.7 2.30068 0.669638
16.75 2.28183 0.671087
16.8 2.26312 0.672596
16.85 2.24455 0.674166
16.9 2.22612 0.675794
16.95 2.20784 0.67748
17 2.18969 0.679223
17.05 2.17169 0.681022
17.1 2.15384 0.682875
17.15 2.13612 0.684783
17.2 2.11855 0.686744
17.25 2.10112 0.688757
17.3 2.08383 0.690821
17.35 2.06668 0.692935
17.4 2.04968 0.695098
17.45 2.03282 0.697309
17.5 2.01611 0.699566
17.55 1.99954 0.701869
17.6 1.9831 0.704217
17.65 1.96682 0.706609
17.7 1.95067 0.709043
17.75 1.93467 0.711518
17.8 1.9188 0.714034
17.85 1.90308 0.716589
17.9 1.8875 0.719181
17.95 1.87206 0.721811
18 1.85676 0.724476
18.05 1.8416 0.727176
18.1 1.82658 0.729909
18.15 1.8117 0.732675
18.2 1.79695 0.735471
18.25 1.78235 0.738297
18.3 1.76788 0.741152
18.35 1.75355 0.744035
18.4 1.73936 0.746944
18.45 1.7253 0.749878
18.5 1.71137 0.752836
18.55 1.69758 0.755816
18.6 1.68393 0.758818
18.65 1.6704 0.76184
18.7 1.65701 0.764881
18.75 1.64376 0.76794
18.8 1.63063 0.771016
18.85 1.61763 0.774107
18.9 1.60476 0.777212
18.95 1.59202 0.78033
19 1.57941 0.78346
19.05 1.56692 0.7866
19.1 1.55456 0.78975
19.15 1.54232 0.792907
19.2 1.53021 0.796071
19.25 1.51822 0.799241
19.3 1.50635 0.802415
19.35 1.49461 0.805592
19.4 1.48298 0.808771
19.45 1.47147 0.81195
19.5 1.46008 0.815129
19.55 1.44881 0.818306
19.6 1.43765 0.82148
19.65 1.42661 0.82465
19.7 1.41569 0.827814
19.75 1.40487 0.830971
19.8 1.39417 0.834121
19.85 1.38357 0.837262
19.9 1.37309 0.840392
19.95 1.36271 0.843511
20 1.35244 0.846617
20.05 1.34228 0.849709
20.1 1.33222 0.852786
20.15 1.32227 0.855848
20.2 1.31241 0.858891
20.25 1.30266 0.861917
20.3 1.29301 0.864922
20.35 1.28346 0.867907
20.4 1.274 0.87087
20.45 1.26464 0.87381
20.5 1.25538 0.876726
20.55 1.24621 0.879616
20.6 1.23713 0.88248
20.65 1.22814 0.885317
20.7 1.21925 0.888125
20.75 1.21044 0.890904
20.8 1.20172 0.893651
20.85 1.19308 0.896367
20.9 1.18454 0.899051
20.95 1.17607 0.9017
21 1.16769 0.904315
21.05 1.15939 0.906894
21.1 1.15116 0.909436
21.15 1.14302 0.911941
21.2 1.13496 0.914406
21.25 1.12697 0.916832
21.3 1.11905 0.919217
21.35 1.11121 0.921561
21.4 1.10345 0.923862
21.45 1.09575 0.926119
21.5 1.08812 0.928333
21.55 1.08056 0.9305
21.6 1.07307 0.932622
21.65 1.06565 0.934697
21.7 1.05829 0.936724
21.75 1.05099 0.938703
21.8 1.04376 0.940632
21.85 1.03659 0.94251
21.9 1.02948 0.944338
21.95 1.02243 0.946114
22 1.01543 0.947837
22.05 1.00849 0.949507
22.1 1.00161 0.951123
22.15 0.994783 0.952685
22.2 0.988008 0.954191
22.25 0.981284 0.95564
22.3 0.974612 0.957033
22.35 0.967989 0.958369
22.4 0.961415 0.959646
22.45 0.954889 0.960865
22.5 0.948409 0.962025
22.55 0.941974 0.963125
22.6 0.935583 0.964164
22.65 0.929236 0.965143
22.7 0.92293 0.96606
22.75 0.916666 0.966915
22.8 0.910442 0.967708
22.85 0.904256 0.968437
22.9 0.898109 0.969104
22.95 0.891999 0.969706
23 0.885925 0.970245
23.05 0.879886 0.970718
23.1 0.873881 0.971127
23.15 0.86791 0.97147
23.2 0.86197 0.971747
23.25 0.856063 0.971958
23.3 0.850185 0.972103
23.35 0.844338 0.972181
23.4 0.838519 0.972192
23.45 0.832728 0.972136
23.5 0.826964 0.972012
23.55 0.821227 0.971821
23.6 0.815515 0.971561
23.65 0.809827 0.971233
23.7 0.804164 0.970837
23.75 0.798524 0.970373
23.8 0.792906 0.96984
23.85 0.787311 0.969238
23.9 0.781736 0.968567
23.95 0.776181 0.967828
24 0.770647 0.967019
24.05 0.765131 0.966142
24.1 0.759634 0.965195
24.15 0.754154 0.964179
24.2 0.748692 0.963094
24.25 0.743246 0.96194
24.3 0.737817 0.960717
24.35 0.732403 0.959425
24.4 0.727004 0.958065
24.45 0.721619 0.956635
24.5 0.716248 0.955137
24.55 0.710891 0.95357
24.6 0.705547 0.951934
24.65 0.700215 0.950231
24.7 0.694895 0.948459
24.75 0.689587 0.94662
24.8 0.68429 0.944712
24.85 0.679005 0.942738
24.9 0.673729 0.940696
24.95 0.668464 0.938587
25 0.663209 0.936411
25.05 0.657964 0.934169
25.1 0.652727 0.931861
25.15 0.6475 0.929487
25.2 0.642281 0.927048
25.25 0.637071 0.924544
25.3 0.631869 0.921975
25.35 0.626674 0.919342
25.4 0.621488 0.916644
25.45 0.616309 0.913884
25.5 0.611138 0.91106
25.55 0.605974 0.908173
25.6 0.600817 0.905225
25.65 0.595667 0.902214
25.7 0.590524 0.899143
25.75 0.585388 0.896011
25.8 0.580259 0.892818
25.85 0.575136 0.889566
25.9 0.57002 0.886255
25.95 0.56491 0.882885
26 0.559807 0.879457
26.05 0.55471 0.875972
26.1 0.54962 0.872429
26.15 0.544537 0.868831
26.2 0.53946 0.865177
26.25 0.53439 0.861468
26.3 0.529326 0.857704
26.35 0.52427 0.853887
26.4 0.51922 0.850017
26.45 0.514177 0.846094
26.5 0.509141 0.84212
26.55 0.504112 0.838094
26.6 0.499091 0.834018
26.65 0.494077 0.829893
26.7 0.489071 0.825719
26.75 0.484072 0.821496
26.8 0.479081 0.817226
26.85 0.474099 0.81291
26.9 0.469125 0.808547
26.95 0.464159 0.80414
27 0.459202 0.799688
27.05 0.454254 0.795192
27.1 0.449315 0.790654
27.15 0.444386 0.786073
27.2 0.439466 0.781451
27.25 0.434557 0.776789
27.3 0.429657 0.772087
27.35 0.424768 0.767347
27.4 0.41989 0.762569
27.45 0.415023 0.757753
27.5 0.410168 0.752901
27.55 0.405324 0.748014
27.6 0.400492 0.743092
27.65 0.395672 0.738137
27.7 0.390865 0.733148
27.75 0.386072 0.728128
27.8 0.381291 0.723077
27.85 0.376524 0.717995
27.9 0.371771 0.712884
27.95 0.367032 0.707744
28 0.362309 0.702577
28.05 0.3576 0.697383
28.1 0.352907 0.692164
28.15 0.348229 0.686919
28.2 0.343568 0.68165
28.25 0.338923 0.676359
28.3 0.334295 0.671045
28.35 0.329685 0.665709
28.4 0.325092 0.660353
28.45 0.320517 0.654978
28.5 0.315961 0.649584
28.55 0.311424 0.644172
28.6 0.306905 0.638743
28.65 0.302407 0.633299
28.7 0.297929 0.627839
28.75 0.293471 0.622365
28.8 0.289033 0.616878
28.85 0.284617 0.611379
28.9 0.280223 0.605868
28.95 0.275851 0.600346
29 0.271501 0.594815
29.05 0.267173 0.589275
29.1 0.262869 0.583727
29.15 0.258589 0.578172
29.2 0.254332 0.572611
29.25 0.2501 0.567045
29.3 0.245892 0.561474
29.35 0.24171 0.5559
29.4 0.237553 0.550323
29.45 0.233421 0.544744
29.5 0.229316 0.539165
29.55 0.225238 0.533585
29.6 0.221186 0.528006
29.65 0.217162 0.522429
29.7 0.213166 0.516854
29.75 0.209197 0.511283
29.8 0.205257 0.505716
29.85 0.201345 0.500153
29.9 0.197463 0.494597
29.95 0.19361 0.489047
30 0.189786 0.483505
30.05 0.185993 0.47797
30.1 0.18223 0.472445
30.15 0.178497 0.466929
30.2 0.174796 0.461424
30.25 0.171126 0.455931
30.3 0.167487 0.450449
30.35 0.16388 0.444981
30.4 0.160305 0.439526
30.45 0.156763 0.434085
30.5 0.153254 0.42866
30.55 0.149777 0.42325
30.6 0.146333 0.417857
30.65 0.142923 0.412481
30.7 0.139547 0.407123
30.75 0.136205 0.401784
30.8 0.132897 0.396464
30.85 0.129623 0.391165
30.9 0.126383 0.385885
30.95 0.123179 0.380628
31 0.120009 0.375392
31.05 0.116875 0.370179
31.1 0.113776 0.364989
31.15 0.110713 0.359823
31.2 0.107685 0.354682
31.25 0.104693 0.349565
31.3 0.101737 0.344475
31.35 0.0988178 0.339411
31.4 0.0959344 0.334373
31.45 0.0930874 0.329363
31.5 0.090277 0.324381
31.55 0.0875032 0.319428
31.6 0.0847661 0.314503
31.65 0.0820659 0.309608
31.7 0.0794025 0.304744
31.75 0.0767762 0.299909
31.8 0.0741868 0.295106
31.85 0.0716346 0.290335
31.9 0.0691196 0.285595
31.95 0.0666417 0.280888
32 0.064201 0.276214
32.05 0.0617976 0.271573
32.1 0.0594314 0.266966
32.15 0.0571025 0.262393
32.2 0.0548108 0.257855
32.25 0.0525564 0.253352
32.3 0.0503391 0.248884
32.35 0.0481591 0.244452
32.4 0.0460162 0.240056
32.45 0.0439104 0.235696
32.5 0.0418416 0.231374
32.55 0.0398098 0.227088
32.6 0.0378148 0.22284
32.65 0.0358567 0.218629
32.7 0.0339354 0.214457
32.75 0.0320506 0.210322
32.8 0.0302024 0.206227
32.85 0.0283905 0.20217
32.9 0.026615 0.198152
32.95 0.0248755 0.194174
33 0.0231721 0.190235
33.05 0.0215046 0.186335
33.1 0.0198727 0.182476
33.15 0.0182764 0.178657
33.2 0.0167155 0.174878
33.25 0.0151898 0.17114
33.3 0.013699 0.167442
33.35 0.0122431 0.163785
33.4 0.0108218 0.160169
33.45 0.00943484 0.156594
33.5 0.00808211 0.15306
33.55 0.00676334 0.149568
33.6 0.00547831 0.146116
33.65 0.00422678 0.142707
33.7 0.0030085 0.139339
33.75 0.00182324 0.136012
33.8 0.000670725 0.132727
33.85 -0.000449297 0.129484
33.9 -0.0015371 0.126282
33.95 -0.00259295 0.123123
34 -0.00361713 0.120005
34.05 -0.00460992 0.116928
34.1 -0.00557163 0.113894
34.15 -0.00650254 0.110901
34.2 -0.00740296 0.10795
34.25 -0.0082732 0.105041
34.3 -0.00911356 0.102173
34.35 -0.00992438 0.0993471
34.4 -0.010706 0.0965625
34.45 -0.0114586 0.0938193
34.5 -0.0121827 0.0911175
34.55 -0.0128786 0.088457
34.6 -0.0135466 0.0858377
34.65 -0.014187 0.0832595
34.7 -0.0148003 0.0807222
34.75 -0.0153867 0.0782257
34.8 -0.0159466 0.0757699
34.85 -0.0164803 0.0733547
34.9 -0.0169883 0.0709799
34.95 -0.017471 0.0686454
35 -0.0179285 0.0663509
35.05 -0.0183615 0.0640964
35.1 -0.0187701 0.0618816
35.15 -0.0191548 0.0597063
35.2 -0.0195161 0.0575704
35.25 -0.0198542 0.0554737
35.3 -0.0201695 0.0534159
35.35 -0.0204625 0.0513968
35.4 -0.0207334 0.0494163
35.45 -0.0209829 0.047474
35.5 -0.0212111 0.0455697
35.55 -0.0214185 0.0437032
35.6 -0.0216055 0.0418743
35.65 -0.0217725 0.0400827
35.7 -0.0219199 0.0383281
35.75 -0.0220481 0.0366103
35.8 -0.0221575 0.034929
35.85 -0.0222484 0.0332839
35.9 -0.0223214 0.0316747
35.95 -0.0223767 0.0301012
36 -0.0224148 0.028563
36.05 -0.0224362 0.0270599
36.1 -0.0224411 0.0255915
36.15 -0.0224299 0.0241576
36.2 -0.0224032 0.0227578
36.25 -0.0223612 0.0213918
36.3 -0.0223045 0.0200593
36.35 -0.0222333 0.0187599
36.4 -0.022148 0.0174934
36.45 -0.0220492 0.0162594
36.5 -0.0219371 0.0150575
36.55 -0.0218121 0.0138875
36.6 -0.0216747 0.0127489
36.65 -0.0215252 0.0116415
36.7 -0.0213641 0.0105648
36.75 -0.0211916 0.0095186
36.8 -0.0210082 0.00850243
36.85 -0.0208143 0.00751597
36.9 -0.0206102 0.00655885
36.95 -0.0203963 0.00563072
37 -0.020173 0.0047312
37.05 -0.0199406 0.00385992
37.1 -0.0196996 0.00301651
37.15 -0.0194503 0.0022006
37.2 -0.019193 0.00141182
37.25 -0.0189281 0.000649787
37.3 -0.0186559 -8.58779e-05
37.35 -0.0183769 -0.000795552
37.4 -0.0180913 -0.00147962
37.45 -0.0177996 -0.00213845
37.5 -0.0175019 -0.00277244
37.55 -0.0171988 -0.00338197
37.6 -0.0168905 -0.00396742
37.65 -0.0165773 -0.00452918
37.7 -0.0162596 -0.00506763
37.75 -0.0159376 -0.00558315
37.8 -0.0156118 -0.00607615
37.85 -0.0152824 -0.00654699
37.9 -0.0149497 -0.00699606
37.95 -0.014614 -0.00742376
38 -0.0142757 -0.00783047
38.05 -0.013935 -0.00821657
38.1 -0.0135922 -0.00858244
38.15 -0.0132476 -0.00892848
38.2 -0.0129014 -0.00925506
38.25 -0.0125541 -0.00956256
38.3 -0.0122057 -0.00985138
38.35 -0.0118567 -0.0101219
38.4 -0.0115072 -0.0103744
38.45 -0.0111576 -0.0106095
38.5 -0.010808 -0.0108273
38.55 -0.0104587 -0.0110283
38.6 -0.0101099 -0.0112129
38.65 -0.00976197 -0.0113815
38.7 -0.00941505 -0.0115343
38.75 -0.00906937 -0.0116719
38.8 -0.00872515 -0.0117945
38.85 -0.00838262 -0.0119025
38.9 -0.00804199 -0.0119962
38.95 -0.00770345 -0.0120761
39 -0.00736721 -0.0121425
39.05 -0.00703346 -0.0121958
39.1 -0.0067024 -0.0122362
39.15 -0.0063742 -0.0122642
39.2 -0.00604904 -0.0122801
39.25 -0.00572711 -0.0122842
39.3 -0.00540855 -0.0122769
39.35 -0.00509354 -0.0122585
39.4 -0.00478224 -0.0122294
39.45 -0.00447479 -0.0121899
39.5 -0.00417134 -0.0121403
39.55 -0.00387204 -0.0120809
39.6 -0.00357701 -0.0120121
39.65 -0.00328639 -0.0119342
39.7 -0.0030003 -0.0118475
39.75 -0.00271886 -0.0117523
39.8 -0.0024422 -0.011649
39.85 -0.0021704 -0.0115377
39.9 -0.00190359 -0.011419
39.95 -0.00164185 -0.0112929
40 -0.00138529 -0.0111599
40.05 -0.00113398 -0.0110203
40.1 -0.000888022 -0.0108742
40.15 -0.000647483 -0.010722
40.2 -0.000412439 -0.0105641
40.25 -0.000182959 -0.0104005
40.3 4.08956e-05 -0.0102318
40.35 0.000259065 -0.010058
40.4 0.000471495 -0.00987943
40.45 0.000678138 -0.00969643
40.5 0.00087895 -0.0095092
40.55 0.00107389 -0.00931801
40.6 0.00126293 -0.0091231
40.65 0.00144602 -0.00892472
40.7 0.00162316 -0.00872311
40.75 0.00179432 -0.0085185
40.8 0.00195948 -0.00831113
40.85 0.00211862 -0.00810122
40.9 0.00227175 -0.007889
40.95 0.00241885 -0.00767468
41 0.00255993 -0.00745849
41.05 0.00269499 -0.00724063
41.1 0.00282405 -0.00702131
41.15 0.0029471 -0.00680074
41.2 0.00306418 -0.0065791
41.25 0.00317529 -0.0063566
41.3 0.00328047 -0.00613343
41.35 0.00337974 -0.00590976
41.4 0.00347314 -0.00568579
41.45 0.00356069 -0.00546168
41.5 0.00364243 -0.00523762
41.55 0.00371842 -0.00501377
41.6 0.00378868 -0.00479028
41.65 0.00385328 -0.00456734
41.7 0.00391226 -0.00434508
41.75 0.00396568 -0.00412366
41.8 0.00401359 -0.00390323
41.85 0.00405605 -0.00368394
41.9 0.00409314 -0.00346591
41.95 0.0041249 -0.00324929
42 0.00415142 -0.0030342
42.05 0.00417277 -0.00282078
42.1 0.00418901 -0.00260915
42.15 0.00420022 -0.00239942
42.2 0.00420649 -0.0021917
42.25 0.00420789 -0.00198612
42.3 0.0042045 -0.00178278
42.35 0.00419642 -0.00158177
42.4 0.00418372 -0.0013832
42.45 0.0041665 -0.00118716
42.5 0.00414485 -0.000993749
42.55 0.00411886 -0.000803047
42.6 0.00408862 -0.000615139
42.65 0.00405423 -0.000430106
42.7 0.00401579 -0.000248024
42.75 0.00397339 -6.8964e-05
42.8 0.00392714 0.000107004
42.85 0.00387714 0.000279816
42.9 0.00382348 0.000449409
42.95 0.00376628 0.000615725
43 0.00370564 0.00077871
43.05 0.00364166 0.000938313
43.1 0.00357444 0.00109449
43.15 0.00350411 0.00124718
43.2 0.00343076 0.00139636
43.25 0.00335449 0.00154199
43.3 0.00327543 0.00168403
43.35 0.00319368 0.00182244
43.4 0.00310935 0.00195721
43.45 0.00302255 0.0020883
43.5 0.00293339 0.0022157
43.55 0.00284198 0.00233937
43.6 0.00274843 0.00245932
43.65 0.00265285 0.00257551
43.7 0.00255535 0.00268795
43.75 0.00245605 0.00279662
43.8 0.00235504 0.00290152
43.85 0.00225244 0.00300264
43.9 0.00214837 0.00309998
43.95 0.00204292 0.00319355
44 0.00193621 0.00328335
44.05 0.00182835 0.00336939
44.1 0.00171943 0.00345168
44.15 0.00160958 0.00353022
44.2 0.00149889 0.00360504
44.25 0.00138747 0.00367615
44.3 0.00127542 0.00374356
44.35 0.00116286 0.00380731
44.4 0.00104986 0.0038674
44.45 0.000936555 0.00392387
44.5 0.000823024 0.00397674
44.55 0.000709373 0.00402604
44.6 0.0005957 0.0040718
44.65 0.000482099 0.00411406
44.7 0.000368667 0.00415284
44.75 0.000255499 0.00418818
44.8 0.000142685 0.00422012
44.85 3.03174e-05 0.0042487
44.9 -8.15141e-05 0.00427395
44.95 -0.000192722 0.00429592
45 -0.000303218 0.00431466
45.05 -0.00041292 0.0043302
45.1 -0.000521742 0.0043426
45.15 -0.000629603 0.00435189
45.2 -0.000736424 0.00435813
45.25 -0.000842126 0.00436136
45.3 -0.000946633 0.00436164
45.35 -0.00104987 0.00435902
45.4 -0.00115176 0.00435355
45.45 -0.00125224 0.00434528
45.5 -0.00135124 0.00433427
45.55 -0.00144869 0.00432057
45.6 -0.00154452 0.00430424
45.65 -0.00163867 0.00428533
45.7 -0.00173108 0.0042639
45.75 -0.00182169 0.00424002
45.8 -0.00191045 0.00421373
45.85 -0.00199729 0.00418509
45.9 -0.00208217 0.00415418
45.95 -0.00216503 0.00412103
46 -0.00224582 0.00408573
46.05 -0.0023245 0.00404832
46.1 -0.00240102 0.00400887
46.15 -0.00247534 0.00396743
46.2 -0.00254742 0.00392408
46.25 -0.00261721 0.00387887
46.3 -0.00268469 0.00383186
46.35 -0.00274982 0.00378312
46.4 -0.00281256 0.00373271
46.45 -0.00287288 0.00368068
46.5 -0.00293076 0.00362711
46.55 -0.00298617 0.00357205
46.6 -0.00303909 0.00351556
46.65 -0.00308949 0.00345771
46.7 -0.00313736 0.00339856
46.75 -0.00318267 0.00333817
46.8 -0.00322541 0.0032766
46.85 -0.00326557 0.00321391
46.9 -0.00330313 0.00315016
46.95 -0.00333809 0.00308541
47 -0.00337044 0.00301973
47.05 -0.00340016 0.00295316
47.1 -0.00342727 0.00288578
47.15 -0.00345175 0.00281764
47.2 -0.00347361 0.00274879
47.25 -0.00349285 0.00267929
47.3 -0.00350947 0.00260921
47.35 -0.00352348 0.00253859
47.4 -0.00353488 0.0024675
47.45 -0.00354369 0.00239598
47.5 -0.00354992 0.0023241
47.55 -0.00355358 0.00225191
47.6 -0.00355468 0.00217945
47.65 -0.00355325 0.00210679
47.7 -0.0035493 0.00203397
47.75 -0.00354284 0.00196104
47.8 -0.00353391 0.00188806
47.85 -0.00352253 0.00181507
47.9 -0.00350871 0.00174213
47.95 -0.0034925 0.00166927
48 -0.0034739 0.00159656
48.05 -0.00345296 0.00152403
48.1 -0.00342971 0.00145172
48.15 -0.00340417 0.00137969
48.2 -0.00337639 0.00130797
48.25 -0.00334639 0.00123662
48.3 -0.00331421 0.00116566
48.35 -0.00327989 0.00109514
48.4 -0.00324347 0.0010251
48.45 -0.00320499 0.000955582
48.5 -0.00316449 0.000886619
48.55 -0.00312201 0.000818249
48.6 -0.0030776 0.000750507
48.65 -0.0030313 0.000683428
48.7 -0.00298315 0.000617046
48.75 -0.0029332 0.000551394
48.8 -0.0028815 0.000486503
48.85 -0.0028281 0.000422403
48.9 -0.00277305 0.000359126
48.95 -0.00271639 0.000296698
49 -0.00265818 0.000235148
49.05 -0.00259846 0.000174502
49.1 -0.0025373 0.000114786
49.15 -0.00247474 5.60249e-05
49.2 -0.00241083 -1.75875e-06
49.25 -0.00234563 -5.85421e-05
49.3 -0.00227919 -0.000114304
49.35 -0.00221158 -0.000169023
49.4 -0.00214283 -0.000222681
49.45 -0.00207302 -0.000275259
49.5 -0.00200219 -0.000326739
49.55 -0.0019304 -0.000377105
49.6 -0.00185771 -0.000426342
49.65 -0.00178417 -0.000474436
49.7 -0.00170984 -0.000521372
49.75 -0.00163478 -0.00056714
49.8 -0.00155905 -0.000611726
49.85 -0.00148269 -0.00065512
49.9 -0.00140578 -0.000697314
49.95 -0.00132836 -0.000738298
50 -0.0012505 -0.000778065
