-0.498 -0.000679292 0.00573431
-0.496 -0.00432726 0.0231955
-0.494 -0.0133416 0.052708
-0.492 -0.0300856 0.0945119
-0.49 -0.0568738 0.148763
-0.488 -0.0959583 0.21553
-0.486 -0.149515 0.294801
-0.484 -0.219631 0.386477
-0.482 -0.308291 0.490378
-0.48 -0.417365 0.606243
-0.478 -0.548596 0.733732
-0.476 -0.703588 0.872428
-0.474 -0.883798 1.02184
-0.472 -1.09052 1.18141
-0.47 -1.32488 1.3505
-0.468 -1.58783 1.52842
-0.466 -1.88013 1.71443
-0.464 -2.20233 1.9077
-0.462 -2.55481 2.10739
-0.46 -2.93772 2.31258
-0.458 -3.351 2.52234
-0.456 -3.79436 2.73567
-0.454 -4.26732 2.95156
-0.452 -4.76913 3.16898
-0.45 -5.29886 3.38686
-0.448 -5.8553 3.60415
-0.446 -6.43706 3.81975
-0.444 -7.04248 4.03259
-0.442 -7.6697 4.24159
-0.44 -8.31663 4.44568
-0.438 -8.98095 4.64382
-0.436 -9.66012 4.83498
-0.434 -10.3514 5.01815
-0.432 -11.0518 5.19237
-0.43 -11.7583 5.35671
-0.428 -12.4674 5.51029
-0.426 -13.1756 5.65226
-0.424 -13.8793 5.78186
-0.422 -14.5745 5.89835
-0.42 -15.2572 6.00109
-0.418 -15.9233 6.08948
-0.416 -16.5685 6.163
-0.414 -17.1884 6.22121
-0.412 -17.7783 6.26375
-0.41 -18.3339 6.29034
-0.408 -18.8502 6.30078
-0.406 -19.3227 6.29496
-0.404 -19.7465 6.27287
-0.402 -20.1169 6.23458
-0.4 -20.4289 6.18025
-0.398 -20.6778 6.11015
-0.396 -20.8587 6.02462
-0.394 -20.967 5.92411
-0.392 -20.9978 5.80916
-0.39 -20.9466 5.68042
-0.388 -20.8088 5.53861
-0.386 -20.58 5.38454
-0.384 -20.2558 5.21913
-0.382 -19.8321 5.04338
-0.38 -19.3049 4.85838
-0.378 -18.6703 4.66528
-0.376 -17.9246 4.46534
-0.374 -17.0645 4.25989
-0.372 -16.0867 4.05031
-0.37 -14.9883 3.83808
-0.368 -13.7664 3.62472
-0.366 -12.4186 3.41184
-0.364 -10.9427 3.20107
-0.362 -9.33693 2.99412
-0.36 -7.59954 2.79272
-0.358 -5.72931 2.59866
-0.356 -3.72527 2.41376
-0.354 -1.58682 2.23985
-0.352 0.686324 2.07879
-0.35 3.09408 1.93248
-0.348 5.63602 1.80279
-0.346 8.31132 1.69161
-0.344 11.1188 1.60081
-0.342 14.057 1.53228
-0.34 17.1238 1.48786
-0.338 20.3171 1.46936
-0.336 23.634 1.47858
-0.334 27.0715 1.51726
-0.332 30.6262 1.58709
-0.33 34.2942 1.68972
-0.328 38.0712 1.82672
-0.326 41.9526 1.99959
-0.324 45.9335 2.20977
-0.322 50.0085 2.45859
-0.32 54.1719 2.74731
-0.318 58.4176 3.07707
-0.316 62.7391 3.44892
-0.314 67.1298 3.8638
-0.312 71.5825 4.32252
-0.31 76.0899 4.82578
-0.308 80.6442 5.37413
-0.306 85.2374 5.96801
-0.304 89.8614 6.60771
-0.302 94.5074 7.29337
-0.3 99.1669 8.025
-0.298 103.831 8.80243
-0.296 108.49 9.62537
-0.294 113.134 10.4934
-0.292 117.755 11.4057
-0.29 122.342 12.3618
-0.288 126.886 13.3604
-0.286 131.376 14.4007
-0.284 135.802 15.4812
-0.282 140.155 16.6006
-0.28 144.424 17.7572
-0.278 148.598 18.9492
-0.276 152.668 20.1749
-0.274 156.623 21.4319
-0.272 160.454 22.7182
-0.27 164.149 24.0313
-0.268 167.7 25.3687
-0.266 171.096 26.7278
-0.264 174.327 28.1057
-0.262 177.383 29.4994
-0.26 180.257 30.906
-0.258 182.937 32.3222
-0.256 185.416 33.7448
-0.254 187.684 35.1704
-0.252 189.734 36.5954
-0.25 191.557 38.0164
-0.248 193.145 39.4298
-0.246 194.491 40.8317
-0.244 195.588 42.2185
-0.242 196.43 43.5863
-0.24 197.01 44.9315
-0.238 197.322 46.25
-0.236 197.361 47.538
-0.234 197.123 48.7917
-0.232 196.603 50.0072
-0.23 195.797 51.1808
-0.228 194.701 52.3085
-0.226 193.314 53.3867
-0.224 191.632 54.4117
-0.222 189.654 55.3799
-0.22 187.379 56.2878
-0.218 184.806 57.1318
-0.216 181.935 57.9087
-0.214 178.768 58.6153
-0.212 175.304 59.2484
-0.21 171.546 59.8052
-0.208 167.496 60.2827
-0.206 163.158 60.6785
-0.204 158.534 60.9899
-0.202 153.629 61.2147
-0.2 148.447 61.3509
-0.198 142.994 61.3964
-0.196 137.276 61.3496
-0.194 131.3 61.209
-0.192 125.071 60.9733
-0.19 118.599 60.6414
-0.188 111.89 60.2127
-0.186 104.954 59.6864
-0.184 97.8004 59.0623
-0.182 90.4381 58.3402
-0.18 82.8776 57.5204
-0.178 75.1296 56.6033
-0.176 67.2053 55.5896
-0.174 59.1162 54.4801
-0.172 50.8743 53.2762
-0.17 42.4921 51.9793
-0.168 33.9823 50.5911
-0.166 25.358 49.1136
-0.164 16.6328 47.549
-0.162 7.8205 45.8999
-0.16 -1.0649 44.1689
-0.158 -10.009 42.3592
-0.156 -18.9972 40.4738
-0.154 -28.0147 38.5164
-0.152 -37.0466 36.4905
-0.15 -46.0776 34.4001
-0.148 -55.0925 32.2494
-0.146 -64.0759 30.0426
-0.144 -73.0123 27.7844
-0.142 -81.8863 25.4794
-0.14 -90.6824 23.1325
-0.138 -99.385 20.7487
-0.136 -107.979 18.3333
-0.134 -116.448 15.8916
-0.132 -124.778 13.4291
-0.13 -132.954 10.9512
-0.128 -140.959 8.46365
-0.126 -148.781 5.97221
-0.124 -156.403 3.48263
-0.122 -163.813 1.00078
-0.12 -170.995 -1.4675
-0.118 -177.937 -3.91631
-0.116 -184.625 -6.33978
-0.114 -191.046 -8.73205
-0.112 -197.187 -11.0873
-0.11 -203.037 -13.3998
-0.108 -208.584 -15.6638
-0.106 -213.816 -17.8737
-0.104 -218.724 -20.024
-0.102 -223.297 -22.1094
-0.1 -227.525 -24.1246
-0.098 -231.401 -26.0646
-0.096 -234.915 -27.9244
-0.094 -238.059 -29.6992
-0.092 -240.828 -31.3847
-0.09 -243.213 -32.9765
-0.088 -245.211 -34.4704
-0.086 -246.815 -35.8627
-0.084 -248.021 -37.1499
-0.082 -248.827 -38.3285
-0.08 -249.228 -39.3955
-0.078 -249.224 -40.3483
-0.076 -248.812 -41.1842
-0.074 -247.991 -41.9013
-0.072 -246.763 -42.4975
-0.07 -245.128 -42.9715
-0.068 -243.087 -43.3219
-0.066 -240.643 -43.5479
-0.064 -237.8 -43.649
-0.062 -234.559 -43.6247
-0.06 -230.928 -43.4754
-0.058 -226.909 -43.2012
-0.056 -222.511 -42.8031
-0.054 -217.738 -42.282
-0.052 -212.598 -41.6393
-0.05 -207.101 -40.8767
-0.048 -201.252 -39.9962
-0.046 -195.064 -39.0001
-0.044 -188.544 -37.8909
-0.042 -181.703 -36.6716
-0.04 -174.552 -35.3453
-0.038 -167.104 -33.9154
-0.036 -159.368 -32.3855
-0.034 -151.359 -30.7597
-0.032 -143.089 -29.042
-0.03 -134.571 -27.2369
-0.028 -125.82 -25.3489
-0.026 -116.848 -23.3829
-0.024 -107.672 -21.3437
-0.022 -98.3043 -19.2367
-0.02 -88.7617 -17.0671
-0.018 -79.0591 -14.8403
-0.016 -69.2122 -12.562
-0.014 -59.237 -10.238
-0.012 -49.1493 -7.8739
-0.01 -38.9656 -5.4758
-0.008 -28.7021 -3.04965
-0.006 -18.3756 -0.601542
-0.004 -8.00242 1.86242
-0.002 2.40055 4.33607
0 12.8166 6.81322
0.002 23.229 9.28766
0.004 33.621 11.7532
0.006 43.9758 14.2037
0.008 54.2767 16.633
0.01 64.5072 19.035
0.012 74.6508 21.4037
0.014 84.691 23.7331
0.016 94.6117 26.0173
0.018 104.397 28.2506
0.02 114.03 30.4272
0.022 123.497 32.5416
0.024 132.781 34.5885
0.026 141.868 36.5626
0.028 150.743 38.4588
0.03 159.391 40.2723
0.032 167.798 41.9982
0.034 175.951 43.6322
0.036 183.837 45.1699
0.038 191.442 46.6073
0.04 198.754 47.9406
0.042 205.762 49.1663
0.044 212.454 50.281
0.046 218.819 51.2817
0.048 224.847 52.1656
0.05 230.528 52.9305
0.052 235.853 53.5739
0.054 240.814 54.0943
0.056 245.403 54.4899
0.058 249.613 54.7595
0.06 253.436 54.9024
0.062 256.869 54.9178
0.064 259.904 54.8056
0.066 262.539 54.5657
0.068 264.768 54.1987
0.07 266.59 53.7052
0.072 268.002 53.0864
0.074 269.003 52.3434
0.076 269.591 51.4782
0.078 269.768 50.4926
0.08 269.533 49.389
0.082 268.888 48.1701
0.084 267.836 46.8386
0.086 266.38 45.3979
0.088 264.522 43.8513
0.09 262.269 42.2026
0.092 259.624 40.4558
0.094 256.594 38.6152
0.096 253.185 36.6851
0.098 249.404 34.6702
0.1 245.26 32.5754
0.102 240.76 30.4057
0.104 235.914 28.1664
0.106 230.731 25.8627
0.108 225.222 23.5002
0.11 219.397 21.0845
0.112 213.268 18.6214
0.114 206.846 16.1165
0.116 200.144 13.5758
0.118 193.174 11.0053
0.12 185.949 8.41072
0.122 178.484 5.7982
0.124 170.791 3.17364
0.126 162.884 0.543009
0.128 154.779 -2.0878
0.13 146.489 -4.71292
0.132 138.03 -7.32657
0.134 129.417 -9.92303
0.136 120.665 -12.4967
0.138 111.789 -15.0421
0.14 102.805 -17.5538
0.142 93.7291 -20.0267
0.144 84.576 -22.4556
0.146 75.3616 -24.8356
0.148 66.1017 -27.162
0.15 56.8117 -29.4303
0.152 47.5073 -31.6361
0.154 38.2037 -33.7753
0.156 28.9162 -35.844
0.158 19.66 -37.8384
0.16 10.45 -39.7551
0.162 1.30088 -41.591
0.164 -7.77294 -43.3429
0.166 -16.7572 -45.0083
0.168 -25.6381 -46.5846
0.17 -34.402 -48.0696
0.172 -43.0357 -49.4613
0.174 -51.5263 -50.7582
0.176 -59.8613 -51.9586
0.178 -68.0286 -53.0616
0.18 -76.0165 -54.0661
0.182 -83.8139 -54.9715
0.184 -91.41 -55.7775
0.186 -98.7946 -56.4839
0.188 -105.958 -57.0909
0.19 -112.89 -57.5988
0.192 -119.584 -58.0082
0.194 -126.03 -58.3201
0.196 -132.22 -58.5355
0.198 -138.148 -58.6557
0.2 -143.808 -58.6823
0.202 -149.193 -58.6171
0.204 -154.298 -58.4619
0.206 -159.118 -58.219
0.208 -163.649 -57.8907
0.21 -167.887 -57.4795
0.212 -171.83 -56.9881
0.214 -175.475 -56.4194
0.216 -178.82 -55.7763
0.218 -181.864 -55.0621
0.22 -184.607 -54.2798
0.222 -187.048 -53.433
0.224 -189.189 -52.525
0.226 -191.029 -51.5595
0.228 -192.572 -50.5401
0.23 -193.818 -49.4705
0.232 -194.772 -48.3545
0.234 -195.436 -47.1958
0.236 -195.815 -45.9984
0.238 -195.912 -44.7661
0.24 -195.732 -43.5028
0.242 -195.281 -42.2123
0.244 -194.565 -40.8986
0.246 -193.59 -39.5653
0.248 -192.362 -38.2165
0.25 -190.889 -36.8557
0.252 -189.177 -35.4868
0.254 -187.235 -34.1132
0.256 -185.071 -32.7387
0.258 -182.694 -31.3667
0.26 -180.111 -30.0004
0.262 -177.332 -28.6433
0.264 -174.366 -27.2985
0.266 -171.223 -25.969
0.268 -167.911 -24.6578
0.27 -164.442 -23.3676
0.272 -160.825 -22.1011
0.274 -157.069 -20.8608
0.276 -153.186 -19.6491
0.278 -149.185 -18.4682
0.28 -145.077 -17.3202
0.282 -140.871 -16.2069
0.284 -136.579 -15.1301
0.286 -132.21 -14.0914
0.288 -127.775 -13.0922
0.29 -123.283 -12.1338
0.292 -118.745 -11.2172
0.294 -114.171 -10.3434
0.296 -109.571 -9.51318
0.298 -104.953 -8.72705
0.3 -100.329 -7.9855
0.302 -95.7057 -7.28881
0.304 -91.0938 -6.63711
0.306 -86.5017 -6.03039
0.308 -81.9379 -5.46846
0.31 -77.4109 -4.95103
0.312 -72.9285 -4.47764
0.314 -68.4986 -4.04771
0.316 -64.1286 -3.66053
0.318 -59.8256 -3.31527
0.32 -55.5965 -3.01098
0.322 -51.4477 -2.7466
0.324 -47.3854 -2.52097
0.326 -43.4152 -2.33283
0.328 -39.5426 -2.18084
0.33 -35.7726 -2.06355
0.332 -32.1099 -1.97946
0.334 -28.5588 -1.92699
0.336 -25.1232 -1.90451
0.338 -21.8065 -1.91031
0.34 -18.6119 -1.94265
0.342 -15.5422 -1.99976
0.344 -12.5997 -2.07982
0.346 -9.78642 -2.181
0.348 -7.10391 -2.30142
0.35 -4.55341 -2.43923
0.352 -2.13578 -2.59256
0.354 0.1485 -2.75953
0.356 2.29931 -2.93828
0.358 4.31688 -3.12698
0.36 6.20177 -3.3238
0.362 7.9549 -3.52695
0.364 9.57751 -3.73467
0.366 11.0711 -3.94524
0.368 12.4376 -4.15701
0.37 13.6792 -4.36835
0.372 14.7981 -4.57769
0.374 15.7972 -4.78354
0.376 16.6794 -4.98447
0.378 17.4478 -5.17911
0.38 18.1058 -5.36617
0.382 18.6572 -5.54444
0.384 19.1055 -5.71279
0.386 19.4549 -5.87017
0.388 19.7095 -6.01562
0.39 19.8735 -6.14827
0.392 19.9513 -6.26734
0.394 19.9474 -6.37213
0.396 19.8664 -6.46205
0.398 19.713 -6.53659
0.4 19.492 -6.59536
0.402 19.2079 -6.63802
0.404 18.8658 -6.66437
0.406 18.4702 -6.67427
0.408 18.0261 -6.66769
0.41 17.5381 -6.64469
0.412 17.0109 -6.60541
0.414 16.4493 -6.55007
0.416 15.8577 -6.479
0.418 15.2406 -6.3926
0.42 14.6025 -6.29133
0.422 13.9475 -6.17575
0.424 13.2798 -6.04647
0.426 12.6034 -5.90419
0.428 11.9222 -5.74965
0.43 11.2397 -5.58367
0.432 10.5595 -5.4071
0.434 9.88489 -5.22085
0.436 9.21901 -5.02587
0.438 8.56477 -4.82316
0.44 7.92489 -4.61373
0.442 7.30187 -4.39863
0.444 6.69801 -4.17893
0.446 6.11535 -3.95571
0.448 5.55575 -3.73006
0.45 5.02083 -3.50308
0.452 4.51197 -3.27586
0.454 4.03033 -3.04947
0.456 3.57684 -2.82499
0.458 3.15222 -2.60346
0.46 2.75693 -2.3859
0.462 2.39124 -2.17329
0.464 2.05519 -1.96659
0.466 1.74861 -1.76671
0.468 1.47112 -1.57451
0.47 1.22214 -1.39079
0.472 1.0009 -1.21632
0.474 0.806431 -1.05177
0.476 0.637604 -0.897777
0.478 0.493112 -0.754901
0.48 0.371488 -0.623627
0.482 0.271121 -0.504367
0.484 0.190261 -0.397456
0.486 0.127032 -0.303149
0.488 0.0794463 -0.221621
0.49 0.045414 -0.152962
0.492 0.0227573 -0.0971806
0.494 0.0092237 -0.0541984
0.496 0.00249933 -0.0238531
0.498 0.000222974 -0.00589753
0.05 6.61829 3.5118
0.1 6.61821 3.5117
0.15 6.61807 3.51154
0.2 6.61788 3.51132
0.25 6.61764 3.51103
0.3 6.61734 3.51067
0.35 6.61699 3.51025
0.4 6.61659 3.50977
0.45 6.61613 3.50922
0.5 6.61561 3.50861
0.55 6.61504 3.50794
0.6 6.61441 3.50719
0.65 6.61373 3.50639
0.7 6.61299 3.50552
0.75 6.6122 3.50458
0.8 6.61135 3.50358
0.85 6.61044 3.50251
0.9 6.60947 3.50138
0.95 6.60844 3.50019
1 6.60735 3.49892
1.05 6.60621 3.4976
1.1 6.605 3.4962
1.15 6.60373 3.49474
1.2 6.6024 3.49322
1.25 6.60101 3.49163
1.3 6.59955 3.48997
1.35 6.59804 3.48824
1.4 6.59645 3.48645
1.45 6.5948 3.4846
1.5 6.59309 3.48267
1.55 6.5913 3.48068
1.6 6.58945 3.47862
1.65 6.58753 3.47649
1.7 6.58554 3.4743
1.75 6.58348 3.47204
1.8 6.58135 3.46971
1.85 6.57914 3.46731
1.9 6.57686 3.46484
1.95 6.57451 3.46231
2 6.57208 3.45971
2.05 6.56957 3.45703
2.1 6.56699 3.45429
2.15 6.56432 3.45148
2.2 6.56158 3.4486
2.25 6.55875 3.44565
2.3 6.55584 3.44262
2.35 6.55285 3.43953
2.4 6.54977 3.43637
2.45 6.54661 3.43314
2.5 6.54336 3.42983
2.55 6.54002 3.42646
2.6 6.53659 3.42301
2.65 6.53307 3.41949
2.7 6.52945 3.4159
2.75 6.52575 3.41224
2.8 6.52194 3.4085
2.85 6.51804 3.40469
2.9 6.51405 3.40081
2.95 6.50995 3.39686
3 6.50575 3.39283
3.05 6.50145 3.38873
3.1 6.49705 3.38455
3.15 6.49254 3.3803
3.2 6.48793 3.37598
3.25 6.4832 3.37158
3.3 6.47837 3.36711
3.35 6.47343 3.36256
3.4 6.46838 3.35794
3.45 6.46322 3.35324
3.5 6.45793 3.34847
3.55 6.45254 3.34362
3.6 6.44702 3.33869
3.65 6.44139 3.33369
3.7 6.43564 3.32861
3.75 6.42976 3.32345
3.8 6.42377 3.31822
3.85 6.41764 3.31291
3.9 6.41139 3.30752
3.95 6.40502 3.30206
4 6.39851 3.29652
4.05 6.39188 3.2909
4.1 6.38511 3.2852
4.15 6.37821 3.27942
4.2 6.37118 3.27357
4.25 6.36401 3.26763
4.3 6.3567 3.26162
4.35 6.34925 3.25553
4.4 6.34167 3.24936
4.45 6.33394 3.24311
4.5 6.32607 3.23679
4.55 6.31806 3.23038
4.6 6.3099 3.22389
4.65 6.30159 3.21733
4.7 6.29314 3.21068
4.75 6.28454 3.20396
4.8 6.27579 3.19716
4.85 6.26689 3.19027
4.9 6.25783 3.18331
4.95 6.24862 3.17627
5 6.23925 3.16914
5.05 6.22973 3.16194
5.1 6.22005 3.15466
5.15 6.21022 3.14729
5.2 6.20022 3.13985
5.25 6.19006 3.13233
5.3 6.17974 3.12473
5.35 6.16926 3.11704
5.4 6.15862 3.10928
5.45 6.14781 3.10144
5.5 6.13683 3.09352
5.55 6.12569 3.08552
5.6 6.11438 3.07744
5.65 6.1029 3.06928
5.7 6.09125 3.06104
5.75 6.07943 3.05272
5.8 6.06744 3.04432
5.85 6.05528 3.03585
5.9 6.04295 3.02729
5.95 6.03044 3.01866
6 6.01776 3.00995
6.05 6.00491 3.00116
6.1 5.99188 2.99229
6.15 5.97867 2.98334
6.2 5.96529 2.97432
6.25 5.95173 2.96522
6.3 5.93799 2.95604
6.35 5.92408 2.94679
6.4 5.90998 2.93746
6.45 5.89571 2.92805
6.5 5.88126 2.91857
6.55 5.86663 2.90901
6.6 5.85182 2.89938
6.65 5.83683 2.88967
6.7 5.82166 2.87989
6.75 5.80631 2.87003
6.8 5.79078 2.8601
6.85 5.77507 2.8501
6.9 5.75918 2.84002
6.95 5.74311 2.82988
7 5.72685 2.81965
7.05 5.71042 2.80936
7.1 5.69381 2.799
7.15 5.67701 2.78857
7.2 5.66003 2.77806
7.25 5.64288 2.76749
7.3 5.62554 2.75685
7.35 5.60803 2.74614
7.4 5.59033 2.73536
7.45 5.57246 2.72452
7.5 5.5544 2.7136
7.55 5.53617 2.70263
7.6 5.51776 2.69158
7.65 5.49918 2.68047
7.7 5.48041 2.6693
7.75 5.46147 2.65807
7.8 5.44236 2.64677
7.85 5.42307 2.63541
7.9 5.4036 2.62398
7.95 5.38397 2.6125
8 5.36416 2.60096
8.05 5.34417 2.58936
8.1 5.32402 2.57769
8.15 5.30369 2.56598
8.2 5.2832 2.5542
8.25 5.26254 2.54237
8.3 5.24171 2.53048
8.35 5.22072 2.51854
8.4 5.19956 2.50654
8.45 5.17823 2.4945
8.5 5.15674 2.4824
8.55 5.1351 2.47025
8.6 5.11329 2.45804
8.65 5.09132 2.44579
8.7 5.06919 2.43349
8.75 5.04691 2.42115
8.8 5.02447 2.40875
8.85 5.00188 2.39631
8.9 4.97914 2.38383
8.95 4.95625 2.3713
9 4.93321 2.35873
9.05 4.91002 2.34612
9.1 4.88668 2.33347
9.15 4.8632 2.32077
9.2 4.83958 2.30804
9.25 4.81582 2.29527
9.3 4.79192 2.28247
9.35 4.76788 2.26963
9.4 4.7437 2.25675
9.45 4.7194 2.24384
9.5 4.69496 2.2309
9.55 4.67039 2.21792
9.6 4.64569 2.20492
9.65 4.62087 2.19189
9.7 4.59593 2.17883
9.75 4.57086 2.16574
9.8 4.54568 2.15263
9.85 4.52037 2.13949
9.9 4.49495 2.12632
9.95 4.46942 2.11314
10 4.44378 2.09993
10.05 4.41803 2.08671
10.1 4.39217 2.07346
10.15 4.36621 2.0602
10.2 4.34015 2.04692
10.25 4.31399 2.03363
10.3 4.28773 2.02032
10.35 4.26138 2.007
10.4 4.23493 1.99367
10.45 4.2084 1.98032
10.5 4.18177 1.96697
10.55 4.15507 1.95361
10.6 4.12828 1.94024
10.65 4.10141 1.92686
10.7 4.07446 1.91348
10.75 4.04744 1.9001
10.8 4.02035 1.88672
10.85 3.99319 1.87333
10.9 3.96596 1.85995
10.95 3.93867 1.84656
11 3.91131 1.83318
11.05 3.8839 1.81981
11.1 3.85643 1.80644
11.15 3.82891 1.79307
11.2 3.80134 1.77972
11.25 3.77372 1.76637
11.3 3.74605 1.75303
11.35 3.71834 1.73971
11.4 3.69059 1.72639
11.45 3.66281 1.71309
11.5 3.63499 1.69981
11.55 3.60714 1.68654
11.6 3.57926 1.67329
11.65 3.55136 1.66006
11.7 3.52343 1.64685
11.75 3.49549 1.63366
11.8 3.46752 1.62049
11.85 3.43954 1.60735
11.9 3.41155 1.59423
11.95 3.38355 1.58114
12 3.35555 1.56807
12.05 3.32754 1.55503
12.1 3.29953 1.54203
12.15 3.27153 1.52905
12.2 3.24353 1.51611
12.25 3.21554 1.50319
12.3 3.18756 1.49032
12.35 3.15959 1.47748
12.4 3.13165 1.46467
12.45 3.10372 1.45191
12.5 3.07581 1.43918
12.55 3.04793 1.42649
12.6 3.02008 1.41384
12.65 2.99226 1.40124
12.7 2.96447 1.38868
12.75 2.93672 1.37616
12.8 2.909 1.36369
12.85 2.88133 1.35127
12.9 2.85371 1.33889
12.95 2.82613 1.32656
13 2.79861 1.31428
13.05 2.77113 1.30206
13.1 2.74371 1.28988
13.15 2.71635 1.27776
13.2 2.68906 1.26569
13.25 2.66182 1.25368
13.3 2.63465 1.24172
13.35 2.60755 1.22982
13.4 2.58053 1.21798
13.45 2.55357 1.20619
13.5 2.5267 1.19447
13.55 2.4999 1.1828
13.6 2.47319 1.1712
13.65 2.44656 1.15966
13.7 2.42001 1.14818
13.75 2.39356 1.13677
13.8 2.3672 1.12542
13.85 2.34093 1.11414
13.9 2.31476 1.10292
13.95 2.28869 1.09177
14 2.26272 1.08069
14.05 2.23686 1.06968
14.1 2.2111 1.05874
14.15 2.18544 1.04787
14.2 2.1599 1.03707
14.25 2.13448 1.02634
14.3 2.10916 1.01569
14.35 2.08397 1.0051
14.4 2.05889 0.994595
14.45 2.03394 0.984161
14.5 2.00911 0.973803
14.55 1.9844 0.96352
14.6 1.95982 0.953314
14.65 1.93538 0.943185
14.7 1.91106 0.933134
14.75 1.88688 0.923161
14.8 1.86283 0.913266
14.85 1.83892 0.903451
14.9 1.81515 0.893715
14.95 1.79152 0.88406
15 1.76803 0.874485
15.05 1.74469 0.864992
15.1 1.72149 0.85558
15.15 1.69844 0.84625
15.2 1.67554 0.837002
15.25 1.65279 0.827838
15.3 1.6302 0.818756
15.35 1.60776 0.809758
15.4 1.58547 0.800844
15.45 1.56334 0.792013
15.5 1.54137 0.783268
15.55 1.51956 0.774607
15.6 1.4979 0.76603
15.65 1.47642 0.75754
15.7 1.45509 0.749134
15.75 1.43393 0.740814
15.8 1.41294 0.73258
15.85 1.39211 0.724432
15.9 1.37145 0.71637
15.95 1.35096 0.708394
16 1.33064 0.700505
16.05 1.3105 0.692702
16.1 1.29052 0.684985
16.15 1.27072 0.677355
16.2 1.25109 0.669812
16.25 1.23164 0.662356
16.3 1.21236 0.654986
16.35 1.19326 0.647703
16.4 1.17434 0.640506
16.45 1.15559 0.633396
16.5 1.13702 0.626373
16.55 1.11864 0.619436
16.6 1.10043 0.612585
16.65 1.0824 0.605821
16.7 1.06455 0.599143
16.75 1.04689 0.592551
16.8 1.0294 0.586044
16.85 1.0121 0.579624
16.9 0.994979 0.573288
16.95 0.978042 0.567038
17 0.961287 0.560873
17.05 0.944715 0.554793
17.1 0.928327 0.548797
17.15 0.912122 0.542886
17.2 0.8961 0.537058
17.25 0.880263 0.531314
17.3 0.864609 0.525653
17.35 0.849138 0.520076
17.4 0.833851 0.514581
17.45 0.818748 0.509168
17.5 0.803828 0.503837
17.55 0.789091 0.498587
17.6 0.774538 0.493419
17.65 0.760167 0.488331
17.7 0.745979 0.483324
17.75 0.731973 0.478396
17.8 0.718149 0.473547
17.85 0.704507 0.468777
17.9 0.691047 0.464086
17.95 0.677767 0.459472
18 0.664667 0.454936
18.05 0.651748 0.450476
18.1 0.639008 0.446093
18.15 0.626446 0.441785
18.2 0.614063 0.437552
18.25 0.601858 0.433394
18.3 0.58983 0.429309
18.35 0.577978 0.425298
18.4 0.566301 0.42136
18.45 0.5548 0.417494
18.5 0.543472 0.413699
18.55 0.532318 0.409975
18.6 0.521336 0.406321
18.65 0.510526 0.402736
18.7 0.499887 0.39922
18.75 0.489418 0.395773
18.8 0.479117 0.392393
18.85 0.468985 0.389079
18.9 0.459019 0.385831
18.95 0.449219 0.382649
19 0.439585 0.379531
19.05 0.430114 0.376477
19.1 0.420806 0.373486
19.15 0.411659 0.370558
19.2 0.402673 0.367691
19.25 0.393847 0.364884
19.3 0.385179 0.362138
19.35 0.376667 0.359451
19.4 0.368312 0.356822
19.45 0.360111 0.354251
19.5 0.352063 0.351737
19.55 0.344167 0.349279
19.6 0.336422 0.346876
19.65 0.328827 0.344528
19.7 0.321379 0.342233
19.75 0.314078 0.339991
19.8 0.306923 0.337801
19.85 0.299911 0.335662
19.9 0.293042 0.333574
19.95 0.286315 0.331535
20 0.279726 0.329544
20.05 0.273276 0.327602
20.1 0.266963 0.325706
20.15 0.260786 0.323856
20.2 0.254742 0.322052
20.25 0.24883 0.320292
20.3 0.243049 0.318576
20.35 0.237398 0.316902
20.4 0.231874 0.31527
20.45 0.226477 0.313679
20.5 0.221204 0.312129
20.55 0.216054 0.310618
20.6 0.211026 0.309145
20.65 0.206118 0.307709
20.7 0.201329 0.306311
20.75 0.196656 0.304948
20.8 0.192098 0.303621
20.85 0.187654 0.302327
20.9 0.183323 0.301067
20.95 0.179101 0.29984
21 0.174989 0.298644
21.05 0.170983 0.297479
21.1 0.167083 0.296344
21.15 0.163287 0.295238
21.2 0.159594 0.29416
21.25 0.156001 0.29311
21.3 0.152507 0.292087
21.35 0.149111 0.291089
21.4 0.145811 0.290117
21.45 0.142604 0.289168
21.5 0.139491 0.288243
21.55 0.136468 0.287341
21.6 0.133534 0.28646
21.65 0.130689 0.285601
21.7 0.127929 0.284762
21.75 0.125254 0.283942
21.8 0.122662 0.283141
21.85 0.120151 0.282357
21.9 0.11772 0.281591
21.95 0.115366 0.280842
22 0.11309 0.280107
22.05 0.110888 0.279388
22.1 0.108759 0.278683
22.15 0.106703 0.277991
22.2 0.104716 0.277312
22.25 0.102798 0.276645
22.3 0.100947 0.275989
22.35 0.0991619 0.275344
22.4 0.0974406 0.274708
22.45 0.0957819 0.274082
22.5 0.0941841 0.273464
22.55 0.0926458 0.272854
22.6 0.0911655 0.272251
22.65 0.0897417 0.271655
22.7 0.088373 0.271064
22.75 0.0870578 0.270479
22.8 0.0857949 0.269898
22.85 0.0845826 0.269322
22.9 0.0834196 0.268748
22.95 0.0823045 0.268178
23 0.0812359 0.267609
23.05 0.0802124 0.267043
23.1 0.0792326 0.266477
23.15 0.0782952 0.265911
23.2 0.0773989 0.265346
23.25 0.0765423 0.26478
23.3 0.0757241 0.264213
23.35 0.074943 0.263644
23.4 0.0741977 0.263073
23.45 0.073487 0.262499
23.5 0.0728096 0.261922
23.55 0.0721643 0.261341
23.6 0.0715498 0.260756
23.65 0.070965 0.260167
23.7 0.0704087 0.259573
23.75 0.0698796 0.258973
23.8 0.0693768 0.258367
23.85 0.0688989 0.257755
23.9 0.068445 0.257136
23.95 0.0680138 0.25651
24 0.0676043 0.255876
24.05 0.0672155 0.255235
24.1 0.0668463 0.254585
24.15 0.0664957 0.253927
24.2 0.0661626 0.25326
24.25 0.0658461 0.252583
24.3 0.0655452 0.251897
24.35 0.0652589 0.251201
24.4 0.0649863 0.250495
24.45 0.0647264 0.249779
24.5 0.0644784 0.249051
24.55 0.0642414 0.248313
24.6 0.0640146 0.247563
24.65 0.0637969 0.246802
24.7 0.0635878 0.246029
24.75 0.0633862 0.245244
24.8 0.0631915 0.244447
24.85 0.0630029 0.243637
24.9 0.0628196 0.242815
24.95 0.0626408 0.24198
25 0.0624659 0.241133
25.05 0.0622942 0.240272
25.1 0.062125 0.239398
25.15 0.0619576 0.23851
25.2 0.0617914 0.237609
25.25 0.0616257 0.236695
25.3 0.06146 0.235767
25.35 0.0612937 0.234825
25.4 0.0611262 0.233869
25.45 0.0609569 0.232899
25.5 0.0607854 0.231915
25.55 0.0606111 0.230917
25.6 0.0604335 0.229904
25.65 0.0602521 0.228878
25.7 0.0600665 0.227837
25.75 0.0598763 0.226783
25.8 0.059681 0.225714
25.85 0.0594801 0.22463
25.9 0.0592735 0.223533
25.95 0.0590605 0.222421
26 0.058841 0.221296
26.05 0.0586145 0.220156
26.1 0.0583807 0.219002
26.15 0.0581394 0.217834
26.2 0.0578903 0.216652
26.25 0.057633 0.215456
26.3 0.0573673 0.214246
26.35 0.057093 0.213023
26.4 0.0568099 0.211786
26.45 0.0565178 0.210535
26.5 0.0562164 0.209271
26.55 0.0559056 0.207994
26.6 0.0555852 0.206703
26.65 0.0552551 0.2054
26.7 0.0549151 0.204083
26.75 0.0545652 0.202754
26.8 0.0542052 0.201413
26.85 0.053835 0.200059
26.9 0.0534547 0.198692
26.95 0.053064 0.197314
27 0.0526629 0.195924
27.05 0.0522515 0.194522
27.1 0.0518297 0.193108
27.15 0.0513975 0.191683
27.2 0.0509548 0.190247
27.25 0.0505018 0.188801
27.3 0.0500384 0.187343
27.35 0.0495647 0.185875
27.4 0.0490807 0.184397
27.45 0.0485864 0.182909
27.5 0.0480821 0.181411
27.55 0.0475677 0.179904
27.6 0.0470433 0.178387
27.65 0.046509 0.176862
27.7 0.0459651 0.175327
27.75 0.0454115 0.173784
27.8 0.0448484 0.172233
27.85 0.0442759 0.170674
27.9 0.0436943 0.169108
27.95 0.0431036 0.167533
28 0.0425041 0.165952
28.05 0.0418959 0.164364
28.1 0.0412792 0.162769
28.15 0.0406542 0.161168
28.2 0.040021 0.159561
28.25 0.03938 0.157949
28.3 0.0387313 0.156331
28.35 0.0380751 0.154708
28.4 0.0374117 0.15308
28.45 0.0367412 0.151447
28.5 0.036064 0.14981
28.55 0.0353803 0.14817
28.6 0.0346903 0.146526
28.65 0.0339942 0.144878
28.7 0.0332924 0.143228
28.75 0.0325851 0.141575
28.8 0.0318726 0.139919
28.85 0.0311551 0.138262
28.9 0.0304329 0.136602
28.95 0.0297064 0.134942
29 0.0289757 0.13328
29.05 0.0282411 0.131617
29.1 0.0275031 0.129954
29.15 0.0267617 0.128291
29.2 0.0260174 0.126628
29.25 0.0252704 0.124965
29.3 0.0245211 0.123303
29.35 0.0237697 0.121642
29.4 0.0230165 0.119983
29.45 0.0222618 0.118325
29.5 0.021506 0.116669
29.55 0.0207493 0.115016
29.6 0.0199921 0.113365
29.65 0.0192345 0.111717
29.7 0.018477 0.110072
29.75 0.0177199 0.10843
29.8 0.0169634 0.106793
29.85 0.0162078 0.105159
29.9 0.0154535 0.10353
29.95 0.0147008 0.101906
30 0.0139499 0.100287
30.05 0.0132011 0.0986723
30.1 0.0124547 0.0970636
30.15 0.0117111 0.0954608
30.2 0.0109706 0.093864
30.25 0.0102333 0.0922736
30.3 0.00949961 0.0906898
30.35 0.00876982 0.0891129
30.4 0.00804419 0.0875432
30.45 0.007323 0.085981
30.5 0.00660653 0.0844264
30.55 0.00589505 0.0828798
30.6 0.00518883 0.0813414
30.65 0.00448813 0.0798114
30.7 0.00379322 0.0782902
30.75 0.00310436 0.0767778
30.8 0.00242179 0.0752747
30.85 0.00174576 0.073781
30.9 0.00107653 0.0722969
30.95 0.000414337 0.0708226
31 -0.000240588 0.0693585
31.05 -0.00088801 0.0679046
31.1 -0.0015277 0.0664613
31.15 -0.00215944 0.0650286
31.2 -0.00278301 0.063607
31.25 -0.0033982 0.0621964
31.3 -0.00400479 0.0607972
31.35 -0.00460259 0.0594094
31.4 -0.00519141 0.0580334
31.45 -0.00577104 0.0566693
31.5 -0.0063413 0.0553172
31.55 -0.00690202 0.0539773
31.6 -0.00745302 0.0526498
31.65 -0.00799412 0.0513349
31.7 -0.00852517 0.0500328
31.75 -0.00904601 0.0487434
31.8 -0.00955649 0.0474671
31.85 -0.0100565 0.046204
31.9 -0.0105458 0.0449542
31.95 -0.0110243 0.0437178
32 -0.0114919 0.0424949
32.05 -0.0119485 0.0412857
32.1 -0.012394 0.0400904
32.15 -0.0128282 0.0389089
32.2 -0.013251 0.0377415
32.25 -0.0136624 0.0365882
32.3 -0.0140622 0.0354491
32.35 -0.0144504 0.0343244
32.4 -0.0148269 0.033214
32.45 -0.0151917 0.0321181
32.5 -0.0155445 0.0310368
32.55 -0.0158855 0.0299702
32.6 -0.0162145 0.0289182
32.65 -0.0165316 0.027881
32.7 -0.0168365 0.0268586
32.75 -0.0171294 0.0258512
32.8 -0.0174103 0.0248586
32.85 -0.0176789 0.023881
32.9 -0.0179355 0.0229184
32.95 -0.0181799 0.0219709
33 -0.0184121 0.0210384
33.05 -0.0186322 0.020121
33.1 -0.0188401 0.0192187
33.15 -0.019036 0.0183316
33.2 -0.0192197 0.0174595
33.25 -0.0193913 0.0166026
33.3 -0.0195509 0.0157609
33.35 -0.0196985 0.0149343
33.4 -0.0198341 0.0141228
33.45 -0.0199578 0.0133264
33.5 -0.0200697 0.012545
33.55 -0.0201697 0.0117788
33.6 -0.020258 0.0110276
33.65 -0.0203347 0.0102913
33.7 -0.0203998 0.00957008
33.75 -0.0204533 0.00886374
33.8 -0.0204955 0.00817229
33.85 -0.0205263 0.00749566
33.9 -0.0205459 0.0068338
33.95 -0.0205544 0.00618666
34 -0.0205519 0.00555418
34.05 -0.0205384 0.00493628
34.1 -0.0205142 0.0043329
34.15 -0.0204793 0.00374396
34.2 -0.0204339 0.00316939
34.25 -0.020378 0.00260911
34.3 -0.0203119 0.00206303
34.35 -0.0202356 0.00153106
34.4 -0.0201494 0.00101311
34.45 -0.0200533 0.000509088
34.5 -0.0199474 1.88896e-05
34.55 -0.019832 -0.000457585
34.6 -0.0197073 -0.000920441
34.65 -0.0195733 -0.00136979
34.7 -0.0194302 -0.00180574
34.75 -0.0192782 -0.0022284
34.8 -0.0191175 -0.0026379
34.85 -0.0189482 -0.00303436
34.9 -0.0187705 -0.0034179
34.95 -0.0185846 -0.00378864
35 -0.0183908 -0.00414671
35.05 -0.018189 -0.00449225
35.1 -0.0179796 -0.0048254
35.15 -0.0177628 -0.00514627
35.2 -0.0175386 -0.00545503
35.25 -0.0173074 -0.00575179
35.3 -0.0170693 -0.00603672
35.35 -0.0168246 -0.00630996
35.4 -0.0165733 -0.00657164
35.45 -0.0163157 -0.00682193
35.5 -0.0160521 -0.00706098
35.55 -0.0157825 -0.00728893
35.6 -0.0155073 -0.00750594
35.65 -0.0152267 -0.00771217
35.7 -0.0149407 -0.00790777
35.75 -0.0146497 -0.00809292
35.8 -0.0143538 -0.00826776
35.85 -0.0140533 -0.00843246
35.9 -0.0137484 -0.00858718
35.95 -0.0134393 -0.00873209
36 -0.0131261 -0.00886736
36.05 -0.0128091 -0.00899315
36.1 -0.0124886 -0.00910962
36.15 -0.0121646 -0.00921696
36.2 -0.0118375 -0.00931532
36.25 -0.0115075 -0.00940488
36.3 -0.0111747 -0.00948582
36.35 -0.0108393 -0.00955829
36.4 -0.0105017 -0.00962247
36.45 -0.0101619 -0.00967854
36.5 -0.00982015 -0.00972667
36.55 -0.00947673 -0.00976703
36.6 -0.00913182 -0.00979979
36.65 -0.00878561 -0.00982513
36.7 -0.0084383 -0.00984322
36.75 -0.00809011 -0.00985424
36.8 -0.00774122 -0.00985836
36.85 -0.00739185 -0.00985574
36.9 -0.00704218 -0.00984657
36.95 -0.00669241 -0.00983102
37 -0.00634274 -0.00980925
37.05 -0.00599336 -0.00978145
37.1 -0.00564446 -0.00974778
37.15 -0.00529622 -0.00970841
37.2 -0.00494884 -0.00966351
37.25 -0.0046025 -0.00961326
37.3 -0.00425738 -0.00955781
37.35 -0.00391365 -0.00949735
37.4 -0.00357151 -0.00943203
37.45 -0.00323111 -0.00936202
37.5 -0.00289264 -0.00928749
37.55 -0.00255625 -0.0092086
37.6 -0.00222213 -0.00912552
37.65 -0.00189042 -0.0090384
37.7 -0.0015613 -0.0089474
37.75 -0.00123492 -0.0088527
37.8 -0.000911432 -0.00875443
37.85 -0.000590991 -0.00865276
37.9 -0.000273746 -0.00854785
37.95 4.0159e-05 -0.00843985
38 0.000350581 -0.0083289
38.05 0.00065738 -0.00821517
38.1 0.000960422 -0.0080988
38.15 0.00125957 -0.00797994
38.2 0.00155471 -0.00785873
38.25 0.00184569 -0.00773531
38.3 0.00213242 -0.00760983
38.35 0.00241475 -0.00748244
38.4 0.00269259 -0.00735326
38.45 0.00296581 -0.00722244
38.5 0.00323432 -0.0070901
38.55 0.003498 -0.00695639
38.6 0.00375676 -0.00682142
38.65 0.0040105 -0.00668534
38.7 0.00425912 -0.00654827
38.75 0.00450254 -0.00641033
38.8 0.00474068 -0.00627164
38.85 0.00497344 -0.00613233
38.9 0.00520076 -0.00599251
38.95 0.00542255 -0.00585231
39 0.00563875 -0.00571182
39.05 0.0058493 -0.00557117
39.1 0.00605412 -0.00543046
39.15 0.00625316 -0.0052898
39.2 0.00644637 -0.0051493
39.25 0.00663369 -0.00500906
39.3 0.00681507 -0.00486918
39.35 0.00699048 -0.00472975
39.4 0.00715987 -0.00459087
39.45 0.00732321 -0.00445264
39.5 0.00748046 -0.00431515
39.55 0.0076316 -0.00417848
39.6 0.0077766 -0.00404272
39.65 0.00791544 -0.00390795
39.7 0.0080481 -0.00377426
39.75 0.00817457 -0.00364173
39.8 0.00829484 -0.00351042
39.85 0.0084089 -0.00338043
39.9 0.00851675 -0.00325181
39.95 0.00861839 -0.00312463
40 0.00871383 -0.00299898
40.05 0.00880307 -0.0028749
40.1 0.00888613 -0.00275246
40.15 0.00896301 -0.00263172
40.2 0.00903375 -0.00251274
40.25 0.00909835 -0.00239558
40.3 0.00915684 -0.00228028
40.35 0.00920926 -0.0021669
40.4 0.00925563 -0.00205549
40.45 0.00929599 -0.00194609
40.5 0.00933038 -0.00183875
40.55 0.00935883 -0.0017335
40.6 0.00938139 -0.00163039
40.65 0.00939811 -0.00152945
40.7 0.00940904 -0.00143071
40.75 0.00941423 -0.00133422
40.8 0.00941374 -0.00124
40.85 0.00940762 -0.00114808
40.9 0.00939593 -0.00105848
40.95 0.00937874 -0.00097123
41 0.00935612 -0.000886349
41.05 0.00932814 -0.000803857
41.1 0.00929485 -0.000723772
41.15 0.00925635 -0.000646108
41.2 0.00921271 -0.00057088
41.25 0.00916399 -0.000498099
41.3 0.0091103 -0.000427774
41.35 0.0090517 -0.000359913
41.4 0.00898828 -0.00029452
41.45 0.00892013 -0.000231601
41.5 0.00884734 -0.000171157
41.55 0.00877 -0.000113187
41.6 0.0086882 -5.76898e-05
41.65 0.00860204 -4.66226e-06
41.7 0.00851161 4.59012e-05
41.75 0.00841701 9.40076e-05
41.8 0.00831834 0.000139666
41.85 0.0082157 0.000182886
41.9 0.00810919 0.00022368
41.95 0.00799892 0.000262061
42 0.00788499 0.000298044
42.05 0.00776751 0.000331647
42.1 0.00764658 0.000362886
42.15 0.00752231 0.000391782
42.2 0.00739482 0.000418355
42.25 0.0072642 0.000442627
42.3 0.00713058 0.000464622
42.35 0.00699406 0.000484365
42.4 0.00685476 0.000501882
42.45 0.00671278 0.0005172
42.5 0.00656826 0.000530348
42.55 0.00642128 0.000541354
42.6 0.00627198 0.000550251
42.65 0.00612047 0.000557069
42.7 0.00596685 0.000561842
42.75 0.00581126 0.000564603
42.8 0.00565379 0.000565387
42.85 0.00549457 0.000564231
42.9 0.00533372 0.000561169
42.95 0.00517135 0.000556241
43 0.00500756 0.000549483
43.05 0.00484249 0.000540936
43.1 0.00467624 0.000530638
43.15 0.00450894 0.000518631
43.2 0.00434068 0.000504955
43.25 0.00417159 0.000489652
43.3 0.00400178 0.000472765
43.35 0.00383136 0.000454335
43.4 0.00366044 0.000434408
43.45 0.00348914 0.000413026
43.5 0.00331757 0.000390233
43.55 0.00314583 0.000366075
43.6 0.00297403 0.000340597
43.65 0.00280229 0.000313843
43.7 0.0026307 0.00028586
43.75 0.00245938 0.000256693
43.8 0.00228843 0.000226388
43.85 0.00211795 0.000194993
43.9 0.00194805 0.000162553
43.95 0.00177882 0.000129115
44 0.00161037 9.47265e-05
44.05 0.00144279 5.94332e-05
44.1 0.00127619 2.32823e-05
44.15 0.00111065 -1.36794e-05
44.2 0.000946269 -5.14051e-05
44.25 0.000783145 -8.9848e-05
44.3 0.000621366 -0.000128962
44.35 0.000461021 -0.0001687
44.4 0.000302197 -0.000209015
44.45 0.000144982 -0.000249863
44.5 -1.05412e-05 -0.000291196
44.55 -0.00016429 -0.00033297
44.6 -0.000316183 -0.000375139
44.65 -0.000466141 -0.000417657
44.7 -0.000614088 -0.00046048
44.75 -0.000759949 -0.000503564
44.8 -0.00090365 -0.000546865
44.85 -0.00104512 -0.000590338
44.9 -0.00118429 -0.000633942
44.95 -0.00132109 -0.000677632
45 -0.00145546 -0.000721367
45.05 -0.00158733 -0.000765105
45.1 -0.00171665 -0.000808806
45.15 -0.00184335 -0.000852427
45.2 -0.00196737 -0.000895929
45.25 -0.00208867 -0.000939273
45.3 -0.00220719 -0.000982419
45.35 -0.00232287 -0.00102533
45.4 -0.00243568 -0.00106797
45.45 -0.00254556 -0.00111029
45.5 -0.00265247 -0.00115227
45.55 -0.00275637 -0.00119387
45.6 -0.00285722 -0.00123505
45.65 -0.00295498 -0.00127578
45.7 -0.00304962 -0.00131603
45.75 -0.0031411 -0.00135575
45.8 -0.0032294 -0.00139493
45.85 -0.00331448 -0.00143353
45.9 -0.00339631 -0.00147151
45.95 -0.00347489 -0.00150886
46 -0.00355017 -0.00154553
46.05 -0.00362215 -0.00158151
46.1 -0.0036908 -0.00161677
46.15 -0.00375612 -0.00165127
46.2 -0.00381808 -0.001685
46.25 -0.00387668 -0.00171793
46.3 -0.00393191 -0.00175004
46.35 -0.00398376 -0.00178129
46.4 -0.00403223 -0.00181168
46.45 -0.00407732 -0.00184118
46.5 -0.00411902 -0.00186978
46.55 -0.00415734 -0.00189744
46.6 -0.00419228 -0.00192415
46.65 -0.00422385 -0.0019499
46.7 -0.00425205 -0.00197467
46.75 -0.0042769 -0.00199845
46.8 -0.00429842 -0.00202121
46.85 -0.0043166 -0.00204295
46.9 -0.00433148 -0.00206365
46.95 -0.00434306 -0.0020833
47 -0.00435137 -0.00210189
47.05 -0.00435644 -0.0021194
47.1 -0.00435827 -0.00213584
47.15 -0.00435691 -0.00215119
47.2 -0.00435238 -0.00216544
47.25 -0.0043447 -0.00217859
47.3 -0.00433391 -0.00219063
47.35 -0.00432004 -0.00220156
47.4 -0.00430312 -0.00221137
47.45 -0.00428319 -0.00222006
47.5 -0.0042603 -0.00222763
47.55 -0.00423447 -0.00223407
47.6 -0.00420575 -0.00223939
47.65 -0.00417418 -0.00224358
47.7 -0.0041398 -0.00224665
47.75 -0.00410266 -0.0022486
47.8 -0.00406281 -0.00224943
47.85 -0.00402029 -0.00224914
47.9 -0.00397516 -0.00224775
47.95 -0.00392746 -0.00224524
48 -0.00387724 -0.00224164
48.05 -0.00382456 -0.00223695
48.1 -0.00376947 -0.00223117
48.15 -0.00371203 -0.00222431
48.2 -0.00365228 -0.00221638
48.25 -0.0035903 -0.00220739
48.3 -0.00352614 -0.00219735
48.35 -0.00345985 -0.00218628
48.4 -0.0033915 -0.00217417
48.45 -0.00332115 -0.00216105
48.5 -0.00324886 -0.00214693
48.55 -0.00317468 -0.00213182
48.6 -0.00309869 -0.00211574
48.65 -0.00302095 -0.0020987
48.7 -0.00294152 -0.00208071
48.75 -0.00286047 -0.00206179
48.8 -0.00277786 -0.00204196
48.85 -0.00269376 -0.00202123
48.9 -0.00260824 -0.00199963
48.95 -0.00252136 -0.00197716
49 -0.00243318 -0.00195385
49.05 -0.00234378 -0.00192972
49.1 -0.00225323 -0.00190478
49.15 -0.00216159 -0.00187906
49.2 -0.00206893 -0.00185257
49.25 -0.00197532 -0.00182534
49.3 -0.00188083 -0.00179739
49.35 -0.00178552 -0.00176873
49.4 -0.00168947 -0.00173939
49.45 -0.00159274 -0.0017094
49.5 -0.00149541 -0.00167876
49.55 -0.00139753 -0.00164751
49.6 -0.00129918 -0.00161567
49.65 -0.00120043 -0.00158326
49.7 -0.00110134 -0.0015503
49.75 -0.00100198 -0.00151683
49.8 -0.000902426 -0.00148285
49.85 -0.000802735 -0.0014484
49.9 -0.000702976 -0.00141349
49.95 -0.000603215 -0.00137816
50 -0.000503518 -0.00134243
