-0.498 -0.000215535 -8.06714e-05
-0.496 -0.000852308 -0.000312308
-0.494 -0.0018949 -0.000679242
-0.492 -0.00332708 -0.00116574
-0.49 -0.00513192 -0.00175611
-0.488 -0.00729192 -0.00243477
-0.486 -0.00978912 -0.00318635
-0.484 -0.0126052 -0.00399574
-0.482 -0.0157216 -0.00484821
-0.48 -0.0191198 -0.00572945
-0.478 -0.022781 -0.00662563
-0.476 -0.0266867 -0.00752348
-0.474 -0.0308186 -0.00841032
-0.472 -0.0351587 -0.00927412
-0.47 -0.0396894 -0.0101035
-0.468 -0.0443936 -0.0108878
-0.466 -0.0492548 -0.0116172
-0.464 -0.0542572 -0.0122825
-0.462 -0.0593856 -0.0128753
-0.46 -0.064626 -0.013388
-0.458 -0.0699647 -0.0138137
-0.456 -0.0753895 -0.0141463
-0.454 -0.0808888 -0.0143805
-0.452 -0.0864521 -0.0145116
-0.45 -0.0920701 -0.0145357
-0.448 -0.0977344 -0.0144495
-0.446 -0.103438 -0.0142502
-0.444 -0.109174 -0.0139358
-0.442 -0.114938 -0.0135047
-0.44 -0.120725 -0.0129558
-0.438 -0.126534 -0.0122882
-0.436 -0.132361 -0.0115017
-0.434 -0.138207 -0.0105961
-0.432 -0.144071 -0.00957145
-0.43 -0.149954 -0.00842804
-0.428 -0.155859 -0.00716615
-0.426 -0.161787 -0.00578606
-0.424 -0.167744 -0.00428794
-0.422 -0.173732 -0.00267182
-0.42 -0.179757 -0.000937471
-0.418 -0.185824 0.000915639
-0.416 -0.19194 0.00288845
-0.414 -0.198111 0.00498236
-0.412 -0.204342 0.00719931
-0.41 -0.210642 0.00954185
-0.408 -0.217017 0.0120132
-0.406 -0.223473 0.0146173
-0.404 -0.230019 0.0173589
-0.402 -0.236659 0.0202437
-0.4 -0.243402 0.023278
-0.398 -0.250252 0.0264694
-0.396 -0.257215 0.0298263
-0.394 -0.264296 0.033358
-0.392 -0.271499 0.037075
-0.39 -0.278827 0.0409888
-0.388 -0.286283 0.045112
-0.386 -0.293868 0.0494582
-0.384 -0.301582 0.0540421
-0.382 -0.309424 0.0588793
-0.38 -0.317392 0.0639865
-0.378 -0.325483 0.0693815
-0.376 -0.333691 0.0750828
-0.374 -0.342009 0.0811099
-0.372 -0.350431 0.0874832
-0.37 -0.358946 0.0942237
-0.368 -0.367542 0.101353
-0.366 -0.376208 0.108893
-0.364 -0.384927 0.116868
-0.362 -0.393684 0.125299
-0.36 -0.402461 0.13421
-0.358 -0.411237 0.143624
-0.356 -0.419991 0.153566
-0.354 -0.428699 0.164057
-0.352 -0.437336 0.17512
-0.35 -0.445876 0.186778
-0.348 -0.45429 0.199052
-0.346 -0.462548 0.211963
-0.344 -0.470618 0.225529
-0.342 -0.478468 0.23977
-0.34 -0.486064 0.254702
-0.338 -0.493371 0.270339
-0.336 -0.500351 0.286695
-0.334 -0.506968 0.303782
-0.332 -0.513182 0.321608
-0.33 -0.518956 0.340179
-0.328 -0.52425 0.3595
-0.326 -0.529023 0.379571
-0.324 -0.533235 0.400391
-0.322 -0.536845 0.421954
-0.32 -0.539813 0.444252
-0.318 -0.542099 0.467273
-0.316 -0.543662 0.491002
-0.314 -0.544462 0.51542
-0.312 -0.544462 0.540504
-0.31 -0.543621 0.566226
-0.308 -0.541904 0.592557
-0.306 -0.539274 0.619462
-0.304 -0.535695 0.646901
-0.302 -0.531134 0.674833
-0.3 -0.525559 0.70321
-0.298 -0.518939 0.731982
-0.296 -0.511245 0.761094
-0.294 -0.50245 0.790487
-0.292 -0.492528 0.8201
-0.29 -0.481456 0.849866
-0.288 -0.469213 0.879716
-0.286 -0.455779 0.909577
-0.284 -0.441137 0.939373
-0.282 -0.425271 0.969027
-0.28 -0.40817 0.998456
-0.278 -0.389822 1.02758
-0.276 -0.370218 1.0563
-0.274 -0.349351 1.08455
-0.272 -0.327218 1.11222
-0.27 -0.303815 1.13923
-0.268 -0.279141 1.16549
-0.266 -0.253199 1.1909
-0.264 -0.225991 1.21537
-0.262 -0.197521 1.23882
-0.26 -0.167796 1.26114
-0.258 -0.136824 1.28225
-0.256 -0.104613 1.30206
-0.254 -0.0711735 1.32049
-0.252 -0.0365174 1.33743
-0.25 -0.000656452 1.35282
-0.248 0.0363962 1.36658
-0.246 0.0746271 1.37862
-0.244 0.114022 1.38887
-0.242 0.154567 1.39726
-0.24 0.196246 1.40374
-0.238 0.239046 1.40823
-0.236 0.282952 1.41069
-0.234 0.32795 1.41106
-0.232 0.374026 1.4093
-0.23 0.421168 1.40537
-0.228 0.469362 1.39924
-0.226 0.518597 1.39089
-0.224 0.568863 1.3803
-0.222 0.620151 1.36744
-0.22 0.672453 1.35233
-0.218 0.725761 1.33497
-0.216 0.780071 1.31535
-0.214 0.835379 1.29351
-0.212 0.891683 1.26947
-0.21 0.948984 1.24325
-0.208 1.00728 1.21491
-0.206 1.06658 1.18449
-0.204 1.12689 1.15205
-0.202 1.18821 1.11765
-0.2 1.25055 1.08137
-0.198 1.31393 1.04328
-0.196 1.37835 1.00347
-0.194 1.44384 0.962035
-0.192 1.51041 0.919078
-0.19 1.57807 0.874706
-0.188 1.64686 0.829034
-0.186 1.71679 0.782184
-0.184 1.78789 0.734281
-0.182 1.86019 0.685459
-0.18 1.9337 0.635857
-0.178 2.00847 0.585617
-0.176 2.08452 0.534888
-0.174 2.16189 0.483821
-0.172 2.24061 0.432573
-0.17 2.32071 0.381303
-0.168 2.40224 0.330174
-0.166 2.48522 0.27935
-0.164 2.56971 0.228998
-0.162 2.65572 0.179287
-0.16 2.74332 0.130387
-0.158 2.83253 0.0824675
-0.156 2.9234 0.0356992
-0.154 3.01596 -0.00974766
-0.152 3.11027 -0.0537037
-0.15 3.20636 -0.0960008
-0.148 3.30428 -0.136473
-0.146 3.40406 -0.174955
-0.144 3.50576 -0.211286
-0.142 3.6094 -0.245307
-0.14 3.71504 -0.276863
-0.138 3.82272 -0.305803
-0.136 3.93247 -0.33198
-0.134 4.04434 -0.35525
-0.132 4.15837 -0.375478
-0.13 4.2746 -0.39253
-0.128 4.39307 -0.40628
-0.126 4.51382 -0.416608
-0.124 4.63688 -0.423399
-0.122 4.7623 -0.426546
-0.12 4.89012 -0.425947
-0.118 5.02037 -0.421508
-0.116 5.15308 -0.413144
-0.114 5.28829 -0.400774
-0.112 5.42604 -0.384327
-0.11 5.56636 -0.363738
-0.108 5.70927 -0.338953
-0.106 5.85481 -0.309923
-0.104 6.00301 -0.276609
-0.102 6.1539 -0.23898
-0.1 6.30749 -0.197013
-0.098 6.46381 -0.150695
-0.096 6.62288 -0.10002
-0.094 6.78472 -0.0449921
-0.092 6.94933 0.0143753
-0.09 7.11674 0.0780607
-0.088 7.28695 0.146033
-0.086 7.45996 0.218252
-0.084 7.63576 0.294668
-0.082 7.81435 0.375222
-0.08 7.99572 0.459845
-0.078 8.17985 0.54846
-0.076 8.36671 0.64098
-0.074 8.55627 0.737306
-0.072 8.74848 0.837333
-0.07 8.9433 0.940944
-0.068 9.14067 1.04801
-0.066 9.34052 1.1584
-0.064 9.54277 1.27197
-0.062 9.74733 1.38856
-0.06 9.95411 1.50801
-0.058 10.163 1.63015
-0.056 10.3738 1.75478
-0.054 10.5865 1.88172
-0.052 10.8009 2.01077
-0.05 11.0167 2.14171
-0.048 11.2339 2.27434
-0.046 11.4523 2.40841
-0.044 11.6715 2.54369
-0.042 11.8915 2.67995
-0.04 12.1119 2.81693
-0.038 12.3325 2.95436
-0.036 12.553 3.092
-0.034 12.7731 3.22956
-0.032 12.9926 3.36677
-0.03 13.211 3.50334
-0.028 13.4282 3.63901
-0.026 13.6436 3.77346
-0.024 13.857 3.90642
-0.022 14.068 4.0376
-0.02 14.2762 4.16668
-0.018 14.4812 4.29339
-0.016 14.6826 4.41742
-0.014 14.88 4.53849
-0.012 15.0729 4.65631
-0.01 15.261 4.77058
-0.008 15.4439 4.88104
-0.006 15.621 4.9874
-0.004 15.792 5.08939
-0.002 15.9565 5.18677
0 16.114 5.27928
0.002 16.2643 5.36667
0.004 16.4067 5.44872
0.006 16.541 5.52522
0.008 16.6668 5.59597
0.01 16.7836 5.66079
0.012 16.8912 5.7195
0.014 16.9892 5.77195
0.016 17.0773 5.818
0.018 17.1552 5.85753
0.02 17.2227 5.89044
0.022 17.2794 5.91666
0.024 17.3252 5.93611
0.026 17.3598 5.94875
0.028 17.3832 5.95457
0.03 17.3951 5.95356
0.032 17.3954 5.94574
0.034 17.3841 5.93114
0.036 17.3611 5.90983
0.038 17.3263 5.88187
0.04 17.2798 5.84738
0.042 17.2215 5.80646
0.044 17.1516 5.75925
0.046 17.0701 5.70591
0.048 16.977 5.6466
0.05 16.8727 5.58151
0.052 16.7571 5.51085
0.054 16.6305 5.43483
0.056 16.4931 5.35369
0.058 16.3451 5.26767
0.06 16.1868 5.17703
0.062 16.0184 5.08203
0.064 15.8403 4.98297
0.066 15.6527 4.88012
0.068 15.4559 4.77378
0.07 15.2504 4.66426
0.072 15.0364 4.55186
0.074 14.8143 4.4369
0.076 14.5845 4.31969
0.078 14.3474 4.20055
0.08 14.1034 4.07981
0.082 13.8529 3.95777
0.084 13.5963 3.83477
0.086 13.334 3.71111
0.088 13.0665 3.5871
0.09 12.7941 3.46306
0.092 12.5174 3.33929
0.094 12.2366 3.21608
0.096 11.9523 3.09372
0.098 11.6649 2.97249
0.1 11.3747 2.85266
0.102 11.0822 2.7345
0.104 10.7879 2.61825
0.106 10.492 2.50415
0.108 10.1951 2.39243
0.11 9.8975 2.28331
0.112 9.59958 2.17698
0.114 9.30171 2.07363
0.116 9.00428 1.97345
0.118 8.70764 1.87657
0.12 8.41214 1.78316
0.122 8.1181 1.69334
0.124 7.82586 1.60723
0.126 7.53573 1.52492
0.128 7.24802 1.44651
0.13 6.963 1.37206
0.132 6.68097 1.30163
0.134 6.40219 1.23525
0.136 6.12691 1.17296
0.138 5.85537 1.11477
0.14 5.58781 1.06066
0.142 5.32444 1.01064
0.144 5.06546 0.964655
0.146 4.81106 0.922676
0.148 4.56143 0.884644
0.15 4.31673 0.850491
0.152 4.07711 0.820136
0.154 3.84272 0.793491
0.156 3.61368 0.770454
0.158 3.39012 0.750913
0.16 3.17214 0.73475
0.162 2.95984 0.721835
0.164 2.75329 0.712033
0.166 2.55256 0.705198
0.168 2.35773 0.701182
0.17 2.16883 0.699828
0.172 1.9859 0.700974
0.174 1.80898 0.704454
0.176 1.63808 0.7101
0.178 1.4732 0.717738
0.18 1.31434 0.727193
0.182 1.16149 0.738288
0.184 1.01463 0.750846
0.186 0.873724 0.764687
0.188 0.73873 0.779635
0.19 0.609599 0.795511
0.192 0.486272 0.812141
0.194 0.368683 0.829349
0.196 0.256757 0.846965
0.198 0.15041 0.864822
0.2 0.0495525 0.882754
0.202 -0.0459134 0.900602
0.204 -0.136092 0.918209
0.206 -0.221095 0.935427
0.208 -0.30104 0.952109
0.21 -0.37605 0.968116
0.212 -0.446255 0.983316
0.214 -0.511788 0.997583
0.216 -0.572789 1.0108
0.218 -0.629401 1.02284
0.22 -0.681773 1.03362
0.222 -0.730056 1.04303
0.224 -0.774405 1.05098
0.226 -0.814978 1.05739
0.228 -0.851934 1.06218
0.23 -0.885437 1.0653
0.232 -0.915649 1.06667
0.234 -0.942735 1.06626
0.236 -0.96686 1.06402
0.238 -0.988191 1.05991
0.24 -1.00689 1.05391
0.242 -1.02313 1.04601
0.244 -1.03706 1.03619
0.246 -1.04885 1.02445
0.248 -1.05866 1.0108
0.25 -1.06664 0.995256
0.252 -1.07295 0.977828
0.254 -1.07773 0.958548
0.256 -1.08114 0.937452
0.258 -1.08331 0.91458
0.26 -1.08439 0.88998
0.262 -1.08449 0.863706
0.264 -1.08376 0.835816
0.266 -1.0823 0.806375
0.268 -1.08024 0.775455
0.27 -1.07767 0.74313
0.272 -1.07472 0.709479
0.274 -1.07145 0.674588
0.276 -1.06798 0.638543
0.278 -1.06437 0.601436
0.28 -1.0607 0.563363
0.282 -1.05704 0.52442
0.284 -1.05344 0.484707
0.286 -1.04996 0.444328
0.288 -1.04665 0.403385
0.29 -1.04353 0.361984
0.292 -1.04065 0.320232
0.294 -1.03802 0.278235
0.296 -1.03566 0.2361
0.298 -1.03358 0.193936
0.3 -1.03179 0.151848
0.302 -1.03029 0.109942
0.304 -1.02906 0.068323
0.306 -1.0281 0.027094
0.308 -1.02738 -0.0136438
0.31 -1.02689 -0.0537916
0.312 -1.0266 -0.0932529
0.314 -1.02647 -0.131934
0.316 -1.02647 -0.169745
0.318 -1.02656 -0.206599
0.32 -1.02671 -0.242412
0.322 -1.02687 -0.277105
0.324 -1.027 -0.310604
0.326 -1.02705 -0.342838
0.328 -1.02697 -0.373741
0.33 -1.02671 -0.403252
0.332 -1.02624 -0.431316
0.334 -1.02549 -0.457881
0.336 -1.02443 -0.482903
0.338 -1.023 -0.506342
0.34 -1.02116 -0.528163
0.342 -1.01888 -0.548338
0.344 -1.01609 -0.566844
0.346 -1.01278 -0.583664
0.348 -1.0089 -0.598785
0.35 -1.00441 -0.612202
0.352 -0.999286 -0.623916
0.354 -0.9935 -0.63393
0.356 -0.987026 -0.642257
0.358 -0.979842 -0.648911
0.36 -0.971932 -0.653916
0.362 -0.96328 -0.657296
0.364 -0.953876 -0.659084
0.366 -0.943714 -0.659316
0.368 -0.932791 -0.658033
0.37 -0.921107 -0.65528
0.372 -0.908667 -0.651105
0.374 -0.895481 -0.645563
0.376 -0.881558 -0.63871
0.378 -0.866916 -0.630605
0.38 -0.851574 -0.621312
0.382 -0.835552 -0.610896
0.384 -0.818878 -0.599426
0.386 -0.801578 -0.586971
0.388 -0.783686 -0.573603
0.39 -0.765233 -0.559396
0.392 -0.746258 -0.544424
0.394 -0.726797 -0.528763
0.396 -0.706893 -0.512488
0.398 -0.686588 -0.495676
0.4 -0.665925 -0.478401
0.402 -0.644949 -0.46074
0.404 -0.623709 -0.442766
0.406 -0.60225 -0.424553
0.408 -0.580621 -0.406174
0.41 -0.558871 -0.387698
0.412 -0.537048 -0.369195
0.414 -0.515202 -0.350729
0.416 -0.493379 -0.332366
0.418 -0.47163 -0.314167
0.42 -0.45 -0.29619
0.422 -0.428537 -0.27849
0.424 -0.407285 -0.261119
0.426 -0.38629 -0.244127
0.428 -0.365594 -0.227559
0.43 -0.345237 -0.211455
0.432 -0.32526 -0.195855
0.434 -0.3057 -0.180792
0.436 -0.286593 -0.166297
0.438 -0.267971 -0.152396
0.44 -0.249867 -0.139111
0.442 -0.232308 -0.126461
0.444 -0.215321 -0.114459
0.446 -0.19893 -0.103118
0.448 -0.183157 -0.092444
0.45 -0.16802 -0.0824396
0.452 -0.153534 -0.0731046
0.454 -0.139714 -0.0644347
0.456 -0.12657 -0.0564226
0.458 -0.11411 -0.0490574
0.46 -0.10234 -0.0423251
0.462 -0.0912631 -0.036209
0.464 -0.0808788 -0.0306894
0.466 -0.0711852 -0.025744
0.468 -0.062178 -0.0213482
0.47 -0.0538502 -0.0174753
0.472 -0.0461927 -0.0140965
0.474 -0.0391943 -0.0111815
0.476 -0.0328418 -0.00869826
0.478 -0.0271199 -0.00661373
0.48 -0.0220117 -0.00489374
0.482 -0.0174988 -0.00350338
0.484 -0.0135611 -0.00240725
0.486 -0.0101771 -0.00156965
0.488 -0.00732448 -0.000954868
0.49 -0.00497962 -0.000527386
0.492 -0.00311818 -0.000252135
0.494 -0.00171514 -9.47117e-05
0.496 -0.000744992 -2.16036e-05
0.498 -0.000181926 -4.00391e-07
0.05 6.52651 2.06024
0.1 6.52655 2.06016
0.15 6.52662 2.06002
0.2 6.52672 2.05983
0.25 6.52685 2.05958
0.3 6.52701 2.05927
0.35 6.52719 2.05892
0.4 6.52741 2.0585
0.45 6.52765 2.05803
0.5 6.52791 2.05751
0.55 6.52821 2.05693
0.6 6.52853 2.0563
0.65 6.52887 2.05561
0.7 6.52924 2.05486
0.75 6.52964 2.05406
0.8 6.53006 2.0532
0.85 6.5305 2.05229
0.9 6.53097 2.05133
0.95 6.53146 2.05031
1 6.53197 2.04923
1.05 6.5325 2.0481
1.1 6.53305 2.04691
1.15 6.53362 2.04567
1.2 6.53421 2.04437
1.25 6.53482 2.04301
1.3 6.53544 2.0416
1.35 6.53608 2.04014
1.4 6.53673 2.03862
1.45 6.53739 2.03704
1.5 6.53807 2.03541
1.55 6.53876 2.03372
1.6 6.53946 2.03198
1.65 6.54016 2.03018
1.7 6.54088 2.02832
1.75 6.5416 2.02641
1.8 6.54232 2.02445
1.85 6.54305 2.02243
1.9 6.54378 2.02035
1.95 6.54452 2.01822
2 6.54525 2.01603
2.05 6.54598 2.01378
2.1 6.5467 2.01148
2.15 6.54742 2.00912
2.2 6.54814 2.00671
2.25 6.54884 2.00424
2.3 6.54954 2.00172
2.35 6.55023 1.99914
2.4 6.5509 1.9965
2.45 6.55156 1.99381
2.5 6.5522 1.99106
2.55 6.55282 1.98826
2.6 6.55342 1.9854
2.65 6.55401 1.98248
2.7 6.55457 1.97951
2.75 6.5551 1.97648
2.8 6.55561 1.9734
2.85 6.55609 1.97026
2.9 6.55653 1.96706
2.95 6.55695 1.96381
3 6.55733 1.9605
3.05 6.55768 1.95714
3.1 6.55798 1.95372
3.15 6.55825 1.95025
3.2 6.55848 1.94672
3.25 6.55866 1.94313
3.3 6.55879 1.93949
3.35 6.55888 1.93579
3.4 6.55892 1.93204
3.45 6.5589 1.92823
3.5 6.55884 1.92437
3.55 6.55871 1.92045
3.6 6.55853 1.91648
3.65 6.55829 1.91245
3.7 6.55798 1.90836
3.75 6.55761 1.90423
3.8 6.55718 1.90003
3.85 6.55668 1.89578
3.9 6.5561 1.89148
3.95 6.55546 1.88712
4 6.55474 1.88271
4.05 6.55394 1.87824
4.1 6.55306 1.87372
4.15 6.55211 1.86915
4.2 6.55107 1.86452
4.25 6.54994 1.85984
4.3 6.54873 1.85511
4.35 6.54743 1.85032
4.4 6.54604 1.84547
4.45 6.54455 1.84058
4.5 6.54297 1.83563
4.55 6.5413 1.83063
4.6 6.53952 1.82558
4.65 6.53764 1.82047
4.7 6.53566 1.81532
4.75 6.53357 1.81011
4.8 6.53138 1.80485
4.85 6.52908 1.79954
4.9 6.52666 1.79418
4.95 6.52413 1.78877
5 6.52149 1.7833
5.05 6.51873 1.77779
5.1 6.51585 1.77223
5.15 6.51285 1.76661
5.2 6.50972 1.76095
5.25 6.50647 1.75524
5.3 6.5031 1.74948
5.35 6.49959 1.74368
5.4 6.49596 1.73782
5.45 6.49219 1.73192
5.5 6.48829 1.72597
5.55 6.48425 1.71997
5.6 6.48007 1.71393
5.65 6.47576 1.70784
5.7 6.47131 1.7017
5.75 6.46671 1.69552
5.8 6.46197 1.6893
5.85 6.45708 1.68303
5.9 6.45204 1.67672
5.95 6.44686 1.67036
6 6.44152 1.66396
6.05 6.43604 1.65752
6.1 6.4304 1.65104
6.15 6.4246 1.64451
6.2 6.41865 1.63794
6.25 6.41254 1.63134
6.3 6.40627 1.62469
6.35 6.39984 1.618
6.4 6.39325 1.61128
6.45 6.38649 1.60452
6.5 6.37958 1.59771
6.55 6.37249 1.59088
6.6 6.36524 1.584
6.65 6.35782 1.57709
6.7 6.35023 1.57014
6.75 6.34247 1.56316
6.8 6.33454 1.55615
6.85 6.32644 1.5491
6.9 6.31817 1.54202
6.95 6.30972 1.5349
7 6.30109 1.52776
7.05 6.2923 1.52058
7.1 6.28332 1.51337
7.15 6.27417 1.50614
7.2 6.26483 1.49887
7.25 6.25532 1.49158
7.3 6.24563 1.48426
7.35 6.23577 1.47691
7.4 6.22572 1.46954
7.45 6.21548 1.46214
7.5 6.20507 1.45472
7.55 6.19448 1.44727
7.6 6.1837 1.4398
7.65 6.17274 1.43231
7.7 6.16159 1.4248
7.75 6.15026 1.41727
7.8 6.13875 1.40971
7.85 6.12706 1.40214
7.9 6.11518 1.39455
7.95 6.10311 1.38695
8 6.09086 1.37933
8.05 6.07843 1.37169
8.1 6.06581 1.36404
8.15 6.05301 1.35637
8.2 6.04002 1.34869
8.25 6.02685 1.341
8.3 6.0135 1.3333
8.35 5.99996 1.32559
8.4 5.98624 1.31786
8.45 5.97233 1.31014
8.5 5.95824 1.3024
8.55 5.94397 1.29466
8.6 5.92952 1.28691
8.65 5.91488 1.27915
8.7 5.90006 1.2714
8.75 5.88506 1.26364
8.8 5.86989 1.25588
8.85 5.85453 1.24811
8.9 5.83899 1.24035
8.95 5.82328 1.23259
9 5.80738 1.22483
9.05 5.79131 1.21708
9.1 5.77507 1.20933
9.15 5.75865 1.20158
9.2 5.74205 1.19384
9.25 5.72529 1.18611
9.3 5.70835 1.17838
9.35 5.69124 1.17067
9.4 5.67395 1.16296
9.45 5.6565 1.15527
9.5 5.63889 1.14758
9.55 5.6211 1.13991
9.6 5.60315 1.13226
9.65 5.58504 1.12462
9.7 5.56676 1.11699
9.75 5.54832 1.10939
9.8 5.52972 1.1018
9.85 5.51096 1.09423
9.9 5.49205 1.08668
9.95 5.47298 1.07916
10 5.45375 1.07165
10.05 5.43437 1.06417
10.1 5.41484 1.05671
10.15 5.39517 1.04928
10.2 5.37534 1.04187
10.25 5.35536 1.0345
10.3 5.33525 1.02715
10.35 5.31498 1.01983
10.4 5.29458 1.01254
10.45 5.27404 1.00528
10.5 5.25336 0.998054
10.55 5.23254 0.990862
10.6 5.21159 0.983704
10.65 5.19051 0.976582
10.7 5.1693 0.969497
10.75 5.14796 0.962449
10.8 5.1265 0.955439
10.85 5.10491 0.948469
10.9 5.0832 0.941539
10.95 5.06137 0.934651
11 5.03942 0.927805
11.05 5.01735 0.921003
11.1 4.99517 0.914245
11.15 4.97288 0.907532
11.2 4.95049 0.900865
11.25 4.92798 0.894245
11.3 4.90537 0.887674
11.35 4.88266 0.881151
11.4 4.85984 0.874678
11.45 4.83693 0.868256
11.5 4.81393 0.861886
11.55 4.79083 0.855568
11.6 4.76763 0.849304
11.65 4.74435 0.843094
11.7 4.72099 0.836939
11.75 4.69754 0.83084
11.8 4.67401 0.824799
11.85 4.6504 0.818814
11.9 4.62671 0.812889
11.95 4.60295 0.807023
12 4.57912 0.801217
12.05 4.55521 0.795471
12.1 4.53124 0.789788
12.15 4.50721 0.784167
12.2 4.48311 0.778609
12.25 4.45896 0.773116
12.3 4.43475 0.767687
12.35 4.41048 0.762323
12.4 4.38616 0.757026
12.45 4.36179 0.751795
12.5 4.33738 0.746632
12.55 4.31292 0.741537
12.6 4.28842 0.736511
12.65 4.26388 0.731554
12.7 4.2393 0.726668
12.75 4.21469 0.721852
12.8 4.19005 0.717108
12.85 4.16538 0.712435
12.9 4.14068 0.707835
12.95 4.11595 0.703308
13 4.09121 0.698854
13.05 4.06644 0.694475
13.1 4.04166 0.69017
13.15 4.01687 0.68594
13.2 3.99206 0.681786
13.25 3.96725 0.677708
13.3 3.94243 0.673706
13.35 3.9176 0.669781
13.4 3.89277 0.665934
13.45 3.86795 0.662164
13.5 3.84312 0.658472
13.55 3.81831 0.654859
13.6 3.7935 0.651324
13.65 3.7687 0.647869
13.7 3.74391 0.644492
13.75 3.71914 0.641196
13.8 3.69439 0.637979
13.85 3.66966 0.634843
13.9 3.64495 0.631787
13.95 3.62026 0.628812
14 3.59561 0.625918
14.05 3.57098 0.623105
14.1 3.54638 0.620372
14.15 3.52182 0.617722
14.2 3.49729 0.615153
14.25 3.47281 0.612665
14.3 3.44836 0.610259
14.35 3.42396 0.607935
14.4 3.3996 0.605693
14.45 3.37529 0.603532
14.5 3.35103 0.601453
14.55 3.32682 0.599457
14.6 3.30267 0.597542
14.65 3.27857 0.595709
14.7 3.25453 0.593957
14.75 3.23055 0.592287
14.8 3.20663 0.590699
14.85 3.18278 0.589192
14.9 3.15899 0.587767
14.95 3.13527 0.586423
15 3.11162 0.585159
15.05 3.08804 0.583977
15.1 3.06453 0.582875
15.15 3.0411 0.581853
15.2 3.01775 0.580911
15.25 2.99448 0.58005
15.3 2.97129 0.579268
15.35 2.94818 0.578565
15.4 2.92515 0.577941
15.45 2.90221 0.577395
15.5 2.87936 0.576928
15.55 2.8566 0.576538
15.6 2.83393 0.576226
15.65 2.81135 0.575991
15.7 2.78887 0.575833
15.75 2.76648 0.57575
15.8 2.74419 0.575744
15.85 2.722 0.575812
15.9 2.6999 0.575955
15.95 2.67791 0.576172
16 2.65602 0.576463
16.05 2.63424 0.576827
16.1 2.61256 0.577263
16.15 2.59098 0.577771
16.2 2.56952 0.578351
16.25 2.54816 0.579001
16.3 2.52691 0.579721
16.35 2.50578 0.58051
16.4 2.48475 0.581368
16.45 2.46384 0.582293
16.5 2.44305 0.583286
16.55 2.42237 0.584346
16.6 2.40181 0.585471
16.65 2.38136 0.586662
16.7 2.36103 0.587916
16.75 2.34082 0.589234
16.8 2.32074 0.590615
16.85 2.30077 0.592057
16.9 2.28092 0.59356
16.95 2.2612 0.595124
17 2.2416 0.596747
17.05 2.22212 0.598428
17.1 2.20277 0.600167
17.15 2.18355 0.601962
17.2 2.16445 0.603813
17.25 2.14547 0.605719
17.3 2.12662 0.607679
17.35 2.1079 0.609691
17.4 2.08931 0.611756
17.45 2.07085 0.613871
17.5 2.05251 0.616036
17.55 2.0343 0.618251
17.6 2.01623 0.620513
17.65 1.99828 0.622822
17.7 1.98046 0.625177
17.75 1.96277 0.627577
17.8 1.94522 0.630021
17.85 1.92779 0.632507
17.9 1.91049 0.635035
17.95 1.89333 0.637604
18 1.8763 0.640212
18.05 1.85939 0.642859
18.1 1.84262 0.645543
18.15 1.82598 0.648263
18.2 1.80947 0.651018
18.25 1.7931 0.653807
18.3 1.77685 0.656629
18.35 1.76073 0.659483
18.4 1.74475 0.662367
18.45 1.72889 0.66528
18.5 1.71317 0.668221
18.55 1.69758 0.67119
18.6 1.68211 0.674184
18.65 1.66678 0.677203
18.7 1.65158 0.680246
18.75 1.6365 0.683311
18.8 1.62156 0.686397
18.85 1.60674 0.689502
18.9 1.59205 0.692627
18.95 1.57749 0.695769
19 1.56306 0.698927
19.05 1.54875 0.702101
19.1 1.53457 0.705288
19.15 1.52052 0.708488
19.2 1.50659 0.7117
19.25 1.49279 0.714922
19.3 1.47911 0.718153
19.35 1.46555 0.721392
19.4 1.45212 0.724637
19.45 1.43881 0.727888
19.5 1.42563 0.731143
19.55 1.41256 0.734401
19.6 1.39962 0.737661
19.65 1.38679 0.740922
19.7 1.37409 0.744181
19.75 1.3615 0.74744
19.8 1.34903 0.750695
19.85 1.33668 0.753945
19.9 1.32445 0.757191
19.95 1.31233 0.76043
20 1.30032 0.763661
20.05 1.28843 0.766883
20.1 1.27665 0.770095
20.15 1.26499 0.773296
20.2 1.25344 0.776484
20.25 1.24199 0.779659
20.3 1.23066 0.782819
20.35 1.21943 0.785963
20.4 1.20832 0.789089
20.45 1.19731 0.792198
20.5 1.18641 0.795287
20.55 1.17561 0.798356
20.6 1.16491 0.801403
20.65 1.15432 0.804428
20.7 1.14384 0.807428
20.75 1.13345 0.810404
20.8 1.12316 0.813354
20.85 1.11298 0.816277
20.9 1.10289 0.819172
20.95 1.0929 0.822037
21 1.083 0.824872
21.05 1.0732 0.827676
21.1 1.0635 0.830448
21.15 1.05389 0.833187
21.2 1.04437 0.835891
21.25 1.03494 0.83856
21.3 1.0256 0.841193
21.35 1.01636 0.843788
21.4 1.0072 0.846346
21.45 0.998125 0.848864
21.5 0.989139 0.851342
21.55 0.980238 0.853779
21.6 0.971421 0.856175
21.65 0.962687 0.858527
21.7 0.954036 0.860836
21.75 0.945465 0.8631
21.8 0.936974 0.865319
21.85 0.928562 0.867492
21.9 0.920228 0.869618
21.95 0.911971 0.871696
22 0.90379 0.873725
22.05 0.895683 0.875704
22.1 0.88765 0.877634
22.15 0.87969 0.879512
22.2 0.871801 0.881339
22.25 0.863984 0.883114
22.3 0.856236 0.884835
22.35 0.848556 0.886502
22.4 0.840944 0.888115
22.45 0.833399 0.889673
22.5 0.82592 0.891175
22.55 0.818505 0.89262
22.6 0.811154 0.894009
22.65 0.803865 0.89534
22.7 0.796639 0.896612
22.75 0.789473 0.897826
22.8 0.782367 0.89898
22.85 0.775319 0.900075
22.9 0.76833 0.901109
22.95 0.761398 0.902082
23 0.754522 0.902994
23.05 0.747701 0.903845
23.1 0.740934 0.904632
23.15 0.734221 0.905358
23.2 0.72756 0.90602
23.25 0.720951 0.906618
23.3 0.714392 0.907153
23.35 0.707884 0.907623
23.4 0.701425 0.908029
23.45 0.695013 0.90837
23.5 0.68865 0.908646
23.55 0.682332 0.908857
23.6 0.676061 0.909001
23.65 0.669834 0.90908
23.7 0.663652 0.909093
23.75 0.657513 0.909039
23.8 0.651417 0.908918
23.85 0.645363 0.908731
23.9 0.63935 0.908476
23.95 0.633378 0.908155
24 0.627445 0.907766
24.05 0.621551 0.90731
24.1 0.615696 0.906786
24.15 0.609879 0.906195
24.2 0.604098 0.905537
24.25 0.598354 0.904811
24.3 0.592646 0.904017
24.35 0.586973 0.903155
24.4 0.581335 0.902226
24.45 0.575731 0.90123
24.5 0.57016 0.900166
24.55 0.564622 0.899034
24.6 0.559116 0.897835
24.65 0.553642 0.896569
24.7 0.548199 0.895235
24.75 0.542787 0.893835
24.8 0.537405 0.892367
24.85 0.532052 0.890833
24.9 0.526729 0.889233
24.95 0.521435 0.887566
25 0.516169 0.885833
25.05 0.510931 0.884034
25.1 0.505721 0.88217
25.15 0.500537 0.88024
25.2 0.495381 0.878245
25.25 0.49025 0.876185
25.3 0.485146 0.874061
25.35 0.480067 0.871873
25.4 0.475013 0.869621
25.45 0.469985 0.867306
25.5 0.464981 0.864927
25.55 0.460001 0.862486
25.6 0.455045 0.859983
25.65 0.450113 0.857417
25.7 0.445204 0.854791
25.75 0.440319 0.852103
25.8 0.435457 0.849355
25.85 0.430617 0.846547
25.9 0.4258 0.843679
25.95 0.421005 0.840752
26 0.416233 0.837767
26.05 0.411482 0.834724
26.1 0.406754 0.831623
26.15 0.402047 0.828465
26.2 0.397361 0.825251
26.25 0.392697 0.821982
26.3 0.388054 0.818657
26.35 0.383432 0.815277
26.4 0.378831 0.811843
26.45 0.374252 0.808356
26.5 0.369693 0.804817
26.55 0.365155 0.801225
26.6 0.360638 0.797582
26.65 0.356141 0.793888
26.7 0.351665 0.790144
26.75 0.34721 0.786351
26.8 0.342775 0.782508
26.85 0.338362 0.778618
26.9 0.333968 0.774681
26.95 0.329596 0.770697
27 0.325244 0.766667
27.05 0.320912 0.762592
27.1 0.316602 0.758473
27.15 0.312312 0.75431
27.2 0.308043 0.750104
27.25 0.303795 0.745857
27.3 0.299568 0.741568
27.35 0.295362 0.737238
27.4 0.291177 0.732869
27.45 0.287013 0.72846
27.5 0.282871 0.724014
27.55 0.27875 0.71953
27.6 0.27465 0.71501
27.65 0.270572 0.710455
27.7 0.266516 0.705864
27.75 0.262481 0.701239
27.8 0.258469 0.696582
27.85 0.254479 0.691891
27.9 0.250511 0.68717
27.95 0.246565 0.682417
28 0.242642 0.677635
28.05 0.238742 0.672824
28.1 0.234865 0.667985
28.15 0.231011 0.663119
28.2 0.227179 0.658226
28.25 0.223372 0.653308
28.3 0.219588 0.648365
28.35 0.215827 0.643399
28.4 0.212091 0.638409
28.45 0.208379 0.633398
28.5 0.204691 0.628365
28.55 0.201027 0.623312
28.6 0.197388 0.61824
28.65 0.193774 0.613149
28.7 0.190185 0.608041
28.75 0.186621 0.602915
28.8 0.183083 0.597774
28.85 0.17957 0.592618
28.9 0.176083 0.587448
28.95 0.172623 0.582264
29 0.169188 0.577068
29.05 0.16578 0.571861
29.1 0.162398 0.566643
29.15 0.159043 0.561415
29.2 0.155716 0.556178
29.25 0.152415 0.550933
29.3 0.149142 0.545681
29.35 0.145896 0.540422
29.4 0.142679 0.535158
29.45 0.139489 0.529889
29.5 0.136327 0.524617
29.55 0.133194 0.519341
29.6 0.130089 0.514064
29.65 0.127013 0.508785
29.7 0.123965 0.503505
29.75 0.120947 0.498226
29.8 0.117958 0.492948
29.85 0.114999 0.487672
29.9 0.112069 0.482399
29.95 0.109169 0.477129
30 0.106298 0.471863
30.05 0.103458 0.466603
30.1 0.100648 0.461349
30.15 0.0978681 0.456102
30.2 0.095119 0.450862
30.25 0.0924004 0.44563
30.3 0.0897127 0.440407
30.35 0.0870558 0.435194
30.4 0.0844301 0.429992
30.45 0.0818355 0.424801
30.5 0.0792722 0.419622
30.55 0.0767403 0.414455
30.6 0.0742399 0.409302
30.65 0.0717711 0.404164
30.7 0.0693341 0.39904
30.75 0.0669289 0.393931
30.8 0.0645555 0.388839
30.85 0.0622142 0.383764
30.9 0.0599049 0.378706
30.95 0.0576278 0.373666
31 0.0553829 0.368646
31.05 0.0531702 0.363644
31.1 0.0509898 0.358663
31.15 0.0488418 0.353703
31.2 0.0467262 0.348764
31.25 0.0446431 0.343847
31.3 0.0425924 0.338953
31.35 0.0405742 0.334082
31.4 0.0385885 0.329234
31.45 0.0366353 0.324411
31.5 0.0347147 0.319613
31.55 0.0328266 0.31484
31.6 0.030971 0.310093
31.65 0.0291479 0.305372
31.7 0.0273572 0.300678
31.75 0.025599 0.296012
31.8 0.0238732 0.291374
31.85 0.0221798 0.286765
31.9 0.0205187 0.282184
31.95 0.0188899 0.277632
32 0.0172933 0.273111
32.05 0.0157288 0.26862
32.1 0.0141964 0.264159
32.15 0.0126959 0.25973
32.2 0.0112274 0.255332
32.25 0.00979061 0.250966
32.3 0.00838554 0.246633
32.35 0.00701206 0.242332
32.4 0.00567004 0.238065
32.45 0.00435938 0.23383
32.5 0.00307993 0.22963
32.55 0.00183157 0.225464
32.6 0.000614162 0.221332
32.65 -0.00057245 0.217235
32.7 -0.00172842 0.213173
32.75 -0.0028539 0.209147
32.8 -0.00394906 0.205156
32.85 -0.00501408 0.201201
32.9 -0.00604912 0.197282
32.95 -0.00705439 0.1934
33 -0.00803006 0.189554
33.05 -0.00897633 0.185745
33.1 -0.00989341 0.181973
33.15 -0.0107815 0.178239
33.2 -0.0116408 0.174542
33.25 -0.0124716 0.170883
33.3 -0.013274 0.167262
33.35 -0.0140484 0.163679
33.4 -0.0147949 0.160134
33.45 -0.0155138 0.156628
33.5 -0.0162053 0.153159
33.55 -0.0168697 0.14973
33.6 -0.0175072 0.146339
33.65 -0.0181181 0.142987
33.7 -0.0187027 0.139674
33.75 -0.0192613 0.1364
33.8 -0.019794 0.133165
33.85 -0.0203013 0.129969
33.9 -0.0207833 0.126813
33.95 -0.0212404 0.123695
34 -0.0216729 0.120617
34.05 -0.0220811 0.117578
34.1 -0.0224652 0.114579
34.15 -0.0228256 0.111619
34.2 -0.0231626 0.108698
34.25 -0.0234765 0.105816
34.3 -0.0237676 0.102973
34.35 -0.0240362 0.10017
34.4 -0.0242827 0.0974064
34.45 -0.0245074 0.0946815
34.5 -0.0247107 0.0919958
34.55 -0.0248927 0.089349
34.6 -0.025054 0.0867413
34.65 -0.0251948 0.0841723
34.7 -0.0253155 0.0816421
34.75 -0.0254164 0.0791506
34.8 -0.0254978 0.0766977
34.85 -0.0255602 0.0742832
34.9 -0.0256038 0.071907
34.95 -0.025629 0.0695689
35 -0.0256362 0.067269
35.05 -0.0256257 0.0650069
35.1 -0.0255979 0.0627825
35.15 -0.0255532 0.0605957
35.2 -0.0254918 0.0584463
35.25 -0.0254142 0.0563342
35.3 -0.0253207 0.0542591
35.35 -0.0252117 0.0522208
35.4 -0.0250876 0.0502192
35.45 -0.0249487 0.048254
35.5 -0.0247953 0.0463251
35.55 -0.0246279 0.0444322
35.6 -0.0244468 0.0425751
35.65 -0.0242524 0.0407536
35.7 -0.024045 0.0389675
35.75 -0.023825 0.0372164
35.8 -0.0235928 0.0355002
35.85 -0.0233488 0.0338185
35.9 -0.0230932 0.0321713
35.95 -0.0228265 0.0305581
36 -0.022549 0.0289787
36.05 -0.0222611 0.0274328
36.1 -0.0219631 0.0259203
36.15 -0.0216554 0.0244407
36.2 -0.0213384 0.0229938
36.25 -0.0210125 0.0215794
36.3 -0.0206778 0.020197
36.35 -0.020335 0.0188465
36.4 -0.0199842 0.0175274
36.45 -0.0196258 0.0162396
36.5 -0.0192602 0.0149827
36.55 -0.0188877 0.0137564
36.6 -0.0185086 0.0125603
36.65 -0.0181234 0.0113942
36.7 -0.0177323 0.0102578
36.75 -0.0173357 0.00915057
36.8 -0.0169339 0.00807235
36.85 -0.0165273 0.00702278
36.9 -0.0161161 0.0060015
36.95 -0.0157007 0.00500819
37 -0.0152814 0.00404251
37.05 -0.0148585 0.00310412
37.1 -0.0144324 0.00219266
37.15 -0.0140033 0.00130781
37.2 -0.0135716 0.000449201
37.25 -0.0131376 -0.000383505
37.3 -0.0127015 -0.00119066
37.35 -0.0122637 -0.00197262
37.4 -0.0118245 -0.00272973
37.45 -0.0113841 -0.00346235
37.5 -0.0109428 -0.00417084
37.55 -0.010501 -0.00485554
37.6 -0.0100588 -0.00551682
37.65 -0.00961663 -0.00615504
37.7 -0.00917468 -0.00677055
37.75 -0.00873324 -0.00736371
37.8 -0.00829255 -0.00793487
37.85 -0.00785288 -0.00848441
37.9 -0.00741448 -0.00901268
37.95 -0.0069776 -0.00952003
38 -0.00654247 -0.0100068
38.05 -0.00610934 -0.0104734
38.1 -0.00567844 -0.0109202
38.15 -0.00525 -0.0113475
38.2 -0.00482424 -0.0117556
38.25 -0.00440138 -0.012145
38.3 -0.00398163 -0.012516
38.35 -0.00356521 -0.0128689
38.4 -0.00315232 -0.0132041
38.45 -0.00274315 -0.013522
38.5 -0.00233791 -0.0138228
38.55 -0.00193677 -0.014107
38.6 -0.00153993 -0.0143749
38.65 -0.00114757 -0.0146269
38.7 -0.00075985 -0.0148632
38.75 -0.00037695 -0.0150842
38.8 9.68464e-07 -0.0152904
38.85 0.000373747 -0.0154819
38.9 0.000741232 -0.0156592
38.95 0.00110327 -0.0158226
39 0.00145973 -0.0159723
39.05 0.00181046 -0.0161089
39.1 0.00215534 -0.0162325
39.15 0.00249423 -0.0163435
39.2 0.00282702 -0.0164422
39.25 0.00315358 -0.016529
39.3 0.0034738 -0.0166042
39.35 0.00378758 -0.016668
39.4 0.00409481 -0.0167209
39.45 0.00439539 -0.016763
39.5 0.00468924 -0.0167948
39.55 0.00497627 -0.0168165
39.6 0.0052564 -0.0168284
39.65 0.00552954 -0.0168308
39.7 0.00579562 -0.016824
39.75 0.00605459 -0.0168084
39.8 0.00630638 -0.0167841
39.85 0.00655092 -0.0167516
39.9 0.00678817 -0.0167109
39.95 0.00701809 -0.0166626
40 0.00724062 -0.0166067
40.05 0.00745574 -0.0165437
40.1 0.0076634 -0.0164737
40.15 0.00786358 -0.0163971
40.2 0.00805625 -0.016314
40.25 0.00824141 -0.0162248
40.3 0.00841902 -0.0161297
40.35 0.00858909 -0.0160289
40.4 0.0087516 -0.0159227
40.45 0.00890655 -0.0158114
40.5 0.00905396 -0.0156952
40.55 0.00919382 -0.0155743
40.6 0.00932614 -0.0154489
40.65 0.00945095 -0.0153193
40.7 0.00956827 -0.0151857
40.75 0.0096781 -0.0150484
40.8 0.00978049 -0.0149075
40.85 0.00987547 -0.0147632
40.9 0.00996307 -0.0146158
40.95 0.0100433 -0.0144655
41 0.0101163 -0.0143124
41.05 0.010182 -0.0141568
41.1 0.0102405 -0.0139989
41.15 0.0102919 -0.0138388
41.2 0.0103362 -0.0136767
41.25 0.0103734 -0.0135129
41.3 0.0104037 -0.0133474
41.35 0.0104271 -0.0131806
41.4 0.0104437 -0.0130124
41.45 0.0104535 -0.0128431
41.5 0.0104567 -0.012673
41.55 0.0104532 -0.012502
41.6 0.0104432 -0.0123304
41.65 0.0104269 -0.0121583
41.7 0.0104041 -0.0119859
41.75 0.0103751 -0.0118133
41.8 0.01034 -0.0116406
41.85 0.0102988 -0.0114681
41.9 0.0102516 -0.0112957
41.95 0.0101985 -0.0111237
42 0.0101397 -0.0109521
42.05 0.0100752 -0.0107812
42.1 0.0100052 -0.0106109
42.15 0.00992971 -0.0104414
42.2 0.00984888 -0.0102729
42.25 0.00976283 -0.0101054
42.3 0.00967167 -0.00993895
42.35 0.00957551 -0.00977377
42.4 0.00947446 -0.0096099
42.45 0.00936865 -0.00944743
42.5 0.00925819 -0.00928645
42.55 0.00914321 -0.00912704
42.6 0.00902382 -0.00896928
42.65 0.00890015 -0.00881326
42.7 0.00877232 -0.00865903
42.75 0.00864046 -0.00850667
42.8 0.00850469 -0.00835625
42.85 0.00836514 -0.00820782
42.9 0.00822193 -0.00806146
42.95 0.00807519 -0.00791721
43 0.00792506 -0.00777513
43.05 0.00777165 -0.00763527
43.1 0.00761511 -0.00749767
43.15 0.00745555 -0.00736238
43.2 0.0072931 -0.00722945
43.25 0.00712791 -0.0070989
43.3 0.00696008 -0.00697078
43.35 0.00678977 -0.00684512
43.4 0.00661709 -0.00672194
43.45 0.00644217 -0.00660128
43.5 0.00626515 -0.00648315
43.55 0.00608616 -0.00636759
43.6 0.00590531 -0.0062546
43.65 0.00572275 -0.00614421
43.7 0.00553859 -0.00603643
43.75 0.00535296 -0.00593127
43.8 0.005166 -0.00582874
43.85 0.00497783 -0.00572885
43.9 0.00478857 -0.0056316
43.95 0.00459834 -0.00553699
44 0.00440728 -0.00544503
44.05 0.0042155 -0.00535571
44.1 0.00402312 -0.00526902
44.15 0.00383026 -0.00518497
44.2 0.00363705 -0.00510354
44.25 0.0034436 -0.00502473
44.3 0.00325003 -0.00494851
44.35 0.00305645 -0.00487488
44.4 0.00286298 -0.00480383
44.45 0.00266974 -0.00473532
44.5 0.00247682 -0.00466935
44.55 0.00228434 -0.0046059
44.6 0.00209242 -0.00454493
44.65 0.00190115 -0.00448644
44.7 0.00171065 -0.00443038
44.75 0.00152101 -0.00437674
44.8 0.00133234 -0.00432548
44.85 0.00114473 -0.00427658
44.9 0.000958293 -0.00423001
44.95 0.000773115 -0.00418573
45 0.000589294 -0.00414372
45.05 0.000406921 -0.00410392
45.1 0.000226089 -0.00406632
45.15 4.68838e-05 -0.00403087
45.2 -0.000130606 -0.00399754
45.25 -0.000306297 -0.00396629
45.3 -0.000480105 -0.00393707
45.35 -0.000651951 -0.00390985
45.4 -0.000821756 -0.00388459
45.45 -0.000989444 -0.00386124
45.5 -0.00115494 -0.00383977
45.55 -0.00131817 -0.00382012
45.6 -0.00147907 -0.00380226
45.65 -0.00163757 -0.00378614
45.7 -0.00179361 -0.00377172
45.75 -0.00194711 -0.00375894
45.8 -0.00209803 -0.00374777
45.85 -0.00224629 -0.00373816
45.9 -0.00239186 -0.00373006
45.95 -0.00253466 -0.00372342
46 -0.00267465 -0.0037182
46.05 -0.00281178 -0.00371435
46.1 -0.00294601 -0.00371182
46.15 -0.00307729 -0.00371056
46.2 -0.00320557 -0.00371053
46.25 -0.00333081 -0.00371168
46.3 -0.00345299 -0.00371396
46.35 -0.00357205 -0.00371732
46.4 -0.00368798 -0.00372171
46.45 -0.00380073 -0.00372709
46.5 -0.00391028 -0.0037334
46.55 -0.00401661 -0.00374061
46.6 -0.00411968 -0.00374865
46.65 -0.00421948 -0.00375749
46.7 -0.00431599 -0.00376708
46.75 -0.00440919 -0.00377737
46.8 -0.00449906 -0.00378831
46.85 -0.0045856 -0.00379986
46.9 -0.00466879 -0.00381196
46.95 -0.00474862 -0.00382459
47 -0.00482508 -0.00383768
47.05 -0.00489818 -0.0038512
47.1 -0.00496791 -0.0038651
47.15 -0.00503426 -0.00387933
47.2 -0.00509725 -0.00389386
47.25 -0.00515688 -0.00390864
47.3 -0.00521315 -0.00392362
47.35 -0.00526607 -0.00393878
47.4 -0.00531565 -0.00395405
47.45 -0.0053619 -0.00396941
47.5 -0.00540485 -0.00398482
47.55 -0.00544449 -0.00400023
47.6 -0.00548086 -0.00401561
47.65 -0.00551396 -0.00403091
47.7 -0.00554383 -0.00404611
47.75 -0.00557049 -0.00406116
47.8 -0.00559396 -0.00407603
47.85 -0.00561426 -0.00409069
47.9 -0.00563143 -0.00410509
47.95 -0.00564549 -0.00411921
48 -0.00565649 -0.00413302
48.05 -0.00566444 -0.00414647
48.1 -0.00566939 -0.00415955
48.15 -0.00567137 -0.00417221
48.2 -0.00567043 -0.00418444
48.25 -0.00566659 -0.0041962
48.3 -0.0056599 -0.00420746
48.35 -0.0056504 -0.0042182
48.4 -0.00563814 -0.0042284
48.45 -0.00562316 -0.00423801
48.5 -0.0056055 -0.00424703
48.55 -0.00558521 -0.00425543
48.6 -0.00556235 -0.00426319
48.65 -0.00553695 -0.00427028
48.7 -0.00550907 -0.00427668
48.75 -0.00547876 -0.00428238
48.8 -0.00544608 -0.00428735
48.85 -0.00541107 -0.00429158
48.9 -0.00537379 -0.00429505
48.95 -0.00533429 -0.00429774
49 -0.00529264 -0.00429964
49.05 -0.00524888 -0.00430073
49.1 -0.00520308 -0.00430101
49.15 -0.00515529 -0.00430044
49.2 -0.00510556 -0.00429904
49.25 -0.00505397 -0.00429678
49.3 -0.00500057 -0.00429365
49.35 -0.00494541 -0.00428965
49.4 -0.00488857 -0.00428476
49.45 -0.00483009 -0.00427899
49.5 -0.00477005 -0.00427231
49.55 -0.0047085 -0.00426474
49.6 -0.0046455 -0.00425625
49.65 -0.00458113 -0.00424685
49.7 -0.00451543 -0.00423654
49.75 -0.00444847 -0.0042253
49.8 -0.00438033 -0.00421315
49.85 -0.00431104 -0.00420008
49.9 -0.00424069 -0.00418608
49.95 -0.00416934 -0.00417117
50 -0.00409704 -0.00415533
