-0.498 -0.000703851 0.000165866
-0.496 -0.00284614 0.000657177
-0.494 -0.00646704 0.00146133
-0.492 -0.0115989 0.00256159
-0.49 -0.0182664 0.00393712
-0.488 -0.0264867 0.00556321
-0.486 -0.0362694 0.00741131
-0.484 -0.0476173 0.00944929
-0.482 -0.0605261 0.0116415
-0.48 -0.0749848 0.0139492
-0.478 -0.0909762 0.0163305
-0.476 -0.108477 0.0187408
-0.474 -0.127458 0.0211329
-0.472 -0.147884 0.0234573
-0.47 -0.169717 0.0256627
-0.468 -0.192912 0.0276958
-0.466 -0.217419 0.0295022
-0.464 -0.243187 0.0310262
-0.462 -0.270159 0.0322114
-0.46 -0.298275 0.0330008
-0.458 -0.327473 0.0333373
-0.456 -0.357687 0.0331642
-0.454 -0.388851 0.0324251
-0.452 -0.420895 0.0310643
-0.45 -0.453748 0.0290276
-0.448 -0.487339 0.0262619
-0.446 -0.521594 0.0227163
-0.444 -0.556441 0.0183418
-0.442 -0.591805 0.0130917
-0.44 -0.627613 0.00692233
-0.438 -0.663791 -0.000207167
-0.436 -0.700267 -0.00833427
-0.434 -0.736967 -0.0174929
-0.432 -0.773819 -0.0277131
-0.43 -0.810754 -0.0390208
-0.428 -0.847702 -0.0514377
-0.426 -0.884593 -0.0649809
-0.424 -0.921361 -0.0796625
-0.422 -0.957939 -0.09549
-0.42 -0.994264 -0.112466
-0.418 -1.03027 -0.130586
-0.416 -1.0659 -0.149842
-0.414 -1.10109 -0.170221
-0.412 -1.13578 -0.191701
-0.41 -1.16992 -0.214258
-0.408 -1.20344 -0.237858
-0.406 -1.23629 -0.262466
-0.404 -1.26841 -0.288035
-0.402 -1.29975 -0.314518
-0.4 -1.33026 -0.341857
-0.398 -1.35988 -0.369991
-0.396 -1.38856 -0.398851
-0.394 -1.41623 -0.428363
-0.392 -1.44286 -0.458446
-0.39 -1.46837 -0.489014
-0.388 -1.49271 -0.519976
-0.386 -1.51583 -0.551233
-0.384 -1.53767 -0.582681
-0.382 -1.55816 -0.614212
-0.38 -1.57723 -0.645711
-0.378 -1.59483 -0.67706
-0.376 -1.61089 -0.708133
-0.374 -1.62533 -0.738803
-0.372 -1.63808 -0.768936
-0.37 -1.64906 -0.798394
-0.368 -1.6582 -0.827038
-0.366 -1.66541 -0.854721
-0.364 -1.6706 -0.881297
-0.362 -1.67368 -0.906616
-0.36 -1.67457 -0.930525
-0.358 -1.67316 -0.95287
-0.356 -1.66936 -0.973494
-0.354 -1.66305 -0.992242
-0.352 -1.65415 -1.00896
-0.35 -1.64254 -1.02348
-0.348 -1.62811 -1.03566
-0.346 -1.61075 -1.04533
-0.344 -1.59034 -1.05235
-0.342 -1.56678 -1.05656
-0.34 -1.53994 -1.05782
-0.338 -1.50972 -1.05598
-0.336 -1.47599 -1.0509
-0.334 -1.43865 -1.04244
-0.332 -1.39758 -1.03048
-0.33 -1.35267 -1.01488
-0.328 -1.30382 -0.995545
-0.326 -1.25092 -0.972349
-0.324 -1.19388 -0.945194
-0.322 -1.1326 -0.913985
-0.32 -1.067 -0.878638
-0.318 -0.996997 -0.839078
-0.316 -0.922521 -0.795239
-0.314 -0.843506 -0.747067
-0.312 -0.759898 -0.694517
-0.31 -0.671652 -0.637558
-0.308 -0.578733 -0.576167
-0.306 -0.481115 -0.510338
-0.304 -0.378788 -0.440073
-0.302 -0.27175 -0.365389
-0.3 -0.160012 -0.286313
-0.298 -0.0435997 -0.202889
-0.296 0.0774498 -0.11517
-0.294 0.203086 -0.0232237
-0.292 0.333243 0.0728698
-0.29 0.467845 0.173018
-0.288 0.606798 0.277115
-0.286 0.749998 0.385044
-0.284 0.897326 0.496675
-0.282 1.04865 0.611866
-0.28 1.20382 0.730466
-0.278 1.36269 0.852311
-0.276 1.52508 0.977227
-0.274 1.69081 1.10503
-0.272 1.85969 1.23553
-0.27 2.03151 1.36852
-0.268 2.20606 1.50379
-0.266 2.38313 1.64114
-0.264 2.56246 1.78032
-0.262 2.74384 1.92112
-0.26 2.927 2.06329
-0.258 3.11171 2.20661
-0.256 3.29769 2.35082
-0.254 3.4847 2.49568
-0.252 3.67245 2.64094
-0.25 3.86068 2.78636
-0.248 4.04913 2.93167
-0.246 4.23752 3.07663
-0.244 4.42556 3.22099
-0.242 4.613 3.36449
-0.24 4.79956 3.5069
-0.238 4.98496 3.64797
-0.236 5.16894 3.78745
-0.234 5.35124 3.9251
-0.232 5.53157 4.0607
-0.23 5.7097 4.19401
-0.228 5.88535 4.32482
-0.226 6.05829 4.45289
-0.224 6.22825 4.57803
-0.222 6.39501 4.70003
-0.22 6.55833 4.81868
-0.218 6.71797 4.93381
-0.216 6.87371 5.04522
-0.214 7.02533 5.15274
-0.212 7.17262 5.25621
-0.21 7.31538 5.35547
-0.208 7.45341 5.45036
-0.206 7.58651 5.54076
-0.204 7.71451 5.62652
-0.202 7.83722 5.70753
-0.2 7.95446 5.78368
-0.198 8.06609 5.85485
-0.196 8.17194 5.92097
-0.194 8.27187 5.98194
-0.192 8.36572 6.03769
-0.19 8.45338 6.08815
-0.188 8.53471 6.13328
-0.186 8.60959 6.17302
-0.184 8.67793 6.20735
-0.182 8.73961 6.23623
-0.18 8.79454 6.25966
-0.178 8.84264 6.27762
-0.176 8.88384 6.29012
-0.174 8.91808 6.29718
-0.172 8.94529 6.29881
-0.17 8.96543 6.29506
-0.168 8.97847 6.28596
-0.166 8.98439 6.27157
-0.164 8.98318 6.25194
-0.162 8.97482 6.22715
-0.16 8.95934 6.19728
-0.158 8.93676 6.16242
-0.156 8.90711 6.12266
-0.154 8.87044 6.07811
-0.152 8.82682 6.02889
-0.15 8.77632 5.97512
-0.148 8.71903 5.91693
-0.146 8.65506 5.85447
-0.144 8.58452 5.78788
-0.142 8.50755 5.71731
-0.14 8.42431 5.64294
-0.138 8.33495 5.56494
-0.136 8.23966 5.48347
-0.134 8.13864 5.39874
-0.132 8.0321 5.31093
-0.13 7.92027 5.22024
-0.128 7.8034 5.12688
-0.126 7.68175 5.03106
-0.124 7.55561 4.933
-0.122 7.42527 4.83292
-0.12 7.29105 4.73105
-0.118 7.15328 4.62762
-0.116 7.01231 4.52288
-0.114 6.86849 4.41707
-0.112 6.72221 4.31043
-0.11 6.57386 4.20321
-0.108 6.42384 4.09566
-0.106 6.27259 3.98805
-0.104 6.12054 3.88064
-0.102 5.96813 3.77367
-0.1 5.81582 3.66741
-0.098 5.6641 3.56213
-0.096 5.51342 3.45809
-0.094 5.3643 3.35555
-0.092 5.21721 3.25476
-0.09 5.07267 3.156
-0.088 4.93117 3.05951
-0.086 4.79324 2.96555
-0.084 4.65936 2.87437
-0.082 4.53006 2.78622
-0.08 4.40583 2.70133
-0.078 4.28718 2.61994
-0.076 4.17459 2.54227
-0.074 4.06855 2.46854
-0.072 3.96952 2.39896
-0.07 3.87795 2.33373
-0.068 3.79427 2.27304
-0.066 3.71891 2.21705
-0.064 3.65225 2.16593
-0.062 3.59465 2.11983
-0.06 3.54645 2.07887
-0.058 3.50795 2.04317
-0.056 3.47941 2.01283
-0.054 3.46108 1.98793
-0.052 3.45313 1.96852
-0.05 3.45573 1.95465
-0.048 3.46897 1.94632
-0.046 3.49291 1.94354
-0.044 3.52756 1.94628
-0.042 3.57288 1.95448
-0.04 3.62878 1.96807
-0.038 3.69511 1.98695
-0.036 3.77168 2.01101
-0.034 3.85823 2.04008
-0.032 3.95446 2.07401
-0.03 4.06 2.11259
-0.028 4.17445 2.15561
-0.026 4.29735 2.20282
-0.024 4.42817 2.25396
-0.022 4.56635 2.30875
-0.02 4.71128 2.36687
-0.018 4.86231 2.428
-0.016 5.01875 2.4918
-0.014 5.17985 2.5579
-0.012 5.34486 2.62593
-0.01 5.51297 2.69551
-0.008 5.68336 2.76622
-0.006 5.85519 2.83766
-0.004 6.02759 2.90942
-0.002 6.19968 2.98106
0 6.37058 3.05217
0.002 6.53946 3.12237
0.004 6.70537 3.19117
0.006 6.86745 3.25815
0.008 7.02483 3.32289
0.01 7.17666 3.38498
0.012 7.32212 3.44401
0.014 7.4604 3.4996
0.016 7.59073 3.55137
0.018 7.71238 3.59895
0.02 7.82465 3.642
0.022 7.92688 3.6802
0.024 8.01846 3.71323
0.026 8.09883 3.7408
0.028 8.16747 3.76266
0.03 8.22392 3.77856
0.032 8.26778 3.78828
0.034 8.29869 3.79164
0.036 8.31635 3.78847
0.038 8.32053 3.77861
0.04 8.31105 3.76197
0.042 8.28777 3.73844
0.044 8.25063 3.70797
0.046 8.19962 3.67051
0.048 8.13476 3.62605
0.05 8.05616 3.57461
0.052 7.96395 3.51621
0.054 7.85833 3.45091
0.056 7.73953 3.3788
0.058 7.60783 3.29998
0.06 7.46355 3.21457
0.062 7.30705 3.12271
0.064 7.13873 3.02456
0.066 6.95902 2.9203
0.068 6.76838 2.81013
0.07 6.56729 2.69426
0.072 6.35625 2.57291
0.074 6.13582 2.44631
0.076 5.90652 2.31472
0.078 5.66894 2.17839
0.08 5.42364 2.0376
0.082 5.17122 1.89262
0.084 4.91228 1.74374
0.086 4.64741 1.59125
0.088 4.37722 1.43544
0.09 4.10232 1.27662
0.092 3.82332 1.1151
0.094 3.54082 0.951179
0.096 3.25542 0.785172
0.098 2.9677 0.61739
0.1 2.67826 0.448146
0.102 2.38766 0.277752
0.104 2.09648 0.106519
0.106 1.80526 -0.0652445
0.108 1.51454 -0.23723
0.11 1.22485 -0.409133
0.112 0.936707 -0.580653
0.114 0.650595 -0.751492
0.116 0.366998 -0.921357
0.118 0.086378 -1.08996
0.12 -0.190821 -1.25702
0.122 -0.46417 -1.42226
0.124 -0.733262 -1.5854
0.126 -0.997705 -1.74619
0.128 -1.25713 -1.90437
0.13 -1.51117 -2.05968
0.132 -1.75951 -2.21189
0.134 -2.00183 -2.36075
0.136 -2.23782 -2.50605
0.138 -2.46721 -2.64756
0.14 -2.68975 -2.78508
0.142 -2.90519 -2.91841
0.144 -3.1133 -3.04735
0.146 -3.31389 -3.17172
0.148 -3.50677 -3.29135
0.15 -3.69177 -3.40608
0.152 -3.86874 -3.51575
0.154 -4.03753 -3.62023
0.156 -4.19805 -3.71937
0.158 -4.35018 -3.81306
0.16 -4.49384 -3.90119
0.162 -4.62895 -3.98364
0.164 -4.75547 -4.06034
0.166 -4.87334 -4.13119
0.168 -4.98256 -4.19613
0.17 -5.08309 -4.2551
0.172 -5.17494 -4.30805
0.174 -5.25813 -4.35493
0.176 -5.33268 -4.39572
0.178 -5.39863 -4.4304
0.18 -5.45603 -4.45896
0.182 -5.50494 -4.4814
0.184 -5.54542 -4.49774
0.186 -5.57758 -4.50799
0.188 -5.60149 -4.5122
0.19 -5.61726 -4.5104
0.192 -5.62501 -4.50264
0.194 -5.62486 -4.489
0.196 -5.61693 -4.46953
0.198 -5.60138 -4.44434
0.2 -5.57836 -4.41349
0.202 -5.54802 -4.37711
0.204 -5.51052 -4.3353
0.206 -5.46606 -4.28819
0.208 -5.41481 -4.23589
0.21 -5.35696 -4.17855
0.212 -5.29272 -4.11632
0.214 -5.22229 -4.04936
0.216 -5.1459 -3.97782
0.218 -5.06376 -3.90189
0.22 -4.9761 -3.82174
0.222 -4.88317 -3.73756
0.224 -4.7852 -3.64954
0.226 -4.68245 -3.5579
0.228 -4.57518 -3.46283
0.23 -4.46365 -3.36456
0.232 -4.34812 -3.26329
0.234 -4.22887 -3.15927
0.236 -4.10618 -3.05273
0.238 -3.98033 -2.94389
0.24 -3.8516 -2.83299
0.242 -3.72028 -2.72029
0.244 -3.58666 -2.60603
0.246 -3.45104 -2.49045
0.248 -3.31371 -2.3738
0.25 -3.17495 -2.25633
0.252 -3.03506 -2.1383
0.254 -2.89434 -2.01996
0.256 -2.75307 -1.90154
0.258 -2.61153 -1.78331
0.26 -2.47002 -1.6655
0.262 -2.3288 -1.54835
0.264 -2.18814 -1.4321
0.266 -2.04832 -1.31699
0.268 -1.90959 -1.20323
0.27 -1.7722 -1.09105
0.272 -1.6364 -0.980668
0.274 -1.5024 -0.87228
0.276 -1.37044 -0.766088
0.278 -1.24073 -0.662281
0.28 -1.11345 -0.561037
0.282 -0.988812 -0.462526
0.284 -0.866974 -0.366908
0.286 -0.748102 -0.274331
0.288 -0.632342 -0.184932
0.29 -0.519829 -0.0988374
0.292 -0.410685 -0.0161602
0.294 -0.305014 0.0629975
0.296 -0.202909 0.138546
0.298 -0.10445 0.210409
0.3 -0.0097001 0.278522
0.302 0.0812889 0.342831
0.304 0.16848 0.403299
0.306 0.251847 0.459898
0.308 0.331379 0.512613
0.31 0.407077 0.561441
0.312 0.478951 0.606391
0.314 0.547024 0.647484
0.316 0.611331 0.684752
0.318 0.671914 0.718236
0.32 0.728824 0.747991
0.322 0.782124 0.774079
0.324 0.831879 0.796572
0.326 0.878167 0.815552
0.328 0.921067 0.831108
0.33 0.960667 0.843338
0.332 0.997056 0.852346
0.334 1.03033 0.858245
0.336 1.06059 0.86115
0.338 1.08792 0.861187
0.34 1.11245 0.858481
0.342 1.13426 0.853166
0.344 1.15345 0.845376
0.346 1.17014 0.835251
0.348 1.18443 0.822931
0.35 1.19641 0.808559
0.352 1.20618 0.79228
0.354 1.21385 0.774238
0.356 1.2195 0.754578
0.358 1.22323 0.733446
0.36 1.22512 0.710985
0.362 1.22527 0.687338
0.364 1.22374 0.662645
0.366 1.22063 0.637046
0.368 1.21601 0.610677
0.37 1.20995 0.583671
0.372 1.20251 0.556158
0.374 1.19376 0.528265
0.376 1.18376 0.500114
0.378 1.17258 0.471823
0.38 1.16026 0.443507
0.382 1.14685 0.415274
0.384 1.13241 0.38723
0.386 1.11698 0.359473
0.388 1.10061 0.332097
0.39 1.08334 0.305191
0.392 1.06521 0.278838
0.394 1.04625 0.253116
0.396 1.02651 0.228096
0.398 1.00603 0.203845
0.4 0.984833 0.180423
0.402 0.962964 0.157884
0.404 0.940457 0.136277
0.406 0.917348 0.115645
0.408 0.893673 0.0960239
0.41 0.869468 0.0774457
0.412 0.844773 0.0599357
0.414 0.819623 0.0435135
0.416 0.794061 0.0281935
0.418 0.768125 0.0139844
0.42 0.741859 0.000889511
0.422 0.715305 -0.0110928
0.424 0.688509 -0.0219695
0.426 0.661517 -0.0317522
0.428 0.634378 -0.0404574
0.43 0.60714 -0.0481061
0.432 0.579855 -0.0547236
0.434 0.552576 -0.0603392
0.436 0.525357 -0.0649864
0.438 0.498251 -0.068702
0.44 0.471317 -0.0715263
0.442 0.444611 -0.0735027
0.444 0.418192 -0.0746776
0.446 0.392117 -0.0750999
0.448 0.366446 -0.0748206
0.45 0.341238 -0.0738929
0.452 0.316553 -0.0723717
0.454 0.292447 -0.0703131
0.456 0.26898 -0.0677746
0.458 0.246209 -0.0648141
0.46 0.224187 -0.0614901
0.462 0.20297 -0.0578614
0.464 0.182609 -0.0539863
0.466 0.163153 -0.0499229
0.468 0.144648 -0.0457283
0.47 0.127139 -0.0414587
0.472 0.110665 -0.0371686
0.474 0.0952624 -0.0329112
0.476 0.0809631 -0.0287374
0.478 0.0677947 -0.024696
0.48 0.05578 -0.0208334
0.482 0.0449363 -0.0171932
0.484 0.0352758 -0.0138158
0.486 0.0268046 -0.0107388
0.488 0.0195231 -0.00799624
0.49 0.0134249 -0.00561849
0.492 0.00849746 -0.00363231
0.494 0.00472127 -0.00206058
0.496 0.00206989 -0.00092215
0.498 0.000509748 -0.000231768
0.05 3.3449 1.67372
0.1 3.34482 1.67367
0.15 3.34468 1.67358
0.2 3.34449 1.67346
0.25 3.34424 1.67331
0.3 3.34394 1.67312
0.35 3.34359 1.67289
0.4 3.34318 1.67263
0.45 3.34272 1.67233
0.5 3.3422 1.672
0.55 3.34162 1.67164
0.6 3.341 1.67124
0.65 3.34031 1.67081
0.7 3.33957 1.67034
0.75 3.33878 1.66983
0.8 3.33793 1.66929
0.85 3.33703 1.66872
0.9 3.33607 1.66811
0.95 3.33505 1.66747
1 3.33398 1.66679
1.05 3.33285 1.66607
1.1 3.33167 1.66532
1.15 3.33043 1.66454
1.2 3.32913 1.66372
1.25 3.32778 1.66287
1.3 3.32637 1.66198
1.35 3.3249 1.66105
1.4 3.32338 1.66009
1.45 3.3218 1.65909
1.5 3.32016 1.65806
1.55 3.31847 1.65699
1.6 3.31671 1.65589
1.65 3.3149 1.65475
1.7 3.31303 1.65358
1.75 3.3111 1.65237
1.8 3.30912 1.65112
1.85 3.30707 1.64984
1.9 3.30497 1.64852
1.95 3.3028 1.64717
2 3.30058 1.64578
2.05 3.2983 1.64435
2.1 3.29595 1.64289
2.15 3.29355 1.64139
2.2 3.29109 1.63986
2.25 3.28856 1.63829
2.3 3.28598 1.63668
2.35 3.28333 1.63504
2.4 3.28062 1.63336
2.45 3.27785 1.63164
2.5 3.27501 1.62988
2.55 3.27212 1.62809
2.6 3.26916 1.62627
2.65 3.26614 1.6244
2.7 3.26306 1.6225
2.75 3.25991 1.62056
2.8 3.2567 1.61859
2.85 3.25342 1.61657
2.9 3.25008 1.61452
2.95 3.24668 1.61244
3 3.24321 1.61031
3.05 3.23967 1.60815
3.1 3.23607 1.60595
3.15 3.23241 1.60371
3.2 3.22868 1.60144
3.25 3.22488 1.59913
3.3 3.22101 1.59678
3.35 3.21708 1.59439
3.4 3.21308 1.59196
3.45 3.20902 1.5895
3.5 3.20488 1.587
3.55 3.20068 1.58446
3.6 3.19641 1.58188
3.65 3.19207 1.57927
3.7 3.18766 1.57661
3.75 3.18319 1.57392
3.8 3.17864 1.57119
3.85 3.17403 1.56843
3.9 3.16934 1.56562
3.95 3.16458 1.56277
4 3.15976 1.55989
4.05 3.15486 1.55697
4.1 3.1499 1.55401
4.15 3.14486 1.55101
4.2 3.13975 1.54798
4.25 3.13457 1.5449
4.3 3.12931 1.54179
4.35 3.12399 1.53864
4.4 3.11859 1.53545
4.45 3.11312 1.53222
4.5 3.10758 1.52895
4.55 3.10197 1.52565
4.6 3.09628 1.5223
4.65 3.09052 1.51892
4.7 3.08469 1.5155
4.75 3.07878 1.51204
4.8 3.0728 1.50854
4.85 3.06675 1.50501
4.9 3.06062 1.50143
4.95 3.05442 1.49782
5 3.04814 1.49417
5.05 3.04179 1.49048
5.1 3.03536 1.48676
5.15 3.02886 1.48299
5.2 3.02229 1.47919
5.25 3.01564 1.47534
5.3 3.00892 1.47147
5.35 3.00212 1.46755
5.4 2.99525 1.46359
5.45 2.9883 1.4596
5.5 2.98128 1.45557
5.55 2.97418 1.4515
5.6 2.96701 1.44739
5.65 2.95976 1.44325
5.7 2.95243 1.43907
5.75 2.94504 1.43485
5.8 2.93756 1.4306
5.85 2.93002 1.42631
5.9 2.92239 1.42198
5.95 2.9147 1.41761
6 2.90692 1.41321
6.05 2.89908 1.40877
6.1 2.89116 1.40429
6.15 2.88316 1.39978
6.2 2.87509 1.39524
6.25 2.86695 1.39065
6.3 2.85873 1.38603
6.35 2.85044 1.38138
6.4 2.84207 1.37669
6.45 2.83363 1.37196
6.5 2.82512 1.3672
6.55 2.81653 1.36241
6.6 2.80787 1.35758
6.65 2.79914 1.35271
6.7 2.79033 1.34781
6.75 2.78146 1.34288
6.8 2.77251 1.33791
6.85 2.76349 1.33291
6.9 2.75439 1.32788
6.95 2.74523 1.32281
7 2.736 1.31771
7.05 2.72669 1.31258
7.1 2.71732 1.30742
7.15 2.70787 1.30222
7.2 2.69836 1.29699
7.25 2.68877 1.29173
7.3 2.67912 1.28644
7.35 2.6694 1.28111
7.4 2.65961 1.27576
7.45 2.64976 1.27038
7.5 2.63983 1.26496
7.55 2.62984 1.25952
7.6 2.61979 1.25404
7.65 2.60967 1.24854
7.7 2.59948 1.24301
7.75 2.58923 1.23745
7.8 2.57892 1.23186
7.85 2.56854 1.22624
7.9 2.5581 1.2206
7.95 2.54759 1.21492
8 2.53703 1.20923
8.05 2.5264 1.2035
8.1 2.51572 1.19775
8.15 2.50497 1.19197
8.2 2.49416 1.18617
8.25 2.4833 1.18034
8.3 2.47237 1.17449
8.35 2.46139 1.16861
8.4 2.45036 1.16271
8.45 2.43926 1.15679
8.5 2.42812 1.15084
8.55 2.41691 1.14487
8.6 2.40565 1.13888
8.65 2.39434 1.13286
8.7 2.38298 1.12683
8.75 2.37157 1.12077
8.8 2.3601 1.11469
8.85 2.34859 1.1086
8.9 2.33702 1.10248
8.95 2.32541 1.09635
9 2.31375 1.09019
9.05 2.30204 1.08402
9.1 2.29029 1.07783
9.15 2.27849 1.07162
9.2 2.26665 1.06539
9.25 2.25476 1.05915
9.3 2.24283 1.0529
9.35 2.23086 1.04662
9.4 2.21885 1.04034
9.45 2.2068 1.03403
9.5 2.19471 1.02772
9.55 2.18259 1.02139
9.6 2.17042 1.01505
9.65 2.15822 1.00869
9.7 2.14599 1.00233
9.75 2.13372 0.995947
9.8 2.12142 0.989558
9.85 2.10908 0.983159
9.9 2.09672 0.976749
9.95 2.08432 0.970331
10 2.0719 0.963903
10.05 2.05944 0.957467
10.1 2.04696 0.951024
10.15 2.03446 0.944573
10.2 2.02193 0.938115
10.25 2.00937 0.931652
10.3 1.99679 0.925182
10.35 1.98419 0.918708
10.4 1.97157 0.912229
10.45 1.95893 0.905746
10.5 1.94627 0.899259
10.55 1.93359 0.89277
10.6 1.9209 0.886278
10.65 1.90819 0.879785
10.7 1.89547 0.87329
10.75 1.88273 0.866795
10.8 1.86998 0.860299
10.85 1.85722 0.853804
10.9 1.84446 0.84731
10.95 1.83168 0.840817
11 1.81889 0.834327
11.05 1.8061 0.827839
11.1 1.7933 0.821354
11.15 1.7805 0.814873
11.2 1.76769 0.808396
11.25 1.75488 0.801925
11.3 1.74207 0.795458
11.35 1.72926 0.788998
11.4 1.71646 0.782544
11.45 1.70365 0.776097
11.5 1.69085 0.769658
11.55 1.67805 0.763227
11.6 1.66526 0.756805
11.65 1.65247 0.750392
11.7 1.6397 0.743988
11.75 1.62693 0.737596
11.8 1.61417 0.731214
11.85 1.60142 0.724844
11.9 1.58869 0.718485
11.95 1.57597 0.71214
12 1.56326 0.705807
12.05 1.55057 0.699488
12.1 1.5379 0.693183
12.15 1.52524 0.686893
12.2 1.51261 0.680618
12.25 1.49999 0.674359
12.3 1.48739 0.668116
12.35 1.47482 0.66189
12.4 1.46227 0.655681
12.45 1.44975 0.64949
12.5 1.43725 0.643317
12.55 1.42477 0.637163
12.6 1.41233 0.631029
12.65 1.39991 0.624914
12.7 1.38752 0.61882
12.75 1.37517 0.612747
12.8 1.36284 0.606695
12.85 1.35055 0.600664
12.9 1.33829 0.594656
12.95 1.32607 0.588671
13 1.31388 0.582709
13.05 1.30173 0.576771
13.1 1.28962 0.570857
13.15 1.27755 0.564968
13.2 1.26551 0.559103
13.25 1.25352 0.553265
13.3 1.24157 0.547452
13.35 1.22966 0.541665
13.4 1.21779 0.535906
13.45 1.20597 0.530174
13.5 1.1942 0.524469
13.55 1.18247 0.518793
13.6 1.17079 0.513145
13.65 1.15915 0.507526
13.7 1.14757 0.501936
13.75 1.13603 0.496376
13.8 1.12455 0.490847
13.85 1.11312 0.485347
13.9 1.10174 0.479879
13.95 1.09041 0.474442
14 1.07914 0.469036
14.05 1.06792 0.463663
14.1 1.05676 0.458322
14.15 1.04565 0.453013
14.2 1.0346 0.447738
14.25 1.02361 0.442496
14.3 1.01268 0.437287
14.35 1.00181 0.432113
14.4 0.990993 0.426973
14.45 0.980241 0.421867
14.5 0.96955 0.416797
14.55 0.958921 0.411761
14.6 0.948355 0.406761
14.65 0.937852 0.401797
14.7 0.927414 0.396869
14.75 0.91704 0.391977
14.8 0.906731 0.387122
14.85 0.896488 0.382303
14.9 0.886312 0.377522
14.95 0.876202 0.372778
15 0.86616 0.368071
15.05 0.856186 0.363402
15.1 0.84628 0.358771
15.15 0.836444 0.354179
15.2 0.826676 0.349624
15.25 0.816979 0.345108
15.3 0.807353 0.340631
15.35 0.797797 0.336193
15.4 0.788313 0.331793
15.45 0.7789 0.327433
15.5 0.769559 0.323112
15.55 0.760291 0.318831
15.6 0.751096 0.31459
15.65 0.741974 0.310388
15.7 0.732926 0.306226
15.75 0.723951 0.302104
15.8 0.715051 0.298023
15.85 0.706225 0.293981
15.9 0.697474 0.28998
15.95 0.688797 0.286019
16 0.680196 0.282099
16.05 0.671671 0.278219
16.1 0.663221 0.27438
16.15 0.654847 0.270581
16.2 0.64655 0.266823
16.25 0.638328 0.263106
16.3 0.630183 0.25943
16.35 0.622115 0.255794
16.4 0.614123 0.2522
16.45 0.606208 0.248646
16.5 0.598369 0.245132
16.55 0.590608 0.24166
16.6 0.582924 0.238229
16.65 0.575317 0.234838
16.7 0.567786 0.231488
16.75 0.560333 0.228178
16.8 0.552958 0.22491
16.85 0.545659 0.221681
16.9 0.538437 0.218494
16.95 0.531293 0.215347
17 0.524225 0.21224
17.05 0.517235 0.209174
17.1 0.510321 0.206147
17.15 0.503484 0.203162
17.2 0.496723 0.200216
17.25 0.49004 0.19731
17.3 0.483432 0.194443
17.35 0.476901 0.191617
17.4 0.470446 0.18883
17.45 0.464067 0.186082
17.5 0.457764 0.183374
17.55 0.451536 0.180705
17.6 0.445383 0.178075
17.65 0.439306 0.175484
17.7 0.433303 0.172932
17.75 0.427375 0.170418
17.8 0.421522 0.167942
17.85 0.415742 0.165504
17.9 0.410036 0.163105
17.95 0.404404 0.160743
18 0.398845 0.158419
18.05 0.393359 0.156132
18.1 0.387945 0.153882
18.15 0.382603 0.151669
18.2 0.377333 0.149493
18.25 0.372135 0.147353
18.3 0.367008 0.145249
18.35 0.361951 0.143182
18.4 0.356964 0.14115
18.45 0.352048 0.139154
18.5 0.347201 0.137193
18.55 0.342422 0.135267
18.6 0.337713 0.133375
18.65 0.333071 0.131518
18.7 0.328498 0.129696
18.75 0.323991 0.127907
18.8 0.319551 0.126151
18.85 0.315178 0.124429
18.9 0.31087 0.122741
18.95 0.306627 0.121084
19 0.302449 0.119461
19.05 0.298335 0.117869
19.1 0.294285 0.116309
19.15 0.290298 0.114781
19.2 0.286374 0.113284
19.25 0.282512 0.111818
19.3 0.278711 0.110382
19.35 0.274972 0.108977
19.4 0.271292 0.107602
19.45 0.267673 0.106256
19.5 0.264112 0.10494
19.55 0.260611 0.103652
19.6 0.257167 0.102393
19.65 0.253781 0.101162
19.7 0.250452 0.0999595
19.75 0.247179 0.0987843
19.8 0.243962 0.0976363
19.85 0.2408 0.0965152
19.9 0.237692 0.0954206
19.95 0.234638 0.0943521
20 0.231637 0.0933095
20.05 0.228689 0.0922924
20.1 0.225793 0.0913003
20.15 0.222948 0.090333
20.2 0.220153 0.0893901
20.25 0.217409 0.0884712
20.3 0.214714 0.0875759
20.35 0.212067 0.086704
20.4 0.209469 0.085855
20.45 0.206918 0.0850285
20.5 0.204414 0.0842243
20.55 0.201956 0.0834419
20.6 0.199543 0.0826809
20.65 0.197175 0.081941
20.7 0.194852 0.0812219
20.75 0.192571 0.0805231
20.8 0.190334 0.0798444
20.85 0.188138 0.0791852
20.9 0.185985 0.0785453
20.95 0.183872 0.0779243
21 0.181799 0.0773218
21.05 0.179765 0.0767375
21.1 0.177771 0.0761709
21.15 0.175815 0.0756218
21.2 0.173896 0.0750897
21.25 0.172014 0.0745743
21.3 0.170168 0.0740753
21.35 0.168358 0.0735922
21.4 0.166583 0.0731247
21.45 0.164842 0.0726724
21.5 0.163135 0.0722351
21.55 0.161461 0.0718122
21.6 0.159819 0.0714036
21.65 0.158209 0.0710087
21.7 0.156629 0.0706273
21.75 0.155081 0.070259
21.8 0.153562 0.0699035
21.85 0.152072 0.0695604
21.9 0.150611 0.0692294
21.95 0.149178 0.0689101
22 0.147772 0.0686021
22.05 0.146393 0.0683053
22.1 0.14504 0.0680191
22.15 0.143712 0.0677433
22.2 0.14241 0.0674775
22.25 0.141131 0.0672215
22.3 0.139877 0.0669748
22.35 0.138645 0.0667372
22.4 0.137437 0.0665084
22.45 0.13625 0.0662879
22.5 0.135084 0.0660756
22.55 0.13394 0.0658711
22.6 0.132815 0.065674
22.65 0.131711 0.0654841
22.7 0.130625 0.0653011
22.75 0.129559 0.0651247
22.8 0.12851 0.0649545
22.85 0.127479 0.0647904
22.9 0.126465 0.0646319
22.95 0.125468 0.0644788
23 0.124487 0.0643309
23.05 0.123521 0.0641877
23.1 0.12257 0.0640492
23.15 0.121634 0.0639149
23.2 0.120712 0.0637847
23.25 0.119803 0.0636583
23.3 0.118908 0.0635353
23.35 0.118025 0.0634155
23.4 0.117154 0.0632988
23.45 0.116295 0.0631848
23.5 0.115448 0.0630733
23.55 0.114611 0.062964
23.6 0.113785 0.0628567
23.65 0.112969 0.0627512
23.7 0.112162 0.0626473
23.75 0.111365 0.0625447
23.8 0.110576 0.0624431
23.85 0.109796 0.0623425
23.9 0.109024 0.0622425
23.95 0.108259 0.0621429
24 0.107502 0.0620437
24.05 0.106751 0.0619444
24.1 0.106008 0.061845
24.15 0.10527 0.0617453
24.2 0.104538 0.0616451
24.25 0.103812 0.0615441
24.3 0.103091 0.0614422
24.35 0.102375 0.0613393
24.4 0.101663 0.0612352
24.45 0.100956 0.0611296
24.5 0.100253 0.0610224
24.55 0.0995536 0.0609136
24.6 0.0988575 0.0608028
24.65 0.0981646 0.06069
24.7 0.0974746 0.0605751
24.75 0.0967873 0.0604578
24.8 0.0961024 0.0603381
24.85 0.0954196 0.0602157
24.9 0.0947388 0.0600907
24.95 0.0940597 0.0599628
25 0.093382 0.059832
25.05 0.0927057 0.0596981
25.1 0.0920304 0.059561
25.15 0.0913561 0.0594206
25.2 0.0906824 0.0592768
25.25 0.0900092 0.0591296
25.3 0.0893364 0.0589787
25.35 0.0886638 0.0588242
25.4 0.0879912 0.0586659
25.45 0.0873185 0.0585037
25.5 0.0866455 0.0583376
25.55 0.0859722 0.0581676
25.6 0.0852982 0.0579934
25.65 0.0846237 0.0578152
25.7 0.0839483 0.0576327
25.75 0.0832721 0.057446
25.8 0.0825949 0.057255
25.85 0.0819166 0.0570596
25.9 0.0812372 0.0568598
25.95 0.0805565 0.0566556
26 0.0798745 0.0564469
26.05 0.0791911 0.0562337
26.1 0.0785063 0.0560159
26.15 0.0778199 0.0557936
26.2 0.077132 0.0555666
26.25 0.0764425 0.0553351
26.3 0.0757513 0.0550989
26.35 0.0750584 0.054858
26.4 0.0743639 0.0546125
26.45 0.0736676 0.0543624
26.5 0.0729696 0.0541075
26.55 0.0722698 0.053848
26.6 0.0715683 0.0535839
26.65 0.070865 0.0533151
26.7 0.07016 0.0530416
26.75 0.0694532 0.0527635
26.8 0.0687447 0.0524808
26.85 0.0680345 0.0521935
26.9 0.0673226 0.0519017
26.95 0.0666091 0.0516052
27 0.0658939 0.0513043
27.05 0.0651772 0.0509989
27.1 0.064459 0.050689
27.15 0.0637392 0.0503747
27.2 0.0630181 0.0500561
27.25 0.0622956 0.0497331
27.3 0.0615717 0.0494058
27.35 0.0608467 0.0490743
27.4 0.0601204 0.0487386
27.45 0.059393 0.0483987
27.5 0.0586646 0.0480548
27.55 0.0579353 0.0477068
27.6 0.0572051 0.0473549
27.65 0.0564741 0.0469991
27.7 0.0557424 0.0466394
27.75 0.0550101 0.0462759
27.8 0.0542773 0.0459087
27.85 0.053544 0.0455379
27.9 0.0528105 0.0451635
27.95 0.0520767 0.0447857
28 0.0513429 0.0444043
28.05 0.050609 0.0440197
28.1 0.0498752 0.0436318
28.15 0.0491417 0.0432406
28.2 0.0484085 0.0428464
28.25 0.0476758 0.0424492
28.3 0.0469436 0.042049
28.35 0.0462121 0.0416459
28.4 0.0454814 0.0412401
28.45 0.0447516 0.0408316
28.5 0.0440229 0.0404205
28.55 0.0432953 0.0400069
28.6 0.0425691 0.0395909
28.65 0.0418443 0.0391726
28.7 0.041121 0.038752
28.75 0.0403994 0.0383293
28.8 0.0396796 0.0379046
28.85 0.0389618 0.0374779
28.9 0.0382461 0.0370494
28.95 0.0375325 0.0366192
29 0.0368213 0.0361873
29.05 0.0361125 0.0357538
29.1 0.0354063 0.0353189
29.15 0.0347029 0.0348826
29.2 0.0340023 0.0344451
29.25 0.0333047 0.0340065
29.3 0.0326102 0.0335667
29.35 0.031919 0.0331261
29.4 0.0312311 0.0326845
29.45 0.0305468 0.0322422
29.5 0.0298661 0.0317993
29.55 0.0291891 0.0313558
29.6 0.0285161 0.0309119
29.65 0.0278471 0.0304676
29.7 0.0271822 0.030023
29.75 0.0265216 0.0295783
29.8 0.0258653 0.0291336
29.85 0.0252136 0.0286889
29.9 0.0245666 0.0282444
29.95 0.0239243 0.0278001
30 0.0232868 0.0273561
30.05 0.0226544 0.0269126
30.1 0.0220271 0.0264697
30.15 0.021405 0.0260274
30.2 0.0207882 0.0255858
30.25 0.0201769 0.025145
30.3 0.0195711 0.0247052
30.35 0.018971 0.0242664
30.4 0.0183766 0.0238287
30.45 0.0177881 0.0233923
30.5 0.0172056 0.0229571
30.55 0.0166292 0.0225233
30.6 0.0160589 0.022091
30.65 0.0154948 0.0216603
30.7 0.0149372 0.0212312
30.75 0.0143859 0.0208038
30.8 0.0138412 0.0203784
30.85 0.0133031 0.0199548
30.9 0.0127717 0.0195332
30.95 0.0122471 0.0191137
31 0.0117293 0.0186964
31.05 0.0112184 0.0182813
31.1 0.0107146 0.0178686
31.15 0.0102178 0.0174582
31.2 0.00972813 0.0170504
31.25 0.00924569 0.016645
31.3 0.00877051 0.0162424
31.35 0.00830266 0.0158424
31.4 0.00784218 0.0154452
31.45 0.00738914 0.0150509
31.5 0.00694358 0.0146594
31.55 0.00650556 0.014271
31.6 0.00607512 0.0138856
31.65 0.00565229 0.0135033
31.7 0.00523713 0.0131241
31.75 0.00482966 0.0127483
31.8 0.00442993 0.0123757
31.85 0.00403796 0.0120064
31.9 0.00365377 0.0116406
31.95 0.00327741 0.0112782
32 0.00290888 0.0109194
32.05 0.00254821 0.0105641
32.1 0.00219541 0.0102125
32.15 0.0018505 0.00986449
32.2 0.00151349 0.00952022
32.25 0.00118439 0.00917972
32.3 0.000863196 0.00884302
32.35 0.000549916 0.00851017
32.4 0.000244549 0.00818121
32.45 -5.29085e-05 0.00785618
32.5 -0.000342464 0.00753511
32.55 -0.000624126 0.00721804
32.6 -0.000897906 0.00690501
32.65 -0.00116382 0.00659604
32.7 -0.00142189 0.00629117
32.75 -0.00167212 0.00599043
32.8 -0.00191456 0.00569384
32.85 -0.00214921 0.00540143
32.9 -0.00237611 0.00511322
32.95 -0.0025953 0.00482924
33 -0.00280679 0.0045495
33.05 -0.00301064 0.00427403
33.1 -0.00320688 0.00400284
33.15 -0.00339555 0.00373595
33.2 -0.0035767 0.00347337
33.25 -0.00375037 0.00321512
33.3 -0.00391661 0.00296121
33.35 -0.00407547 0.00271164
33.4 -0.00422701 0.00246642
33.45 -0.00437129 0.00222556
33.5 -0.00450835 0.00198907
33.55 -0.00463827 0.00175694
33.6 -0.0047611 0.00152919
33.65 -0.00487692 0.0013058
33.7 -0.00498578 0.00108678
33.75 -0.00508776 0.000872125
33.8 -0.00518293 0.00066183
33.85 -0.00527136 0.000455889
33.9 -0.00535313 0.000254295
33.95 -0.00542831 5.70394e-05
34 -0.00549699 -0.000135888
34.05 -0.00555925 -0.000324499
34.1 -0.00561517 -0.000508807
34.15 -0.00566482 -0.000688826
34.2 -0.00570831 -0.000864571
34.25 -0.00574572 -0.00103606
34.3 -0.00577713 -0.00120331
34.35 -0.00580265 -0.00136634
34.4 -0.00582235 -0.00152518
34.45 -0.00583634 -0.00167984
34.5 -0.00584471 -0.00183034
34.55 -0.00584756 -0.00197672
34.6 -0.00584498 -0.002119
34.65 -0.00583708 -0.0022572
34.7 -0.00582396 -0.00239136
34.75 -0.00580571 -0.00252149
34.8 -0.00578244 -0.00264764
34.85 -0.00575425 -0.00276983
34.9 -0.00572125 -0.0028881
34.95 -0.00568354 -0.00300248
35 -0.00564123 -0.003113
35.05 -0.00559443 -0.0032197
35.1 -0.00554325 -0.00332261
35.15 -0.00548778 -0.00342177
35.2 -0.00542815 -0.00351723
35.25 -0.00536446 -0.00360901
35.3 -0.00529682 -0.00369716
35.35 -0.00522534 -0.00378171
35.4 -0.00515013 -0.00386272
35.45 -0.00507131 -0.00394022
35.5 -0.00498899 -0.00401426
35.55 -0.00490328 -0.00408487
35.6 -0.00481428 -0.0041521
35.65 -0.00472212 -0.004216
35.7 -0.0046269 -0.00427662
35.75 -0.00452875 -0.00433399
35.8 -0.00442776 -0.00438817
35.85 -0.00432405 -0.0044392
35.9 -0.00421774 -0.00448712
35.95 -0.00410894 -0.004532
36 -0.00399775 -0.00457387
36.05 -0.0038843 -0.00461279
36.1 -0.00376868 -0.00464881
36.15 -0.00365102 -0.00468196
36.2 -0.00353142 -0.00471232
36.25 -0.00341 -0.00473992
36.3 -0.00328685 -0.00476481
36.35 -0.0031621 -0.00478706
36.4 -0.00303584 -0.0048067
36.45 -0.00290819 -0.0048238
36.5 -0.00277926 -0.00483839
36.55 -0.00264914 -0.00485054
36.6 -0.00251795 -0.0048603
36.65 -0.00238579 -0.00486772
36.7 -0.00225277 -0.00487285
36.75 -0.00211897 -0.00487574
36.8 -0.00198452 -0.00487646
36.85 -0.00184951 -0.00487504
36.9 -0.00171403 -0.00487154
36.95 -0.00157819 -0.00486602
37 -0.00144208 -0.00485852
37.05 -0.00130581 -0.00484911
37.1 -0.00116946 -0.00483782
37.15 -0.00103313 -0.00482473
37.2 -0.000896915 -0.00480987
37.25 -0.000760903 -0.00479329
37.3 -0.000625185 -0.00477506
37.35 -0.00048985 -0.00475523
37.4 -0.000354985 -0.00473383
37.45 -0.000220677 -0.00471093
37.5 -8.7009e-05 -0.00468658
37.55 4.59346e-05 -0.00466083
37.6 0.000178073 -0.00463372
37.65 0.000309326 -0.00460531
37.7 0.000439615 -0.00457565
37.75 0.000568863 -0.00454479
37.8 0.000696994 -0.00451277
37.85 0.000823936 -0.00447965
37.9 0.000949616 -0.00444547
37.95 0.00107396 -0.00441028
38 0.00119691 -0.00437413
38.05 0.00131839 -0.00433707
38.1 0.00143833 -0.00429913
38.15 0.00155668 -0.00426038
38.2 0.00167337 -0.00422085
38.25 0.00178834 -0.00418059
38.3 0.00190154 -0.00413964
38.35 0.00201289 -0.00409805
38.4 0.00212237 -0.00405586
38.45 0.00222989 -0.00401311
38.5 0.00233543 -0.00396985
38.55 0.00243892 -0.00392612
38.6 0.00254033 -0.00388196
38.65 0.0026396 -0.0038374
38.7 0.00273669 -0.00379249
38.75 0.00283156 -0.00374727
38.8 0.00292417 -0.00370178
38.85 0.00301448 -0.00365605
38.9 0.00310245 -0.00361013
38.95 0.00318805 -0.00356404
39 0.00327125 -0.00351783
39.05 0.00335201 -0.00347152
39.1 0.00343032 -0.00342516
39.15 0.00350613 -0.00337877
39.2 0.00357942 -0.0033324
39.25 0.00365018 -0.00328607
39.3 0.00371837 -0.00323981
39.35 0.00378398 -0.00319366
39.4 0.003847 -0.00314765
39.45 0.00390739 -0.0031018
39.5 0.00396516 -0.00305614
39.55 0.00402028 -0.00301071
39.6 0.00407275 -0.00296552
39.65 0.00412256 -0.00292061
39.7 0.0041697 -0.002876
39.75 0.00421416 -0.00283171
39.8 0.00425593 -0.00278778
39.85 0.00429503 -0.00274422
39.9 0.00433144 -0.00270105
39.95 0.00436517 -0.0026583
40 0.00439621 -0.002616
40.05 0.00442459 -0.00257415
40.1 0.00445029 -0.00253278
40.15 0.00447332 -0.00249191
40.2 0.00449371 -0.00245155
40.25 0.00451145 -0.00241173
40.3 0.00452656 -0.00237246
40.35 0.00453905 -0.00233376
40.4 0.00454894 -0.00229563
40.45 0.00455624 -0.00225811
40.5 0.00456097 -0.00222119
40.55 0.00456316 -0.0021849
40.6 0.00456281 -0.00214924
40.65 0.00455996 -0.00211422
40.7 0.00455462 -0.00207986
40.75 0.00454683 -0.00204617
40.8 0.00453661 -0.00201316
40.85 0.00452397 -0.00198083
40.9 0.00450897 -0.0019492
40.95 0.00449161 -0.00191826
41 0.00447194 -0.00188804
41.05 0.00444998 -0.00185852
41.1 0.00442577 -0.00182973
41.15 0.00439934 -0.00180166
41.2 0.00437073 -0.00177431
41.25 0.00433998 -0.0017477
41.3 0.00430711 -0.00172182
41.35 0.00427217 -0.00169667
41.4 0.0042352 -0.00167226
41.45 0.00419624 -0.00164859
41.5 0.00415532 -0.00162566
41.55 0.00411249 -0.00160347
41.6 0.0040678 -0.00158201
41.65 0.00402128 -0.00156129
41.7 0.00397297 -0.0015413
41.75 0.00392293 -0.00152204
41.8 0.0038712 -0.00150352
41.85 0.00381782 -0.00148571
41.9 0.00376284 -0.00146863
41.95 0.00370631 -0.00145226
42 0.00364827 -0.00143661
42.05 0.00358878 -0.00142166
42.1 0.00352787 -0.00140741
42.15 0.0034656 -0.00139385
42.2 0.00340202 -0.00138098
42.25 0.00333718 -0.00136879
42.3 0.00327113 -0.00135727
42.35 0.00320392 -0.00134641
42.4 0.00313559 -0.00133621
42.45 0.0030662 -0.00132665
42.5 0.0029958 -0.00131773
42.55 0.00292444 -0.00130944
42.6 0.00285218 -0.00130176
42.65 0.00277906 -0.00129469
42.7 0.00270513 -0.00128822
42.75 0.00263045 -0.00128233
42.8 0.00255507 -0.00127701
42.85 0.00247903 -0.00127226
42.9 0.0024024 -0.00126805
42.95 0.00232521 -0.00126439
43 0.00224753 -0.00126125
43.05 0.0021694 -0.00125862
43.1 0.00209088 -0.0012565
43.15 0.00201201 -0.00125486
43.2 0.00193285 -0.0012537
43.25 0.00185345 -0.001253
43.3 0.00177384 -0.00125274
43.35 0.0016941 -0.00125293
43.4 0.00161426 -0.00125353
43.45 0.00153437 -0.00125453
43.5 0.00145448 -0.00125593
43.55 0.00137465 -0.00125771
43.6 0.00129491 -0.00125985
43.65 0.00121532 -0.00126234
43.7 0.00113591 -0.00126517
43.75 0.00105675 -0.00126832
43.8 0.000977866 -0.00127177
43.85 0.000899313 -0.00127551
43.9 0.000821133 -0.00127953
43.95 0.00074337 -0.00128381
44 0.000666067 -0.00128834
44.05 0.000589266 -0.0012931
44.1 0.000513011 -0.00129808
44.15 0.000437341 -0.00130326
44.2 0.000362299 -0.00130864
44.25 0.000287923 -0.00131418
44.3 0.000214253 -0.00131989
44.35 0.000141327 -0.00132573
44.4 6.91834e-05 -0.00133171
44.45 -2.14153e-06 -0.00133781
44.5 -7.26116e-05 -0.00134401
44.55 -0.000142192 -0.0013503
44.6 -0.000210847 -0.00135666
44.65 -0.000278544 -0.00136308
44.7 -0.000345251 -0.00136954
44.75 -0.000410935 -0.00137604
44.8 -0.000475565 -0.00138256
44.85 -0.000539112 -0.00138909
44.9 -0.000601545 -0.0013956
44.95 -0.000662838 -0.0014021
45 -0.000722962 -0.00140856
45.05 -0.000781891 -0.00141498
45.1 -0.0008396 -0.00142134
45.15 -0.000896065 -0.00142763
45.2 -0.00095126 -0.00143384
45.25 -0.00100517 -0.00143995
45.3 -0.00105776 -0.00144596
45.35 -0.00110902 -0.00145185
45.4 -0.00115892 -0.00145761
45.45 -0.00120746 -0.00146323
45.5 -0.0012546 -0.0014687
45.55 -0.00130034 -0.00147401
45.6 -0.00134466 -0.00147915
45.65 -0.00138754 -0.00148411
45.7 -0.00142897 -0.00148888
45.75 -0.00146894 -0.00149345
45.8 -0.00150743 -0.00149781
45.85 -0.00154444 -0.00150195
45.9 -0.00157995 -0.00150586
45.95 -0.00161396 -0.00150954
46 -0.00164645 -0.00151298
46.05 -0.00167743 -0.00151617
46.1 -0.00170688 -0.00151909
46.15 -0.0017348 -0.00152176
46.2 -0.00176119 -0.00152415
46.25 -0.00178604 -0.00152626
46.3 -0.00180936 -0.00152808
46.35 -0.00183113 -0.00152961
46.4 -0.00185136 -0.00153085
46.45 -0.00187006 -0.00153178
46.5 -0.00188722 -0.00153241
46.55 -0.00190284 -0.00153272
46.6 -0.00191693 -0.00153271
46.65 -0.0019295 -0.00153239
46.7 -0.00194055 -0.00153174
46.75 -0.00195008 -0.00153076
46.8 -0.0019581 -0.00152944
46.85 -0.00196463 -0.00152779
46.9 -0.00196966 -0.00152581
46.95 -0.00197321 -0.00152348
47 -0.00197529 -0.00152081
47.05 -0.00197592 -0.00151779
47.1 -0.00197509 -0.00151443
47.15 -0.00197284 -0.00151072
47.2 -0.00196916 -0.00150667
47.25 -0.00196408 -0.00150226
47.3 -0.0019576 -0.0014975
47.35 -0.00194975 -0.0014924
47.4 -0.00194055 -0.00148694
47.45 -0.00193 -0.00148114
47.5 -0.00191813 -0.00147499
47.55 -0.00190496 -0.00146849
47.6 -0.0018905 -0.00146165
47.65 -0.00187478 -0.00145446
47.7 -0.00185781 -0.00144693
47.75 -0.00183963 -0.00143905
47.8 -0.00182024 -0.00143084
47.85 -0.00179967 -0.0014223
47.9 -0.00177795 -0.00141342
47.95 -0.00175509 -0.00140421
48 -0.00173113 -0.00139468
48.05 -0.00170608 -0.00138482
48.1 -0.00167997 -0.00137465
48.15 -0.00165283 -0.00136416
48.2 -0.00162469 -0.00135336
48.25 -0.00159556 -0.00134225
48.3 -0.00156547 -0.00133084
48.35 -0.00153446 -0.00131914
48.4 -0.00150255 -0.00130714
48.45 -0.00146977 -0.00129486
48.5 -0.00143614 -0.0012823
48.55 -0.00140169 -0.00126946
48.6 -0.00136646 -0.00125635
48.65 -0.00133047 -0.00124298
48.7 -0.00129375 -0.00122936
48.75 -0.00125633 -0.00121548
48.8 -0.00121824 -0.00120136
48.85 -0.00117951 -0.001187
48.9 -0.00114017 -0.00117241
48.95 -0.00110024 -0.0011576
49 -0.00105977 -0.00114257
49.05 -0.00101877 -0.00112733
49.1 -0.000977291 -0.00111189
49.15 -0.000935348 -0.00109626
49.2 -0.000892976 -0.00108044
49.25 -0.000850207 -0.00106444
49.3 -0.000807069 -0.00104827
49.35 -0.000763595 -0.00103193
49.4 -0.000719815 -0.00101544
49.45 -0.000675759 -0.000998805
49.5 -0.000631457 -0.000982029
49.55 -0.000586941 -0.000965122
49.6 -0.00054224 -0.000948092
49.65 -0.000497384 -0.000930947
49.7 -0.000452405 -0.000913696
49.75 -0.00040733 -0.000896348
49.8 -0.000362192 -0.000878911
49.85 -0.000317018 -0.000861392
49.9 -0.000271838 -0.000843802
49.95 -0.000226682 -0.000826147
50 -0.000181578 -0.000808438
