-0.498 -0.000267657 -0.000131271
-0.496 -0.00106077 -0.000514028
-0.494 -0.00236362 -0.0011307
-0.492 -0.00415942 -0.00196252
-0.49 -0.00643042 -0.0029896
-0.488 -0.00915814 -0.00419113
-0.486 -0.0123235 -0.00554543
-0.484 -0.0159069 -0.00703017
-0.482 -0.0198886 -0.00862242
-0.48 -0.0242488 -0.0102989
-0.478 -0.0289675 -0.0120359
-0.476 -0.0340254 -0.0138098
-0.474 -0.0394031 -0.0155969
-0.472 -0.0450821 -0.0173734
-0.47 -0.0510445 -0.0191162
-0.468 -0.0572731 -0.0208022
-0.466 -0.0637518 -0.0224092
-0.464 -0.0704656 -0.0239153
-0.462 -0.0774006 -0.0252996
-0.46 -0.0845443 -0.0265422
-0.458 -0.0918856 -0.027624
-0.456 -0.0994149 -0.028527
-0.454 -0.107124 -0.0292346
-0.452 -0.115006 -0.0297314
-0.45 -0.123057 -0.0300034
-0.448 -0.131273 -0.030038
-0.446 -0.139653 -0.0298241
-0.444 -0.148198 -0.0293525
-0.442 -0.156908 -0.0286152
-0.44 -0.165788 -0.0276061
-0.438 -0.174843 -0.0263208
-0.436 -0.184079 -0.0247567
-0.434 -0.193506 -0.0229127
-0.432 -0.203132 -0.0207897
-0.43 -0.21297 -0.0183902
-0.428 -0.223031 -0.0157184
-0.426 -0.233329 -0.0127802
-0.424 -0.243878 -0.00958339
-0.422 -0.254694 -0.00613702
-0.42 -0.265792 -0.00245194
-0.418 -0.277191 0.00145957
-0.416 -0.288905 0.00558379
-0.414 -0.300954 0.00990564
-0.412 -0.313354 0.0144088
-0.41 -0.326123 0.0190756
-0.408 -0.339277 0.0238876
-0.406 -0.352833 0.028825
-0.404 -0.366806 0.0338675
-0.402 -0.381211 0.0389938
-0.4 -0.396062 0.0441821
-0.398 -0.411372 0.0494099
-0.396 -0.427151 0.0546544
-0.394 -0.443408 0.0598927
-0.392 -0.460151 0.0651016
-0.39 -0.477385 0.0702579
-0.388 -0.495112 0.0753385
-0.386 -0.513335 0.0803208
-0.384 -0.53205 0.0851822
-0.382 -0.551254 0.089901
-0.38 -0.570939 0.094456
-0.378 -0.591094 0.0988267
-0.376 -0.611706 0.102994
-0.374 -0.632758 0.106938
-0.372 -0.65423 0.110643
-0.37 -0.6761 0.114092
-0.368 -0.698339 0.11727
-0.366 -0.720919 0.120164
-0.364 -0.743805 0.122762
-0.362 -0.76696 0.125054
-0.36 -0.790344 0.12703
-0.358 -0.813912 0.128685
-0.356 -0.837617 0.130012
-0.354 -0.861407 0.131009
-0.352 -0.885228 0.131675
-0.35 -0.909023 0.132009
-0.348 -0.93273 0.132014
-0.346 -0.956287 0.131695
-0.344 -0.979625 0.131057
-0.342 -1.00268 0.13011
-0.34 -1.02537 0.128863
-0.338 -1.04762 0.127328
-0.336 -1.06937 0.12552
-0.334 -1.09053 0.123454
-0.332 -1.11101 0.121147
-0.33 -1.13075 0.11862
-0.328 -1.14964 0.115893
-0.326 -1.16762 0.112988
-0.324 -1.18458 0.109931
-0.322 -1.20046 0.106746
-0.32 -1.21515 0.103461
-0.318 -1.22857 0.100103
-0.316 -1.24064 0.0967029
-0.314 -1.25126 0.0932905
-0.312 -1.26036 0.0898973
-0.31 -1.26784 0.0865557
-0.308 -1.27363 0.0832988
-0.306 -1.27763 0.0801603
-0.304 -1.27977 0.0771746
-0.302 -1.27997 0.0743761
-0.3 -1.27816 0.0717999
-0.298 -1.27425 0.0694809
-0.296 -1.26817 0.0674544
-0.294 -1.25987 0.0657553
-0.292 -1.24926 0.0644185
-0.29 -1.23629 0.0634784
-0.288 -1.22091 0.062969
-0.286 -1.20304 0.062924
-0.284 -1.18265 0.063376
-0.282 -1.15968 0.0643571
-0.28 -1.1341 0.0658984
-0.278 -1.10586 0.0680301
-0.276 -1.07493 0.0707811
-0.274 -1.04128 0.0741793
-0.272 -1.00489 0.0782512
-0.27 -0.965737 0.0830219
-0.268 -0.923808 0.088515
-0.266 -0.879092 0.0947527
-0.264 -0.831588 0.101755
-0.262 -0.781294 0.109542
-0.26 -0.728219 0.118129
-0.258 -0.672374 0.127532
-0.256 -0.613775 0.137765
-0.254 -0.552446 0.148838
-0.252 -0.488412 0.160761
-0.25 -0.421708 0.173542
-0.248 -0.35237 0.187186
-0.246 -0.280441 0.201696
-0.244 -0.205968 0.217074
-0.242 -0.129004 0.233319
-0.24 -0.0496054 0.250428
-0.238 0.0321665 0.268398
-0.236 0.116246 0.28722
-0.234 0.202564 0.306887
-0.232 0.291046 0.327388
-0.23 0.381615 0.348711
-0.228 0.47419 0.37084
-0.226 0.568688 0.393761
-0.224 0.665021 0.417454
-0.222 0.763099 0.441902
-0.22 0.86283 0.467082
-0.218 0.964119 0.492973
-0.216 1.06687 0.519551
-0.214 1.17099 0.546789
-0.212 1.27637 0.574663
-0.21 1.38291 0.603144
-0.208 1.49052 0.632204
-0.206 1.59909 0.661814
-0.204 1.70851 0.691943
-0.202 1.8187 0.722561
-0.2 1.92954 0.753636
-0.198 2.04094 0.785138
-0.196 2.15279 0.817032
-0.194 2.26501 0.849289
-0.192 2.37749 0.881875
-0.19 2.49013 0.914758
-0.188 2.60286 0.947906
-0.186 2.71557 0.981288
-0.184 2.82818 1.01487
-0.182 2.94061 1.04863
-0.18 3.05277 1.08253
-0.178 3.1646 1.11654
-0.176 3.27601 1.15063
-0.174 3.38693 1.18479
-0.172 3.49731 1.21897
-0.17 3.60708 1.25317
-0.168 3.71619 1.28734
-0.166 3.82458 1.32148
-0.164 3.93221 1.35556
-0.162 4.03904 1.38956
-0.16 4.14503 1.42347
-0.158 4.25015 1.45727
-0.156 4.35437 1.49094
-0.154 4.45768 1.52447
-0.152 4.56006 1.55787
-0.15 4.6615 1.5911
-0.148 4.762 1.62418
-0.146 4.86156 1.6571
-0.144 4.96019 1.68985
-0.142 5.05791 1.72244
-0.14 5.15473 1.75486
-0.138 5.25069 1.78713
-0.136 5.3458 1.81925
-0.134 5.44011 1.85122
-0.132 5.53366 1.88307
-0.13 5.6265 1.91479
-0.128 5.71867 1.9464
-0.126 5.81023 1.97793
-0.124 5.90125 2.00938
-0.122 5.99179 2.04077
-0.12 6.08192 2.07213
-0.118 6.1717 2.10348
-0.116 6.26122 2.13484
-0.114 6.35056 2.16623
-0.112 6.43979 2.19768
-0.11 6.529 2.22921
-0.108 6.61827 2.26084
-0.106 6.7077 2.29261
-0.104 6.79735 2.32453
-0.102 6.88733 2.35664
-0.1 6.97772 2.38895
-0.098 7.0686 2.4215
-0.096 7.16006 2.45429
-0.094 7.25217 2.48737
-0.092 7.34503 2.52074
-0.09 7.43869 2.55442
-0.088 7.53324 2.58843
-0.086 7.62874 2.62279
-0.084 7.72525 2.6575
-0.082 7.82283 2.69258
-0.08 7.92153 2.72803
-0.078 8.02138 2.76386
-0.076 8.12243 2.80006
-0.074 8.22471 2.83663
-0.072 8.32821 2.87356
-0.07 8.43297 2.91084
-0.068 8.53897 2.94846
-0.066 8.64621 2.98639
-0.064 8.75465 3.02461
-0.062 8.86428 3.06309
-0.06 8.97504 3.1018
-0.058 9.08687 3.14069
-0.056 9.19971 3.17973
-0.054 9.31349 3.21887
-0.052 9.42809 3.25804
-0.05 9.54342 3.29721
-0.048 9.65937 3.33629
-0.046 9.77579 3.37523
-0.044 9.89255 3.41396
-0.042 10.0095 3.4524
-0.04 10.1264 3.49046
-0.038 10.2432 3.52807
-0.036 10.3596 3.56513
-0.034 10.4755 3.60157
-0.032 10.5905 3.63727
-0.03 10.7046 3.67214
-0.028 10.8174 3.70608
-0.026 10.9287 3.73899
-0.024 11.0383 3.77077
-0.022 11.1459 3.80129
-0.02 11.2512 3.83047
-0.018 11.3539 3.85818
-0.016 11.4539 3.88432
-0.014 11.5507 3.90877
-0.012 11.6441 3.93143
-0.01 11.7338 3.95219
-0.008 11.8196 3.97094
-0.006 11.901 3.98757
-0.004 11.9779 4.00199
-0.002 12.0499 4.01408
0 12.1168 4.02376
0.002 12.1783 4.03095
0.004 12.234 4.03554
0.006 12.2837 4.03744
0.008 12.3273 4.03657
0.01 12.3643 4.03287
0.012 12.3947 4.02627
0.014 12.4181 4.0167
0.016 12.4344 4.00411
0.018 12.4434 3.98846
0.02 12.4448 3.9697
0.022 12.4385 3.94781
0.024 12.4243 3.92276
0.026 12.4022 3.89454
0.028 12.3719 3.86314
0.03 12.3335 3.82857
0.032 12.2867 3.79083
0.034 12.2316 3.74995
0.036 12.1681 3.70597
0.038 12.0961 3.6589
0.04 12.0158 3.60882
0.042 11.9271 3.55576
0.044 11.8299 3.4998
0.046 11.7245 3.44102
0.048 11.6109 3.37948
0.05 11.4891 3.31529
0.052 11.3593 3.24854
0.054 11.2217 3.17933
0.056 11.0763 3.10779
0.058 10.9234 3.03403
0.06 10.7632 2.95818
0.062 10.5958 2.88036
0.064 10.4215 2.80073
0.066 10.2405 2.71942
0.068 10.0531 2.63658
0.07 9.85957 2.55237
0.072 9.66018 2.46694
0.074 9.45524 2.38046
0.076 9.24504 2.29308
0.078 9.02991 2.20497
0.08 8.81018 2.1163
0.082 8.58618 2.02724
0.084 8.35827 1.93796
0.086 8.12678 1.84862
0.088 7.89208 1.75939
0.09 7.65454 1.67044
0.092 7.4145 1.58194
0.094 7.17235 1.49404
0.096 6.92844 1.40692
0.098 6.68316 1.32072
0.1 6.43686 1.2356
0.102 6.18991 1.15172
0.104 5.94268 1.0692
0.106 5.69553 0.988207
0.108 5.44881 0.908859
0.11 5.20288 0.831289
0.112 4.95807 0.755621
0.114 4.71473 0.68197
0.116 4.47318 0.610446
0.118 4.23375 0.541152
0.12 3.99675 0.474183
0.122 3.76248 0.409626
0.124 3.53125 0.347562
0.126 3.30331 0.288064
0.128 3.07896 0.231197
0.13 2.85845 0.177017
0.132 2.64202 0.125572
0.134 2.42992 0.0769044
0.136 2.22235 0.0310459
0.138 2.01954 -0.0119787
0.14 1.82167 -0.0521527
0.142 1.62893 -0.0894673
0.144 1.44149 -0.123922
0.146 1.2595 -0.155522
0.148 1.0831 -0.184284
0.15 0.912417 -0.210228
0.152 0.747563 -0.233383
0.154 0.588636 -0.253787
0.156 0.43572 -0.27148
0.158 0.288885 -0.286513
0.16 0.148187 -0.298942
0.162 0.0136678 -0.308829
0.164 -0.114643 -0.316241
0.166 -0.236731 -0.321252
0.168 -0.352593 -0.323939
0.17 -0.462242 -0.324388
0.172 -0.5657 -0.322685
0.174 -0.663003 -0.318923
0.176 -0.754201 -0.313199
0.178 -0.839353 -0.305613
0.18 -0.91853 -0.296268
0.182 -0.991814 -0.28527
0.184 -1.0593 -0.272729
0.186 -1.12109 -0.258754
0.188 -1.1773 -0.243461
0.19 -1.22805 -0.226961
0.192 -1.27346 -0.209373
0.194 -1.31369 -0.190811
0.196 -1.34888 -0.171393
0.198 -1.37918 -0.151236
0.2 -1.40475 -0.130456
0.202 -1.42576 -0.109169
0.204 -1.44239 -0.0874902
0.206 -1.4548 -0.0655336
0.208 -1.4632 -0.043411
0.21 -1.46775 -0.0212324
0.212 -1.46866 0.000894366
0.214 -1.46611 0.0228643
0.216 -1.4603 0.0445751
0.218 -1.45142 0.0659276
0.22 -1.43967 0.0868264
0.222 -1.42526 0.10718
0.224 -1.40837 0.126899
0.226 -1.38921 0.145901
0.228 -1.36797 0.164106
0.23 -1.34484 0.18144
0.232 -1.32002 0.197832
0.234 -1.2937 0.213218
0.236 -1.26606 0.227536
0.238 -1.23728 0.240733
0.24 -1.20754 0.252759
0.242 -1.17702 0.263569
0.244 -1.14588 0.273126
0.246 -1.11429 0.281395
0.248 -1.0824 0.288348
0.25 -1.05037 0.293965
0.252 -1.01834 0.298227
0.254 -0.986451 0.301124
0.256 -0.954832 0.30265
0.258 -0.923609 0.302805
0.26 -0.8929 0.301594
0.262 -0.862814 0.299026
0.264 -0.833454 0.295118
0.266 -0.804915 0.289889
0.268 -0.777282 0.283364
0.27 -0.750637 0.275573
0.272 -0.725048 0.266551
0.274 -0.700581 0.256335
0.276 -0.67729 0.244969
0.278 -0.655222 0.232498
0.28 -0.634418 0.218972
0.282 -0.61491 0.204446
0.284 -0.596722 0.188976
0.286 -0.579871 0.172622
0.288 -0.564368 0.155445
0.29 -0.550215 0.13751
0.292 -0.537407 0.118885
0.294 -0.525936 0.0996375
0.296 -0.515783 0.0798384
0.298 -0.506925 0.0595592
0.3 -0.499334 0.0388724
0.302 -0.492975 0.0178514
0.304 -0.487809 -0.00342993
0.306 -0.48379 -0.0248976
0.308 -0.480871 -0.0464776
0.31 -0.478997 -0.0680964
0.312 -0.478111 -0.0896811
0.314 -0.478154 -0.11116
0.316 -0.479062 -0.132461
0.318 -0.480767 -0.153516
0.32 -0.483202 -0.174257
0.322 -0.486296 -0.194618
0.324 -0.489978 -0.214535
0.326 -0.494173 -0.233947
0.328 -0.498808 -0.252795
0.33 -0.503808 -0.271022
0.332 -0.5091 -0.288576
0.334 -0.514608 -0.305407
0.336 -0.520261 -0.321468
0.338 -0.525985 -0.336716
0.34 -0.53171 -0.35111
0.342 -0.537366 -0.364614
0.344 -0.542887 -0.377197
0.346 -0.548207 -0.388829
0.348 -0.553264 -0.399485
0.35 -0.557999 -0.409146
0.352 -0.562356 -0.417794
0.354 -0.566282 -0.425416
0.356 -0.569726 -0.432004
0.358 -0.572644 -0.437553
0.36 -0.574992 -0.442062
0.362 -0.576734 -0.445534
0.364 -0.577835 -0.447976
0.366 -0.578265 -0.449399
0.368 -0.577999 -0.449816
0.37 -0.577015 -0.449246
0.372 -0.575296 -0.44771
0.374 -0.57283 -0.445233
0.376 -0.569609 -0.441842
0.378 -0.565628 -0.437568
0.38 -0.560886 -0.432444
0.382 -0.555389 -0.426507
0.384 -0.549144 -0.419795
0.386 -0.542164 -0.412349
0.388 -0.534463 -0.404212
0.39 -0.526062 -0.395427
0.392 -0.516982 -0.386042
0.394 -0.50725 -0.376103
0.396 -0.496895 -0.36566
0.398 -0.485947 -0.354761
0.4 -0.474443 -0.343458
0.402 -0.462418 -0.331799
0.404 -0.44991 -0.319837
0.406 -0.436962 -0.307622
0.408 -0.423615 -0.295203
0.41 -0.409912 -0.282632
0.412 -0.395899 -0.269957
0.414 -0.381621 -0.257227
0.416 -0.367125 -0.244488
0.418 -0.352458 -0.231787
0.42 -0.337665 -0.219168
0.422 -0.322795 -0.206673
0.424 -0.307892 -0.194343
0.426 -0.293003 -0.182217
0.428 -0.278173 -0.170332
0.43 -0.263446 -0.158721
0.432 -0.248863 -0.147417
0.434 -0.234467 -0.136449
0.436 -0.220296 -0.125844
0.438 -0.206388 -0.115626
0.44 -0.19278 -0.105816
0.442 -0.179504 -0.0964322
0.444 -0.166591 -0.0874911
0.446 -0.154071 -0.0790052
0.448 -0.141971 -0.0709845
0.45 -0.130313 -0.0634363
0.452 -0.11912 -0.0563647
0.454 -0.10841 -0.0497715
0.456 -0.0981984 -0.0436554
0.458 -0.0884991 -0.0380126
0.46 -0.0793224 -0.0328367
0.462 -0.070676 -0.0281188
0.464 -0.0625649 -0.0238476
0.466 -0.0549917 -0.0200096
0.468 -0.047956 -0.0165891
0.47 -0.0414553 -0.0135685
0.472 -0.0354845 -0.0109282
0.474 -0.0300362 -0.008647
0.476 -0.0251007 -0.00670209
0.478 -0.0206663 -0.00506938
0.48 -0.0167195 -0.00372354
0.482 -0.0132448 -0.00263826
0.484 -0.0102252 -0.00178639
0.486 -0.00764216 -0.00114018
0.488 -0.0054758 -0.000671417
0.49 -0.0037052 -0.000351663
0.492 -0.00230847 -0.000152425
0.494 -0.00126296 -4.53607e-05
0.496 -0.000545465 -2.46543e-06
0.498 -0.000132401 3.73542e-06
0.05 4.68226 1.61734
0.1 4.68237 1.61732
0.15 4.68255 1.61729
0.2 4.68281 1.61725
0.25 4.68313 1.6172
0.3 4.68353 1.61713
0.35 4.684 1.61706
0.4 4.68453 1.61697
0.45 4.68514 1.61687
0.5 4.68583 1.61675
0.55 4.68658 1.61663
0.6 4.6874 1.61649
0.65 4.68829 1.61634
0.7 4.68924 1.61618
0.75 4.69027 1.616
0.8 4.69136 1.61582
0.85 4.69252 1.61562
0.9 4.69375 1.61541
0.95 4.69504 1.61518
1 4.6964 1.61494
1.05 4.69782 1.61469
1.1 4.6993 1.61442
1.15 4.70085 1.61415
1.2 4.70245 1.61385
1.25 4.70412 1.61355
1.3 4.70584 1.61323
1.35 4.70762 1.6129
1.4 4.70946 1.61255
1.45 4.71136 1.61219
1.5 4.71331 1.61181
1.55 4.71531 1.61142
1.6 4.71736 1.61101
1.65 4.71947 1.61059
1.7 4.72162 1.61015
1.75 4.72383 1.6097
1.8 4.72607 1.60923
1.85 4.72837 1.60875
1.9 4.73071 1.60825
1.95 4.73309 1.60773
2 4.73551 1.6072
2.05 4.73797 1.60665
2.1 4.74046 1.60608
2.15 4.74299 1.6055
2.2 4.74556 1.6049
2.25 4.74816 1.60428
2.3 4.75079 1.60364
2.35 4.75345 1.60298
2.4 4.75614 1.60231
2.45 4.75885 1.60161
2.5 4.76158 1.6009
2.55 4.76434 1.60017
2.6 4.76712 1.59942
2.65 4.76991 1.59865
2.7 4.77272 1.59785
2.75 4.77555 1.59704
2.8 4.77838 1.59621
2.85 4.78123 1.59536
2.9 4.78408 1.59448
2.95 4.78695 1.59358
3 4.78981 1.59266
3.05 4.79268 1.59172
3.1 4.79554 1.59076
3.15 4.79841 1.58977
3.2 4.80127 1.58876
3.25 4.80412 1.58773
3.3 4.80696 1.58667
3.35 4.8098 1.58559
3.4 4.81262 1.58449
3.45 4.81542 1.58336
3.5 4.81821 1.58221
3.55 4.82098 1.58103
3.6 4.82372 1.57982
3.65 4.82644 1.57859
3.7 4.82913 1.57734
3.75 4.8318 1.57605
3.8 4.83443 1.57474
3.85 4.83703 1.57341
3.9 4.8396 1.57205
3.95 4.84212 1.57066
4 4.84461 1.56924
4.05 4.84705 1.56779
4.1 4.84945 1.56632
4.15 4.8518 1.56481
4.2 4.8541 1.56328
4.25 4.85635 1.56172
4.3 4.85855 1.56013
4.35 4.86068 1.55851
4.4 4.86276 1.55686
4.45 4.86478 1.55518
4.5 4.86674 1.55347
4.55 4.86863 1.55173
4.6 4.87045 1.54996
4.65 4.8722 1.54816
4.7 4.87387 1.54632
4.75 4.87548 1.54446
4.8 4.877 1.54256
4.85 4.87845 1.54063
4.9 4.87981 1.53867
4.95 4.88109 1.53667
5 4.88228 1.53464
5.05 4.88339 1.53258
5.1 4.8844 1.53049
5.15 4.88533 1.52836
5.2 4.88615 1.5262
5.25 4.88688 1.52401
5.3 4.88751 1.52178
5.35 4.88804 1.51952
5.4 4.88847 1.51722
5.45 4.88879 1.51489
5.5 4.889 1.51253
5.55 4.8891 1.51013
5.6 4.88909 1.50769
5.65 4.88897 1.50522
5.7 4.88873 1.50272
5.75 4.88837 1.50018
5.8 4.88789 1.4976
5.85 4.8873 1.49499
5.9 4.88657 1.49234
5.95 4.88573 1.48966
6 4.88475 1.48694
6.05 4.88365 1.48419
6.1 4.88241 1.4814
6.15 4.88105 1.47857
6.2 4.87955 1.47571
6.25 4.87791 1.47281
6.3 4.87613 1.46988
6.35 4.87422 1.4669
6.4 4.87216 1.4639
6.45 4.86996 1.46086
6.5 4.86762 1.45778
6.55 4.86513 1.45466
6.6 4.8625 1.45151
6.65 4.85971 1.44832
6.7 4.85678 1.4451
6.75 4.8537 1.44184
6.8 4.85046 1.43854
6.85 4.84707 1.43521
6.9 4.84352 1.43184
6.95 4.83981 1.42844
7 4.83595 1.425
7.05 4.83193 1.42152
7.1 4.82775 1.41801
7.15 4.82341 1.41447
7.2 4.8189 1.41088
7.25 4.81424 1.40727
7.3 4.8094 1.40361
7.35 4.80441 1.39993
7.4 4.79924 1.3962
7.45 4.79391 1.39245
7.5 4.78841 1.38866
7.55 4.78275 1.38483
7.6 4.77691 1.38097
7.65 4.7709 1.37708
7.7 4.76472 1.37315
7.75 4.75838 1.36919
7.8 4.75185 1.36519
7.85 4.74516 1.36117
7.9 4.73829 1.35711
7.95 4.73125 1.35301
8 4.72404 1.34889
8.05 4.71665 1.34473
8.1 4.70909 1.34054
8.15 4.70135 1.33632
8.2 4.69344 1.33207
8.25 4.68535 1.32779
8.3 4.67708 1.32348
8.35 4.66864 1.31913
8.4 4.66003 1.31476
8.45 4.65124 1.31036
8.5 4.64227 1.30592
8.55 4.63313 1.30146
8.6 4.62381 1.29697
8.65 4.61432 1.29246
8.7 4.60465 1.28791
8.75 4.5948 1.28334
8.8 4.58478 1.27874
8.85 4.57459 1.27411
8.9 4.56422 1.26946
8.95 4.55368 1.26478
9 4.54296 1.26008
9.05 4.53207 1.25535
9.1 4.52101 1.2506
9.15 4.50978 1.24582
9.2 4.49838 1.24102
9.25 4.4868 1.2362
9.3 4.47506 1.23135
9.35 4.46314 1.22648
9.4 4.45106 1.22159
9.45 4.43881 1.21668
9.5 4.42639 1.21175
9.55 4.41381 1.20679
9.6 4.40106 1.20182
9.65 4.38815 1.19683
9.7 4.37508 1.19182
9.75 4.36184 1.18679
9.8 4.34844 1.18175
9.85 4.33488 1.17668
9.9 4.32116 1.17161
9.95 4.30729 1.16651
10 4.29326 1.1614
10.05 4.27907 1.15627
10.1 4.26473 1.15113
10.15 4.25024 1.14598
10.2 4.23559 1.14081
10.25 4.2208 1.13563
10.3 4.20586 1.13044
10.35 4.19077 1.12524
10.4 4.17553 1.12002
10.45 4.16015 1.1148
10.5 4.14463 1.10956
10.55 4.12897 1.10432
10.6 4.11317 1.09907
10.65 4.09723 1.09381
10.7 4.08116 1.08854
10.75 4.06495 1.08327
10.8 4.04861 1.07799
10.85 4.03214 1.0727
10.9 4.01554 1.06741
10.95 3.99881 1.06211
11 3.98195 1.05682
11.05 3.96498 1.05151
11.1 3.94788 1.04621
11.15 3.93066 1.0409
11.2 3.91333 1.03559
11.25 3.89588 1.03029
11.3 3.87831 1.02498
11.35 3.86064 1.01967
11.4 3.84285 1.01436
11.45 3.82496 1.00906
11.5 3.80696 1.00375
11.55 3.78886 0.998453
11.6 3.77066 0.993157
11.65 3.75236 0.987865
11.7 3.73396 0.982577
11.75 3.71547 0.977295
11.8 3.69688 0.97202
11.85 3.6782 0.96675
11.9 3.65944 0.961488
11.95 3.64059 0.956234
12 3.62165 0.950989
12.05 3.60264 0.945752
12.1 3.58354 0.940525
12.15 3.56437 0.935308
12.2 3.54512 0.930102
12.25 3.52581 0.924907
12.3 3.50642 0.919724
12.35 3.48696 0.914554
12.4 3.46744 0.909397
12.45 3.44785 0.904253
12.5 3.42821 0.899124
12.55 3.4085 0.894009
12.6 3.38875 0.88891
12.65 3.36893 0.883827
12.7 3.34907 0.87876
12.75 3.32915 0.87371
12.8 3.3092 0.868678
12.85 3.28919 0.863663
12.9 3.26915 0.858667
12.95 3.24906 0.853691
13 3.22894 0.848733
13.05 3.20878 0.843796
13.1 3.1886 0.83888
13.15 3.16838 0.833984
13.2 3.14813 0.82911
13.25 3.12786 0.824259
13.3 3.10757 0.819429
13.35 3.08726 0.814623
13.4 3.06692 0.80984
13.45 3.04658 0.805081
13.5 3.02622 0.800347
13.55 3.00585 0.795637
13.6 2.98547 0.790952
13.65 2.96508 0.786293
13.7 2.94469 0.78166
13.75 2.9243 0.777054
13.8 2.90391 0.772474
13.85 2.88352 0.767922
13.9 2.86314 0.763397
13.95 2.84276 0.7589
14 2.8224 0.754432
14.05 2.80204 0.749992
14.1 2.78171 0.745581
14.15 2.76138 0.7412
14.2 2.74108 0.736849
14.25 2.7208 0.732527
14.3 2.70054 0.728236
14.35 2.6803 0.723976
14.4 2.6601 0.719747
14.45 2.63992 0.715548
14.5 2.61977 0.711382
14.55 2.59966 0.707247
14.6 2.57958 0.703144
14.65 2.55954 0.699074
14.7 2.53954 0.695036
14.75 2.51958 0.691031
14.8 2.49967 0.687059
14.85 2.4798 0.68312
14.9 2.45998 0.679215
14.95 2.44021 0.675343
15 2.42049 0.671504
15.05 2.40083 0.6677
15.1 2.38121 0.66393
15.15 2.36166 0.660194
15.2 2.34217 0.656493
15.25 2.32273 0.652826
15.3 2.30336 0.649193
15.35 2.28405 0.645596
15.4 2.26481 0.642033
15.45 2.24564 0.638505
15.5 2.22653 0.635012
15.55 2.2075 0.631554
15.6 2.18854 0.628131
15.65 2.16965 0.624744
15.7 2.15084 0.621392
15.75 2.1321 0.618075
15.8 2.11345 0.614793
15.85 2.09487 0.611546
15.9 2.07638 0.608335
15.95 2.05797 0.605159
16 2.03964 0.602018
16.05 2.0214 0.598913
16.1 2.00325 0.595842
16.15 1.98518 0.592807
16.2 1.9672 0.589807
16.25 1.94932 0.586841
16.3 1.93153 0.583911
16.35 1.91383 0.581015
16.4 1.89622 0.578155
16.45 1.87871 0.575328
16.5 1.8613 0.572537
16.55 1.84399 0.569779
16.6 1.82677 0.567056
16.65 1.80965 0.564367
16.7 1.79264 0.561712
16.75 1.77572 0.55909
16.8 1.75891 0.556503
16.85 1.74221 0.553948
16.9 1.7256 0.551427
16.95 1.70911 0.548939
17 1.69271 0.546483
17.05 1.67643 0.54406
17.1 1.66025 0.54167
17.15 1.64418 0.539312
17.2 1.62822 0.536985
17.25 1.61237 0.53469
17.3 1.59663 0.532427
17.35 1.581 0.530195
17.4 1.56548 0.527993
17.45 1.55008 0.525822
17.5 1.53478 0.523682
17.55 1.5196 0.521571
17.6 1.50453 0.51949
17.65 1.48958 0.517439
17.7 1.47474 0.515416
17.75 1.46002 0.513423
17.8 1.4454 0.511457
17.85 1.43091 0.50952
17.9 1.41653 0.50761
17.95 1.40226 0.505728
18 1.38811 0.503873
18.05 1.37408 0.502045
18.1 1.36016 0.500242
18.15 1.34636 0.498466
18.2 1.33268 0.496715
18.25 1.31911 0.49499
18.3 1.30566 0.493289
18.35 1.29232 0.491613
18.4 1.2791 0.48996
18.45 1.266 0.488332
18.5 1.25302 0.486726
18.55 1.24015 0.485143
18.6 1.22739 0.483583
18.65 1.21476 0.482044
18.7 1.20223 0.480527
18.75 1.18983 0.479031
18.8 1.17754 0.477556
18.85 1.16536 0.476101
18.9 1.1533 0.474665
18.95 1.14136 0.473249
19 1.12953 0.471852
19.05 1.11781 0.470474
19.1 1.10621 0.469113
19.15 1.09472 0.46777
19.2 1.08334 0.466444
19.25 1.07207 0.465135
19.3 1.06092 0.463841
19.35 1.04988 0.462564
19.4 1.03895 0.461302
19.45 1.02813 0.460054
19.5 1.01742 0.458821
19.55 1.00683 0.457602
19.6 0.996336 0.456397
19.65 0.985955 0.455204
19.7 0.975681 0.454023
19.75 0.965516 0.452855
19.8 0.955457 0.451698
19.85 0.945504 0.450553
19.9 0.935657 0.449418
19.95 0.925914 0.448293
20 0.916275 0.447178
20.05 0.90674 0.446071
20.1 0.897308 0.444974
20.15 0.887978 0.443885
20.2 0.878749 0.442804
20.25 0.86962 0.44173
20.3 0.860592 0.440663
20.35 0.851662 0.439603
20.4 0.84283 0.438549
20.45 0.834096 0.4375
20.5 0.825458 0.436456
20.55 0.816916 0.435417
20.6 0.808469 0.434382
20.65 0.800116 0.433351
20.7 0.791856 0.432323
20.75 0.783689 0.431298
20.8 0.775613 0.430275
20.85 0.767627 0.429255
20.9 0.759731 0.428236
20.95 0.751925 0.427218
21 0.744206 0.426201
21.05 0.736574 0.425184
21.1 0.729028 0.424167
21.15 0.721567 0.42315
21.2 0.71419 0.422132
21.25 0.706897 0.421112
21.3 0.699686 0.420091
21.35 0.692557 0.419067
21.4 0.685508 0.418041
21.45 0.678539 0.417012
21.5 0.671648 0.41598
21.55 0.664835 0.414944
21.6 0.658099 0.413905
21.65 0.651438 0.412861
21.7 0.644852 0.411812
21.75 0.63834 0.410758
21.8 0.631901 0.409699
21.85 0.625534 0.408634
21.9 0.619237 0.407563
21.95 0.613011 0.406485
22 0.606853 0.405401
22.05 0.600764 0.404309
22.1 0.594742 0.403211
22.15 0.588786 0.402104
22.2 0.582895 0.40099
22.25 0.577068 0.399867
22.3 0.571305 0.398736
22.35 0.565604 0.397596
22.4 0.559964 0.396447
22.45 0.554385 0.395289
22.5 0.548866 0.39412
22.55 0.543405 0.392942
22.6 0.538002 0.391754
22.65 0.532655 0.390556
22.7 0.527364 0.389347
22.75 0.522129 0.388127
22.8 0.516947 0.386896
22.85 0.511818 0.385654
22.9 0.506742 0.384401
22.95 0.501717 0.383135
23 0.496743 0.381859
23.05 0.491818 0.38057
23.1 0.486942 0.379268
23.15 0.482114 0.377955
23.2 0.477333 0.376629
23.25 0.472598 0.37529
23.3 0.467908 0.373939
23.35 0.463263 0.372575
23.4 0.458662 0.371197
23.45 0.454104 0.369807
23.5 0.449588 0.368403
23.55 0.445113 0.366986
23.6 0.440679 0.365555
23.65 0.436285 0.364111
23.7 0.431929 0.362653
23.75 0.427612 0.361182
23.8 0.423333 0.359696
23.85 0.41909 0.358197
23.9 0.414884 0.356684
23.95 0.410713 0.355157
24 0.406577 0.353616
24.05 0.402475 0.352061
24.1 0.398406 0.350492
24.15 0.39437 0.348908
24.2 0.390365 0.347311
24.25 0.386393 0.3457
24.3 0.382451 0.344075
24.35 0.378539 0.342435
24.4 0.374657 0.340782
24.45 0.370804 0.339114
24.5 0.366979 0.337433
24.55 0.363182 0.335738
24.6 0.359412 0.334029
24.65 0.355669 0.332306
24.7 0.351953 0.330569
24.75 0.348261 0.328819
24.8 0.344595 0.327055
24.85 0.340954 0.325278
24.9 0.337337 0.323487
24.95 0.333743 0.321683
25 0.330173 0.319866
25.05 0.326625 0.318036
25.1 0.3231 0.316192
25.15 0.319597 0.314336
25.2 0.316115 0.312468
25.25 0.312655 0.310586
25.3 0.309215 0.308692
25.35 0.305795 0.306786
25.4 0.302395 0.304868
25.45 0.299015 0.302938
25.5 0.295654 0.300996
25.55 0.292313 0.299042
25.6 0.288989 0.297077
25.65 0.285684 0.2951
25.7 0.282397 0.293113
25.75 0.279128 0.291114
25.8 0.275877 0.289105
25.85 0.272642 0.287086
25.9 0.269424 0.285056
25.95 0.266224 0.283016
26 0.263039 0.280966
26.05 0.259871 0.278907
26.1 0.256719 0.276838
26.15 0.253583 0.27476
26.2 0.250462 0.272673
26.25 0.247357 0.270578
26.3 0.244268 0.268474
26.35 0.241193 0.266362
26.4 0.238134 0.264242
26.45 0.23509 0.262114
26.5 0.23206 0.259979
26.55 0.229045 0.257836
26.6 0.226045 0.255687
26.65 0.223059 0.253531
26.7 0.220087 0.251369
26.75 0.21713 0.249201
26.8 0.214187 0.247027
26.85 0.211259 0.244847
26.9 0.208344 0.242662
26.95 0.205444 0.240472
27 0.202558 0.238278
27.05 0.199686 0.236079
27.1 0.196828 0.233876
27.15 0.193984 0.23167
27.2 0.191154 0.22946
27.25 0.188338 0.227247
27.3 0.185536 0.225031
27.35 0.182749 0.222812
27.4 0.179975 0.220591
27.45 0.177216 0.218368
27.5 0.174471 0.216144
27.55 0.17174 0.213918
27.6 0.169024 0.211691
27.65 0.166322 0.209463
27.7 0.163634 0.207236
27.75 0.160961 0.205008
27.8 0.158303 0.20278
27.85 0.155659 0.200552
27.9 0.15303 0.198326
27.95 0.150416 0.196101
28 0.147817 0.193877
28.05 0.145233 0.191655
28.1 0.142665 0.189435
28.15 0.140111 0.187217
28.2 0.137573 0.185003
28.25 0.135051 0.182791
28.3 0.132544 0.180582
28.35 0.130054 0.178378
28.4 0.127579 0.176177
28.45 0.12512 0.17398
28.5 0.122678 0.171788
28.55 0.120251 0.169601
28.6 0.117842 0.167419
28.65 0.115449 0.165243
28.7 0.113072 0.163072
28.75 0.110713 0.160907
28.8 0.108371 0.158749
28.85 0.106046 0.156597
28.9 0.103738 0.154453
28.95 0.101448 0.152315
29 0.0991761 0.150186
29.05 0.0969217 0.148064
29.1 0.0946853 0.14595
29.15 0.0924671 0.143844
29.2 0.0902672 0.141747
29.25 0.0880858 0.139659
29.3 0.085923 0.137581
29.35 0.083779 0.135511
29.4 0.081654 0.133452
29.45 0.0795481 0.131402
29.5 0.0774614 0.129363
29.55 0.0753942 0.127335
29.6 0.0733465 0.125317
29.65 0.0713185 0.12331
29.7 0.0693104 0.121314
29.75 0.0673224 0.11933
29.8 0.0653544 0.117358
29.85 0.0634068 0.115398
29.9 0.0614796 0.11345
29.95 0.059573 0.111514
30 0.0576871 0.109591
30.05 0.055822 0.107681
30.1 0.0539779 0.105784
30.15 0.0521549 0.103901
30.2 0.0503532 0.102031
30.25 0.0485728 0.100174
30.3 0.0468139 0.098332
30.35 0.0450765 0.0965038
30.4 0.0433609 0.09469
30.45 0.0416671 0.0928906
30.5 0.0399952 0.091106
30.55 0.0383453 0.0893362
30.6 0.0367175 0.0875816
30.65 0.0351119 0.0858421
30.7 0.0335286 0.084118
30.75 0.0319677 0.0824095
30.8 0.0304292 0.0807166
30.85 0.0289133 0.0790396
30.9 0.02742 0.0773786
30.95 0.0259494 0.0757338
31 0.0245015 0.0741052
31.05 0.0230764 0.072493
31.1 0.0216742 0.0708973
31.15 0.0202948 0.0693183
31.2 0.0189384 0.0677561
31.25 0.017605 0.0662107
31.3 0.0162946 0.0646824
31.35 0.0150072 0.0631711
31.4 0.013743 0.061677
31.45 0.0125018 0.0602001
31.5 0.0112836 0.0587406
31.55 0.0100887 0.0572986
31.6 0.00891677 0.0558741
31.65 0.007768 0.0544672
31.7 0.00664233 0.0530779
31.75 0.00553975 0.0517064
31.8 0.00446024 0.0503526
31.85 0.00340378 0.0490167
31.9 0.00237033 0.0476986
31.95 0.00135987 0.0463985
32 0.000372344 0.0451163
32.05 -0.00059228 0.0438521
32.1 -0.00153406 0.0426059
32.15 -0.00245304 0.0413778
32.2 -0.0033493 0.0401677
32.25 -0.0042229 0.0389757
32.3 -0.00507391 0.0378017
32.35 -0.00590241 0.0366459
32.4 -0.00670848 0.0355081
32.45 -0.00749222 0.0343884
32.5 -0.00825371 0.0332868
32.55 -0.00899306 0.0322032
32.6 -0.00971036 0.0311377
32.65 -0.0104057 0.0300901
32.7 -0.0110793 0.0290606
32.75 -0.0117312 0.028049
32.8 -0.0123615 0.0270553
32.85 -0.0129703 0.0260794
32.9 -0.0135579 0.0251214
32.95 -0.0141243 0.0241811
33 -0.0146697 0.0232586
33.05 -0.0151942 0.0223537
33.1 -0.015698 0.0214664
33.15 -0.0161813 0.0205966
33.2 -0.0166441 0.0197443
33.25 -0.0170868 0.0189093
33.3 -0.0175094 0.0180916
33.35 -0.0179122 0.0172912
33.4 -0.0182952 0.0165079
33.45 -0.0186588 0.0157416
33.5 -0.0190031 0.0149922
33.55 -0.0193283 0.0142597
33.6 -0.0196346 0.013544
33.65 -0.0199221 0.0128448
33.7 -0.0201912 0.0121622
33.75 -0.0204421 0.011496
33.8 -0.0206748 0.0108461
33.85 -0.0208897 0.0102123
33.9 -0.021087 0.00959466
33.95 -0.0212669 0.00899291
34 -0.0214296 0.00840696
34.05 -0.0215754 0.00783667
34.1 -0.0217045 0.00728191
34.15 -0.0218172 0.00674255
34.2 -0.0219136 0.00621844
34.25 -0.0219941 0.00570945
34.3 -0.0220589 0.00521542
34.35 -0.0221082 0.00473621
34.4 -0.0221423 0.00427166
34.45 -0.0221615 0.00382162
34.5 -0.022166 0.00338594
34.55 -0.022156 0.00296446
34.6 -0.0221319 0.00255702
34.65 -0.0220938 0.00216346
34.7 -0.0220422 0.0017836
34.75 -0.0219771 0.00141729
34.8 -0.021899 0.00106436
34.85 -0.0218081 0.00072463
34.9 -0.0217046 0.000397935
34.95 -0.0215889 8.40992e-05
35 -0.0214611 -0.000217052
35.05 -0.0213217 -0.000505696
35.1 -0.0211708 -0.000782012
35.15 -0.0210088 -0.00104618
35.2 -0.0208359 -0.00129838
35.25 -0.0206524 -0.00153879
35.3 -0.0204587 -0.00176761
35.35 -0.0202549 -0.001985
35.4 -0.0200413 -0.00219117
35.45 -0.0198184 -0.00238629
35.5 -0.0195862 -0.00257056
35.55 -0.0193452 -0.00274416
35.6 -0.0190956 -0.00290728
35.65 -0.0188376 -0.00306011
35.7 -0.0185717 -0.00320284
35.75 -0.018298 -0.00333566
35.8 -0.0180168 -0.00345877
35.85 -0.0177285 -0.00357235
35.9 -0.0174333 -0.0036766
35.95 -0.0171314 -0.00377171
36 -0.0168233 -0.00385787
36.05 -0.0165091 -0.00393527
36.1 -0.0161891 -0.00400411
36.15 -0.0158636 -0.00406458
36.2 -0.0155329 -0.00411686
36.25 -0.0151972 -0.00416116
36.3 -0.0148569 -0.00419767
36.35 -0.0145122 -0.00422657
36.4 -0.0141633 -0.00424805
36.45 -0.0138106 -0.00426231
36.5 -0.0134543 -0.00426954
36.55 -0.0130947 -0.00426992
36.6 -0.012732 -0.00426364
36.65 -0.0123664 -0.0042509
36.7 -0.0119984 -0.00423188
36.75 -0.011628 -0.00420676
36.8 -0.0112556 -0.00417573
36.85 -0.0108814 -0.00413898
36.9 -0.0105056 -0.00409668
36.95 -0.0101286 -0.00404902
37 -0.00975046 -0.00399619
37.05 -0.00937154 -0.00393836
37.1 -0.00899203 -0.0038757
37.15 -0.00861217 -0.0038084
37.2 -0.00823219 -0.00373664
37.25 -0.00785232 -0.00366058
37.3 -0.00747279 -0.0035804
37.35 -0.00709381 -0.00349628
37.4 -0.0067156 -0.00340838
37.45 -0.00633838 -0.00331686
37.5 -0.00596236 -0.00322191
37.55 -0.00558774 -0.00312368
37.6 -0.00521473 -0.00302233
37.65 -0.00484353 -0.00291803
37.7 -0.00447433 -0.00281094
37.75 -0.00410733 -0.00270121
37.8 -0.00374271 -0.002589
37.85 -0.00338067 -0.00247447
37.9 -0.00302138 -0.00235777
37.95 -0.00266501 -0.00223904
38 -0.00231175 -0.00211844
38.05 -0.00196176 -0.00199611
38.1 -0.0016152 -0.00187219
38.15 -0.00127225 -0.00174683
38.2 -0.000933043 -0.00162017
38.25 -0.000597748 -0.00149235
38.3 -0.000266508 -0.00136349
38.35 6.05305e-05 -0.00123373
38.4 0.000383228 -0.00110321
38.45 0.000701449 -0.000972047
38.5 0.00101506 -0.000840373
38.55 0.00132394 -0.00070831
38.6 0.00162795 -0.000575979
38.65 0.00192699 -0.0004435
38.7 0.00222094 -0.000310989
38.75 0.00250968 -0.00017856
38.8 0.00279311 -4.63256e-05
38.85 0.00307114 8.56053e-05
38.9 0.00334365 0.000217126
38.95 0.00361056 0.000348131
39 0.00387178 0.00047852
39.05 0.00412723 0.000608192
39.1 0.00437683 0.00073705
39.15 0.00462049 0.000865001
39.2 0.00485816 0.000991951
39.25 0.00508975 0.00111781
39.3 0.00531521 0.0012425
39.35 0.00553449 0.00136592
39.4 0.00574752 0.001488
39.45 0.00595426 0.00160865
39.5 0.00615465 0.00172781
39.55 0.00634867 0.00184539
39.6 0.00653626 0.00196133
39.65 0.00671741 0.00207555
39.7 0.00689207 0.00218798
39.75 0.00706023 0.00229857
39.8 0.00722185 0.00240725
39.85 0.00737694 0.00251396
39.9 0.00752546 0.00261864
39.95 0.00766742 0.00272124
40 0.00780281 0.00282171
40.05 0.00793162 0.00292
40.1 0.00805386 0.00301605
40.15 0.00816953 0.00310983
40.2 0.00827865 0.00320129
40.25 0.00838123 0.00329039
40.3 0.00847728 0.00337709
40.35 0.00856682 0.00346136
40.4 0.00864989 0.00354316
40.45 0.00872651 0.00362247
40.5 0.0087967 0.00369925
40.55 0.00886051 0.00377348
40.6 0.00891797 0.00384513
40.65 0.00896912 0.00391418
40.7 0.00901401 0.00398061
40.75 0.00905269 0.00404441
40.8 0.0090852 0.00410555
40.85 0.0091116 0.00416402
40.9 0.00913194 0.00421982
40.95 0.0091463 0.00427294
41 0.00915471 0.00432335
41.05 0.00915726 0.00437107
41.1 0.00915402 0.00441608
41.15 0.00914504 0.00445839
41.2 0.00913041 0.00449799
41.25 0.00911019 0.00453489
41.3 0.00908448 0.00456909
41.35 0.00905334 0.0046006
41.4 0.00901686 0.00462942
41.45 0.00897513 0.00465557
41.5 0.00892823 0.00467905
41.55 0.00887626 0.00469987
41.6 0.0088193 0.00471806
41.65 0.00875744 0.00473363
41.7 0.00869078 0.0047466
41.75 0.00861942 0.00475698
41.8 0.00854346 0.00476479
41.85 0.008463 0.00477006
41.9 0.00837813 0.00477281
41.95 0.00828896 0.00477307
42 0.0081956 0.00477086
42.05 0.00809815 0.00476621
42.1 0.00799672 0.00475914
42.15 0.00789142 0.0047497
42.2 0.00778236 0.0047379
42.25 0.00766964 0.00472379
42.3 0.00755339 0.00470739
42.35 0.0074337 0.00468874
42.4 0.0073107 0.00466788
42.45 0.00718451 0.00464484
42.5 0.00705522 0.00461966
42.55 0.00692297 0.00459239
42.6 0.00678786 0.00456305
42.65 0.00665002 0.00453168
42.7 0.00650955 0.00449834
42.75 0.00636658 0.00446307
42.8 0.00622123 0.0044259
42.85 0.00607361 0.00438687
42.9 0.00592384 0.00434604
42.95 0.00577203 0.00430345
43 0.00561831 0.00425915
43.05 0.0054628 0.00421317
43.1 0.0053056 0.00416557
43.15 0.00514685 0.00411639
43.2 0.00498665 0.00406569
43.25 0.00482512 0.0040135
43.3 0.00466238 0.00395988
43.35 0.00449854 0.00390488
43.4 0.00433373 0.00384854
43.45 0.00416805 0.00379092
43.5 0.00400161 0.00373207
43.55 0.00383454 0.00367202
43.6 0.00366695 0.00361084
43.65 0.00349894 0.00354858
43.7 0.00333062 0.00348528
43.75 0.00316212 0.003421
43.8 0.00299353 0.00335578
43.85 0.00282496 0.00328968
43.9 0.00265653 0.00322274
43.95 0.00248833 0.00315502
44 0.00232047 0.00308656
44.05 0.00215305 0.00301743
44.1 0.00198618 0.00294766
44.15 0.00181996 0.0028773
44.2 0.00165447 0.00280642
44.25 0.00148984 0.00273504
44.3 0.00132614 0.00266324
44.35 0.00116347 0.00259104
44.4 0.00100193 0.00251851
44.45 0.000841601 0.00244569
44.5 0.000682582 0.00237263
44.55 0.000524959 0.00229937
44.6 0.000368816 0.00222596
44.65 0.000214238 0.00215245
44.7 6.13085e-05 0.00207889
44.75 -8.98921e-05 0.00200532
44.8 -0.000239285 0.00193179
44.85 -0.000386793 0.00185833
44.9 -0.00053234 0.001785
44.95 -0.000675854 0.00171184
45 -0.000817264 0.00163888
45.05 -0.000956499 0.00156618
45.1 -0.00109349 0.00149378
45.15 -0.00122818 0.00142171
45.2 -0.0013605 0.00135001
45.25 -0.00149039 0.00127873
45.3 -0.00161778 0.00120791
45.35 -0.00174263 0.00113757
45.4 -0.00186488 0.00106777
45.45 -0.00198448 0.000998525
45.5 -0.00210137 0.000929887
45.55 -0.0022155 0.000861886
45.6 -0.00232684 0.000794555
45.65 -0.00243534 0.000727929
45.7 -0.00254095 0.00066204
45.75 -0.00264363 0.00059692
45.8 -0.00274336 0.000532599
45.85 -0.00284008 0.000469109
45.9 -0.00293378 0.000406477
45.95 -0.00302442 0.000344733
46 -0.00311196 0.000283904
46.05 -0.00319639 0.000224016
46.1 -0.00327768 0.000165095
46.15 -0.00335581 0.000107166
46.2 -0.00343075 5.02533e-05
46.25 -0.0035025 -5.62076e-06
46.3 -0.00357103 -6.04339e-05
46.35 -0.00363633 -0.000114165
46.4 -0.00369839 -0.000166794
46.45 -0.0037572 -0.000218301
46.5 -0.00381275 -0.000268669
46.55 -0.00386505 -0.000317879
46.6 -0.00391408 -0.000365915
46.65 -0.00395984 -0.000412762
46.7 -0.00400234 -0.000458405
46.75 -0.00404158 -0.000502829
46.8 -0.00407757 -0.000546024
46.85 -0.00411031 -0.000587976
46.9 -0.00413981 -0.000628674
46.95 -0.00416608 -0.000668109
47 -0.00418914 -0.000706272
47.05 -0.004209 -0.000743153
47.1 -0.00422568 -0.000778747
47.15 -0.0042392 -0.000813046
47.2 -0.00424957 -0.000846046
47.25 -0.00425682 -0.000877741
47.3 -0.00426098 -0.000908128
47.35 -0.00426207 -0.000937204
47.4 -0.00426012 -0.000964966
47.45 -0.00425516 -0.000991415
47.5 -0.00424721 -0.00101655
47.55 -0.00423631 -0.00104037
47.6 -0.0042225 -0.00106288
47.65 -0.00420581 -0.00108408
47.7 -0.00418628 -0.00110397
47.75 -0.00416394 -0.00112256
47.8 -0.00413884 -0.00113985
47.85 -0.00411102 -0.00115585
47.9 -0.00408052 -0.00117056
47.95 -0.00404739 -0.00118399
48 -0.00401166 -0.00119615
48.05 -0.0039734 -0.00120704
48.1 -0.00393263 -0.00121668
48.15 -0.00388943 -0.00122508
48.2 -0.00384383 -0.00123224
48.25 -0.00379588 -0.00123819
48.3 -0.00374564 -0.00124292
48.35 -0.00369316 -0.00124645
48.4 -0.0036385 -0.0012488
48.45 -0.00358171 -0.00124998
48.5 -0.00352285 -0.00125
48.55 -0.00346198 -0.00124888
48.6 -0.00339914 -0.00124664
48.65 -0.00333441 -0.00124328
48.7 -0.00326784 -0.00123884
48.75 -0.00319948 -0.00123332
48.8 -0.00312941 -0.00122674
48.85 -0.00305768 -0.00121912
48.9 -0.00298435 -0.00121048
48.95 -0.00290949 -0.00120085
49 -0.00283316 -0.00119023
49.05 -0.00275542 -0.00117865
49.1 -0.00267634 -0.00116613
49.15 -0.00259597 -0.00115269
49.2 -0.00251439 -0.00113835
49.25 -0.00243166 -0.00112314
49.3 -0.00234784 -0.00110707
49.35 -0.00226299 -0.00109017
49.4 -0.00217719 -0.00107246
49.45 -0.0020905 -0.00105396
49.5 -0.00200298 -0.00103471
49.55 -0.00191469 -0.00101471
49.6 -0.00182571 -0.000993995
49.65 -0.0017361 -0.00097259
49.7 -0.00164592 -0.000950517
49.75 -0.00155523 -0.000927802
49.8 -0.00146411 -0.000904467
49.85 -0.00137262 -0.000880539
49.9 -0.00128081 -0.000856042
49.95 -0.00118876 -0.000831001
50 -0.00109652 -0.000805441
