-0.498 -0.000387915 -4.04895e-05
-0.496 -0.00156757 -0.000169774
-0.494 -0.00356426 -0.000401665
-0.492 -0.00640513 -0.000752692
-0.49 -0.0101192 -0.00124201
-0.488 -0.0147371 -0.00189126
-0.486 -0.0202912 -0.00272446
-0.484 -0.0268156 -0.00376783
-0.482 -0.0343455 -0.00504962
-0.48 -0.0429177 -0.00659991
-0.478 -0.0525702 -0.00845043
-0.476 -0.0633417 -0.0106343
-0.474 -0.0752722 -0.0131857
-0.472 -0.0884021 -0.0161399
-0.47 -0.102772 -0.0195326
-0.468 -0.118424 -0.0234
-0.466 -0.135398 -0.0277783
-0.464 -0.153736 -0.0327033
-0.462 -0.173478 -0.0382104
-0.46 -0.194663 -0.044334
-0.458 -0.217332 -0.0511074
-0.456 -0.241522 -0.0585622
-0.454 -0.267268 -0.0667281
-0.452 -0.294606 -0.0756329
-0.45 -0.323567 -0.0853014
-0.448 -0.354181 -0.0957557
-0.446 -0.386477 -0.107015
-0.444 -0.420479 -0.119094
-0.442 -0.456208 -0.132005
-0.44 -0.493682 -0.145754
-0.438 -0.532915 -0.160346
-0.436 -0.573919 -0.175777
-0.434 -0.616699 -0.192042
-0.432 -0.661258 -0.209127
-0.43 -0.707593 -0.227017
-0.428 -0.755696 -0.245686
-0.426 -0.805555 -0.265107
-0.424 -0.857152 -0.285245
-0.422 -0.910465 -0.306057
-0.42 -0.965464 -0.327497
-0.418 -1.02212 -0.349511
-0.416 -1.08038 -0.372039
-0.414 -1.14022 -0.395013
-0.412 -1.20157 -0.418362
-0.41 -1.26438 -0.442005
-0.408 -1.32859 -0.465858
-0.406 -1.39412 -0.489827
-0.404 -1.46091 -0.513816
-0.402 -1.52887 -0.537721
-0.4 -1.59792 -0.561432
-0.398 -1.66796 -0.584834
-0.396 -1.73891 -0.607809
-0.394 -1.81064 -0.630231
-0.392 -1.88307 -0.65197
-0.39 -1.95607 -0.672896
-0.388 -2.02952 -0.692869
-0.386 -2.10332 -0.711752
-0.384 -2.17732 -0.7294
-0.382 -2.2514 -0.74567
-0.38 -2.32542 -0.760415
-0.378 -2.39925 -0.773488
-0.376 -2.47274 -0.784741
-0.374 -2.54576 -0.794026
-0.372 -2.61815 -0.801196
-0.37 -2.68977 -0.806106
-0.368 -2.76047 -0.808612
-0.366 -2.83009 -0.808573
-0.364 -2.89848 -0.805853
-0.362 -2.96549 -0.800318
-0.36 -3.03097 -0.791839
-0.358 -3.09476 -0.780295
-0.356 -3.15671 -0.765569
-0.354 -3.21666 -0.747551
-0.352 -3.27447 -0.72614
-0.35 -3.32999 -0.701242
-0.348 -3.38307 -0.672773
-0.346 -3.43356 -0.640659
-0.344 -3.48132 -0.604835
-0.342 -3.52623 -0.565248
-0.34 -3.56813 -0.521856
-0.338 -3.60691 -0.47463
-0.336 -3.64243 -0.423553
-0.334 -3.67458 -0.368621
-0.332 -3.70324 -0.309843
-0.33 -3.7283 -0.247244
-0.328 -3.74965 -0.180861
-0.326 -3.7672 -0.110748
-0.324 -3.78086 -0.0369722
-0.322 -3.79054 0.040383
-0.32 -3.79615 0.121219
-0.318 -3.79764 0.205423
-0.316 -3.79494 0.292864
-0.314 -3.78799 0.383398
-0.312 -3.77673 0.476865
-0.31 -3.76114 0.573089
-0.308 -3.74118 0.67188
-0.306 -3.71682 0.773031
-0.304 -3.68804 0.876324
-0.302 -3.65484 0.981524
-0.3 -3.61721 1.08838
-0.298 -3.57516 1.19665
-0.296 -3.5287 1.30603
-0.294 -3.47786 1.41626
-0.292 -3.42266 1.52704
-0.29 -3.36314 1.63806
-0.288 -3.29934 1.74902
-0.286 -3.23132 1.85957
-0.284 -3.15912 1.9694
-0.282 -3.08281 2.07818
-0.28 -3.00246 2.18555
-0.278 -2.91814 2.29118
-0.276 -2.82993 2.39471
-0.274 -2.73792 2.49581
-0.272 -2.64218 2.59411
-0.27 -2.54282 2.68928
-0.268 -2.43992 2.78096
-0.266 -2.33358 2.86882
-0.264 -2.2239 2.95252
-0.262 -2.11098 3.03173
-0.26 -1.99492 3.10614
-0.258 -1.87581 3.17542
-0.256 -1.75377 3.23928
-0.254 -1.62888 3.29744
-0.252 -1.50125 3.34961
-0.25 -1.37096 3.39554
-0.248 -1.23812 3.43499
-0.246 -1.10281 3.46773
-0.244 -0.965118 3.49356
-0.242 -0.825115 3.51229
-0.24 -0.68288 3.52375
-0.238 -0.538479 3.52781
-0.236 -0.391974 3.52435
-0.234 -0.243418 3.51326
-0.232 -0.0928584 3.49449
-0.23 0.0596681 3.46799
-0.228 0.214132 3.43374
-0.226 0.370512 3.39175
-0.224 0.528799 3.34207
-0.222 0.688992 3.28476
-0.22 0.851098 3.21991
-0.218 1.01514 3.14765
-0.216 1.18114 3.06813
-0.214 1.34915 2.98153
-0.212 1.51922 2.88806
-0.21 1.6914 2.78797
-0.208 1.86578 2.68152
-0.206 2.04243 2.569
-0.204 2.22145 2.45074
-0.202 2.40295 2.32708
-0.2 2.58704 2.1984
-0.198 2.77384 2.06509
-0.196 2.96349 1.92759
-0.194 3.15614 1.78634
-0.192 3.35193 1.6418
-0.19 3.55103 1.49447
-0.188 3.75361 1.34484
-0.186 3.95983 1.19346
-0.184 4.16989 1.04085
-0.182 4.38396 0.887572
-0.18 4.60224 0.734198
-0.178 4.82492 0.581305
-0.176 5.05221 0.429484
-0.174 5.2843 0.279331
-0.172 5.5214 0.131449
-0.17 5.76371 -0.0135564
-0.168 6.01143 -0.155077
-0.166 6.26476 -0.292505
-0.164 6.52391 -0.425235
-0.162 6.78906 -0.552665
-0.16 7.06042 -0.6742
-0.158 7.33816 -0.789253
-0.156 7.62247 -0.897248
-0.154 7.91352 -0.997618
-0.152 8.21148 -1.08981
-0.15 8.51651 -1.1733
-0.148 8.82874 -1.24757
-0.146 9.14833 -1.31211
-0.144 9.47539 -1.36645
-0.142 9.81004 -1.41014
-0.14 10.1524 -1.44275
-0.138 10.5025 -1.46389
-0.136 10.8605 -1.47317
-0.134 11.2264 -1.47025
-0.132 11.6002 -1.45482
-0.13 11.982 -1.42659
-0.128 12.3718 -1.38532
-0.126 12.7696 -1.33079
-0.124 13.1754 -1.26282
-0.122 13.5891 -1.18126
-0.12 14.0107 -1.086
-0.118 14.4401 -0.97697
-0.116 14.8772 -0.854132
-0.114 15.3219 -0.717486
-0.112 15.774 -0.567071
-0.11 16.2335 -0.402963
-0.108 16.7002 -0.225276
-0.106 17.1738 -0.0341621
-0.104 17.6542 0.170191
-0.102 18.1412 0.387557
-0.1 18.6345 0.617675
-0.098 19.1339 0.860246
-0.096 19.6391 1.11494
-0.094 20.1498 1.38138
-0.092 20.6657 1.65917
-0.09 21.1866 1.94788
-0.088 21.712 2.24703
-0.086 22.2416 2.55614
-0.084 22.7751 2.87467
-0.082 23.312 3.20208
-0.08 23.8521 3.53777
-0.078 24.3947 3.88114
-0.076 24.9396 4.23156
-0.074 25.4863 4.58837
-0.072 26.0343 4.9509
-0.07 26.5832 5.31846
-0.068 27.1325 5.69031
-0.066 27.6817 6.06575
-0.064 28.2302 6.44401
-0.062 28.7776 6.82435
-0.06 29.3233 7.20598
-0.058 29.8668 7.58814
-0.056 30.4074 7.97003
-0.054 30.9447 8.35086
-0.052 31.4781 8.72983
-0.05 32.0069 9.10614
-0.048 32.5305 9.47899
-0.046 33.0484 9.84757
-0.044 33.5598 10.2111
-0.042 34.0642 10.5688
-0.04 34.5609 10.9198
-0.038 35.0493 11.2634
-0.036 35.5286 11.5989
-0.034 35.9982 11.9253
-0.032 36.4575 12.2422
-0.03 36.9057 12.5486
-0.028 37.3421 12.8439
-0.026 37.7662 13.1274
-0.024 38.177 13.3985
-0.022 38.5741 13.6564
-0.02 38.9567 13.9007
-0.018 39.3241 14.1307
-0.016 39.6756 14.3458
-0.014 40.0106 14.5455
-0.012 40.3283 14.7294
-0.01 40.6282 14.8969
-0.008 40.9096 15.0476
-0.006 41.1719 15.1813
-0.004 41.4145 15.2974
-0.002 41.6368 15.3958
0 41.8382 15.4761
0.002 42.0182 15.5381
0.004 42.1764 15.5816
0.006 42.3122 15.6066
0.008 42.4251 15.6129
0.01 42.5149 15.6005
0.012 42.581 15.5694
0.014 42.6232 15.5197
0.016 42.6413 15.4514
0.018 42.6348 15.3647
0.02 42.6037 15.2598
0.022 42.5477 15.137
0.024 42.4668 14.9965
0.026 42.3609 14.8387
0.028 42.2299 14.664
0.03 42.0738 14.4728
0.032 41.8929 14.2655
0.034 41.6871 14.0427
0.036 41.4566 13.8049
0.038 41.2018 13.5527
0.04 40.9227 13.2868
0.042 40.6198 13.0078
0.044 40.2933 12.7163
0.046 39.9438 12.4132
0.048 39.5716 12.0991
0.05 39.1773 11.7749
0.052 38.7613 11.4413
0.054 38.3242 11.0991
0.056 37.8667 10.7493
0.058 37.3894 10.3926
0.06 36.893 10.0299
0.062 36.3781 9.66213
0.064 35.8455 9.29011
0.066 35.2959 8.91476
0.068 34.7303 8.53696
0.07 34.1493 8.15759
0.072 33.5537 7.77754
0.074 32.9445 7.39768
0.076 32.3225 7.01888
0.078 31.6886 6.64199
0.08 31.0437 6.26786
0.082 30.3886 5.8973
0.084 29.7242 5.53111
0.086 29.0515 5.17008
0.088 28.3713 4.81497
0.09 27.6846 4.46649
0.092 26.9922 4.12536
0.094 26.295 3.79225
0.096 25.594 3.46779
0.098 24.89 3.15258
0.1 24.1838 2.8472
0.102 23.4762 2.55219
0.104 22.7683 2.26803
0.106 22.0606 1.99518
0.108 21.3542 1.73406
0.11 20.6496 1.48504
0.112 19.9477 1.24846
0.114 19.2493 1.02461
0.116 18.5549 0.813732
0.118 17.8654 0.616038
0.12 17.1814 0.431688
0.122 16.5034 0.260804
0.124 15.8323 0.103462
0.126 15.1684 -0.0403007
0.128 14.5124 -0.170492
0.13 13.8648 -0.287159
0.132 13.2261 -0.390391
0.134 12.5967 -0.480314
0.136 11.9772 -0.557096
0.138 11.3679 -0.620939
0.14 10.7693 -0.672083
0.142 10.1815 -0.710804
0.144 9.60512 -0.737409
0.146 9.04029 -0.752238
0.148 8.48732 -0.755662
0.15 7.94645 -0.748077
0.152 7.41791 -0.72991
0.154 6.90187 -0.701611
0.156 6.39849 -0.663651
0.158 5.90792 -0.616525
0.16 5.43027 -0.560745
0.162 4.96561 -0.496839
0.164 4.51401 -0.425352
0.166 4.07551 -0.34684
0.168 3.65012 -0.261869
0.17 3.23784 -0.171015
0.172 2.83864 -0.0748596
0.174 2.45247 0.0260131
0.176 2.07927 0.131015
0.178 1.71896 0.239559
0.18 1.37142 0.35106
0.182 1.03654 0.464936
0.184 0.71419 0.580612
0.186 0.404214 0.697521
0.188 0.106449 0.815104
0.19 -0.179282 0.932816
0.192 -0.453169 1.05012
0.194 -0.715414 1.1665
0.196 -0.966228 1.28146
0.198 -1.20583 1.3945
0.2 -1.43446 1.50516
0.202 -1.65236 1.613
0.204 -1.85976 1.71758
0.206 -2.05693 1.81851
0.208 -2.24412 1.9154
0.21 -2.42159 2.0079
0.212 -2.58963 2.09567
0.214 -2.7485 2.17842
0.216 -2.89847 2.25585
0.218 -3.03983 2.32772
0.22 -3.17285 2.39379
0.222 -3.29782 2.45386
0.224 -3.41501 2.50776
0.226 -3.52471 2.55535
0.228 -3.6272 2.59649
0.23 -3.72275 2.6311
0.232 -3.81163 2.6591
0.234 -3.89413 2.68046
0.236 -3.9705 2.69515
0.238 -4.04102 2.70318
0.24 -4.10594 2.70459
0.242 -4.16551 2.69944
0.244 -4.22 2.68779
0.246 -4.26963 2.66975
0.248 -4.31465 2.64545
0.25 -4.35528 2.61503
0.252 -4.39176 2.57865
0.254 -4.42428 2.53648
0.256 -4.45306 2.48873
0.258 -4.4783 2.43562
0.26 -4.50018 2.37737
0.262 -4.51889 2.31422
0.264 -4.5346 2.24643
0.266 -4.54747 2.17427
0.268 -4.55765 2.09802
0.27 -4.56529 2.01796
0.272 -4.57052 1.9344
0.274 -4.57347 1.84762
0.276 -4.57425 1.75794
0.278 -4.57298 1.66567
0.28 -4.56974 1.57113
0.282 -4.56463 1.47462
0.284 -4.55772 1.37647
0.286 -4.5491 1.27699
0.288 -4.53881 1.1765
0.29 -4.52692 1.0753
0.292 -4.51348 0.973707
0.294 -4.49852 0.872018
0.296 -4.48208 0.770532
0.298 -4.46418 0.669536
0.3 -4.44485 0.569312
0.302 -4.42411 0.470133
0.304 -4.40196 0.372261
0.306 -4.37841 0.27595
0.308 -4.35346 0.181441
0.31 -4.32711 0.0889649
0.312 -4.29936 -0.00126057
0.314 -4.27021 -0.0890299
0.316 -4.23963 -0.174151
0.318 -4.20763 -0.256445
0.32 -4.17419 -0.335747
0.322 -4.1393 -0.411906
0.324 -4.10295 -0.484787
0.326 -4.06513 -0.554267
0.328 -4.02584 -0.620238
0.33 -3.98505 -0.68261
0.332 -3.94277 -0.741303
0.334 -3.89899 -0.796255
0.336 -3.85371 -0.847416
0.338 -3.80693 -0.894752
0.34 -3.75866 -0.938243
0.342 -3.70891 -0.97788
0.344 -3.65768 -1.01367
0.346 -3.605 -1.04563
0.348 -3.55089 -1.0738
0.35 -3.49536 -1.09822
0.352 -3.43846 -1.11894
0.354 -3.38021 -1.13604
0.356 -3.32065 -1.14958
0.358 -3.25982 -1.15966
0.36 -3.19778 -1.16637
0.362 -3.13458 -1.16981
0.364 -3.07026 -1.17011
0.366 -3.0049 -1.16738
0.368 -2.93856 -1.16175
0.37 -2.8713 -1.15334
0.372 -2.80321 -1.14231
0.374 -2.73434 -1.12879
0.376 -2.6648 -1.11293
0.378 -2.59465 -1.09488
0.38 -2.52398 -1.07479
0.382 -2.45288 -1.05282
0.384 -2.38145 -1.02912
0.386 -2.30977 -1.00385
0.388 -2.23793 -0.977164
0.39 -2.16604 -0.949215
0.392 -2.09418 -0.920158
0.394 -2.02245 -0.890145
0.396 -1.95095 -0.859325
0.398 -1.87977 -0.827844
0.4 -1.80901 -0.795844
0.402 -1.73875 -0.763464
0.404 -1.6691 -0.730838
0.406 -1.60015 -0.698094
0.408 -1.53197 -0.665357
0.41 -1.46467 -0.632744
0.412 -1.39832 -0.600369
0.414 -1.333 -0.568336
0.416 -1.2688 -0.536746
0.418 -1.20578 -0.505692
0.42 -1.14402 -0.47526
0.422 -1.08359 -0.445529
0.424 -1.02455 -0.416572
0.426 -0.966952 -0.388454
0.428 -0.91086 -0.361234
0.43 -0.856321 -0.334961
0.432 -0.803383 -0.309682
0.434 -0.752086 -0.285432
0.436 -0.702468 -0.262243
0.438 -0.654561 -0.240138
0.44 -0.608392 -0.219133
0.442 -0.563983 -0.199241
0.444 -0.521355 -0.180466
0.446 -0.480518 -0.162807
0.448 -0.441484 -0.146256
0.45 -0.404256 -0.130803
0.452 -0.368834 -0.116431
0.454 -0.335215 -0.103117
0.456 -0.303389 -0.090836
0.458 -0.273346 -0.0795583
0.46 -0.245067 -0.0692505
0.462 -0.218535 -0.059876
0.464 -0.193725 -0.0513954
0.466 -0.170612 -0.043767
0.468 -0.149165 -0.036947
0.47 -0.129352 -0.0308898
0.472 -0.111138 -0.0255489
0.474 -0.0944861 -0.0208767
0.476 -0.0793555 -0.016825
0.478 -0.0657047 -0.0133458
0.48 -0.0534905 -0.0103912
0.482 -0.0426678 -0.00791389
0.484 -0.0331903 -0.00586751
0.486 -0.0250108 -0.004207
0.488 -0.0180809 -0.00288885
0.49 -0.012352 -0.00187143
0.492 -0.00777491 -0.00111523
0.494 -0.00430032 -0.000583094
0.496 -0.00187893 -0.000240504
0.498 -0.000461701 -5.57229e-05
0.05 14.8711 4.59
0.1 14.8717 4.58991
0.15 14.8727 4.58976
0.2 14.8741 4.58956
0.25 14.8759 4.58929
0.3 14.8781 4.58897
0.35 14.8806 4.58859
0.4 14.8836 4.58814
0.45 14.887 4.58764
0.5 14.8907 4.58708
0.55 14.8949 4.58646
0.6 14.8994 4.58578
0.65 14.9043 4.58504
0.7 14.9096 4.58423
0.75 14.9152 4.58337
0.8 14.9213 4.58245
0.85 14.9277 4.58146
0.9 14.9345 4.58042
0.95 14.9417 4.57931
1 14.9492 4.57814
1.05 14.9571 4.57691
1.1 14.9653 4.57561
1.15 14.9739 4.57426
1.2 14.9828 4.57284
1.25 14.9921 4.57135
1.3 15.0018 4.5698
1.35 15.0117 4.56819
1.4 15.022 4.56651
1.45 15.0327 4.56477
1.5 15.0436 4.56296
1.55 15.0549 4.56108
1.6 15.0665 4.55914
1.65 15.0783 4.55713
1.7 15.0905 4.55505
1.75 15.103 4.5529
1.8 15.1158 4.55069
1.85 15.1288 4.5484
1.9 15.1422 4.54605
1.95 15.1558 4.54362
2 15.1696 4.54113
2.05 15.1838 4.53856
2.1 15.1981 4.53592
2.15 15.2128 4.5332
2.2 15.2276 4.53042
2.25 15.2427 4.52755
2.3 15.258 4.52462
2.35 15.2735 4.52161
2.4 15.2893 4.51852
2.45 15.3052 4.51536
2.5 15.3213 4.51211
2.55 15.3376 4.5088
2.6 15.3541 4.5054
2.65 15.3708 4.50192
2.7 15.3876 4.49836
2.75 15.4045 4.49473
2.8 15.4217 4.49101
2.85 15.4389 4.48721
2.9 15.4563 4.48333
2.95 15.4738 4.47936
3 15.4914 4.47531
3.05 15.5091 4.47118
3.1 15.5268 4.46696
3.15 15.5447 4.46265
3.2 15.5627 4.45826
3.25 15.5807 4.45379
3.3 15.5987 4.44922
3.35 15.6169 4.44457
3.4 15.635 4.43982
3.45 15.6532 4.43499
3.5 15.6714 4.43007
3.55 15.6896 4.42505
3.6 15.7078 4.41995
3.65 15.726 4.41475
3.7 15.7441 4.40946
3.75 15.7623 4.40408
3.8 15.7804 4.3986
3.85 15.7984 4.39303
3.9 15.8164 4.38736
3.95 15.8343 4.3816
4 15.8522 4.37574
4.05 15.8699 4.36979
4.1 15.8876 4.36374
4.15 15.9051 4.35759
4.2 15.9225 4.35134
4.25 15.9398 4.34499
4.3 15.957 4.33855
4.35 15.974 4.332
4.4 15.9908 4.32536
4.45 16.0075 4.31862
4.5 16.024 4.31177
4.55 16.0403 4.30482
4.6 16.0564 4.29778
4.65 16.0723 4.29063
4.7 16.088 4.28337
4.75 16.1035 4.27602
4.8 16.1187 4.26856
4.85 16.1336 4.261
4.9 16.1483 4.25334
4.95 16.1628 4.24557
5 16.1769 4.2377
5.05 16.1908 4.22973
5.1 16.2044 4.22165
5.15 16.2177 4.21347
5.2 16.2306 4.20518
5.25 16.2433 4.19679
5.3 16.2556 4.18829
5.35 16.2675 4.17969
5.4 16.2791 4.17099
5.45 16.2904 4.16218
5.5 16.3012 4.15327
5.55 16.3117 4.14425
5.6 16.3218 4.13513
5.65 16.3315 4.1259
5.7 16.3408 4.11657
5.75 16.3497 4.10714
5.8 16.3581 4.0976
5.85 16.3661 4.08796
5.9 16.3737 4.07821
5.95 16.3808 4.06837
6 16.3875 4.05842
6.05 16.3937 4.04837
6.1 16.3994 4.03821
6.15 16.4046 4.02796
6.2 16.4094 4.0176
6.25 16.4136 4.00715
6.3 16.4174 3.99659
6.35 16.4206 3.98593
6.4 16.4233 3.97518
6.45 16.4255 3.96433
6.5 16.4272 3.95338
6.55 16.4283 3.94233
6.6 16.4288 3.93119
6.65 16.4288 3.91995
6.7 16.4283 3.90861
6.75 16.4271 3.89718
6.8 16.4254 3.88566
6.85 16.4231 3.87405
6.9 16.4202 3.86234
6.95 16.4168 3.85054
7 16.4127 3.83866
7.05 16.408 3.82668
7.1 16.4027 3.81462
7.15 16.3968 3.80247
7.2 16.3903 3.79024
7.25 16.3831 3.77792
7.3 16.3754 3.76551
7.35 16.3669 3.75303
7.4 16.3579 3.74046
7.45 16.3482 3.72782
7.5 16.3378 3.71509
7.55 16.3268 3.70229
7.6 16.3151 3.68941
7.65 16.3028 3.67646
7.7 16.2898 3.66344
7.75 16.2762 3.65034
7.8 16.2618 3.63718
7.85 16.2468 3.62394
7.9 16.2311 3.61064
7.95 16.2148 3.59727
8 16.1977 3.58384
8.05 16.18 3.57035
8.1 16.1615 3.55679
8.15 16.1424 3.54318
8.2 16.1226 3.52951
8.25 16.1021 3.51578
8.3 16.0809 3.502
8.35 16.059 3.48817
8.4 16.0364 3.47428
8.45 16.0132 3.46035
8.5 15.9892 3.44638
8.55 15.9645 3.43235
8.6 15.9391 3.41829
8.65 15.913 3.40418
8.7 15.8862 3.39004
8.75 15.8587 3.37586
8.8 15.8305 3.36164
8.85 15.8016 3.34739
8.9 15.772 3.33312
8.95 15.7417 3.31881
9 15.7107 3.30447
9.05 15.679 3.29012
9.1 15.6466 3.27574
9.15 15.6135 3.26134
9.2 15.5797 3.24692
9.25 15.5453 3.23249
9.3 15.5101 3.21804
9.35 15.4742 3.20359
9.4 15.4377 3.18912
9.45 15.4005 3.17465
9.5 15.3626 3.16018
9.55 15.324 3.1457
9.6 15.2847 3.13122
9.65 15.2448 3.11675
9.7 15.2042 3.10229
9.75 15.1629 3.08783
9.8 15.121 3.07338
9.85 15.0784 3.05895
9.9 15.0352 3.04453
9.95 14.9913 3.03012
10 14.9467 3.01574
10.05 14.9015 3.00138
10.1 14.8557 2.98705
10.15 14.8093 2.97275
10.2 14.7622 2.95847
10.25 14.7145 2.94423
10.3 14.6661 2.93002
10.35 14.6172 2.91585
10.4 14.5677 2.90172
10.45 14.5175 2.88764
10.5 14.4668 2.8736
10.55 14.4154 2.8596
10.6 14.3635 2.84566
10.65 14.311 2.83177
10.7 14.2579 2.81794
10.75 14.2043 2.80417
10.8 14.1501 2.79045
10.85 14.0953 2.7768
10.9 14.04 2.76322
10.95 13.9842 2.7497
11 13.9278 2.73626
11.05 13.8709 2.72289
11.1 13.8135 2.70959
11.15 13.7556 2.69637
11.2 13.6971 2.68324
11.25 13.6382 2.67019
11.3 13.5788 2.65722
11.35 13.5189 2.64434
11.4 13.4585 2.63156
11.45 13.3977 2.61886
11.5 13.3364 2.60627
11.55 13.2746 2.59377
11.6 13.2124 2.58137
11.65 13.1498 2.56908
11.7 13.0867 2.55689
11.75 13.0233 2.54481
11.8 12.9594 2.53284
11.85 12.8951 2.52098
11.9 12.8305 2.50924
11.95 12.7654 2.49761
12 12.7 2.48611
12.05 12.6342 2.47473
12.1 12.5681 2.46347
12.15 12.5016 2.45233
12.2 12.4348 2.44133
12.25 12.3676 2.43046
12.3 12.3001 2.41972
12.35 12.2324 2.40911
12.4 12.1643 2.39865
12.45 12.0959 2.38832
12.5 12.0273 2.37813
12.55 11.9583 2.36809
12.6 11.8891 2.35819
12.65 11.8197 2.34844
12.7 11.75 2.33884
12.75 11.6801 2.32939
12.8 11.6099 2.32009
12.85 11.5396 2.31095
12.9 11.469 2.30196
12.95 11.3982 2.29314
13 11.3273 2.28447
13.05 11.2562 2.27596
13.1 11.1849 2.26762
13.15 11.1134 2.25945
13.2 11.0418 2.25144
13.25 10.9701 2.24359
13.3 10.8982 2.23592
13.35 10.8262 2.22842
13.4 10.7541 2.2211
13.45 10.6819 2.21394
13.5 10.6096 2.20696
13.55 10.5372 2.20016
13.6 10.4648 2.19354
13.65 10.3923 2.18709
13.7 10.3197 2.18083
13.75 10.2471 2.17475
13.8 10.1745 2.16885
13.85 10.1019 2.16313
13.9 10.0292 2.1576
13.95 9.95652 2.15226
14 9.88385 2.1471
14.05 9.81119 2.14213
14.1 9.73856 2.13735
14.15 9.66597 2.13275
14.2 9.59341 2.12835
14.25 9.5209 2.12414
14.3 9.44846 2.12011
14.35 9.37608 2.11628
14.4 9.30378 2.11264
14.45 9.23157 2.1092
14.5 9.15946 2.10595
14.55 9.08744 2.10289
14.6 9.01555 2.10002
14.65 8.94377 2.09735
14.7 8.87212 2.09488
14.75 8.80062 2.0926
14.8 8.72926 2.09051
14.85 8.65805 2.08862
14.9 8.58701 2.08692
14.95 8.51614 2.08542
15 8.44546 2.08411
15.05 8.37496 2.083
15.1 8.30465 2.08208
15.15 8.23455 2.08136
15.2 8.16467 2.08083
15.25 8.095 2.0805
15.3 8.02556 2.08035
15.35 7.95636 2.0804
15.4 7.88739 2.08065
15.45 7.81868 2.08108
15.5 7.75022 2.08171
15.55 7.68203 2.08253
15.6 7.61411 2.08353
15.65 7.54646 2.08473
15.7 7.4791 2.08612
15.75 7.41203 2.08769
15.8 7.34526 2.08945
15.85 7.27879 2.09139
15.9 7.21264 2.09353
15.95 7.1468 2.09584
16 7.08128 2.09834
16.05 7.01609 2.10102
16.1 6.95124 2.10387
16.15 6.88673 2.10691
16.2 6.82256 2.11013
16.25 6.75874 2.11352
16.3 6.69529 2.11709
16.35 6.63219 2.12083
16.4 6.56947 2.12475
16.45 6.50711 2.12883
16.5 6.44514 2.13308
16.55 6.38355 2.13751
16.6 6.32234 2.14209
16.65 6.26153 2.14684
16.7 6.20111 2.15176
16.75 6.1411 2.15683
16.8 6.08149 2.16206
16.85 6.02228 2.16745
16.9 5.9635 2.173
16.95 5.90513 2.17869
17 5.84718 2.18454
17.05 5.78965 2.19054
17.1 5.73255 2.19668
17.15 5.67589 2.20297
17.2 5.61965 2.20939
17.25 5.56386 2.21596
17.3 5.5085 2.22267
17.35 5.45359 2.22951
17.4 5.39913 2.23649
17.45 5.34511 2.24359
17.5 5.29155 2.25083
17.55 5.23844 2.25819
17.6 5.18578 2.26567
17.65 5.13358 2.27327
17.7 5.08184 2.28099
17.75 5.03057 2.28883
17.8 4.97975 2.29678
17.85 4.9294 2.30484
17.9 4.87952 2.313
17.95 4.8301 2.32127
18 4.78116 2.32964
18.05 4.73268 2.33812
18.1 4.68467 2.34668
18.15 4.63714 2.35534
18.2 4.59008 2.3641
18.25 4.54349 2.37293
18.3 4.49737 2.38186
18.35 4.45173 2.39086
18.4 4.40656 2.39994
18.45 4.36187 2.4091
18.5 4.31765 2.41833
18.55 4.27391 2.42763
18.6 4.23064 2.437
18.65 4.18784 2.44643
18.7 4.14551 2.45592
18.75 4.10366 2.46546
18.8 4.06228 2.47506
18.85 4.02138 2.48471
18.9 3.98094 2.49441
18.95 3.94097 2.50415
19 3.90147 2.51394
19.05 3.86244 2.52376
19.1 3.82387 2.53361
19.15 3.78577 2.5435
19.2 3.74813 2.55341
19.25 3.71095 2.56335
19.3 3.67423 2.57331
19.35 3.63797 2.58329
19.4 3.60216 2.59328
19.45 3.56681 2.60328
19.5 3.53191 2.61329
19.55 3.49747 2.62331
19.6 3.46346 2.63333
19.65 3.42991 2.64334
19.7 3.3968 2.65335
19.75 3.36412 2.66335
19.8 3.33189 2.67334
19.85 3.30009 2.68331
19.9 3.26872 2.69327
19.95 3.23778 2.7032
20 3.20727 2.71311
20.05 3.17718 2.72299
20.1 3.14752 2.73284
20.15 3.11827 2.74265
20.2 3.08943 2.75242
20.25 3.06101 2.76215
20.3 3.03299 2.77184
20.35 3.00538 2.78148
20.4 2.97817 2.79106
20.45 2.95135 2.80059
20.5 2.92493 2.81007
20.55 2.8989 2.81948
20.6 2.87326 2.82883
20.65 2.848 2.83811
20.7 2.82311 2.84731
20.75 2.79861 2.85645
20.8 2.77447 2.86551
20.85 2.7507 2.87448
20.9 2.7273 2.88338
20.95 2.70425 2.89218
21 2.68156 2.9009
21.05 2.65922 2.90952
21.1 2.63723 2.91805
21.15 2.61558 2.92648
21.2 2.59426 2.93481
21.25 2.57329 2.94303
21.3 2.55264 2.95115
21.35 2.53231 2.95916
21.4 2.51231 2.96705
21.45 2.49263 2.97483
21.5 2.47326 2.98249
21.55 2.45419 2.99002
21.6 2.43543 2.99743
21.65 2.41697 3.00472
21.7 2.3988 3.01188
21.75 2.38092 3.0189
21.8 2.36333 3.02579
21.85 2.34602 3.03254
21.9 2.32898 3.03915
21.95 2.31222 3.04562
22 2.29572 3.05194
22.05 2.27949 3.05812
22.1 2.26351 3.06414
22.15 2.24779 3.07002
22.2 2.23232 3.07574
22.25 2.21709 3.0813
22.3 2.2021 3.0867
22.35 2.18735 3.09194
22.4 2.17283 3.09702
22.45 2.15853 3.10194
22.5 2.14445 3.10668
22.55 2.13059 3.11126
22.6 2.11695 3.11567
22.65 2.10351 3.1199
22.7 2.09028 3.12396
22.75 2.07724 3.12784
22.8 2.0644 3.13154
22.85 2.05175 3.13506
22.9 2.03928 3.13839
22.95 2.02699 3.14155
23 2.01488 3.14451
23.05 2.00295 3.1473
23.1 1.99118 3.14989
23.15 1.97957 3.15229
23.2 1.96813 3.1545
23.25 1.95684 3.15651
23.3 1.9457 3.15834
23.35 1.9347 3.15996
23.4 1.92385 3.16139
23.45 1.91314 3.16262
23.5 1.90256 3.16366
23.55 1.89211 3.16449
23.6 1.88179 3.16512
23.65 1.87159 3.16555
23.7 1.8615 3.16577
23.75 1.85153 3.16579
23.8 1.84168 3.16561
23.85 1.83192 3.16522
23.9 1.82227 3.16462
23.95 1.81272 3.16382
24 1.80326 3.16281
24.05 1.7939 3.16159
24.1 1.78462 3.16016
24.15 1.77543 3.15852
24.2 1.76632 3.15667
24.25 1.75728 3.15461
24.3 1.74832 3.15234
24.35 1.73943 3.14986
24.4 1.7306 3.14717
24.45 1.72184 3.14427
24.5 1.71314 3.14116
24.55 1.7045 3.13783
24.6 1.69591 3.1343
24.65 1.68737 3.13055
24.7 1.67888 3.12659
24.75 1.67044 3.12242
24.8 1.66204 3.11804
24.85 1.65367 3.11345
24.9 1.64535 3.10865
24.95 1.63705 3.10364
25 1.62879 3.09841
25.05 1.62056 3.09298
25.1 1.61235 3.08734
25.15 1.60416 3.0815
25.2 1.596 3.07544
25.25 1.58786 3.06918
25.3 1.57973 3.06271
25.35 1.57161 3.05604
25.4 1.56351 3.04916
25.45 1.55541 3.04207
25.5 1.54733 3.03479
25.55 1.53924 3.0273
25.6 1.53117 3.01961
25.65 1.52309 3.01172
25.7 1.51501 3.00363
25.75 1.50693 2.99534
25.8 1.49885 2.98686
25.85 1.49076 2.97818
25.9 1.48266 2.9693
25.95 1.47455 2.96023
26 1.46643 2.95097
26.05 1.45831 2.94152
26.1 1.45016 2.93188
26.15 1.442 2.92206
26.2 1.43383 2.91204
26.25 1.42564 2.90184
26.3 1.41743 2.89146
26.35 1.4092 2.8809
26.4 1.40095 2.87015
26.45 1.39268 2.85923
26.5 1.38438 2.84813
26.55 1.37606 2.83685
26.6 1.36772 2.82541
26.65 1.35935 2.81379
26.7 1.35096 2.802
26.75 1.34253 2.79004
26.8 1.33409 2.77792
26.85 1.32561 2.76564
26.9 1.3171 2.75319
26.95 1.30857 2.74058
27 1.30001 2.72782
27.05 1.29141 2.7149
27.1 1.28279 2.70182
27.15 1.27414 2.6886
27.2 1.26545 2.67522
27.25 1.25674 2.6617
27.3 1.24799 2.64804
27.35 1.23922 2.63423
27.4 1.23041 2.62028
27.45 1.22157 2.60619
27.5 1.2127 2.59197
27.55 1.2038 2.57761
27.6 1.19487 2.56312
27.65 1.18591 2.54851
27.7 1.17692 2.53377
27.75 1.1679 2.5189
27.8 1.15884 2.50391
27.85 1.14976 2.48881
27.9 1.14066 2.47358
27.95 1.13152 2.45825
28 1.12235 2.4428
28.05 1.11316 2.42724
28.1 1.10394 2.41158
28.15 1.09469 2.39581
28.2 1.08542 2.37994
28.25 1.07613 2.36398
28.3 1.06681 2.34791
28.35 1.05746 2.33176
28.4 1.04809 2.31551
28.45 1.0387 2.29918
28.5 1.02929 2.28276
28.55 1.01986 2.26625
28.6 1.01041 2.24967
28.65 1.00094 2.23301
28.7 0.991456 2.21628
28.75 0.981953 2.19947
28.8 0.972433 2.18259
28.85 0.962899 2.16565
28.9 0.953351 2.14864
28.95 0.94379 2.13157
29 0.934218 2.11445
29.05 0.924635 2.09726
29.1 0.915043 2.08003
29.15 0.905442 2.06274
29.2 0.895835 2.04541
29.25 0.886221 2.02803
29.3 0.876602 2.01061
29.35 0.86698 1.99315
29.4 0.857355 1.97565
29.45 0.84773 1.95812
29.5 0.838104 1.94055
29.55 0.828479 1.92296
29.6 0.818858 1.90534
29.65 0.809239 1.8877
29.7 0.799627 1.87003
29.75 0.79002 1.85235
29.8 0.780421 1.83465
29.85 0.770831 1.81694
29.9 0.761252 1.79922
29.95 0.751684 1.78149
30 0.742129 1.76376
30.05 0.732588 1.74602
30.1 0.723063 1.72829
30.15 0.713555 1.71055
30.2 0.704066 1.69282
30.25 0.694596 1.6751
30.3 0.685146 1.65739
30.35 0.67572 1.63969
30.4 0.666316 1.62201
30.45 0.656938 1.60434
30.5 0.647586 1.5867
30.55 0.638262 1.56908
30.6 0.628966 1.55148
30.65 0.619701 1.53391
30.7 0.610467 1.51637
30.75 0.601267 1.49886
30.8 0.5921 1.48138
30.85 0.582969 1.46394
30.9 0.573874 1.44654
30.95 0.564818 1.42919
31 0.555801 1.41187
31.05 0.546824 1.3946
31.1 0.537889 1.37738
31.15 0.528998 1.36021
31.2 0.52015 1.3431
31.25 0.511348 1.32603
31.3 0.502592 1.30903
31.35 0.493884 1.29208
31.4 0.485226 1.27519
31.45 0.476617 1.25836
31.5 0.46806 1.2416
31.55 0.459555 1.22491
31.6 0.451103 1.20828
31.65 0.442706 1.19173
31.7 0.434365 1.17525
31.75 0.42608 1.15884
31.8 0.417853 1.14251
31.85 0.409685 1.12625
31.9 0.401577 1.11008
31.95 0.39353 1.09398
32 0.385544 1.07797
32.05 0.37762 1.06205
32.1 0.369761 1.04621
32.15 0.361966 1.03046
32.2 0.354236 1.0148
32.25 0.346572 0.999231
32.3 0.338976 0.983754
32.35 0.331447 0.968372
32.4 0.323987 0.953085
32.45 0.316596 0.937896
32.5 0.309276 0.922805
32.55 0.302026 0.907815
32.6 0.294848 0.892925
32.65 0.287743 0.878139
32.7 0.28071 0.863456
32.75 0.273751 0.848879
32.8 0.266866 0.834408
32.85 0.260056 0.820044
32.9 0.253321 0.80579
32.95 0.246662 0.791645
33 0.24008 0.777611
33.05 0.233574 0.763689
33.1 0.227146 0.749881
33.15 0.220796 0.736186
33.2 0.214523 0.722606
33.25 0.20833 0.709142
33.3 0.202215 0.695795
33.35 0.19618 0.682565
33.4 0.190224 0.669454
33.45 0.184349 0.656462
33.5 0.178553 0.643591
33.55 0.172838 0.630839
33.6 0.167204 0.61821
33.65 0.16165 0.605702
33.7 0.156178 0.593317
33.75 0.150786 0.581056
33.8 0.145476 0.568918
33.85 0.140248 0.556905
33.9 0.135101 0.545016
33.95 0.130035 0.533253
34 0.125051 0.521616
34.05 0.120149 0.510105
34.1 0.115328 0.49872
34.15 0.110589 0.487463
34.2 0.105931 0.476332
34.25 0.101354 0.465329
34.3 0.0968588 0.454454
34.35 0.0924446 0.443707
34.4 0.0881114 0.433088
34.45 0.0838589 0.422597
34.5 0.079687 0.412235
34.55 0.0755954 0.402001
34.6 0.0715839 0.391896
34.65 0.0676523 0.38192
34.7 0.0638002 0.372072
34.75 0.0600273 0.362353
34.8 0.0563334 0.352762
34.85 0.052718 0.3433
34.9 0.0491808 0.333966
34.95 0.0457215 0.324761
35 0.0423395 0.315684
35.05 0.0390345 0.306735
35.1 0.035806 0.297913
35.15 0.0326536 0.289219
35.2 0.0295767 0.280652
35.25 0.026575 0.272212
35.3 0.0236478 0.263899
35.35 0.0207946 0.255712
35.4 0.018015 0.247651
35.45 0.0153082 0.239716
35.5 0.0126738 0.231906
35.55 0.0101111 0.22422
35.6 0.00761952 0.216659
35.65 0.00519844 0.209221
35.7 0.00284721 0.201907
35.75 0.00056516 0.194715
35.8 -0.00164837 0.187646
35.85 -0.00379406 0.180698
35.9 -0.00587262 0.173871
35.95 -0.00788475 0.167165
36 -0.00983118 0.160578
36.05 -0.0117126 0.154111
36.1 -0.0135299 0.147762
36.15 -0.0152837 0.14153
36.2 -0.0169747 0.135416
36.25 -0.0186039 0.129418
36.3 -0.0201719 0.123536
36.35 -0.0216796 0.117768
36.4 -0.0231278 0.112114
36.45 -0.0245172 0.106574
36.5 -0.0258488 0.101146
36.55 -0.0271233 0.0958298
36.6 -0.0283416 0.0906242
36.65 -0.0295045 0.0855284
36.7 -0.0306129 0.0805416
36.75 -0.0316676 0.0756629
36.8 -0.0326695 0.0708914
36.85 -0.0336195 0.0662261
36.9 -0.0345185 0.0616662
36.95 -0.0353672 0.0572107
37 -0.0361667 0.0528586
37.05 -0.0369178 0.048609
37.1 -0.0376213 0.0444608
37.15 -0.0382783 0.0404132
37.2 -0.0388895 0.036465
37.25 -0.0394559 0.0326153
37.3 -0.0399783 0.0288631
37.35 -0.0404578 0.0252073
37.4 -0.0408951 0.0216468
37.45 -0.0412912 0.0181807
37.5 -0.041647 0.0148078
37.55 -0.0419634 0.0115271
37.6 -0.0422414 0.00833759
37.65 -0.0424817 0.00523809
37.7 -0.0426853 0.00222754
37.75 -0.0428531 -0.000695147
37.8 -0.042986 -0.00353108
37.85 -0.043085 -0.00628136
37.9 -0.0431508 -0.0089471
37.95 -0.0431845 -0.0115294
38 -0.0431868 -0.0140294
38.05 -0.0431587 -0.0164482
38.1 -0.043101 -0.018787
38.15 -0.0430146 -0.0210469
38.2 -0.0429005 -0.0232289
38.25 -0.0427594 -0.0253343
38.3 -0.0425923 -0.0273642
38.35 -0.0423999 -0.0293198
38.4 -0.0421832 -0.0312021
38.45 -0.0419429 -0.0330123
38.5 -0.04168 -0.0347515
38.55 -0.0413953 -0.036421
38.6 -0.0410895 -0.0380218
38.65 -0.0407636 -0.0395551
38.7 -0.0404182 -0.041022
38.75 -0.0400543 -0.0424236
38.8 -0.0396727 -0.0437612
38.85 -0.039274 -0.0450358
38.9 -0.0388592 -0.0462487
38.95 -0.0384289 -0.0474008
39 -0.0379839 -0.0484934
39.05 -0.0375251 -0.0495275
39.1 -0.0370531 -0.0505044
39.15 -0.0365686 -0.051425
39.2 -0.0360725 -0.0522907
39.25 -0.0355653 -0.0531023
39.3 -0.035048 -0.0538612
39.35 -0.034521 -0.0545683
39.4 -0.0339852 -0.0552247
39.45 -0.0334411 -0.0558316
39.5 -0.0328895 -0.0563901
39.55 -0.0323311 -0.0569012
39.6 -0.0317664 -0.057366
39.65 -0.0311961 -0.0577856
39.7 -0.0306208 -0.0581611
39.75 -0.0300411 -0.0584934
39.8 -0.0294578 -0.0587837
39.85 -0.0288712 -0.0590329
39.9 -0.028282 -0.0592422
39.95 -0.0276909 -0.0594126
40 -0.0270982 -0.059545
40.05 -0.0265046 -0.0596405
40.1 -0.0259107 -0.0597001
40.15 -0.0253168 -0.0597248
40.2 -0.0247236 -0.0597155
40.25 -0.0241316 -0.0596733
40.3 -0.0235411 -0.0595991
40.35 -0.0229528 -0.0594939
40.4 -0.0223669 -0.0593585
40.45 -0.0217841 -0.0591941
40.5 -0.0212047 -0.0590014
40.55 -0.0206292 -0.0587814
40.6 -0.020058 -0.0585351
40.65 -0.0194914 -0.0582633
40.7 -0.0189298 -0.0579668
40.75 -0.0183737 -0.0576467
40.8 -0.0178234 -0.0573037
40.85 -0.0172792 -0.0569387
40.9 -0.0167415 -0.0565525
40.95 -0.0162105 -0.0561461
41 -0.0156867 -0.0557202
41.05 -0.0151704 -0.0552755
41.1 -0.0146617 -0.0548131
41.15 -0.014161 -0.0543335
41.2 -0.0136686 -0.0538376
41.25 -0.0131846 -0.0533262
41.3 -0.0127094 -0.0528
41.35 -0.0122432 -0.0522597
41.4 -0.0117862 -0.0517062
41.45 -0.0113386 -0.0511401
41.5 -0.0109006 -0.050562
41.55 -0.0104724 -0.0499728
41.6 -0.0100541 -0.0493732
41.65 -0.00964592 -0.0487636
41.7 -0.00924803 -0.0481449
41.75 -0.00886055 -0.0475177
41.8 -0.0084836 -0.0468826
41.85 -0.00811731 -0.0462403
41.9 -0.00776179 -0.0455913
41.95 -0.00741712 -0.0449362
42 -0.00708341 -0.0442757
42.05 -0.00676071 -0.0436104
42.1 -0.00644911 -0.0429407
42.15 -0.00614866 -0.0422672
42.2 -0.0058594 -0.0415905
42.25 -0.00558137 -0.0409111
42.3 -0.0053146 -0.0402295
42.35 -0.00505911 -0.0395462
42.4 -0.00481491 -0.0388617
42.45 -0.00458199 -0.0381765
42.5 -0.00436035 -0.037491
42.55 -0.00414997 -0.0368058
42.6 -0.00395083 -0.0361212
42.65 -0.00376288 -0.0354377
42.7 -0.0035861 -0.0347556
42.75 -0.00342042 -0.0340755
42.8 -0.00326579 -0.0333977
42.85 -0.00312214 -0.0327226
42.9 -0.0029894 -0.0320505
42.95 -0.00286749 -0.0313818
43 -0.00275632 -0.0307169
43.05 -0.00265579 -0.0300562
43.1 -0.0025658 -0.0293998
43.15 -0.00248624 -0.0287482
43.2 -0.00241701 -0.0281017
43.25 -0.00235797 -0.0274605
43.3 -0.002309 -0.0268249
43.35 -0.00226997 -0.0261953
43.4 -0.00224074 -0.0255718
43.45 -0.00222116 -0.0249548
43.5 -0.00221108 -0.0243444
43.55 -0.00221035 -0.0237409
43.6 -0.00221882 -0.0231445
43.65 -0.00223631 -0.0225554
43.7 -0.00226266 -0.0219739
43.75 -0.00229769 -0.0214
43.8 -0.00234122 -0.0208341
43.85 -0.00239309 -0.0202762
43.9 -0.00245309 -0.0197266
43.95 -0.00252104 -0.0191853
44 -0.00259676 -0.0186526
44.05 -0.00268004 -0.0181285
44.1 -0.00277069 -0.0176132
44.15 -0.0028685 -0.0171068
44.2 -0.00297327 -0.0166094
44.25 -0.00308481 -0.0161211
44.3 -0.00320288 -0.0156419
44.35 -0.0033273 -0.0151721
44.4 -0.00345784 -0.0147116
44.45 -0.00359429 -0.0142605
44.5 -0.00373644 -0.0138189
44.55 -0.00388407 -0.0133868
44.6 -0.00403696 -0.0129643
44.65 -0.00419488 -0.0125514
44.7 -0.00435763 -0.012148
44.75 -0.00452498 -0.0117544
44.8 -0.00469671 -0.0113704
44.85 -0.00487259 -0.010996
44.9 -0.00505241 -0.0106313
44.95 -0.00523595 -0.0102763
45 -0.00542297 -0.00993087
45.05 -0.00561327 -0.0095951
45.1 -0.00580661 -0.00926892
45.15 -0.00600278 -0.00895231
45.2 -0.00620157 -0.00864522
45.25 -0.00640274 -0.00834761
45.3 -0.00660608 -0.00805943
45.35 -0.00681138 -0.00778063
45.4 -0.00701842 -0.00751116
45.45 -0.00722698 -0.00725093
45.5 -0.00743686 -0.00699989
45.55 -0.00764784 -0.00675796
45.6 -0.00785971 -0.00652506
45.65 -0.00807228 -0.00630111
45.7 -0.00828532 -0.00608601
45.75 -0.00849864 -0.00587969
45.8 -0.00871204 -0.00568203
45.85 -0.00892532 -0.00549295
45.9 -0.00913829 -0.00531233
45.95 -0.00935075 -0.00514007
46 -0.00956251 -0.00497606
46.05 -0.00977339 -0.00482019
46.1 -0.0099832 -0.00467233
46.15 -0.0101918 -0.00453237
46.2 -0.0103989 -0.00440018
46.25 -0.0106044 -0.00427565
46.3 -0.0108082 -0.00415862
46.35 -0.01101 -0.00404899
46.4 -0.0112097 -0.00394661
46.45 -0.0114071 -0.00385135
46.5 -0.0116021 -0.00376307
46.55 -0.0117945 -0.00368164
46.6 -0.0119842 -0.0036069
46.65 -0.012171 -0.00353871
46.7 -0.0123548 -0.00347694
46.75 -0.0125354 -0.00342144
46.8 -0.0127128 -0.00337205
46.85 -0.0128867 -0.00332863
46.9 -0.013057 -0.00329103
46.95 -0.0132237 -0.0032591
47 -0.0133866 -0.00323269
47.05 -0.0135455 -0.00321164
47.1 -0.0137005 -0.0031958
47.15 -0.0138513 -0.00318502
47.2 -0.0139979 -0.00317914
47.25 -0.0141402 -0.00317802
47.3 -0.014278 -0.00318149
47.35 -0.0144114 -0.00318941
47.4 -0.0145401 -0.00320161
47.45 -0.0146642 -0.00321795
47.5 -0.0147835 -0.00323827
47.55 -0.014898 -0.00326241
47.6 -0.0150076 -0.00329023
47.65 -0.0151123 -0.00332157
47.7 -0.0152119 -0.00335629
47.75 -0.0153065 -0.00339421
47.8 -0.0153959 -0.00343521
47.85 -0.0154802 -0.00347913
47.9 -0.0155593 -0.00352582
47.95 -0.0156332 -0.00357513
48 -0.0157018 -0.00362691
48.05 -0.0157651 -0.00368103
48.1 -0.015823 -0.00373734
48.15 -0.0158756 -0.00379569
48.2 -0.0159228 -0.00385595
48.25 -0.0159647 -0.00391797
48.3 -0.0160012 -0.00398162
48.35 -0.0160322 -0.00404676
48.4 -0.0160579 -0.00411326
48.45 -0.0160782 -0.00418097
48.5 -0.0160931 -0.00424979
48.55 -0.0161027 -0.00431956
48.6 -0.0161069 -0.00439017
48.65 -0.0161058 -0.00446149
48.7 -0.0160993 -0.00453339
48.75 -0.0160876 -0.00460576
48.8 -0.0160706 -0.00467848
48.85 -0.0160484 -0.00475143
48.9 -0.016021 -0.00482449
48.95 -0.0159884 -0.00489755
49 -0.0159508 -0.0049705
49.05 -0.0159081 -0.00504324
49.1 -0.0158604 -0.00511565
49.15 -0.0158077 -0.00518764
49.2 -0.0157502 -0.0052591
49.25 -0.0156878 -0.00532994
49.3 -0.0156206 -0.00540005
49.35 -0.0155487 -0.00546935
49.4 -0.0154722 -0.00553774
49.45 -0.0153911 -0.00560513
49.5 -0.0153056 -0.00567145
49.55 -0.0152155 -0.0057366
49.6 -0.0151212 -0.0058005
49.65 -0.0150226 -0.00586308
49.7 -0.0149198 -0.00592426
49.75 -0.0148129 -0.00598397
49.8 -0.014702 -0.00604213
49.85 -0.0145871 -0.00609867
49.9 -0.0144685 -0.00615354
49.95 -0.0143461 -0.00620667
50 -0.0142201 -0.006258
