-0.498 -0.000113129 -3.11439e-05
-0.496 -0.000460826 -0.000130914
-0.494 -0.00105617 -0.000308642
-0.492 -0.00191295 -0.000573374
-0.49 -0.00304558 -0.000933807
-0.488 -0.00446895 -0.00139822
-0.486 -0.00619836 -0.00197442
-0.484 -0.00824932 -0.00266966
-0.482 -0.0106375 -0.0034906
-0.48 -0.0133785 -0.00444326
-0.478 -0.0164878 -0.00553292
-0.476 -0.0199806 -0.00676411
-0.474 -0.0238718 -0.00814053
-0.472 -0.0281755 -0.00966504
-0.47 -0.0329054 -0.0113396
-0.468 -0.0380742 -0.0131651
-0.466 -0.0436937 -0.0151416
-0.464 -0.0497746 -0.0172682
-0.462 -0.0563263 -0.0195426
-0.46 -0.063357 -0.0219618
-0.458 -0.0708734 -0.0245215
-0.456 -0.0788806 -0.0272164
-0.454 -0.0873819 -0.03004
-0.452 -0.0963789 -0.0329846
-0.45 -0.105871 -0.0360415
-0.448 -0.115856 -0.0392007
-0.446 -0.12633 -0.0424513
-0.444 -0.137286 -0.045781
-0.442 -0.148714 -0.0491765
-0.44 -0.160603 -0.0526235
-0.438 -0.172941 -0.0561064
-0.436 -0.18571 -0.0596089
-0.434 -0.198891 -0.0631132
-0.432 -0.212465 -0.066601
-0.43 -0.226405 -0.0700528
-0.428 -0.240687 -0.0734482
-0.426 -0.255281 -0.076766
-0.424 -0.270156 -0.0799842
-0.422 -0.285277 -0.0830801
-0.42 -0.300607 -0.0860301
-0.418 -0.316107 -0.0888103
-0.416 -0.331735 -0.0913959
-0.414 -0.347447 -0.0937619
-0.412 -0.363195 -0.0958825
-0.41 -0.378932 -0.097732
-0.408 -0.394605 -0.0992841
-0.406 -0.410162 -0.100512
-0.404 -0.425546 -0.10139
-0.402 -0.440701 -0.101891
-0.4 -0.455567 -0.101988
-0.398 -0.470083 -0.101654
-0.396 -0.484188 -0.100865
-0.394 -0.497816 -0.0995925
-0.392 -0.510904 -0.0978122
-0.39 -0.523384 -0.0954985
-0.388 -0.535191 -0.0926267
-0.386 -0.546257 -0.0891728
-0.384 -0.556513 -0.0851135
-0.382 -0.56589 -0.0804261
-0.38 -0.574321 -0.0750889
-0.378 -0.581737 -0.0690813
-0.376 -0.588069 -0.0623836
-0.374 -0.593249 -0.0549772
-0.372 -0.597212 -0.0468448
-0.37 -0.599889 -0.0379704
-0.368 -0.601218 -0.0283393
-0.366 -0.601133 -0.0179384
-0.364 -0.599574 -0.00675586
-0.362 -0.596479 0.00521825
-0.36 -0.591792 0.0179923
-0.358 -0.585455 0.0315731
-0.356 -0.577417 0.0459652
-0.354 -0.567626 0.0611718
-0.352 -0.556035 0.0771938
-0.35 -0.542599 0.0940303
-0.348 -0.527277 0.111678
-0.346 -0.510031 0.130132
-0.344 -0.490829 0.149386
-0.342 -0.469639 0.169429
-0.34 -0.446436 0.19025
-0.338 -0.421199 0.211836
-0.336 -0.39391 0.234169
-0.334 -0.364556 0.257233
-0.332 -0.33313 0.281006
-0.33 -0.299628 0.305466
-0.328 -0.264053 0.330588
-0.326 -0.22641 0.356343
-0.324 -0.186712 0.382704
-0.322 -0.144975 0.409638
-0.32 -0.101221 0.437112
-0.318 -0.0554773 0.465089
-0.316 -0.00777588 0.493533
-0.314 0.041846 0.522404
-0.312 0.0933463 0.551659
-0.31 0.146678 0.581257
-0.308 0.201788 0.611152
-0.306 0.258621 0.641298
-0.304 0.317114 0.671648
-0.302 0.377203 0.702153
-0.3 0.438816 0.732763
-0.298 0.50188 0.763428
-0.296 0.566317 0.794095
-0.294 0.632045 0.824713
-0.292 0.698979 0.85523
-0.29 0.767031 0.885592
-0.288 0.83611 0.915748
-0.286 0.906124 0.945644
-0.284 0.976977 0.975229
-0.282 1.04857 1.00445
-0.28 1.12081 1.03326
-0.278 1.19359 1.0616
-0.276 1.26682 1.08943
-0.274 1.34039 1.11671
-0.272 1.4142 1.14337
-0.27 1.48816 1.16939
-0.268 1.56216 1.19471
-0.266 1.63611 1.2193
-0.264 1.70991 1.24312
-0.262 1.78347 1.26614
-0.26 1.85669 1.28831
-0.258 1.9295 1.30962
-0.256 2.00179 1.33003
-0.254 2.07349 1.34951
-0.252 2.14452 1.36805
-0.25 2.2148 1.38563
-0.248 2.28427 1.40222
-0.246 2.35286 1.41782
-0.244 2.42051 1.43242
-0.242 2.48715 1.44602
-0.24 2.55275 1.45859
-0.238 2.61726 1.47016
-0.236 2.68063 1.48071
-0.234 2.74283 1.49026
-0.232 2.80384 1.49882
-0.23 2.86363 1.50639
-0.228 2.92218 1.51299
-0.226 2.97948 1.51864
-0.224 3.03554 1.52336
-0.222 3.09034 1.52718
-0.22 3.14391 1.53012
-0.218 3.19625 1.5322
-0.216 3.24738 1.53346
-0.214 3.29734 1.53394
-0.212 3.34615 1.53366
-0.21 3.39384 1.53267
-0.208 3.44048 1.53101
-0.206 3.4861 1.52871
-0.204 3.53075 1.52583
-0.202 3.57452 1.5224
-0.2 3.61745 1.51847
-0.198 3.65962 1.5141
-0.196 3.70111 1.50932
-0.194 3.742 1.5042
-0.192 3.78239 1.49878
-0.19 3.82235 1.49312
-0.188 3.86199 1.48727
-0.186 3.90142 1.48128
-0.184 3.94073 1.47522
-0.182 3.98003 1.46913
-0.18 4.01945 1.46308
-0.178 4.05909 1.45711
-0.176 4.09908 1.4513
-0.174 4.13955 1.4457
-0.172 4.18062 1.44037
-0.17 4.22241 1.43536
-0.168 4.26507 1.43073
-0.166 4.30873 1.42655
-0.164 4.35352 1.42287
-0.162 4.39958 1.41976
-0.16 4.44706 1.41726
-0.158 4.49609 1.41543
-0.156 4.54681 1.41435
-0.154 4.59937 1.41405
-0.152 4.6539 1.41461
-0.15 4.71055 1.41607
-0.148 4.76946 1.41849
-0.146 4.83077 1.42193
-0.144 4.89462 1.42643
-0.142 4.96114 1.43206
-0.14 5.03046 1.43886
-0.138 5.10273 1.44689
-0.136 5.17806 1.45619
-0.134 5.25658 1.46682
-0.132 5.33843 1.47882
-0.13 5.4237 1.49224
-0.128 5.51252 1.50712
-0.126 5.605 1.5235
-0.124 5.70124 1.54143
-0.122 5.80134 1.56095
-0.12 5.90539 1.5821
-0.118 6.01348 1.6049
-0.116 6.1257 1.62941
-0.114 6.24211 1.65564
-0.112 6.36278 1.68363
-0.11 6.48778 1.71341
-0.108 6.61716 1.745
-0.106 6.75096 1.77843
-0.104 6.88922 1.81372
-0.102 7.03197 1.85089
-0.1 7.17923 1.88996
-0.098 7.33101 1.93093
-0.096 7.48732 1.97383
-0.094 7.64815 2.01865
-0.092 7.81349 2.06541
-0.09 7.9833 2.1141
-0.088 8.15756 2.16473
-0.086 8.33623 2.21728
-0.084 8.51924 2.27176
-0.082 8.70654 2.32815
-0.08 8.89804 2.38644
-0.078 9.09366 2.4466
-0.076 9.29331 2.50861
-0.074 9.49688 2.57245
-0.072 9.70425 2.63808
-0.07 9.91528 2.70547
-0.068 10.1298 2.77458
-0.066 10.3478 2.84536
-0.064 10.5689 2.91777
-0.062 10.7931 2.99174
-0.06 11.0201 3.06723
-0.058 11.2498 3.14416
-0.056 11.4819 3.22246
-0.054 11.7162 3.30207
-0.052 11.9525 3.3829
-0.05 12.1905 3.46486
-0.048 12.43 3.54787
-0.046 12.6706 3.63183
-0.044 12.9122 3.71665
-0.042 13.1544 3.8022
-0.04 13.3969 3.8884
-0.038 13.6394 3.97511
-0.036 13.8815 4.06222
-0.034 14.123 4.14961
-0.032 14.3635 4.23714
-0.03 14.6026 4.32468
-0.028 14.8399 4.41209
-0.026 15.0751 4.49924
-0.024 15.3079 4.58598
-0.022 15.5378 4.67216
-0.02 15.7644 4.75762
-0.018 15.9873 4.84223
-0.016 16.2062 4.92582
-0.014 16.4206 5.00824
-0.012 16.6302 5.08934
-0.01 16.8345 5.16895
-0.008 17.0332 5.24692
-0.006 17.2258 5.3231
-0.004 17.412 5.39733
-0.002 17.5913 5.46946
0 17.7635 5.53933
0.002 17.9281 5.60684
0.004 18.0847 5.67181
0.006 18.233 5.73409
0.008 18.3727 5.79356
0.01 18.5035 5.85008
0.012 18.6249 5.90353
0.014 18.7369 5.9538
0.016 18.839 6.00077
0.018 18.931 6.04434
0.02 19.0127 6.08441
0.022 19.0838 6.1209
0.024 19.1442 6.15373
0.026 19.1937 6.18283
0.028 19.232 6.20813
0.03 19.2592 6.22959
0.032 19.2751 6.24715
0.034 19.2796 6.26079
0.036 19.2726 6.27048
0.038 19.2541 6.2762
0.04 19.224 6.27794
0.042 19.1825 6.27571
0.044 19.1295 6.26953
0.046 19.065 6.2594
0.048 18.9892 6.24536
0.05 18.9022 6.22744
0.052 18.804 6.2057
0.054 18.6948 6.18018
0.056 18.5748 6.15094
0.058 18.4441 6.11806
0.06 18.3029 6.08161
0.062 18.1515 6.04168
0.064 17.9901 5.99834
0.066 17.8189 5.95169
0.068 17.6382 5.90184
0.07 17.4483 5.84889
0.072 17.2494 5.79295
0.074 17.0419 5.73412
0.076 16.8261 5.67253
0.078 16.6022 5.60829
0.08 16.3707 5.54154
0.082 16.1319 5.47238
0.084 15.8861 5.40096
0.086 15.6337 5.3274
0.088 15.375 5.25182
0.09 15.1104 5.17437
0.092 14.8403 5.09516
0.094 14.565 5.01434
0.096 14.285 4.93203
0.098 14.0005 4.84836
0.1 13.7121 4.76346
0.102 13.4199 4.67746
0.104 13.1245 4.5905
0.106 12.8262 4.50268
0.108 12.5253 4.41414
0.11 12.2223 4.32499
0.112 11.9174 4.23536
0.114 11.6111 4.14536
0.116 11.3037 4.05511
0.118 10.9956 3.96471
0.12 10.6871 3.87426
0.122 10.3784 3.78389
0.124 10.0701 3.69368
0.126 9.76234 3.60373
0.128 9.45547 3.51414
0.13 9.14981 3.425
0.132 8.84565 3.33638
0.134 8.54328 3.24839
0.136 8.24297 3.16108
0.138 7.94501 3.07455
0.14 7.64964 2.98886
0.142 7.35713 2.90407
0.144 7.06771 2.82026
0.146 6.78161 2.73747
0.148 6.49906 2.65578
0.15 6.22026 2.57522
0.152 5.94541 2.49585
0.154 5.67471 2.41772
0.156 5.40832 2.34086
0.158 5.14643 2.26531
0.16 4.88918 2.19111
0.162 4.63673 2.11829
0.164 4.38921 2.04688
0.166 4.14675 1.9769
0.168 3.90946 1.90837
0.17 3.67745 1.84131
0.172 3.45081 1.77574
0.174 3.22964 1.71166
0.176 3.014 1.6491
0.178 2.80396 1.58806
0.18 2.59958 1.52853
0.182 2.40091 1.47053
0.184 2.20799 1.41406
0.186 2.02083 1.35911
0.188 1.83948 1.30568
0.19 1.66393 1.25376
0.192 1.49419 1.20335
0.194 1.33027 1.15444
0.196 1.17214 1.107
0.198 1.01979 1.06104
0.2 0.873193 1.01654
0.202 0.732318 0.973474
0.204 0.597124 0.931835
0.206 0.467565 0.8916
0.208 0.343588 0.852752
0.21 0.225137 0.815268
0.212 0.112145 0.779128
0.214 0.00454561 0.744307
0.216 -0.0977379 0.710784
0.218 -0.194785 0.678533
0.22 -0.286681 0.647528
0.222 -0.373514 0.617744
0.224 -0.455379 0.589155
0.226 -0.532373 0.561731
0.228 -0.604599 0.535446
0.23 -0.672163 0.51027
0.232 -0.735174 0.486174
0.234 -0.793744 0.463129
0.236 -0.84799 0.441103
0.238 -0.898031 0.420067
0.24 -0.943987 0.399988
0.242 -0.985984 0.380836
0.244 -1.02415 0.362579
0.246 -1.0586 0.345183
0.248 -1.08949 0.328617
0.25 -1.11692 0.312848
0.252 -1.14105 0.297843
0.254 -1.162 0.283569
0.256 -1.17991 0.269993
0.258 -1.19491 0.257081
0.26 -1.20714 0.244802
0.262 -1.21673 0.233121
0.264 -1.22381 0.222006
0.266 -1.22854 0.211425
0.268 -1.23102 0.201346
0.27 -1.23141 0.191736
0.272 -1.22982 0.182565
0.274 -1.22639 0.173803
0.276 -1.22124 0.165418
0.278 -1.21451 0.157383
0.28 -1.2063 0.149668
0.282 -1.19675 0.142246
0.284 -1.18596 0.13509
0.286 -1.17405 0.128175
0.288 -1.16114 0.121477
0.29 -1.14732 0.114972
0.292 -1.1327 0.108638
0.294 -1.11738 0.102454
0.296 -1.10145 0.0964011
0.298 -1.085 0.0904609
0.3 -1.06811 0.0846169
0.302 -1.05088 0.0788537
0.304 -1.03337 0.0731577
0.306 -1.01565 0.0675166
0.308 -0.997799 0.0619195
0.31 -0.979873 0.0563572
0.312 -0.961931 0.0508217
0.314 -0.944026 0.0453067
0.316 -0.926207 0.0398073
0.318 -0.908518 0.0343198
0.32 -0.890999 0.0288422
0.322 -0.873685 0.0233736
0.324 -0.856607 0.0179143
0.326 -0.839792 0.0124661
0.328 -0.823264 0.00703178
0.33 -0.80704 0.00161514
0.332 -0.791137 -0.00377886
0.334 -0.775567 -0.00914435
0.336 -0.760337 -0.0144746
0.338 -0.745454 -0.0197622
0.34 -0.73092 -0.0249988
0.342 -0.716734 -0.0301756
0.344 -0.702894 -0.0352834
0.346 -0.689393 -0.0403122
0.348 -0.676226 -0.0452519
0.35 -0.663381 -0.0500922
0.352 -0.650848 -0.0548225
0.354 -0.638614 -0.059432
0.356 -0.626665 -0.0639102
0.358 -0.614985 -0.0682464
0.36 -0.603557 -0.0724302
0.362 -0.592365 -0.0764514
0.364 -0.581391 -0.0803001
0.366 -0.570617 -0.0839668
0.368 -0.560023 -0.0874426
0.37 -0.549591 -0.0907188
0.372 -0.539303 -0.0937874
0.374 -0.52914 -0.0966412
0.376 -0.519084 -0.0992735
0.378 -0.509116 -0.101678
0.38 -0.499221 -0.103851
0.382 -0.489381 -0.105786
0.384 -0.479581 -0.10748
0.386 -0.469805 -0.108931
0.388 -0.460041 -0.110137
0.39 -0.450274 -0.111096
0.392 -0.440494 -0.111809
0.394 -0.43069 -0.112276
0.396 -0.420852 -0.112499
0.398 -0.410973 -0.11248
0.4 -0.401044 -0.112222
0.402 -0.391062 -0.11173
0.404 -0.381021 -0.111009
0.406 -0.370919 -0.110063
0.408 -0.360754 -0.1089
0.41 -0.350525 -0.107527
0.412 -0.340235 -0.105951
0.414 -0.329884 -0.104181
0.416 -0.319476 -0.102226
0.418 -0.309017 -0.100095
0.42 -0.298513 -0.0977991
0.422 -0.287969 -0.0953479
0.424 -0.277395 -0.0927526
0.426 -0.266801 -0.0900244
0.428 -0.256195 -0.0871749
0.43 -0.24559 -0.0842161
0.432 -0.234998 -0.0811598
0.434 -0.224431 -0.0780184
0.436 -0.213904 -0.0748042
0.438 -0.203431 -0.0715295
0.44 -0.193028 -0.0682069
0.442 -0.18271 -0.0648487
0.444 -0.172493 -0.0614673
0.446 -0.162396 -0.058075
0.448 -0.152434 -0.054684
0.45 -0.142626 -0.0513062
0.452 -0.13299 -0.0479535
0.454 -0.123544 -0.0446373
0.456 -0.114307 -0.0413691
0.458 -0.105297 -0.03816
0.46 -0.0965326 -0.0350205
0.462 -0.0880328 -0.0319611
0.464 -0.0798163 -0.028992
0.466 -0.0719014 -0.0261227
0.468 -0.0643067 -0.0233627
0.47 -0.0570504 -0.0207208
0.472 -0.0501503 -0.0182056
0.474 -0.0436242 -0.0158251
0.476 -0.0374892 -0.013587
0.478 -0.0317624 -0.0114985
0.48 -0.0264601 -0.00956636
0.482 -0.0215983 -0.00779693
0.484 -0.0171924 -0.00619603
0.486 -0.0132572 -0.00476903
0.488 -0.00980705 -0.00352083
0.49 -0.0068554 -0.00245584
0.492 -0.00441516 -0.00157801
0.494 -0.00249851 -0.000890795
0.496 -0.00111683 -0.00039715
0.498 -0.000280731 -9.95569e-05
0.05 8.3326 3.06693
0.1 8.33245 3.06678
0.15 8.33221 3.06652
0.2 8.33187 3.06616
0.25 8.33143 3.06569
0.3 8.3309 3.06512
0.35 8.33026 3.06444
0.4 8.32953 3.06367
0.45 8.3287 3.06279
0.5 8.32778 3.0618
0.55 8.32675 3.06071
0.6 8.32563 3.05952
0.65 8.3244 3.05823
0.7 8.32308 3.05683
0.75 8.32166 3.05533
0.8 8.32014 3.05372
0.85 8.31852 3.05202
0.9 8.3168 3.05021
0.95 8.31497 3.04829
1 8.31305 3.04628
1.05 8.31102 3.04416
1.1 8.3089 3.04194
1.15 8.30667 3.03962
1.2 8.30433 3.0372
1.25 8.3019 3.03467
1.3 8.29935 3.03205
1.35 8.29671 3.02932
1.4 8.29396 3.02649
1.45 8.2911 3.02356
1.5 8.28814 3.02053
1.55 8.28507 3.0174
1.6 8.28189 3.01417
1.65 8.2786 3.01084
1.7 8.27521 3.00741
1.75 8.2717 3.00388
1.8 8.26809 3.00025
1.85 8.26436 2.99652
1.9 8.26052 2.99269
1.95 8.25657 2.98876
2 8.25251 2.98474
2.05 8.24833 2.98062
2.1 8.24404 2.9764
2.15 8.23963 2.97208
2.2 8.23511 2.96767
2.25 8.23047 2.96316
2.3 8.22571 2.95855
2.35 8.22083 2.95385
2.4 8.21583 2.94905
2.45 8.21071 2.94415
2.5 8.20547 2.93917
2.55 8.2001 2.93408
2.6 8.19462 2.9289
2.65 8.189 2.92363
2.7 8.18327 2.91827
2.75 8.17741 2.91281
2.8 8.17142 2.90726
2.85 8.1653 2.90162
2.9 8.15905 2.89588
2.95 8.15268 2.89006
3 8.14617 2.88414
3.05 8.13953 2.87813
3.1 8.13276 2.87203
3.15 8.12585 2.86585
3.2 8.11881 2.85957
3.25 8.11164 2.85321
3.3 8.10433 2.84675
3.35 8.09688 2.84021
3.4 8.08929 2.83359
3.45 8.08156 2.82687
3.5 8.07369 2.82007
3.55 8.06568 2.81319
3.6 8.05753 2.80621
3.65 8.04924 2.79916
3.7 8.0408 2.79202
3.75 8.03221 2.7848
3.8 8.02348 2.77749
3.85 8.0146 2.7701
3.9 8.00558 2.76263
3.95 7.9964 2.75508
4 7.98708 2.74745
4.05 7.9776 2.73974
4.1 7.96797 2.73195
4.15 7.95819 2.72408
4.2 7.94826 2.71613
4.25 7.93817 2.70811
4.3 7.92792 2.70001
4.35 7.91752 2.69183
4.4 7.90696 2.68357
4.45 7.89625 2.67525
4.5 7.88537 2.66684
4.55 7.87434 2.65837
4.6 7.86314 2.64982
4.65 7.85178 2.6412
4.7 7.84027 2.6325
4.75 7.82858 2.62374
4.8 7.81674 2.61491
4.85 7.80473 2.606
4.9 7.79256 2.59703
4.95 7.78022 2.58799
5 7.76771 2.57889
5.05 7.75504 2.56972
5.1 7.74219 2.56048
5.15 7.72918 2.55117
5.2 7.71601 2.54181
5.25 7.70266 2.53238
5.3 7.68914 2.52288
5.35 7.67545 2.51333
5.4 7.66159 2.50371
5.45 7.64756 2.49404
5.5 7.63335 2.4843
5.55 7.61898 2.47451
5.6 7.60443 2.46466
5.65 7.5897 2.45475
5.7 7.5748 2.44479
5.75 7.55973 2.43477
5.8 7.54449 2.42469
5.85 7.52906 2.41457
5.9 7.51347 2.40439
5.95 7.4977 2.39415
6 7.48175 2.38387
6.05 7.46562 2.37354
6.1 7.44932 2.36316
6.15 7.43285 2.35273
6.2 7.4162 2.34225
6.25 7.39937 2.33173
6.3 7.38236 2.32116
6.35 7.36518 2.31055
6.4 7.34782 2.29989
6.45 7.33029 2.28919
6.5 7.31258 2.27845
6.55 7.29469 2.26767
6.6 7.27662 2.25684
6.65 7.25838 2.24598
6.7 7.23997 2.23508
6.75 7.22138 2.22414
6.8 7.20261 2.21317
6.85 7.18367 2.20216
6.9 7.16455 2.19112
6.95 7.14526 2.18005
7 7.12579 2.16894
7.05 7.10615 2.1578
7.1 7.08634 2.14663
7.15 7.06635 2.13543
7.2 7.04619 2.1242
7.25 7.02586 2.11295
7.3 7.00536 2.10167
7.35 6.98469 2.09036
7.4 6.96384 2.07903
7.45 6.94283 2.06767
7.5 6.92165 2.0563
7.55 6.9003 2.0449
7.6 6.87878 2.03348
7.65 6.8571 2.02204
7.7 6.83525 2.01059
7.75 6.81324 1.99911
7.8 6.79106 1.98762
7.85 6.76872 1.97612
7.9 6.74622 1.9646
7.95 6.72356 1.95307
8 6.70073 1.94152
8.05 6.67775 1.92997
8.1 6.65461 1.9184
8.15 6.63132 1.90682
8.2 6.60787 1.89524
8.25 6.58426 1.88365
8.3 6.5605 1.87205
8.35 6.53659 1.86045
8.4 6.51253 1.84885
8.45 6.48832 1.83724
8.5 6.46397 1.82563
8.55 6.43946 1.81402
8.6 6.41481 1.8024
8.65 6.39002 1.79079
8.7 6.36509 1.77919
8.75 6.34002 1.76758
8.8 6.3148 1.75598
8.85 6.28945 1.74438
8.9 6.26397 1.7328
8.95 6.23835 1.72121
9 6.21259 1.70964
9.05 6.18671 1.69808
9.1 6.1607 1.68652
9.15 6.13456 1.67498
9.2 6.1083 1.66345
9.25 6.08191 1.65193
9.3 6.0554 1.64043
9.35 6.02877 1.62894
9.4 6.00203 1.61747
9.45 5.97516 1.60602
9.5 5.94819 1.59458
9.55 5.9211 1.58317
9.6 5.8939 1.57177
9.65 5.8666 1.5604
9.7 5.83918 1.54905
9.75 5.81167 1.53772
9.8 5.78405 1.52641
9.85 5.75633 1.51513
9.9 5.72852 1.50388
9.95 5.70061 1.49265
10 5.67261 1.48145
10.05 5.64451 1.47028
10.1 5.61633 1.45914
10.15 5.58806 1.44803
10.2 5.55971 1.43696
10.25 5.53128 1.42591
10.3 5.50276 1.4149
10.35 5.47417 1.40392
10.4 5.44551 1.39298
10.45 5.41677 1.38207
10.5 5.38796 1.3712
10.55 5.35909 1.36037
10.6 5.33015 1.34958
10.65 5.30115 1.33883
10.7 5.27209 1.32812
10.75 5.24297 1.31745
10.8 5.21379 1.30682
10.85 5.18456 1.29623
10.9 5.15528 1.28569
10.95 5.12596 1.27519
11 5.09659 1.26474
11.05 5.06717 1.25433
11.1 5.03772 1.24397
11.15 5.00823 1.23366
11.2 4.9787 1.2234
11.25 4.94914 1.21318
11.3 4.91955 1.20302
11.35 4.88994 1.1929
11.4 4.8603 1.18284
11.45 4.83064 1.17283
11.5 4.80095 1.16287
11.55 4.77125 1.15297
11.6 4.74154 1.14312
11.65 4.71182 1.13333
11.7 4.68208 1.12359
11.75 4.65234 1.1139
11.8 4.6226 1.10428
11.85 4.59285 1.09471
11.9 4.56311 1.0852
11.95 4.53337 1.07574
12 4.50364 1.06635
12.05 4.47392 1.05702
12.1 4.44421 1.04774
12.15 4.41451 1.03853
12.2 4.38483 1.02938
12.25 4.35517 1.02029
12.3 4.32553 1.01126
12.35 4.29592 1.0023
12.4 4.26633 0.993398
12.45 4.23678 0.984562
12.5 4.20726 0.97579
12.55 4.17777 0.967083
12.6 4.14832 0.958441
12.65 4.11891 0.949865
12.7 4.08954 0.941355
12.75 4.06022 0.932912
12.8 4.03095 0.924535
12.85 4.00172 0.916226
12.9 3.97255 0.907985
12.95 3.94344 0.899812
13 3.91438 0.891707
13.05 3.88538 0.883671
13.1 3.85645 0.875704
13.15 3.82758 0.867806
13.2 3.79877 0.859978
13.25 3.77004 0.85222
13.3 3.74138 0.844532
13.35 3.71279 0.836914
13.4 3.68428 0.829367
13.45 3.65585 0.821891
13.5 3.6275 0.814486
13.55 3.59923 0.807152
13.6 3.57105 0.79989
13.65 3.54296 0.792699
13.7 3.51496 0.78558
13.75 3.48704 0.778533
13.8 3.45923 0.771558
13.85 3.43151 0.764655
13.9 3.40389 0.757824
13.95 3.37637 0.751065
14 3.34895 0.744379
14.05 3.32163 0.737765
14.1 3.29443 0.731224
14.15 3.26733 0.724755
14.2 3.24034 0.718359
14.25 3.21347 0.712035
14.3 3.18671 0.705784
14.35 3.16006 0.699605
14.4 3.13354 0.693498
14.45 3.10713 0.687464
14.5 3.08085 0.681503
14.55 3.05469 0.675613
14.6 3.02865 0.669796
14.65 3.00274 0.66405
14.7 2.97696 0.658377
14.75 2.95131 0.652775
14.8 2.92579 0.647245
14.85 2.90041 0.641786
14.9 2.87516 0.636399
14.95 2.85004 0.631082
15 2.82507 0.625837
15.05 2.80023 0.620662
15.1 2.77553 0.615558
15.15 2.75098 0.610524
15.2 2.72657 0.60556
15.25 2.7023 0.600666
15.3 2.67818 0.595841
15.35 2.65421 0.591085
15.4 2.63038 0.586399
15.45 2.60671 0.58178
15.5 2.58318 0.577231
15.55 2.55981 0.572748
15.6 2.53659 0.568334
15.65 2.51352 0.563987
15.7 2.49061 0.559706
15.75 2.46785 0.555492
15.8 2.44525 0.551345
15.85 2.42281 0.547262
15.9 2.40053 0.543246
15.95 2.3784 0.539294
16 2.35644 0.535406
16.05 2.33464 0.531582
16.1 2.313 0.527822
16.15 2.29152 0.524125
16.2 2.2702 0.520491
16.25 2.24905 0.516919
16.3 2.22806 0.513408
16.35 2.20723 0.509958
16.4 2.18657 0.506569
16.45 2.16608 0.503241
16.5 2.14575 0.499971
16.55 2.12559 0.496761
16.6 2.1056 0.493609
16.65 2.08577 0.490516
16.7 2.06611 0.487479
16.75 2.04662 0.484499
16.8 2.02729 0.481576
16.85 2.00814 0.478708
16.9 1.98915 0.475895
16.95 1.97033 0.473137
17 1.95168 0.470433
17.05 1.93319 0.467781
17.1 1.91488 0.465183
17.15 1.89673 0.462636
17.2 1.87876 0.460141
17.25 1.86095 0.457696
17.3 1.84331 0.455301
17.35 1.82583 0.452956
17.4 1.80853 0.45066
17.45 1.79139 0.448411
17.5 1.77442 0.44621
17.55 1.75762 0.444056
17.6 1.74098 0.441948
17.65 1.72452 0.439885
17.7 1.70821 0.437867
17.75 1.69208 0.435892
17.8 1.67611 0.433961
17.85 1.6603 0.432073
17.9 1.64466 0.430227
17.95 1.62918 0.428421
18 1.61387 0.426656
18.05 1.59871 0.424931
18.1 1.58373 0.423245
18.15 1.5689 0.421597
18.2 1.55423 0.419987
18.25 1.53973 0.418414
18.3 1.52538 0.416876
18.35 1.51119 0.415375
18.4 1.49716 0.413907
18.45 1.48329 0.412474
18.5 1.46958 0.411074
18.55 1.45602 0.409707
18.6 1.44261 0.408371
18.65 1.42936 0.407066
18.7 1.41626 0.405791
18.75 1.40332 0.404546
18.8 1.39052 0.40333
18.85 1.37788 0.402142
18.9 1.36538 0.400981
18.95 1.35304 0.399847
19 1.34084 0.398739
19.05 1.32878 0.397656
19.1 1.31688 0.396597
19.15 1.30511 0.395562
19.2 1.29349 0.394549
19.25 1.28201 0.393559
19.3 1.27067 0.392591
19.35 1.25947 0.391643
19.4 1.24841 0.390715
19.45 1.23749 0.389807
19.5 1.2267 0.388917
19.55 1.21605 0.388046
19.6 1.20553 0.387191
19.65 1.19514 0.386353
19.7 1.18488 0.38553
19.75 1.17475 0.384723
19.8 1.16475 0.38393
19.85 1.15488 0.383151
19.9 1.14514 0.382385
19.95 1.13551 0.381631
20 1.12602 0.380889
20.05 1.11664 0.380158
20.1 1.10738 0.379438
20.15 1.09824 0.378726
20.2 1.08922 0.378024
20.25 1.08032 0.377331
20.3 1.07153 0.376645
20.35 1.06285 0.375966
20.4 1.05429 0.375293
20.45 1.04583 0.374627
20.5 1.03749 0.373965
20.55 1.02925 0.373309
20.6 1.02112 0.372656
20.65 1.01309 0.372006
20.7 1.00517 0.37136
20.75 0.997346 0.370715
20.8 0.989625 0.370072
20.85 0.982003 0.36943
20.9 0.974479 0.368789
20.95 0.96705 0.368147
21 0.959717 0.367505
21.05 0.952476 0.366862
21.1 0.945327 0.366217
21.15 0.938269 0.36557
21.2 0.931299 0.36492
21.25 0.924416 0.364266
21.3 0.91762 0.363609
21.35 0.910907 0.362948
21.4 0.904278 0.362281
21.45 0.897731 0.36161
21.5 0.891263 0.360933
21.55 0.884874 0.360249
21.6 0.878562 0.359559
21.65 0.872326 0.358862
21.7 0.866165 0.358158
21.75 0.860076 0.357445
21.8 0.854059 0.356724
21.85 0.848112 0.355995
21.9 0.842234 0.355256
21.95 0.836423 0.354507
22 0.830678 0.353749
22.05 0.824997 0.35298
22.1 0.81938 0.352201
22.15 0.813825 0.351411
22.2 0.80833 0.350609
22.25 0.802894 0.349796
22.3 0.797517 0.34897
22.35 0.792195 0.348132
22.4 0.786929 0.347282
22.45 0.781717 0.346418
22.5 0.776557 0.345542
22.55 0.771449 0.344652
22.6 0.766391 0.343748
22.65 0.761382 0.34283
22.7 0.75642 0.341898
22.75 0.751504 0.340951
22.8 0.746634 0.33999
22.85 0.741807 0.339013
22.9 0.737024 0.338022
22.95 0.732282 0.337015
23 0.72758 0.335993
23.05 0.722917 0.334955
23.1 0.718293 0.333901
23.15 0.713706 0.332831
23.2 0.709154 0.331744
23.25 0.704638 0.330642
23.3 0.700155 0.329523
23.35 0.695704 0.328387
23.4 0.691286 0.327235
23.45 0.686898 0.326066
23.5 0.682539 0.32488
23.55 0.678209 0.323677
23.6 0.673907 0.322457
23.65 0.669632 0.32122
23.7 0.665382 0.319966
23.75 0.661157 0.318695
23.8 0.656956 0.317406
23.85 0.652777 0.316101
23.9 0.648621 0.314778
23.95 0.644486 0.313437
24 0.640372 0.31208
24.05 0.636277 0.310705
24.1 0.632201 0.309313
24.15 0.628143 0.307904
24.2 0.624102 0.306477
24.25 0.620077 0.305034
24.3 0.616069 0.303573
24.35 0.612075 0.302095
24.4 0.608095 0.300601
24.45 0.604129 0.29909
24.5 0.600176 0.297561
24.55 0.596236 0.296017
24.6 0.592307 0.294455
24.65 0.588389 0.292877
24.7 0.584481 0.291283
24.75 0.580584 0.289673
24.8 0.576696 0.288047
24.85 0.572816 0.286404
24.9 0.568945 0.284746
24.95 0.565082 0.283072
25 0.561225 0.281383
25.05 0.557376 0.279679
25.1 0.553533 0.277959
25.15 0.549696 0.276225
25.2 0.545865 0.274476
25.25 0.542038 0.272712
25.3 0.538216 0.270934
25.35 0.534399 0.269142
25.4 0.530586 0.267336
25.45 0.526776 0.265516
25.5 0.52297 0.263683
25.55 0.519167 0.261836
25.6 0.515367 0.259977
25.65 0.511569 0.258105
25.7 0.507773 0.256221
25.75 0.50398 0.254324
25.8 0.500188 0.252415
25.85 0.496398 0.250495
25.9 0.49261 0.248563
25.95 0.488823 0.246621
26 0.485037 0.244667
26.05 0.481252 0.242703
26.1 0.477468 0.240728
26.15 0.473685 0.238744
26.2 0.469902 0.23675
26.25 0.46612 0.234746
26.3 0.462339 0.232734
26.35 0.458558 0.230712
26.4 0.454778 0.228683
26.45 0.450999 0.226645
26.5 0.447219 0.224599
26.55 0.443441 0.222546
26.6 0.439662 0.220485
26.65 0.435885 0.218418
26.7 0.432108 0.216344
26.75 0.428331 0.214265
26.8 0.424556 0.212179
26.85 0.420781 0.210088
26.9 0.417007 0.207991
26.95 0.413234 0.20589
27 0.409463 0.203784
27.05 0.405692 0.201675
27.1 0.401923 0.199561
27.15 0.398156 0.197444
27.2 0.39439 0.195324
27.25 0.390626 0.193201
27.3 0.386865 0.191076
27.35 0.383106 0.188949
27.4 0.379349 0.18682
27.45 0.375595 0.18469
27.5 0.371844 0.182558
27.55 0.368096 0.180426
27.6 0.364351 0.178294
27.65 0.36061 0.176162
27.7 0.356873 0.174031
27.75 0.353141 0.1719
27.8 0.349412 0.16977
27.85 0.345689 0.167642
27.9 0.34197 0.165515
27.95 0.338257 0.163391
28 0.334549 0.161269
28.05 0.330848 0.15915
28.1 0.327152 0.157034
28.15 0.323463 0.154922
28.2 0.319781 0.152814
28.25 0.316106 0.15071
28.3 0.312438 0.148611
28.35 0.308779 0.146516
28.4 0.305127 0.144427
28.45 0.301484 0.142343
28.5 0.29785 0.140265
28.55 0.294225 0.138194
28.6 0.290609 0.136129
28.65 0.287004 0.13407
28.7 0.283409 0.132019
28.75 0.279824 0.129976
28.8 0.27625 0.12794
28.85 0.272688 0.125913
28.9 0.269138 0.123894
28.95 0.265599 0.121884
29 0.262073 0.119882
29.05 0.25856 0.11789
29.1 0.25506 0.115908
29.15 0.251573 0.113936
29.2 0.248101 0.111974
29.25 0.244642 0.110022
29.3 0.241199 0.108081
29.35 0.23777 0.106151
29.4 0.234357 0.104233
29.45 0.230959 0.102326
29.5 0.227578 0.100431
29.55 0.224213 0.0985482
29.6 0.220865 0.0966776
29.65 0.217534 0.0948197
29.7 0.214221 0.0929746
29.75 0.210926 0.0911426
29.8 0.207649 0.089324
29.85 0.20439 0.0875189
29.9 0.201151 0.0857276
29.95 0.197931 0.0839503
30 0.19473 0.0821873
30.05 0.19155 0.0804387
30.1 0.18839 0.0787047
30.15 0.18525 0.0769856
30.2 0.182132 0.0752815
30.25 0.179034 0.0735926
30.3 0.175959 0.0719192
30.35 0.172905 0.0702614
30.4 0.169874 0.0686194
30.45 0.166865 0.0669933
30.5 0.163878 0.0653833
30.55 0.160916 0.0637896
30.6 0.157976 0.0622123
30.65 0.15506 0.0606516
30.7 0.152168 0.0591077
30.75 0.1493 0.0575806
30.8 0.146457 0.0560705
30.85 0.143639 0.0545775
30.9 0.140845 0.0531017
30.95 0.138077 0.0516434
31 0.135335 0.0502025
31.05 0.132618 0.0487792
31.1 0.129927 0.0473735
31.15 0.127262 0.0459857
31.2 0.124623 0.0446157
31.25 0.122012 0.0432636
31.3 0.119427 0.0419296
31.35 0.116869 0.0406137
31.4 0.114338 0.039316
31.45 0.111834 0.0380364
31.5 0.109358 0.0367752
31.55 0.10691 0.0355323
31.6 0.104489 0.0343078
31.65 0.102096 0.0331018
31.7 0.0997319 0.0319141
31.75 0.0973957 0.030745
31.8 0.0950879 0.0295944
31.85 0.0928085 0.0284623
31.9 0.0905577 0.0273488
31.95 0.0883357 0.0262539
32 0.0861424 0.0251774
32.05 0.083978 0.0241196
32.1 0.0818426 0.0230803
32.15 0.0797362 0.0220595
32.2 0.0776589 0.0210573
32.25 0.0756108 0.0200736
32.3 0.0735919 0.0191083
32.35 0.0716022 0.0181615
32.4 0.0696418 0.0172331
32.45 0.0677106 0.016323
32.5 0.0658088 0.0154313
32.55 0.0639363 0.0145578
32.6 0.0620932 0.0137025
32.65 0.0602793 0.0128654
32.7 0.0584947 0.0120464
32.75 0.0567395 0.0112453
32.8 0.0550134 0.0104623
32.85 0.0533166 0.00969703
32.9 0.051649 0.00894958
32.95 0.0500104 0.00821982
33 0.048401 0.00750765
33.05 0.0468205 0.00681299
33.1 0.0452689 0.00613573
33.15 0.0437461 0.00547577
33.2 0.0422521 0.00483299
33.25 0.0407868 0.00420729
33.3 0.0393499 0.00359856
33.35 0.0379416 0.00300667
33.4 0.0365615 0.0024315
33.45 0.0352096 0.00187292
33.5 0.0338858 0.0013308
33.55 0.0325899 0.000805013
33.6 0.0313218 0.000295417
33.65 0.0300813 -0.000198128
33.7 0.0288683 -0.000675766
33.75 0.0276826 -0.00113764
33.8 0.026524 -0.00158391
33.85 0.0253924 -0.00201472
33.9 0.0242876 -0.00243022
33.95 0.0232094 -0.00283059
34 0.0221576 -0.00321597
34.05 0.021132 -0.00358654
34.1 0.0201323 -0.00394245
34.15 0.0191585 -0.00428389
34.2 0.0182102 -0.00461102
34.25 0.0172873 -0.00492401
34.3 0.0163895 -0.00522304
34.35 0.0155166 -0.0055083
34.4 0.0146684 -0.00577995
34.45 0.0138446 -0.00603819
34.5 0.0130449 -0.0062832
34.55 0.0122692 -0.00651517
34.6 0.0115171 -0.00673427
34.65 0.0107884 -0.00694072
34.7 0.0100829 -0.00713469
34.75 0.00940028 -0.00731638
34.8 0.00874024 -0.00748598
34.85 0.00810254 -0.00764369
34.9 0.00748688 -0.00778971
34.95 0.006893 -0.00792424
35 0.00632061 -0.00804748
35.05 0.00576941 -0.00815962
35.1 0.00523912 -0.00826087
35.15 0.00472944 -0.00835143
35.2 0.00424007 -0.0084315
35.25 0.00377072 -0.0085013
35.3 0.00332108 -0.00856101
35.35 0.00289085 -0.00861086
35.4 0.00247971 -0.00865104
35.45 0.00208737 -0.00868176
35.5 0.0017135 -0.00870323
35.55 0.0013578 -0.00871565
35.6 0.00101994 -0.00871923
35.65 0.000699622 -0.00871418
35.7 0.000396515 -0.0087007
35.75 0.000110303 -0.008679
35.8 -0.000159335 -0.00864929
35.85 -0.000412721 -0.00861178
35.9 -0.000650178 -0.00856666
35.95 -0.000872029 -0.00851415
36 -0.0010786 -0.00845445
36.05 -0.00127021 -0.00838776
36.1 -0.00144719 -0.0083143
36.15 -0.00160987 -0.00823425
36.2 -0.00175856 -0.00814783
36.25 -0.0018936 -0.00805524
36.3 -0.00201531 -0.00795668
36.35 -0.00212402 -0.00785234
36.4 -0.00222004 -0.00774244
36.45 -0.00230371 -0.00762715
36.5 -0.00237535 -0.00750669
36.55 -0.00243528 -0.00738125
36.6 -0.00248383 -0.00725102
36.65 -0.0025213 -0.0071162
36.7 -0.00254804 -0.00697697
36.75 -0.00256434 -0.00683353
36.8 -0.00257054 -0.00668606
36.85 -0.00256695 -0.00653476
36.9 -0.00255387 -0.00637981
36.95 -0.00253163 -0.00622139
37 -0.00250054 -0.00605969
37.05 -0.0024609 -0.00589488
37.1 -0.00241302 -0.00572715
37.15 -0.00235721 -0.00555666
37.2 -0.00229376 -0.00538361
37.25 -0.00222299 -0.00520815
37.3 -0.00214518 -0.00503046
37.35 -0.00206063 -0.00485071
37.4 -0.00196964 -0.00466907
37.45 -0.0018725 -0.00448569
37.5 -0.00176949 -0.00430076
37.55 -0.0016609 -0.00411441
37.6 -0.00154701 -0.00392681
37.65 -0.0014281 -0.00373813
37.7 -0.00130444 -0.0035485
37.75 -0.00117631 -0.00335809
37.8 -0.00104398 -0.00316703
37.85 -0.000907702 -0.00297548
37.9 -0.000767751 -0.00278359
37.95 -0.000624383 -0.00259149
38 -0.000477852 -0.00239931
38.05 -0.000328411 -0.00220721
38.1 -0.000176306 -0.00201531
38.15 -2.17823e-05 -0.00182374
38.2 0.00013492 -0.00163263
38.25 0.000293564 -0.00144211
38.3 0.000453918 -0.00125231
38.35 0.000615752 -0.00106333
38.4 0.000778844 -0.000875307
38.45 0.000942971 -0.000688349
38.5 0.00110792 -0.000502569
38.55 0.00127347 -0.000318079
38.6 0.00143943 -0.000134985
38.65 0.00160558 4.66085e-05
38.7 0.00177173 0.000226599
38.75 0.00193768 0.000404887
38.8 0.00210324 0.000581377
38.85 0.00226822 0.000755974
38.9 0.00243245 0.000928588
38.95 0.00259574 0.00109913
39 0.00275792 0.00126752
39.05 0.00291883 0.00143366
39.1 0.0030783 0.00159749
39.15 0.00323617 0.00175892
39.2 0.00339228 0.00191788
39.25 0.00354648 0.0020743
39.3 0.00369864 0.00222811
39.35 0.0038486 0.00237924
39.4 0.00399623 0.00252763
39.45 0.00414139 0.00267322
39.5 0.00428397 0.00281595
39.55 0.00442383 0.00295576
39.6 0.00456086 0.00309261
39.65 0.00469495 0.00322644
39.7 0.00482597 0.0033572
39.75 0.00495384 0.00348486
39.8 0.00507844 0.00360936
39.85 0.00519968 0.00373068
39.9 0.00531748 0.00384877
39.95 0.00543173 0.00396359
40 0.00554237 0.00407513
40.05 0.0056493 0.00418334
40.1 0.00575246 0.0042882
40.15 0.00585178 0.00438969
40.2 0.00594719 0.00448778
40.25 0.00603863 0.00458246
40.3 0.00612604 0.00467371
40.35 0.00620937 0.00476151
40.4 0.00628858 0.00484585
40.45 0.00636361 0.00492673
40.5 0.00643443 0.00500413
40.55 0.006501 0.00507805
40.6 0.00656329 0.00514849
40.65 0.00662127 0.00521544
40.7 0.00667491 0.00527891
40.75 0.0067242 0.0053389
40.8 0.00676912 0.00539542
40.85 0.00680966 0.00544847
40.9 0.0068458 0.00549806
40.95 0.00687755 0.00554421
41 0.00690489 0.00558692
41.05 0.00692784 0.00562622
41.1 0.00694639 0.00566212
41.15 0.00696056 0.00569465
41.2 0.00697035 0.00572381
41.25 0.00697579 0.00574964
41.3 0.0069769 0.00577215
41.35 0.00697368 0.00579139
41.4 0.00696618 0.00580736
41.45 0.00695441 0.00582011
41.5 0.00693841 0.00582966
41.55 0.00691822 0.00583605
41.6 0.00689386 0.00583932
41.65 0.00686539 0.00583948
41.7 0.00683284 0.0058366
41.75 0.00679625 0.00583069
41.8 0.00675568 0.00582181
41.85 0.00671118 0.00580999
41.9 0.00666279 0.00579528
41.95 0.00661058 0.00577772
42 0.00655461 0.00575736
42.05 0.00649492 0.00573423
42.1 0.00643159 0.00570839
42.15 0.00636468 0.00567989
42.2 0.00629425 0.00564877
42.25 0.00622038 0.00561509
42.3 0.00614313 0.00557889
42.35 0.00606258 0.00554023
42.4 0.00597879 0.00549917
42.45 0.00589185 0.00545574
42.5 0.00580183 0.00541002
42.55 0.00570881 0.00536205
42.6 0.00561288 0.00531188
42.65 0.0055141 0.00525958
42.7 0.00541257 0.00520521
42.75 0.00530837 0.00514881
42.8 0.00520158 0.00509046
42.85 0.00509229 0.00503019
42.9 0.00498059 0.00496809
42.95 0.00486656 0.00490419
43 0.0047503 0.00483858
43.05 0.00463189 0.00477129
43.1 0.00451143 0.0047024
43.15 0.004389 0.00463196
43.2 0.0042647 0.00456004
43.25 0.00413862 0.00448669
43.3 0.00401086 0.00441198
43.35 0.0038815 0.00433597
43.4 0.00375064 0.00425872
43.45 0.00361837 0.00418028
43.5 0.0034848 0.00410073
43.55 0.00335 0.00402012
43.6 0.00321408 0.00393851
43.65 0.00307713 0.00385596
43.7 0.00293924 0.00377254
43.75 0.00280051 0.0036883
43.8 0.00266103 0.0036033
43.85 0.00252089 0.00351761
43.9 0.00238019 0.00343128
43.95 0.00223903 0.00334438
44 0.00209748 0.00325695
44.05 0.00195565 0.00316907
44.1 0.00181362 0.00308078
44.15 0.00167149 0.00299215
44.2 0.00152935 0.00290323
44.25 0.00138728 0.00281408
44.3 0.00124537 0.00272475
44.35 0.00110371 0.00263531
44.4 0.00096239 0.0025458
44.45 0.000821492 0.00245628
44.5 0.0006811 0.0023668
44.55 0.0005413 0.00227742
44.6 0.000402173 0.00218819
44.65 0.000263801 0.00209916
44.7 0.000126264 0.00201039
44.75 -1.03588e-05 0.00192191
44.8 -0.000145989 0.00183378
44.85 -0.000280551 0.00174605
44.9 -0.000413969 0.00165877
44.95 -0.000546169 0.00157199
45 -0.000677079 0.00148574
45.05 -0.000806628 0.00140008
45.1 -0.000934746 0.00131505
45.15 -0.00106136 0.00123069
45.2 -0.00118642 0.00114704
45.25 -0.00130984 0.00106416
45.3 -0.00143157 0.000982066
45.35 -0.00155154 0.000900813
45.4 -0.0016697 0.000820436
45.45 -0.00178599 0.000740972
45.5 -0.00190034 0.000662458
45.55 -0.00201271 0.00058493
45.6 -0.00212303 0.000508423
45.65 -0.00223127 0.000432969
45.7 -0.00233737 0.000358603
45.75 -0.00244127 0.000285354
45.8 -0.00254295 0.000213254
45.85 -0.00264234 0.000142332
45.9 -0.00273941 7.26173e-05
45.95 -0.00283412 4.13605e-06
46 -0.00292643 -6.30851e-05
46.05 -0.0030163 -0.000129021
46.1 -0.0031037 -0.000193647
46.15 -0.00318859 -0.000256941
46.2 -0.00327094 -0.000318881
46.25 -0.00335072 -0.000379445
46.3 -0.00342791 -0.000438614
46.35 -0.00350248 -0.00049637
46.4 -0.0035744 -0.000552694
46.45 -0.00364366 -0.00060757
46.5 -0.00371023 -0.000660984
46.55 -0.00377409 -0.000712919
46.6 -0.00383524 -0.000763364
46.65 -0.00389365 -0.000812306
46.7 -0.00394931 -0.000859733
46.75 -0.00400221 -0.000905636
46.8 -0.00405235 -0.000950005
46.85 -0.00409971 -0.000992834
46.9 -0.00414429 -0.00103411
46.95 -0.00418609 -0.00107384
47 -0.0042251 -0.00111201
47.05 -0.00426133 -0.00114861
47.1 -0.00429478 -0.00118365
47.15 -0.00432545 -0.00121712
47.2 -0.00435335 -0.00124902
47.25 -0.00437848 -0.00127935
47.3 -0.00440086 -0.00130812
47.35 -0.00442049 -0.00133532
47.4 -0.00443738 -0.00136096
47.45 -0.00445156 -0.00138504
47.5 -0.00446304 -0.00140757
47.55 -0.00447182 -0.00142855
47.6 -0.00447794 -0.00144799
47.65 -0.00448141 -0.0014659
47.7 -0.00448226 -0.00148228
47.75 -0.0044805 -0.00149715
47.8 -0.00447617 -0.00151051
47.85 -0.00446928 -0.00152238
47.9 -0.00445987 -0.00153277
47.95 -0.00444797 -0.00154169
48 -0.0044336 -0.00154915
48.05 -0.0044168 -0.00155516
48.1 -0.0043976 -0.00155976
48.15 -0.00437603 -0.00156294
48.2 -0.00435214 -0.00156472
48.25 -0.00432595 -0.00156513
48.3 -0.0042975 -0.00156417
48.35 -0.00426684 -0.00156188
48.4 -0.004234 -0.00155826
48.45 -0.00419903 -0.00155334
48.5 -0.00416196 -0.00154713
48.55 -0.00412285 -0.00153967
48.6 -0.00408173 -0.00153096
48.65 -0.00403864 -0.00152103
48.7 -0.00399365 -0.00150991
48.75 -0.00394678 -0.00149762
48.8 -0.00389809 -0.00148417
48.85 -0.00384764 -0.0014696
48.9 -0.00379545 -0.00145393
48.95 -0.0037416 -0.00143719
49 -0.00368612 -0.00141939
49.05 -0.00362907 -0.00140056
49.1 -0.00357049 -0.00138074
49.15 -0.00351045 -0.00135995
49.2 -0.003449 -0.00133821
49.25 -0.00338618 -0.00131555
49.3 -0.00332205 -0.001292
49.35 -0.00325667 -0.00126758
49.4 -0.00319008 -0.00124233
49.45 -0.00312235 -0.00121627
49.5 -0.00305353 -0.00118944
49.55 -0.00298367 -0.00116185
49.6 -0.00291283 -0.00113354
49.65 -0.00284107 -0.00110454
49.7 -0.00276844 -0.00107487
49.75 -0.00269499 -0.00104457
49.8 -0.00262079 -0.00101366
49.85 -0.00254589 -0.000982181
49.9 -0.00247034 -0.000950151
49.95 -0.0023942 -0.000917605
50 -0.00231752 -0.00088457
