-0.498 5.16361e-05 6.73784e-05
-0.496 0.000185764 0.000255708
-0.494 0.000368842 0.000542862
-0.492 0.000564375 0.000904946
-0.49 0.000733187 0.00131646
-0.488 0.000833718 0.00175045
-0.486 0.000822319 0.00217873
-0.484 0.000653573 0.00257203
-0.482 0.000280619 0.00290023
-0.48 -0.000344514 0.00313254
-0.478 -0.00127056 0.00323774
-0.476 -0.00254669 0.00318438
-0.474 -0.00422211 0.002941
-0.472 -0.00634577 0.0024764
-0.47 -0.00896595 0.00175982
-0.468 -0.01213 0.000761197
-0.466 -0.0158838 -0.000548606
-0.464 -0.0202716 -0.00219757
-0.462 -0.0253357 -0.0042123
-0.46 -0.0311158 -0.00661779
-0.458 -0.0376493 -0.00943722
-0.456 -0.0449701 -0.0126917
-0.454 -0.0531092 -0.0164001
-0.452 -0.0620939 -0.020579
-0.45 -0.0719474 -0.025242
-0.448 -0.0826891 -0.0304003
-0.446 -0.0943339 -0.0360619
-0.444 -0.106892 -0.0422317
-0.442 -0.120369 -0.0489113
-0.44 -0.134766 -0.0560991
-0.438 -0.150078 -0.0637898
-0.436 -0.166295 -0.0719746
-0.434 -0.183403 -0.080641
-0.432 -0.201381 -0.0897728
-0.43 -0.220202 -0.09935
-0.428 -0.239836 -0.109349
-0.426 -0.260244 -0.119742
-0.424 -0.281386 -0.130498
-0.422 -0.303212 -0.141582
-0.42 -0.325668 -0.152955
-0.418 -0.348697 -0.164574
-0.416 -0.372233 -0.176394
-0.414 -0.396208 -0.188366
-0.412 -0.420547 -0.200436
-0.41 -0.445171 -0.21255
-0.408 -0.469997 -0.224648
-0.406 -0.494936 -0.236669
-0.404 -0.519897 -0.24855
-0.402 -0.544783 -0.260223
-0.4 -0.569495 -0.27162
-0.398 -0.59393 -0.282671
-0.396 -0.617982 -0.293303
-0.394 -0.641543 -0.303444
-0.392 -0.664501 -0.313018
-0.39 -0.686744 -0.321951
-0.388 -0.708158 -0.330167
-0.386 -0.728626 -0.33759
-0.384 -0.748033 -0.344145
-0.382 -0.76626 -0.349755
-0.38 -0.783192 -0.354348
-0.378 -0.79871 -0.357849
-0.376 -0.812699 -0.360186
-0.374 -0.825044 -0.361291
-0.372 -0.835631 -0.361095
-0.37 -0.844348 -0.359532
-0.368 -0.851086 -0.35654
-0.366 -0.855738 -0.35206
-0.364 -0.8582 -0.346036
-0.362 -0.858372 -0.338414
-0.36 -0.856157 -0.329148
-0.358 -0.851463 -0.318192
-0.356 -0.844202 -0.305507
-0.354 -0.834291 -0.291059
-0.352 -0.821651 -0.274817
-0.35 -0.806212 -0.256758
-0.348 -0.787905 -0.236863
-0.346 -0.766671 -0.215118
-0.344 -0.742456 -0.191517
-0.342 -0.715212 -0.166057
-0.34 -0.684898 -0.138744
-0.338 -0.651483 -0.109589
-0.336 -0.614939 -0.0786091
-0.334 -0.575248 -0.0458294
-0.332 -0.532399 -0.01128
-0.33 -0.486391 0.0250017
-0.328 -0.437227 0.0629718
-0.326 -0.384923 0.10258
-0.324 -0.329498 0.143769
-0.322 -0.270984 0.186475
-0.32 -0.209419 0.230629
-0.318 -0.144849 0.276153
-0.316 -0.0773313 0.322965
-0.314 -0.00692829 0.370976
-0.312 0.0662875 0.420091
-0.31 0.142235 0.470209
-0.308 0.220827 0.521225
-0.306 0.301965 0.573025
-0.304 0.385544 0.625493
-0.302 0.471452 0.678508
-0.3 0.559569 0.731943
-0.298 0.649767 0.785668
-0.296 0.741912 0.839547
-0.294 0.835861 0.893442
-0.292 0.931466 0.947213
-0.29 1.02857 1.00071
-0.288 1.12703 1.0538
-0.286 1.22665 1.10632
-0.284 1.32729 1.15813
-0.282 1.42876 1.20906
-0.28 1.53088 1.25899
-0.278 1.63347 1.30773
-0.276 1.73635 1.35516
-0.274 1.83933 1.40111
-0.272 1.94222 1.44544
-0.27 2.04484 1.488
-0.268 2.14698 1.52864
-0.266 2.24846 1.56723
-0.264 2.34909 1.60361
-0.262 2.44868 1.63766
-0.26 2.54705 1.66925
-0.258 2.64401 1.69825
-0.256 2.73938 1.72454
-0.254 2.83298 1.74802
-0.252 2.92465 1.76856
-0.25 3.01421 1.78608
-0.248 3.10151 1.80047
-0.246 3.1864 1.81166
-0.244 3.26872 1.81958
-0.242 3.34834 1.82414
-0.24 3.42513 1.82531
-0.238 3.49897 1.82302
-0.236 3.56974 1.81724
-0.234 3.63735 1.80795
-0.232 3.7017 1.79512
-0.23 3.76271 1.77875
-0.228 3.82032 1.75885
-0.226 3.87446 1.73543
-0.224 3.92509 1.70852
-0.222 3.97217 1.67815
-0.22 4.01569 1.64439
-0.218 4.05563 1.60728
-0.216 4.09199 1.5669
-0.214 4.1248 1.52333
-0.212 4.15408 1.47668
-0.21 4.17987 1.42704
-0.208 4.20222 1.37453
-0.206 4.2212 1.31929
-0.204 4.2369 1.26144
-0.202 4.2494 1.20114
-0.2 4.2588 1.13855
-0.198 4.26522 1.07382
-0.196 4.26879 1.00714
-0.194 4.26964 0.938691
-0.192 4.26793 0.868664
-0.19 4.26381 0.797259
-0.188 4.25745 0.72468
-0.186 4.24903 0.651142
-0.184 4.23875 0.576861
-0.182 4.22679 0.502061
-0.18 4.21337 0.426969
-0.178 4.1987 0.351818
-0.176 4.18299 0.27684
-0.174 4.16648 0.202274
-0.172 4.1494 0.128358
-0.17 4.132 0.0553315
-0.168 4.1145 -0.0165651
-0.166 4.09717 -0.087092
-0.164 4.08024 -0.15601
-0.162 4.06399 -0.223083
-0.16 4.04866 -0.288074
-0.158 4.03451 -0.350754
-0.156 4.02181 -0.410893
-0.154 4.01081 -0.468268
-0.152 4.00177 -0.52266
-0.15 3.99495 -0.573858
-0.148 3.99062 -0.621653
-0.146 3.98901 -0.665848
-0.144 3.99039 -0.706248
-0.142 3.99501 -0.742671
-0.14 4.00311 -0.77494
-0.138 4.01493 -0.80289
-0.136 4.0307 -0.826362
-0.134 4.05066 -0.845211
-0.132 4.07503 -0.859299
-0.13 4.10402 -0.868501
-0.128 4.13785 -0.872701
-0.126 4.17671 -0.871796
-0.124 4.2208 -0.865695
-0.122 4.27031 -0.854317
-0.12 4.32541 -0.837595
-0.118 4.38627 -0.815473
-0.116 4.45305 -0.787909
-0.114 4.52589 -0.754871
-0.112 4.60494 -0.716342
-0.11 4.69032 -0.672315
-0.108 4.78215 -0.622798
-0.106 4.88054 -0.567811
-0.104 4.98558 -0.507384
-0.102 5.09735 -0.441561
-0.1 5.21593 -0.3704
-0.098 5.34138 -0.293966
-0.096 5.47375 -0.212341
-0.094 5.61308 -0.125614
-0.092 5.75939 -0.0338869
-0.09 5.9127 0.0627269
-0.088 6.07301 0.164105
-0.086 6.24031 0.270113
-0.084 6.41458 0.380609
-0.082 6.59578 0.49544
-0.08 6.78386 0.614445
-0.078 6.97876 0.737454
-0.076 7.1804 0.864288
-0.074 7.38871 0.99476
-0.072 7.60357 1.12868
-0.07 7.82486 1.26584
-0.068 8.05247 1.40604
-0.066 8.28624 1.54905
-0.064 8.52602 1.69468
-0.062 8.77164 1.84267
-0.06 9.0229 1.99282
-0.058 9.2796 2.14487
-0.056 9.54152 2.29859
-0.054 9.80842 2.45373
-0.052 10.0801 2.61006
-0.05 10.3562 2.7673
-0.048 10.6365 2.92522
-0.046 10.9207 3.08355
-0.044 11.2084 3.24203
-0.042 11.4994 3.4004
-0.04 11.7933 3.5584
-0.038 12.0898 3.71576
-0.036 12.3883 3.87222
-0.034 12.6887 4.0275
-0.032 12.9904 4.18136
-0.03 13.293 4.3335
-0.028 13.5961 4.48369
-0.026 13.8992 4.63165
-0.024 14.2019 4.77711
-0.022 14.5038 4.91984
-0.02 14.8042 5.05956
-0.018 15.1028 5.19603
-0.016 15.3991 5.329
-0.014 15.6925 5.45823
-0.012 15.9825 5.5835
-0.01 16.2686 5.70456
-0.008 16.5503 5.8212
-0.006 16.827 5.9332
-0.004 17.0984 6.04037
-0.002 17.3638 6.1425
0 17.6227 6.23942
0.002 17.8747 6.33096
0.004 18.1192 6.41694
0.006 18.3557 6.49722
0.008 18.5839 6.57166
0.01 18.8032 6.64014
0.012 19.0132 6.70254
0.014 19.2135 6.75877
0.016 19.4036 6.80875
0.018 19.5832 6.85241
0.02 19.7519 6.8897
0.022 19.9093 6.92058
0.024 20.0552 6.94504
0.026 20.1891 6.96306
0.028 20.3109 6.97467
0.03 20.4202 6.97989
0.032 20.5169 6.97876
0.034 20.6006 6.97134
0.036 20.6713 6.95771
0.038 20.7288 6.93794
0.04 20.773 6.91215
0.042 20.8037 6.88045
0.044 20.8208 6.84298
0.046 20.8244 6.79986
0.048 20.8144 6.75127
0.05 20.7908 6.69735
0.052 20.7536 6.6383
0.054 20.7029 6.5743
0.056 20.6388 6.50555
0.058 20.5613 6.43224
0.06 20.4705 6.3546
0.062 20.3667 6.27283
0.064 20.2499 6.18717
0.066 20.1204 6.09785
0.068 19.9783 6.00509
0.07 19.8239 5.90914
0.072 19.6574 5.81024
0.074 19.479 5.70862
0.076 19.2892 5.60453
0.078 19.088 5.49821
0.08 18.8758 5.38991
0.082 18.653 5.27986
0.084 18.4199 5.1683
0.086 18.1767 5.05546
0.088 17.924 4.94158
0.09 17.6619 4.82689
0.092 17.3909 4.71161
0.094 17.1114 4.59595
0.096 16.8237 4.48014
0.098 16.5283 4.36436
0.1 16.2256 4.24884
0.102 15.9158 4.13375
0.104 15.5996 4.01928
0.106 15.2772 3.90562
0.108 14.9492 3.79292
0.11 14.6159 3.68137
0.112 14.2777 3.5711
0.114 13.9351 3.46227
0.116 13.5885 3.355
0.118 13.2383 3.24944
0.12 12.885 3.1457
0.122 12.529 3.04388
0.124 12.1707 2.9441
0.126 11.8105 2.84644
0.128 11.4489 2.75099
0.13 11.0863 2.65783
0.132 10.7231 2.56702
0.134 10.3596 2.47862
0.136 9.99638 2.39267
0.138 9.63374 2.30923
0.14 9.27209 2.22833
0.142 8.91181 2.14998
0.144 8.5533 2.07421
0.146 8.19691 2.00104
0.148 7.84301 1.93045
0.15 7.49196 1.86245
0.152 7.14411 1.79704
0.154 6.79978 1.73419
0.156 6.45931 1.67387
0.158 6.12301 1.61607
0.16 5.7912 1.56075
0.162 5.46417 1.50787
0.164 5.14219 1.45739
0.166 4.82556 1.40926
0.168 4.51453 1.36342
0.17 4.20935 1.31983
0.172 3.91025 1.27842
0.174 3.61748 1.23914
0.176 3.33123 1.20192
0.178 3.05171 1.16668
0.18 2.77911 1.13337
0.182 2.51359 1.10192
0.184 2.25533 1.07224
0.186 2.00447 1.04427
0.188 1.76113 1.01794
0.19 1.52545 0.993171
0.192 1.29752 0.969887
0.194 1.07744 0.948017
0.196 0.865287 0.927486
0.198 0.661117 0.908221
0.2 0.464983 0.890149
0.202 0.276919 0.873199
0.204 0.0969473 0.8573
0.206 -0.0749267 0.842383
0.208 -0.23871 0.828381
0.21 -0.394423 0.815227
0.212 -0.5421 0.802857
0.214 -0.68179 0.791208
0.216 -0.813553 0.78022
0.218 -0.937464 0.769834
0.22 -1.05361 0.759994
0.222 -1.16208 0.750645
0.224 -1.263 0.741735
0.226 -1.35649 0.733214
0.228 -1.44268 0.725034
0.23 -1.5217 0.71715
0.232 -1.59373 0.709519
0.234 -1.65891 0.7021
0.236 -1.71743 0.694853
0.238 -1.76947 0.687743
0.24 -1.81521 0.680735
0.242 -1.85485 0.673797
0.244 -1.8886 0.6669
0.246 -1.91666 0.660014
0.248 -1.93925 0.653116
0.25 -1.95659 0.64618
0.252 -1.9689 0.639185
0.254 -1.97642 0.632112
0.256 -1.97936 0.624943
0.258 -1.97796 0.617661
0.26 -1.97246 0.610252
0.262 -1.96309 0.602704
0.264 -1.95008 0.595006
0.266 -1.93366 0.587149
0.268 -1.91407 0.579125
0.27 -1.89154 0.570929
0.272 -1.86629 0.562556
0.274 -1.83855 0.554003
0.276 -1.80855 0.545268
0.278 -1.77648 0.536352
0.28 -1.74258 0.527254
0.282 -1.70704 0.517977
0.284 -1.67007 0.508524
0.286 -1.63186 0.498899
0.288 -1.59261 0.489109
0.29 -1.55249 0.479158
0.292 -1.51168 0.469055
0.294 -1.47036 0.458807
0.296 -1.42868 0.448423
0.298 -1.3868 0.437912
0.3 -1.34486 0.427285
0.302 -1.30301 0.416551
0.304 -1.26137 0.405722
0.306 -1.22007 0.39481
0.308 -1.17922 0.383825
0.31 -1.13893 0.372781
0.312 -1.0993 0.361689
0.314 -1.06043 0.350561
0.316 -1.02238 0.33941
0.318 -0.985251 0.328249
0.32 -0.949096 0.317089
0.322 -0.913979 0.305944
0.324 -0.879952 0.294824
0.326 -0.847063 0.283743
0.328 -0.815348 0.272711
0.33 -0.78484 0.261741
0.332 -0.755564 0.250843
0.334 -0.727538 0.240029
0.336 -0.700775 0.229308
0.338 -0.67528 0.218691
0.34 -0.651055 0.208187
0.342 -0.628094 0.197806
0.344 -0.606386 0.187556
0.346 -0.585918 0.177446
0.348 -0.566667 0.167485
0.35 -0.548611 0.157679
0.352 -0.531719 0.148036
0.354 -0.515961 0.138562
0.356 -0.501299 0.129265
0.358 -0.487693 0.120151
0.36 -0.475102 0.111224
0.362 -0.46348 0.102491
0.364 -0.45278 0.0939575
0.366 -0.44295 0.0856276
0.368 -0.43394 0.0775062
0.37 -0.425696 0.0695978
0.372 -0.418163 0.0619067
0.374 -0.411285 0.0544369
0.376 -0.405006 0.0471924
0.378 -0.399268 0.0401767
0.38 -0.394016 0.0333935
0.382 -0.38919 0.0268462
0.384 -0.384735 0.0205382
0.386 -0.380594 0.0144724
0.388 -0.376712 0.00865211
0.39 -0.373035 0.00308004
0.392 -0.369508 -0.00224101
0.394 -0.366082 -0.00730844
0.396 -0.362706 -0.0121198
0.398 -0.359333 -0.0166729
0.4 -0.355917 -0.0209657
0.402 -0.352415 -0.0249964
0.404 -0.348786 -0.0287634
0.406 -0.344992 -0.0322654
0.408 -0.340999 -0.0355015
0.41 -0.336774 -0.038471
0.412 -0.332289 -0.0411738
0.414 -0.327518 -0.0436099
0.416 -0.322438 -0.0457801
0.418 -0.317031 -0.0476853
0.42 -0.311282 -0.0493273
0.422 -0.305179 -0.0507082
0.424 -0.298713 -0.0518308
0.426 -0.291881 -0.0526984
0.428 -0.28468 -0.053315
0.43 -0.277114 -0.0536855
0.432 -0.269189 -0.0538151
0.434 -0.260915 -0.05371
0.436 -0.252304 -0.0533772
0.438 -0.243373 -0.0528242
0.44 -0.234142 -0.0520594
0.442 -0.224634 -0.0510922
0.444 -0.214874 -0.0499323
0.446 -0.204892 -0.0485907
0.448 -0.194718 -0.0470789
0.45 -0.184388 -0.0454091
0.452 -0.173936 -0.0435945
0.454 -0.163402 -0.0416488
0.456 -0.152827 -0.0395866
0.458 -0.142251 -0.037423
0.46 -0.13172 -0.0351739
0.462 -0.121277 -0.0328556
0.464 -0.110969 -0.0304851
0.466 -0.100843 -0.02808
0.468 -0.0909443 -0.0256582
0.47 -0.0813218 -0.0232379
0.472 -0.0720223 -0.0208379
0.474 -0.0630931 -0.0184772
0.476 -0.0545805 -0.0161747
0.478 -0.0465302 -0.0139499
0.48 -0.0389869 -0.011822
0.482 -0.0319938 -0.00981035
0.484 -0.0255927 -0.00793406
0.486 -0.0198235 -0.00621216
0.488 -0.014724 -0.00466339
0.49 -0.0103299 -0.00330613
0.492 -0.00667416 -0.0021583
0.494 -0.00378731 -0.00123732
0.496 -0.00169688 -0.000560003
0.498 -0.000427348 -0.000142451
0.05 8.41574 2.60287
0.1 8.4156 2.60273
0.15 8.41537 2.60251
0.2 8.41505 2.6022
0.25 8.41463 2.6018
0.3 8.41413 2.60131
0.35 8.41352 2.60073
0.4 8.41283 2.60007
0.45 8.41204 2.59931
0.5 8.41116 2.59847
0.55 8.41019 2.59754
0.6 8.40912 2.59652
0.65 8.40796 2.59541
0.7 8.4067 2.59421
0.75 8.40535 2.59292
0.8 8.40391 2.59155
0.85 8.40236 2.59009
0.9 8.40073 2.58854
0.95 8.39899 2.5869
1 8.39716 2.58518
1.05 8.39523 2.58336
1.1 8.39321 2.58146
1.15 8.39108 2.57948
1.2 8.38886 2.5774
1.25 8.38653 2.57524
1.3 8.38411 2.57299
1.35 8.38159 2.57066
1.4 8.37896 2.56824
1.45 8.37624 2.56573
1.5 8.37341 2.56314
1.55 8.37047 2.56046
1.6 8.36743 2.55769
1.65 8.36429 2.55485
1.7 8.36104 2.55191
1.75 8.35769 2.54889
1.8 8.35423 2.54579
1.85 8.35066 2.5426
1.9 8.34698 2.53933
1.95 8.34319 2.53597
2 8.33929 2.53253
2.05 8.33528 2.52901
2.1 8.33116 2.52541
2.15 8.32692 2.52172
2.2 8.32257 2.51795
2.25 8.31811 2.5141
2.3 8.31352 2.51016
2.35 8.30883 2.50615
2.4 8.30401 2.50205
2.45 8.29907 2.49788
2.5 8.29402 2.49362
2.55 8.28884 2.48928
2.6 8.28354 2.48487
2.65 8.27812 2.48037
2.7 8.27257 2.4758
2.75 8.2669 2.47114
2.8 8.2611 2.46641
2.85 8.25517 2.46161
2.9 8.24912 2.45672
2.95 8.24294 2.45176
3 8.23662 2.44672
3.05 8.23017 2.44161
3.1 8.22359 2.43642
3.15 8.21688 2.43115
3.2 8.21003 2.42581
3.25 8.20305 2.4204
3.3 8.19592 2.41491
3.35 8.18866 2.40935
3.4 8.18126 2.40372
3.45 8.17372 2.39802
3.5 8.16604 2.39224
3.55 8.15821 2.38639
3.6 8.15024 2.38048
3.65 8.14212 2.37449
3.7 8.13386 2.36843
3.75 8.12545 2.3623
3.8 8.11689 2.35611
3.85 8.10818 2.34985
3.9 8.09932 2.34352
3.95 8.09031 2.33712
4 8.08114 2.33066
4.05 8.07182 2.32413
4.1 8.06235 2.31754
4.15 8.05272 2.31088
4.2 8.04293 2.30416
4.25 8.03298 2.29738
4.3 8.02288 2.29053
4.35 8.01261 2.28363
4.4 8.00218 2.27666
4.45 7.99159 2.26963
4.5 7.98083 2.26254
4.55 7.96991 2.25539
4.6 7.95883 2.24819
4.65 7.94758 2.24092
4.7 7.93616 2.2336
4.75 7.92457 2.22622
4.8 7.91281 2.21879
4.85 7.90089 2.2113
4.9 7.88879 2.20376
4.95 7.87652 2.19616
5 7.86407 2.18852
5.05 7.85146 2.18082
5.1 7.83867 2.17306
5.15 7.8257 2.16526
5.2 7.81256 2.15741
5.25 7.79924 2.14951
5.3 7.78574 2.14156
5.35 7.77207 2.13356
5.4 7.75821 2.12552
5.45 7.74418 2.11743
5.5 7.72997 2.1093
5.55 7.71557 2.10112
5.6 7.701 2.0929
5.65 7.68624 2.08464
5.7 7.6713 2.07633
5.75 7.65618 2.06798
5.8 7.64088 2.0596
5.85 7.62539 2.05117
5.9 7.60971 2.04271
5.95 7.59385 2.03421
6 7.57781 2.02567
6.05 7.56158 2.0171
6.1 7.54517 2.00849
6.15 7.52857 1.99985
6.2 7.51178 1.99117
6.25 7.49481 1.98247
6.3 7.47765 1.97373
6.35 7.46031 1.96496
6.4 7.44278 1.95616
6.45 7.42506 1.94733
6.5 7.40715 1.93848
6.55 7.38906 1.9296
6.6 7.37078 1.92069
6.65 7.35231 1.91176
6.7 7.33366 1.90281
6.75 7.31482 1.89383
6.8 7.29579 1.88483
6.85 7.27658 1.87581
6.9 7.25718 1.86677
6.95 7.2376 1.85771
7 7.21783 1.84864
7.05 7.19787 1.83954
7.1 7.17773 1.83043
7.15 7.15741 1.82131
7.2 7.1369 1.81217
7.25 7.1162 1.80302
7.3 7.09533 1.79385
7.35 7.07427 1.78468
7.4 7.05303 1.77549
7.45 7.03161 1.7663
7.5 7.01001 1.75709
7.55 6.98822 1.74788
7.6 6.96626 1.73867
7.65 6.94412 1.72945
7.7 6.92181 1.72022
7.75 6.89931 1.71099
7.8 6.87664 1.70176
7.85 6.8538 1.69253
7.9 6.83078 1.6833
7.95 6.80758 1.67407
8 6.78422 1.66484
8.05 6.76068 1.65562
8.1 6.73697 1.6464
8.15 6.7131 1.63718
8.2 6.68906 1.62797
8.25 6.66485 1.61877
8.3 6.64047 1.60958
8.35 6.61593 1.60039
8.4 6.59123 1.59122
8.45 6.56637 1.58205
8.5 6.54135 1.5729
8.55 6.51617 1.56376
8.6 6.49083 1.55464
8.65 6.46533 1.54553
8.7 6.43968 1.53644
8.75 6.41388 1.52736
8.8 6.38793 1.51831
8.85 6.36183 1.50927
8.9 6.33558 1.50025
8.95 6.30919 1.49126
9 6.28265 1.48229
9.05 6.25597 1.47334
9.1 6.22915 1.46441
9.15 6.20219 1.45551
9.2 6.17509 1.44664
9.25 6.14786 1.43779
9.3 6.12049 1.42898
9.35 6.09299 1.42019
9.4 6.06537 1.41143
9.45 6.03761 1.4027
9.5 6.00973 1.39401
9.55 5.98173 1.38535
9.6 5.95361 1.37672
9.65 5.92537 1.36813
9.7 5.89701 1.35958
9.75 5.86853 1.35106
9.8 5.83995 1.34258
9.85 5.81125 1.33413
9.9 5.78245 1.32573
9.95 5.75354 1.31737
10 5.72453 1.30905
10.05 5.69541 1.30077
10.1 5.6662 1.29254
10.15 5.63689 1.28435
10.2 5.60749 1.27621
10.25 5.578 1.26811
10.3 5.54842 1.26006
10.35 5.51875 1.25205
10.4 5.48899 1.2441
10.45 5.45916 1.23619
10.5 5.42925 1.22834
10.55 5.39926 1.22054
10.6 5.36919 1.21278
10.65 5.33906 1.20509
10.7 5.30886 1.19744
10.75 5.27859 1.18985
10.8 5.24826 1.18231
10.85 5.21786 1.17483
10.9 5.18741 1.16741
10.95 5.15691 1.16004
11 5.12635 1.15274
11.05 5.09574 1.14549
11.1 5.06508 1.1383
11.15 5.03438 1.13117
11.2 5.00364 1.1241
11.25 4.97286 1.1171
11.3 4.94204 1.11015
11.35 4.91119 1.10327
11.4 4.88031 1.09645
11.45 4.8494 1.0897
11.5 4.81846 1.08301
11.55 4.7875 1.07639
11.6 4.75653 1.06984
11.65 4.72553 1.06335
11.7 4.69453 1.05692
11.75 4.66351 1.05057
11.8 4.63248 1.04429
11.85 4.60145 1.03807
11.9 4.57041 1.03192
11.95 4.53938 1.02584
12 4.50834 1.01984
12.05 4.47732 1.0139
12.1 4.4463 1.00804
12.15 4.41529 1.00225
12.2 4.3843 0.996528
12.25 4.35332 0.990882
12.3 4.32237 0.985308
12.35 4.29143 0.979808
12.4 4.26052 0.974383
12.45 4.22964 0.969032
12.5 4.19879 0.963755
12.55 4.16798 0.958554
12.6 4.1372 0.953428
12.65 4.10646 0.948377
12.7 4.07576 0.943403
12.75 4.0451 0.938506
12.8 4.0145 0.933684
12.85 3.98394 0.92894
12.9 3.95343 0.924273
12.95 3.92298 0.919683
13 3.89259 0.91517
13.05 3.86226 0.910736
13.1 3.83199 0.906379
13.15 3.80179 0.9021
13.2 3.77166 0.897899
13.25 3.7416 0.893777
13.3 3.71161 0.889733
13.35 3.68169 0.885768
13.4 3.65186 0.881881
13.45 3.6221 0.878073
13.5 3.59244 0.874344
13.55 3.56285 0.870693
13.6 3.53336 0.867121
13.65 3.50395 0.863628
13.7 3.47464 0.860214
13.75 3.44542 0.856878
13.8 3.41631 0.853621
13.85 3.38729 0.850443
13.9 3.35837 0.847343
13.95 3.32956 0.844321
14 3.30086 0.841378
14.05 3.27227 0.838513
14.1 3.24379 0.835727
14.15 3.21542 0.833018
14.2 3.18716 0.830386
14.25 3.15903 0.827832
14.3 3.13101 0.825356
14.35 3.10312 0.822956
14.4 3.07535 0.820634
14.45 3.04771 0.818388
14.5 3.0202 0.816218
14.55 2.99281 0.814124
14.6 2.96556 0.812106
14.65 2.93844 0.810164
14.7 2.91145 0.808296
14.75 2.88461 0.806503
14.8 2.8579 0.804785
14.85 2.83133 0.80314
14.9 2.80491 0.801569
14.95 2.77863 0.800071
15 2.7525 0.798646
15.05 2.72651 0.797293
15.1 2.70067 0.796012
15.15 2.67499 0.794802
15.2 2.64945 0.793664
15.25 2.62407 0.792595
15.3 2.59884 0.791596
15.35 2.57377 0.790667
15.4 2.54886 0.789806
15.45 2.52411 0.789014
15.5 2.49951 0.788289
15.55 2.47508 0.787631
15.6 2.45081 0.78704
15.65 2.42671 0.786515
15.7 2.40277 0.786055
15.75 2.37899 0.785659
15.8 2.35539 0.785327
15.85 2.33195 0.785059
15.9 2.30868 0.784853
15.95 2.28558 0.784709
16 2.26265 0.784626
16.05 2.23989 0.784603
16.1 2.21731 0.784641
16.15 2.1949 0.784737
16.2 2.17266 0.784891
16.25 2.1506 0.785103
16.3 2.12872 0.785372
16.35 2.10701 0.785697
16.4 2.08548 0.786076
16.45 2.06412 0.78651
16.5 2.04295 0.786998
16.55 2.02195 0.787538
16.6 2.00113 0.78813
16.65 1.98049 0.788773
16.7 1.96003 0.789466
16.75 1.93975 0.790208
16.8 1.91965 0.790999
16.85 1.89973 0.791837
16.9 1.87999 0.792721
16.95 1.86043 0.793652
17 1.84106 0.794627
17.05 1.82186 0.795645
17.1 1.80285 0.796707
17.15 1.78402 0.797811
17.2 1.76537 0.798956
17.25 1.7469 0.80014
17.3 1.72861 0.801364
17.35 1.71051 0.802626
17.4 1.69258 0.803925
17.45 1.67484 0.805261
17.5 1.65727 0.806631
17.55 1.63989 0.808036
17.6 1.62269 0.809474
17.65 1.60567 0.810944
17.7 1.58882 0.812445
17.75 1.57216 0.813977
17.8 1.55567 0.815537
17.85 1.53937 0.817126
17.9 1.52324 0.818742
17.95 1.50729 0.820384
18 1.49152 0.822051
18.05 1.47592 0.823742
18.1 1.4605 0.825456
18.15 1.44525 0.827192
18.2 1.43018 0.828949
18.25 1.41528 0.830725
18.3 1.40055 0.832521
18.35 1.386 0.834334
18.4 1.37162 0.836164
18.45 1.35741 0.838009
18.5 1.34337 0.839869
18.55 1.32949 0.841743
18.6 1.31579 0.843629
18.65 1.30225 0.845526
18.7 1.28888 0.847434
18.75 1.27568 0.849351
18.8 1.26264 0.851276
18.85 1.24976 0.853208
18.9 1.23705 0.855147
18.95 1.22449 0.85709
19 1.2121 0.859038
19.05 1.19987 0.860988
19.1 1.18779 0.862941
19.15 1.17587 0.864894
19.2 1.16411 0.866848
19.25 1.1525 0.8688
19.3 1.14104 0.870749
19.35 1.12974 0.872696
19.4 1.11858 0.874638
19.45 1.10758 0.876575
19.5 1.09673 0.878505
19.55 1.08602 0.880429
19.6 1.07545 0.882344
19.65 1.06504 0.884249
19.7 1.05476 0.886144
19.75 1.04463 0.888028
19.8 1.03463 0.889899
19.85 1.02478 0.891757
19.9 1.01506 0.893601
19.95 1.00548 0.895429
20 0.996029 0.897242
20.05 0.986715 0.899036
20.1 0.977532 0.900813
20.15 0.968479 0.902571
20.2 0.959555 0.904309
20.25 0.950758 0.906025
20.3 0.942087 0.90772
20.35 0.93354 0.909392
20.4 0.925115 0.911041
20.45 0.916812 0.912664
20.5 0.908628 0.914263
20.55 0.900562 0.915835
20.6 0.892613 0.91738
20.65 0.884778 0.918896
20.7 0.877057 0.920384
20.75 0.869447 0.921842
20.8 0.861948 0.923269
20.85 0.854558 0.924665
20.9 0.847274 0.926029
20.95 0.840096 0.92736
21 0.833022 0.928657
21.05 0.82605 0.92992
21.1 0.819179 0.931147
21.15 0.812407 0.932338
21.2 0.805732 0.933492
21.25 0.799154 0.934609
21.3 0.79267 0.935687
21.35 0.786279 0.936727
21.4 0.779979 0.937727
21.45 0.773768 0.938686
21.5 0.767646 0.939605
21.55 0.76161 0.940482
21.6 0.755659 0.941316
21.65 0.749792 0.942108
21.7 0.744006 0.942856
21.75 0.738301 0.94356
21.8 0.732674 0.944219
21.85 0.727125 0.944833
21.9 0.721651 0.945401
21.95 0.716251 0.945922
22 0.710924 0.946397
22.05 0.705668 0.946824
22.1 0.700481 0.947203
22.15 0.695363 0.947534
22.2 0.690311 0.947816
22.25 0.685324 0.948048
22.3 0.680401 0.94823
22.35 0.67554 0.948362
22.4 0.67074 0.948444
22.45 0.665999 0.948474
22.5 0.661315 0.948452
22.55 0.656689 0.948379
22.6 0.652117 0.948253
22.65 0.647599 0.948075
22.7 0.643133 0.947844
22.75 0.638718 0.947559
22.8 0.634353 0.947221
22.85 0.630036 0.946829
22.9 0.625765 0.946383
22.95 0.62154 0.945882
23 0.61736 0.945327
23.05 0.613222 0.944716
23.1 0.609127 0.944051
23.15 0.605071 0.94333
23.2 0.601055 0.942554
23.25 0.597077 0.941722
23.3 0.593136 0.940834
23.35 0.58923 0.939891
23.4 0.585358 0.938891
23.45 0.58152 0.937835
23.5 0.577714 0.936722
23.55 0.573939 0.935553
23.6 0.570194 0.934328
23.65 0.566478 0.933046
23.7 0.56279 0.931708
23.75 0.559128 0.930313
23.8 0.555492 0.928861
23.85 0.55188 0.927353
23.9 0.548292 0.925788
23.95 0.544727 0.924167
24 0.541183 0.922489
24.05 0.53766 0.920755
24.1 0.534157 0.918965
24.15 0.530673 0.917118
24.2 0.527207 0.915215
24.25 0.523758 0.913256
24.3 0.520326 0.911242
24.35 0.516908 0.909171
24.4 0.513506 0.907045
24.45 0.510117 0.904864
24.5 0.506742 0.902627
24.55 0.503378 0.900336
24.6 0.500027 0.897989
24.65 0.496686 0.895588
24.7 0.493356 0.893133
24.75 0.490035 0.890624
24.8 0.486723 0.888061
24.85 0.483419 0.885444
24.9 0.480122 0.882775
24.95 0.476833 0.880052
25 0.47355 0.877277
25.05 0.470273 0.87445
25.1 0.467001 0.871571
25.15 0.463735 0.86864
25.2 0.460472 0.865658
25.25 0.457213 0.862625
25.3 0.453958 0.859542
25.35 0.450705 0.856409
25.4 0.447455 0.853227
25.45 0.444207 0.849995
25.5 0.440961 0.846715
25.55 0.437715 0.843386
25.6 0.434471 0.84001
25.65 0.431228 0.836586
25.7 0.427985 0.833116
25.75 0.424741 0.829599
25.8 0.421498 0.826036
25.85 0.418254 0.822428
25.9 0.415009 0.818776
25.95 0.411763 0.815079
26 0.408516 0.811338
26.05 0.405267 0.807554
26.1 0.402017 0.803727
26.15 0.398765 0.799859
26.2 0.395511 0.795949
26.25 0.392255 0.791997
26.3 0.388997 0.788006
26.35 0.385736 0.783975
26.4 0.382473 0.779905
26.45 0.379208 0.775796
26.5 0.375941 0.77165
26.55 0.37267 0.767466
26.6 0.369398 0.763246
26.65 0.366123 0.75899
26.7 0.362845 0.754698
26.75 0.359565 0.750372
26.8 0.356282 0.746012
26.85 0.352997 0.741618
26.9 0.34971 0.737192
26.95 0.34642 0.732734
27 0.343128 0.728244
27.05 0.339834 0.723724
27.1 0.336539 0.719174
27.15 0.333241 0.714595
27.2 0.329942 0.709987
27.25 0.326641 0.705352
27.3 0.323339 0.700689
27.35 0.320036 0.696
27.4 0.316731 0.691286
27.45 0.313426 0.686546
27.5 0.31012 0.681783
27.55 0.306814 0.676995
27.6 0.303508 0.672186
27.65 0.300202 0.667354
27.7 0.296896 0.662501
27.75 0.293591 0.657627
27.8 0.290286 0.652733
27.85 0.286983 0.647821
27.9 0.283681 0.64289
27.95 0.280381 0.637942
28 0.277083 0.632977
28.05 0.273787 0.627995
28.1 0.270493 0.622999
28.15 0.267203 0.617988
28.2 0.263916 0.612963
28.25 0.260632 0.607925
28.3 0.257352 0.602874
28.35 0.254077 0.597813
28.4 0.250806 0.59274
28.45 0.24754 0.587657
28.5 0.244279 0.582565
28.55 0.241024 0.577464
28.6 0.237775 0.572356
28.65 0.234533 0.56724
28.7 0.231297 0.562118
28.75 0.228068 0.556991
28.8 0.224847 0.551858
28.85 0.221633 0.546722
28.9 0.218428 0.541582
28.95 0.215232 0.536439
29 0.212045 0.531295
29.05 0.208867 0.526149
29.1 0.205699 0.521002
29.15 0.202541 0.515856
29.2 0.199393 0.510711
29.25 0.196257 0.505567
29.3 0.193132 0.500426
29.35 0.190019 0.495288
29.4 0.186918 0.490153
29.45 0.18383 0.485023
29.5 0.180755 0.479899
29.55 0.177693 0.474779
29.6 0.174645 0.469667
29.65 0.171611 0.464561
29.7 0.168591 0.459464
29.75 0.165587 0.454375
29.8 0.162598 0.449295
29.85 0.159624 0.444225
29.9 0.156667 0.439165
29.95 0.153726 0.434116
30 0.150802 0.429079
30.05 0.147895 0.424055
30.1 0.145005 0.419043
30.15 0.142134 0.414046
30.2 0.139281 0.409062
30.25 0.136446 0.404093
30.3 0.133631 0.39914
30.35 0.130835 0.394202
30.4 0.128058 0.389282
30.45 0.125302 0.384378
30.5 0.122566 0.379492
30.55 0.119851 0.374624
30.6 0.117156 0.369776
30.65 0.114484 0.364946
30.7 0.111832 0.360137
30.75 0.109203 0.355348
30.8 0.106596 0.35058
30.85 0.104012 0.345834
30.9 0.10145 0.34111
30.95 0.098912 0.336408
31 0.0963971 0.331729
31.05 0.0939059 0.327074
31.1 0.0914387 0.322442
31.15 0.0889957 0.317836
31.2 0.0865772 0.313254
31.25 0.0841834 0.308697
31.3 0.0818146 0.304166
31.35 0.079471 0.299662
31.4 0.0771528 0.295184
31.45 0.0748602 0.290733
31.5 0.0725935 0.28631
31.55 0.0703528 0.281914
31.6 0.0681384 0.277547
31.65 0.0659505 0.273209
31.7 0.0637891 0.268899
31.75 0.0616545 0.264619
31.8 0.0595469 0.260369
31.85 0.0574663 0.256148
31.9 0.055413 0.251958
31.95 0.0533871 0.247799
32 0.0513888 0.243671
32.05 0.049418 0.239574
32.1 0.047475 0.235509
32.15 0.0455599 0.231476
32.2 0.0436728 0.227476
32.25 0.0418137 0.223507
32.3 0.0399827 0.219572
32.35 0.03818 0.215669
32.4 0.0364056 0.2118
32.45 0.0346594 0.207964
32.5 0.0329417 0.204163
32.55 0.0312524 0.200395
32.6 0.0295916 0.196661
32.65 0.0279593 0.192961
32.7 0.0263554 0.189296
32.75 0.0247801 0.185666
32.8 0.0232333 0.182071
32.85 0.021715 0.178511
32.9 0.0202253 0.174986
32.95 0.018764 0.171496
33 0.0173311 0.168042
33.05 0.0159266 0.164624
33.1 0.0145505 0.161241
33.15 0.0132027 0.157894
33.2 0.0118832 0.154584
33.25 0.0105918 0.151309
33.3 0.00932852 0.14807
33.35 0.00809325 0.144868
33.4 0.00688589 0.141701
33.45 0.00570635 0.138572
33.5 0.00455452 0.135478
33.55 0.00343028 0.132421
33.6 0.00233352 0.129401
33.65 0.00126411 0.126417
33.7 0.000221901 0.123469
33.75 -0.00079324 0.120558
33.8 -0.00178146 0.117684
33.85 -0.00274293 0.114846
33.9 -0.0036778 0.112044
33.95 -0.00458624 0.109279
34 -0.00546843 0.10655
34.05 -0.00632455 0.103858
34.1 -0.00715479 0.101202
34.15 -0.00795935 0.0985827
34.2 -0.00873842 0.0959994
34.25 -0.00949221 0.0934522
34.3 -0.0102209 0.0909412
34.35 -0.0109248 0.0884661
34.4 -0.0116041 0.086027
34.45 -0.0122589 0.0836236
34.5 -0.0128896 0.081256
34.55 -0.0134964 0.0789241
34.6 -0.0140795 0.0766275
34.65 -0.0146392 0.0743664
34.7 -0.0151757 0.0721405
34.75 -0.0156893 0.0699497
34.8 -0.0161803 0.0677939
34.85 -0.0166488 0.0656728
34.9 -0.0170953 0.0635865
34.95 -0.0175199 0.0615346
35 -0.017923 0.059517
35.05 -0.0183048 0.0575336
35.1 -0.0186656 0.0555841
35.15 -0.0190057 0.0536685
35.2 -0.0193254 0.0517864
35.25 -0.0196251 0.0499378
35.3 -0.0199049 0.0481223
35.35 -0.0201652 0.0463399
35.4 -0.0204064 0.0445902
35.45 -0.0206287 0.0428732
35.5 -0.0208324 0.0411884
35.55 -0.0210178 0.0395358
35.6 -0.0211853 0.0379151
35.65 -0.0213353 0.0363261
35.7 -0.0214679 0.0347685
35.75 -0.0215835 0.0332421
35.8 -0.0216825 0.0317466
35.85 -0.0217652 0.0302818
35.9 -0.0218319 0.0288475
35.95 -0.0218829 0.0274433
36 -0.0219186 0.026069
36.05 -0.0219393 0.0247244
36.1 -0.0219453 0.0234092
36.15 -0.021937 0.0221231
36.2 -0.0219146 0.0208659
36.25 -0.0218786 0.0196371
36.3 -0.0218293 0.0184367
36.35 -0.0217669 0.0172643
36.4 -0.0216919 0.0161195
36.45 -0.0216045 0.0150022
36.5 -0.0215052 0.0139121
36.55 -0.0213941 0.0128487
36.6 -0.0212717 0.0118119
36.65 -0.0211384 0.0108013
36.7 -0.0209943 0.00981667
36.75 -0.0208399 0.00885766
36.8 -0.0206755 0.00792399
36.85 -0.0205014 0.00701534
36.9 -0.0203179 0.00613141
36.95 -0.0201254 0.00527188
37 -0.0199242 0.00443646
37.05 -0.0197146 0.00362481
37.1 -0.0194969 0.00283664
37.15 -0.0192715 0.00207163
37.2 -0.0190387 0.00132946
37.25 -0.0187987 0.000609823
37.3 -0.0185519 -8.76072e-05
37.35 -0.0182987 -0.000763144
37.4 -0.0180392 -0.00141711
37.45 -0.0177739 -0.00204981
37.5 -0.017503 -0.00266158
37.55 -0.0172268 -0.00325272
37.6 -0.0169456 -0.00382357
37.65 -0.0166598 -0.00437443
37.7 -0.0163695 -0.00490564
37.75 -0.0160752 -0.0054175
37.8 -0.015777 -0.00591033
37.85 -0.0154753 -0.00638446
37.9 -0.0151703 -0.0068402
37.95 -0.0148624 -0.00727787
38 -0.0145517 -0.00769779
38.05 -0.0142386 -0.00810027
38.1 -0.0139233 -0.00848563
38.15 -0.0136061 -0.00885418
38.2 -0.0132872 -0.00920624
38.25 -0.0129669 -0.00954212
38.3 -0.0126455 -0.00986213
38.35 -0.0123231 -0.0101666
38.4 -0.0120001 -0.0104558
38.45 -0.0116766 -0.01073
38.5 -0.011353 -0.0109897
38.55 -0.0110293 -0.0112349
38.6 -0.0107059 -0.0114662
38.65 -0.010383 -0.0116838
38.7 -0.0100608 -0.0118879
38.75 -0.00973943 -0.0120789
38.8 -0.0094192 -0.012257
38.85 -0.00910028 -0.0124226
38.9 -0.00878287 -0.012576
38.95 -0.00846715 -0.0127174
39 -0.00815333 -0.0128472
39.05 -0.00784158 -0.0129656
39.1 -0.00753208 -0.0130728
39.15 -0.00722501 -0.0131693
39.2 -0.00692054 -0.0132552
39.25 -0.00661884 -0.0133309
39.3 -0.00632006 -0.0133966
39.35 -0.00602437 -0.0134526
39.4 -0.00573191 -0.0134991
39.45 -0.00544283 -0.0135365
39.5 -0.00515727 -0.0135649
39.55 -0.00487538 -0.0135848
39.6 -0.00459728 -0.0135962
39.65 -0.00432311 -0.0135994
39.7 -0.00405297 -0.0135948
39.75 -0.00378701 -0.0135826
39.8 -0.00352532 -0.013563
39.85 -0.00326801 -0.0135363
39.9 -0.0030152 -0.0135026
39.95 -0.00276698 -0.0134623
40 -0.00252345 -0.0134156
40.05 -0.00228469 -0.0133627
40.1 -0.0020508 -0.0133038
40.15 -0.00182184 -0.0132392
40.2 -0.00159791 -0.013169
40.25 -0.00137907 -0.0130936
40.3 -0.00116539 -0.0130131
40.35 -0.00095693 -0.0129278
40.4 -0.000753752 -0.0128378
40.45 -0.000555908 -0.0127433
40.5 -0.000363448 -0.0126447
40.55 -0.000176417 -0.0125419
40.6 5.14297e-06 -0.0124354
40.65 0.000181196 -0.0123252
40.7 0.00035171 -0.0122115
40.75 0.000516657 -0.0120946
40.8 0.000676012 -0.0119746
40.85 0.000829756 -0.0118516
40.9 0.000977873 -0.011726
40.95 0.00112035 -0.0115978
41 0.00125718 -0.0114672
41.05 0.00138836 -0.0113344
41.1 0.00151389 -0.0111995
41.15 0.00163377 -0.0110628
41.2 0.00174802 -0.0109243
41.25 0.00185663 -0.0107843
41.3 0.00195963 -0.0106428
41.35 0.00205703 -0.0105
41.4 0.00214886 -0.0103561
41.45 0.00223514 -0.0102112
41.5 0.0023159 -0.0100654
41.55 0.00239117 -0.00991895
41.6 0.00246099 -0.00977186
41.65 0.00252539 -0.00962431
41.7 0.00258442 -0.00947642
41.75 0.00263812 -0.0093283
41.8 0.00268653 -0.00918007
41.85 0.00272972 -0.00903185
41.9 0.00276772 -0.00888376
41.95 0.0028006 -0.00873589
42 0.00282842 -0.00858835
42.05 0.00285123 -0.00844124
42.1 0.0028691 -0.00829467
42.15 0.0028821 -0.00814873
42.2 0.00289029 -0.0080035
42.25 0.00289374 -0.00785909
42.3 0.00289254 -0.00771557
42.35 0.00288674 -0.00757303
42.4 0.00287643 -0.00743155
42.45 0.0028617 -0.0072912
42.5 0.00284261 -0.00715207
42.55 0.00281925 -0.00701421
42.6 0.00279171 -0.00687771
42.65 0.00276007 -0.00674263
42.7 0.00272443 -0.00660902
42.75 0.00268487 -0.00647695
42.8 0.00264147 -0.00634648
42.85 0.00259434 -0.00621766
42.9 0.00254357 -0.00609055
42.95 0.00248925 -0.00596519
43 0.00243148 -0.00584163
43.05 0.00237035 -0.00571991
43.1 0.00230597 -0.00560008
43.15 0.00223843 -0.00548218
43.2 0.00216783 -0.00536623
43.25 0.00209427 -0.00525229
43.3 0.00201786 -0.00514037
43.35 0.0019387 -0.00503051
43.4 0.00185688 -0.00492273
43.45 0.00177251 -0.00481707
43.5 0.0016857 -0.00471354
43.55 0.00159655 -0.00461216
43.6 0.00150516 -0.00451296
43.65 0.00141164 -0.00441595
43.7 0.00131608 -0.00432113
43.75 0.00121861 -0.00422854
43.8 0.00111931 -0.00413817
43.85 0.0010183 -0.00405003
43.9 0.000915676 -0.00396413
43.95 0.000811545 -0.00388048
44 0.000706011 -0.00379908
44.05 0.000599176 -0.00371992
44.1 0.000491144 -0.00364301
44.15 0.000382017 -0.00356835
44.2 0.000271897 -0.00349593
44.25 0.000160886 -0.00342574
44.3 4.90848e-05 -0.00335779
44.35 -6.34067e-05 -0.00329205
44.4 -0.000176489 -0.00322852
44.45 -0.000290064 -0.00316718
44.5 -0.000404033 -0.00310803
44.55 -0.0005183 -0.00305105
44.6 -0.000632769 -0.00299622
44.65 -0.000747345 -0.00294353
44.7 -0.000861934 -0.00289295
44.75 -0.000976444 -0.00284447
44.8 -0.00109078 -0.00279807
44.85 -0.00120486 -0.00275372
44.9 -0.00131859 -0.0027114
44.95 -0.00143188 -0.00267109
45 -0.00154464 -0.00263276
45.05 -0.0016568 -0.00259639
45.1 -0.00176826 -0.00256194
45.15 -0.00187894 -0.0025294
45.2 -0.00198877 -0.00249873
45.25 -0.00209767 -0.0024699
45.3 -0.00220555 -0.00244288
45.35 -0.00231234 -0.00241764
45.4 -0.00241797 -0.00239416
45.45 -0.00252236 -0.00237239
45.5 -0.00262545 -0.0023523
45.55 -0.00272716 -0.00233386
45.6 -0.00282742 -0.00231703
45.65 -0.00292618 -0.00230179
45.7 -0.00302336 -0.00228809
45.75 -0.0031189 -0.00227591
45.8 -0.00321275 -0.00226519
45.85 -0.00330484 -0.00225591
45.9 -0.00339512 -0.00224804
45.95 -0.00348354 -0.00224152
46 -0.00357003 -0.00223633
46.05 -0.00365455 -0.00223243
46.1 -0.00373706 -0.00222978
46.15 -0.00381749 -0.00222834
46.2 -0.00389581 -0.00222808
46.25 -0.00397198 -0.00222895
46.3 -0.00404595 -0.00223092
46.35 -0.00411769 -0.00223394
46.4 -0.00418715 -0.00223799
46.45 -0.0042543 -0.00224301
46.5 -0.00431911 -0.00224898
46.55 -0.00438155 -0.00225586
46.6 -0.00444158 -0.0022636
46.65 -0.00449918 -0.00227216
46.7 -0.00455433 -0.00228152
46.75 -0.004607 -0.00229163
46.8 -0.00465717 -0.00230245
46.85 -0.00470482 -0.00231394
46.9 -0.00474993 -0.00232608
46.95 -0.00479248 -0.00233881
47 -0.00483247 -0.00235211
47.05 -0.00486988 -0.00236594
47.1 -0.00490471 -0.00238026
47.15 -0.00493693 -0.00239503
47.2 -0.00496656 -0.00241022
47.25 -0.00499357 -0.0024258
47.3 -0.00501798 -0.00244172
47.35 -0.00503978 -0.00245796
47.4 -0.00505897 -0.00247448
47.45 -0.00507556 -0.00249124
47.5 -0.00508954 -0.00250822
47.55 -0.00510094 -0.00252538
47.6 -0.00510975 -0.00254268
47.65 -0.00511598 -0.00256011
47.7 -0.00511965 -0.00257761
47.75 -0.00512078 -0.00259517
47.8 -0.00511936 -0.00261276
47.85 -0.00511544 -0.00263034
47.9 -0.00510901 -0.00264788
47.95 -0.00510011 -0.00266536
48 -0.00508875 -0.00268275
48.05 -0.00507495 -0.00270001
48.1 -0.00505875 -0.00271714
48.15 -0.00504016 -0.00273409
48.2 -0.00501922 -0.00275084
48.25 -0.00499595 -0.00276737
48.3 -0.00497038 -0.00278365
48.35 -0.00494255 -0.00279966
48.4 -0.00491249 -0.00281537
48.45 -0.00488023 -0.00283077
48.5 -0.0048458 -0.00284583
48.55 -0.00480925 -0.00286054
48.6 -0.00477061 -0.00287486
48.65 -0.00472992 -0.00288878
48.7 -0.00468721 -0.00290228
48.75 -0.00464254 -0.00291535
48.8 -0.00459594 -0.00292796
48.85 -0.00454746 -0.00294009
48.9 -0.00449713 -0.00295174
48.95 -0.00444501 -0.00296288
49 -0.00439113 -0.00297351
49.05 -0.00433555 -0.0029836
49.1 -0.00427831 -0.00299314
49.15 -0.00421947 -0.00300212
49.2 -0.00415906 -0.00301052
49.25 -0.00409714 -0.00301835
49.3 -0.00403376 -0.00302557
49.35 -0.00396896 -0.00303219
49.4 -0.00390281 -0.00303819
49.45 -0.00383535 -0.00304356
49.5 -0.00376663 -0.0030483
49.55 -0.0036967 -0.0030524
49.6 -0.00362562 -0.00305585
49.65 -0.00355345 -0.00305864
49.7 -0.00348023 -0.00306077
49.75 -0.00340602 -0.00306223
49.8 -0.00333087 -0.00306302
49.85 -0.00325484 -0.00306314
49.9 -0.00317798 -0.00306257
49.95 -0.00310034 -0.00306133
50 -0.00302199 -0.0030594
