-0.498 2.2536e-05 2.85938e-05
-0.496 8.34044e-05 0.000106668
-0.494 0.000169151 0.000221161
-0.492 0.000261966 0.000357097
-0.49 0.000339834 0.000497689
-0.488 0.000376718 0.000624472
-0.486 0.00034276 0.000717437
-0.484 0.000204515 0.000755195
-0.482 -7.47966e-05 0.000715134
-0.48 -0.000535008 0.00057361
-0.478 -0.00121871 0.000306129
-0.476 -0.00217092 -0.000112443
-0.474 -0.00343877 -0.000707671
-0.472 -0.00507111 -0.00150533
-0.47 -0.00711817 -0.00253117
-0.468 -0.00963117 -0.00381071
-0.466 -0.0126619 -0.00536895
-0.464 -0.0162624 -0.00723017
-0.462 -0.0204844 -0.00941767
-0.46 -0.0253789 -0.0119535
-0.458 -0.0309961 -0.0148584
-0.456 -0.0373845 -0.018151
-0.454 -0.0445908 -0.0218485
-0.452 -0.0526593 -0.0259656
-0.45 -0.0616315 -0.0305146
-0.448 -0.0715459 -0.0355053
-0.446 -0.0824376 -0.0409445
-0.444 -0.0943374 -0.0468362
-0.442 -0.107272 -0.0531809
-0.44 -0.121264 -0.0599759
-0.438 -0.136331 -0.0672149
-0.436 -0.152484 -0.0748881
-0.434 -0.16973 -0.0829814
-0.432 -0.188069 -0.0914774
-0.43 -0.207498 -0.100354
-0.428 -0.228003 -0.109586
-0.426 -0.249567 -0.119144
-0.424 -0.272166 -0.128993
-0.422 -0.29577 -0.139095
-0.42 -0.32034 -0.149408
-0.418 -0.345831 -0.159886
-0.416 -0.372194 -0.170479
-0.414 -0.39937 -0.181133
-0.412 -0.427295 -0.19179
-0.41 -0.455898 -0.202389
-0.408 -0.485101 -0.212865
-0.406 -0.514821 -0.223149
-0.404 -0.544969 -0.233172
-0.402 -0.575448 -0.242858
-0.4 -0.606158 -0.252132
-0.398 -0.636992 -0.260916
-0.396 -0.66784 -0.269127
-0.394 -0.698586 -0.276685
-0.392 -0.72911 -0.283506
-0.39 -0.759288 -0.289505
-0.388 -0.788993 -0.294597
-0.386 -0.818096 -0.298698
-0.384 -0.846465 -0.301722
-0.382 -0.873966 -0.303584
-0.38 -0.900462 -0.304201
-0.378 -0.925819 -0.303492
-0.376 -0.949899 -0.301375
-0.374 -0.972567 -0.297774
-0.372 -0.993687 -0.292612
-0.37 -1.01312 -0.285817
-0.368 -1.03075 -0.277321
-0.366 -1.04643 -0.267059
-0.364 -1.06004 -0.25497
-0.362 -1.07145 -0.240998
-0.36 -1.08056 -0.225094
-0.358 -1.08723 -0.207212
-0.356 -1.09137 -0.187313
-0.354 -1.09287 -0.165363
-0.352 -1.09164 -0.141336
-0.35 -1.08757 -0.115213
-0.348 -1.0806 -0.0869801
-0.346 -1.07064 -0.0566328
-0.344 -1.05762 -0.0241734
-0.342 -1.04149 0.010388
-0.34 -1.02219 0.0470334
-0.338 -0.999679 0.0857363
-0.336 -0.973926 0.126462
-0.334 -0.944907 0.169168
-0.332 -0.912607 0.213803
-0.33 -0.877022 0.260307
-0.328 -0.838156 0.308612
-0.326 -0.796027 0.358641
-0.324 -0.750659 0.41031
-0.322 -0.70209 0.463524
-0.32 -0.650364 0.518184
-0.318 -0.59554 0.574181
-0.316 -0.537684 0.631396
-0.314 -0.476872 0.689707
-0.312 -0.413192 0.748983
-0.31 -0.34674 0.809084
-0.308 -0.277621 0.869867
-0.306 -0.205951 0.931182
-0.304 -0.131854 0.992872
-0.302 -0.0554614 1.05478
-0.3 0.0230848 1.11673
-0.298 0.103637 1.17855
-0.296 0.186038 1.24008
-0.294 0.270127 1.30114
-0.292 0.355734 1.36154
-0.29 0.442685 1.42111
-0.288 0.530799 1.47965
-0.286 0.619893 1.537
-0.284 0.709777 1.59295
-0.282 0.800261 1.64733
-0.28 0.89115 1.69996
-0.278 0.982247 1.75065
-0.276 1.07336 1.79922
-0.274 1.16428 1.8455
-0.272 1.25482 1.88932
-0.27 1.34477 1.93051
-0.268 1.43396 1.96891
-0.266 1.52218 2.00435
-0.264 1.60924 2.0367
-0.262 1.69496 2.0658
-0.26 1.77917 2.09153
-0.258 1.86168 2.11374
-0.256 1.94233 2.13233
-0.254 2.02096 2.14718
-0.252 2.09742 2.15819
-0.25 2.17157 2.16528
-0.248 2.24326 2.16835
-0.246 2.31238 2.16735
-0.244 2.37881 2.16221
-0.242 2.44245 2.15289
-0.24 2.5032 2.13936
-0.238 2.561 2.12159
-0.236 2.61576 2.09957
-0.234 2.66744 2.07332
-0.232 2.716 2.04284
-0.23 2.7614 2.00816
-0.228 2.80365 1.96934
-0.226 2.84273 1.92641
-0.224 2.87867 1.87946
-0.222 2.91149 1.82857
-0.22 2.94125 1.77382
-0.218 2.96799 1.71533
-0.216 2.9918 1.65322
-0.214 3.01277 1.58762
-0.212 3.03099 1.51867
-0.21 3.04659 1.44653
-0.208 3.0597 1.37137
-0.206 3.07046 1.29337
-0.204 3.07903 1.21272
-0.202 3.0856 1.12962
-0.2 3.09033 1.04427
-0.198 3.09343 0.956906
-0.196 3.09511 0.867743
-0.194 3.09559 0.777022
-0.192 3.09511 0.684987
-0.19 3.09389 0.591887
-0.188 3.0922 0.497981
-0.186 3.09029 0.40353
-0.184 3.08844 0.308803
-0.182 3.08691 0.214072
-0.18 3.08599 0.119613
-0.178 3.08597 0.0257036
-0.176 3.08715 -0.0673739
-0.174 3.08981 -0.159337
-0.172 3.09427 -0.249904
-0.17 3.10082 -0.33879
-0.168 3.10978 -0.425712
-0.166 3.12145 -0.510391
-0.164 3.13613 -0.592546
-0.162 3.15414 -0.671902
-0.16 3.17579 -0.748186
-0.158 3.20136 -0.82113
-0.156 3.23117 -0.890472
-0.154 3.26552 -0.955953
-0.152 3.30469 -1.01732
-0.15 3.34897 -1.07434
-0.148 3.39864 -1.12676
-0.146 3.45397 -1.17437
-0.144 3.51523 -1.21693
-0.142 3.58268 -1.25426
-0.14 3.65656 -1.28613
-0.138 3.73711 -1.31238
-0.136 3.82455 -1.33281
-0.134 3.9191 -1.34728
-0.132 4.02097 -1.35561
-0.13 4.13033 -1.35768
-0.128 4.24736 -1.35336
-0.126 4.37224 -1.34254
-0.124 4.5051 -1.32511
-0.122 4.64607 -1.301
-0.12 4.79527 -1.27014
-0.118 4.9528 -1.23246
-0.116 5.11875 -1.18794
-0.114 5.29318 -1.13655
-0.112 5.47613 -1.07829
-0.11 5.66764 -1.01315
-0.108 5.86773 -0.941175
-0.106 6.07637 -0.862398
-0.104 6.29356 -0.776877
-0.102 6.51925 -0.684687
-0.1 6.75337 -0.585916
-0.098 6.99584 -0.480672
-0.096 7.24657 -0.369076
-0.094 7.50542 -0.251266
-0.092 7.77228 -0.127395
-0.09 8.04696 0.00236668
-0.088 8.32931 0.137836
-0.086 8.61912 0.278814
-0.084 8.91617 0.425088
-0.082 9.22024 0.576431
-0.08 9.53107 0.732602
-0.078 9.8484 0.893347
-0.076 10.1719 1.0584
-0.074 10.5014 1.22749
-0.072 10.8364 1.40031
-0.07 11.1766 1.57658
-0.068 11.5217 1.75599
-0.066 11.8714 1.93821
-0.064 12.2252 2.12291
-0.062 12.5827 2.30977
-0.06 12.9436 2.49845
-0.058 13.3074 2.68859
-0.056 13.6736 2.87985
-0.054 14.0419 3.07187
-0.052 14.4117 3.2643
-0.05 14.7826 3.45676
-0.048 15.1542 3.64891
-0.046 15.5259 3.84037
-0.044 15.8973 4.03079
-0.042 16.2679 4.21981
-0.04 16.6371 4.40708
-0.038 17.0045 4.59222
-0.036 17.3695 4.77491
-0.034 17.7318 4.9548
-0.032 18.0906 5.13154
-0.03 18.4456 5.30481
-0.028 18.7962 5.47429
-0.026 19.1419 5.63966
-0.024 19.4823 5.80062
-0.022 19.8167 5.95688
-0.02 20.1448 6.10816
-0.018 20.466 6.25418
-0.016 20.7798 6.39469
-0.014 21.0858 6.52945
-0.012 21.3834 6.65822
-0.01 21.6723 6.7808
-0.008 21.952 6.89697
-0.006 22.222 7.00655
-0.004 22.4819 7.10938
-0.002 22.7313 7.2053
0 22.9697 7.29417
0.002 23.1971 7.37583
0.004 23.4127 7.45021
0.006 23.6163 7.51723
0.008 23.8075 7.57683
0.01 23.986 7.62895
0.012 24.1514 7.67356
0.014 24.3036 7.71065
0.016 24.4421 7.74021
0.018 24.5668 7.76227
0.02 24.6775 7.77686
0.022 24.7738 7.78404
0.024 24.8557 7.78387
0.026 24.923 7.77644
0.028 24.9755 7.76186
0.03 25.0131 7.74023
0.032 25.0357 7.7117
0.034 25.0432 7.67641
0.036 25.0356 7.63452
0.038 25.0128 7.58621
0.04 24.9748 7.53166
0.042 24.9217 7.47108
0.044 24.8535 7.40466
0.046 24.7703 7.33265
0.048 24.672 7.25526
0.05 24.559 7.17273
0.052 24.4312 7.08532
0.054 24.2888 6.99329
0.056 24.1321 6.89688
0.058 23.9611 6.79639
0.06 23.7762 6.69206
0.062 23.5776 6.5842
0.064 23.3655 6.47306
0.066 23.1402 6.35895
0.068 22.902 6.24213
0.07 22.6512 6.12291
0.072 22.3882 6.00155
0.074 22.1133 5.87835
0.076 21.8269 5.75358
0.078 21.5293 5.62753
0.08 21.221 5.50046
0.082 20.9024 5.37266
0.084 20.5738 5.24437
0.086 20.2357 5.11587
0.088 19.8886 4.9874
0.09 19.5329 4.8592
0.092 19.169 4.73152
0.094 18.7974 4.60459
0.096 18.4186 4.47862
0.098 18.0331 4.35382
0.1 17.6414 4.2304
0.102 17.2438 4.10854
0.104 16.8409 3.98843
0.106 16.4333 3.87022
0.108 16.0213 3.75409
0.11 15.6054 3.64018
0.112 15.1862 3.52861
0.114 14.7641 3.41952
0.116 14.3396 3.31302
0.118 13.9132 3.20921
0.12 13.4853 3.10817
0.122 13.0564 3.00999
0.124 12.6269 2.91473
0.126 12.1974 2.82244
0.128 11.7682 2.73318
0.13 11.3398 2.64697
0.132 10.9126 2.56384
0.134 10.4871 2.4838
0.136 10.0636 2.40686
0.138 9.6425 2.33301
0.14 9.22428 2.26223
0.142 8.80928 2.1945
0.144 8.39788 2.12979
0.146 7.99042 2.06806
0.148 7.58727 2.00926
0.15 7.18875 1.95334
0.152 6.7952 1.90024
0.154 6.40692 1.84989
0.156 6.02423 1.80223
0.158 5.64741 1.75717
0.16 5.27673 1.71463
0.162 4.91246 1.67453
0.164 4.55485 1.63677
0.166 4.20415 1.60127
0.168 3.86057 1.56794
0.17 3.52433 1.53666
0.172 3.19563 1.50735
0.174 2.87466 1.47991
0.176 2.56158 1.45422
0.178 2.25656 1.4302
0.18 1.95974 1.40773
0.182 1.67126 1.38671
0.184 1.39124 1.36705
0.186 1.11978 1.34863
0.188 0.85697 1.33137
0.19 0.6029 1.31515
0.192 0.357633 1.29989
0.194 0.121223 1.28548
0.196 -0.106288 1.27183
0.198 -0.324871 1.25886
0.2 -0.534512 1.24646
0.202 -0.735206 1.23457
0.204 -0.926962 1.22308
0.206 -1.1098 1.21193
0.208 -1.28376 1.20103
0.21 -1.44887 1.19032
0.212 -1.60521 1.17972
0.214 -1.75283 1.16916
0.216 -1.89181 1.15858
0.218 -2.02225 1.14792
0.22 -2.14423 1.13713
0.222 -2.25789 1.12615
0.224 -2.36332 1.11494
0.226 -2.46068 1.10344
0.228 -2.55008 1.09162
0.23 -2.63169 1.07945
0.232 -2.70566 1.06688
0.234 -2.77215 1.05389
0.236 -2.83135 1.04045
0.238 -2.88342 1.02654
0.24 -2.92856 1.01213
0.242 -2.96697 0.997223
0.244 -2.99883 0.981795
0.246 -3.02437 0.965839
0.248 -3.04379 0.949349
0.25 -3.05731 0.932323
0.252 -3.06515 0.91476
0.254 -3.06754 0.896665
0.256 -3.0647 0.878044
0.258 -3.05687 0.858905
0.26 -3.04427 0.839259
0.262 -3.02715 0.819122
0.264 -3.00574 0.798508
0.266 -2.98028 0.777437
0.268 -2.95101 0.75593
0.27 -2.91815 0.734009
0.272 -2.88196 0.711698
0.274 -2.84266 0.689024
0.276 -2.80049 0.666014
0.278 -2.75568 0.642698
0.28 -2.70846 0.619107
0.282 -2.65905 0.595271
0.284 -2.60767 0.571225
0.286 -2.55454 0.547001
0.288 -2.49987 0.522634
0.29 -2.44387 0.498159
0.292 -2.38674 0.473611
0.294 -2.32868 0.449028
0.296 -2.26988 0.424444
0.298 -2.21051 0.399896
0.3 -2.15076 0.37542
0.302 -2.0908 0.351054
0.304 -2.03079 0.326832
0.306 -1.97088 0.302791
0.308 -1.91122 0.278966
0.31 -1.85196 0.255391
0.312 -1.79321 0.232101
0.314 -1.73512 0.209129
0.316 -1.67778 0.186507
0.318 -1.62131 0.164267
0.32 -1.56581 0.142441
0.322 -1.51138 0.121056
0.324 -1.45808 0.100142
0.326 -1.406 0.0797262
0.328 -1.3552 0.0598337
0.33 -1.30575 0.0404893
0.332 -1.25769 0.021716
0.334 -1.21106 0.00353549
0.336 -1.16591 -0.0140322
0.338 -1.12226 -0.0309686
0.34 -1.08013 -0.0472567
0.342 -1.03954 -0.0628813
0.344 -1.00049 -0.0778287
0.346 -0.962988 -0.092087
0.348 -0.927026 -0.105646
0.35 -0.892594 -0.118497
0.352 -0.859676 -0.130634
0.354 -0.82825 -0.14205
0.356 -0.79829 -0.152744
0.358 -0.769765 -0.162713
0.36 -0.742639 -0.171958
0.362 -0.716874 -0.180479
0.364 -0.692426 -0.188281
0.366 -0.669249 -0.195369
0.368 -0.647295 -0.201749
0.37 -0.62651 -0.20743
0.372 -0.606842 -0.21242
0.374 -0.588235 -0.216732
0.376 -0.570631 -0.220377
0.378 -0.553971 -0.223371
0.38 -0.538196 -0.225727
0.382 -0.523246 -0.227462
0.384 -0.509062 -0.228594
0.386 -0.495581 -0.229142
0.388 -0.482746 -0.229124
0.39 -0.470496 -0.228563
0.392 -0.458774 -0.227478
0.394 -0.447523 -0.225892
0.396 -0.436687 -0.223829
0.398 -0.426213 -0.221311
0.4 -0.416049 -0.218362
0.402 -0.406146 -0.215007
0.404 -0.396456 -0.211271
0.406 -0.386936 -0.207179
0.408 -0.377544 -0.202756
0.41 -0.36824 -0.198028
0.412 -0.35899 -0.193019
0.414 -0.34976 -0.187756
0.416 -0.340522 -0.182264
0.418 -0.33125 -0.176568
0.42 -0.321921 -0.170692
0.422 -0.312516 -0.164663
0.424 -0.30302 -0.158503
0.426 -0.293421 -0.152237
0.428 -0.28371 -0.145888
0.43 -0.273883 -0.13948
0.432 -0.263937 -0.133034
0.434 -0.253875 -0.126573
0.436 -0.243702 -0.120117
0.438 -0.233425 -0.113687
0.44 -0.223056 -0.107303
0.442 -0.21261 -0.100984
0.444 -0.202103 -0.094747
0.446 -0.191554 -0.0886106
0.448 -0.180987 -0.0825909
0.45 -0.170425 -0.0767037
0.452 -0.159894 -0.0709639
0.454 -0.149424 -0.0653853
0.456 -0.139043 -0.059981
0.458 -0.128784 -0.0547631
0.46 -0.118679 -0.049743
0.462 -0.108761 -0.0449308
0.464 -0.099066 -0.040336
0.466 -0.0896274 -0.035967
0.468 -0.080481 -0.0318313
0.47 -0.0716617 -0.0279356
0.472 -0.0632046 -0.0242853
0.474 -0.0551442 -0.0208854
0.476 -0.0475144 -0.0177395
0.478 -0.0403481 -0.0148506
0.48 -0.0336771 -0.0122208
0.482 -0.0275319 -0.00985102
0.484 -0.0219414 -0.00774166
0.486 -0.0169327 -0.00589208
0.488 -0.0125312 -0.00430085
0.49 -0.00875989 -0.00296575
0.492 -0.00563968 -0.00188373
0.494 -0.00318904 -0.00105102
0.496 -0.00142385 -0.000463084
0.498 -0.00035735 -0.000114709
0.05 9.35522 2.8516
0.1 9.35522 2.85146
0.15 9.35523 2.85123
0.2 9.35525 2.8509
0.25 9.35527 2.85047
0.3 9.35529 2.84996
0.35 9.35532 2.84934
0.4 9.35535 2.84864
0.45 9.35539 2.84784
0.5 9.35542 2.84694
0.55 9.35546 2.84596
0.6 9.3555 2.84487
0.65 9.35555 2.8437
0.7 9.35559 2.84243
0.75 9.35563 2.84107
0.8 9.35568 2.83961
0.85 9.35572 2.83806
0.9 9.35576 2.83642
0.95 9.35579 2.83468
1 9.35583 2.83285
1.05 9.35586 2.83093
1.1 9.35588 2.82891
1.15 9.35589 2.8268
1.2 9.3559 2.8246
1.25 9.3559 2.8223
1.3 9.3559 2.81992
1.35 9.35588 2.81744
1.4 9.35584 2.81487
1.45 9.3558 2.8122
1.5 9.35574 2.80945
1.55 9.35567 2.8066
1.6 9.35557 2.80367
1.65 9.35546 2.80064
1.7 9.35533 2.79752
1.75 9.35518 2.7943
1.8 9.35501 2.791
1.85 9.35481 2.78761
1.9 9.35459 2.78413
1.95 9.35434 2.78055
2 9.35406 2.77689
2.05 9.35375 2.77314
2.1 9.35341 2.7693
2.15 9.35303 2.76537
2.2 9.35262 2.76135
2.25 9.35217 2.75724
2.3 9.35168 2.75304
2.35 9.35115 2.74876
2.4 9.35058 2.74438
2.45 9.34996 2.73993
2.5 9.34929 2.73538
2.55 9.34858 2.73074
2.6 9.34781 2.72602
2.65 9.347 2.72122
2.7 9.34613 2.71632
2.75 9.3452 2.71135
2.8 9.34421 2.70628
2.85 9.34316 2.70114
2.9 9.34205 2.6959
2.95 9.34087 2.69059
3 9.33963 2.68519
3.05 9.33831 2.6797
3.1 9.33692 2.67414
3.15 9.33546 2.66849
3.2 9.33393 2.66276
3.25 9.33231 2.65694
3.3 9.33062 2.65105
3.35 9.32884 2.64507
3.4 9.32697 2.63902
3.45 9.32502 2.63288
3.5 9.32298 2.62667
3.55 9.32085 2.62037
3.6 9.31862 2.614
3.65 9.31629 2.60755
3.7 9.31387 2.60102
3.75 9.31134 2.59441
3.8 9.30871 2.58773
3.85 9.30598 2.58097
3.9 9.30313 2.57414
3.95 9.30018 2.56723
4 9.29711 2.56025
4.05 9.29392 2.55319
4.1 9.29062 2.54606
4.15 9.2872 2.53886
4.2 9.28365 2.53159
4.25 9.27998 2.52424
4.3 9.27618 2.51682
4.35 9.27225 2.50934
4.4 9.26819 2.50178
4.45 9.26399 2.49415
4.5 9.25966 2.48646
4.55 9.25519 2.4787
4.6 9.25057 2.47087
4.65 9.24581 2.46298
4.7 9.24091 2.45501
4.75 9.23586 2.44699
4.8 9.23065 2.4389
4.85 9.2253 2.43075
4.9 9.21978 2.42253
4.95 9.21411 2.41425
5 9.20829 2.40591
5.05 9.20229 2.39751
5.1 9.19614 2.38905
5.15 9.18982 2.38053
5.2 9.18333 2.37195
5.25 9.17666 2.36332
5.3 9.16983 2.35463
5.35 9.16282 2.34588
5.4 9.15564 2.33708
5.45 9.14827 2.32822
5.5 9.14072 2.31931
5.55 9.133 2.31035
5.6 9.12508 2.30134
5.65 9.11698 2.29227
5.7 9.10869 2.28316
5.75 9.10021 2.27399
5.8 9.09154 2.26478
5.85 9.08268 2.25552
5.9 9.07361 2.24622
5.95 9.06435 2.23687
6 9.05489 2.22748
6.05 9.04523 2.21804
6.1 9.03537 2.20856
6.15 9.0253 2.19904
6.2 9.01503 2.18947
6.25 9.00454 2.17987
6.3 8.99385 2.17023
6.35 8.98295 2.16055
6.4 8.97184 2.15084
6.45 8.96051 2.14109
6.5 8.94897 2.1313
6.55 8.93721 2.12149
6.6 8.92523 2.11164
6.65 8.91304 2.10175
6.7 8.90062 2.09184
6.75 8.88799 2.0819
6.8 8.87513 2.07193
6.85 8.86205 2.06194
6.9 8.84874 2.05191
6.95 8.83521 2.04187
7 8.82145 2.0318
7.05 8.80747 2.0217
7.1 8.79325 2.01159
7.15 8.77881 2.00145
7.2 8.76414 1.9913
7.25 8.74924 1.98112
7.3 8.73411 1.97093
7.35 8.71874 1.96073
7.4 8.70315 1.95051
7.45 8.68732 1.94028
7.5 8.67125 1.93003
7.55 8.65496 1.91977
7.6 8.63843 1.90951
7.65 8.62166 1.89923
7.7 8.60466 1.88895
7.75 8.58743 1.87866
7.8 8.56996 1.86836
7.85 8.55225 1.85806
7.9 8.53431 1.84776
7.95 8.51614 1.83746
8 8.49772 1.82716
8.05 8.47908 1.81685
8.1 8.4602 1.80655
8.15 8.44108 1.79626
8.2 8.42173 1.78596
8.25 8.40214 1.77568
8.3 8.38232 1.7654
8.35 8.36226 1.75513
8.4 8.34197 1.74487
8.45 8.32145 1.73462
8.5 8.3007 1.72438
8.55 8.27971 1.71415
8.6 8.25849 1.70394
8.65 8.23704 1.69375
8.7 8.21536 1.68357
8.75 8.19345 1.67341
8.8 8.17132 1.66327
8.85 8.14895 1.65315
8.9 8.12636 1.64306
8.95 8.10354 1.63298
9 8.0805 1.62293
9.05 8.05724 1.61291
9.1 8.03375 1.60292
9.15 8.01004 1.59295
9.2 7.98611 1.58301
9.25 7.96196 1.57311
9.3 7.9376 1.56323
9.35 7.91301 1.55339
9.4 7.88822 1.54358
9.45 7.8632 1.53381
9.5 7.83798 1.52408
9.55 7.81255 1.51438
9.6 7.78691 1.50473
9.65 7.76106 1.49511
9.7 7.735 1.48554
9.75 7.70874 1.47601
9.8 7.68228 1.46652
9.85 7.65562 1.45708
9.9 7.62876 1.44769
9.95 7.60171 1.43834
10 7.57446 1.42905
10.05 7.54702 1.4198
10.1 7.51938 1.41061
10.15 7.49156 1.40146
10.2 7.46355 1.39238
10.25 7.43536 1.38334
10.3 7.40699 1.37437
10.35 7.37844 1.36545
10.4 7.3497 1.35658
10.45 7.3208 1.34778
10.5 7.29172 1.33904
10.55 7.26247 1.33036
10.6 7.23305 1.32174
10.65 7.20347 1.31319
10.7 7.17372 1.3047
10.75 7.14382 1.29628
10.8 7.11375 1.28792
10.85 7.08353 1.27963
10.9 7.05316 1.27141
10.95 7.02264 1.26327
11 6.99197 1.25519
11.05 6.96115 1.24718
11.1 6.9302 1.23925
11.15 6.8991 1.23139
11.2 6.86787 1.22361
11.25 6.8365 1.2159
11.3 6.805 1.20827
11.35 6.77338 1.20071
11.4 6.74163 1.19324
11.45 6.70976 1.18584
11.5 6.67776 1.17853
11.55 6.64566 1.17129
11.6 6.61344 1.16414
11.65 6.58111 1.15707
11.7 6.54867 1.15009
11.75 6.51613 1.14319
11.8 6.48348 1.13637
11.85 6.45074 1.12964
11.9 6.41791 1.123
11.95 6.38498 1.11644
12 6.35196 1.10997
12.05 6.31886 1.10359
12.1 6.28568 1.0973
12.15 6.25242 1.0911
12.2 6.21908 1.08499
12.25 6.18567 1.07898
12.3 6.15219 1.07305
12.35 6.11864 1.06722
12.4 6.08503 1.06148
12.45 6.05136 1.05583
12.5 6.01764 1.05028
12.55 5.98386 1.04483
12.6 5.95003 1.03946
12.65 5.91615 1.0342
12.7 5.88224 1.02903
12.75 5.84828 1.02396
12.8 5.81428 1.01898
12.85 5.78025 1.0141
12.9 5.74619 1.00932
12.95 5.7121 1.00464
13 5.67799 1.00005
13.05 5.64386 0.995568
13.1 5.60971 0.991181
13.15 5.57555 0.986894
13.2 5.54138 0.982707
13.25 5.5072 0.978619
13.3 5.47301 0.974632
13.35 5.43883 0.970744
13.4 5.40464 0.966957
13.45 5.37046 0.963271
13.5 5.33629 0.959685
13.55 5.30214 0.9562
13.6 5.26799 0.952815
13.65 5.23387 0.949532
13.7 5.19976 0.94635
13.75 5.16569 0.943268
13.8 5.13163 0.940287
13.85 5.09761 0.937408
13.9 5.06363 0.934629
13.95 5.02968 0.931951
14 4.99577 0.929373
14.05 4.9619 0.926897
14.1 4.92808 0.92452
14.15 4.89431 0.922244
14.2 4.86059 0.920068
14.25 4.82693 0.917992
14.3 4.79332 0.916015
14.35 4.75978 0.914138
14.4 4.7263 0.91236
14.45 4.69289 0.910681
14.5 4.65954 0.9091
14.55 4.62627 0.907617
14.6 4.59308 0.906233
14.65 4.55996 0.904946
14.7 4.52692 0.903755
14.75 4.49397 0.902662
14.8 4.4611 0.901664
14.85 4.42833 0.900763
14.9 4.39564 0.899956
14.95 4.36305 0.899244
15 4.33056 0.898627
15.05 4.29816 0.898103
15.1 4.26587 0.897672
15.15 4.23368 0.897333
15.2 4.2016 0.897087
15.25 4.16963 0.896931
15.3 4.13777 0.896867
15.35 4.10602 0.896892
15.4 4.07439 0.897006
15.45 4.04288 0.897209
15.5 4.01149 0.897499
15.55 3.98023 0.897876
15.6 3.94909 0.89834
15.65 3.91808 0.898889
15.7 3.88719 0.899523
15.75 3.85644 0.90024
15.8 3.82583 0.90104
15.85 3.79535 0.901923
15.9 3.76501 0.902886
15.95 3.7348 0.90393
16 3.70474 0.905053
16.05 3.67483 0.906254
16.1 3.64505 0.907533
16.15 3.61543 0.908888
16.2 3.58596 0.910319
16.25 3.55663 0.911824
16.3 3.52746 0.913403
16.35 3.49844 0.915054
16.4 3.46958 0.916776
16.45 3.44088 0.918569
16.5 3.41233 0.92043
16.55 3.38394 0.92236
16.6 3.35572 0.924356
16.65 3.32766 0.926419
16.7 3.29976 0.928546
16.75 3.27203 0.930736
16.8 3.24447 0.932989
16.85 3.21707 0.935302
16.9 3.18984 0.937676
16.95 3.16279 0.940108
17 3.1359 0.942598
17.05 3.10919 0.945143
17.1 3.08265 0.947744
17.15 3.05629 0.950398
17.2 3.0301 0.953105
17.25 3.00409 0.955863
17.3 2.97825 0.95867
17.35 2.9526 0.961526
17.4 2.92712 0.964429
17.45 2.90182 0.967378
17.5 2.8767 0.970372
17.55 2.85176 0.973408
17.6 2.82701 0.976486
17.65 2.80244 0.979605
17.7 2.77804 0.982762
17.75 2.75384 0.985957
17.8 2.72981 0.989188
17.85 2.70597 0.992455
17.9 2.68232 0.995754
17.95 2.65884 0.999086
18 2.63556 1.00245
18.05 2.61246 1.00584
18.1 2.58954 1.00926
18.15 2.56681 1.0127
18.2 2.54426 1.01617
18.25 2.52191 1.01967
18.3 2.49973 1.02318
18.35 2.47774 1.02672
18.4 2.45594 1.03027
18.45 2.43433 1.03385
18.5 2.4129 1.03743
18.55 2.39165 1.04104
18.6 2.37059 1.04465
18.65 2.34972 1.04828
18.7 2.32903 1.05192
18.75 2.30852 1.05557
18.8 2.2882 1.05922
18.85 2.26806 1.06288
18.9 2.24811 1.06655
18.95 2.22834 1.07022
19 2.20875 1.07389
19.05 2.18934 1.07756
19.1 2.17012 1.08122
19.15 2.15108 1.08489
19.2 2.13222 1.08855
19.25 2.11353 1.09221
19.3 2.09503 1.09585
19.35 2.07671 1.09949
19.4 2.05856 1.10312
19.45 2.04059 1.10674
19.5 2.0228 1.11035
19.55 2.00518 1.11394
19.6 1.98774 1.11751
19.65 1.97047 1.12107
19.7 1.95338 1.12461
19.75 1.93646 1.12813
19.8 1.91971 1.13162
19.85 1.90313 1.1351
19.9 1.88672 1.13855
19.95 1.87047 1.14198
20 1.8544 1.14538
20.05 1.83849 1.14875
20.1 1.82275 1.15209
20.15 1.80717 1.1554
20.2 1.79176 1.15868
20.25 1.7765 1.16192
20.3 1.76141 1.16513
20.35 1.74648 1.1683
20.4 1.7317 1.17144
20.45 1.71709 1.17454
20.5 1.70263 1.1776
20.55 1.68832 1.18062
20.6 1.67417 1.18359
20.65 1.66017 1.18652
20.7 1.64633 1.18941
20.75 1.63263 1.19225
20.8 1.61908 1.19505
20.85 1.60568 1.19779
20.9 1.59242 1.20049
20.95 1.57931 1.20314
21 1.56634 1.20573
21.05 1.55351 1.20827
21.1 1.54082 1.21076
21.15 1.52828 1.2132
21.2 1.51587 1.21558
21.25 1.50359 1.2179
21.3 1.49145 1.22016
21.35 1.47945 1.22237
21.4 1.46757 1.22451
21.45 1.45583 1.2266
21.5 1.44421 1.22862
21.55 1.43272 1.23058
21.6 1.42136 1.23247
21.65 1.41012 1.23431
21.7 1.399 1.23607
21.75 1.38801 1.23777
21.8 1.37713 1.23941
21.85 1.36638 1.24097
21.9 1.35574 1.24247
21.95 1.34521 1.2439
22 1.3348 1.24526
22.05 1.32451 1.24654
22.1 1.31432 1.24776
22.15 1.30424 1.2489
22.2 1.29427 1.24997
22.25 1.2844 1.25097
22.3 1.27464 1.25189
22.35 1.26499 1.25274
22.4 1.25543 1.25351
22.45 1.24598 1.2542
22.5 1.23662 1.25482
22.55 1.22736 1.25536
22.6 1.2182 1.25583
22.65 1.20913 1.25621
22.7 1.20015 1.25652
22.75 1.19126 1.25675
22.8 1.18247 1.25689
22.85 1.17376 1.25696
22.9 1.16514 1.25695
22.95 1.1566 1.25686
23 1.14815 1.25668
23.05 1.13978 1.25643
23.1 1.13149 1.25609
23.15 1.12328 1.25567
23.2 1.11515 1.25517
23.25 1.10709 1.25459
23.3 1.09911 1.25392
23.35 1.0912 1.25317
23.4 1.08337 1.25234
23.45 1.07561 1.25142
23.5 1.06791 1.25042
23.55 1.06029 1.24934
23.6 1.05273 1.24817
23.65 1.04524 1.24692
23.7 1.03781 1.24559
23.75 1.03044 1.24417
23.8 1.02314 1.24267
23.85 1.01589 1.24108
23.9 1.00871 1.23941
23.95 1.00158 1.23766
24 0.994514 1.23582
24.05 0.9875 1.2339
24.1 0.98054 1.2319
24.15 0.973634 1.22981
24.2 0.966779 1.22765
24.25 0.959974 1.22539
24.3 0.95322 1.22306
24.35 0.946513 1.22064
24.4 0.939854 1.21814
24.45 0.933241 1.21556
24.5 0.926674 1.2129
24.55 0.92015 1.21015
24.6 0.913669 1.20733
24.65 0.90723 1.20442
24.7 0.900833 1.20143
24.75 0.894475 1.19837
24.8 0.888156 1.19522
24.85 0.881875 1.192
24.9 0.875631 1.18869
24.95 0.869423 1.18531
25 0.86325 1.18185
25.05 0.857111 1.17831
25.1 0.851006 1.1747
25.15 0.844933 1.17101
25.2 0.838892 1.16724
25.25 0.832882 1.1634
25.3 0.826902 1.15949
25.35 0.820951 1.1555
25.4 0.815029 1.15143
25.45 0.809134 1.1473
25.5 0.803266 1.14309
25.55 0.797424 1.13881
25.6 0.791608 1.13446
25.65 0.785817 1.13004
25.7 0.78005 1.12555
25.75 0.774306 1.12099
25.8 0.768585 1.11637
25.85 0.762887 1.11167
25.9 0.75721 1.10691
25.95 0.751555 1.10209
26 0.745919 1.0972
26.05 0.740304 1.09224
26.1 0.734709 1.08723
26.15 0.729132 1.08215
26.2 0.723574 1.077
26.25 0.718033 1.0718
26.3 0.712511 1.06654
26.35 0.707005 1.06122
26.4 0.701516 1.05584
26.45 0.696044 1.0504
26.5 0.690587 1.04491
26.55 0.685146 1.03936
26.6 0.67972 1.03376
26.65 0.674309 1.0281
26.7 0.668912 1.0224
26.75 0.66353 1.01663
26.8 0.658162 1.01082
26.85 0.652807 1.00496
26.9 0.647466 0.999054
26.95 0.642138 0.993098
27 0.636822 0.987094
27.05 0.63152 0.981045
27.1 0.62623 0.974951
27.15 0.620953 0.968814
27.2 0.615687 0.962634
27.25 0.610434 0.956413
27.3 0.605193 0.950151
27.35 0.599964 0.943849
27.4 0.594746 0.937509
27.45 0.58954 0.931132
27.5 0.584345 0.924718
27.55 0.579162 0.91827
27.6 0.573991 0.911787
27.65 0.568831 0.905271
27.7 0.563682 0.898723
27.75 0.558544 0.892144
27.8 0.553418 0.885535
27.85 0.548304 0.878897
27.9 0.5432 0.872232
27.95 0.538109 0.86554
28 0.533028 0.858823
28.05 0.52796 0.852081
28.1 0.522902 0.845316
28.15 0.517857 0.838529
28.2 0.512823 0.831721
28.25 0.507802 0.824893
28.3 0.502792 0.818045
28.35 0.497794 0.81118
28.4 0.492809 0.804298
28.45 0.487836 0.797401
28.5 0.482876 0.790489
28.55 0.477929 0.783564
28.6 0.472994 0.776626
28.65 0.468072 0.769677
28.7 0.463164 0.762717
28.75 0.458269 0.755749
28.8 0.453388 0.748773
28.85 0.44852 0.741789
28.9 0.443667 0.7348
28.95 0.438828 0.727806
29 0.434003 0.720808
29.05 0.429194 0.713807
29.1 0.424399 0.706805
29.15 0.419619 0.699802
29.2 0.414855 0.692799
29.25 0.410106 0.685798
29.3 0.405374 0.6788
29.35 0.400658 0.671805
29.4 0.395958 0.664814
29.45 0.391275 0.657829
29.5 0.386609 0.650851
29.55 0.381961 0.64388
29.6 0.37733 0.636918
29.65 0.372717 0.629965
29.7 0.368123 0.623023
29.75 0.363546 0.616092
29.8 0.358989 0.609174
29.85 0.354451 0.602269
29.9 0.349932 0.595378
29.95 0.345432 0.588503
30 0.340953 0.581644
30.05 0.336494 0.574802
30.1 0.332056 0.567978
30.15 0.327638 0.561173
30.2 0.323242 0.554388
30.25 0.318867 0.547624
30.3 0.314514 0.540881
30.35 0.310183 0.53416
30.4 0.305875 0.527463
30.45 0.301589 0.52079
30.5 0.297326 0.514142
30.55 0.293087 0.50752
30.6 0.288871 0.500924
30.65 0.284679 0.494355
30.7 0.280512 0.487815
30.75 0.276368 0.481304
30.8 0.27225 0.474822
30.85 0.268157 0.468371
30.9 0.264089 0.46195
30.95 0.260047 0.455562
31 0.256031 0.449206
31.05 0.252041 0.442884
31.1 0.248077 0.436596
31.15 0.24414 0.430342
31.2 0.240231 0.424124
31.25 0.236348 0.417941
31.3 0.232493 0.411795
31.35 0.228667 0.405687
31.4 0.224868 0.399616
31.45 0.221097 0.393584
31.5 0.217355 0.387591
31.55 0.213642 0.381637
31.6 0.209958 0.375723
31.65 0.206303 0.369851
31.7 0.202678 0.364019
31.75 0.199082 0.358229
31.8 0.195517 0.352482
31.85 0.191981 0.346777
31.9 0.188476 0.341116
31.95 0.185002 0.335498
32 0.181558 0.329925
32.05 0.178145 0.324396
32.1 0.174763 0.318912
32.15 0.171413 0.313473
32.2 0.168094 0.308081
32.25 0.164807 0.302734
32.3 0.161551 0.297435
32.35 0.158327 0.292182
32.4 0.155136 0.286976
32.45 0.151977 0.281819
32.5 0.14885 0.276709
32.55 0.145755 0.271647
32.6 0.142693 0.266634
32.65 0.139664 0.26167
32.7 0.136668 0.256755
32.75 0.133704 0.251889
32.8 0.130773 0.247072
32.85 0.127876 0.242306
32.9 0.125012 0.23759
32.95 0.122181 0.232923
33 0.119383 0.228307
33.05 0.116618 0.223742
33.1 0.113887 0.219228
33.15 0.11119 0.214764
33.2 0.108526 0.210351
33.25 0.105895 0.20599
33.3 0.103298 0.201679
33.35 0.100734 0.19742
33.4 0.0982039 0.193212
33.45 0.0957073 0.189056
33.5 0.0932442 0.184952
33.55 0.0908147 0.180898
33.6 0.0884186 0.176897
33.65 0.086056 0.172947
33.7 0.0837268 0.169048
33.75 0.081431 0.165202
33.8 0.0791686 0.161407
33.85 0.0769394 0.157663
33.9 0.0747434 0.153971
33.95 0.0725805 0.15033
34 0.0704508 0.146741
34.05 0.068354 0.143203
34.1 0.06629 0.139717
34.15 0.0642589 0.136281
34.2 0.0622605 0.132897
34.25 0.0602947 0.129563
34.3 0.0583613 0.12628
34.35 0.0564603 0.123048
34.4 0.0545915 0.119866
34.45 0.0527548 0.116735
34.5 0.05095 0.113654
34.55 0.049177 0.110623
34.6 0.0474356 0.107641
34.65 0.0457258 0.10471
34.7 0.0440472 0.101827
34.75 0.0423998 0.0989941
34.8 0.0407834 0.0962098
34.85 0.0391977 0.0934742
34.9 0.0376427 0.090787
34.95 0.036118 0.0881481
35 0.0346236 0.0855571
35.05 0.0331592 0.0830137
35.1 0.0317246 0.0805177
35.15 0.0303195 0.0780688
35.2 0.0289439 0.0756667
35.25 0.0275974 0.0733111
35.3 0.0262798 0.0710017
35.35 0.0249909 0.0687381
35.4 0.0237304 0.06652
35.45 0.0224982 0.0643472
35.5 0.0212939 0.0622192
35.55 0.0201173 0.0601357
35.6 0.0189682 0.0580964
35.65 0.0178463 0.0561009
35.7 0.0167514 0.0541489
35.75 0.0156831 0.0522398
35.8 0.0146413 0.0503735
35.85 0.0136256 0.0485495
35.9 0.0126357 0.0467673
35.95 0.0116714 0.0450267
36 0.0107325 0.0433272
36.05 0.00981853 0.0416685
36.1 0.00892932 0.04005
36.15 0.00806455 0.0384714
36.2 0.00722394 0.0369323
36.25 0.00640718 0.0354322
36.3 0.00561398 0.0339707
36.35 0.00484403 0.0325475
36.4 0.00409704 0.0311619
36.45 0.0033727 0.0298137
36.5 0.00267071 0.0285024
36.55 0.00199076 0.0272275
36.6 0.00133253 0.0259885
36.65 0.000695725 0.0247851
36.7 8.00229e-05 0.0236168
36.75 -0.000514888 0.0224831
36.8 -0.00108932 0.0213835
36.85 -0.0016436 0.0203177
36.9 -0.00217803 0.0192851
36.95 -0.00269293 0.0182852
37 -0.00318862 0.0173176
37.05 -0.00366543 0.0163819
37.1 -0.00412367 0.0154776
37.15 -0.00456366 0.0146041
37.2 -0.00498572 0.013761
37.25 -0.00539017 0.0129479
37.3 -0.00577733 0.0121643
37.35 -0.00614753 0.0114097
37.4 -0.00650108 0.0106836
37.45 -0.0068383 0.0099855
37.5 -0.00715951 0.00931501
37.55 -0.00746502 0.00867161
37.6 -0.00775517 0.00805483
37.65 -0.00803027 0.0074642
37.7 -0.00829062 0.00689924
37.75 -0.00853655 0.00635947
37.8 -0.00876838 0.00584442
37.85 -0.00898641 0.00535363
37.9 -0.00919096 0.00488661
37.95 -0.00938234 0.0044429
38 -0.00956085 0.00402202
38.05 -0.00972682 0.00362352
38.1 -0.00988053 0.00324692
38.15 -0.0100223 0.00289176
38.2 -0.0101524 0.00255757
38.25 -0.0102712 0.0022439
38.3 -0.010379 0.00195028
38.35 -0.010476 0.00167626
38.4 -0.0105626 0.00142139
38.45 -0.010639 0.0011852
38.5 -0.0107055 0.000967261
38.55 -0.0107625 0.000767112
38.6 -0.0108102 0.000584314
38.65 -0.0108488 0.000418423
38.7 -0.0108788 0.000269002
38.75 -0.0109003 0.000135614
38.8 -0.0109136 1.78272e-05
38.85 -0.010919 -8.47882e-05
38.9 -0.0109168 -0.000172658
38.95 -0.0109072 -0.000246205
39 -0.0108905 -0.000305848
39.05 -0.0108669 -0.000352003
39.1 -0.0108368 -0.000385082
39.15 -0.0108004 -0.000405492
39.2 -0.0107578 -0.000413637
39.25 -0.0107094 -0.000409919
39.3 -0.0106555 -0.000394733
39.35 -0.0105961 -0.000368471
39.4 -0.0105317 -0.000331522
39.45 -0.0104624 -0.000284268
39.5 -0.0103885 -0.000227089
39.55 -0.0103101 -0.000160362
39.6 -0.0102275 -8.44546e-05
39.65 -0.010141 2.65259e-07
39.7 -0.0100507 9.34365e-05
39.75 -0.00995681 0.000194702
39.8 -0.00985962 0.00030371
39.85 -0.0097593 0.000420112
39.9 -0.00965604 0.000543566
39.95 -0.00955005 0.000673735
40 -0.00944151 0.000810283
40.05 -0.00933063 0.000952885
40.1 -0.00921759 0.00110122
40.15 -0.00910256 0.00125496
40.2 -0.00898573 0.0014138
40.25 -0.00886727 0.00157743
40.3 -0.00874736 0.00174554
40.35 -0.00862615 0.00191784
40.4 -0.00850382 0.00209404
40.45 -0.00838052 0.00227385
40.5 -0.00825641 0.00245698
40.55 -0.00813164 0.00264316
40.6 -0.00800635 0.00283212
40.65 -0.0078807 0.00302358
40.7 -0.00775481 0.00321729
40.75 -0.00762884 0.003413
40.8 -0.0075029 0.00361044
40.85 -0.00737713 0.00380937
40.9 -0.00725165 0.00400956
40.95 -0.00712658 0.00421077
41 -0.00700204 0.00441276
41.05 -0.00687814 0.00461532
41.1 -0.00675499 0.00481822
41.15 -0.0066327 0.00502125
41.2 -0.00651137 0.0052242
41.25 -0.00639109 0.00542686
41.3 -0.00627196 0.00562905
41.35 -0.00615408 0.00583056
41.4 -0.00603752 0.0060312
41.45 -0.00592237 0.0062308
41.5 -0.00580872 0.00642918
41.55 -0.00569663 0.00662616
41.6 -0.00558618 0.00682158
41.65 -0.00547745 0.00701527
41.7 -0.00537048 0.00720708
41.75 -0.00526536 0.00739685
41.8 -0.00516213 0.00758444
41.85 -0.00506086 0.00776971
41.9 -0.00496159 0.00795251
41.95 -0.00486437 0.00813272
42 -0.00476925 0.00831021
42.05 -0.00467628 0.00848486
42.1 -0.00458549 0.00865654
42.15 -0.00449692 0.00882515
42.2 -0.0044106 0.00899058
42.25 -0.00432656 0.00915272
42.3 -0.00424483 0.00931148
42.35 -0.00416544 0.00946676
42.4 -0.00408841 0.00961847
42.45 -0.00401375 0.00976653
42.5 -0.00394149 0.00991085
42.55 -0.00387163 0.0100514
42.6 -0.00380419 0.010188
42.65 -0.00373917 0.0103207
42.7 -0.00367659 0.0104494
42.75 -0.00361644 0.0105739
42.8 -0.00355872 0.0106944
42.85 -0.00350344 0.0108107
42.9 -0.00345059 0.0109228
42.95 -0.00340017 0.0110306
43 -0.00335215 0.0111341
43.05 -0.00330655 0.0112332
43.1 -0.00326334 0.011328
43.15 -0.0032225 0.0114184
43.2 -0.00318403 0.0115043
43.25 -0.0031479 0.0115859
43.3 -0.00311409 0.0116629
43.35 -0.00308258 0.0117355
43.4 -0.00305335 0.0118036
43.45 -0.00302636 0.0118672
43.5 -0.0030016 0.0119263
43.55 -0.00297904 0.0119809
43.6 -0.00295864 0.0120311
43.65 -0.00294036 0.0120767
43.7 -0.00292419 0.0121179
43.75 -0.00291008 0.0121546
43.8 -0.00289799 0.0121869
43.85 -0.0028879 0.0122148
43.9 -0.00287976 0.0122382
43.95 -0.00287352 0.0122573
44 -0.00286916 0.012272
44.05 -0.00286662 0.0122824
44.1 -0.00286587 0.0122885
44.15 -0.00286686 0.0122903
44.2 -0.00286955 0.0122879
44.25 -0.00287389 0.0122813
44.3 -0.00287984 0.0122706
44.35 -0.00288734 0.0122558
44.4 -0.00289635 0.0122369
44.45 -0.00290683 0.012214
44.5 -0.00291872 0.0121871
44.55 -0.00293197 0.0121564
44.6 -0.00294654 0.0121218
44.65 -0.00296237 0.0120834
44.7 -0.00297942 0.0120412
44.75 -0.00299762 0.0119954
44.8 -0.00301695 0.0119459
44.85 -0.00303733 0.0118928
44.9 -0.00305872 0.0118363
44.95 -0.00308107 0.0117763
45 -0.00310432 0.0117129
45.05 -0.00312843 0.0116463
45.1 -0.00315334 0.0115764
45.15 -0.00317901 0.0115033
45.2 -0.00320537 0.0114271
45.25 -0.00323238 0.0113479
45.3 -0.00325999 0.0112657
45.35 -0.00328814 0.0111806
45.4 -0.0033168 0.0110927
45.45 -0.00334589 0.0110021
45.5 -0.00337538 0.0109088
45.55 -0.00340522 0.0108129
45.6 -0.00343536 0.0107146
45.65 -0.00346574 0.0106137
45.7 -0.00349632 0.0105105
45.75 -0.00352706 0.010405
45.8 -0.0035579 0.0102973
45.85 -0.00358879 0.0101875
45.9 -0.0036197 0.0100757
45.95 -0.00365058 0.00996181
46 -0.00368137 0.00984607
46.05 -0.00371205 0.00972852
46.1 -0.00374256 0.00960922
46.15 -0.00377286 0.00948827
46.2 -0.00380291 0.00936574
46.25 -0.00383267 0.00924171
46.3 -0.0038621 0.00911625
46.35 -0.00389116 0.00898945
46.4 -0.00391982 0.00886137
46.45 -0.00394802 0.00873211
46.5 -0.00397574 0.00860173
46.55 -0.00400294 0.00847032
46.6 -0.00402959 0.00833794
46.65 -0.00405565 0.00820468
46.7 -0.00408109 0.00807061
46.75 -0.00410588 0.00793581
46.8 -0.00412998 0.00780034
46.85 -0.00415338 0.00766429
46.9 -0.00417602 0.00752772
46.95 -0.0041979 0.00739071
47 -0.00421898 0.00725333
47.05 -0.00423924 0.00711565
47.1 -0.00425865 0.00697773
47.15 -0.00427719 0.00683966
47.2 -0.00429483 0.00670149
47.25 -0.00431156 0.0065633
47.3 -0.00432736 0.00642515
47.35 -0.00434219 0.00628711
47.4 -0.00435605 0.00614923
47.45 -0.00436893 0.00601159
47.5 -0.00438079 0.00587425
47.55 -0.00439163 0.00573727
47.6 -0.00440144 0.00560071
47.65 -0.00441019 0.00546462
47.7 -0.00441789 0.00532907
47.75 -0.00442451 0.00519412
47.8 -0.00443005 0.00505982
47.85 -0.00443451 0.00492622
47.9 -0.00443786 0.00479338
47.95 -0.00444011 0.00466135
48 -0.00444125 0.00453018
48.05 -0.00444127 0.00439993
48.1 -0.00444018 0.00427064
48.15 -0.00443797 0.00414236
48.2 -0.00443463 0.00401513
48.25 -0.00443018 0.00388901
48.3 -0.0044246 0.00376403
48.35 -0.00441791 0.00364024
48.4 -0.0044101 0.00351767
48.45 -0.00440117 0.00339638
48.5 -0.00439114 0.00327639
48.55 -0.00438 0.00315775
48.6 -0.00436777 0.0030405
48.65 -0.00435445 0.00292465
48.7 -0.00434004 0.00281026
48.75 -0.00432457 0.00269735
48.8 -0.00430803 0.00258595
48.85 -0.00429044 0.0024761
48.9 -0.0042718 0.00236782
48.95 -0.00425215 0.00226113
49 -0.00423147 0.00215607
49.05 -0.0042098 0.00205266
49.1 -0.00418713 0.00195092
49.15 -0.0041635 0.00185087
49.2 -0.00413891 0.00175254
49.25 -0.00411339 0.00165594
49.3 -0.00408694 0.00156109
49.35 -0.00405959 0.00146801
49.4 -0.00403135 0.00137671
49.45 -0.00400225 0.00128721
49.5 -0.00397231 0.00119952
49.55 -0.00394154 0.00111365
49.6 -0.00390997 0.00102961
49.65 -0.00387761 0.000947419
49.7 -0.00384449 0.000867075
49.75 -0.00381064 0.000788588
49.8 -0.00377607 0.000711964
49.85 -0.00374081 0.000637207
49.9 -0.00370487 0.000564321
49.95 -0.0036683 0.000493308
50 -0.00363111 0.00042417
