-0.498 -0.000188466 -2.60446e-05
-0.496 -0.0007495 -0.00010716
-0.494 -0.00167613 -0.00024835
-0.492 -0.00296084 -0.000455313
-0.49 -0.00459564 -0.000734408
-0.488 -0.00657213 -0.00109262
-0.486 -0.00888149 -0.00153753
-0.484 -0.0115146 -0.00207725
-0.482 -0.0144621 -0.0027204
-0.48 -0.0177145 -0.00347602
-0.478 -0.0212618 -0.00435355
-0.476 -0.0250945 -0.00536274
-0.474 -0.0292026 -0.00651356
-0.472 -0.0335762 -0.00781618
-0.47 -0.0382058 -0.00928085
-0.468 -0.0430817 -0.0109178
-0.466 -0.0481945 -0.0127373
-0.464 -0.0535351 -0.0147493
-0.462 -0.0590948 -0.0169635
-0.46 -0.064865 -0.0193894
-0.458 -0.0708378 -0.022036
-0.456 -0.0770055 -0.0249116
-0.454 -0.0833609 -0.0280241
-0.452 -0.0898974 -0.0313804
-0.45 -0.096609 -0.0349868
-0.448 -0.10349 -0.0388484
-0.446 -0.110536 -0.0429695
-0.444 -0.117741 -0.0473531
-0.442 -0.125103 -0.0520011
-0.44 -0.132619 -0.0569139
-0.438 -0.140285 -0.0620906
-0.436 -0.148099 -0.0675287
-0.434 -0.156061 -0.0732243
-0.432 -0.164169 -0.0791717
-0.43 -0.172422 -0.0853634
-0.428 -0.180822 -0.0917903
-0.426 -0.189369 -0.0984414
-0.424 -0.198062 -0.105304
-0.422 -0.206905 -0.112362
-0.42 -0.215898 -0.1196
-0.418 -0.225044 -0.126999
-0.416 -0.234343 -0.134537
-0.414 -0.243799 -0.142192
-0.412 -0.253414 -0.149939
-0.41 -0.263189 -0.157751
-0.408 -0.273127 -0.1656
-0.406 -0.283229 -0.173453
-0.404 -0.293497 -0.181278
-0.402 -0.303933 -0.189042
-0.4 -0.314535 -0.196707
-0.398 -0.325306 -0.204235
-0.396 -0.336244 -0.211586
-0.394 -0.347348 -0.21872
-0.392 -0.358615 -0.225593
-0.39 -0.370044 -0.232161
-0.388 -0.381628 -0.23838
-0.386 -0.393364 -0.244202
-0.384 -0.405245 -0.24958
-0.382 -0.417263 -0.254468
-0.38 -0.42941 -0.258815
-0.378 -0.441674 -0.262573
-0.376 -0.454043 -0.265693
-0.374 -0.466505 -0.268125
-0.372 -0.479043 -0.269821
-0.37 -0.491641 -0.27073
-0.368 -0.50428 -0.270806
-0.366 -0.516939 -0.27
-0.364 -0.529596 -0.268265
-0.362 -0.542227 -0.265556
-0.36 -0.554805 -0.261828
-0.358 -0.567303 -0.257039
-0.356 -0.579691 -0.251148
-0.354 -0.591936 -0.244116
-0.352 -0.604005 -0.235906
-0.35 -0.615864 -0.226484
-0.348 -0.627473 -0.215818
-0.346 -0.638795 -0.203879
-0.344 -0.649789 -0.190642
-0.342 -0.660413 -0.176083
-0.34 -0.670623 -0.160184
-0.338 -0.680374 -0.142929
-0.336 -0.68962 -0.124307
-0.334 -0.698314 -0.10431
-0.332 -0.706408 -0.0829333
-0.33 -0.713852 -0.0601789
-0.328 -0.720597 -0.0360515
-0.326 -0.726592 -0.010561
-0.324 -0.731788 0.0162784
-0.322 -0.736134 0.0444474
-0.32 -0.739579 0.0739218
-0.318 -0.742074 0.104673
-0.316 -0.743568 0.136666
-0.314 -0.744012 0.169863
-0.312 -0.74336 0.204219
-0.31 -0.741563 0.239684
-0.308 -0.738576 0.276205
-0.306 -0.734356 0.313722
-0.304 -0.728859 0.352171
-0.302 -0.722045 0.391482
-0.3 -0.713877 0.431582
-0.298 -0.704318 0.47239
-0.296 -0.693333 0.513825
-0.294 -0.680893 0.555798
-0.292 -0.666969 0.598217
-0.29 -0.651534 0.640987
-0.288 -0.634567 0.684007
-0.286 -0.616048 0.727174
-0.284 -0.59596 0.770381
-0.282 -0.574289 0.813519
-0.28 -0.551024 0.856476
-0.278 -0.52616 0.899137
-0.276 -0.49969 0.941384
-0.274 -0.471615 0.983101
-0.272 -0.441935 1.02417
-0.27 -0.410655 1.06446
-0.268 -0.377783 1.10387
-0.266 -0.343329 1.14226
-0.264 -0.307305 1.17952
-0.262 -0.269726 1.21552
-0.26 -0.23061 1.25016
-0.258 -0.189975 1.2833
-0.256 -0.147842 1.31485
-0.254 -0.104235 1.34468
-0.252 -0.0591756 1.37269
-0.25 -0.0126904 1.39877
-0.248 0.0351951 1.42282
-0.246 0.0844546 1.44474
-0.244 0.135061 1.46445
-0.242 0.186987 1.48186
-0.24 0.240207 1.49688
-0.238 0.294692 1.50944
-0.236 0.350418 1.51948
-0.234 0.407358 1.52693
-0.232 0.465489 1.53174
-0.23 0.524787 1.53387
-0.228 0.585231 1.53327
-0.226 0.6468 1.52991
-0.224 0.709475 1.52379
-0.222 0.773241 1.51487
-0.22 0.838082 1.50317
-0.218 0.903986 1.48868
-0.216 0.970943 1.47142
-0.214 1.03894 1.45142
-0.212 1.10798 1.42871
-0.21 1.17806 1.40333
-0.208 1.24917 1.37535
-0.206 1.32132 1.34481
-0.204 1.39451 1.31179
-0.202 1.46875 1.27639
-0.2 1.54404 1.23868
-0.198 1.62041 1.19876
-0.196 1.69785 1.15676
-0.194 1.77639 1.11278
-0.192 1.85605 1.06696
-0.19 1.93685 1.01943
-0.188 2.0188 0.97034
-0.186 2.10193 0.919831
-0.184 2.18626 0.868067
-0.182 2.27183 0.815214
-0.18 2.35866 0.761442
-0.178 2.44678 0.706931
-0.176 2.53622 0.651863
-0.174 2.62701 0.596428
-0.172 2.71918 0.540817
-0.17 2.81276 0.485228
-0.168 2.90778 0.429859
-0.166 3.00429 0.374915
-0.164 3.1023 0.320599
-0.162 3.20186 0.267117
-0.16 3.30298 0.214678
-0.158 3.40571 0.163487
-0.156 3.51008 0.113752
-0.154 3.6161 0.0656781
-0.152 3.72382 0.0194704
-0.15 3.83325 -0.0246696
-0.148 3.94443 -0.066543
-0.146 4.05738 -0.105954
-0.144 4.17212 -0.142712
-0.142 4.28867 -0.176629
-0.14 4.40705 -0.207525
-0.138 4.52728 -0.235224
-0.136 4.64939 -0.259556
-0.134 4.77337 -0.280359
-0.132 4.89925 -0.297479
-0.13 5.02703 -0.310767
-0.128 5.15674 -0.320086
-0.126 5.28836 -0.325304
-0.124 5.42192 -0.3263
-0.122 5.55742 -0.322964
-0.12 5.69485 -0.315192
-0.118 5.83422 -0.302893
-0.116 5.97553 -0.285984
-0.114 6.11878 -0.264395
-0.112 6.26397 -0.238064
-0.11 6.41109 -0.206944
-0.108 6.56013 -0.170993
-0.106 6.7111 -0.130186
-0.104 6.86397 -0.0845067
-0.102 7.01875 -0.0339493
-0.1 7.17543 0.0214793
-0.098 7.33398 0.0817611
-0.096 7.4944 0.146867
-0.094 7.65667 0.216756
-0.092 7.82077 0.291376
-0.09 7.9867 0.370664
-0.088 8.15442 0.454545
-0.086 8.32391 0.542935
-0.084 8.49515 0.635735
-0.082 8.6681 0.732839
-0.08 8.84275 0.834129
-0.078 9.01904 0.939475
-0.076 9.19694 1.04874
-0.074 9.37641 1.16177
-0.072 9.55739 1.2784
-0.07 9.73983 1.39847
-0.068 9.92366 1.5218
-0.066 10.1088 1.64819
-0.064 10.2952 1.77745
-0.062 10.4827 1.90937
-0.06 10.6713 2.04372
-0.058 10.8609 2.18028
-0.056 11.0513 2.31882
-0.054 11.2423 2.45909
-0.052 11.4339 2.60083
-0.05 11.626 2.74379
-0.048 11.8182 2.88769
-0.046 12.0105 3.03226
-0.044 12.2026 3.17722
-0.042 12.3944 3.32227
-0.04 12.5855 3.46713
-0.038 12.7758 3.61148
-0.036 12.965 3.75502
-0.034 13.1528 3.89745
-0.032 13.3389 4.03844
-0.03 13.523 4.17768
-0.028 13.7048 4.31485
-0.026 13.8839 4.44962
-0.024 14.0601 4.58168
-0.022 14.2328 4.7107
-0.02 14.4019 4.83636
-0.018 14.5668 4.95834
-0.016 14.7271 5.07633
-0.014 14.8826 5.19002
-0.012 15.0327 5.2991
-0.01 15.177 5.40327
-0.008 15.3152 5.50224
-0.006 15.4468 5.59574
-0.004 15.5714 5.6835
-0.002 15.6887 5.76524
0 15.7981 5.84073
0.002 15.8993 5.90967
0.004 15.9919 5.97191
0.006 16.0755 6.02725
0.008 16.1499 6.0755
0.01 16.2145 6.1165
0.012 16.2693 6.1501
0.014 16.3137 6.17618
0.016 16.3476 6.19464
0.018 16.3707 6.20538
0.02 16.3827 6.20836
0.022 16.3835 6.20352
0.024 16.3729 6.19086
0.026 16.3508 6.17038
0.028 16.317 6.14212
0.03 16.2714 6.10612
0.032 16.214 6.06246
0.034 16.1448 6.01125
0.036 16.0638 5.9526
0.038 15.971 5.88667
0.04 15.8665 5.81361
0.042 15.7504 5.73362
0.044 15.6229 5.6469
0.046 15.484 5.55368
0.048 15.3341 5.4542
0.05 15.1733 5.34873
0.052 15.0019 5.23755
0.054 14.8201 5.12095
0.056 14.6283 4.99923
0.058 14.4268 4.87273
0.06 14.2158 4.74178
0.062 13.9959 4.60671
0.064 13.7674 4.46788
0.066 13.5306 4.32565
0.068 13.286 4.18038
0.07 13.034 4.03244
0.072 12.7751 3.88221
0.074 12.5097 3.73006
0.076 12.2382 3.57637
0.078 11.9612 3.42151
0.08 11.6791 3.26586
0.082 11.3924 3.10979
0.084 11.1015 2.95366
0.086 10.8069 2.79783
0.088 10.5092 2.64266
0.09 10.2087 2.48849
0.092 9.90603 2.33566
0.094 9.60155 2.1845
0.096 9.29574 2.03531
0.098 8.98907 1.88842
0.1 8.68198 1.7441
0.102 8.3749 1.60265
0.104 8.06827 1.46432
0.106 7.76249 1.32937
0.108 7.45797 1.19803
0.11 7.15511 1.07053
0.112 6.85429 0.947075
0.114 6.55586 0.827849
0.116 6.26019 0.713031
0.118 5.9676 0.602776
0.12 5.67843 0.497226
0.122 5.39298 0.396504
0.124 5.11154 0.300717
0.126 4.8344 0.209957
0.128 4.5618 0.124296
0.13 4.29401 0.0437914
0.132 4.03124 -0.0315157
0.134 3.77372 -0.101601
0.136 3.52165 -0.166456
0.138 3.2752 -0.226088
0.14 3.03454 -0.280519
0.142 2.79983 -0.329786
0.144 2.5712 -0.373941
0.146 2.34878 -0.413048
0.148 2.13266 -0.447188
0.15 1.92295 -0.476451
0.152 1.71973 -0.500942
0.154 1.52304 -0.520776
0.156 1.33296 -0.536079
0.158 1.1495 -0.546988
0.16 0.972702 -0.553651
0.162 0.802569 -0.556222
0.164 0.6391 -0.554866
0.166 0.482282 -0.549754
0.168 0.33209 -0.541064
0.17 0.188487 -0.528981
0.172 0.0514252 -0.513695
0.174 -0.0791524 -0.4954
0.176 -0.203314 -0.474295
0.178 -0.321137 -0.450581
0.18 -0.432709 -0.424461
0.182 -0.538126 -0.396142
0.184 -0.637491 -0.365831
0.186 -0.730917 -0.333734
0.188 -0.818523 -0.300058
0.19 -0.900438 -0.265008
0.192 -0.976793 -0.228789
0.194 -1.04773 -0.191603
0.196 -1.1134 -0.153647
0.198 -1.17394 -0.115117
0.2 -1.22952 -0.0762045
0.202 -1.2803 -0.0370961
0.204 -1.32644 0.00202656
0.206 -1.36811 0.0409874
0.208 -1.40549 0.0796162
0.21 -1.43874 0.117749
0.212 -1.46806 0.155229
0.214 -1.49361 0.191906
0.216 -1.51558 0.227637
0.218 -1.53416 0.262288
0.22 -1.54951 0.29573
0.222 -1.56184 0.327846
0.224 -1.57132 0.358524
0.226 -1.57813 0.387663
0.228 -1.58246 0.415169
0.23 -1.58448 0.440955
0.232 -1.58437 0.464948
0.234 -1.58231 0.487078
0.236 -1.57847 0.507287
0.238 -1.57302 0.525525
0.24 -1.56612 0.541751
0.242 -1.55793 0.555932
0.244 -1.54861 0.568043
0.246 -1.5383 0.578069
0.248 -1.52716 0.586002
0.25 -1.51533 0.591842
0.252 -1.50293 0.595597
0.254 -1.49009 0.597284
0.256 -1.47694 0.596926
0.258 -1.46359 0.594553
0.26 -1.45014 0.590202
0.262 -1.4367 0.583917
0.264 -1.42335 0.575749
0.266 -1.41018 0.565754
0.268 -1.39727 0.553993
0.27 -1.38468 0.540534
0.272 -1.37247 0.525449
0.274 -1.3607 0.508816
0.276 -1.34942 0.490714
0.278 -1.33865 0.47123
0.28 -1.32842 0.450452
0.282 -1.31877 0.42847
0.284 -1.3097 0.405381
0.286 -1.30122 0.38128
0.288 -1.29333 0.356266
0.29 -1.28602 0.330439
0.292 -1.27929 0.303901
0.294 -1.27311 0.276753
0.296 -1.26746 0.249098
0.298 -1.2623 0.221038
0.3 -1.25761 0.192676
0.302 -1.25334 0.164111
0.304 -1.24946 0.135444
0.306 -1.24591 0.106773
0.308 -1.24264 0.0781951
0.31 -1.2396 0.049804
0.312 -1.23674 0.0216913
0.314 -1.234 -0.00605418
0.316 -1.23132 -0.0333468
0.318 -1.22864 -0.0601043
0.32 -1.22591 -0.0862484
0.322 -1.22305 -0.111704
0.324 -1.22002 -0.136402
0.326 -1.21676 -0.160275
0.328 -1.2132 -0.183263
0.33 -1.20929 -0.205307
0.332 -1.20498 -0.226357
0.334 -1.20022 -0.246365
0.336 -1.19496 -0.26529
0.338 -1.18914 -0.283094
0.34 -1.18274 -0.299746
0.342 -1.17571 -0.315219
0.344 -1.16801 -0.329491
0.346 -1.15962 -0.342547
0.348 -1.1505 -0.354376
0.35 -1.14064 -0.36497
0.352 -1.13 -0.374329
0.354 -1.11859 -0.382456
0.356 -1.10638 -0.38936
0.358 -1.09336 -0.395053
0.36 -1.07955 -0.399552
0.362 -1.06494 -0.402879
0.364 -1.04953 -0.405059
0.366 -1.03334 -0.406121
0.368 -1.01638 -0.406098
0.37 -0.998674 -0.405026
0.372 -0.980237 -0.402943
0.374 -0.961099 -0.399893
0.376 -0.941288 -0.395918
0.378 -0.920838 -0.391066
0.38 -0.899784 -0.385386
0.382 -0.878164 -0.378927
0.384 -0.856021 -0.371743
0.386 -0.833396 -0.363887
0.388 -0.810337 -0.355412
0.39 -0.786889 -0.346373
0.392 -0.763103 -0.336825
0.394 -0.739028 -0.326825
0.396 -0.714716 -0.316426
0.398 -0.690218 -0.305684
0.4 -0.665588 -0.294652
0.402 -0.640879 -0.283385
0.404 -0.616142 -0.271935
0.406 -0.59143 -0.260351
0.408 -0.566796 -0.248685
0.41 -0.542291 -0.236983
0.412 -0.517964 -0.225292
0.414 -0.493866 -0.213656
0.416 -0.470042 -0.202117
0.418 -0.446541 -0.190713
0.42 -0.423405 -0.179483
0.422 -0.400676 -0.168462
0.424 -0.378396 -0.15768
0.426 -0.356601 -0.147169
0.428 -0.335328 -0.136954
0.43 -0.314608 -0.127061
0.432 -0.294472 -0.11751
0.434 -0.274948 -0.10832
0.436 -0.256061 -0.0995082
0.438 -0.237832 -0.0910865
0.44 -0.22028 -0.0830661
0.442 -0.203422 -0.075455
0.444 -0.187272 -0.0682588
0.446 -0.171839 -0.0614803
0.448 -0.157131 -0.0551203
0.45 -0.143153 -0.0491771
0.452 -0.129908 -0.0436468
0.454 -0.117395 -0.0385236
0.456 -0.105611 -0.0337997
0.458 -0.0945497 -0.0294653
0.46 -0.0842039 -0.0255092
0.462 -0.0745631 -0.0219185
0.464 -0.065615 -0.018679
0.466 -0.0573452 -0.0157753
0.468 -0.0497374 -0.0131909
0.47 -0.0427737 -0.0109084
0.472 -0.0364345 -0.00890948
0.474 -0.0306988 -0.00717546
0.476 -0.0255446 -0.00568709
0.478 -0.0209484 -0.00442482
0.48 -0.0168861 -0.00336898
0.482 -0.0133329 -0.00249986
0.484 -0.0102632 -0.00179793
0.486 -0.00765106 -0.00124389
0.488 -0.0054705 -0.000818863
0.49 -0.0036953 -0.000504491
0.492 -0.0022994 -0.000283045
0.494 -0.00125701 -0.000137543
0.496 -0.000542734 -5.18406e-05
0.498 -0.000131768 -1.07269e-05
0.05 5.80503 1.78082
0.1 5.80515 1.78079
0.15 5.80535 1.78073
0.2 5.80564 1.78066
0.25 5.80601 1.78056
0.3 5.80645 1.78044
0.35 5.80698 1.78031
0.4 5.80759 1.78014
0.45 5.80827 1.77996
0.5 5.80904 1.77976
0.55 5.80989 1.77953
0.6 5.81081 1.77928
0.65 5.81181 1.77901
0.7 5.81289 1.77872
0.75 5.81405 1.77841
0.8 5.81528 1.77807
0.85 5.81659 1.77771
0.9 5.81797 1.77733
0.95 5.81943 1.77693
1 5.82095 1.7765
1.05 5.82255 1.77606
1.1 5.82423 1.77558
1.15 5.82597 1.77509
1.2 5.82778 1.77457
1.25 5.82965 1.77403
1.3 5.8316 1.77347
1.35 5.83361 1.77288
1.4 5.83568 1.77227
1.45 5.83781 1.77164
1.5 5.84001 1.77098
1.55 5.84227 1.7703
1.6 5.84458 1.76959
1.65 5.84696 1.76886
1.7 5.84939 1.7681
1.75 5.85187 1.76732
1.8 5.8544 1.76652
1.85 5.85699 1.76568
1.9 5.85963 1.76483
1.95 5.86231 1.76394
2 5.86504 1.76304
2.05 5.86781 1.7621
2.1 5.87063 1.76114
2.15 5.87349 1.76015
2.2 5.87638 1.75914
2.25 5.87931 1.7581
2.3 5.88228 1.75703
2.35 5.88528 1.75594
2.4 5.88831 1.75481
2.45 5.89137 1.75366
2.5 5.89446 1.75248
2.55 5.89757 1.75128
2.6 5.9007 1.75004
2.65 5.90386 1.74878
2.7 5.90703 1.74748
2.75 5.91022 1.74616
2.8 5.91342 1.74481
2.85 5.91664 1.74342
2.9 5.91986 1.74201
2.95 5.9231 1.74057
3 5.92633 1.7391
3.05 5.92957 1.73759
3.1 5.93281 1.73606
3.15 5.93605 1.73449
3.2 5.93928 1.7329
3.25 5.9425 1.73127
3.3 5.94572 1.72961
3.35 5.94892 1.72791
3.4 5.95211 1.72619
3.45 5.95528 1.72443
3.5 5.95843 1.72264
3.55 5.96157 1.72082
3.6 5.96467 1.71896
3.65 5.96775 1.71707
3.7 5.9708 1.71515
3.75 5.97382 1.71319
3.8 5.9768 1.7112
3.85 5.97975 1.70917
3.9 5.98265 1.70711
3.95 5.98551 1.70501
4 5.98833 1.70288
4.05 5.9911 1.70072
4.1 5.99382 1.69852
4.15 5.99649 1.69628
4.2 5.9991 1.69401
4.25 6.00165 1.6917
4.3 6.00415 1.68936
4.35 6.00658 1.68697
4.4 6.00894 1.68456
4.45 6.01124 1.6821
4.5 6.01346 1.67961
4.55 6.01561 1.67709
4.6 6.01769 1.67452
4.65 6.01968 1.67192
4.7 6.02159 1.66929
4.75 6.02342 1.66661
4.8 6.02517 1.6639
4.85 6.02682 1.66115
4.9 6.02838 1.65836
4.95 6.02985 1.65553
5 6.03122 1.65267
5.05 6.03249 1.64977
5.1 6.03366 1.64683
5.15 6.03473 1.64385
5.2 6.03569 1.64084
5.25 6.03654 1.63778
5.3 6.03728 1.63469
5.35 6.0379 1.63156
5.4 6.03841 1.6284
5.45 6.0388 1.62519
5.5 6.03907 1.62195
5.55 6.03921 1.61866
5.6 6.03923 1.61534
5.65 6.03912 1.61199
5.7 6.03888 1.60859
5.75 6.03851 1.60516
5.8 6.038 1.60168
5.85 6.03736 1.59817
5.9 6.03657 1.59463
5.95 6.03565 1.59104
6 6.03458 1.58742
6.05 6.03337 1.58376
6.1 6.03201 1.58006
6.15 6.0305 1.57633
6.2 6.02884 1.57256
6.25 6.02702 1.56875
6.3 6.02505 1.5649
6.35 6.02293 1.56102
6.4 6.02064 1.5571
6.45 6.01819 1.55315
6.5 6.01558 1.54916
6.55 6.01281 1.54513
6.6 6.00987 1.54107
6.65 6.00676 1.53698
6.7 6.00348 1.53285
6.75 6.00003 1.52868
6.8 5.99641 1.52448
6.85 5.99262 1.52025
6.9 5.98865 1.51598
6.95 5.9845 1.51168
7 5.98017 1.50734
7.05 5.97566 1.50298
7.1 5.97098 1.49858
7.15 5.96611 1.49415
7.2 5.96105 1.48968
7.25 5.95581 1.48519
7.3 5.95039 1.48066
7.35 5.94478 1.47611
7.4 5.93898 1.47152
7.45 5.93299 1.46691
7.5 5.92681 1.46226
7.55 5.92044 1.45759
7.6 5.91387 1.45289
7.65 5.90712 1.44816
7.7 5.90017 1.4434
7.75 5.89303 1.43862
7.8 5.88569 1.43381
7.85 5.87815 1.42897
7.9 5.87042 1.42411
7.95 5.86249 1.41922
8 5.85437 1.41432
8.05 5.84604 1.40938
8.1 5.83752 1.40443
8.15 5.8288 1.39945
8.2 5.81988 1.39445
8.25 5.81076 1.38942
8.3 5.80144 1.38438
8.35 5.79192 1.37932
8.4 5.7822 1.37424
8.45 5.77228 1.36914
8.5 5.76216 1.36402
8.55 5.75184 1.35889
8.6 5.74132 1.35373
8.65 5.7306 1.34857
8.7 5.71969 1.34338
8.75 5.70857 1.33818
8.8 5.69725 1.33297
8.85 5.68573 1.32775
8.9 5.67401 1.32251
8.95 5.6621 1.31726
9 5.64998 1.312
9.05 5.63767 1.30673
9.1 5.62517 1.30145
9.15 5.61246 1.29616
9.2 5.59956 1.29087
9.25 5.58647 1.28557
9.3 5.57318 1.28026
9.35 5.55969 1.27494
9.4 5.54602 1.26962
9.45 5.53215 1.2643
9.5 5.51809 1.25897
9.55 5.50384 1.25364
9.6 5.4894 1.24831
9.65 5.47477 1.24298
9.7 5.45995 1.23765
9.75 5.44495 1.23233
9.8 5.42977 1.227
9.85 5.4144 1.22168
9.9 5.39884 1.21636
9.95 5.38311 1.21104
10 5.36719 1.20573
10.05 5.3511 1.20043
10.1 5.33483 1.19513
10.15 5.31839 1.18984
10.2 5.30177 1.18456
10.25 5.28497 1.17929
10.3 5.26801 1.17403
10.35 5.25087 1.16878
10.4 5.23357 1.16355
10.45 5.2161 1.15833
10.5 5.19847 1.15312
10.55 5.18067 1.14793
10.6 5.16272 1.14275
10.65 5.1446 1.13759
10.7 5.12633 1.13245
10.75 5.1079 1.12733
10.8 5.08931 1.12223
10.85 5.07058 1.11715
10.9 5.05169 1.11208
10.95 5.03266 1.10705
11 5.01348 1.10203
11.05 4.99416 1.09704
11.1 4.97469 1.09207
11.15 4.95509 1.08713
11.2 4.93535 1.08222
11.25 4.91547 1.07734
11.3 4.89546 1.07248
11.35 4.87532 1.06765
11.4 4.85506 1.06285
11.45 4.83466 1.05809
11.5 4.81414 1.05335
11.55 4.7935 1.04865
11.6 4.77274 1.04398
11.65 4.75187 1.03935
11.7 4.73088 1.03475
11.75 4.70977 1.03019
11.8 4.68856 1.02566
11.85 4.66724 1.02118
11.9 4.64582 1.01673
11.95 4.62429 1.01232
12 4.60267 1.00795
12.05 4.58094 1.00362
12.1 4.55913 0.999338
12.15 4.53722 0.995095
12.2 4.51522 0.990895
12.25 4.49313 0.98674
12.3 4.47096 0.982629
12.35 4.44871 0.978564
12.4 4.42638 0.974546
12.45 4.40397 0.970574
12.5 4.38149 0.966651
12.55 4.35894 0.962776
12.6 4.33632 0.95895
12.65 4.31363 0.955174
12.7 4.29088 0.951448
12.75 4.26807 0.947774
12.8 4.2452 0.944152
12.85 4.22227 0.940582
12.9 4.1993 0.937066
12.95 4.17627 0.933603
13 4.1532 0.930194
13.05 4.13008 0.926841
13.1 4.10692 0.923543
13.15 4.08372 0.920301
13.2 4.06048 0.917115
13.25 4.03721 0.913987
13.3 4.01391 0.910917
13.35 3.99058 0.907905
13.4 3.96723 0.904951
13.45 3.94385 0.902057
13.5 3.92045 0.899222
13.55 3.89703 0.896447
13.6 3.8736 0.893733
13.65 3.85016 0.89108
13.7 3.8267 0.888488
13.75 3.80324 0.885958
13.8 3.77977 0.883491
13.85 3.75631 0.881085
13.9 3.73284 0.878743
13.95 3.70937 0.876463
14 3.68592 0.874248
14.05 3.66246 0.872095
14.1 3.63902 0.870007
14.15 3.6156 0.867984
14.2 3.59219 0.866025
14.25 3.56879 0.86413
14.3 3.54542 0.862301
14.35 3.52207 0.860537
14.4 3.49875 0.858838
14.45 3.47545 0.857205
14.5 3.45219 0.855638
14.55 3.42895 0.854136
14.6 3.40576 0.852701
14.65 3.3826 0.851331
14.7 3.35948 0.850028
14.75 3.3364 0.84879
14.8 3.31337 0.847619
14.85 3.29038 0.846514
14.9 3.26744 0.845476
14.95 3.24455 0.844504
15 3.22172 0.843597
15.05 3.19894 0.842757
15.1 3.17622 0.841983
15.15 3.15356 0.841275
15.2 3.13096 0.840633
15.25 3.10843 0.840057
15.3 3.08596 0.839546
15.35 3.06355 0.839101
15.4 3.04122 0.838721
15.45 3.01896 0.838406
15.5 2.99677 0.838156
15.55 2.97466 0.837971
15.6 2.95263 0.83785
15.65 2.93067 0.837794
15.7 2.9088 0.837801
15.75 2.88701 0.837872
15.8 2.8653 0.838006
15.85 2.84368 0.838203
15.9 2.82215 0.838462
15.95 2.80071 0.838784
16 2.77936 0.839167
16.05 2.7581 0.839612
16.1 2.73693 0.840118
16.15 2.71586 0.840684
16.2 2.69489 0.841311
16.25 2.67402 0.841997
16.3 2.65325 0.842742
16.35 2.63258 0.843546
16.4 2.61201 0.844407
16.45 2.59154 0.845327
16.5 2.57118 0.846303
16.55 2.55093 0.847336
16.6 2.53079 0.848424
16.65 2.51075 0.849568
16.7 2.49083 0.850766
16.75 2.47102 0.852018
16.8 2.45132 0.853324
16.85 2.43173 0.854682
16.9 2.41226 0.856092
16.95 2.3929 0.857553
17 2.37366 0.859065
17.05 2.35454 0.860626
17.1 2.33553 0.862237
17.15 2.31665 0.863895
17.2 2.29788 0.865602
17.25 2.27924 0.867355
17.3 2.26071 0.869153
17.35 2.24231 0.870997
17.4 2.22403 0.872886
17.45 2.20588 0.874817
17.5 2.18785 0.876792
17.55 2.16994 0.878808
17.6 2.15216 0.880865
17.65 2.1345 0.882961
17.7 2.11697 0.885097
17.75 2.09957 0.887271
17.8 2.08229 0.889483
17.85 2.06514 0.89173
17.9 2.04812 0.894013
17.95 2.03123 0.89633
18 2.01446 0.898681
18.05 1.99783 0.901064
18.1 1.98132 0.903478
18.15 1.96494 0.905923
18.2 1.94869 0.908397
18.25 1.93257 0.9109
18.3 1.91658 0.91343
18.35 1.90071 0.915987
18.4 1.88498 0.918569
18.45 1.86938 0.921175
18.5 1.8539 0.923804
18.55 1.83855 0.926456
18.6 1.82334 0.929129
18.65 1.80825 0.931822
18.7 1.79329 0.934533
18.75 1.77846 0.937263
18.8 1.76376 0.940009
18.85 1.74918 0.942771
18.9 1.73473 0.945548
18.95 1.72042 0.948338
19 1.70622 0.95114
19.05 1.69216 0.953954
19.1 1.67822 0.956777
19.15 1.66441 0.95961
19.2 1.65072 0.96245
19.25 1.63716 0.965298
19.3 1.62372 0.968151
19.35 1.6104 0.971008
19.4 1.59721 0.973869
19.45 1.58415 0.976731
19.5 1.5712 0.979595
19.55 1.55838 0.982459
19.6 1.54568 0.985322
19.65 1.5331 0.988182
19.7 1.52064 0.991039
19.75 1.5083 0.993891
19.8 1.49607 0.996737
19.85 1.48397 0.999577
19.9 1.47198 1.00241
19.95 1.46011 1.00523
20 1.44835 1.00804
20.05 1.43671 1.01084
20.1 1.42518 1.01363
20.15 1.41377 1.0164
20.2 1.40247 1.01916
20.25 1.39128 1.02191
20.3 1.3802 1.02463
20.35 1.36923 1.02734
20.4 1.35837 1.03003
20.45 1.34761 1.0327
20.5 1.33697 1.03534
20.55 1.32643 1.03797
20.6 1.31599 1.04057
20.65 1.30566 1.04315
20.7 1.29543 1.0457
20.75 1.2853 1.04822
20.8 1.27528 1.05072
20.85 1.26535 1.05318
20.9 1.25552 1.05562
20.95 1.24579 1.05802
21 1.23616 1.0604
21.05 1.22662 1.06274
21.1 1.21718 1.06504
21.15 1.20783 1.06731
21.2 1.19858 1.06955
21.25 1.18941 1.07175
21.3 1.18034 1.07391
21.35 1.17135 1.07603
21.4 1.16246 1.07811
21.45 1.15365 1.08015
21.5 1.14492 1.08215
21.55 1.13629 1.0841
21.6 1.12773 1.08602
21.65 1.11926 1.08788
21.7 1.11087 1.08971
21.75 1.10256 1.09148
21.8 1.09433 1.09321
21.85 1.08617 1.09489
21.9 1.0781 1.09652
21.95 1.07009 1.09811
22 1.06217 1.09964
22.05 1.05432 1.10112
22.1 1.04654 1.10255
22.15 1.03883 1.10392
22.2 1.03119 1.10524
22.25 1.02362 1.10651
22.3 1.01612 1.10772
22.35 1.00868 1.10888
22.4 1.00131 1.10998
22.45 0.994007 1.11103
22.5 0.986765 1.11201
22.55 0.979586 1.11294
22.6 0.972468 1.11381
22.65 0.96541 1.11462
22.7 0.958412 1.11537
22.75 0.951471 1.11605
22.8 0.944587 1.11668
22.85 0.937759 1.11724
22.9 0.930986 1.11775
22.95 0.924267 1.11818
23 0.9176 1.11856
23.05 0.910985 1.11887
23.1 0.90442 1.11912
23.15 0.897905 1.1193
23.2 0.891439 1.11942
23.25 0.88502 1.11947
23.3 0.878648 1.11945
23.35 0.872321 1.11937
23.4 0.866039 1.11922
23.45 0.859801 1.119
23.5 0.853605 1.11872
23.55 0.847451 1.11837
23.6 0.841338 1.11795
23.65 0.835265 1.11746
23.7 0.829231 1.1169
23.75 0.823235 1.11628
23.8 0.817276 1.11558
23.85 0.811354 1.11481
23.9 0.805467 1.11398
23.95 0.799614 1.11307
24 0.793796 1.1121
24.05 0.788011 1.11105
24.1 0.782257 1.10994
24.15 0.776536 1.10875
24.2 0.770844 1.1075
24.25 0.765183 1.10617
24.3 0.759551 1.10477
24.35 0.753947 1.10331
24.4 0.748371 1.10177
24.45 0.742822 1.10016
24.5 0.737299 1.09848
24.55 0.731801 1.09673
24.6 0.726329 1.09491
24.65 0.72088 1.09302
24.7 0.715455 1.09106
24.75 0.710054 1.08902
24.8 0.704674 1.08692
24.85 0.699317 1.08475
24.9 0.69398 1.08251
24.95 0.688665 1.0802
25 0.683369 1.07782
25.05 0.678093 1.07537
25.1 0.672836 1.07285
25.15 0.667597 1.07026
25.2 0.662376 1.06761
25.25 0.657174 1.06488
25.3 0.651988 1.06209
25.35 0.646818 1.05923
25.4 0.641666 1.0563
25.45 0.636528 1.05331
25.5 0.631407 1.05025
25.55 0.6263 1.04712
25.6 0.621208 1.04393
25.65 0.616131 1.04067
25.7 0.611067 1.03735
25.75 0.606017 1.03396
25.8 0.600981 1.03051
25.85 0.595957 1.02699
25.9 0.590946 1.02341
25.95 0.585948 1.01977
26 0.580962 1.01607
26.05 0.575988 1.0123
26.1 0.571026 1.00848
26.15 0.566076 1.00459
26.2 0.561137 1.00064
26.25 0.556209 0.996638
26.3 0.551293 0.992573
26.35 0.546387 0.98845
26.4 0.541492 0.984269
26.45 0.536608 0.98003
26.5 0.531734 0.975736
26.55 0.526871 0.971386
26.6 0.522018 0.966981
26.65 0.517176 0.962521
26.7 0.512343 0.958007
26.75 0.507521 0.953441
26.8 0.502709 0.948822
26.85 0.497908 0.944152
26.9 0.493116 0.939431
26.95 0.488335 0.934659
27 0.483563 0.929839
27.05 0.478802 0.924969
27.1 0.474051 0.920052
27.15 0.469311 0.915087
27.2 0.46458 0.910077
27.25 0.45986 0.90502
27.3 0.455151 0.89992
27.35 0.450452 0.894775
27.4 0.445764 0.889587
27.45 0.441086 0.884357
27.5 0.43642 0.879085
27.55 0.431764 0.873773
27.6 0.42712 0.868421
27.65 0.422486 0.86303
27.7 0.417865 0.857601
27.75 0.413255 0.852135
27.8 0.408656 0.846632
27.85 0.40407 0.841094
27.9 0.399496 0.835522
27.95 0.394934 0.829916
28 0.390385 0.824277
28.05 0.385849 0.818606
28.1 0.381325 0.812905
28.15 0.376815 0.807173
28.2 0.372318 0.801412
28.25 0.367835 0.795623
28.3 0.363366 0.789807
28.35 0.358911 0.783964
28.4 0.354471 0.778095
28.45 0.350045 0.772202
28.5 0.345634 0.766286
28.55 0.341239 0.760347
28.6 0.336858 0.754386
28.65 0.332494 0.748404
28.7 0.328146 0.742402
28.75 0.323814 0.736381
28.8 0.319498 0.730343
28.85 0.3152 0.724287
28.9 0.310919 0.718215
28.95 0.306655 0.712128
29 0.302409 0.706026
29.05 0.298182 0.699911
29.1 0.293972 0.693784
29.15 0.289782 0.687645
29.2 0.28561 0.681495
29.25 0.281458 0.675336
29.3 0.277326 0.669168
29.35 0.273213 0.662993
29.4 0.269121 0.65681
29.45 0.265049 0.650622
29.5 0.260999 0.644428
29.55 0.256969 0.638231
29.6 0.252961 0.63203
29.65 0.248975 0.625827
29.7 0.245011 0.619622
29.75 0.24107 0.613417
29.8 0.237151 0.607213
29.85 0.233256 0.601009
29.9 0.229384 0.594808
29.95 0.225536 0.58861
30 0.221711 0.582416
30.05 0.217911 0.576227
30.1 0.214136 0.570043
30.15 0.210386 0.563866
30.2 0.206661 0.557696
30.25 0.202961 0.551535
30.3 0.199287 0.545382
30.35 0.19564 0.53924
30.4 0.192018 0.533108
30.45 0.188424 0.526988
30.5 0.184856 0.52088
30.55 0.181315 0.514786
30.6 0.177802 0.508705
30.65 0.174317 0.502639
30.7 0.17086 0.496589
30.75 0.167431 0.490555
30.8 0.164031 0.484538
30.85 0.160659 0.478539
30.9 0.157316 0.472559
30.95 0.154003 0.466598
31 0.150719 0.460658
31.05 0.147464 0.454738
31.1 0.14424 0.448839
31.15 0.141046 0.442963
31.2 0.137882 0.43711
31.25 0.134749 0.431281
31.3 0.131646 0.425476
31.35 0.128574 0.419695
31.4 0.125534 0.413941
31.45 0.122525 0.408213
31.5 0.119547 0.402512
31.55 0.116601 0.396838
31.6 0.113686 0.391193
31.65 0.110804 0.385576
31.7 0.107954 0.379989
31.75 0.105136 0.374432
31.8 0.10235 0.368906
31.85 0.0995967 0.363411
31.9 0.0968761 0.357947
31.95 0.0941883 0.352516
32 0.0915332 0.347118
32.05 0.0889111 0.341753
32.1 0.0863221 0.336422
32.15 0.0837661 0.331125
32.2 0.0812433 0.325863
32.25 0.0787537 0.320636
32.3 0.0762975 0.315445
32.35 0.0738746 0.310291
32.4 0.0714852 0.305173
32.45 0.0691292 0.300092
32.5 0.0668066 0.295049
32.55 0.0645176 0.290044
32.6 0.0622621 0.285078
32.65 0.0600402 0.28015
32.7 0.0578517 0.275261
32.75 0.0556968 0.270412
32.8 0.0535755 0.265602
32.85 0.0514876 0.260833
32.9 0.0494332 0.256105
32.95 0.0474122 0.251417
33 0.0454246 0.24677
33.05 0.0434704 0.242165
33.1 0.0415494 0.237602
33.15 0.0396617 0.233081
33.2 0.0378071 0.228602
33.25 0.0359856 0.224166
33.3 0.0341971 0.219772
33.35 0.0324415 0.215422
33.4 0.0307187 0.211115
33.45 0.0290286 0.206851
33.5 0.027371 0.202631
33.55 0.0257459 0.198454
33.6 0.0241531 0.194322
33.65 0.0225925 0.190234
33.7 0.021064 0.18619
33.75 0.0195673 0.182191
33.8 0.0181024 0.178236
33.85 0.0166691 0.174326
33.9 0.0152672 0.17046
33.95 0.0138965 0.16664
34 0.012557 0.162864
34.05 0.0112482 0.159134
34.1 0.00997021 0.155449
34.15 0.00872267 0.151808
34.2 0.00750541 0.148213
34.25 0.00631822 0.144663
34.3 0.00516089 0.141159
34.35 0.00403319 0.1377
34.4 0.0029349 0.134285
34.45 0.00186578 0.130917
34.5 0.000825606 0.127593
34.55 -0.000185879 0.124314
34.6 -0.00116892 0.121081
34.65 -0.00212377 0.117893
34.7 -0.00305068 0.114749
34.75 -0.00394992 0.111651
34.8 -0.00482175 0.108597
34.85 -0.00566645 0.105589
34.9 -0.0064843 0.102625
34.95 -0.00727557 0.0997051
35 -0.00804055 0.0968301
35.05 -0.00877952 0.0939993
35.1 -0.00949279 0.0912128
35.15 -0.0101806 0.0884703
35.2 -0.0108434 0.0857716
35.25 -0.0114813 0.0831167
35.3 -0.0120947 0.0805053
35.35 -0.012684 0.0779374
35.4 -0.0132493 0.0754126
35.45 -0.0137911 0.0729307
35.5 -0.0143097 0.0704917
35.55 -0.0148053 0.0680953
35.6 -0.0152784 0.0657413
35.65 -0.0157292 0.0634293
35.7 -0.016158 0.0611593
35.75 -0.0165652 0.058931
35.8 -0.0169512 0.0567441
35.85 -0.0173163 0.0545984
35.9 -0.0176607 0.0524936
35.95 -0.0179849 0.0504294
36 -0.0182891 0.0484056
36.05 -0.0185738 0.0464219
36.1 -0.0188393 0.0444781
36.15 -0.0190859 0.0425737
36.2 -0.019314 0.0407086
36.25 -0.0195238 0.0388824
36.3 -0.0197159 0.0370949
36.35 -0.0198904 0.0353456
36.4 -0.0200478 0.0336343
36.45 -0.0201884 0.0319607
36.5 -0.0203126 0.0303245
36.55 -0.0204206 0.0287252
36.6 -0.020513 0.0271626
36.65 -0.0205899 0.0256363
36.7 -0.0206518 0.024146
36.75 -0.0206991 0.0226914
36.8 -0.0207319 0.021272
36.85 -0.0207508 0.0198875
36.9 -0.0207561 0.0185375
36.95 -0.020748 0.0172218
37 -0.020727 0.0159399
37.05 -0.0206934 0.0146914
37.1 -0.0206475 0.013476
37.15 -0.0205897 0.0122932
37.2 -0.0205203 0.0111428
37.25 -0.0204397 0.0100243
37.3 -0.0203482 0.00893732
37.35 -0.0202462 0.0078815
37.4 -0.0201339 0.00685642
37.45 -0.0200117 0.0058617
37.5 -0.0198799 0.00489694
37.55 -0.019739 0.00396175
37.6 -0.0195891 0.00305572
37.65 -0.0194306 0.00217846
37.7 -0.0192638 0.00132955
37.75 -0.0190891 0.000508598
37.8 -0.0189068 -0.000284803
37.85 -0.0187172 -0.00105106
37.9 -0.0185205 -0.00179058
37.95 -0.0183172 -0.00250377
38 -0.0181075 -0.00319104
38.05 -0.0178917 -0.0038528
38.1 -0.0176701 -0.00448946
38.15 -0.017443 -0.00510143
38.2 -0.0172107 -0.00568911
38.25 -0.0169735 -0.00625292
38.3 -0.0167316 -0.00679327
38.35 -0.0164854 -0.00731057
38.4 -0.0162352 -0.00780522
38.45 -0.0159811 -0.00827764
38.5 -0.0157236 -0.00872823
38.55 -0.0154627 -0.0091574
38.6 -0.0151989 -0.00956555
38.65 -0.0149324 -0.0099531
38.7 -0.0146634 -0.0103204
38.75 -0.0143921 -0.010668
38.8 -0.0141189 -0.0109961
38.85 -0.0138439 -0.0113053
38.9 -0.0135675 -0.0115958
38.95 -0.0132898 -0.0118681
39 -0.0130111 -0.0121227
39.05 -0.0127315 -0.0123598
39.1 -0.0124514 -0.0125798
39.15 -0.0121709 -0.0127833
39.2 -0.0118903 -0.0129705
39.25 -0.0116098 -0.0131418
39.3 -0.0113295 -0.0132977
39.35 -0.0110497 -0.0134385
39.4 -0.0107705 -0.0135645
39.45 -0.0104922 -0.0136762
39.5 -0.010215 -0.0137739
39.55 -0.00993892 -0.0138581
39.6 -0.00966429 -0.0139289
39.65 -0.00939123 -0.013987
39.7 -0.00911992 -0.0140325
39.75 -0.00885051 -0.0140658
39.8 -0.00858317 -0.0140874
39.85 -0.00831805 -0.0140975
39.9 -0.00805531 -0.0140965
39.95 -0.00779508 -0.0140847
40 -0.00753752 -0.0140625
40.05 -0.00728274 -0.0140303
40.1 -0.0070309 -0.0139883
40.15 -0.00678211 -0.0139369
40.2 -0.0065365 -0.0138765
40.25 -0.00629418 -0.0138072
40.3 -0.00605527 -0.0137296
40.35 -0.00581988 -0.0136438
40.4 -0.00558811 -0.0135502
40.45 -0.00536007 -0.0134491
40.5 -0.00513584 -0.0133408
40.55 -0.00491553 -0.0132256
40.6 -0.00469921 -0.0131037
40.65 -0.00448697 -0.0129756
40.7 -0.00427889 -0.0128415
40.75 -0.00407504 -0.0127016
40.8 -0.00387549 -0.0125562
40.85 -0.0036803 -0.0124057
40.9 -0.00348954 -0.0122503
40.95 -0.00330327 -0.0120902
41 -0.00312153 -0.0119257
41.05 -0.00294437 -0.0117571
41.1 -0.00277185 -0.0115846
41.15 -0.00260399 -0.0114085
41.2 -0.00244084 -0.011229
41.25 -0.00228243 -0.0110464
41.3 -0.00212878 -0.0108608
41.35 -0.00197993 -0.0106726
41.4 -0.00183589 -0.010482
41.45 -0.00169667 -0.0102891
41.5 -0.00156231 -0.0100942
41.55 -0.00143279 -0.0098975
41.6 -0.00130814 -0.00969924
41.65 -0.00118834 -0.00949959
41.7 -0.00107341 -0.00929877
41.75 -0.000963343 -0.00909697
41.8 -0.000858122 -0.00889437
41.85 -0.00075774 -0.00869117
41.9 -0.000662185 -0.00848754
41.95 -0.00057144 -0.00828367
42 -0.000485483 -0.00807973
42.05 -0.000404292 -0.00787588
42.1 -0.000327841 -0.0076723
42.15 -0.0002561 -0.00746913
42.2 -0.000189038 -0.00726655
42.25 -0.00012662 -0.00706469
42.3 -6.88095e-05 -0.0068637
42.35 -1.55651e-05 -0.00666374
42.4 3.31551e-05 -0.00646493
42.45 7.73964e-05 -0.00626741
42.5 0.000117206 -0.00607131
42.55 0.000152635 -0.00587675
42.6 0.000183734 -0.00568386
42.65 0.000210559 -0.00549275
42.7 0.000233165 -0.00530354
42.75 0.000251612 -0.00511633
42.8 0.00026596 -0.00493124
42.85 0.000276273 -0.00474835
42.9 0.000282614 -0.00456777
42.95 0.00028505 -0.00438959
43 0.000283649 -0.0042139
43.05 0.000278482 -0.00404078
43.1 0.000269618 -0.00387031
43.15 0.000257133 -0.00370257
43.2 0.000241098 -0.00353764
43.25 0.000221592 -0.00337559
43.3 0.00019869 -0.00321647
43.35 0.000172471 -0.00306035
43.4 0.000143015 -0.00290729
43.45 0.000110402 -0.00275735
43.5 7.47134e-05 -0.00261058
43.55 3.60328e-05 -0.00246701
43.6 -5.55672e-06 -0.00232671
43.65 -4.99707e-05 -0.00218971
43.7 -9.71239e-05 -0.00205605
43.75 -0.000146931 -0.00192575
43.8 -0.000199304 -0.00179886
43.85 -0.000254157 -0.00167541
43.9 -0.000311403 -0.00155541
43.95 -0.000370953 -0.00143889
44 -0.000432718 -0.00132586
44.05 -0.000496611 -0.00121635
44.1 -0.000562542 -0.00111036
44.15 -0.000630422 -0.00100792
44.2 -0.000700161 -0.000909011
44.25 -0.000771671 -0.000813655
44.3 -0.000844863 -0.000721848
44.35 -0.000919646 -0.00063359
44.4 -0.000995931 -0.000548879
44.45 -0.00107363 -0.000467707
44.5 -0.00115265 -0.000390067
44.55 -0.00123292 -0.000315947
44.6 -0.00131432 -0.000245335
44.65 -0.00139679 -0.000178215
44.7 -0.00148024 -0.00011457
44.75 -0.00156457 -5.43786e-05
44.8 -0.0016497 2.3804e-06
44.85 -0.00173554 5.57312e-05
44.9 -0.00182202 0.0001057
44.95 -0.00190903 0.000152315
45 -0.00199652 0.000195606
45.05 -0.00208438 0.000235605
45.1 -0.00217253 0.000272346
45.15 -0.00226091 0.000305864
45.2 -0.00234942 0.000336195
45.25 -0.00243798 0.00036338
45.3 -0.00252653 0.000387458
45.35 -0.00261498 0.000408471
45.4 -0.00270325 0.000426462
45.45 -0.00279127 0.000441475
45.5 -0.00287897 0.000453558
45.55 -0.00296628 0.000462756
45.6 -0.00305312 0.000469118
45.65 -0.00313942 0.000472694
45.7 -0.00322511 0.000473536
45.75 -0.00331014 0.000471693
45.8 -0.00339442 0.000467221
45.85 -0.0034779 0.000460171
45.9 -0.00356051 0.000450599
45.95 -0.00364219 0.000438561
46 -0.00372289 0.000424113
46.05 -0.00380253 0.000407311
46.1 -0.00388107 0.000388214
46.15 -0.00395845 0.000366881
46.2 -0.00403461 0.000343369
46.25 -0.0041095 0.00031774
46.3 -0.00418307 0.000290052
46.35 -0.00425527 0.000260367
46.4 -0.00432605 0.000228746
46.45 -0.00439536 0.000195249
46.5 -0.00446317 0.000159939
46.55 -0.00452942 0.000122877
46.6 -0.00459408 8.41255e-05
46.65 -0.0046571 4.37468e-05
46.7 -0.00471845 1.8033e-06
46.75 -0.00477809 -4.16425e-05
46.8 -0.00483599 -8.6528e-05
46.85 -0.0048921 -0.000132791
46.9 -0.00494641 -0.000180368
46.95 -0.00499888 -0.000229198
47 -0.00504948 -0.000279217
47.05 -0.00509819 -0.000330364
47.1 -0.00514498 -0.000382576
47.15 -0.00518982 -0.000435793
47.2 -0.0052327 -0.000489952
47.25 -0.0052736 -0.000544992
47.3 -0.0053125 -0.000600852
47.35 -0.00534938 -0.000657472
47.4 -0.00538422 -0.000714792
47.45 -0.00541702 -0.000772752
47.5 -0.00544777 -0.000831293
47.55 -0.00547644 -0.000890356
47.6 -0.00550304 -0.000949883
47.65 -0.00552755 -0.00100982
47.7 -0.00554998 -0.0010701
47.75 -0.00557032 -0.00113068
47.8 -0.00558856 -0.00119149
47.85 -0.00560471 -0.00125249
47.9 -0.00561876 -0.00131361
47.95 -0.00563073 -0.00137481
48 -0.0056406 -0.00143603
48.05 -0.0056484 -0.00149722
48.1 -0.00565412 -0.00155833
48.15 -0.00565778 -0.0016193
48.2 -0.00565938 -0.00168009
48.25 -0.00565894 -0.00174066
48.3 -0.00565646 -0.00180094
48.35 -0.00565197 -0.00186089
48.4 -0.00564547 -0.00192048
48.45 -0.00563699 -0.00197964
48.5 -0.00562654 -0.00203835
48.55 -0.00561413 -0.00209655
48.6 -0.0055998 -0.0021542
48.65 -0.00558356 -0.00221126
48.7 -0.00556544 -0.00226769
48.75 -0.00554545 -0.00232345
48.8 -0.00552362 -0.00237851
48.85 -0.00549999 -0.00243282
48.9 -0.00547457 -0.00248635
48.95 -0.00544739 -0.00253906
49 -0.00541848 -0.00259092
49.05 -0.00538788 -0.00264189
49.1 -0.00535561 -0.00269195
49.15 -0.00532171 -0.00274106
49.2 -0.0052862 -0.0027892
49.25 -0.00524913 -0.00283632
49.3 -0.00521052 -0.00288242
49.35 -0.00517041 -0.00292745
49.4 -0.00512883 -0.00297139
49.45 -0.00508583 -0.00301422
49.5 -0.00504144 -0.00305592
49.55 -0.0049957 -0.00309646
49.6 -0.00494864 -0.00313582
49.65 -0.00490031 -0.00317398
49.7 -0.00485074 -0.00321092
49.75 -0.00479997 -0.00324662
49.8 -0.00474805 -0.00328107
49.85 -0.00469502 -0.00331425
49.9 -0.00464091 -0.00334615
49.95 -0.00458578 -0.00337674
50 -0.00452965 -0.00340602
