-0.498 -0.000392546 -5.96559e-05
-0.496 -0.00158888 -0.000248318
-0.494 -0.00361801 -0.000581437
-0.492 -0.00651017 -0.00107562
-0.49 -0.0102967 -0.00174856
-0.488 -0.0150102 -0.00261894
-0.486 -0.020684 -0.00370636
-0.484 -0.0273526 -0.00503122
-0.482 -0.0350511 -0.00661463
-0.48 -0.0438152 -0.00847823
-0.478 -0.0536814 -0.0106441
-0.476 -0.0646863 -0.0131348
-0.474 -0.076867 -0.0159728
-0.472 -0.0902604 -0.0191807
-0.47 -0.104903 -0.022781
-0.468 -0.120833 -0.0267957
-0.466 -0.138084 -0.0312467
-0.464 -0.156694 -0.0361549
-0.462 -0.176695 -0.0415405
-0.46 -0.198123 -0.0474226
-0.458 -0.221009 -0.0538192
-0.456 -0.245383 -0.060747
-0.454 -0.271274 -0.0682209
-0.452 -0.29871 -0.0762542
-0.45 -0.327714 -0.0848582
-0.448 -0.358308 -0.0940422
-0.446 -0.390513 -0.103813
-0.444 -0.424344 -0.114175
-0.442 -0.459815 -0.12513
-0.44 -0.496936 -0.136678
-0.438 -0.535712 -0.148813
-0.436 -0.576146 -0.161529
-0.434 -0.618237 -0.174816
-0.432 -0.661978 -0.18866
-0.43 -0.70736 -0.203043
-0.428 -0.754367 -0.217945
-0.426 -0.802979 -0.233341
-0.424 -0.853173 -0.249203
-0.422 -0.904918 -0.265499
-0.42 -0.958181 -0.282192
-0.418 -1.01292 -0.299242
-0.416 -1.06909 -0.316606
-0.414 -1.12664 -0.334236
-0.412 -1.18552 -0.352079
-0.41 -1.24566 -0.37008
-0.408 -1.30699 -0.38818
-0.406 -1.36945 -0.406314
-0.404 -1.43296 -0.424417
-0.402 -1.49742 -0.442417
-0.4 -1.56277 -0.460242
-0.398 -1.62889 -0.477812
-0.396 -1.6957 -0.495049
-0.394 -1.76308 -0.51187
-0.392 -1.83094 -0.528188
-0.39 -1.89916 -0.543915
-0.388 -1.96763 -0.558962
-0.386 -2.03622 -0.573236
-0.384 -2.1048 -0.586644
-0.382 -2.17327 -0.59909
-0.38 -2.24147 -0.61048
-0.378 -2.30929 -0.620715
-0.376 -2.37658 -0.629701
-0.374 -2.44321 -0.63734
-0.372 -2.50904 -0.643537
-0.37 -2.57393 -0.648196
-0.368 -2.63774 -0.651225
-0.366 -2.70032 -0.652531
-0.364 -2.76154 -0.652026
-0.362 -2.82126 -0.649621
-0.36 -2.87933 -0.645235
-0.358 -2.93561 -0.638787
-0.356 -2.98997 -0.6302
-0.354 -3.04227 -0.619404
-0.352 -3.09237 -0.606331
-0.35 -3.14015 -0.590921
-0.348 -3.18548 -0.573117
-0.346 -3.22824 -0.552871
-0.344 -3.2683 -0.530141
-0.342 -3.30554 -0.50489
-0.34 -3.33987 -0.47709
-0.338 -3.37116 -0.446722
-0.336 -3.39932 -0.413772
-0.334 -3.42426 -0.378238
-0.332 -3.44588 -0.340124
-0.33 -3.4641 -0.299445
-0.328 -3.47884 -0.256223
-0.326 -3.49004 -0.210493
-0.324 -3.49762 -0.162296
-0.322 -3.50153 -0.111686
-0.32 -3.50173 -0.0587248
-0.318 -3.49817 -0.00348489
-0.316 -3.49081 0.0539509
-0.314 -3.47962 0.11349
-0.312 -3.46459 0.175029
-0.31 -3.44571 0.238456
-0.308 -3.42296 0.303648
-0.306 -3.39636 0.370474
-0.304 -3.3659 0.438791
-0.302 -3.33161 0.508449
-0.3 -3.29351 0.57929
-0.298 -3.25162 0.651144
-0.296 -3.206 0.723838
-0.294 -3.15668 0.797188
-0.292 -3.10372 0.871004
-0.29 -3.04716 0.945089
-0.288 -2.98707 1.01924
-0.286 -2.92353 1.09326
-0.284 -2.85659 1.16692
-0.282 -2.78635 1.24001
-0.28 -2.71288 1.31232
-0.278 -2.63627 1.38362
-0.276 -2.5566 1.45369
-0.274 -2.47397 1.52231
-0.272 -2.38847 1.58925
-0.27 -2.3002 1.6543
-0.268 -2.20926 1.71722
-0.266 -2.11573 1.77782
-0.264 -2.01974 1.83587
-0.262 -1.92135 1.89116
-0.26 -1.82069 1.94349
-0.258 -1.71784 1.99267
-0.256 -1.61289 2.0385
-0.254 -1.50594 2.08081
-0.252 -1.39706 2.11942
-0.25 -1.28635 2.15417
-0.248 -1.17389 2.18491
-0.246 -1.05974 2.21151
-0.244 -0.943971 2.23382
-0.242 -0.826646 2.25175
-0.24 -0.707819 2.26518
-0.238 -0.587535 2.27403
-0.236 -0.465833 2.27824
-0.234 -0.342742 2.27775
-0.232 -0.218284 2.27251
-0.23 -0.0924708 2.26251
-0.228 0.0346966 2.24773
-0.226 0.163226 2.2282
-0.224 0.293137 2.20394
-0.222 0.424457 2.17501
-0.22 0.557229 2.14145
-0.218 0.691503 2.10337
-0.216 0.827343 2.06086
-0.214 0.964821 2.01404
-0.212 1.10403 1.96306
-0.21 1.24505 1.90806
-0.208 1.38801 1.84923
-0.206 1.53302 1.78676
-0.204 1.6802 1.72085
-0.202 1.82971 1.65174
-0.2 1.9817 1.57966
-0.198 2.13632 1.50488
-0.196 2.29374 1.42768
-0.194 2.45415 1.34832
-0.192 2.61774 1.26713
-0.19 2.7847 1.18442
-0.188 2.95524 1.10051
-0.186 3.12956 1.01574
-0.184 3.30788 0.930468
-0.182 3.49043 0.845041
-0.18 3.67743 0.759831
-0.178 3.86911 0.675211
-0.176 4.06569 0.59156
-0.174 4.26741 0.509262
-0.172 4.47451 0.428706
-0.17 4.6872 0.350282
-0.168 4.90573 0.274382
-0.166 5.13032 0.201398
-0.164 5.36118 0.131719
-0.162 5.59855 0.0657334
-0.16 5.84262 0.0038253
-0.158 6.09361 -0.0536266
-0.156 6.3517 -0.10625
-0.154 6.61709 -0.15368
-0.152 6.88995 -0.19556
-0.15 7.17044 -0.231546
-0.148 7.45872 -0.261301
-0.146 7.75493 -0.284503
-0.144 8.05919 -0.300844
-0.142 8.37162 -0.310029
-0.14 8.6923 -0.31178
-0.138 9.02132 -0.305834
-0.136 9.35874 -0.291946
-0.134 9.7046 -0.26989
-0.132 10.0589 -0.239459
-0.13 10.4217 -0.200466
-0.128 10.793 -0.152743
-0.126 11.1727 -0.0961464
-0.124 11.5607 -0.0305522
-0.122 11.9571 0.0441406
-0.12 12.3617 0.12801
-0.118 12.7744 0.221111
-0.116 13.1951 0.323474
-0.114 13.6236 0.435107
-0.112 14.0597 0.555994
-0.11 14.5033 0.686094
-0.108 14.9541 0.825341
-0.106 15.412 0.973647
-0.104 15.8766 1.1309
-0.102 16.3477 1.29696
-0.1 16.8249 1.47167
-0.098 17.3081 1.65484
-0.096 17.7969 1.84627
-0.094 18.2908 2.04572
-0.092 18.7897 2.25295
-0.09 19.293 2.46768
-0.088 19.8004 2.6896
-0.086 20.3115 2.91842
-0.084 20.8259 3.15378
-0.082 21.3431 3.39533
-0.08 21.8627 3.64269
-0.078 22.3843 3.89548
-0.076 22.9073 4.15328
-0.074 23.4312 4.41566
-0.072 23.9556 4.68217
-0.07 24.48 4.95237
-0.068 25.0038 5.22577
-0.066 25.5265 5.5019
-0.064 26.0476 5.78025
-0.062 26.5665 6.06031
-0.06 27.0827 6.34156
-0.058 27.5955 6.62349
-0.056 28.1045 6.90554
-0.054 28.609 7.18719
-0.052 29.1085 7.46787
-0.05 29.6023 7.74704
-0.048 30.0899 8.02414
-0.046 30.5706 8.29862
-0.044 31.0438 8.5699
-0.042 31.509 8.83744
-0.04 31.9655 9.10067
-0.038 32.4126 9.35905
-0.036 32.8498 9.61201
-0.034 33.2764 9.85902
-0.032 33.6918 10.0995
-0.03 34.0953 10.333
-0.028 34.4864 10.559
-0.026 34.8644 10.7769
-0.024 35.2287 10.9862
-0.022 35.5786 11.1865
-0.02 35.9136 11.3774
-0.018 36.2331 11.5582
-0.016 36.5365 11.7287
-0.014 36.8232 11.8885
-0.012 37.0926 12.037
-0.01 37.3442 12.174
-0.008 37.5775 12.2991
-0.006 37.7918 12.412
-0.004 37.9869 12.5123
-0.002 38.1621 12.6
0 38.317 12.6746
0.002 38.4513 12.736
0.004 38.5644 12.784
0.006 38.6562 12.8185
0.008 38.7262 12.8393
0.01 38.7741 12.8464
0.012 38.7996 12.8398
0.014 38.8027 12.8194
0.016 38.783 12.7852
0.018 38.7404 12.7373
0.02 38.6748 12.6758
0.022 38.5862 12.6009
0.024 38.4745 12.5126
0.026 38.3398 12.4112
0.028 38.1821 12.297
0.03 38.0015 12.17
0.032 37.7983 12.0308
0.034 37.5725 11.8795
0.036 37.3244 11.7166
0.038 37.0544 11.5424
0.04 36.7627 11.3574
0.042 36.4497 11.1619
0.044 36.1158 10.9565
0.046 35.7615 10.7417
0.048 35.3872 10.5178
0.05 34.9935 10.2856
0.052 34.5809 10.0455
0.054 34.1501 9.79805
0.056 33.7015 9.54392
0.058 33.236 9.28366
0.06 32.7541 9.01788
0.062 32.2566 8.74721
0.064 31.7443 8.47225
0.066 31.2177 8.19365
0.068 30.6778 7.91203
0.07 30.1253 7.62803
0.072 29.561 7.34227
0.074 28.9858 7.0554
0.076 28.4004 6.76803
0.078 27.8057 6.48077
0.08 27.2025 6.19425
0.082 26.5916 5.90906
0.084 25.974 5.62579
0.086 25.3505 5.345
0.088 24.7218 5.06727
0.09 24.0889 4.79312
0.092 23.4525 4.52308
0.094 22.8135 4.25766
0.096 22.1727 3.99733
0.098 21.5309 3.74256
0.1 20.8889 3.49378
0.102 20.2474 3.25139
0.104 19.6071 3.0158
0.106 18.9689 2.78734
0.108 18.3335 2.56637
0.11 17.7014 2.35317
0.112 17.0735 2.14803
0.114 16.4503 1.9512
0.116 15.8324 1.76288
0.118 15.2205 1.58327
0.12 14.6151 1.41254
0.122 14.0167 1.2508
0.124 13.426 1.09816
0.126 12.8432 0.9547
0.128 12.2691 0.820451
0.13 11.7038 0.695433
0.132 11.1479 0.579631
0.134 10.6017 0.473005
0.136 10.0656 0.375489
0.138 9.53988 0.286989
0.14 9.0248 0.207387
0.142 8.52065 0.13654
0.144 8.02764 0.0742836
0.146 7.54598 0.0204293
0.148 7.07584 -0.025232
0.15 6.61738 -0.0629293
0.152 6.1707 -0.0929103
0.154 5.73591 -0.115441
0.156 5.31308 -0.130802
0.158 4.90224 -0.139291
0.16 4.50343 -0.141219
0.162 4.11663 -0.136908
0.164 3.74184 -0.126692
0.166 3.379 -0.110914
0.168 3.02805 -0.0899276
0.17 2.68891 -0.0640899
0.172 2.36148 -0.0337653
0.174 2.04564 0.000677845
0.176 1.74124 0.0388686
0.178 1.44816 0.0804344
0.18 1.16621 0.125003
0.182 0.895216 0.172202
0.184 0.634995 0.221664
0.186 0.385342 0.273022
0.188 0.146043 0.325915
0.19 -0.0831226 0.37999
0.192 -0.302387 0.434898
0.194 -0.511988 0.490298
0.196 -0.712171 0.545861
0.198 -0.903188 0.601265
0.2 -1.0853 0.6562
0.202 -1.25875 0.710366
0.204 -1.42382 0.763479
0.206 -1.58078 0.815263
0.208 -1.72988 0.865459
0.21 -1.8714 0.913822
0.212 -2.0056 0.960121
0.214 -2.13276 1.00414
0.216 -2.25315 1.04568
0.218 -2.36702 1.08455
0.22 -2.47465 1.12058
0.222 -2.57629 1.15363
0.224 -2.67219 1.18356
0.226 -2.76262 1.21025
0.228 -2.84782 1.23358
0.23 -2.92802 1.25349
0.232 -3.00347 1.26989
0.234 -3.0744 1.28273
0.236 -3.14102 1.29197
0.238 -3.20356 1.29758
0.24 -3.26222 1.29957
0.242 -3.3172 1.29793
0.244 -3.3687 1.29269
0.246 -3.4169 1.28388
0.248 -3.46198 1.27154
0.25 -3.5041 1.25575
0.252 -3.54343 1.23657
0.254 -3.58011 1.21409
0.256 -3.61428 1.1884
0.258 -3.64608 1.15962
0.26 -3.67562 1.12785
0.262 -3.70302 1.09323
0.264 -3.72839 1.05589
0.266 -3.75182 1.01597
0.268 -3.77339 0.973627
0.27 -3.79319 0.92901
0.272 -3.81127 0.882283
0.274 -3.82771 0.833613
0.276 -3.84256 0.783171
0.278 -3.85585 0.731131
0.28 -3.86763 0.677671
0.282 -3.87793 0.62297
0.284 -3.88676 0.567209
0.286 -3.89415 0.510568
0.288 -3.90011 0.453229
0.29 -3.90463 0.395373
0.292 -3.90772 0.33718
0.294 -3.90937 0.278826
0.296 -3.90957 0.220486
0.298 -3.9083 0.162333
0.3 -3.90556 0.104534
0.302 -3.90131 0.0472531
0.304 -3.89553 -0.00935045
0.306 -3.8882 -0.0651228
0.308 -3.87928 -0.119916
0.31 -3.86876 -0.173587
0.312 -3.8566 -0.226
0.314 -3.84278 -0.277027
0.316 -3.82726 -0.326546
0.318 -3.81001 -0.374443
0.32 -3.79102 -0.42061
0.322 -3.77025 -0.464949
0.324 -3.74768 -0.507369
0.326 -3.7233 -0.547789
0.328 -3.69708 -0.586134
0.33 -3.66902 -0.62234
0.332 -3.6391 -0.656348
0.334 -3.60731 -0.688111
0.336 -3.57366 -0.71759
0.338 -3.53814 -0.744754
0.34 -3.50077 -0.769579
0.342 -3.46155 -0.792053
0.344 -3.4205 -0.812169
0.346 -3.37765 -0.829929
0.348 -3.33301 -0.845343
0.35 -3.28663 -0.858431
0.352 -3.23853 -0.869217
0.354 -3.18877 -0.877733
0.356 -3.13738 -0.88402
0.358 -3.08442 -0.888124
0.36 -3.02995 -0.890096
0.362 -2.97403 -0.889997
0.364 -2.91672 -0.887889
0.366 -2.8581 -0.883842
0.368 -2.79824 -0.87793
0.37 -2.73721 -0.870232
0.372 -2.67511 -0.86083
0.374 -2.61201 -0.84981
0.376 -2.54801 -0.837262
0.378 -2.4832 -0.823277
0.38 -2.41767 -0.80795
0.382 -2.35152 -0.791377
0.384 -2.28484 -0.773655
0.386 -2.21773 -0.754884
0.388 -2.1503 -0.735162
0.39 -2.08265 -0.714588
0.392 -2.01487 -0.693261
0.394 -1.94708 -0.671281
0.396 -1.87936 -0.648743
0.398 -1.81182 -0.625745
0.4 -1.74457 -0.60238
0.402 -1.67769 -0.57874
0.404 -1.61129 -0.554915
0.406 -1.54545 -0.530992
0.408 -1.48028 -0.507055
0.41 -1.41587 -0.483183
0.412 -1.35229 -0.459455
0.414 -1.28963 -0.435943
0.416 -1.22798 -0.412718
0.418 -1.16741 -0.389843
0.42 -1.108 -0.367381
0.422 -1.04981 -0.345387
0.424 -0.992906 -0.323914
0.426 -0.93736 -0.303009
0.428 -0.883223 -0.282716
0.43 -0.830548 -0.263073
0.432 -0.779385 -0.244113
0.434 -0.729776 -0.225865
0.436 -0.681762 -0.208355
0.438 -0.635377 -0.191601
0.44 -0.59065 -0.17562
0.442 -0.547607 -0.160422
0.444 -0.506269 -0.146016
0.446 -0.466651 -0.132403
0.448 -0.428766 -0.119583
0.45 -0.392621 -0.107552
0.452 -0.358217 -0.0963007
0.454 -0.325555 -0.0858183
0.456 -0.294627 -0.0760903
0.458 -0.265425 -0.0670992
0.46 -0.237934 -0.0588249
0.462 -0.212137 -0.0512451
0.464 -0.188014 -0.0443349
0.466 -0.165541 -0.0380681
0.468 -0.144689 -0.0324162
0.47 -0.125428 -0.0273498
0.472 -0.107725 -0.0228381
0.474 -0.0915445 -0.0188494
0.476 -0.0768476 -0.0153514
0.478 -0.0635942 -0.0123114
0.48 -0.0517417 -0.00969648
0.482 -0.0412462 -0.00747382
0.484 -0.0320618 -0.00561087
0.486 -0.0241419 -0.00407554
0.488 -0.0174383 -0.00283647
0.49 -0.0119024 -0.00186318
0.492 -0.00748479 -0.00112624
0.494 -0.00413563 -0.00059748
0.496 -0.00180501 -0.00025009
0.498 -0.000443024 -5.88036e-05
0.05 13.2871 3.90041
0.1 13.2876 3.90039
0.15 13.2886 3.90034
0.2 13.2899 3.90029
0.25 13.2916 3.90021
0.3 13.2937 3.90012
0.35 13.2962 3.90001
0.4 13.299 3.89989
0.45 13.3023 3.89975
0.5 13.3059 3.89959
0.55 13.3098 3.89941
0.6 13.3142 3.89921
0.65 13.3189 3.899
0.7 13.3239 3.89877
0.75 13.3294 3.89852
0.8 13.3352 3.89825
0.85 13.3414 3.89797
0.9 13.3479 3.89766
0.95 13.3547 3.89733
1 13.362 3.89698
1.05 13.3695 3.89662
1.1 13.3774 3.89623
1.15 13.3857 3.89582
1.2 13.3943 3.89539
1.25 13.4032 3.89493
1.3 13.4125 3.89445
1.35 13.422 3.89395
1.4 13.4319 3.89343
1.45 13.4421 3.89288
1.5 13.4527 3.8923
1.55 13.4635 3.8917
1.6 13.4746 3.89108
1.65 13.486 3.89043
1.7 13.4977 3.88975
1.75 13.5097 3.88904
1.8 13.522 3.8883
1.85 13.5346 3.88753
1.9 13.5474 3.88674
1.95 13.5605 3.88591
2 13.5738 3.88505
2.05 13.5874 3.88416
2.1 13.6012 3.88323
2.15 13.6153 3.88227
2.2 13.6296 3.88128
2.25 13.6441 3.88025
2.3 13.6588 3.87919
2.35 13.6738 3.87809
2.4 13.6889 3.87695
2.45 13.7043 3.87577
2.5 13.7198 3.87456
2.55 13.7355 3.8733
2.6 13.7514 3.872
2.65 13.7675 3.87066
2.7 13.7837 3.86928
2.75 13.8001 3.86785
2.8 13.8166 3.86638
2.85 13.8332 3.86487
2.9 13.85 3.86331
2.95 13.8669 3.8617
3 13.8839 3.86004
3.05 13.901 3.85833
3.1 13.9182 3.85658
3.15 13.9354 3.85477
3.2 13.9528 3.85291
3.25 13.9702 3.851
3.3 13.9877 3.84904
3.35 14.0052 3.84702
3.4 14.0228 3.84495
3.45 14.0404 3.84282
3.5 14.058 3.84063
3.55 14.0757 3.83839
3.6 14.0933 3.83608
3.65 14.111 3.83372
3.7 14.1286 3.83129
3.75 14.1463 3.82881
3.8 14.1638 3.82626
3.85 14.1814 3.82365
3.9 14.1989 3.82097
3.95 14.2163 3.81823
4 14.2337 3.81542
4.05 14.251 3.81255
4.1 14.2682 3.80961
4.15 14.2853 3.8066
4.2 14.3024 3.80351
4.25 14.3193 3.80036
4.3 14.336 3.79714
4.35 14.3527 3.79385
4.4 14.3692 3.79048
4.45 14.3855 3.78704
4.5 14.4017 3.78353
4.55 14.4178 3.77994
4.6 14.4336 3.77627
4.65 14.4493 3.77253
4.7 14.4647 3.76871
4.75 14.48 3.76481
4.8 14.495 3.76083
4.85 14.5098 3.75677
4.9 14.5244 3.75264
4.95 14.5387 3.74842
5 14.5528 3.74412
5.05 14.5666 3.73974
5.1 14.5802 3.73527
5.15 14.5935 3.73072
5.2 14.6065 3.72609
5.25 14.6191 3.72137
5.3 14.6315 3.71657
5.35 14.6436 3.71168
5.4 14.6553 3.70671
5.45 14.6667 3.70165
5.5 14.6778 3.6965
5.55 14.6885 3.69126
5.6 14.6989 3.68594
5.65 14.7089 3.68053
5.7 14.7185 3.67503
5.75 14.7278 3.66944
5.8 14.7366 3.66376
5.85 14.7451 3.65799
5.9 14.7531 3.65213
5.95 14.7607 3.64618
6 14.768 3.64014
6.05 14.7747 3.634
6.1 14.7811 3.62778
6.15 14.787 3.62147
6.2 14.7924 3.61506
6.25 14.7974 3.60856
6.3 14.802 3.60198
6.35 14.806 3.5953
6.4 14.8096 3.58852
6.45 14.8127 3.58166
6.5 14.8153 3.57471
6.55 14.8174 3.56766
6.6 14.819 3.56052
6.65 14.82 3.55329
6.7 14.8206 3.54597
6.75 14.8206 3.53856
6.8 14.8201 3.53105
6.85 14.8191 3.52346
6.9 14.8175 3.51577
6.95 14.8154 3.508
7 14.8127 3.50013
7.05 14.8095 3.49218
7.1 14.8057 3.48413
7.15 14.8013 3.476
7.2 14.7964 3.46778
7.25 14.7909 3.45947
7.3 14.7848 3.45107
7.35 14.7781 3.44258
7.4 14.7708 3.43401
7.45 14.763 3.42535
7.5 14.7545 3.41661
7.55 14.7454 3.40778
7.6 14.7358 3.39887
7.65 14.7255 3.38987
7.7 14.7146 3.3808
7.75 14.7031 3.37163
7.8 14.691 3.36239
7.85 14.6782 3.35307
7.9 14.6648 3.34366
7.95 14.6508 3.33418
8 14.6362 3.32462
8.05 14.6209 3.31499
8.1 14.605 3.30527
8.15 14.5885 3.29548
8.2 14.5713 3.28562
8.25 14.5535 3.27568
8.3 14.5351 3.26567
8.35 14.516 3.25559
8.4 14.4963 3.24544
8.45 14.4759 3.23522
8.5 14.4549 3.22494
8.55 14.4332 3.21458
8.6 14.4109 3.20416
8.65 14.3879 3.19368
8.7 14.3643 3.18313
8.75 14.3401 3.17252
8.8 14.3152 3.16186
8.85 14.2897 3.15113
8.9 14.2635 3.14034
8.95 14.2367 3.1295
9 14.2092 3.1186
9.05 14.1811 3.10765
9.1 14.1524 3.09665
9.15 14.123 3.0856
9.2 14.093 3.0745
9.25 14.0623 3.06335
9.3 14.0311 3.05215
9.35 13.9991 3.04091
9.4 13.9666 3.02963
9.45 13.9334 3.0183
9.5 13.8996 3.00694
9.55 13.8652 2.99554
9.6 13.8302 2.9841
9.65 13.7945 2.97263
9.7 13.7582 2.96112
9.75 13.7214 2.94958
9.8 13.6839 2.93802
9.85 13.6458 2.92642
9.9 13.6071 2.9148
9.95 13.5678 2.90316
10 13.528 2.89149
10.05 13.4875 2.8798
10.1 13.4465 2.86809
10.15 13.4049 2.85637
10.2 13.3627 2.84463
10.25 13.3199 2.83288
10.3 13.2766 2.82111
10.35 13.2327 2.80934
10.4 13.1883 2.79756
10.45 13.1433 2.78577
10.5 13.0978 2.77398
10.55 13.0517 2.76219
10.6 13.0051 2.7504
10.65 12.958 2.73861
10.7 12.9103 2.72682
10.75 12.8622 2.71504
10.8 12.8135 2.70327
10.85 12.7643 2.69151
10.9 12.7147 2.67975
10.95 12.6645 2.66802
11 12.6139 2.6563
11.05 12.5628 2.64459
11.1 12.5112 2.63291
11.15 12.4591 2.62124
11.2 12.4066 2.60961
11.25 12.3537 2.59799
11.3 12.3003 2.58641
11.35 12.2465 2.57485
11.4 12.1922 2.56333
11.45 12.1375 2.55184
11.5 12.0824 2.54038
11.55 12.0269 2.52896
11.6 11.9711 2.51759
11.65 11.9148 2.50625
11.7 11.8581 2.49496
11.75 11.8011 2.48371
11.8 11.7437 2.47251
11.85 11.6859 2.46136
11.9 11.6278 2.45026
11.95 11.5694 2.43921
12 11.5106 2.42822
12.05 11.4515 2.41729
12.1 11.3921 2.40641
12.15 11.3324 2.3956
12.2 11.2724 2.38484
12.25 11.212 2.37415
12.3 11.1514 2.36353
12.35 11.0906 2.35298
12.4 11.0294 2.3425
12.45 10.968 2.33208
12.5 10.9064 2.32175
12.55 10.8445 2.31148
12.6 10.7824 2.3013
12.65 10.7201 2.29119
12.7 10.6576 2.28116
12.75 10.5948 2.27122
12.8 10.5319 2.26136
12.85 10.4688 2.25158
12.9 10.4055 2.24189
12.95 10.342 2.23229
13 10.2784 2.22278
13.05 10.2146 2.21337
13.1 10.1507 2.20404
13.15 10.0866 2.19481
13.2 10.0224 2.18568
13.25 9.95816 2.17665
13.3 9.89377 2.16771
13.35 9.82928 2.15888
13.4 9.76471 2.15015
13.45 9.70005 2.14152
13.5 9.63533 2.133
13.55 9.57055 2.12458
13.6 9.50572 2.11627
13.65 9.44084 2.10807
13.7 9.37593 2.09998
13.75 9.31099 2.092
13.8 9.24604 2.08413
13.85 9.18108 2.07638
13.9 9.11612 2.06874
13.95 9.05117 2.06122
14 8.98624 2.05381
14.05 8.92133 2.04652
14.1 8.85646 2.03935
14.15 8.79164 2.03231
14.2 8.72687 2.02538
14.25 8.66215 2.01857
14.3 8.59751 2.01189
14.35 8.53294 2.00532
14.4 8.46846 1.99889
14.45 8.40407 1.99258
14.5 8.33979 1.98639
14.55 8.27561 1.98033
14.6 8.21155 1.97439
14.65 8.14762 1.96859
14.7 8.08382 1.96291
14.75 8.02016 1.95736
14.8 7.95665 1.95194
14.85 7.8933 1.94665
14.9 7.83011 1.94149
14.95 7.76709 1.93646
15 7.70425 1.93156
15.05 7.64159 1.92679
15.1 7.57913 1.92216
15.15 7.51687 1.91765
15.2 7.45482 1.91328
15.25 7.39298 1.90904
15.3 7.33136 1.90493
15.35 7.26997 1.90095
15.4 7.20882 1.89711
15.45 7.1479 1.8934
15.5 7.08723 1.88982
15.55 7.02682 1.88637
15.6 6.96667 1.88306
15.65 6.90678 1.87987
15.7 6.84717 1.87682
15.75 6.78783 1.8739
15.8 6.72878 1.87111
15.85 6.67002 1.86846
15.9 6.61155 1.86593
15.95 6.55339 1.86354
16 6.49553 1.86127
16.05 6.43799 1.85914
16.1 6.38076 1.85713
16.15 6.32385 1.85525
16.2 6.26727 1.8535
16.25 6.21103 1.85188
16.3 6.15512 1.85038
16.35 6.09955 1.84901
16.4 6.04433 1.84777
16.45 5.98946 1.84665
16.5 5.93494 1.84566
16.55 5.88078 1.84479
16.6 5.82699 1.84404
16.65 5.77356 1.84341
16.7 5.72051 1.8429
16.75 5.66783 1.84251
16.8 5.61552 1.84225
16.85 5.5636 1.84209
16.9 5.51207 1.84206
16.95 5.46092 1.84214
17 5.41017 1.84234
17.05 5.35981 1.84265
17.1 5.30984 1.84307
17.15 5.26028 1.8436
17.2 5.21112 1.84424
17.25 5.16237 1.84499
17.3 5.11402 1.84584
17.35 5.06608 1.84681
17.4 5.01856 1.84787
17.45 4.97145 1.84904
17.5 4.92476 1.85031
17.55 4.87848 1.85168
17.6 4.83263 1.85315
17.65 4.78719 1.85472
17.7 4.74218 1.85638
17.75 4.69759 1.85813
17.8 4.65343 1.85998
17.85 4.6097 1.86192
17.9 4.56639 1.86395
17.95 4.52351 1.86606
18 4.48106 1.86826
18.05 4.43904 1.87054
18.1 4.39745 1.87291
18.15 4.35629 1.87535
18.2 4.31557 1.87788
18.25 4.27527 1.88048
18.3 4.23541 1.88315
18.35 4.19597 1.8859
18.4 4.15697 1.88872
18.45 4.1184 1.8916
18.5 4.08026 1.89456
18.55 4.04255 1.89758
18.6 4.00527 1.90066
18.65 3.96842 1.90381
18.7 3.93199 1.90701
18.75 3.896 1.91027
18.8 3.86043 1.91358
18.85 3.82528 1.91695
18.9 3.79056 1.92037
18.95 3.75627 1.92384
19 3.72239 1.92736
19.05 3.68894 1.93091
19.1 3.6559 1.93452
19.15 3.62328 1.93816
19.2 3.59107 1.94184
19.25 3.55928 1.94556
19.3 3.5279 1.94931
19.35 3.49693 1.95309
19.4 3.46637 1.9569
19.45 3.43621 1.96074
19.5 3.40645 1.9646
19.55 3.3771 1.96849
19.6 3.34814 1.9724
19.65 3.31958 1.97633
19.7 3.29141 1.98027
19.75 3.26363 1.98423
19.8 3.23624 1.98819
19.85 3.20923 1.99217
19.9 3.18261 1.99616
19.95 3.15637 2.00015
20 3.1305 2.00414
20.05 3.105 2.00814
20.1 3.07988 2.01213
20.15 3.05512 2.01612
20.2 3.03072 2.0201
20.25 3.00668 2.02407
20.3 2.983 2.02804
20.35 2.95968 2.03199
20.4 2.9367 2.03592
20.45 2.91407 2.03984
20.5 2.89178 2.04374
20.55 2.86983 2.04762
20.6 2.84822 2.05148
20.65 2.82694 2.0553
20.7 2.80598 2.0591
20.75 2.78535 2.06287
20.8 2.76504 2.06661
20.85 2.74505 2.07031
20.9 2.72536 2.07398
20.95 2.70599 2.07761
21 2.68692 2.08119
21.05 2.66814 2.08474
21.1 2.64967 2.08823
21.15 2.63149 2.09169
21.2 2.61359 2.09509
21.25 2.59598 2.09844
21.3 2.57864 2.10174
21.35 2.56159 2.10498
21.4 2.5448 2.10816
21.45 2.52828 2.11129
21.5 2.51202 2.11435
21.55 2.49602 2.11735
21.6 2.48027 2.12029
21.65 2.46477 2.12316
21.7 2.44952 2.12596
21.75 2.4345 2.12869
21.8 2.41973 2.13135
21.85 2.40518 2.13393
21.9 2.39086 2.13644
21.95 2.37677 2.13887
22 2.36289 2.14122
22.05 2.34923 2.14349
22.1 2.33578 2.14567
22.15 2.32253 2.14777
22.2 2.30948 2.14979
22.25 2.29664 2.15171
22.3 2.28398 2.15355
22.35 2.27151 2.1553
22.4 2.25923 2.15695
22.45 2.24712 2.15851
22.5 2.23519 2.15998
22.55 2.22343 2.16135
22.6 2.21184 2.16261
22.65 2.20041 2.16378
22.7 2.18914 2.16485
22.75 2.17802 2.16582
22.8 2.16705 2.16668
22.85 2.15622 2.16744
22.9 2.14554 2.16809
22.95 2.135 2.16863
23 2.12458 2.16907
23.05 2.1143 2.16939
23.1 2.10414 2.16961
23.15 2.0941 2.16971
23.2 2.08418 2.1697
23.25 2.07437 2.16957
23.3 2.06467 2.16933
23.35 2.05507 2.16898
23.4 2.04558 2.16851
23.45 2.03618 2.16791
23.5 2.02688 2.16721
23.55 2.01767 2.16638
23.6 2.00854 2.16543
23.65 1.9995 2.16436
23.7 1.99053 2.16317
23.75 1.98164 2.16185
23.8 1.97282 2.16042
23.85 1.96407 2.15886
23.9 1.95538 2.15717
23.95 1.94676 2.15536
24 1.93819 2.15343
24.05 1.92968 2.15137
24.1 1.92122 2.14918
24.15 1.9128 2.14687
24.2 1.90444 2.14443
24.25 1.89611 2.14186
24.3 1.88782 2.13916
24.35 1.87957 2.13634
24.4 1.87135 2.13339
24.45 1.86316 2.13031
24.5 1.855 2.12711
24.55 1.84687 2.12377
24.6 1.83875 2.1203
24.65 1.83065 2.11671
24.7 1.82257 2.11299
24.75 1.81451 2.10914
24.8 1.80645 2.10516
24.85 1.7984 2.10105
24.9 1.79036 2.09682
24.95 1.78232 2.09245
25 1.77429 2.08796
25.05 1.76625 2.08334
25.1 1.75821 2.07859
25.15 1.75017 2.07372
25.2 1.74212 2.06872
25.25 1.73406 2.06359
25.3 1.72598 2.05833
25.35 1.7179 2.05295
25.4 1.7098 2.04745
25.45 1.70168 2.04182
25.5 1.69355 2.03606
25.55 1.68539 2.03018
25.6 1.67722 2.02418
25.65 1.66902 2.01806
25.7 1.6608 2.01181
25.75 1.65255 2.00544
25.8 1.64427 1.99895
25.85 1.63596 1.99234
25.9 1.62763 1.98562
25.95 1.61926 1.97877
26 1.61086 1.97181
26.05 1.60243 1.96473
26.1 1.59396 1.95753
26.15 1.58546 1.95022
26.2 1.57692 1.9428
26.25 1.56834 1.93526
26.3 1.55973 1.92761
26.35 1.55107 1.91985
26.4 1.54238 1.91198
26.45 1.53365 1.90401
26.5 1.52488 1.89592
26.55 1.51606 1.88773
26.6 1.5072 1.87943
26.65 1.49831 1.87103
26.7 1.48936 1.86252
26.75 1.48038 1.85391
26.8 1.47135 1.84521
26.85 1.46228 1.8364
26.9 1.45317 1.82749
26.95 1.44401 1.81849
27 1.43481 1.80939
27.05 1.42557 1.8002
27.1 1.41628 1.79092
27.15 1.40695 1.78154
27.2 1.39757 1.77208
27.25 1.38815 1.76252
27.3 1.37869 1.75288
27.35 1.36918 1.74316
27.4 1.35964 1.73335
27.45 1.35005 1.72345
27.5 1.34042 1.71348
27.55 1.33074 1.70342
27.6 1.32103 1.69329
27.65 1.31128 1.68308
27.7 1.30148 1.6728
27.75 1.29165 1.66244
27.8 1.28178 1.65201
27.85 1.27187 1.64152
27.9 1.26192 1.63095
27.95 1.25194 1.62032
28 1.24192 1.60962
28.05 1.23186 1.59885
28.1 1.22178 1.58803
28.15 1.21166 1.57714
28.2 1.2015 1.5662
28.25 1.19132 1.5552
28.3 1.1811 1.54415
28.35 1.17086 1.53304
28.4 1.16058 1.52188
28.45 1.15028 1.51067
28.5 1.13996 1.49941
28.55 1.12961 1.4881
28.6 1.11923 1.47676
28.65 1.10883 1.46536
28.7 1.09841 1.45393
28.75 1.08797 1.44246
28.8 1.07751 1.43095
28.85 1.06704 1.4194
28.9 1.05654 1.40782
28.95 1.04603 1.3962
29 1.03551 1.38456
29.05 1.02497 1.37289
29.1 1.01443 1.36119
29.15 1.00387 1.34946
29.2 0.993302 1.33771
29.25 0.982729 1.32594
29.3 0.972149 1.31415
29.35 0.961565 1.30234
29.4 0.950978 1.29052
29.45 0.94039 1.27868
29.5 0.929801 1.26682
29.55 0.919214 1.25496
29.6 0.908629 1.24308
29.65 0.898048 1.2312
29.7 0.887474 1.21931
29.75 0.876906 1.20742
29.8 0.866347 1.19553
29.85 0.855798 1.18363
29.9 0.84526 1.17174
29.95 0.834736 1.15984
30 0.824226 1.14795
30.05 0.813733 1.13607
30.1 0.803257 1.1242
30.15 0.7928 1.11233
30.2 0.782364 1.10047
30.25 0.771949 1.08863
30.3 0.761559 1.0768
30.35 0.751193 1.06499
30.4 0.740854 1.05319
30.45 0.730542 1.04141
30.5 0.720261 1.02966
30.55 0.71001 1.01792
30.6 0.699791 1.00621
30.65 0.689606 0.994525
30.7 0.679457 0.982866
30.75 0.669344 0.971234
30.8 0.65927 0.959633
30.85 0.649234 0.948062
30.9 0.63924 0.936524
30.95 0.629288 0.92502
31 0.61938 0.913551
31.05 0.609516 0.902119
31.1 0.599699 0.890726
31.15 0.58993 0.879372
31.2 0.58021 0.868059
31.25 0.57054 0.856789
31.3 0.560922 0.845562
31.35 0.551356 0.834381
31.4 0.541845 0.823246
31.45 0.532389 0.812158
31.5 0.522989 0.801119
31.55 0.513647 0.790131
31.6 0.504365 0.779193
31.65 0.495142 0.768309
31.7 0.485981 0.757478
31.75 0.476881 0.746702
31.8 0.467846 0.735982
31.85 0.458875 0.725319
31.9 0.449969 0.714715
31.95 0.441131 0.70417
32 0.43236 0.693685
32.05 0.423657 0.683262
32.1 0.415024 0.672901
32.15 0.406462 0.662604
32.2 0.397971 0.652371
32.25 0.389553 0.642204
32.3 0.381208 0.632104
32.35 0.372937 0.62207
32.4 0.364741 0.612105
32.45 0.356621 0.602209
32.5 0.348577 0.592382
32.55 0.340611 0.582627
32.6 0.332723 0.572943
32.65 0.324913 0.563332
32.7 0.317183 0.553793
32.75 0.309533 0.544329
32.8 0.301964 0.534939
32.85 0.294476 0.525624
32.9 0.28707 0.516386
32.95 0.279746 0.507224
33 0.272505 0.498139
33.05 0.265348 0.489132
33.1 0.258275 0.480204
33.15 0.251286 0.471355
33.2 0.244382 0.462585
33.25 0.237563 0.453895
33.3 0.23083 0.445286
33.35 0.224182 0.436758
33.4 0.217621 0.428312
33.45 0.211147 0.419947
33.5 0.204759 0.411665
33.55 0.198458 0.403466
33.6 0.192245 0.395349
33.65 0.186119 0.387317
33.7 0.18008 0.379368
33.75 0.174129 0.371503
33.8 0.168267 0.363722
33.85 0.162492 0.356026
33.9 0.156805 0.348415
33.95 0.151206 0.34089
34 0.145695 0.333449
34.05 0.140272 0.326094
34.1 0.134937 0.318825
34.15 0.12969 0.311641
34.2 0.124531 0.304543
34.25 0.119459 0.297531
34.3 0.114475 0.290606
34.35 0.109579 0.283766
34.4 0.104769 0.277012
34.45 0.100047 0.270345
34.5 0.0954114 0.263764
34.55 0.0908624 0.257269
34.6 0.0863996 0.25086
34.65 0.0820228 0.244537
34.7 0.0777316 0.238299
34.75 0.0735258 0.232148
34.8 0.0694048 0.226083
34.85 0.0653684 0.220102
34.9 0.0614161 0.214208
34.95 0.0575476 0.208398
35 0.0537623 0.202674
35.05 0.0500598 0.197035
35.1 0.0464397 0.19148
35.15 0.0429013 0.186009
35.2 0.0394443 0.180623
35.25 0.0360681 0.17532
35.3 0.032772 0.170101
35.35 0.0295556 0.164965
35.4 0.0264182 0.159912
35.45 0.0233592 0.154942
35.5 0.0203781 0.150054
35.55 0.0174741 0.145247
35.6 0.0146466 0.140522
35.65 0.0118949 0.135879
35.7 0.00921844 0.131315
35.75 0.00661637 0.126833
35.8 0.00408804 0.122429
35.85 0.0016327 0.118106
35.9 -0.000750375 0.113861
35.95 -0.00306195 0.109694
36 -0.0053028 0.105605
36.05 -0.00747369 0.101594
36.1 -0.00957542 0.0976594
36.15 -0.0116088 0.0938013
36.2 -0.0135746 0.0900189
36.25 -0.0154737 0.0863118
36.3 -0.017307 0.0826793
36.35 -0.0190751 0.079121
36.4 -0.0207791 0.0756362
36.45 -0.0224198 0.0722243
36.5 -0.023998 0.0688847
36.55 -0.0255146 0.0656169
36.6 -0.0269706 0.0624201
36.65 -0.0283667 0.0592938
36.7 -0.0297039 0.0562373
36.75 -0.0309832 0.0532499
36.8 -0.0322053 0.0503311
36.85 -0.0333713 0.0474801
36.9 -0.034482 0.0446963
36.95 -0.0355384 0.041979
37 -0.0365414 0.0393275
37.05 -0.0374919 0.0367411
37.1 -0.0383909 0.0342191
37.15 -0.0392393 0.0317608
37.2 -0.0400381 0.0293656
37.25 -0.0407882 0.0270326
37.3 -0.0414905 0.0247612
37.35 -0.042146 0.0225506
37.4 -0.0427557 0.0204001
37.45 -0.0433205 0.018309
37.5 -0.0438413 0.0162764
37.55 -0.0443191 0.0143018
37.6 -0.0447548 0.0123843
37.65 -0.0451494 0.0105232
37.7 -0.0455039 0.00871772
37.75 -0.0458191 0.0069671
37.8 -0.0460961 0.00527059
37.85 -0.0463357 0.00362742
37.9 -0.0465389 0.00203683
37.95 -0.0467066 0.000498063
38 -0.0468398 -0.000989659
38.05 -0.0469394 -0.0024271
38.1 -0.0470063 -0.00381503
38.15 -0.0470415 -0.00515423
38.2 -0.0470457 -0.00644546
38.25 -0.0470201 -0.00768948
38.3 -0.0469654 -0.00888709
38.35 -0.0468825 -0.010039
38.4 -0.0467724 -0.0111461
38.45 -0.046636 -0.0122091
38.5 -0.046474 -0.0132287
38.55 -0.0462875 -0.0142057
38.6 -0.0460771 -0.0151409
38.65 -0.0458439 -0.0160351
38.7 -0.0455887 -0.016889
38.75 -0.0453123 -0.0177034
38.8 -0.0450155 -0.018479
38.85 -0.0446991 -0.0192166
38.9 -0.0443641 -0.019917
38.95 -0.0440111 -0.0205809
39 -0.0436411 -0.021209
39.05 -0.0432547 -0.0218021
39.1 -0.0428528 -0.0223609
39.15 -0.0424361 -0.0228863
39.2 -0.0420054 -0.0233788
39.25 -0.0415615 -0.0238392
39.3 -0.0411051 -0.0242684
39.35 -0.0406369 -0.0246669
39.4 -0.0401576 -0.0250355
39.45 -0.039668 -0.0253749
39.5 -0.0391687 -0.0256858
39.55 -0.0386605 -0.025969
39.6 -0.038144 -0.0262251
39.65 -0.0376199 -0.0264548
39.7 -0.0370889 -0.0266588
39.75 -0.0365515 -0.0268377
39.8 -0.0360084 -0.0269923
39.85 -0.0354603 -0.0271233
39.9 -0.0349078 -0.0272312
39.95 -0.0343513 -0.0273168
40 -0.0337916 -0.0273806
40.05 -0.0332292 -0.0274234
40.1 -0.0326646 -0.0274458
40.15 -0.0320985 -0.0274484
40.2 -0.0315313 -0.0274318
40.25 -0.0309635 -0.0273967
40.3 -0.0303958 -0.0273436
40.35 -0.0298285 -0.0272731
40.4 -0.0292621 -0.027186
40.45 -0.0286972 -0.0270826
40.5 -0.0281342 -0.0269637
40.55 -0.0275735 -0.0268298
40.6 -0.0270156 -0.0266815
40.65 -0.0264609 -0.0265193
40.7 -0.0259098 -0.0263437
40.75 -0.0253627 -0.0261554
40.8 -0.02482 -0.0259549
40.85 -0.0242821 -0.0257426
40.9 -0.0237492 -0.0255191
40.95 -0.0232219 -0.025285
41 -0.0227004 -0.0250407
41.05 -0.022185 -0.0247867
41.1 -0.0216761 -0.0245235
41.15 -0.0211739 -0.0242516
41.2 -0.0206787 -0.0239714
41.25 -0.0201908 -0.0236835
41.3 -0.0197105 -0.0233882
41.35 -0.019238 -0.0230861
41.4 -0.0187736 -0.0227775
41.45 -0.0183175 -0.0224629
41.5 -0.0178699 -0.0221427
41.55 -0.0174309 -0.0218174
41.6 -0.0170009 -0.0214873
41.65 -0.0165799 -0.0211528
41.7 -0.0161682 -0.0208143
41.75 -0.0157659 -0.0204723
41.8 -0.0153731 -0.020127
41.85 -0.0149901 -0.0197788
41.9 -0.0146168 -0.0194282
41.95 -0.0142535 -0.0190754
42 -0.0139002 -0.0187207
42.05 -0.013557 -0.0183646
42.1 -0.0132241 -0.0180073
42.15 -0.0129014 -0.0176491
42.2 -0.012589 -0.0172904
42.25 -0.0122871 -0.0169315
42.3 -0.0119956 -0.0165726
42.35 -0.0117146 -0.016214
42.4 -0.0114441 -0.015856
42.45 -0.0111841 -0.0154989
42.5 -0.0109346 -0.0151429
42.55 -0.0106957 -0.0147882
42.6 -0.0104673 -0.0144352
42.65 -0.0102493 -0.0140841
42.7 -0.0100418 -0.013735
42.75 -0.00984479 -0.0133881
42.8 -0.00965813 -0.0130438
42.85 -0.0094818 -0.0127023
42.9 -0.00931574 -0.0123636
42.95 -0.00915988 -0.012028
43 -0.00901416 -0.0116957
43.05 -0.00887849 -0.0113668
43.1 -0.00875278 -0.0110416
43.15 -0.00863693 -0.0107201
43.2 -0.00853085 -0.0104026
43.25 -0.00843443 -0.0100891
43.3 -0.00834755 -0.0097799
43.35 -0.00827009 -0.00947502
43.4 -0.00820193 -0.00917462
43.45 -0.00814293 -0.00887881
43.5 -0.00809296 -0.00858771
43.55 -0.00805187 -0.00830143
43.6 -0.00801953 -0.00802007
43.65 -0.00799577 -0.00774371
43.7 -0.00798044 -0.00747245
43.75 -0.00797338 -0.00720636
43.8 -0.00797443 -0.00694553
43.85 -0.00798341 -0.00669003
43.9 -0.00800015 -0.00643991
43.95 -0.00802447 -0.00619523
44 -0.0080562 -0.00595605
44.05 -0.00809515 -0.00572241
44.1 -0.00814114 -0.00549436
44.15 -0.00819396 -0.00527193
44.2 -0.00825344 -0.00505515
44.25 -0.00831938 -0.00484405
44.3 -0.00839158 -0.00463865
44.35 -0.00846984 -0.00443896
44.4 -0.00855396 -0.00424499
44.45 -0.00864373 -0.00405676
44.5 -0.00873896 -0.00387426
44.55 -0.00883943 -0.00369749
44.6 -0.00894494 -0.00352644
44.65 -0.00905527 -0.00336111
44.7 -0.00917023 -0.00320147
44.75 -0.00928959 -0.00304751
44.8 -0.00941315 -0.00289921
44.85 -0.0095407 -0.00275653
44.9 -0.00967203 -0.00261944
44.95 -0.00980692 -0.00248791
45 -0.00994515 -0.00236191
45.05 -0.0100865 -0.00224138
45.1 -0.0102308 -0.00212629
45.15 -0.0103779 -0.00201659
45.2 -0.0105274 -0.00191222
45.25 -0.0106792 -0.00181313
45.3 -0.0108332 -0.00171926
45.35 -0.010989 -0.00163056
45.4 -0.0111464 -0.00154695
45.45 -0.0113054 -0.00146838
45.5 -0.0114656 -0.00139478
45.55 -0.0116269 -0.00132607
45.6 -0.0117891 -0.00126219
45.65 -0.0119519 -0.00120305
45.7 -0.0121152 -0.00114858
45.75 -0.0122788 -0.00109871
45.8 -0.0124425 -0.00105335
45.85 -0.0126061 -0.00101241
45.9 -0.0127694 -0.00097582
45.95 -0.0129323 -0.000943488
46 -0.0130944 -0.000915325
46.05 -0.0132558 -0.000891244
46.1 -0.0134161 -0.000871154
46.15 -0.0135753 -0.000854964
46.2 -0.0137331 -0.00084258
46.25 -0.0138895 -0.000833909
46.3 -0.0140441 -0.000828857
46.35 -0.0141969 -0.000827327
46.4 -0.0143477 -0.000829223
46.45 -0.0144964 -0.000834448
46.5 -0.0146427 -0.000842903
46.55 -0.0147866 -0.000854492
46.6 -0.014928 -0.000869115
46.65 -0.0150666 -0.000886672
46.7 -0.0152023 -0.000907064
46.75 -0.0153351 -0.000930192
46.8 -0.0154647 -0.000955956
46.85 -0.0155911 -0.000984254
46.9 -0.0157141 -0.00101499
46.95 -0.0158337 -0.00104806
47 -0.0159497 -0.00108336
47.05 -0.0160619 -0.00112081
47.1 -0.0161704 -0.00116028
47.15 -0.016275 -0.0012017
47.2 -0.0163755 -0.00124495
47.25 -0.016472 -0.00128995
47.3 -0.0165644 -0.00133659
47.35 -0.0166524 -0.00138478
47.4 -0.0167362 -0.00143441
47.45 -0.0168155 -0.0014854
47.5 -0.0168903 -0.00153765
47.55 -0.0169607 -0.00159106
47.6 -0.0170264 -0.00164555
47.65 -0.0170874 -0.00170102
47.7 -0.0171437 -0.00175737
47.75 -0.0171953 -0.00181452
47.8 -0.0172421 -0.00187238
47.85 -0.017284 -0.00193086
47.9 -0.017321 -0.00198988
47.95 -0.0173531 -0.00204934
48 -0.0173803 -0.00210916
48.05 -0.0174025 -0.00216927
48.1 -0.0174197 -0.00222957
48.15 -0.017432 -0.00228999
48.2 -0.0174392 -0.00235045
48.25 -0.0174413 -0.00241087
48.3 -0.0174385 -0.00247117
48.35 -0.0174306 -0.00253128
48.4 -0.0174177 -0.00259112
48.45 -0.0173998 -0.00265063
48.5 -0.0173769 -0.00270973
48.55 -0.017349 -0.00276836
48.6 -0.0173162 -0.00282644
48.65 -0.0172784 -0.00288391
48.7 -0.0172357 -0.00294071
48.75 -0.0171881 -0.00299678
48.8 -0.0171356 -0.00305206
48.85 -0.0170783 -0.00310648
48.9 -0.0170163 -0.00315999
48.95 -0.0169495 -0.00321253
49 -0.016878 -0.00326405
49.05 -0.0168019 -0.00331451
49.1 -0.0167212 -0.00336384
49.15 -0.016636 -0.003412
49.2 -0.0165463 -0.00345894
49.25 -0.0164522 -0.00350463
49.3 -0.0163537 -0.00354901
49.35 -0.016251 -0.00359204
49.4 -0.0161441 -0.00363369
49.45 -0.016033 -0.00367392
49.5 -0.0159179 -0.00371269
49.55 -0.0157988 -0.00374997
49.6 -0.0156757 -0.00378573
49.65 -0.0155489 -0.00381993
49.7 -0.0154183 -0.00385254
49.75 -0.0152841 -0.00388355
49.8 -0.0151463 -0.00391292
49.85 -0.0150051 -0.00394063
49.9 -0.0148604 -0.00396666
49.95 -0.0147125 -0.00399099
50 -0.0145614 -0.0040136
