-0.498 -0.000136885 8.20781e-06
-0.496 -0.000560551 1.89942e-05
-0.494 -0.0012918 1.00599e-05
-0.492 -0.00235313 -4.28644e-05
-0.49 -0.00376869 -0.000165896
-0.488 -0.00556425 -0.000386867
-0.486 -0.00776715 -0.000735168
-0.484 -0.0104062 -0.0012416
-0.482 -0.0135116 -0.00193817
-0.48 -0.0171148 -0.00285793
-0.478 -0.0212488 -0.00403479
-0.476 -0.0259471 -0.00550325
-0.474 -0.0312448 -0.00729824
-0.472 -0.0371775 -0.00945486
-0.47 -0.0437815 -0.0120081
-0.468 -0.0510939 -0.0149928
-0.466 -0.0591518 -0.0184429
-0.464 -0.067993 -0.022392
-0.462 -0.077655 -0.0268722
-0.46 -0.0881753 -0.0319144
-0.458 -0.0995911 -0.0375479
-0.456 -0.111939 -0.0438001
-0.454 -0.125255 -0.0506964
-0.452 -0.139575 -0.0582595
-0.45 -0.154931 -0.0665097
-0.448 -0.171358 -0.0754642
-0.446 -0.188885 -0.0851371
-0.444 -0.207543 -0.0955393
-0.442 -0.227359 -0.106678
-0.44 -0.248359 -0.118555
-0.438 -0.270565 -0.131172
-0.436 -0.293998 -0.144522
-0.434 -0.318677 -0.158596
-0.432 -0.344616 -0.17338
-0.43 -0.371828 -0.188856
-0.428 -0.400321 -0.204999
-0.426 -0.4301 -0.221782
-0.424 -0.461169 -0.239171
-0.422 -0.493525 -0.257126
-0.42 -0.527163 -0.275606
-0.418 -0.562074 -0.29456
-0.416 -0.598246 -0.313935
-0.414 -0.63566 -0.333672
-0.412 -0.674295 -0.353708
-0.41 -0.714128 -0.373973
-0.408 -0.755127 -0.394395
-0.406 -0.79726 -0.414894
-0.404 -0.840489 -0.435389
-0.402 -0.884772 -0.455792
-0.4 -0.930063 -0.476014
-0.398 -0.976311 -0.495959
-0.396 -1.02346 -0.51553
-0.394 -1.07146 -0.534625
-0.392 -1.12024 -0.55314
-0.39 -1.16974 -0.570969
-0.388 -1.21989 -0.588003
-0.386 -1.27062 -0.604133
-0.384 -1.32185 -0.619245
-0.382 -1.3735 -0.633228
-0.38 -1.42549 -0.645969
-0.378 -1.47773 -0.657354
-0.376 -1.53015 -0.667271
-0.374 -1.58264 -0.675609
-0.372 -1.63513 -0.682257
-0.37 -1.68751 -0.687107
-0.368 -1.73969 -0.690055
-0.366 -1.79157 -0.690997
-0.364 -1.84307 -0.689835
-0.362 -1.89408 -0.686474
-0.36 -1.9445 -0.680823
-0.358 -1.99425 -0.672798
-0.356 -2.04321 -0.66232
-0.354 -2.0913 -0.649314
-0.352 -2.13841 -0.633715
-0.35 -2.18446 -0.615463
-0.348 -2.22935 -0.594507
-0.346 -2.273 -0.570803
-0.344 -2.3153 -0.544316
-0.342 -2.35617 -0.515019
-0.34 -2.39554 -0.482897
-0.338 -2.43332 -0.447942
-0.336 -2.46943 -0.410157
-0.334 -2.50379 -0.369555
-0.332 -2.53635 -0.326161
-0.33 -2.56703 -0.280009
-0.328 -2.59577 -0.231147
-0.326 -2.62251 -0.17963
-0.324 -2.6472 -0.125528
-0.322 -2.6698 -0.0689211
-0.32 -2.69025 -0.00990128
-0.318 -2.70853 0.0514283
-0.316 -2.7246 0.114953
-0.314 -2.73844 0.180545
-0.312 -2.75002 0.248069
-0.31 -2.75933 0.317375
-0.308 -2.76636 0.388304
-0.306 -2.77111 0.460686
-0.304 -2.77358 0.53434
-0.302 -2.77377 0.609076
-0.3 -2.77171 0.684695
-0.298 -2.7674 0.760988
-0.296 -2.76088 0.837739
-0.294 -2.75217 0.914722
-0.292 -2.74132 0.991706
-0.29 -2.72835 1.06845
-0.288 -2.71331 1.14472
-0.286 -2.69626 1.22025
-0.284 -2.67724 1.2948
-0.282 -2.65632 1.3681
-0.28 -2.63356 1.4399
-0.278 -2.60901 1.50994
-0.276 -2.58275 1.57796
-0.274 -2.55485 1.64369
-0.272 -2.52538 1.70686
-0.27 -2.49441 1.76724
-0.268 -2.46201 1.82454
-0.266 -2.42827 1.87853
-0.264 -2.39326 1.92896
-0.262 -2.35705 1.97559
-0.26 -2.31972 2.01818
-0.258 -2.28134 2.05651
-0.256 -2.24199 2.09036
-0.254 -2.20172 2.11953
-0.252 -2.16062 2.14381
-0.25 -2.11874 2.16304
-0.248 -2.07614 2.17703
-0.246 -2.03288 2.18563
-0.244 -1.98901 2.1887
-0.242 -1.94456 2.18611
-0.24 -1.89959 2.17776
-0.238 -1.85411 2.16354
-0.236 -1.80816 2.14339
-0.234 -1.76176 2.11724
-0.232 -1.7149 2.08507
-0.23 -1.6676 2.04684
-0.228 -1.61985 2.00256
-0.226 -1.57162 1.95225
-0.224 -1.52291 1.89596
-0.222 -1.47366 1.83375
-0.22 -1.42384 1.76569
-0.218 -1.3734 1.6919
-0.216 -1.32226 1.6125
-0.214 -1.27036 1.52765
-0.212 -1.21761 1.4375
-0.21 -1.16392 1.34225
-0.208 -1.10918 1.2421
-0.206 -1.05327 1.1373
-0.204 -0.996085 1.02809
-0.202 -0.937474 0.914742
-0.2 -0.877299 0.797545
-0.198 -0.815407 0.676806
-0.196 -0.751637 0.552853
-0.194 -0.685818 0.426028
-0.192 -0.617772 0.296689
-0.19 -0.547313 0.165212
-0.188 -0.47425 0.031984
-0.186 -0.398383 -0.102593
-0.184 -0.319507 -0.238105
-0.182 -0.237412 -0.374128
-0.18 -0.151883 -0.510226
-0.178 -0.0627021 -0.645956
-0.176 0.0303523 -0.780868
-0.174 0.127504 -0.914505
-0.172 0.228977 -1.04641
-0.17 0.334998 -1.17611
-0.168 0.445791 -1.30314
-0.166 0.561581 -1.42704
-0.164 0.68259 -1.54734
-0.162 0.809036 -1.66357
-0.16 0.941134 -1.77529
-0.158 1.07909 -1.88203
-0.156 1.22312 -1.98335
-0.154 1.37341 -2.0788
-0.152 1.53016 -2.16797
-0.15 1.69354 -2.25043
-0.148 1.86373 -2.32577
-0.146 2.04089 -2.39362
-0.144 2.22517 -2.45359
-0.142 2.41671 -2.50532
-0.14 2.61564 -2.54848
-0.138 2.82208 -2.58274
-0.136 3.03611 -2.6078
-0.134 3.25784 -2.62339
-0.132 3.48732 -2.62924
-0.13 3.72461 -2.62511
-0.128 3.96975 -2.61081
-0.126 4.22277 -2.58615
-0.124 4.48367 -2.55096
-0.122 4.75244 -2.50512
-0.12 5.02904 -2.44852
-0.118 5.31344 -2.38109
-0.116 5.60557 -2.30277
-0.114 5.90534 -2.21354
-0.112 6.21265 -2.11341
-0.11 6.52739 -2.00242
-0.108 6.84942 -1.88063
-0.106 7.17859 -1.74815
-0.104 7.51473 -1.60508
-0.102 7.85764 -1.45158
-0.1 8.20713 -1.28784
-0.098 8.56296 -1.11406
-0.096 8.92491 -0.930478
-0.094 9.29272 -0.737357
-0.092 9.66611 -0.534988
-0.09 10.0448 -0.323687
-0.088 10.4285 -0.103795
-0.086 10.8169 0.124322
-0.084 11.2096 0.360274
-0.082 11.6064 0.603649
-0.08 12.0068 0.854012
-0.078 12.4105 1.11091
-0.076 12.8171 1.37386
-0.074 13.2262 1.64238
-0.072 13.6374 1.91595
-0.07 14.0504 2.19404
-0.068 14.4646 2.47612
-0.066 14.8797 2.76162
-0.064 15.2951 3.04997
-0.062 15.7105 3.34059
-0.06 16.1254 3.63289
-0.058 16.5393 3.92627
-0.056 16.9517 4.22012
-0.054 17.3622 4.51383
-0.052 17.7702 4.80677
-0.05 18.1753 5.09833
-0.048 18.5768 5.38788
-0.046 18.9744 5.6748
-0.044 19.3675 5.95845
-0.042 19.7556 6.23823
-0.04 20.138 6.5135
-0.038 20.5144 6.78367
-0.036 20.8841 7.04812
-0.034 21.2466 7.30626
-0.032 21.6013 7.5575
-0.03 21.9478 7.80126
-0.028 22.2854 8.03698
-0.026 22.6135 8.26412
-0.024 22.9317 8.48213
-0.022 23.2394 8.6905
-0.02 23.536 8.88874
-0.018 23.821 9.07637
-0.016 24.0939 9.25293
-0.014 24.3541 9.418
-0.012 24.6011 9.57116
-0.01 24.8344 9.71203
-0.008 25.0535 9.84026
-0.006 25.2579 9.95553
-0.004 25.4472 10.0575
-0.002 25.6209 10.146
0 25.7785 10.2208
0.002 25.9199 10.2815
0.004 26.0444 10.3281
0.006 26.1518 10.3605
0.008 26.2416 10.3785
0.01 26.3136 10.3821
0.012 26.3676 10.3713
0.014 26.4032 10.3461
0.016 26.4202 10.3065
0.018 26.4186 10.2526
0.02 26.398 10.1846
0.022 26.3585 10.1027
0.024 26.3 10.007
0.026 26.2224 9.89769
0.028 26.1258 9.77516
0.03 26.0102 9.63967
0.032 25.8756 9.49157
0.034 25.7223 9.33123
0.036 25.5503 9.15907
0.038 25.3599 8.97551
0.04 25.1513 8.78103
0.042 24.9248 8.57612
0.044 24.6807 8.3613
0.046 24.4194 8.13712
0.048 24.1412 7.90415
0.05 23.8465 7.66297
0.052 23.5359 7.41419
0.054 23.2097 7.15845
0.056 22.8686 6.89637
0.058 22.5129 6.62862
0.06 22.1433 6.35584
0.062 21.7604 6.07873
0.064 21.3648 5.79794
0.066 20.9571 5.51418
0.068 20.538 5.22811
0.07 20.108 4.94042
0.072 19.668 4.6518
0.074 19.2185 4.36293
0.076 18.7603 4.07446
0.078 18.2941 3.78706
0.08 17.8206 3.5014
0.082 17.3405 3.21809
0.084 16.8546 2.93778
0.086 16.3635 2.66106
0.088 15.868 2.38853
0.09 15.3689 2.12077
0.092 14.8667 1.85831
0.094 14.3623 1.60169
0.096 13.8563 1.35142
0.098 13.3495 1.10798
0.1 12.8424 0.871808
0.102 12.3358 0.643345
0.104 11.8303 0.422984
0.106 11.3266 0.211095
0.108 10.8253 0.00801865
0.11 10.3269 -0.185937
0.112 9.83207 -0.370494
0.114 9.34138 -0.545404
0.116 8.85537 -0.710454
0.118 8.37454 -0.86546
0.12 7.89941 -1.01027
0.122 7.43044 -1.14477
0.124 6.9681 -1.26886
0.126 6.5128 -1.3825
0.128 6.06496 -1.48566
0.13 5.62496 -1.57834
0.132 5.19315 -1.66058
0.134 4.76986 -1.73246
0.136 4.35541 -1.79407
0.138 3.95006 -1.84552
0.14 3.55408 -1.88699
0.142 3.1677 -1.91863
0.144 2.79112 -1.94067
0.146 2.42452 -1.95333
0.148 2.06807 -1.95686
0.15 1.7219 -1.95153
0.152 1.38611 -1.93766
0.154 1.0608 -1.91554
0.156 0.746041 -1.88552
0.158 0.441868 -1.84794
0.16 0.148308 -1.80318
0.162 -0.134636 -1.75162
0.164 -0.406978 -1.69364
0.166 -0.668754 -1.62965
0.168 -0.920016 -1.56008
0.17 -1.16083 -1.48533
0.172 -1.39129 -1.40584
0.174 -1.6115 -1.32205
0.176 -1.82157 -1.23439
0.178 -2.02163 -1.14329
0.18 -2.21183 -1.04921
0.182 -2.39232 -0.952568
0.184 -2.56328 -0.853816
0.186 -2.72488 -0.753381
0.188 -2.87731 -0.651691
0.19 -3.02077 -0.549168
0.192 -3.15546 -0.446224
0.194 -3.2816 -0.343265
0.196 -3.39942 -0.240684
0.198 -3.50913 -0.138866
0.2 -3.61096 -0.0381797
0.202 -3.70516 0.0610155
0.204 -3.79196 0.158376
0.206 -3.87161 0.253575
0.208 -3.94435 0.346297
0.21 -4.01042 0.436248
0.212 -4.07007 0.523147
0.214 -4.12355 0.606734
0.216 -4.17111 0.686764
0.218 -4.21299 0.763014
0.22 -4.24944 0.835277
0.222 -4.2807 0.903366
0.224 -4.30701 0.967115
0.226 -4.32861 1.02638
0.228 -4.34572 1.08102
0.23 -4.35859 1.13094
0.232 -4.36743 1.17605
0.234 -4.37246 1.21627
0.236 -4.37391 1.25156
0.238 -4.37198 1.28188
0.24 -4.36688 1.30723
0.242 -4.3588 1.3276
0.244 -4.34794 1.34302
0.246 -4.33449 1.35353
0.248 -4.31861 1.35918
0.25 -4.30049 1.36005
0.252 -4.28029 1.35623
0.254 -4.25816 1.34781
0.256 -4.23426 1.33492
0.258 -4.20873 1.31769
0.26 -4.18171 1.29626
0.262 -4.15332 1.27077
0.264 -4.12368 1.24141
0.266 -4.0929 1.20834
0.268 -4.0611 1.17174
0.27 -4.02837 1.13182
0.272 -3.99479 1.08877
0.274 -3.96045 1.0428
0.276 -3.92543 0.994114
0.278 -3.8898 0.94294
0.28 -3.85361 0.889496
0.282 -3.81692 0.834007
0.284 -3.77978 0.776698
0.286 -3.74224 0.717799
0.288 -3.70432 0.657537
0.29 -3.66606 0.59614
0.292 -3.62748 0.533836
0.294 -3.5886 0.470849
0.296 -3.54944 0.4074
0.298 -3.51001 0.34371
0.3 -3.47032 0.279992
0.302 -3.43036 0.216455
0.304 -3.39013 0.153304
0.306 -3.34964 0.0907365
0.308 -3.30887 0.0289436
0.31 -3.26782 -0.0318909
0.312 -3.22648 -0.091591
0.314 -3.18483 -0.149989
0.316 -3.14285 -0.206925
0.318 -3.10054 -0.26225
0.32 -3.05789 -0.315822
0.322 -3.01486 -0.367512
0.324 -2.97146 -0.417197
0.326 -2.92766 -0.464767
0.328 -2.88346 -0.510121
0.33 -2.83884 -0.55317
0.332 -2.79379 -0.593833
0.334 -2.7483 -0.632043
0.336 -2.70237 -0.66774
0.338 -2.65598 -0.700876
0.34 -2.60915 -0.731416
0.342 -2.56186 -0.759331
0.344 -2.51412 -0.784605
0.346 -2.46594 -0.807231
0.348 -2.41733 -0.827213
0.35 -2.36829 -0.844563
0.352 -2.31885 -0.859303
0.354 -2.26901 -0.871463
0.356 -2.21881 -0.881084
0.358 -2.16826 -0.888213
0.36 -2.11739 -0.892905
0.362 -2.06623 -0.895223
0.364 -2.01482 -0.895236
0.366 -1.96319 -0.893021
0.368 -1.91137 -0.88866
0.37 -1.85942 -0.88224
0.372 -1.80736 -0.873854
0.374 -1.75526 -0.863598
0.376 -1.70314 -0.851575
0.378 -1.65107 -0.837887
0.38 -1.59909 -0.822644
0.382 -1.54725 -0.805953
0.384 -1.49561 -0.787928
0.386 -1.44422 -0.76868
0.388 -1.39313 -0.748323
0.39 -1.34241 -0.726973
0.392 -1.29209 -0.704742
0.394 -1.24224 -0.681744
0.396 -1.19292 -0.658092
0.398 -1.14417 -0.633896
0.4 -1.09605 -0.609264
0.402 -1.0486 -0.584304
0.404 -1.00189 -0.559118
0.406 -0.955954 -0.533808
0.408 -0.910846 -0.508471
0.41 -0.866608 -0.483199
0.412 -0.823286 -0.458081
0.414 -0.78092 -0.433204
0.416 -0.739549 -0.408647
0.418 -0.699208 -0.384485
0.42 -0.659933 -0.360789
0.422 -0.621753 -0.337625
0.424 -0.584698 -0.315051
0.426 -0.548791 -0.293124
0.428 -0.514056 -0.271893
0.43 -0.480512 -0.251401
0.432 -0.448174 -0.231686
0.434 -0.417056 -0.212781
0.436 -0.387168 -0.194715
0.438 -0.358516 -0.177508
0.44 -0.331104 -0.161178
0.442 -0.304933 -0.145736
0.444 -0.28 -0.131189
0.446 -0.256301 -0.117538
0.448 -0.233826 -0.10478
0.45 -0.212566 -0.0929069
0.452 -0.192505 -0.0819078
0.454 -0.173629 -0.0717662
0.456 -0.155917 -0.0624625
0.458 -0.139349 -0.053973
0.46 -0.123901 -0.0462713
0.462 -0.109548 -0.0393277
0.464 -0.0962611 -0.0331096
0.466 -0.0840119 -0.0275824
0.468 -0.0727688 -0.0227091
0.47 -0.062499 -0.0184508
0.472 -0.0531683 -0.0147675
0.474 -0.0447412 -0.0116175
0.476 -0.0371814 -0.00895858
0.478 -0.0304512 -0.00674778
0.48 -0.0245125 -0.00494185
0.482 -0.0193264 -0.0034976
0.484 -0.0148536 -0.00237209
0.486 -0.0110545 -0.00152299
0.488 -0.00788936 -0.000908768
0.49 -0.00531833 -0.000489034
0.492 -0.00330179 -0.000224719
0.494 -0.00180038 -7.83367e-05
0.496 -0.000775113 -1.41914e-05
0.498 -0.000187578 1.41508e-06
0.05 6.81731 2.09076
0.1 6.81795 2.09081
0.15 6.81901 2.09088
0.2 6.82051 2.09098
0.25 6.82242 2.0911
0.3 6.82477 2.09126
0.35 6.82753 2.09144
0.4 6.83072 2.09166
0.45 6.83433 2.0919
0.5 6.83837 2.09216
0.55 6.84282 2.09246
0.6 6.84769 2.09278
0.65 6.85298 2.09313
0.7 6.85868 2.0935
0.75 6.8648 2.09391
0.8 6.87133 2.09433
0.85 6.87827 2.09479
0.9 6.88561 2.09527
0.95 6.89336 2.09577
1 6.90152 2.0963
1.05 6.91007 2.09685
1.1 6.91902 2.09743
1.15 6.92837 2.09802
1.2 6.9381 2.09865
1.25 6.94823 2.09929
1.3 6.95874 2.09996
1.35 6.96963 2.10064
1.4 6.98091 2.10135
1.45 6.99255 2.10208
1.5 7.00457 2.10283
1.55 7.01696 2.10359
1.6 7.02971 2.10438
1.65 7.04282 2.10518
1.7 7.05628 2.106
1.75 7.0701 2.10683
1.8 7.08426 2.10768
1.85 7.09877 2.10855
1.9 7.11362 2.10943
1.95 7.12879 2.11032
2 7.1443 2.11123
2.05 7.16013 2.11214
2.1 7.17628 2.11307
2.15 7.19275 2.11401
2.2 7.20952 2.11496
2.25 7.22659 2.11592
2.3 7.24397 2.11688
2.35 7.26163 2.11785
2.4 7.27959 2.11883
2.45 7.29782 2.11981
2.5 7.31633 2.1208
2.55 7.33511 2.12179
2.6 7.35415 2.12278
2.65 7.37345 2.12378
2.7 7.39301 2.12478
2.75 7.41281 2.12577
2.8 7.43284 2.12677
2.85 7.45311 2.12776
2.9 7.47361 2.12875
2.95 7.49433 2.12973
3 7.51526 2.13071
3.05 7.5364 2.13169
3.1 7.55774 2.13266
3.15 7.57927 2.13362
3.2 7.60099 2.13457
3.25 7.62289 2.13551
3.3 7.64496 2.13644
3.35 7.66719 2.13736
3.4 7.68959 2.13826
3.45 7.71214 2.13916
3.5 7.73483 2.14003
3.55 7.75766 2.1409
3.6 7.78062 2.14174
3.65 7.80371 2.14257
3.7 7.82691 2.14338
3.75 7.85022 2.14416
3.8 7.87362 2.14493
3.85 7.89713 2.14568
3.9 7.92072 2.1464
3.95 7.94438 2.1471
4 7.96812 2.14777
4.05 7.99192 2.14842
4.1 8.01578 2.14904
4.15 8.03968 2.14964
4.2 8.06363 2.1502
4.25 8.08761 2.15074
4.3 8.11161 2.15125
4.35 8.13563 2.15172
4.4 8.15966 2.15216
4.45 8.1837 2.15257
4.5 8.20773 2.15294
4.55 8.23174 2.15328
4.6 8.25573 2.15359
4.65 8.2797 2.15385
4.7 8.30363 2.15408
4.75 8.32751 2.15427
4.8 8.35135 2.15442
4.85 8.37512 2.15453
4.9 8.39883 2.1546
4.95 8.42246 2.15463
5 8.44601 2.15461
5.05 8.46947 2.15455
5.1 8.49283 2.15445
5.15 8.51608 2.1543
5.2 8.53923 2.1541
5.25 8.56225 2.15386
5.3 8.58514 2.15357
5.35 8.6079 2.15324
5.4 8.63052 2.15285
5.45 8.65299 2.15242
5.5 8.67529 2.15193
5.55 8.69744 2.1514
5.6 8.71941 2.15081
5.65 8.7412 2.15018
5.7 8.7628 2.14949
5.75 8.78421 2.14874
5.8 8.80542 2.14795
5.85 8.82643 2.1471
5.9 8.84721 2.14619
5.95 8.86778 2.14523
6 8.88811 2.14422
6.05 8.90821 2.14315
6.1 8.92807 2.14203
6.15 8.94767 2.14084
6.2 8.96702 2.13961
6.25 8.98611 2.13831
6.3 9.00493 2.13696
6.35 9.02347 2.13555
6.4 9.04173 2.13408
6.45 9.05971 2.13255
6.5 9.07738 2.13097
6.55 9.09476 2.12932
6.6 9.11183 2.12762
6.65 9.12859 2.12586
6.7 9.14503 2.12404
6.75 9.16114 2.12217
6.8 9.17692 2.12023
6.85 9.19237 2.11823
6.9 9.20748 2.11618
6.95 9.22223 2.11406
7 9.23664 2.11189
7.05 9.25069 2.10966
7.1 9.26437 2.10737
7.15 9.27769 2.10502
7.2 9.29063 2.10261
7.25 9.3032 2.10015
7.3 9.31538 2.09763
7.35 9.32717 2.09504
7.4 9.33858 2.09241
7.45 9.34958 2.08971
7.5 9.36018 2.08696
7.55 9.37038 2.08415
7.6 9.38017 2.08128
7.65 9.38954 2.07836
7.7 9.3985 2.07539
7.75 9.40703 2.07235
7.8 9.41513 2.06927
7.85 9.42281 2.06613
7.9 9.43006 2.06294
7.95 9.43686 2.05969
8 9.44323 2.05639
8.05 9.44915 2.05304
8.1 9.45463 2.04964
8.15 9.45966 2.04619
8.2 9.46424 2.04269
8.25 9.46836 2.03914
8.3 9.47202 2.03555
8.35 9.47522 2.0319
8.4 9.47796 2.02821
8.45 9.48023 2.02447
8.5 9.48204 2.02069
8.55 9.48338 2.01687
8.6 9.48424 2.013
8.65 9.48463 2.00909
8.7 9.48455 2.00513
8.75 9.48399 2.00114
8.8 9.48295 1.99711
8.85 9.48143 1.99304
8.9 9.47943 1.98893
8.95 9.47695 1.98479
9 9.47398 1.98061
9.05 9.47053 1.9764
9.1 9.4666 1.97215
9.15 9.46218 1.96787
9.2 9.45727 1.96357
9.25 9.45188 1.95923
9.3 9.446 1.95486
9.35 9.43963 1.95047
9.4 9.43278 1.94605
9.45 9.42543 1.94161
9.5 9.4176 1.93714
9.55 9.40929 1.93265
9.6 9.40048 1.92815
9.65 9.39119 1.92362
9.7 9.38142 1.91907
9.75 9.37116 1.91451
9.8 9.36041 1.90993
9.85 9.34919 1.90534
9.9 9.33748 1.90074
9.95 9.32528 1.89612
10 9.31261 1.8915
10.05 9.29947 1.88687
10.1 9.28584 1.88223
10.15 9.27174 1.87759
10.2 9.25716 1.87294
10.25 9.24212 1.86829
10.3 9.2266 1.86364
10.35 9.21062 1.85899
10.4 9.19417 1.85435
10.45 9.17726 1.8497
10.5 9.15988 1.84507
10.55 9.14205 1.84044
10.6 9.12376 1.83582
10.65 9.10502 1.83121
10.7 9.08582 1.82661
10.75 9.06618 1.82203
10.8 9.0461 1.81746
10.85 9.02557 1.8129
10.9 9.0046 1.80837
10.95 8.9832 1.80386
11 8.96136 1.79936
11.05 8.9391 1.79489
11.1 8.91641 1.79045
11.15 8.8933 1.78603
11.2 8.86977 1.78164
11.25 8.84583 1.77728
11.3 8.82147 1.77295
11.35 8.79671 1.76865
11.4 8.77155 1.76439
11.45 8.74598 1.76016
11.5 8.72002 1.75597
11.55 8.69368 1.75182
11.6 8.66694 1.74771
11.65 8.63983 1.74364
11.7 8.61233 1.73962
11.75 8.58447 1.73564
11.8 8.55623 1.73171
11.85 8.52764 1.72783
11.9 8.49868 1.724
11.95 8.46937 1.72022
12 8.43971 1.7165
12.05 8.40971 1.71283
12.1 8.37937 1.70921
12.15 8.34869 1.70566
12.2 8.31768 1.70216
12.25 8.28635 1.69872
12.3 8.25471 1.69535
12.35 8.22274 1.69204
12.4 8.19047 1.68879
12.45 8.1579 1.68562
12.5 8.12503 1.68251
12.55 8.09187 1.67947
12.6 8.05842 1.6765
12.65 8.02468 1.6736
12.7 7.99068 1.67078
12.75 7.9564 1.66803
12.8 7.92186 1.66536
12.85 7.88706 1.66276
12.9 7.85201 1.66024
12.95 7.81671 1.65781
13 7.78117 1.65545
13.05 7.74539 1.65318
13.1 7.70938 1.65099
13.15 7.67315 1.64889
13.2 7.6367 1.64687
13.25 7.60004 1.64494
13.3 7.56317 1.6431
13.35 7.5261 1.64135
13.4 7.48884 1.63969
13.45 7.45139 1.63812
13.5 7.41375 1.63664
13.55 7.37594 1.63525
13.6 7.33796 1.63396
13.65 7.29981 1.63277
13.7 7.2615 1.63167
13.75 7.22304 1.63066
13.8 7.18443 1.62976
13.85 7.14569 1.62895
13.9 7.1068 1.62824
13.95 7.06779 1.62764
14 7.02866 1.62713
14.05 6.98941 1.62673
14.1 6.95004 1.62643
14.15 6.91058 1.62623
14.2 6.87101 1.62613
14.25 6.83135 1.62614
14.3 6.7916 1.62625
14.35 6.75177 1.62647
14.4 6.71187 1.62679
14.45 6.67189 1.62722
14.5 6.63186 1.62775
14.55 6.59176 1.62839
14.6 6.55161 1.62914
14.65 6.51142 1.63
14.7 6.47118 1.63096
14.75 6.43091 1.63203
14.8 6.39061 1.63321
14.85 6.35029 1.6345
14.9 6.30994 1.63589
14.95 6.26959 1.6374
15 6.22923 1.63901
15.05 6.18886 1.64073
15.1 6.1485 1.64256
15.15 6.10815 1.6445
15.2 6.06782 1.64654
15.25 6.0275 1.6487
15.3 5.98722 1.65096
15.35 5.94696 1.65333
15.4 5.90673 1.6558
15.45 5.86655 1.65839
15.5 5.82642 1.66108
15.55 5.78633 1.66388
15.6 5.74631 1.66678
15.65 5.70634 1.66979
15.7 5.66644 1.67291
15.75 5.62661 1.67613
15.8 5.58686 1.67945
15.85 5.54719 1.68288
15.9 5.5076 1.68642
15.95 5.4681 1.69005
16 5.4287 1.69379
16.05 5.3894 1.69763
16.1 5.3502 1.70157
16.15 5.31111 1.70561
16.2 5.27213 1.70975
16.25 5.23327 1.71398
16.3 5.19453 1.71832
16.35 5.15591 1.72275
16.4 5.11743 1.72727
16.45 5.07907 1.73189
16.5 5.04086 1.73661
16.55 5.00278 1.74141
16.6 4.96485 1.74631
16.65 4.92707 1.7513
16.7 4.88944 1.75638
16.75 4.85197 1.76155
16.8 4.81466 1.7668
16.85 4.77751 1.77214
16.9 4.74052 1.77756
16.95 4.70371 1.78307
17 4.66707 1.78865
17.05 4.6306 1.79432
17.1 4.59432 1.80007
17.15 4.55821 1.80589
17.2 4.5223 1.81179
17.25 4.48657 1.81777
17.3 4.45103 1.82382
17.35 4.41569 1.82994
17.4 4.38054 1.83613
17.45 4.34559 1.84239
17.5 4.31085 1.84871
17.55 4.27631 1.8551
17.6 4.24197 1.86155
17.65 4.20784 1.86807
17.7 4.17393 1.87465
17.75 4.14023 1.88128
17.8 4.10674 1.88797
17.85 4.07348 1.89472
17.9 4.04043 1.90151
17.95 4.0076 1.90836
18 3.975 1.91526
18.05 3.94262 1.92221
18.1 3.91047 1.9292
18.15 3.87854 1.93623
18.2 3.84685 1.94331
18.25 3.81539 1.95043
18.3 3.78416 1.95758
18.35 3.75316 1.96477
18.4 3.7224 1.97199
18.45 3.69187 1.97925
18.5 3.66158 1.98653
18.55 3.63153 1.99384
18.6 3.60172 2.00117
18.65 3.57215 2.00853
18.7 3.54282 2.01591
18.75 3.51373 2.02331
18.8 3.48488 2.03073
18.85 3.45628 2.03816
18.9 3.42792 2.0456
18.95 3.3998 2.05305
19 3.37193 2.06051
19.05 3.3443 2.06798
19.1 3.31691 2.07545
19.15 3.28977 2.08292
19.2 3.26288 2.09039
19.25 3.23623 2.09786
19.3 3.20982 2.10532
19.35 3.18366 2.11277
19.4 3.15775 2.12022
19.45 3.13208 2.12765
19.5 3.10665 2.13507
19.55 3.08146 2.14247
19.6 3.05652 2.14985
19.65 3.03183 2.15721
19.7 3.00737 2.16455
19.75 2.98316 2.17186
19.8 2.95918 2.17914
19.85 2.93545 2.1864
19.9 2.91196 2.19361
19.95 2.88871 2.2008
20 2.86569 2.20795
20.05 2.84292 2.21506
20.1 2.82037 2.22212
20.15 2.79807 2.22914
20.2 2.776 2.23612
20.25 2.75416 2.24305
20.3 2.73255 2.24992
20.35 2.71117 2.25675
20.4 2.69002 2.26352
20.45 2.66911 2.27023
20.5 2.64841 2.27688
20.55 2.62795 2.28347
20.6 2.6077 2.28999
20.65 2.58768 2.29645
20.7 2.56788 2.30284
20.75 2.5483 2.30916
20.8 2.52894 2.31541
20.85 2.5098 2.32158
20.9 2.49086 2.32767
20.95 2.47214 2.33369
21 2.45364 2.33962
21.05 2.43534 2.34547
21.1 2.41725 2.35124
21.15 2.39936 2.35692
21.2 2.38168 2.36251
21.25 2.3642 2.368
21.3 2.34692 2.37341
21.35 2.32984 2.37872
21.4 2.31295 2.38393
21.45 2.29626 2.38904
21.5 2.27976 2.39405
21.55 2.26345 2.39896
21.6 2.24733 2.40376
21.65 2.23139 2.40846
21.7 2.21564 2.41305
21.75 2.20006 2.41753
21.8 2.18467 2.42189
21.85 2.16945 2.42614
21.9 2.15441 2.43028
21.95 2.13954 2.4343
22 2.12485 2.4382
22.05 2.11031 2.44198
22.1 2.09595 2.44564
22.15 2.08175 2.44917
22.2 2.06771 2.45258
22.25 2.05383 2.45587
22.3 2.0401 2.45902
22.35 2.02653 2.46205
22.4 2.01311 2.46494
22.45 1.99984 2.4677
22.5 1.98672 2.47033
22.55 1.97374 2.47282
22.6 1.96091 2.47518
22.65 1.94821 2.4774
22.7 1.93565 2.47948
22.75 1.92323 2.48142
22.8 1.91094 2.48322
22.85 1.89878 2.48487
22.9 1.88675 2.48638
22.95 1.87485 2.48775
23 1.86307 2.48897
23.05 1.85141 2.49005
23.1 1.83987 2.49098
23.15 1.82845 2.49176
23.2 1.81714 2.49239
23.25 1.80594 2.49286
23.3 1.79485 2.49319
23.35 1.78387 2.49337
23.4 1.773 2.49339
23.45 1.76222 2.49326
23.5 1.75155 2.49298
23.55 1.74098 2.49254
23.6 1.7305 2.49194
23.65 1.72012 2.49119
23.7 1.70982 2.49029
23.75 1.69962 2.48922
23.8 1.6895 2.488
23.85 1.67947 2.48662
23.9 1.66952 2.48508
23.95 1.65965 2.48339
24 1.64986 2.48153
24.05 1.64015 2.47952
24.1 1.63051 2.47734
24.15 1.62094 2.47501
24.2 1.61145 2.47252
24.25 1.60202 2.46986
24.3 1.59266 2.46705
24.35 1.58336 2.46408
24.4 1.57412 2.46094
24.45 1.56495 2.45765
24.5 1.55583 2.45419
24.55 1.54677 2.45058
24.6 1.53776 2.44681
24.65 1.52881 2.44288
24.7 1.5199 2.43878
24.75 1.51105 2.43453
24.8 1.50224 2.43012
24.85 1.49348 2.42555
24.9 1.48477 2.42083
24.95 1.47609 2.41594
25 1.46746 2.4109
25.05 1.45887 2.4057
25.1 1.45031 2.40035
25.15 1.44179 2.39483
25.2 1.4333 2.38917
25.25 1.42485 2.38335
25.3 1.41642 2.37737
25.35 1.40803 2.37124
25.4 1.39967 2.36496
25.45 1.39133 2.35853
25.5 1.38302 2.35195
25.55 1.37473 2.34521
25.6 1.36647 2.33833
25.65 1.35823 2.3313
25.7 1.35 2.32412
25.75 1.3418 2.31679
25.8 1.33362 2.30932
25.85 1.32545 2.30171
25.9 1.3173 2.29395
25.95 1.30917 2.28604
26 1.30105 2.278
26.05 1.29294 2.26982
26.1 1.28484 2.26149
26.15 1.27675 2.25303
26.2 1.26868 2.24444
26.25 1.26061 2.2357
26.3 1.25255 2.22683
26.35 1.2445 2.21784
26.4 1.23646 2.2087
26.45 1.22842 2.19944
26.5 1.22039 2.19005
26.55 1.21236 2.18053
26.6 1.20433 2.17089
26.65 1.19631 2.16112
26.7 1.18829 2.15123
26.75 1.18027 2.14122
26.8 1.17226 2.13109
26.85 1.16424 2.12084
26.9 1.15623 2.11047
26.95 1.14822 2.09999
27 1.1402 2.0894
27.05 1.13219 2.07869
27.1 1.12417 2.06787
27.15 1.11615 2.05695
27.2 1.10813 2.04592
27.25 1.10011 2.03478
27.3 1.09208 2.02354
27.35 1.08406 2.0122
27.4 1.07603 2.00076
27.45 1.068 1.98922
27.5 1.05996 1.97759
27.55 1.05192 1.96586
27.6 1.04388 1.95404
27.65 1.03583 1.94213
27.7 1.02779 1.93013
27.75 1.01973 1.91805
27.8 1.01168 1.90588
27.85 1.00362 1.89362
27.9 0.995559 1.88129
27.95 0.987495 1.86888
28 0.979427 1.85639
28.05 0.971357 1.84383
28.1 0.963284 1.83119
28.15 0.955208 1.81848
28.2 0.947131 1.80571
28.25 0.939051 1.79287
28.3 0.930969 1.77996
28.35 0.922886 1.76699
28.4 0.914802 1.75396
28.45 0.906717 1.74087
28.5 0.898632 1.72773
28.55 0.890546 1.71453
28.6 0.88246 1.70128
28.65 0.874375 1.68797
28.7 0.866291 1.67462
28.75 0.858209 1.66123
28.8 0.850128 1.64779
28.85 0.84205 1.6343
28.9 0.833975 1.62078
28.95 0.825903 1.60722
29 0.817834 1.59362
29.05 0.809771 1.58
29.1 0.801712 1.56633
29.15 0.793658 1.55264
29.2 0.785611 1.53893
29.25 0.77757 1.52518
29.3 0.769536 1.51141
29.35 0.761511 1.49763
29.4 0.753493 1.48382
29.45 0.745485 1.47
29.5 0.737486 1.45616
29.55 0.729498 1.4423
29.6 0.721521 1.42844
29.65 0.713556 1.41457
29.7 0.705602 1.40069
29.75 0.697662 1.38681
29.8 0.689736 1.37292
29.85 0.681824 1.35903
29.9 0.673927 1.34515
29.95 0.666046 1.33127
30 0.658182 1.31739
30.05 0.650335 1.30352
30.1 0.642506 1.28966
30.15 0.634696 1.27581
30.2 0.626905 1.26197
30.25 0.619135 1.24815
30.3 0.611385 1.23434
30.35 0.603658 1.22055
30.4 0.595952 1.20679
30.45 0.588271 1.19304
30.5 0.580613 1.17932
30.55 0.572979 1.16563
30.6 0.565372 1.15196
30.65 0.55779 1.13833
30.7 0.550236 1.12472
30.75 0.542709 1.11115
30.8 0.535211 1.09762
30.85 0.527742 1.08412
30.9 0.520303 1.07066
30.95 0.512895 1.05723
31 0.505519 1.04386
31.05 0.498174 1.03052
31.1 0.490863 1.01723
31.15 0.483585 1.00399
31.2 0.476342 0.990792
31.25 0.469134 0.977647
31.3 0.461962 0.964554
31.35 0.454826 0.951514
31.4 0.447728 0.938529
31.45 0.440667 0.925599
31.5 0.433646 0.912728
31.55 0.426663 0.899915
31.6 0.419721 0.887163
31.65 0.412819 0.874473
31.7 0.405959 0.861846
31.75 0.399141 0.849284
31.8 0.392366 0.836788
31.85 0.385634 0.824359
31.9 0.378945 0.811999
31.95 0.372302 0.799709
32 0.365703 0.78749
32.05 0.359151 0.775344
32.1 0.352645 0.763271
32.15 0.346185 0.751273
32.2 0.339773 0.739351
32.25 0.33341 0.727506
32.3 0.327095 0.715739
32.35 0.320829 0.704052
32.4 0.314612 0.692445
32.45 0.308446 0.68092
32.5 0.302331 0.669476
32.55 0.296267 0.658117
32.6 0.290254 0.646841
32.65 0.284294 0.635651
32.7 0.278386 0.624547
32.75 0.272531 0.61353
32.8 0.26673 0.602601
32.85 0.260982 0.591761
32.9 0.255289 0.58101
32.95 0.24965 0.570349
33 0.244067 0.55978
33.05 0.238538 0.549302
33.1 0.233066 0.538917
33.15 0.227649 0.528625
33.2 0.222289 0.518427
33.25 0.216985 0.508324
33.3 0.211739 0.498315
33.35 0.206549 0.488402
33.4 0.201418 0.478585
33.45 0.196343 0.468865
33.5 0.191327 0.459242
33.55 0.186369 0.449717
33.6 0.181469 0.44029
33.65 0.176628 0.430961
33.7 0.171846 0.421731
33.75 0.167122 0.4126
33.8 0.162458 0.403569
33.85 0.157853 0.394638
33.9 0.153307 0.385807
33.95 0.14882 0.377077
34 0.144393 0.368447
34.05 0.140025 0.359918
34.1 0.135717 0.351491
34.15 0.131469 0.343164
34.2 0.12728 0.334939
34.25 0.123151 0.326816
34.3 0.119082 0.318794
34.35 0.115073 0.310875
34.4 0.111123 0.303056
34.45 0.107232 0.29534
34.5 0.103401 0.287726
34.55 0.09963 0.280213
34.6 0.0959181 0.272802
34.65 0.0922654 0.265493
34.7 0.0886719 0.258285
34.75 0.0851375 0.251179
34.8 0.081662 0.244174
34.85 0.0782453 0.237271
34.9 0.0748872 0.230468
34.95 0.0715875 0.223767
35 0.0683461 0.217166
35.05 0.0651627 0.210665
35.1 0.0620371 0.204265
35.15 0.0589691 0.197964
35.2 0.0559584 0.191763
35.25 0.0530049 0.185661
35.3 0.0501082 0.179658
35.35 0.0472681 0.173754
35.4 0.0444842 0.167948
35.45 0.0417563 0.16224
35.5 0.0390841 0.156629
35.55 0.0364672 0.151115
35.6 0.0339053 0.145698
35.65 0.0313981 0.140377
35.7 0.0289452 0.135151
35.75 0.0265463 0.13002
35.8 0.024201 0.124984
35.85 0.0219088 0.120042
35.9 0.0196695 0.115194
35.95 0.0174825 0.110438
36 0.0153475 0.105775
36.05 0.0132641 0.101204
36.1 0.0112319 0.0967233
36.15 0.00925032 0.0923336
36.2 0.00731901 0.0880338
36.25 0.00543749 0.0838232
36.3 0.0036053 0.0797013
36.35 0.00182197 0.0756673
36.4 8.70281e-05 0.0717205
36.45 -0.00160002 0.0678603
36.5 -0.00323967 0.0640859
36.55 -0.00483241 0.0603966
36.6 -0.00637876 0.0567917
36.65 -0.00787922 0.0532704
36.7 -0.00933432 0.049832
36.75 -0.0107446 0.0464757
36.8 -0.0121105 0.0432007
36.85 -0.0134327 0.0400063
36.9 -0.0147117 0.0368916
36.95 -0.0159479 0.0338559
37 -0.017142 0.0308983
37.05 -0.0182946 0.028018
37.1 -0.0194061 0.0252142
37.15 -0.0204772 0.022486
37.2 -0.0215084 0.0198326
37.25 -0.0225003 0.0172532
37.3 -0.0234534 0.0147469
37.35 -0.0243684 0.0123127
37.4 -0.0252458 0.00994995
37.45 -0.0260862 0.00765763
37.5 -0.0268902 0.00543491
37.55 -0.0276584 0.00328088
37.6 -0.0283914 0.00119465
37.65 -0.0290897 -0.000824665
37.7 -0.0297539 -0.00277798
37.75 -0.0303847 -0.00466619
37.8 -0.0309827 -0.00649021
37.85 -0.0315484 -0.00825095
37.9 -0.0320824 -0.00994933
37.95 -0.0325854 -0.0115863
38 -0.0330579 -0.0131627
38.05 -0.0335005 -0.0146795
38.1 -0.0339138 -0.0161376
38.15 -0.0342985 -0.017538
38.2 -0.0346551 -0.0188815
38.25 -0.0349843 -0.0201692
38.3 -0.0352865 -0.0214019
38.35 -0.0355624 -0.0225805
38.4 -0.0358127 -0.023706
38.45 -0.0360378 -0.0247794
38.5 -0.0362384 -0.0258014
38.55 -0.036415 -0.0267732
38.6 -0.0365683 -0.0276955
38.65 -0.0366989 -0.0285694
38.7 -0.0368072 -0.0293957
38.75 -0.0368939 -0.0301753
38.8 -0.0369596 -0.0309093
38.85 -0.0370048 -0.0315984
38.9 -0.0370301 -0.0322436
38.95 -0.037036 -0.0328459
39 -0.0370232 -0.033406
39.05 -0.0369921 -0.033925
39.1 -0.0369434 -0.0344038
39.15 -0.0368775 -0.0348431
39.2 -0.036795 -0.0352439
39.25 -0.0366965 -0.0356072
39.3 -0.0365824 -0.0359337
39.35 -0.0364534 -0.0362244
39.4 -0.0363099 -0.0364801
39.45 -0.0361525 -0.0367017
39.5 -0.0359816 -0.0368901
39.55 -0.0357978 -0.0370461
39.6 -0.0356017 -0.0371706
39.65 -0.0353935 -0.0372644
39.7 -0.035174 -0.0373283
39.75 -0.0349435 -0.0373632
39.8 -0.0347026 -0.0373699
39.85 -0.0344517 -0.0373492
39.9 -0.0341913 -0.037302
39.95 -0.0339218 -0.037229
40 -0.0336438 -0.0371311
40.05 -0.0333575 -0.0370089
40.1 -0.0330636 -0.0368634
40.15 -0.0327625 -0.0366953
40.2 -0.0324545 -0.0365053
40.25 -0.0321401 -0.0362942
40.3 -0.0318197 -0.0360628
40.35 -0.0314937 -0.0358117
40.4 -0.0311626 -0.0355418
40.45 -0.0308267 -0.0352538
40.5 -0.0304864 -0.0349483
40.55 -0.0301421 -0.0346261
40.6 -0.0297941 -0.0342879
40.65 -0.0294429 -0.0339343
40.7 -0.0290888 -0.0335661
40.75 -0.0287322 -0.0331839
40.8 -0.0283734 -0.0327884
40.85 -0.0280127 -0.0323802
40.9 -0.0276504 -0.0319599
40.95 -0.027287 -0.0315283
41 -0.0269227 -0.0310859
41.05 -0.0265578 -0.0306334
41.1 -0.0261927 -0.0301713
41.15 -0.0258275 -0.0297002
41.2 -0.0254627 -0.0292208
41.25 -0.0250985 -0.0287336
41.3 -0.0247351 -0.0282391
41.35 -0.0243729 -0.027738
41.4 -0.0240121 -0.0272307
41.45 -0.0236529 -0.0267178
41.5 -0.0232956 -0.0261999
41.55 -0.0229404 -0.0256773
41.6 -0.0225876 -0.0251508
41.65 -0.0222373 -0.0246206
41.7 -0.0218898 -0.0240874
41.75 -0.0215453 -0.0235516
41.8 -0.021204 -0.0230136
41.85 -0.0208661 -0.0224739
41.9 -0.0205318 -0.021933
41.95 -0.0202012 -0.0213912
42 -0.0198745 -0.0208491
42.05 -0.0195519 -0.020307
42.1 -0.0192336 -0.0197653
42.15 -0.0189196 -0.0192244
42.2 -0.0186102 -0.0186847
42.25 -0.0183054 -0.0181466
42.3 -0.0180055 -0.0176104
42.35 -0.0177105 -0.0170765
42.4 -0.0174205 -0.0165452
42.45 -0.0171357 -0.0160168
42.5 -0.0168561 -0.0154918
42.55 -0.0165818 -0.0149703
42.6 -0.016313 -0.0144527
42.65 -0.0160498 -0.0139392
42.7 -0.0157921 -0.0134303
42.75 -0.0155401 -0.012926
42.8 -0.0152939 -0.0124268
42.85 -0.0150534 -0.0119328
42.9 -0.0148188 -0.0114443
42.95 -0.0145901 -0.0109616
43 -0.0143674 -0.0104847
43.05 -0.0141506 -0.0100141
43.1 -0.0139399 -0.00954987
43.15 -0.0137351 -0.00909219
43.2 -0.0135365 -0.00864129
43.25 -0.0133439 -0.00819733
43.3 -0.0131574 -0.00776049
43.35 -0.012977 -0.00733094
43.4 -0.0128026 -0.00690882
43.45 -0.0126344 -0.00649428
43.5 -0.0124722 -0.00608746
43.55 -0.0123161 -0.00568849
43.6 -0.012166 -0.00529749
43.65 -0.012022 -0.00491457
43.7 -0.0118839 -0.00453984
43.75 -0.0117518 -0.0041734
43.8 -0.0116256 -0.00381533
43.85 -0.0115053 -0.00346571
43.9 -0.0113908 -0.00312462
43.95 -0.0112821 -0.00279212
44 -0.0111791 -0.00246828
44.05 -0.0110818 -0.00215314
44.1 -0.0109901 -0.00184676
44.15 -0.010904 -0.00154916
44.2 -0.0108234 -0.00126038
44.25 -0.0107482 -0.000980443
44.3 -0.0106784 -0.000709368
44.35 -0.0106138 -0.000447165
44.4 -0.0105544 -0.000193839
44.45 -0.0105001 5.06127e-05
44.5 -0.0104509 0.000286196
44.55 -0.0104066 0.000512926
44.6 -0.0103672 0.000730821
44.65 -0.0103325 0.000939907
44.7 -0.0103025 0.00114021
44.75 -0.0102771 0.00133178
44.8 -0.0102562 0.00151464
44.85 -0.0102397 0.00168885
44.9 -0.0102274 0.00185446
44.95 -0.0102193 0.00201152
45 -0.0102153 0.00216009
45.05 -0.0102153 0.00230025
45.1 -0.0102191 0.00243206
45.15 -0.0102267 0.0025556
45.2 -0.0102379 0.00267095
45.25 -0.0102526 0.00277819
45.3 -0.0102708 0.00287741
45.35 -0.0102923 0.00296869
45.4 -0.010317 0.00305214
45.45 -0.0103447 0.00312786
45.5 -0.0103754 0.00319595
45.55 -0.010409 0.0032565
45.6 -0.0104453 0.00330964
45.65 -0.0104842 0.00335547
45.7 -0.0105257 0.00339411
45.75 -0.0105695 0.00342568
45.8 -0.0106156 0.0034503
45.85 -0.0106638 0.00346809
45.9 -0.0107141 0.00347917
45.95 -0.0107663 0.00348368
46 -0.0108203 0.00348174
46.05 -0.0108759 0.0034735
46.1 -0.0109332 0.00345907
46.15 -0.0109919 0.0034386
46.2 -0.011052 0.00341223
46.25 -0.0111132 0.0033801
46.3 -0.0111756 0.00334235
46.35 -0.011239 0.00329911
46.4 -0.0113033 0.00325054
46.45 -0.0113684 0.00319678
46.5 -0.0114342 0.00313798
46.55 -0.0115005 0.00307427
46.6 -0.0115673 0.00300582
46.65 -0.0116344 0.00293277
46.7 -0.0117018 0.00285527
46.75 -0.0117693 0.00277346
46.8 -0.0118368 0.00268751
46.85 -0.0119043 0.00259755
46.9 -0.0119717 0.00250375
46.95 -0.0120388 0.00240624
47 -0.0121055 0.00230519
47.05 -0.0121718 0.00220074
47.1 -0.0122375 0.00209304
47.15 -0.0123026 0.00198224
47.2 -0.012367 0.0018685
47.25 -0.0124305 0.00175197
47.3 -0.0124932 0.00163278
47.35 -0.0125549 0.00151109
47.4 -0.0126155 0.00138706
47.45 -0.012675 0.00126081
47.5 -0.0127333 0.00113251
47.55 -0.0127903 0.00100229
47.6 -0.0128459 0.000870307
47.65 -0.0129 0.000736692
47.7 -0.0129527 0.000601592
47.75 -0.0130037 0.000465146
47.8 -0.0130531 0.000327493
47.85 -0.0131008 0.000188773
47.9 -0.0131467 4.91194e-05
47.95 -0.0131908 -9.13314e-05
48 -0.013233 -0.000232447
48.05 -0.0132732 -0.000374095
48.1 -0.0133115 -0.000516146
48.15 -0.0133477 -0.000658472
48.2 -0.0133817 -0.000800947
48.25 -0.0134137 -0.000943447
48.3 -0.0134434 -0.00108585
48.35 -0.0134709 -0.00122803
48.4 -0.0134962 -0.00136988
48.45 -0.0135191 -0.00151127
48.5 -0.0135397 -0.00165209
48.55 -0.0135579 -0.00179224
48.6 -0.0135737 -0.00193159
48.65 -0.0135871 -0.00207005
48.7 -0.013598 -0.0022075
48.75 -0.0136064 -0.00234385
48.8 -0.0136123 -0.00247899
48.85 -0.0136156 -0.00261282
48.9 -0.0136164 -0.00274525
48.95 -0.0136147 -0.00287619
49 -0.0136103 -0.00300554
49.05 -0.0136034 -0.00313321
49.1 -0.0135939 -0.00325912
49.15 -0.0135818 -0.00338318
49.2 -0.0135671 -0.00350532
49.25 -0.0135497 -0.00362545
49.3 -0.0135297 -0.00374349
49.35 -0.0135072 -0.00385938
49.4 -0.013482 -0.00397304
49.45 -0.0134542 -0.0040844
49.5 -0.0134238 -0.0041934
49.55 -0.0133908 -0.00429998
49.6 -0.0133553 -0.00440407
49.65 -0.0133172 -0.00450561
49.7 -0.0132765 -0.00460455
49.75 -0.0132333 -0.00470083
49.8 -0.0131876 -0.00479441
49.85 -0.0131393 -0.00488524
49.9 -0.0130886 -0.00497327
49.95 -0.0130355 -0.00505846
50 -0.0129799 -0.00514077
