# compute_shc 2 250 2 1000 50 group 0 4
# format_version 1
# num_atoms 42000
# cell 4.3186785629e+01 -1.2157610811e-03 -1.4574825672e-01 -3.0232681341e+01 5.2363577391e+01 1.1007241549e-01 -2.1990578692e+00 1.0718974833e-01 6.2219112532e+02
# dt_output 2.0000000000e-03 ps
# num_correlation_rows 499
# num_frequency_rows 1000
# columns_correlation time_ps ki ko
# columns_shc omega_THz shc_i shc_o
-0.498 -5.08124e-05 1.64472e-05
-0.496 -8.58777e-05 -1.86469e-05
-0.494 7.39109e-05 -0.00023156
-0.492 0.000610764 -0.000747313
-0.49 0.00170879 -0.00168874
-0.488 0.00355281 -0.00317557
-0.486 0.00632714 -0.00532354
-0.484 0.0102144 -0.00824352
-0.482 0.0153946 -0.0120407
-0.48 0.0220434 -0.0168137
-0.478 0.0303318 -0.022654
-0.476 0.0404246 -0.029645
-0.474 0.0524794 -0.0378615
-0.472 0.0666458 -0.0473691
-0.47 0.0830646 -0.0582234
-0.468 0.101866 -0.0704699
-0.466 0.123171 -0.0841432
-0.464 0.147089 -0.0992667
-0.462 0.173715 -0.115852
-0.46 0.203134 -0.1339
-0.458 0.235416 -0.153399
-0.456 0.270621 -0.174324
-0.454 0.30879 -0.196641
-0.452 0.349953 -0.2203
-0.45 0.394124 -0.245242
-0.448 0.441304 -0.271395
-0.446 0.491477 -0.298675
-0.444 0.544613 -0.326988
-0.442 0.600668 -0.356226
-0.44 0.659583 -0.386274
-0.438 0.721284 -0.417005
-0.436 0.785683 -0.44828
-0.434 0.852678 -0.479956
-0.432 0.922156 -0.511877
-0.43 0.993986 -0.543882
-0.428 1.06803 -0.575801
-0.426 1.14413 -0.607458
-0.424 1.22213 -0.638673
-0.422 1.30185 -0.669259
-0.42 1.38311 -0.699026
-0.418 1.46571 -0.727782
-0.416 1.54945 -0.755332
-0.414 1.63413 -0.78148
-0.412 1.71951 -0.806028
-0.41 1.80539 -0.828782
-0.408 1.89152 -0.849548
-0.406 1.97769 -0.868134
-0.404 2.06365 -0.884353
-0.402 2.14917 -0.89802
-0.4 2.234 -0.908958
-0.398 2.3179 -0.916996
-0.396 2.40065 -0.921969
-0.394 2.48199 -0.923721
-0.392 2.56169 -0.922105
-0.39 2.63952 -0.916983
-0.388 2.71525 -0.908228
-0.386 2.78865 -0.895724
-0.384 2.85951 -0.879369
-0.382 2.92762 -0.85907
-0.38 2.99277 -0.834751
-0.378 3.05476 -0.806346
-0.376 3.11341 -0.773808
-0.374 3.16855 -0.737101
-0.372 3.22001 -0.696205
-0.37 3.26763 -0.651118
-0.368 3.31128 -0.601851
-0.366 3.35083 -0.548432
-0.364 3.38615 -0.490907
-0.362 3.41716 -0.429336
-0.36 3.44376 -0.363798
-0.358 3.46589 -0.294386
-0.356 3.48349 -0.221212
-0.354 3.49652 -0.144403
-0.352 3.50496 -0.0641012
-0.35 3.5088 0.0195329
-0.348 3.50807 0.106325
-0.346 3.50278 0.196084
-0.344 3.49298 0.288605
-0.342 3.47875 0.383668
-0.34 3.46017 0.481041
-0.338 3.43734 0.580477
-0.336 3.41037 0.681715
-0.334 3.37941 0.784486
-0.332 3.34461 0.888506
-0.33 3.30615 0.993483
-0.328 3.26421 1.09912
-0.326 3.21901 1.20509
-0.324 3.17078 1.31109
-0.322 3.11974 1.4168
-0.32 3.06617 1.52187
-0.318 3.01032 1.62597
-0.316 2.9525 1.72877
-0.314 2.89299 1.82993
-0.312 2.83212 1.92909
-0.31 2.77021 2.02593
-0.308 2.70759 2.12009
-0.306 2.64463 2.21123
-0.304 2.58166 2.29902
-0.302 2.51907 2.38314
-0.3 2.45723 2.46324
-0.298 2.39651 2.53901
-0.296 2.3373 2.61015
-0.294 2.27999 2.67635
-0.292 2.22497 2.73731
-0.29 2.17265 2.79277
-0.288 2.1234 2.84245
-0.286 2.07763 2.8861
-0.284 2.03572 2.92349
-0.282 1.99807 2.95439
-0.28 1.96505 2.9786
-0.278 1.93704 2.99593
-0.276 1.91441 3.00622
-0.274 1.89753 3.00932
-0.272 1.88673 3.0051
-0.27 1.88236 2.99346
-0.268 1.88474 2.97432
-0.266 1.89419 2.94761
-0.264 1.911 2.9133
-0.262 1.93545 2.87138
-0.26 1.96781 2.82186
-0.258 2.00832 2.76477
-0.256 2.05721 2.70017
-0.254 2.11469 2.62816
-0.252 2.18094 2.54883
-0.25 2.25613 2.46233
-0.248 2.34039 2.36881
-0.246 2.43385 2.26846
-0.244 2.5366 2.16149
-0.242 2.64871 2.04812
-0.24 2.77023 1.92862
-0.238 2.90118 1.80326
-0.236 3.04155 1.67233
-0.234 3.19132 1.53617
-0.232 3.35043 1.39511
-0.23 3.51879 1.2495
-0.228 3.6963 1.09974
-0.226 3.88282 0.946206
-0.224 4.0782 0.789318
-0.222 4.28226 0.6295
-0.22 4.49477 0.46719
-0.218 4.71551 0.302837
-0.216 4.94422 0.136904
-0.214 5.18061 -0.0301408
-0.212 5.42438 -0.197821
-0.21 5.67519 -0.365654
-0.208 5.93271 -0.533155
-0.206 6.19654 -0.699834
-0.204 6.46631 -0.865203
-0.202 6.7416 -1.02877
-0.2 7.02197 -1.19006
-0.198 7.30698 -1.34859
-0.196 7.59616 -1.50388
-0.194 7.88903 -1.65546
-0.192 8.18509 -1.80289
-0.19 8.48385 -1.94571
-0.188 8.78477 -2.0835
-0.186 9.08732 -2.21584
-0.184 9.39096 -2.34232
-0.182 9.69516 -2.46256
-0.18 9.99934 -2.5762
-0.178 10.3029 -2.6829
-0.176 10.6054 -2.78232
-0.174 10.9062 -2.87418
-0.172 11.2047 -2.95819
-0.17 11.5004 -3.0341
-0.168 11.7926 -3.10169
-0.166 12.0809 -3.16077
-0.164 12.3646 -3.21115
-0.162 12.6433 -3.2527
-0.16 12.9164 -3.2853
-0.158 13.1833 -3.30887
-0.156 13.4435 -3.32335
-0.154 13.6964 -3.32872
-0.152 13.9417 -3.32498
-0.15 14.1788 -3.31217
-0.148 14.4072 -3.29034
-0.146 14.6265 -3.25959
-0.144 14.8362 -3.22004
-0.142 15.0359 -3.17185
-0.14 15.2252 -3.11519
-0.138 15.4038 -3.05027
-0.136 15.5712 -2.97731
-0.134 15.7271 -2.89659
-0.132 15.8712 -2.80839
-0.13 16.0032 -2.713
-0.128 16.1229 -2.61077
-0.126 16.2299 -2.50204
-0.124 16.3241 -2.38718
-0.122 16.4053 -2.2666
-0.12 16.4733 -2.14069
-0.118 16.528 -2.00988
-0.116 16.5692 -1.87462
-0.114 16.5968 -1.73535
-0.112 16.6108 -1.59253
-0.11 16.6111 -1.44665
-0.108 16.5978 -1.29818
-0.106 16.5708 -1.14761
-0.104 16.5301 -0.995434
-0.102 16.4758 -0.842145
-0.1 16.4081 -0.688241
-0.098 16.3269 -0.534216
-0.096 16.2324 -0.380564
-0.094 16.1247 -0.227774
-0.092 16.0041 -0.0763272
-0.09 15.8706 0.0732997
-0.088 15.7246 0.220641
-0.086 15.5662 0.365243
-0.084 15.3956 0.506661
-0.082 15.2131 0.644469
-0.08 15.0189 0.778253
-0.078 14.8134 0.907618
-0.076 14.5967 1.03219
-0.074 14.3693 1.1516
-0.072 14.1314 1.26552
-0.07 13.8833 1.37364
-0.068 13.6254 1.47567
-0.066 13.3579 1.57133
-0.064 13.0811 1.66038
-0.062 12.7955 1.74262
-0.06 12.5014 1.81785
-0.058 12.199 1.88591
-0.056 11.8887 1.94667
-0.054 11.5709 2.00002
-0.052 11.2458 2.04589
-0.05 10.9138 2.08422
-0.048 10.5751 2.11501
-0.046 10.2302 2.13826
-0.044 9.87938 2.15402
-0.042 9.52284 2.16234
-0.04 9.16093 2.16334
-0.038 8.79393 2.15713
-0.036 8.42213 2.14387
-0.034 8.0458 2.12374
-0.032 7.66521 2.09694
-0.03 7.28062 2.06371
-0.028 6.89229 2.0243
-0.026 6.50045 1.97899
-0.024 6.10534 1.92808
-0.022 5.7072 1.8719
-0.02 5.30625 1.81078
-0.018 4.9027 1.74509
-0.016 4.49677 1.67521
-0.014 4.08865 1.60152
-0.012 3.67855 1.52443
-0.01 3.26667 1.44436
-0.008 2.8532 1.36174
-0.006 2.43831 1.27701
-0.004 2.02221 1.19061
-0.002 1.60507 1.10298
0 1.18707 1.01459
0.002 0.768485 0.925882
0.004 0.34941 0.837315
0.006 -0.0699639 0.749347
0.008 -0.489449 0.662432
0.01 -0.908855 0.577018
0.012 -1.32798 0.493548
0.014 -1.74664 0.412458
0.016 -2.16461 0.334174
0.018 -2.58168 0.259111
0.02 -2.99764 0.187673
0.022 -3.41225 0.120246
0.024 -3.8253 0.057204
0.026 -4.23652 -0.00109839
0.028 -4.64567 -0.0543248
0.03 -5.0525 -0.102159
0.032 -5.45673 -0.144307
0.034 -5.85808 -0.180495
0.036 -6.25627 -0.210476
0.038 -6.651 -0.234027
0.04 -7.04197 -0.250949
0.042 -7.42886 -0.261071
0.044 -7.81135 -0.26425
0.046 -8.18911 -0.26037
0.048 -8.5618 -0.249343
0.05 -8.92908 -0.231109
0.052 -9.29059 -0.20564
0.054 -9.64598 -0.172935
0.056 -9.99488 -0.133023
0.058 -10.3369 -0.0859609
0.06 -10.6718 -0.0318365
0.062 -10.999 0.0292346
0.064 -11.3182 0.0971083
0.066 -11.6292 0.171613
0.068 -11.9314 0.252548
0.07 -12.2245 0.33969
0.072 -12.5081 0.432785
0.074 -12.7819 0.531558
0.076 -13.0456 0.635708
0.078 -13.2987 0.744912
0.08 -13.541 0.858825
0.082 -13.772 0.977083
0.084 -13.9916 1.0993
0.086 -14.1993 1.22507
0.088 -14.3949 1.35399
0.09 -14.578 1.48561
0.092 -14.7486 1.61948
0.094 -14.9062 1.75516
0.096 -15.0506 1.89218
0.098 -15.1818 2.03005
0.1 -15.2994 2.16829
0.102 -15.4033 2.30641
0.104 -15.4933 2.44393
0.106 -15.5695 2.58036
0.108 -15.6315 2.71519
0.11 -15.6795 2.84794
0.112 -15.7133 2.97812
0.114 -15.7329 3.10525
0.116 -15.7383 3.22887
0.118 -15.7296 3.34849
0.12 -15.7069 3.46369
0.122 -15.6702 3.574
0.124 -15.6196 3.67901
0.126 -15.5553 3.77831
0.128 -15.4774 3.8715
0.13 -15.3863 3.9582
0.132 -15.282 4.03807
0.134 -15.1648 4.11076
0.136 -15.035 4.17598
0.138 -14.893 4.23342
0.14 -14.739 4.28284
0.142 -14.5735 4.32398
0.144 -14.3966 4.35665
0.146 -14.209 4.38065
0.148 -14.011 4.39584
0.15 -13.803 4.40209
0.152 -13.5854 4.3993
0.154 -13.3589 4.38741
0.156 -13.1238 4.36637
0.158 -12.8807 4.33619
0.16 -12.63 4.29688
0.162 -12.3724 4.24849
0.164 -12.1084 4.19111
0.166 -11.8385 4.12485
0.168 -11.5633 4.04985
0.17 -11.2833 3.96628
0.172 -10.9992 3.87434
0.174 -10.7116 3.77425
0.176 -10.421 3.66626
0.178 -10.128 3.55064
0.18 -9.83321 3.42771
0.182 -9.53721 3.29778
0.184 -9.24058 3.1612
0.186 -8.9439 3.01833
0.188 -8.64775 2.86957
0.19 -8.35269 2.71531
0.192 -8.05928 2.55598
0.194 -7.76806 2.39201
0.196 -7.47957 2.22386
0.198 -7.19433 2.05199
0.2 -6.91285 1.87686
0.202 -6.63561 1.69896
0.204 -6.3631 1.51878
0.206 -6.09577 1.3368
0.208 -5.83407 1.15353
0.21 -5.5784 0.969463
0.212 -5.32917 0.785092
0.214 -5.08675 0.600916
0.216 -4.8515 0.417425
0.218 -4.62374 0.235107
0.22 -4.40379 0.0544407
0.222 -4.19193 -0.124103
0.224 -3.98841 -0.300062
0.226 -3.79347 -0.472988
0.228 -3.6073 -0.642445
0.23 -3.43009 -0.80801
0.232 -3.262 -0.969277
0.234 -3.10314 -1.12586
0.236 -2.95361 -1.27738
0.238 -2.8135 -1.4235
0.24 -2.68283 -1.56387
0.242 -2.56164 -1.6982
0.244 -2.44991 -1.82618
0.246 -2.34761 -1.94757
0.248 -2.25469 -2.06211
0.25 -2.17104 -2.16958
0.252 -2.09658 -2.2698
0.254 -2.03115 -2.3626
0.256 -1.97462 -2.44782
0.258 -1.92678 -2.52537
0.26 -1.88746 -2.59513
0.262 -1.85641 -2.65704
0.264 -1.8334 -2.71107
0.266 -1.81817 -2.75718
0.268 -1.81043 -2.7954
0.27 -1.8099 -2.82575
0.272 -1.81625 -2.84828
0.274 -1.82917 -2.86308
0.276 -1.8483 -2.87024
0.278 -1.8733 -2.86989
0.28 -1.9038 -2.86217
0.282 -1.93943 -2.84725
0.284 -1.97981 -2.82532
0.286 -2.02455 -2.79656
0.288 -2.07326 -2.76121
0.29 -2.12553 -2.7195
0.292 -2.18098 -2.67169
0.294 -2.23919 -2.61804
0.296 -2.29976 -2.55883
0.298 -2.36229 -2.49436
0.3 -2.42639 -2.42493
0.302 -2.49166 -2.35085
0.304 -2.55771 -2.27245
0.306 -2.62415 -2.19006
0.308 -2.69062 -2.10401
0.31 -2.75673 -2.01465
0.312 -2.82214 -1.92231
0.314 -2.8865 -1.82735
0.316 -2.94947 -1.73012
0.318 -3.01072 -1.63097
0.32 -3.06995 -1.53024
0.322 -3.12687 -1.42828
0.324 -3.18118 -1.32544
0.326 -3.23263 -1.22205
0.328 -3.28097 -1.11844
0.33 -3.32595 -1.01494
0.332 -3.36738 -0.911877
0.334 -3.40504 -0.809554
0.336 -3.43876 -0.708274
0.338 -3.46837 -0.608328
0.34 -3.49374 -0.509996
0.342 -3.51474 -0.413548
0.344 -3.53125 -0.319237
0.346 -3.5432 -0.227307
0.348 -3.55051 -0.137987
0.35 -3.55313 -0.0514904
0.352 -3.55103 0.0319831
0.354 -3.5442 0.11225
0.356 -3.53263 0.189141
0.358 -3.51635 0.262505
0.36 -3.49539 0.332206
0.362 -3.46982 0.398125
0.364 -3.43969 0.460159
0.366 -3.40511 0.518222
0.368 -3.36616 0.572245
0.37 -3.32297 0.622177
0.372 -3.27567 0.667981
0.374 -3.2244 0.709638
0.376 -3.16931 0.747145
0.378 -3.11058 0.780515
0.38 -3.04839 0.809777
0.382 -2.98293 0.834974
0.384 -2.91438 0.856165
0.386 -2.84298 0.873421
0.388 -2.76892 0.886831
0.39 -2.69244 0.896492
0.392 -2.61376 0.902516
0.394 -2.53312 0.905026
0.396 -2.45076 0.904157
0.398 -2.36691 0.900052
0.4 -2.28183 0.892865
0.402 -2.19576 0.882758
0.404 -2.10894 0.869901
0.406 -2.02163 0.854469
0.408 -1.93406 0.836644
0.41 -1.84648 0.816613
0.412 -1.75913 0.794566
0.414 -1.67224 0.770697
0.416 -1.58604 0.745201
0.418 -1.50075 0.718273
0.42 -1.41659 0.690111
0.422 -1.33377 0.660908
0.424 -1.25249 0.630859
0.426 -1.17293 0.600153
0.428 -1.09528 0.568978
0.43 -1.0197 0.537514
0.432 -0.946357 0.505939
0.434 -0.87539 0.474423
0.436 -0.806934 0.443129
0.438 -0.741107 0.412213
0.44 -0.678014 0.38182
0.442 -0.617747 0.352091
0.444 -0.560383 0.323151
0.446 -0.505982 0.29512
0.448 -0.454594 0.268105
0.45 -0.406249 0.242201
0.452 -0.360964 0.217494
0.454 -0.318742 0.194057
0.456 -0.27957 0.17195
0.458 -0.243418 0.151223
0.46 -0.210245 0.131912
0.462 -0.179994 0.114041
0.464 -0.152594 0.0976245
0.466 -0.12796 0.0826612
0.468 -0.105995 0.06914
0.47 -0.0865904 0.0570378
0.472 -0.0696242 0.0463203
0.474 -0.0549645 0.0369423
0.476 -0.0424692 0.0288481
0.478 -0.0319868 0.0219722
0.48 -0.0233576 0.0162395
0.482 -0.0164146 0.0115664
0.484 -0.0109845 0.00786124
0.486 -0.0068887 0.00502481
0.488 -0.00394439 0.00295149
0.49 -0.0019659 0.00152982
0.492 -0.000765682 0.000643428
0.494 -0.000155564 0.000171868
0.496 5.20547e-05 -8.45308e-06
0.498 4.29795e-05 -2.33673e-05
0.05 0.477726 0.64043
0.1 0.477718 0.640398
0.15 0.477704 0.640344
0.2 0.477686 0.640268
0.25 0.477661 0.640172
0.3 0.477632 0.640053
0.35 0.477597 0.639914
0.4 0.477557 0.639752
0.45 0.477511 0.63957
0.5 0.47746 0.639365
0.55 0.477404 0.63914
0.6 0.477342 0.638893
0.65 0.477274 0.638624
0.7 0.477202 0.638334
0.75 0.477124 0.638023
0.8 0.47704 0.63769
0.85 0.476951 0.637336
0.9 0.476856 0.636961
0.95 0.476756 0.636565
1 0.476651 0.636147
1.05 0.47654 0.635708
1.1 0.476423 0.635248
1.15 0.476301 0.634766
1.2 0.476173 0.634264
1.25 0.47604 0.63374
1.3 0.475901 0.633195
1.35 0.475756 0.632629
1.4 0.475606 0.632043
1.45 0.47545 0.631435
1.5 0.475289 0.630806
1.55 0.475122 0.630157
1.6 0.474949 0.629486
1.65 0.47477 0.628795
1.7 0.474585 0.628083
1.75 0.474395 0.62735
1.8 0.474199 0.626597
1.85 0.473997 0.625823
1.9 0.473789 0.625029
1.95 0.473575 0.624214
2 0.473355 0.623378
2.05 0.473129 0.622522
2.1 0.472897 0.621646
2.15 0.47266 0.62075
2.2 0.472416 0.619833
2.25 0.472166 0.618896
2.3 0.47191 0.617939
2.35 0.471648 0.616962
2.4 0.47138 0.615965
2.45 0.471105 0.614949
2.5 0.470824 0.613912
2.55 0.470537 0.612855
2.6 0.470244 0.611779
2.65 0.469944 0.610684
2.7 0.469638 0.609568
2.75 0.469326 0.608434
2.8 0.469007 0.607279
2.85 0.468682 0.606106
2.9 0.46835 0.604913
2.95 0.468012 0.603701
3 0.467667 0.60247
3.05 0.467316 0.60122
3.1 0.466958 0.599952
3.15 0.466593 0.598664
3.2 0.466222 0.597357
3.25 0.465844 0.596032
3.3 0.465459 0.594689
3.35 0.465068 0.593327
3.4 0.46467 0.591946
3.45 0.464264 0.590547
3.5 0.463852 0.58913
3.55 0.463433 0.587695
3.6 0.463008 0.586242
3.65 0.462575 0.584771
3.7 0.462135 0.583282
3.75 0.461688 0.581776
3.8 0.461234 0.580252
3.85 0.460773 0.57871
3.9 0.460305 0.577151
3.95 0.45983 0.575575
4 0.459347 0.573982
4.05 0.458858 0.572371
4.1 0.458361 0.570744
4.15 0.457857 0.569099
4.2 0.457345 0.567439
4.25 0.456826 0.565761
4.3 0.4563 0.564067
4.35 0.455767 0.562356
4.4 0.455226 0.56063
4.45 0.454678 0.558887
4.5 0.454122 0.557128
4.55 0.453559 0.555353
4.6 0.452988 0.553563
4.65 0.45241 0.551757
4.7 0.451824 0.549935
4.75 0.451231 0.548098
4.8 0.45063 0.546245
4.85 0.450021 0.544378
4.9 0.449405 0.542495
4.95 0.448782 0.540598
5 0.44815 0.538686
5.05 0.447511 0.536759
5.1 0.446865 0.534818
5.15 0.44621 0.532862
5.2 0.445548 0.530892
5.25 0.444879 0.528909
5.3 0.444201 0.526911
5.35 0.443516 0.524899
5.4 0.442823 0.522874
5.45 0.442122 0.520835
5.5 0.441414 0.518783
5.55 0.440697 0.516718
5.6 0.439973 0.51464
5.65 0.439242 0.512549
5.7 0.438502 0.510445
5.75 0.437755 0.508328
5.8 0.437 0.506199
5.85 0.436237 0.504058
5.9 0.435466 0.501904
5.95 0.434688 0.499739
6 0.433901 0.497561
6.05 0.433107 0.495372
6.1 0.432306 0.493172
6.15 0.431496 0.49096
6.2 0.430679 0.488736
6.25 0.429854 0.486502
6.3 0.429021 0.484257
6.35 0.428181 0.482001
6.4 0.427333 0.479734
6.45 0.426477 0.477457
6.5 0.425614 0.47517
6.55 0.424743 0.472873
6.6 0.423864 0.470566
6.65 0.422978 0.468249
6.7 0.422084 0.465922
6.75 0.421182 0.463586
6.8 0.420273 0.461241
6.85 0.419357 0.458886
6.9 0.418433 0.456523
6.95 0.417502 0.454151
7 0.416563 0.451771
7.05 0.415616 0.449382
7.1 0.414663 0.446984
7.15 0.413702 0.444579
7.2 0.412734 0.442166
7.25 0.411758 0.439745
7.3 0.410776 0.437317
7.35 0.409786 0.434881
7.4 0.408789 0.432438
7.45 0.407785 0.429988
7.5 0.406774 0.427532
7.55 0.405755 0.425068
7.6 0.40473 0.422598
7.65 0.403698 0.420122
7.7 0.402659 0.41764
7.75 0.401614 0.415152
7.8 0.400561 0.412658
7.85 0.399502 0.410159
7.9 0.398436 0.407654
7.95 0.397364 0.405144
8 0.396285 0.402629
8.05 0.3952 0.400109
8.1 0.394108 0.397584
8.15 0.39301 0.395055
8.2 0.391905 0.392522
8.25 0.390795 0.389985
8.3 0.389678 0.387443
8.35 0.388555 0.384899
8.4 0.387426 0.38235
8.45 0.386291 0.379798
8.5 0.38515 0.377243
8.55 0.384003 0.374685
8.6 0.382851 0.372124
8.65 0.381693 0.369561
8.7 0.380529 0.366995
8.75 0.37936 0.364427
8.8 0.378185 0.361857
8.85 0.377005 0.359285
8.9 0.37582 0.356711
8.95 0.37463 0.354136
9 0.373434 0.351559
9.05 0.372233 0.348982
9.1 0.371028 0.346403
9.15 0.369817 0.343824
9.2 0.368602 0.341244
9.25 0.367382 0.338664
9.3 0.366157 0.336083
9.35 0.364928 0.333503
9.4 0.363695 0.330922
9.45 0.362457 0.328343
9.5 0.361215 0.325763
9.55 0.359968 0.323185
9.6 0.358718 0.320607
9.65 0.357464 0.31803
9.7 0.356206 0.315455
9.75 0.354944 0.312881
9.8 0.353678 0.310309
9.85 0.352409 0.307738
9.9 0.351136 0.30517
9.95 0.34986 0.302604
10 0.348581 0.30004
10.05 0.347298 0.297479
10.1 0.346012 0.29492
10.15 0.344724 0.292365
10.2 0.343432 0.289812
10.25 0.342138 0.287263
10.3 0.340841 0.284717
10.35 0.339542 0.282175
10.4 0.33824 0.279637
10.45 0.336936 0.277102
10.5 0.335629 0.274572
10.55 0.33432 0.272046
10.6 0.33301 0.269525
10.65 0.331697 0.267008
10.7 0.330382 0.264497
10.75 0.329066 0.26199
10.8 0.327748 0.259488
10.85 0.326429 0.256992
10.9 0.325108 0.254501
10.95 0.323787 0.252016
11 0.322463 0.249537
11.05 0.321139 0.247064
11.1 0.319814 0.244597
11.15 0.318488 0.242137
11.2 0.317161 0.239683
11.25 0.315834 0.237236
11.3 0.314506 0.234795
11.35 0.313177 0.232362
11.4 0.311849 0.229936
11.45 0.31052 0.227517
11.5 0.309191 0.225105
11.55 0.307862 0.222702
11.6 0.306533 0.220306
11.65 0.305205 0.217918
11.7 0.303876 0.215538
11.75 0.302549 0.213166
11.8 0.301221 0.210803
11.85 0.299895 0.208448
11.9 0.298569 0.206102
11.95 0.297244 0.203765
12 0.29592 0.201437
12.05 0.294597 0.199118
12.1 0.293275 0.196809
12.15 0.291955 0.194508
12.2 0.290636 0.192218
12.25 0.289318 0.189937
12.3 0.288002 0.187665
12.35 0.286688 0.185404
12.4 0.285376 0.183153
12.45 0.284065 0.180912
12.5 0.282757 0.178682
12.55 0.28145 0.176462
12.6 0.280146 0.174252
12.65 0.278844 0.172054
12.7 0.277545 0.169866
12.75 0.276248 0.167689
12.8 0.274953 0.165523
12.85 0.273661 0.163369
12.9 0.272372 0.161226
12.95 0.271086 0.159094
13 0.269803 0.156974
13.05 0.268523 0.154866
13.1 0.267246 0.15277
13.15 0.265972 0.150685
13.2 0.264701 0.148613
13.25 0.263434 0.146552
13.3 0.262171 0.144504
13.35 0.260911 0.142468
13.4 0.259654 0.140445
13.45 0.258401 0.138434
13.5 0.257152 0.136436
13.55 0.255907 0.13445
13.6 0.254666 0.132478
13.65 0.253429 0.130518
13.7 0.252196 0.128571
13.75 0.250968 0.126638
13.8 0.249743 0.124718
13.85 0.248523 0.12281
13.9 0.247307 0.120917
13.95 0.246096 0.119036
14 0.244889 0.11717
14.05 0.243687 0.115316
14.1 0.24249 0.113477
14.15 0.241297 0.111651
14.2 0.240109 0.109839
14.25 0.238926 0.108041
14.3 0.237748 0.106257
14.35 0.236575 0.104487
14.4 0.235407 0.102731
14.45 0.234244 0.100989
14.5 0.233086 0.0992611
14.55 0.231933 0.0975477
14.6 0.230786 0.0958486
14.65 0.229643 0.0941638
14.7 0.228506 0.0924935
14.75 0.227375 0.0908376
14.8 0.226249 0.0891963
14.85 0.225128 0.0875695
14.9 0.224013 0.0859574
14.95 0.222904 0.0843599
15 0.2218 0.0827771
15.05 0.220701 0.081209
15.1 0.219609 0.0796557
15.15 0.218522 0.0781172
15.2 0.21744 0.0765935
15.25 0.216365 0.0750847
15.3 0.215295 0.0735908
15.35 0.214231 0.0721119
15.4 0.213173 0.0706478
15.45 0.21212 0.0691987
15.5 0.211074 0.0677647
15.55 0.210033 0.0663456
15.6 0.208999 0.0649415
15.65 0.20797 0.0635525
15.7 0.206947 0.0621785
15.75 0.20593 0.0608196
15.8 0.204919 0.0594758
15.85 0.203915 0.058147
15.9 0.202916 0.0568333
15.95 0.201923 0.0555347
16 0.200936 0.0542512
16.05 0.199955 0.0529827
16.1 0.19898 0.0517294
16.15 0.198011 0.0504911
16.2 0.197048 0.0492679
16.25 0.196091 0.0480597
16.3 0.19514 0.0468666
16.35 0.194195 0.0456885
16.4 0.193256 0.0445255
16.45 0.192323 0.0433774
16.5 0.191396 0.0422444
16.55 0.190475 0.0411263
16.6 0.18956 0.0400231
16.65 0.188651 0.0389349
16.7 0.187747 0.0378616
16.75 0.18685 0.0368031
16.8 0.185958 0.0357595
16.85 0.185072 0.0347307
16.9 0.184193 0.0337167
16.95 0.183318 0.0327174
17 0.18245 0.0317328
17.05 0.181587 0.0307629
17.1 0.180731 0.0298076
17.15 0.179879 0.0288669
17.2 0.179034 0.0279408
17.25 0.178194 0.0270291
17.3 0.17736 0.0261319
17.35 0.176531 0.0252491
17.4 0.175708 0.0243807
17.45 0.17489 0.0235266
17.5 0.174078 0.0226867
17.55 0.173271 0.021861
17.6 0.17247 0.0210495
17.65 0.171674 0.020252
17.7 0.170883 0.0194686
17.75 0.170097 0.0186991
17.8 0.169317 0.0179436
17.85 0.168542 0.0172018
17.9 0.167772 0.0164739
17.95 0.167007 0.0157596
18 0.166247 0.015059
18.05 0.165492 0.014372
18.1 0.164741 0.0136985
18.15 0.163996 0.0130383
18.2 0.163256 0.0123916
18.25 0.16252 0.0117581
18.3 0.161789 0.0111378
18.35 0.161063 0.0105307
18.4 0.160341 0.00993656
18.45 0.159624 0.00935541
18.5 0.158911 0.00878714
18.55 0.158203 0.00823168
18.6 0.157499 0.00768893
18.65 0.156799 0.00715881
18.7 0.156103 0.00664124
18.75 0.155412 0.00613612
18.8 0.154725 0.00564338
18.85 0.154042 0.00516291
18.9 0.153363 0.00469463
18.95 0.152688 0.00423845
19 0.152016 0.00379427
19.05 0.151349 0.003362
19.1 0.150685 0.00294154
19.15 0.150025 0.00253281
19.2 0.149368 0.00213569
19.25 0.148715 0.0017501
19.3 0.148066 0.00137594
19.35 0.147419 0.0010131
19.4 0.146777 0.000661492
19.45 0.146137 0.000321004
19.5 0.145501 -8.46083e-06
19.55 0.144867 -0.000327007
19.6 0.144237 -0.000634737
19.65 0.14361 -0.000931757
19.7 0.142986 -0.00121817
19.75 0.142364 -0.00149408
19.8 0.141746 -0.0017596
19.85 0.14113 -0.00201484
19.9 0.140516 -0.0022599
19.95 0.139906 -0.00249488
20 0.139297 -0.00271991
20.05 0.138692 -0.00293509
20.1 0.138088 -0.00314052
20.15 0.137487 -0.00333633
20.2 0.136888 -0.00352262
20.25 0.136292 -0.0036995
20.3 0.135697 -0.00386709
20.35 0.135104 -0.00402549
20.4 0.134514 -0.00417483
20.45 0.133925 -0.00431521
20.5 0.133338 -0.00444675
20.55 0.132753 -0.00456957
20.6 0.13217 -0.00468377
20.65 0.131588 -0.00478948
20.7 0.131008 -0.0048868
20.75 0.130429 -0.00497586
20.8 0.129852 -0.00505676
20.85 0.129276 -0.00512963
20.9 0.128701 -0.00519459
20.95 0.128128 -0.00525173
21 0.127555 -0.00530119
21.05 0.126984 -0.00534308
21.1 0.126414 -0.00537752
21.15 0.125845 -0.00540462
21.2 0.125277 -0.0054245
21.25 0.12471 -0.00543727
21.3 0.124143 -0.00544306
21.35 0.123577 -0.00544197
21.4 0.123012 -0.00543413
21.45 0.122448 -0.00541966
21.5 0.121884 -0.00539866
21.55 0.121321 -0.00537126
21.6 0.120758 -0.00533757
21.65 0.120195 -0.00529771
21.7 0.119633 -0.0052518
21.75 0.119072 -0.00519994
21.8 0.11851 -0.00514226
21.85 0.117949 -0.00507887
21.9 0.117387 -0.00500988
21.95 0.116826 -0.00493542
22 0.116265 -0.00485559
22.05 0.115704 -0.00477052
22.1 0.115143 -0.0046803
22.15 0.114582 -0.00458507
22.2 0.114021 -0.00448493
22.25 0.113459 -0.00437999
22.3 0.112898 -0.00427036
22.35 0.112336 -0.00415617
22.4 0.111773 -0.00403751
22.45 0.111211 -0.00391451
22.5 0.110648 -0.00378727
22.55 0.110085 -0.00365591
22.6 0.109521 -0.00352052
22.65 0.108956 -0.00338123
22.7 0.108392 -0.00323814
22.75 0.107826 -0.00309136
22.8 0.10726 -0.00294099
22.85 0.106694 -0.00278715
22.9 0.106126 -0.00262994
22.95 0.105558 -0.00246946
23 0.10499 -0.00230582
23.05 0.10442 -0.00213913
23.1 0.10385 -0.00196949
23.15 0.103279 -0.001797
23.2 0.102708 -0.00162177
23.25 0.102135 -0.0014439
23.3 0.101562 -0.00126348
23.35 0.100987 -0.00108062
23.4 0.100412 -0.000895418
23.45 0.0998362 -0.000707973
23.5 0.0992592 -0.000518384
23.55 0.0986813 -0.000326746
23.6 0.0981024 -0.000133157
23.65 0.0975226 6.22871e-05
23.7 0.0969419 0.000259492
23.75 0.0963601 0.000458365
23.8 0.0957774 0.000658811
23.85 0.0951936 0.000860738
23.9 0.0946089 0.00106406
23.95 0.0940231 0.00126867
24 0.0934363 0.0014745
24.05 0.0928486 0.00168145
24.1 0.0922598 0.00188943
24.15 0.0916699 0.00209836
24.2 0.0910791 0.00230814
24.25 0.0904873 0.00251871
24.3 0.0898944 0.00272996
24.35 0.0893005 0.00294182
24.4 0.0887057 0.00315421
24.45 0.0881098 0.00336705
24.5 0.0875129 0.00358024
24.55 0.0869151 0.00379373
24.6 0.0863163 0.00400742
24.65 0.0857165 0.00422124
24.7 0.0851158 0.00443511
24.75 0.0845141 0.00464896
24.8 0.0839116 0.00486272
24.85 0.0833081 0.0050763
24.9 0.0827037 0.00528965
24.95 0.0820985 0.00550268
25 0.0814924 0.00571533
25.05 0.0808855 0.00592753
25.1 0.0802778 0.00613921
25.15 0.0796693 0.00635031
25.2 0.07906 0.00656075
25.25 0.0784499 0.00677047
25.3 0.0778392 0.00697942
25.35 0.0772277 0.00718752
25.4 0.0766156 0.00739472
25.45 0.0760029 0.00760095
25.5 0.0753895 0.00780615
25.55 0.0747756 0.00801028
25.6 0.0741611 0.00821326
25.65 0.0735461 0.00841504
25.7 0.0729306 0.00861558
25.75 0.0723146 0.00881481
25.8 0.0716983 0.00901267
25.85 0.0710815 0.00920913
25.9 0.0704644 0.00940413
25.95 0.0698469 0.00959761
26 0.0692292 0.00978954
26.05 0.0686113 0.00997986
26.1 0.0679931 0.0101685
26.15 0.0673748 0.0103555
26.2 0.0667564 0.0105407
26.25 0.0661379 0.0107241
26.3 0.0655193 0.0109057
26.35 0.0649008 0.0110855
26.4 0.0642823 0.0112633
26.45 0.0636638 0.0114392
26.5 0.0630455 0.0116131
26.55 0.0624274 0.0117849
26.6 0.0618095 0.0119547
26.65 0.0611919 0.0121224
26.7 0.0605746 0.012288
26.75 0.0599576 0.0124514
26.8 0.059341 0.0126127
26.85 0.0587249 0.0127717
26.9 0.0581093 0.0129284
26.95 0.0574943 0.0130829
27 0.0568798 0.0132351
27.05 0.056266 0.0133849
27.1 0.0556529 0.0135323
27.15 0.0550405 0.0136774
27.2 0.054429 0.0138201
27.25 0.0538182 0.0139603
27.3 0.0532084 0.0140981
27.35 0.0525995 0.0142334
27.4 0.0519917 0.0143663
27.45 0.0513848 0.0144966
27.5 0.0507791 0.0146243
27.55 0.0501746 0.0147496
27.6 0.0495712 0.0148723
27.65 0.0489691 0.0149924
27.7 0.0483683 0.0151099
27.75 0.0477689 0.0152248
27.8 0.0471709 0.0153371
27.85 0.0465744 0.0154467
27.9 0.0459794 0.0155538
27.95 0.045386 0.0156582
28 0.0447942 0.0157599
28.05 0.044204 0.015859
28.1 0.0436157 0.0159554
28.15 0.0430291 0.0160491
28.2 0.0424443 0.0161401
28.25 0.0418614 0.0162285
28.3 0.0412805 0.0163142
28.35 0.0407016 0.0163972
28.4 0.0401247 0.0164775
28.45 0.0395499 0.0165551
28.5 0.0389773 0.01663
28.55 0.0384068 0.0167023
28.6 0.0378387 0.0167718
28.65 0.0372728 0.0168387
28.7 0.0367093 0.0169029
28.75 0.0361482 0.0169644
28.8 0.0355895 0.0170232
28.85 0.0350334 0.0170793
28.9 0.0344798 0.0171328
28.95 0.0339288 0.0171836
29 0.0333805 0.0172318
29.05 0.0328348 0.0172774
29.1 0.032292 0.0173203
29.15 0.0317519 0.0173605
29.2 0.0312146 0.0173982
29.25 0.0306803 0.0174333
29.3 0.0301489 0.0174657
29.35 0.0296204 0.0174956
29.4 0.029095 0.0175229
29.45 0.0285727 0.0175477
29.5 0.0280535 0.0175699
29.55 0.0275374 0.0175896
29.6 0.0270246 0.0176068
29.65 0.026515 0.0176215
29.7 0.0260087 0.0176337
29.75 0.0255057 0.0176434
29.8 0.0250061 0.0176507
29.85 0.0245098 0.0176556
29.9 0.0240171 0.017658
29.95 0.0235278 0.0176581
30 0.0230421 0.0176558
30.05 0.0225599 0.0176511
30.1 0.0220813 0.0176441
30.15 0.0216063 0.0176347
30.2 0.021135 0.0176231
30.25 0.0206674 0.0176092
30.3 0.0202036 0.017593
30.35 0.0197435 0.0175747
30.4 0.0192873 0.0175541
30.45 0.0188348 0.0175313
30.5 0.0183863 0.0175063
30.55 0.0179416 0.0174792
30.6 0.0175008 0.01745
30.65 0.017064 0.0174187
30.7 0.0166312 0.0173854
30.75 0.0162024 0.0173499
30.8 0.0157776 0.0173125
30.85 0.0153569 0.0172731
30.9 0.0149403 0.0172317
30.95 0.0145277 0.0171883
31 0.0141193 0.0171431
31.05 0.0137151 0.0170959
31.1 0.013315 0.0170469
31.15 0.0129191 0.0169961
31.2 0.0125274 0.0169434
31.25 0.01214 0.016889
31.3 0.0117568 0.0168328
31.35 0.0113778 0.0167748
31.4 0.0110032 0.0167152
31.45 0.0106328 0.0166539
31.5 0.0102667 0.0165909
31.55 0.00990496 0.0165263
31.6 0.00954754 0.0164602
31.65 0.00919446 0.0163924
31.7 0.00884573 0.0163232
31.75 0.00850137 0.0162524
31.8 0.00816137 0.0161802
31.85 0.00782576 0.0161065
31.9 0.00749453 0.0160314
31.95 0.00716769 0.0159549
32 0.00684524 0.015877
32.05 0.0065272 0.0157978
32.1 0.00621355 0.0157173
32.15 0.00590431 0.0156355
32.2 0.00559948 0.0155525
32.25 0.00529905 0.0154682
32.3 0.00500303 0.0153828
32.35 0.00471142 0.0152962
32.4 0.00442421 0.0152085
32.45 0.0041414 0.0151197
32.5 0.00386298 0.0150298
32.55 0.00358895 0.0149389
32.6 0.00331931 0.0148469
32.65 0.00305405 0.014754
32.7 0.00279316 0.0146601
32.75 0.00253664 0.0145652
32.8 0.00228447 0.0144695
32.85 0.00203664 0.0143729
32.9 0.00179315 0.0142755
32.95 0.00155398 0.0141772
33 0.00131912 0.0140782
33.05 0.00108856 0.0139784
33.1 0.000862286 0.0138778
33.15 0.000640278 0.0137766
33.2 0.000422523 0.0136747
33.25 0.000209006 0.0135721
33.3 -2.90608e-07 0.0134689
33.35 -0.000205385 0.0133651
33.4 -0.000406295 0.0132608
33.45 -0.00060304 0.0131559
33.5 -0.00079564 0.0130505
33.55 -0.000984115 0.0129446
33.6 -0.00116849 0.0128383
33.65 -0.00134878 0.0127315
33.7 -0.00152501 0.0126243
33.75 -0.00169721 0.0125167
33.8 -0.0018654 0.0124088
33.85 -0.0020296 0.0123005
33.9 -0.00218984 0.012192
33.95 -0.00234615 0.0120831
34 -0.00249855 0.011974
34.05 -0.00264707 0.0118647
34.1 -0.00279173 0.0117551
34.15 -0.00293257 0.0116454
34.2 -0.00306962 0.0115355
34.25 -0.0032029 0.0114255
34.3 -0.00333245 0.0113153
34.35 -0.00345829 0.0112051
34.4 -0.00358046 0.0110948
34.45 -0.00369899 0.0109845
34.5 -0.00381391 0.0108741
34.55 -0.00392525 0.0107637
34.6 -0.00403305 0.0106534
34.65 -0.00413734 0.0105431
34.7 -0.00423816 0.0104329
34.75 -0.00433553 0.0103227
34.8 -0.0044295 0.0102127
34.85 -0.0045201 0.0101028
34.9 -0.00460737 0.00999299
34.95 -0.00469134 0.00988338
35 -0.00477205 0.00977396
35.05 -0.00484954 0.00966475
35.1 -0.00492384 0.00955576
35.15 -0.00499499 0.00944701
35.2 -0.00506303 0.00933852
35.25 -0.005128 0.00923032
35.3 -0.00518994 0.00912241
35.35 -0.00524888 0.00901481
35.4 -0.00530487 0.00890755
35.45 -0.00535794 0.00880063
35.5 -0.00540813 0.00869408
35.55 -0.00545549 0.00858792
35.6 -0.00550006 0.00848215
35.65 -0.00554187 0.00837679
35.7 -0.00558097 0.00827186
35.75 -0.00561739 0.00816738
35.8 -0.00565118 0.00806336
35.85 -0.00568238 0.00795981
35.9 -0.00571102 0.00785674
35.95 -0.00573716 0.00775418
36 -0.00576084 0.00765213
36.05 -0.00578208 0.00755061
36.1 -0.00580094 0.00744964
36.15 -0.00581746 0.00734921
36.2 -0.00583168 0.00724936
36.25 -0.00584364 0.00715008
36.3 -0.00585339 0.00705139
36.35 -0.00586096 0.0069533
36.4 -0.00586639 0.00685583
36.45 -0.00586974 0.00675898
36.5 -0.00587103 0.00666276
36.55 -0.00587032 0.00656719
36.6 -0.00586765 0.00647228
36.65 -0.00586304 0.00637802
36.7 -0.00585656 0.00628444
36.75 -0.00584824 0.00619155
36.8 -0.00583812 0.00609934
36.85 -0.00582624 0.00600784
36.9 -0.00581264 0.00591704
36.95 -0.00579737 0.00582696
37 -0.00578047 0.0057376
37.05 -0.00576197 0.00564897
37.1 -0.00574192 0.00556109
37.15 -0.00572036 0.00547394
37.2 -0.00569733 0.00538755
37.25 -0.00567286 0.00530192
37.3 -0.00564701 0.00521704
37.35 -0.0056198 0.00513294
37.4 -0.00559129 0.00504961
37.45 -0.0055615 0.00496707
37.5 -0.00553047 0.0048853
37.55 -0.00549826 0.00480433
37.6 -0.00546488 0.00472415
37.65 -0.00543039 0.00464476
37.7 -0.00539482 0.00456618
37.75 -0.00535821 0.0044884
37.8 -0.0053206 0.00441144
37.85 -0.00528202 0.00433528
37.9 -0.0052425 0.00425993
37.95 -0.0052021 0.00418541
38 -0.00516083 0.0041117
38.05 -0.00511875 0.00403881
38.1 -0.00507588 0.00396674
38.15 -0.00503226 0.0038955
38.2 -0.00498792 0.00382509
38.25 -0.0049429 0.0037555
38.3 -0.00489723 0.00368674
38.35 -0.00485095 0.00361881
38.4 -0.00480409 0.0035517
38.45 -0.00475668 0.00348543
38.5 -0.00470875 0.00341998
38.55 -0.00466034 0.00335536
38.6 -0.00461148 0.00329158
38.65 -0.0045622 0.00322862
38.7 -0.00451253 0.00316648
38.75 -0.0044625 0.00310518
38.8 -0.00441214 0.00304469
38.85 -0.00436148 0.00298504
38.9 -0.00431055 0.0029262
38.95 -0.00425938 0.00286818
39 -0.004208 0.00281098
39.05 -0.00415643 0.0027546
39.1 -0.0041047 0.00269903
39.15 -0.00405283 0.00264428
39.2 -0.00400087 0.00259033
39.25 -0.00394882 0.00253718
39.3 -0.00389672 0.00248484
39.35 -0.00384459 0.0024333
39.4 -0.00379246 0.00238256
39.45 -0.00374034 0.00233261
39.5 -0.00368827 0.00228344
39.55 -0.00363626 0.00223507
39.6 -0.00358434 0.00218747
39.65 -0.00353253 0.00214065
39.7 -0.00348086 0.00209461
39.75 -0.00342933 0.00204933
39.8 -0.00337798 0.00200482
39.85 -0.00332683 0.00196107
39.9 -0.00327588 0.00191807
39.95 -0.00322517 0.00187582
40 -0.00317471 0.00183432
40.05 -0.00312452 0.00179356
40.1 -0.00307462 0.00175353
40.15 -0.00302502 0.00171424
40.2 -0.00297575 0.00167567
40.25 -0.00292681 0.00163781
40.3 -0.00287822 0.00160067
40.35 -0.00283 0.00156424
40.4 -0.00278216 0.00152851
40.45 -0.00273472 0.00149347
40.5 -0.0026877 0.00145913
40.55 -0.00264109 0.00142547
40.6 -0.00259493 0.00139248
40.65 -0.00254921 0.00136017
40.7 -0.00250396 0.00132852
40.75 -0.00245917 0.00129753
40.8 -0.00241488 0.0012672
40.85 -0.00237107 0.0012375
40.9 -0.00232777 0.00120845
40.95 -0.00228499 0.00118003
41 -0.00224273 0.00115224
41.05 -0.002201 0.00112506
41.1 -0.00215981 0.0010985
41.15 -0.00211917 0.00107254
41.2 -0.00207908 0.00104718
41.25 -0.00203956 0.00102242
41.3 -0.00200061 0.000998232
41.35 -0.00196223 0.000974626
41.4 -0.00192443 0.000951591
41.45 -0.00188722 0.000929119
41.5 -0.0018506 0.000907203
41.55 -0.00181457 0.000885835
41.6 -0.00177915 0.00086501
41.65 -0.00174432 0.000844719
41.7 -0.00171011 0.000824956
41.75 -0.0016765 0.000805712
41.8 -0.0016435 0.000786982
41.85 -0.00161112 0.000768757
41.9 -0.00157935 0.00075103
41.95 -0.0015482 0.000733795
42 -0.00151767 0.000717043
42.05 -0.00148775 0.000700767
42.1 -0.00145846 0.00068496
42.15 -0.00142978 0.000669615
42.2 -0.00140172 0.000654725
42.25 -0.00137428 0.000640282
42.3 -0.00134745 0.000626278
42.35 -0.00132124 0.000612707
42.4 -0.00129564 0.000599562
42.45 -0.00127066 0.000586834
42.5 -0.00124628 0.000574517
42.55 -0.00122251 0.000562604
42.6 -0.00119934 0.000551087
42.65 -0.00117678 0.000539959
42.7 -0.00115481 0.000529213
42.75 -0.00113343 0.000518842
42.8 -0.00111265 0.000508839
42.85 -0.00109245 0.000499196
42.9 -0.00107283 0.000489907
42.95 -0.00105378 0.000480965
43 -0.00103531 0.000472362
43.05 -0.00101741 0.000464092
43.1 -0.00100006 0.000456147
43.15 -0.000983269 0.000448521
43.2 -0.000967028 0.000441207
43.25 -0.000951329 0.000434199
43.3 -0.000936168 0.000427488
43.35 -0.000921537 0.00042107
43.4 -0.00090743 0.000414936
43.45 -0.000893841 0.000409081
43.5 -0.000880761 0.000403497
43.55 -0.000868185 0.000398179
43.6 -0.000856105 0.00039312
43.65 -0.000844514 0.000388313
43.7 -0.000833403 0.000383752
43.75 -0.000822766 0.00037943
43.8 -0.000812595 0.000375342
43.85 -0.000802881 0.000371481
43.9 -0.000793616 0.000367841
43.95 -0.000784793 0.000364416
44 -0.000776404 0.0003612
44.05 -0.000768439 0.000358187
44.1 -0.00076089 0.000355371
44.15 -0.00075375 0.000352746
44.2 -0.000747008 0.000350306
44.25 -0.000740657 0.000348046
44.3 -0.000734688 0.00034596
44.35 -0.000729092 0.000344042
44.4 -0.00072386 0.000342287
44.45 -0.000718983 0.000340689
44.5 -0.000714453 0.000339243
44.55 -0.00071026 0.000337943
44.6 -0.000706394 0.000336785
44.65 -0.000702849 0.000335763
44.7 -0.000699613 0.000334872
44.75 -0.000696678 0.000334107
44.8 -0.000694035 0.000333463
44.85 -0.000691675 0.000332935
44.9 -0.000689588 0.000332518
44.95 -0.000687766 0.000332207
45 -0.0006862 0.000331998
45.05 -0.00068488 0.000331886
45.1 -0.000683798 0.000331866
45.15 -0.000682944 0.000331934
45.2 -0.00068231 0.000332086
45.25 -0.000681886 0.000332316
45.3 -0.000681663 0.000332622
45.35 -0.000681634 0.000332998
45.4 -0.000681788 0.000333441
45.45 -0.000682117 0.000333946
45.5 -0.000682613 0.00033451
45.55 -0.000683267 0.000335128
45.6 -0.00068407 0.000335797
45.65 -0.000685014 0.000336513
45.7 -0.000686091 0.000337273
45.75 -0.000687291 0.000338071
45.8 -0.000688608 0.000338906
45.85 -0.000690032 0.000339774
45.9 -0.000691555 0.000340671
45.95 -0.00069317 0.000341594
46 -0.000694869 0.000342539
46.05 -0.000696644 0.000343504
46.1 -0.000698487 0.000344485
46.15 -0.000700391 0.00034548
46.2 -0.000702348 0.000346485
46.25 -0.000704351 0.000347497
46.3 -0.000706392 0.000348514
46.35 -0.000708465 0.000349533
46.4 -0.000710563 0.000350551
46.45 -0.000712678 0.000351566
46.5 -0.000714804 0.000352575
46.55 -0.000716934 0.000353576
46.6 -0.000719062 0.000354565
46.65 -0.000721181 0.000355542
46.7 -0.000723286 0.000356503
46.75 -0.000725369 0.000357447
46.8 -0.000727426 0.000358371
46.85 -0.00072945 0.000359273
46.9 -0.000731435 0.000360151
46.95 -0.000733377 0.000361004
47 -0.000735269 0.000361829
47.05 -0.000737106 0.000362625
47.1 -0.000738884 0.00036339
47.15 -0.000740597 0.000364122
47.2 -0.00074224 0.00036482
47.25 -0.000743809 0.000365482
47.3 -0.0007453 0.000366107
47.35 -0.000746707 0.000366693
47.4 -0.000748027 0.000367238
47.45 -0.000749255 0.000367743
47.5 -0.000750388 0.000368205
47.55 -0.000751422 0.000368623
47.6 -0.000752353 0.000368996
47.65 -0.000753178 0.000369324
47.7 -0.000753894 0.000369604
47.75 -0.000754496 0.000369837
47.8 -0.000754983 0.00037002
47.85 -0.000755351 0.000370155
47.9 -0.000755597 0.000370238
47.95 -0.00075572 0.000370271
48 -0.000755716 0.000370252
48.05 -0.000755583 0.000370181
48.1 -0.00075532 0.000370057
48.15 -0.000754924 0.00036988
48.2 -0.000754393 0.000369648
48.25 -0.000753725 0.000369363
48.3 -0.00075292 0.000369022
48.35 -0.000751975 0.000368627
48.4 -0.00075089 0.000368177
48.45 -0.000749663 0.000367671
48.5 -0.000748293 0.000367109
48.55 -0.000746779 0.000366492
48.6 -0.000745121 0.000365819
48.65 -0.000743318 0.000365091
48.7 -0.00074137 0.000364306
48.75 -0.000739276 0.000363466
48.8 -0.000737036 0.00036257
48.85 -0.00073465 0.000361618
48.9 -0.000732118 0.000360611
48.95 -0.00072944 0.000359549
49 -0.000726617 0.000358432
49.05 -0.000723649 0.00035726
49.1 -0.000720536 0.000356034
49.15 -0.00071728 0.000354754
49.2 -0.000713881 0.00035342
49.25 -0.000710339 0.000352033
49.3 -0.000706657 0.000350593
49.35 -0.000702834 0.000349101
49.4 -0.000698873 0.000347558
49.45 -0.000694774 0.000345963
49.5 -0.00069054 0.000344318
49.55 -0.00068617 0.000342622
49.6 -0.000681668 0.000340878
49.65 -0.000677035 0.000339084
49.7 -0.000672272 0.000337243
49.75 -0.000667382 0.000335354
49.8 -0.000662367 0.000333419
49.85 -0.000657228 0.000331438
49.9 -0.000651968 0.000329412
49.95 -0.000646588 0.000327342
50 -0.000641093 0.000325229
