-0.498 -0.000130124 -6.74588e-05
-0.496 -0.000519677 -0.00026944
-0.494 -0.00116785 -0.000605044
-0.492 -0.00207438 -0.00107297
-0.49 -0.00323958 -0.00167149
-0.488 -0.00466433 -0.00239848
-0.486 -0.00635002 -0.0032514
-0.484 -0.00829863 -0.0042273
-0.482 -0.0105126 -0.00532282
-0.48 -0.0129951 -0.0065342
-0.478 -0.0157494 -0.00785726
-0.476 -0.0187795 -0.00928744
-0.474 -0.0220898 -0.0108198
-0.472 -0.0256851 -0.0124489
-0.47 -0.0295705 -0.0141692
-0.468 -0.0337514 -0.0159744
-0.466 -0.0382334 -0.0178581
-0.464 -0.0430226 -0.0198136
-0.462 -0.048125 -0.0218335
-0.46 -0.0535468 -0.0239104
-0.458 -0.0592942 -0.0260364
-0.456 -0.0653734 -0.0282035
-0.454 -0.0717905 -0.030403
-0.452 -0.0785517 -0.0326262
-0.45 -0.0856625 -0.0348642
-0.448 -0.0931285 -0.0371074
-0.446 -0.100955 -0.0393463
-0.444 -0.109146 -0.0415712
-0.442 -0.117707 -0.0437718
-0.44 -0.126641 -0.0459379
-0.438 -0.13595 -0.048059
-0.436 -0.145638 -0.0501243
-0.434 -0.155705 -0.0521229
-0.432 -0.166152 -0.0540439
-0.43 -0.176979 -0.055876
-0.428 -0.188185 -0.0576077
-0.426 -0.199766 -0.0592278
-0.424 -0.211719 -0.0607245
-0.422 -0.22404 -0.0620862
-0.42 -0.236721 -0.0633011
-0.418 -0.249756 -0.0643575
-0.416 -0.263136 -0.0652434
-0.414 -0.276849 -0.065947
-0.412 -0.290884 -0.0664564
-0.41 -0.305228 -0.0667596
-0.408 -0.319865 -0.0668449
-0.406 -0.334778 -0.0667003
-0.404 -0.349949 -0.066314
-0.402 -0.365357 -0.0656745
-0.4 -0.380981 -0.0647699
-0.398 -0.396796 -0.0635888
-0.396 -0.412777 -0.0621198
-0.394 -0.428896 -0.0603517
-0.392 -0.445125 -0.0582733
-0.39 -0.461431 -0.0558737
-0.388 -0.477783 -0.0531423
-0.386 -0.494145 -0.0500686
-0.384 -0.510481 -0.0466424
-0.382 -0.526754 -0.0428536
-0.38 -0.542923 -0.0386927
-0.378 -0.558947 -0.0341504
-0.376 -0.574783 -0.0292176
-0.374 -0.590387 -0.0238859
-0.372 -0.605712 -0.0181469
-0.37 -0.620712 -0.011993
-0.368 -0.635338 -0.00541692
-0.366 -0.64954 0.00158815
-0.364 -0.663267 0.00902841
-0.362 -0.676468 0.0169095
-0.36 -0.689091 0.0252365
-0.358 -0.701081 0.0340137
-0.356 -0.712385 0.043245
-0.354 -0.722949 0.0529331
-0.352 -0.732717 0.0630804
-0.35 -0.741636 0.0736882
-0.348 -0.749651 0.0847571
-0.346 -0.756706 0.0962866
-0.344 -0.762748 0.108276
-0.342 -0.767723 0.120722
-0.34 -0.771578 0.133622
-0.338 -0.77426 0.146971
-0.336 -0.775719 0.160764
-0.334 -0.775905 0.174995
-0.332 -0.774769 0.189655
-0.33 -0.772264 0.204736
-0.328 -0.768346 0.220228
-0.326 -0.762971 0.236118
-0.324 -0.756098 0.252395
-0.322 -0.747689 0.269043
-0.32 -0.737708 0.286048
-0.318 -0.72612 0.303393
-0.316 -0.712896 0.32106
-0.314 -0.698008 0.339028
-0.312 -0.68143 0.357279
-0.31 -0.663141 0.375788
-0.308 -0.643124 0.394533
-0.306 -0.621363 0.41349
-0.304 -0.597846 0.432631
-0.302 -0.572568 0.451931
-0.3 -0.545522 0.471359
-0.298 -0.51671 0.490888
-0.296 -0.486133 0.510486
-0.294 -0.4538 0.530121
-0.292 -0.419721 0.549761
-0.29 -0.383911 0.569373
-0.288 -0.346387 0.588923
-0.286 -0.307172 0.608375
-0.284 -0.26629 0.627695
-0.282 -0.223771 0.646846
-0.28 -0.179646 0.665792
-0.278 -0.133951 0.684497
-0.276 -0.0867239 0.702924
-0.274 -0.0380059 0.721037
-0.272 0.0121588 0.7388
-0.27 0.0637236 0.756175
-0.268 0.11664 0.773129
-0.266 0.170856 0.789625
-0.264 0.226319 0.805629
-0.262 0.282974 0.821108
-0.26 0.340766 0.836029
-0.258 0.399635 0.850361
-0.256 0.459524 0.864073
-0.254 0.520374 0.877136
-0.252 0.582124 0.889524
-0.25 0.644714 0.90121
-0.248 0.708085 0.91217
-0.246 0.772176 0.922383
-0.244 0.836928 0.931829
-0.242 0.902282 0.940489
-0.24 0.968182 0.948347
-0.238 1.03457 0.955391
-0.236 1.10139 0.961609
-0.234 1.16859 0.966992
-0.232 1.23612 0.971534
-0.23 1.30393 0.975233
-0.228 1.37198 0.978086
-0.226 1.44021 0.980096
-0.224 1.50859 0.981267
-0.222 1.57707 0.981606
-0.22 1.64563 0.981123
-0.218 1.71423 0.979831
-0.216 1.78283 0.977746
-0.214 1.85142 0.974885
-0.212 1.91997 0.971269
-0.21 1.98845 0.966923
-0.208 2.05686 0.961872
-0.206 2.12518 0.956145
-0.204 2.1934 0.949773
-0.202 2.26152 0.942791
-0.2 2.32953 0.935234
-0.198 2.39743 0.927142
-0.196 2.46523 0.918556
-0.194 2.53295 0.909517
-0.192 2.60058 0.900073
-0.19 2.66815 0.89027
-0.188 2.73568 0.880157
-0.186 2.80318 0.869785
-0.184 2.87069 0.859206
-0.182 2.93823 0.848476
-0.18 3.00582 0.83765
-0.178 3.07352 0.826785
-0.176 3.14135 0.815939
-0.174 3.20935 0.805171
-0.172 3.27757 0.794543
-0.17 3.34605 0.784115
-0.168 3.41483 0.77395
-0.166 3.48397 0.76411
-0.164 3.55351 0.75466
-0.162 3.62352 0.745661
-0.16 3.69403 0.737179
-0.158 3.76512 0.729278
-0.156 3.83683 0.722022
-0.154 3.90923 0.715475
-0.152 3.98237 0.7097
-0.15 4.05633 0.704763
-0.148 4.13115 0.700725
-0.146 4.2069 0.697651
-0.144 4.28365 0.695601
-0.142 4.36145 0.694637
-0.14 4.44038 0.69482
-0.138 4.5205 0.69621
-0.136 4.60187 0.698864
-0.134 4.68457 0.70284
-0.132 4.76864 0.708195
-0.13 4.85417 0.714982
-0.128 4.94121 0.723254
-0.126 5.02982 0.733065
-0.124 5.12008 0.744462
-0.122 5.21204 0.757494
-0.12 5.30577 0.772207
-0.118 5.40132 0.788646
-0.116 5.49877 0.806851
-0.114 5.59816 0.826863
-0.112 5.69955 0.848719
-0.11 5.803 0.872453
-0.108 5.90856 0.898099
-0.106 6.01629 0.925684
-0.104 6.12623 0.955237
-0.102 6.23844 0.98678
-0.1 6.35294 1.02033
-0.098 6.46979 1.05592
-0.096 6.58903 1.09354
-0.094 6.71068 1.13322
-0.092 6.83477 1.17496
-0.09 6.96134 1.21876
-0.088 7.0904 1.26462
-0.086 7.22196 1.31254
-0.084 7.35604 1.36251
-0.082 7.49265 1.41452
-0.08 7.63177 1.46854
-0.078 7.77341 1.52456
-0.076 7.91754 1.58255
-0.074 8.06414 1.64247
-0.072 8.21318 1.70429
-0.07 8.36462 1.76796
-0.068 8.51841 1.83345
-0.066 8.67449 1.90068
-0.064 8.83279 1.96961
-0.062 8.99323 2.04018
-0.06 9.15572 2.1123
-0.058 9.32017 2.1859
-0.056 9.48645 2.2609
-0.054 9.65445 2.33721
-0.052 9.82402 2.41474
-0.05 9.99502 2.49338
-0.048 10.1673 2.57303
-0.046 10.3406 2.65357
-0.044 10.5149 2.73488
-0.042 10.6898 2.81684
-0.04 10.8653 2.89931
-0.038 11.041 2.98216
-0.036 11.2167 3.06524
-0.034 11.3922 3.14841
-0.032 11.5672 3.2315
-0.03 11.7414 3.31438
-0.028 11.9145 3.39686
-0.026 12.0863 3.47878
-0.024 12.2565 3.55998
-0.022 12.4246 3.64027
-0.02 12.5904 3.71948
-0.018 12.7536 3.79744
-0.016 12.9138 3.87396
-0.014 13.0706 3.94885
-0.012 13.2238 4.02195
-0.01 13.3729 4.09306
-0.008 13.5177 4.162
-0.006 13.6577 4.2286
-0.004 13.7926 4.29268
-0.002 13.922 4.35407
0 14.0457 4.41258
0.002 14.1632 4.46809
0.004 14.2743 4.5204
0.006 14.3785 4.56937
0.008 14.4757 4.61484
0.01 14.5653 4.65668
0.012 14.6473 4.69475
0.014 14.7212 4.72892
0.016 14.7868 4.75909
0.018 14.8438 4.78514
0.02 14.8921 4.80698
0.022 14.9314 4.82452
0.024 14.9614 4.8377
0.026 14.9821 4.84644
0.028 14.9932 4.8507
0.03 14.9946 4.85044
0.032 14.9863 4.84562
0.034 14.968 4.83624
0.036 14.9397 4.82229
0.038 14.9014 4.80378
0.04 14.853 4.78074
0.042 14.7945 4.75319
0.044 14.7259 4.72118
0.046 14.6473 4.68477
0.048 14.5588 4.64402
0.05 14.4603 4.59902
0.052 14.3521 4.54986
0.054 14.2341 4.49664
0.056 14.1067 4.43946
0.058 13.9698 4.37845
0.06 13.8237 4.31374
0.062 13.6686 4.24547
0.064 13.5048 4.17378
0.066 13.3323 4.09882
0.068 13.1515 4.02076
0.07 12.9627 3.93976
0.072 12.766 3.85599
0.074 12.5619 3.76963
0.076 12.3505 3.68087
0.078 12.1322 3.58987
0.08 11.9073 3.49684
0.082 11.6761 3.40197
0.084 11.439 3.30543
0.086 11.1963 3.20744
0.088 10.9483 3.10818
0.09 10.6954 3.00784
0.092 10.438 2.90663
0.094 10.1763 2.80472
0.096 9.91083 2.70232
0.098 9.64185 2.59961
0.1 9.36976 2.49677
0.102 9.09492 2.39399
0.104 8.81767 2.29145
0.106 8.53838 2.18933
0.108 8.25742 2.08778
0.11 7.97512 1.98698
0.112 7.69185 1.88709
0.114 7.40794 1.78827
0.116 7.12374 1.69066
0.118 6.83959 1.5944
0.12 6.55581 1.49964
0.122 6.27274 1.40651
0.124 5.99068 1.31512
0.126 5.70994 1.22559
0.128 5.43084 1.13804
0.13 5.15366 1.05256
0.132 4.8787 0.969257
0.134 4.60622 0.888214
0.136 4.33651 0.809511
0.138 4.06982 0.733223
0.14 3.8064 0.659414
0.142 3.5465 0.588145
0.144 3.29034 0.519466
0.146 3.03816 0.453421
0.148 2.79015 0.390047
0.15 2.54654 0.329374
0.152 2.3075 0.271424
0.154 2.07322 0.216214
0.156 1.84388 0.163752
0.158 1.61963 0.114041
0.16 1.40063 0.0670767
0.162 1.18701 0.0228493
0.164 0.978907 -0.0186578
0.166 0.776441 -0.0574666
0.168 0.57972 -0.093605
0.17 0.388843 -0.127107
0.172 0.203899 -0.15801
0.174 0.0249637 -0.186358
0.176 -0.147894 -0.2122
0.178 -0.314617 -0.235588
0.18 -0.475158 -0.25658
0.182 -0.62948 -0.275237
0.184 -0.777557 -0.291624
0.186 -0.919371 -0.305809
0.188 -1.05492 -0.317865
0.19 -1.18419 -0.327866
0.192 -1.30721 -0.33589
0.194 -1.424 -0.342016
0.196 -1.53458 -0.346328
0.198 -1.639 -0.34891
0.2 -1.7373 -0.349847
0.202 -1.82954 -0.349226
0.204 -1.91579 -0.347138
0.206 -1.99612 -0.34367
0.208 -2.07061 -0.338914
0.21 -2.13935 -0.332959
0.212 -2.20244 -0.325897
0.214 -2.25998 -0.317819
0.216 -2.31208 -0.308816
0.218 -2.35886 -0.298976
0.22 -2.40045 -0.28839
0.222 -2.43698 -0.277146
0.224 -2.46857 -0.265331
0.226 -2.49538 -0.25303
0.228 -2.51755 -0.24033
0.23 -2.53522 -0.227311
0.232 -2.54856 -0.214054
0.234 -2.55773 -0.200638
0.236 -2.56288 -0.18714
0.238 -2.56418 -0.173632
0.24 -2.5618 -0.160187
0.242 -2.55591 -0.146872
0.244 -2.54668 -0.133754
0.246 -2.53429 -0.120895
0.248 -2.51891 -0.108354
0.25 -2.50071 -0.0961879
0.252 -2.47988 -0.0844497
0.254 -2.45657 -0.0731888
0.256 -2.43098 -0.0624515
0.258 -2.40326 -0.0522804
0.26 -2.3736 -0.0427143
0.262 -2.34216 -0.0337886
0.264 -2.3091 -0.025535
0.266 -2.27458 -0.0179814
0.268 -2.23878 -0.011152
0.27 -2.20184 -0.00506726
0.272 -2.16391 0.000256071
0.274 -2.12515 0.00480495
0.276 -2.0857 0.00857002
0.278 -2.04568 0.0115455
0.28 -2.00525 0.0137293
0.282 -1.96451 0.0151228
0.284 -1.9236 0.0157308
0.286 -1.88264 0.0155615
0.288 -1.84172 0.0146262
0.29 -1.80095 0.0129397
0.292 -1.76043 0.0105196
0.294 -1.72025 0.00738633
0.296 -1.6805 0.00356336
0.298 -1.64124 -0.00092335
0.3 -1.60255 -0.00604532
0.302 -1.5645 -0.0117717
0.304 -1.52715 -0.0180696
0.306 -1.49053 -0.024904
0.308 -1.45471 -0.0322381
0.31 -1.41971 -0.0400336
0.312 -1.38557 -0.0482504
0.314 -1.35231 -0.0568476
0.316 -1.31996 -0.0657829
0.318 -1.28854 -0.0750133
0.32 -1.25804 -0.0844951
0.322 -1.22848 -0.0941839
0.324 -1.19986 -0.104035
0.326 -1.17217 -0.114005
0.328 -1.14539 -0.124048
0.33 -1.11953 -0.13412
0.332 -1.09456 -0.144178
0.334 -1.07046 -0.154179
0.336 -1.0472 -0.164079
0.338 -1.02477 -0.173839
0.34 -1.00312 -0.183417
0.342 -0.982238 -0.192775
0.344 -0.962077 -0.201876
0.346 -0.942606 -0.210684
0.348 -0.923786 -0.219164
0.35 -0.905581 -0.227284
0.352 -0.887951 -0.235014
0.354 -0.870856 -0.242327
0.356 -0.854257 -0.249194
0.358 -0.838113 -0.255594
0.36 -0.822383 -0.261503
0.362 -0.807029 -0.266903
0.364 -0.792011 -0.271776
0.366 -0.777291 -0.276108
0.368 -0.76283 -0.279887
0.37 -0.748594 -0.283104
0.372 -0.734547 -0.28575
0.374 -0.720655 -0.287821
0.376 -0.706887 -0.289315
0.378 -0.693213 -0.290231
0.38 -0.679604 -0.290573
0.382 -0.666033 -0.290344
0.384 -0.652477 -0.289552
0.386 -0.638914 -0.288205
0.388 -0.625323 -0.286315
0.39 -0.611687 -0.283895
0.392 -0.597989 -0.280961
0.394 -0.584218 -0.277528
0.396 -0.570361 -0.273616
0.398 -0.55641 -0.269244
0.4 -0.54236 -0.264436
0.402 -0.528204 -0.259213
0.404 -0.513943 -0.253601
0.406 -0.499575 -0.247625
0.408 -0.485103 -0.24131
0.41 -0.470533 -0.234686
0.412 -0.455869 -0.22778
0.414 -0.441121 -0.22062
0.416 -0.426298 -0.213236
0.418 -0.411413 -0.205657
0.42 -0.39648 -0.197913
0.422 -0.381513 -0.190033
0.424 -0.366529 -0.182048
0.426 -0.351546 -0.173986
0.428 -0.336584 -0.165877
0.43 -0.321663 -0.157749
0.432 -0.306804 -0.14963
0.434 -0.29203 -0.141548
0.436 -0.277364 -0.133528
0.438 -0.262829 -0.125597
0.44 -0.248449 -0.117779
0.442 -0.234251 -0.110098
0.444 -0.220257 -0.102575
0.446 -0.206494 -0.0952313
0.448 -0.192987 -0.088087
0.45 -0.179761 -0.0811601
0.452 -0.16684 -0.0744673
0.454 -0.154249 -0.0680237
0.456 -0.142013 -0.061843
0.458 -0.130155 -0.0559373
0.46 -0.118698 -0.0503171
0.462 -0.107664 -0.044991
0.464 -0.0970754 -0.0399663
0.466 -0.0869519 -0.0352486
0.468 -0.0773133 -0.0308417
0.47 -0.068178 -0.0267479
0.472 -0.0595633 -0.022968
0.474 -0.0514852 -0.019501
0.476 -0.0439585 -0.0163445
0.478 -0.0369965 -0.0134948
0.48 -0.0306111 -0.0109466
0.482 -0.0248128 -0.00869314
0.484 -0.0196106 -0.00672655
0.486 -0.0150118 -0.00503765
0.488 -0.0110223 -0.00361612
0.49 -0.00764621 -0.00245057
0.492 -0.00488615 -0.00152863
0.494 -0.00274305 -0.000837014
0.496 -0.00121618 -0.00036166
0.498 -0.000303171 -8.77845e-05
0.05 5.45794 1.73134
0.1 5.45806 1.73131
0.15 5.45826 1.73125
0.2 5.45854 1.73116
0.25 5.4589 1.73105
0.3 5.45935 1.73092
0.35 5.45987 1.73076
0.4 5.46047 1.73058
0.45 5.46115 1.73037
0.5 5.4619 1.73014
0.55 5.46274 1.72989
0.6 5.46365 1.72961
0.65 5.46464 1.7293
0.7 5.46571 1.72898
0.75 5.46685 1.72862
0.8 5.46807 1.72824
0.85 5.46936 1.72784
0.9 5.47073 1.72741
0.95 5.47217 1.72696
1 5.47368 1.72649
1.05 5.47526 1.72598
1.1 5.47691 1.72546
1.15 5.47863 1.7249
1.2 5.48042 1.72433
1.25 5.48227 1.72372
1.3 5.48419 1.72309
1.35 5.48618 1.72244
1.4 5.48822 1.72176
1.45 5.49033 1.72105
1.5 5.4925 1.72032
1.55 5.49473 1.71956
1.6 5.49702 1.71878
1.65 5.49936 1.71797
1.7 5.50176 1.71713
1.75 5.50421 1.71627
1.8 5.50672 1.71538
1.85 5.50927 1.71447
1.9 5.51187 1.71352
1.95 5.51452 1.71255
2 5.51721 1.71156
2.05 5.51995 1.71053
2.1 5.52273 1.70948
2.15 5.52555 1.7084
2.2 5.5284 1.70729
2.25 5.53129 1.70616
2.3 5.53422 1.705
2.35 5.53718 1.70381
2.4 5.54017 1.70259
2.45 5.54318 1.70134
2.5 5.54622 1.70006
2.55 5.54929 1.69876
2.6 5.55238 1.69743
2.65 5.55549 1.69606
2.7 5.55861 1.69467
2.75 5.56175 1.69325
2.8 5.56491 1.6918
2.85 5.56807 1.69032
2.9 5.57124 1.68881
2.95 5.57442 1.68727
3 5.57761 1.6857
3.05 5.58079 1.6841
3.1 5.58398 1.68247
3.15 5.58716 1.68081
3.2 5.59034 1.67912
3.25 5.5935 1.6774
3.3 5.59666 1.67565
3.35 5.59981 1.67387
3.4 5.60294 1.67205
3.45 5.60605 1.6702
3.5 5.60914 1.66833
3.55 5.61221 1.66642
3.6 5.61525 1.66448
3.65 5.61827 1.6625
3.7 5.62126 1.6605
3.75 5.62421 1.65846
3.8 5.62713 1.65639
3.85 5.63001 1.65429
3.9 5.63285 1.65216
3.95 5.63564 1.64999
4 5.63839 1.64779
4.05 5.64109 1.64556
4.1 5.64374 1.64329
4.15 5.64634 1.64099
4.2 5.64888 1.63866
4.25 5.65136 1.6363
4.3 5.65378 1.6339
4.35 5.65614 1.63147
4.4 5.65843 1.629
4.45 5.66065 1.62651
4.5 5.6628 1.62397
4.55 5.66488 1.62141
4.6 5.66687 1.61881
4.65 5.66879 1.61617
4.7 5.67063 1.61351
4.75 5.67238 1.61081
4.8 5.67404 1.60807
4.85 5.67562 1.6053
4.9 5.6771 1.6025
4.95 5.67848 1.59966
5 5.67977 1.59679
5.05 5.68096 1.59388
5.1 5.68205 1.59094
5.15 5.68303 1.58797
5.2 5.68391 1.58496
5.25 5.68467 1.58192
5.3 5.68532 1.57884
5.35 5.68586 1.57573
5.4 5.68628 1.57259
5.45 5.68658 1.56941
5.5 5.68676 1.56619
5.55 5.68682 1.56295
5.6 5.68675 1.55967
5.65 5.68655 1.55635
5.7 5.68622 1.553
5.75 5.68575 1.54962
5.8 5.68515 1.5462
5.85 5.68441 1.54276
5.9 5.68354 1.53927
5.95 5.68252 1.53576
6 5.68136 1.53221
6.05 5.68005 1.52862
6.1 5.67859 1.52501
6.15 5.67698 1.52136
6.2 5.67522 1.51768
6.25 5.67331 1.51397
6.3 5.67124 1.51022
6.35 5.66901 1.50644
6.4 5.66663 1.50263
6.45 5.66408 1.49879
6.5 5.66137 1.49491
6.55 5.65849 1.49101
6.6 5.65545 1.48707
6.65 5.65223 1.4831
6.7 5.64885 1.4791
6.75 5.6453 1.47507
6.8 5.64157 1.47101
6.85 5.63767 1.46692
6.9 5.63359 1.4628
6.95 5.62933 1.45865
7 5.62489 1.45448
7.05 5.62028 1.45027
7.1 5.61548 1.44603
7.15 5.6105 1.44176
7.2 5.60533 1.43747
7.25 5.59998 1.43315
7.3 5.59444 1.4288
7.35 5.58872 1.42442
7.4 5.5828 1.42002
7.45 5.5767 1.41559
7.5 5.5704 1.41113
7.55 5.56391 1.40665
7.6 5.55723 1.40214
7.65 5.55036 1.39761
7.7 5.54329 1.39305
7.75 5.53602 1.38846
7.8 5.52856 1.38386
7.85 5.5209 1.37923
7.9 5.51305 1.37457
7.95 5.505 1.36989
8 5.49675 1.3652
8.05 5.4883 1.36047
8.1 5.47965 1.35573
8.15 5.4708 1.35097
8.2 5.46175 1.34618
8.25 5.4525 1.34138
8.3 5.44305 1.33655
8.35 5.4334 1.33171
8.4 5.42355 1.32685
8.45 5.4135 1.32196
8.5 5.40325 1.31707
8.55 5.39279 1.31215
8.6 5.38214 1.30722
8.65 5.37128 1.30227
8.7 5.36022 1.2973
8.75 5.34896 1.29232
8.8 5.3375 1.28732
8.85 5.32584 1.28231
8.9 5.31399 1.27729
8.95 5.30193 1.27225
9 5.28967 1.2672
9.05 5.27721 1.26214
9.1 5.26456 1.25707
9.15 5.25171 1.25198
9.2 5.23866 1.24689
9.25 5.22541 1.24179
9.3 5.21197 1.23667
9.35 5.19834 1.23155
9.4 5.18451 1.22642
9.45 5.17048 1.22128
9.5 5.15627 1.21613
9.55 5.14186 1.21098
9.6 5.12726 1.20582
9.65 5.11247 1.20066
9.7 5.0975 1.19549
9.75 5.08233 1.19032
9.8 5.06698 1.18515
9.85 5.05145 1.17997
9.9 5.03573 1.17479
9.95 5.01983 1.16961
10 5.00374 1.16442
10.05 4.98748 1.15924
10.1 4.97104 1.15406
10.15 4.95442 1.14887
10.2 4.93763 1.14369
10.25 4.92066 1.13851
10.3 4.90351 1.13334
10.35 4.8862 1.12817
10.4 4.86872 1.123
10.45 4.85107 1.11783
10.5 4.83325 1.11267
10.55 4.81527 1.10752
10.6 4.79713 1.10237
10.65 4.77882 1.09723
10.7 4.76036 1.0921
10.75 4.74174 1.08698
10.8 4.72296 1.08186
10.85 4.70403 1.07675
10.9 4.68495 1.07166
10.95 4.66572 1.06657
11 4.64634 1.0615
11.05 4.62682 1.05644
11.1 4.60715 1.05139
11.15 4.58734 1.04635
11.2 4.5674 1.04133
11.25 4.54731 1.03632
11.3 4.52709 1.03133
11.35 4.50674 1.02635
11.4 4.48626 1.02138
11.45 4.46565 1.01644
11.5 4.44492 1.01151
11.55 4.42406 1.0066
11.6 4.40308 1.00171
11.65 4.38198 0.996834
11.7 4.36077 0.99198
11.75 4.33944 0.987146
11.8 4.318 0.982333
11.85 4.29645 0.97754
11.9 4.2748 0.972769
11.95 4.25304 0.968021
12 4.23118 0.963295
12.05 4.20922 0.958592
12.1 4.18716 0.953913
12.15 4.16501 0.949258
12.2 4.14277 0.944628
12.25 4.12044 0.940023
12.3 4.09802 0.935444
12.35 4.07552 0.930891
12.4 4.05294 0.926365
12.45 4.03028 0.921866
12.5 4.00755 0.917394
12.55 3.98474 0.91295
12.6 3.96186 0.908535
12.65 3.93891 0.904149
12.7 3.9159 0.899793
12.75 3.89283 0.895466
12.8 3.86969 0.891169
12.85 3.8465 0.886903
12.9 3.82325 0.882667
12.95 3.79996 0.878463
13 3.77661 0.874291
13.05 3.75322 0.870151
13.1 3.72978 0.866044
13.15 3.7063 0.861969
13.2 3.68279 0.857927
13.25 3.65923 0.853919
13.3 3.63565 0.849945
13.35 3.61203 0.846005
13.4 3.58839 0.842099
13.45 3.56472 0.838228
13.5 3.54103 0.834392
13.55 3.51732 0.830591
13.6 3.49359 0.826826
13.65 3.46985 0.823097
13.7 3.4461 0.819403
13.75 3.42234 0.815746
13.8 3.39857 0.812125
13.85 3.3748 0.808541
13.9 3.35102 0.804994
13.95 3.32725 0.801484
14 3.30348 0.798011
14.05 3.27972 0.794576
14.1 3.25597 0.791178
14.15 3.23223 0.787818
14.2 3.2085 0.784495
14.25 3.18479 0.781211
14.3 3.1611 0.777965
14.35 3.13743 0.774756
14.4 3.11379 0.771586
14.45 3.09017 0.768455
14.5 3.06658 0.765362
14.55 3.04302 0.762307
14.6 3.0195 0.759291
14.65 2.99601 0.756313
14.7 2.97256 0.753374
14.75 2.94915 0.750473
14.8 2.92579 0.747611
14.85 2.90247 0.744787
14.9 2.8792 0.742002
14.95 2.85597 0.739256
15 2.8328 0.736547
15.05 2.80969 0.733878
15.1 2.78663 0.731246
15.15 2.76363 0.728653
15.2 2.74069 0.726098
15.25 2.71782 0.72358
15.3 2.69501 0.721101
15.35 2.67226 0.71866
15.4 2.64959 0.716256
15.45 2.62698 0.713889
15.5 2.60445 0.71156
15.55 2.582 0.709268
15.6 2.55962 0.707013
15.65 2.53732 0.704795
15.7 2.5151 0.702614
15.75 2.49297 0.700468
15.8 2.47091 0.698359
15.85 2.44895 0.696286
15.9 2.42707 0.694249
15.95 2.40528 0.692247
16 2.38359 0.69028
16.05 2.36198 0.688347
16.1 2.34047 0.68645
16.15 2.31906 0.684587
16.2 2.29774 0.682757
16.25 2.27653 0.680962
16.3 2.25541 0.679199
16.35 2.2344 0.67747
16.4 2.21349 0.675773
16.45 2.19268 0.674109
16.5 2.17199 0.672477
16.55 2.1514 0.670876
16.6 2.13091 0.669306
16.65 2.11054 0.667767
16.7 2.09028 0.666259
16.75 2.07014 0.664781
16.8 2.0501 0.663332
16.85 2.03018 0.661912
16.9 2.01038 0.660521
16.95 1.9907 0.659159
17 1.97113 0.657824
17.05 1.95168 0.656517
17.1 1.93236 0.655236
17.15 1.91315 0.653982
17.2 1.89407 0.652754
17.25 1.8751 0.651552
17.3 1.85627 0.650374
17.35 1.83755 0.649222
17.4 1.81897 0.648093
17.45 1.80051 0.646987
17.5 1.78217 0.645905
17.55 1.76396 0.644845
17.6 1.74588 0.643808
17.65 1.72793 0.642791
17.7 1.71011 0.641796
17.75 1.69242 0.640821
17.8 1.67486 0.639865
17.85 1.65743 0.638929
17.9 1.64013 0.638012
17.95 1.62297 0.637113
18 1.60593 0.636231
18.05 1.58903 0.635367
18.1 1.57226 0.634519
18.15 1.55562 0.633687
18.2 1.53912 0.63287
18.25 1.52275 0.632068
18.3 1.50651 0.63128
18.35 1.49041 0.630506
18.4 1.47444 0.629744
18.45 1.45861 0.628995
18.5 1.44291 0.628258
18.55 1.42734 0.627532
18.6 1.41191 0.626817
18.65 1.39662 0.626111
18.7 1.38145 0.625415
18.75 1.36643 0.624728
18.8 1.35153 0.624049
18.85 1.33677 0.623378
18.9 1.32214 0.622714
18.95 1.30765 0.622056
19 1.29329 0.621404
19.05 1.27907 0.620757
19.1 1.26497 0.620114
19.15 1.25101 0.619476
19.2 1.23718 0.618841
19.25 1.22349 0.618209
19.3 1.20992 0.617579
19.35 1.19649 0.616951
19.4 1.18319 0.616324
19.45 1.17002 0.615697
19.5 1.15698 0.61507
19.55 1.14407 0.614443
19.6 1.13128 0.613814
19.65 1.11863 0.613183
19.7 1.1061 0.612549
19.75 1.09371 0.611913
19.8 1.08143 0.611273
19.85 1.06929 0.610629
19.9 1.05727 0.60998
19.95 1.04538 0.609325
20 1.03361 0.608665
20.05 1.02196 0.607998
20.1 1.01044 0.607324
20.15 0.999042 0.606643
20.2 0.987764 0.605954
20.25 0.976607 0.605256
20.3 0.96557 0.604549
20.35 0.954653 0.603832
20.4 0.943854 0.603105
20.45 0.933174 0.602367
20.5 0.92261 0.601619
20.55 0.912163 0.600858
20.6 0.901831 0.600085
20.65 0.891614 0.5993
20.7 0.88151 0.598501
20.75 0.87152 0.597689
20.8 0.861641 0.596862
20.85 0.851873 0.596021
20.9 0.842216 0.595165
20.95 0.832667 0.594294
21 0.823227 0.593406
21.05 0.813895 0.592503
21.1 0.804668 0.591582
21.15 0.795547 0.590644
21.2 0.786531 0.589689
21.25 0.777618 0.588715
21.3 0.768808 0.587723
21.35 0.760099 0.586713
21.4 0.75149 0.585683
21.45 0.742981 0.584633
21.5 0.734571 0.583564
21.55 0.726258 0.582475
21.6 0.718042 0.581365
21.65 0.709921 0.580234
21.7 0.701894 0.579081
21.75 0.693961 0.577907
21.8 0.686121 0.576712
21.85 0.678371 0.575494
21.9 0.670712 0.574253
21.95 0.663142 0.57299
22 0.655661 0.571704
22.05 0.648266 0.570394
22.1 0.640958 0.569062
22.15 0.633735 0.567705
22.2 0.626596 0.566324
22.25 0.61954 0.564919
22.3 0.612566 0.56349
22.35 0.605672 0.562036
22.4 0.598859 0.560557
22.45 0.592125 0.559054
22.5 0.585468 0.557525
22.55 0.578888 0.555971
22.6 0.572384 0.554391
22.65 0.565955 0.552786
22.7 0.559599 0.551155
22.75 0.553316 0.549498
22.8 0.547105 0.547815
22.85 0.540964 0.546106
22.9 0.534893 0.544371
22.95 0.528891 0.54261
23 0.522956 0.540822
23.05 0.517088 0.539008
23.1 0.511286 0.537168
23.15 0.505548 0.535301
23.2 0.499874 0.533408
23.25 0.494263 0.531488
23.3 0.488713 0.529542
23.35 0.483225 0.527569
23.4 0.477796 0.52557
23.45 0.472427 0.523544
23.5 0.467115 0.521492
23.55 0.461861 0.519413
23.6 0.456663 0.517309
23.65 0.45152 0.515178
23.7 0.446431 0.51302
23.75 0.441396 0.510837
23.8 0.436414 0.508628
23.85 0.431483 0.506393
23.9 0.426604 0.504132
23.95 0.421775 0.501845
24 0.416994 0.499533
24.05 0.412263 0.497195
24.1 0.407579 0.494832
24.15 0.402941 0.492444
24.2 0.39835 0.490032
24.25 0.393804 0.487594
24.3 0.389303 0.485132
24.35 0.384845 0.482645
24.4 0.38043 0.480135
24.45 0.376057 0.4776
24.5 0.371726 0.475042
24.55 0.367436 0.472461
24.6 0.363185 0.469856
24.65 0.358975 0.467228
24.7 0.354802 0.464577
24.75 0.350668 0.461904
24.8 0.346571 0.459209
24.85 0.342511 0.456492
24.9 0.338487 0.453753
24.95 0.334498 0.450993
25 0.330545 0.448212
25.05 0.326625 0.44541
25.1 0.322739 0.442588
25.15 0.318887 0.439746
25.2 0.315066 0.436884
25.25 0.311278 0.434003
25.3 0.307521 0.431102
25.35 0.303796 0.428183
25.4 0.3001 0.425246
25.45 0.296435 0.422291
25.5 0.292798 0.419318
25.55 0.289191 0.416328
25.6 0.285613 0.413321
25.65 0.282062 0.410298
25.7 0.278539 0.407258
25.75 0.275043 0.404203
25.8 0.271574 0.401133
25.85 0.268131 0.398048
25.9 0.264714 0.394949
25.95 0.261322 0.391835
26 0.257956 0.388709
26.05 0.254615 0.385568
26.1 0.251298 0.382416
26.15 0.248005 0.379251
26.2 0.244736 0.376074
26.25 0.24149 0.372886
26.3 0.238268 0.369687
26.35 0.235069 0.366478
26.4 0.231892 0.363258
26.45 0.228737 0.360029
26.5 0.225605 0.356791
26.55 0.222495 0.353545
26.6 0.219406 0.35029
26.65 0.216338 0.347027
26.7 0.213292 0.343758
26.75 0.210267 0.340482
26.8 0.207262 0.337199
26.85 0.204278 0.333911
26.9 0.201315 0.330617
26.95 0.198371 0.327319
27 0.195448 0.324016
27.05 0.192545 0.32071
27.1 0.189661 0.3174
27.15 0.186797 0.314087
27.2 0.183953 0.310773
27.25 0.181128 0.307456
27.3 0.178322 0.304137
27.35 0.175535 0.300818
27.4 0.172768 0.297499
27.45 0.170019 0.294179
27.5 0.16729 0.290861
27.55 0.164579 0.287543
27.6 0.161888 0.284227
27.65 0.159215 0.280912
27.7 0.15656 0.277601
27.75 0.153925 0.274292
27.8 0.151308 0.270987
27.85 0.148709 0.267686
27.9 0.14613 0.264389
27.95 0.143569 0.261097
28 0.141026 0.257811
28.05 0.138502 0.25453
28.1 0.135997 0.251256
28.15 0.13351 0.247988
28.2 0.131042 0.244728
28.25 0.128592 0.241476
28.3 0.126161 0.238231
28.35 0.123749 0.234996
28.4 0.121355 0.231769
28.45 0.11898 0.228552
28.5 0.116624 0.225345
28.55 0.114287 0.222149
28.6 0.111969 0.218963
28.65 0.109669 0.215789
28.7 0.107389 0.212626
28.75 0.105127 0.209476
28.8 0.102885 0.206338
28.85 0.100662 0.203214
28.9 0.0984577 0.200102
28.95 0.096273 0.197005
29 0.0941076 0.193922
29.05 0.0919616 0.190853
29.1 0.0898351 0.1878
29.15 0.0877282 0.184762
29.2 0.0856409 0.18174
29.25 0.0835733 0.178734
29.3 0.0815256 0.175744
29.35 0.0794977 0.172772
29.4 0.0774897 0.169817
29.45 0.0755018 0.166879
29.5 0.073534 0.16396
29.55 0.0715863 0.161059
29.6 0.069659 0.158176
29.65 0.067752 0.155313
29.7 0.0658654 0.152469
29.75 0.0639993 0.149645
29.8 0.0621538 0.146841
29.85 0.060329 0.144057
29.9 0.0585249 0.141293
29.95 0.0567417 0.138551
30 0.0549793 0.13583
30.05 0.0532379 0.13313
30.1 0.0515175 0.130452
30.15 0.0498182 0.127796
30.2 0.0481401 0.125163
30.25 0.0464832 0.122552
30.3 0.0448476 0.119964
30.35 0.0432334 0.117399
30.4 0.0416406 0.114857
30.45 0.0400693 0.112339
30.5 0.0385195 0.109844
30.55 0.0369913 0.107373
30.6 0.0354848 0.104927
30.65 0.0339999 0.102505
30.7 0.0325368 0.100107
30.75 0.0310954 0.0977345
30.8 0.0296758 0.0953867
30.85 0.028278 0.0930639
30.9 0.0269021 0.0907664
30.95 0.0255481 0.0884943
31 0.024216 0.0862477
31.05 0.0229059 0.0840269
31.1 0.0216177 0.0818319
31.15 0.0203514 0.0796628
31.2 0.0191071 0.0775198
31.25 0.0178848 0.0754031
31.3 0.0166845 0.0733126
31.35 0.0155061 0.0712486
31.4 0.0143497 0.069211
31.45 0.0132153 0.0672
31.5 0.0121028 0.0652157
31.55 0.0110122 0.063258
31.6 0.0099435 0.0613272
31.65 0.00889666 0.0594232
31.7 0.00787164 0.0575461
31.75 0.00686841 0.0556959
31.8 0.00588693 0.0538727
31.85 0.00492715 0.0520764
31.9 0.00398902 0.0503072
31.95 0.00307248 0.0485649
32 0.00217747 0.0468497
32.05 0.00130393 0.0451615
32.1 0.00045179 0.0435004
32.15 -0.00037903 0.0418662
32.2 -0.0011886 0.040259
32.25 -0.00197702 0.0386787
32.3 -0.00274436 0.0371253
32.35 -0.00349072 0.0355989
32.4 -0.0042162 0.0340992
32.45 -0.00492089 0.0326263
32.5 -0.00560491 0.03118
32.55 -0.00626837 0.0297605
32.6 -0.00691137 0.0283674
32.65 -0.00753405 0.0270009
32.7 -0.00813653 0.0256607
32.75 -0.00871892 0.0243468
32.8 -0.00928138 0.0230591
32.85 -0.00982403 0.0217976
32.9 -0.010347 0.020562
32.95 -0.0108505 0.0193522
33 -0.0113346 0.0181682
33.05 -0.0117995 0.0170098
33.1 -0.0122453 0.0158769
33.15 -0.0126723 0.0147693
33.2 -0.0130805 0.013687
33.25 -0.0134702 0.0126296
33.3 -0.0138415 0.0115972
33.35 -0.0141946 0.0105895
33.4 -0.0145297 0.00960635
33.45 -0.014847 0.0086476
33.5 -0.0151466 0.00771307
33.55 -0.0154288 0.00680258
33.6 -0.0156937 0.00591595
33.65 -0.0159416 0.00505299
33.7 -0.0161727 0.0042135
33.75 -0.0163871 0.00339729
33.8 -0.0165852 0.00260415
33.85 -0.016767 0.00183388
33.9 -0.0169328 0.00108627
33.95 -0.0170829 0.000361103
34 -0.0172174 -0.000341837
34.05 -0.0173366 -0.00102277
34.1 -0.0174407 -0.00168193
34.15 -0.01753 -0.00231953
34.2 -0.0176047 -0.00293581
34.25 -0.0176649 -0.00353101
34.3 -0.017711 -0.00410537
34.35 -0.0177433 -0.00465912
34.4 -0.0177618 -0.00519251
34.45 -0.017767 -0.0057058
34.5 -0.017759 -0.00619922
34.55 -0.0177381 -0.00667303
34.6 -0.0177045 -0.00712749
34.65 -0.0176586 -0.00756286
34.7 -0.0176005 -0.00797939
34.75 -0.0175304 -0.00837735
34.8 -0.0174488 -0.00875701
34.85 -0.0173558 -0.00911862
34.9 -0.0172517 -0.00946247
34.95 -0.0171367 -0.00978881
35 -0.0170111 -0.0100979
35.05 -0.0168752 -0.0103901
35.1 -0.0167293 -0.0106656
35.15 -0.0165736 -0.0109246
35.2 -0.0164083 -0.0111676
35.25 -0.0162338 -0.0113947
35.3 -0.0160503 -0.0116062
35.35 -0.0158581 -0.0118024
35.4 -0.0156574 -0.0119837
35.45 -0.0154485 -0.0121502
35.5 -0.0152317 -0.0123023
35.55 -0.0150073 -0.0124402
35.6 -0.0147755 -0.0125642
35.65 -0.0145366 -0.0126747
35.7 -0.0142908 -0.0127718
35.75 -0.0140384 -0.0128559
35.8 -0.0137797 -0.0129273
35.85 -0.013515 -0.0129862
35.9 -0.0132445 -0.013033
35.95 -0.0129685 -0.0130679
36 -0.0126872 -0.0130911
36.05 -0.0124009 -0.0131031
36.1 -0.0121098 -0.013104
36.15 -0.0118143 -0.0130942
36.2 -0.0115146 -0.0130738
36.25 -0.0112108 -0.0130433
36.3 -0.0109034 -0.0130029
36.35 -0.0105925 -0.0129528
36.4 -0.0102784 -0.0128934
36.45 -0.00996136 -0.0128249
36.5 -0.00964158 -0.0127475
36.55 -0.00931933 -0.0126617
36.6 -0.00899485 -0.0125675
36.65 -0.00866839 -0.0124654
36.7 -0.00834018 -0.0123555
36.75 -0.00801045 -0.0122381
36.8 -0.00767945 -0.0121136
36.85 -0.00734739 -0.0119821
36.9 -0.00701451 -0.011844
36.95 -0.00668104 -0.0116994
37 -0.0063472 -0.0115486
37.05 -0.0060132 -0.011392
37.1 -0.00567927 -0.0112297
37.15 -0.00534561 -0.011062
37.2 -0.00501245 -0.0108891
37.25 -0.00467998 -0.0107113
37.3 -0.00434841 -0.0105288
37.35 -0.00401795 -0.0103419
37.4 -0.00368878 -0.0101508
37.45 -0.00336112 -0.00995578
37.5 -0.00303514 -0.00975699
37.55 -0.00271104 -0.00955471
37.6 -0.002389 -0.00934915
37.65 -0.0020692 -0.00914054
37.7 -0.00175181 -0.0089291
37.75 -0.00143702 -0.00871505
37.8 -0.001125 -0.0084986
37.85 -0.000815896 -0.00827996
37.9 -0.000509887 -0.00805935
37.95 -0.000207127 -0.00783696
38 9.22297e-05 -0.00761299
38.05 0.000388031 -0.00738765
38.1 0.000680132 -0.00716113
38.15 0.000968387 -0.00693363
38.2 0.00125266 -0.00670532
38.25 0.00153281 -0.00647641
38.3 0.00180872 -0.00624706
38.35 0.00208025 -0.00601745
38.4 0.00234728 -0.00578777
38.45 0.00260969 -0.00555818
38.5 0.00286737 -0.00532885
38.55 0.00312021 -0.00509995
38.6 0.0033681 -0.00487163
38.65 0.00361094 -0.00464405
38.7 0.00384863 -0.00441737
38.75 0.00408108 -0.00419174
38.8 0.00430819 -0.00396729
38.85 0.00452989 -0.00374419
38.9 0.00474609 -0.00352255
38.95 0.00495672 -0.00330253
39 0.00516169 -0.00308425
39.05 0.00536095 -0.00286784
39.1 0.00555442 -0.00265342
39.15 0.00574206 -0.00244112
39.2 0.00592379 -0.00223105
39.25 0.00609957 -0.00202333
39.3 0.00626935 -0.00181807
39.35 0.00643309 -0.00161536
39.4 0.00659074 -0.00141532
39.45 0.00674228 -0.00121805
39.5 0.00688766 -0.00102363
39.55 0.00702686 -0.000832172
39.6 0.00715986 -0.000643749
39.65 0.00728664 -0.00045845
39.7 0.00740717 -0.000276356
39.75 0.00752145 -9.7546e-05
39.8 0.00762947 7.79074e-05
39.85 0.00773123 0.000249933
39.9 0.00782672 0.000418465
39.95 0.00791594 0.000583438
40 0.00799891 0.000744793
40.05 0.00807563 0.000902473
40.1 0.00814611 0.00105643
40.15 0.00821038 0.0012066
40.2 0.00826845 0.00135295
40.25 0.00832036 0.00149543
40.3 0.00836611 0.001634
40.35 0.00840576 0.00176863
40.4 0.00843933 0.00189928
40.45 0.00846686 0.00202593
40.5 0.00848838 0.00214853
40.55 0.00850396 0.00226708
40.6 0.00851362 0.00238155
40.65 0.00851742 0.00249191
40.7 0.00851542 0.00259817
40.75 0.00850767 0.00270029
40.8 0.00849423 0.00279829
40.85 0.00847516 0.00289214
40.9 0.00845052 0.00298184
40.95 0.00842039 0.00306741
41 0.00838483 0.00314882
41.05 0.00834392 0.0032261
41.1 0.00829772 0.00329925
41.15 0.00824632 0.00336828
41.2 0.0081898 0.0034332
41.25 0.00812823 0.00349403
41.3 0.00806171 0.00355078
41.35 0.00799031 0.00360348
41.4 0.00791413 0.00365215
41.45 0.00783326 0.00369681
41.5 0.00774778 0.00373748
41.55 0.0076578 0.00377421
41.6 0.0075634 0.00380701
41.65 0.00746469 0.00383593
41.7 0.00736177 0.003861
41.75 0.00725473 0.00388226
41.8 0.00714368 0.00389974
41.85 0.00702872 0.00391349
41.9 0.00690996 0.00392355
41.95 0.0067875 0.00392996
42 0.00666145 0.00393278
42.05 0.00653192 0.00393205
42.1 0.00639902 0.00392783
42.15 0.00626286 0.00392015
42.2 0.00612355 0.00390909
42.25 0.0059812 0.00389469
42.3 0.00583593 0.003877
42.35 0.00568785 0.00385609
42.4 0.00553708 0.00383202
42.45 0.00538373 0.00380484
42.5 0.00522792 0.00377462
42.55 0.00506976 0.00374142
42.6 0.00490937 0.0037053
42.65 0.00474686 0.00366633
42.7 0.00458236 0.00362457
42.75 0.00441597 0.00358009
42.8 0.00424783 0.00353296
42.85 0.00407804 0.00348325
42.9 0.00390672 0.00343102
42.95 0.00373398 0.00337635
43 0.00355996 0.0033193
43.05 0.00338475 0.00325995
43.1 0.00320849 0.00319837
43.15 0.00303127 0.00313463
43.2 0.00285323 0.0030688
43.25 0.00267447 0.00300096
43.3 0.0024951 0.00293118
43.35 0.00231525 0.00285953
43.4 0.00213502 0.0027861
43.45 0.00195453 0.00271094
43.5 0.00177389 0.00263414
43.55 0.0015932 0.00255578
43.6 0.00141259 0.00247592
43.65 0.00123214 0.00239464
43.7 0.00105199 0.00231201
43.75 0.000872218 0.00222812
43.8 0.000692944 0.00214303
43.85 0.000514269 0.00205683
43.9 0.000336295 0.00196957
43.95 0.000159125 0.00188134
44 -1.71419e-05 0.00179222
44.05 -0.000192407 0.00170227
44.1 -0.000366574 0.00161156
44.15 -0.000539545 0.00152018
44.2 -0.000711228 0.00142819
44.25 -0.000881529 0.00133566
44.3 -0.00105036 0.00124267
44.35 -0.00121762 0.00114928
44.4 -0.00138324 0.00105557
44.45 -0.00154712 0.000961604
44.5 -0.00170918 0.000867451
44.55 -0.00186934 0.000773179
44.6 -0.00202752 0.000678856
44.65 -0.00218363 0.000584549
44.7 -0.00233761 0.000490322
44.75 -0.00248937 0.00039624
44.8 -0.00263884 0.000302369
44.85 -0.00278596 0.00020877
44.9 -0.00293066 0.000115506
44.95 -0.00307285 2.26389e-05
45 -0.0032125 -6.97721e-05
45.05 -0.00334952 -0.000161667
45.1 -0.00348386 -0.000252989
45.15 -0.00361545 -0.000343678
45.2 -0.00374426 -0.000433681
45.25 -0.00387021 -0.000522941
45.3 -0.00399325 -0.000611405
45.35 -0.00411335 -0.00069902
45.4 -0.00423044 -0.000785733
45.45 -0.00434449 -0.000871496
45.5 -0.00445544 -0.000956257
45.55 -0.00456326 -0.00103997
45.6 -0.00466792 -0.00112259
45.65 -0.00476936 -0.00120406
45.7 -0.00486756 -0.00128435
45.75 -0.00496249 -0.00136342
45.8 -0.00505411 -0.00144121
45.85 -0.0051424 -0.00151769
45.9 -0.00522733 -0.00159282
45.95 -0.00530888 -0.00166656
46 -0.00538702 -0.00173887
46.05 -0.00546175 -0.00180973
46.1 -0.00553303 -0.00187909
46.15 -0.00560086 -0.00194692
46.2 -0.00566522 -0.0020132
46.25 -0.0057261 -0.00207789
46.3 -0.0057835 -0.00214096
46.35 -0.00583741 -0.00220238
46.4 -0.00588783 -0.00226214
46.45 -0.00593474 -0.0023202
46.5 -0.00597816 -0.00237654
46.55 -0.00601809 -0.00243115
46.6 -0.00605452 -0.00248399
46.65 -0.00608747 -0.00253506
46.7 -0.00611695 -0.00258432
46.75 -0.00614297 -0.00263178
46.8 -0.00616553 -0.0026774
46.85 -0.00618466 -0.00272119
46.9 -0.00620036 -0.00276312
46.95 -0.00621267 -0.00280318
47 -0.00622159 -0.00284137
47.05 -0.00622715 -0.00287767
47.1 -0.00622938 -0.00291208
47.15 -0.0062283 -0.0029446
47.2 -0.00622394 -0.00297521
47.25 -0.00621632 -0.00300392
47.3 -0.00620549 -0.00303072
47.35 -0.00619146 -0.00305562
47.4 -0.00617428 -0.0030786
47.45 -0.00615399 -0.00309969
47.5 -0.00613061 -0.00311887
47.55 -0.00610419 -0.00313615
47.6 -0.00607477 -0.00315154
47.65 -0.0060424 -0.00316504
47.7 -0.0060071 -0.00317666
47.75 -0.00596894 -0.00318641
47.8 -0.00592796 -0.0031943
47.85 -0.0058842 -0.00320034
47.9 -0.00583771 -0.00320455
47.95 -0.00578855 -0.00320693
48 -0.00573676 -0.00320749
48.05 -0.0056824 -0.00320627
48.1 -0.00562552 -0.00320326
48.15 -0.00556617 -0.00319849
48.2 -0.00550442 -0.00319198
48.25 -0.00544032 -0.00318375
48.3 -0.00537393 -0.00317381
48.35 -0.0053053 -0.00316218
48.4 -0.0052345 -0.00314889
48.45 -0.00516158 -0.00313397
48.5 -0.00508662 -0.00311742
48.55 -0.00500966 -0.00309929
48.6 -0.00493077 -0.00307959
48.65 -0.00485002 -0.00305835
48.7 -0.00476747 -0.00303559
48.75 -0.00468319 -0.00301135
48.8 -0.00459723 -0.00298564
48.85 -0.00450968 -0.00295851
48.9 -0.00442058 -0.00292998
48.95 -0.00433001 -0.00290007
49 -0.00423804 -0.00286882
49.05 -0.00414473 -0.00283627
49.1 -0.00405015 -0.00280243
49.15 -0.00395437 -0.00276735
49.2 -0.00385746 -0.00273106
49.25 -0.00375948 -0.00269359
49.3 -0.0036605 -0.00265497
49.35 -0.00356059 -0.00261524
49.4 -0.00345983 -0.00257443
49.45 -0.00335827 -0.00253257
49.5 -0.00325598 -0.00248971
49.55 -0.00315305 -0.00244587
49.6 -0.00304952 -0.0024011
49.65 -0.00294547 -0.00235543
49.7 -0.00284098 -0.00230889
49.75 -0.00273609 -0.00226153
49.8 -0.00263089 -0.00221337
49.85 -0.00252544 -0.00216446
49.9 -0.00241981 -0.00211483
49.95 -0.00231406 -0.00206451
50 -0.00220825 -0.00201356
