-0.498 -0.000241956 -8.8488e-05
-0.496 -0.000941744 -0.000345637
-0.494 -0.00205942 -0.000758436
-0.492 -0.00355418 -0.00131323
-0.49 -0.0053846 -0.00199582
-0.488 -0.00750895 -0.00279156
-0.486 -0.00988544 -0.00368544
-0.484 -0.0124725 -0.0046622
-0.482 -0.0152292 -0.00570646
-0.48 -0.0181151 -0.00680277
-0.478 -0.0210912 -0.00793574
-0.476 -0.0241195 -0.00909016
-0.474 -0.0271637 -0.0102511
-0.472 -0.0301894 -0.0114039
-0.47 -0.0331641 -0.0125345
-0.468 -0.0360576 -0.0136292
-0.466 -0.0388423 -0.0146751
-0.464 -0.0414931 -0.01566
-0.462 -0.0439878 -0.0165724
-0.46 -0.0463074 -0.0174017
-0.458 -0.0484358 -0.0181382
-0.456 -0.0503603 -0.0187733
-0.454 -0.0520716 -0.0192992
-0.452 -0.0535637 -0.0197094
-0.45 -0.0548343 -0.0199983
-0.448 -0.0558847 -0.0201617
-0.446 -0.0567197 -0.0201962
-0.444 -0.0573476 -0.0200998
-0.442 -0.0577804 -0.0198715
-0.44 -0.0580335 -0.0195115
-0.438 -0.058126 -0.0190211
-0.436 -0.0580799 -0.0184025
-0.434 -0.0579209 -0.0176593
-0.432 -0.0576775 -0.0167958
-0.43 -0.0573812 -0.0158172
-0.428 -0.0570665 -0.0147297
-0.426 -0.0567703 -0.0135404
-0.424 -0.0565317 -0.0122568
-0.422 -0.0563924 -0.0108871
-0.42 -0.0563956 -0.00944037
-0.418 -0.0565863 -0.00792566
-0.416 -0.0570108 -0.00635258
-0.414 -0.0577167 -0.00473091
-0.412 -0.0587521 -0.00307054
-0.41 -0.0601657 -0.00138133
-0.408 -0.0620064 0.000326967
-0.406 -0.064323 0.00204487
-0.404 -0.0671635 0.00376325
-0.402 -0.0705756 0.00547348
-0.4 -0.0746053 0.00716753
-0.398 -0.0792974 0.00883811
-0.396 -0.084695 0.0104788
-0.394 -0.0908388 0.012084
-0.392 -0.0977672 0.0136494
-0.39 -0.105516 0.0151716
-0.388 -0.114117 0.0166488
-0.386 -0.123599 0.0180801
-0.384 -0.133989 0.0194664
-0.382 -0.145306 0.02081
-0.38 -0.157569 0.0221148
-0.378 -0.17079 0.0233863
-0.376 -0.184977 0.0246317
-0.374 -0.200133 0.0258599
-0.372 -0.216256 0.0270817
-0.37 -0.233337 0.0283094
-0.368 -0.251365 0.0295573
-0.366 -0.270321 0.0308415
-0.364 -0.290181 0.0321796
-0.362 -0.310915 0.0335911
-0.36 -0.332486 0.0350972
-0.358 -0.354854 0.0367205
-0.356 -0.377971 0.0384853
-0.354 -0.401785 0.0404173
-0.352 -0.426235 0.0425436
-0.35 -0.451257 0.0448924
-0.348 -0.476781 0.0474933
-0.346 -0.502733 0.0503764
-0.344 -0.52903 0.0535732
-0.342 -0.555587 0.0571155
-0.34 -0.582313 0.0610357
-0.338 -0.609114 0.0653665
-0.336 -0.63589 0.0701409
-0.334 -0.662537 0.0753916
-0.332 -0.688948 0.0811514
-0.33 -0.715013 0.0874523
-0.328 -0.740618 0.0943258
-0.326 -0.765648 0.101803
-0.324 -0.789984 0.109912
-0.322 -0.813506 0.118683
-0.32 -0.836094 0.128141
-0.318 -0.857624 0.138312
-0.316 -0.877974 0.149219
-0.314 -0.897022 0.160882
-0.312 -0.914645 0.173321
-0.31 -0.930722 0.186551
-0.308 -0.945132 0.200586
-0.306 -0.957758 0.215435
-0.304 -0.968484 0.231107
-0.302 -0.977196 0.247606
-0.3 -0.983784 0.264933
-0.298 -0.988141 0.283085
-0.296 -0.990164 0.302056
-0.294 -0.989756 0.321837
-0.292 -0.986822 0.342413
-0.29 -0.981273 0.363769
-0.288 -0.973027 0.385884
-0.286 -0.962004 0.408732
-0.284 -0.948135 0.432285
-0.282 -0.931352 0.456512
-0.28 -0.911597 0.481377
-0.278 -0.888818 0.506839
-0.276 -0.862968 0.532857
-0.274 -0.83401 0.559384
-0.272 -0.801911 0.586371
-0.27 -0.766647 0.613763
-0.268 -0.728201 0.641506
-0.266 -0.686563 0.669541
-0.264 -0.64173 0.697806
-0.262 -0.593709 0.726237
-0.26 -0.542509 0.754769
-0.258 -0.488151 0.783333
-0.256 -0.43066 0.811859
-0.254 -0.370071 0.840276
-0.252 -0.306422 0.868511
-0.25 -0.23976 0.896489
-0.248 -0.170138 0.924138
-0.246 -0.0976148 0.951382
-0.244 -0.0222559 0.978144
-0.242 0.0558682 1.00435
-0.24 0.136682 1.02993
-0.238 0.220103 1.0548
-0.236 0.306047 1.0789
-0.234 0.394423 1.10215
-0.232 0.485136 1.12447
-0.23 0.578088 1.14581
-0.228 0.673178 1.1661
-0.226 0.7703 1.18527
-0.224 0.869347 1.20326
-0.222 0.97021 1.22001
-0.22 1.07278 1.23547
-0.218 1.17693 1.24959
-0.216 1.28257 1.26231
-0.214 1.38956 1.27359
-0.212 1.4978 1.2834
-0.21 1.60716 1.29169
-0.208 1.71754 1.29844
-0.206 1.82882 1.30361
-0.204 1.94088 1.30719
-0.202 2.05362 1.30915
-0.2 2.16691 1.30949
-0.198 2.28065 1.30819
-0.196 2.39474 1.30525
-0.194 2.50907 1.30067
-0.192 2.62354 1.29447
-0.19 2.73804 1.28666
-0.188 2.85249 1.27725
-0.186 2.96679 1.26626
-0.184 3.08086 1.25374
-0.182 3.19461 1.2397
-0.18 3.30796 1.2242
-0.178 3.42083 1.20727
-0.176 3.53317 1.18898
-0.174 3.64489 1.16936
-0.172 3.75594 1.1485
-0.17 3.86627 1.12644
-0.168 3.97583 1.10326
-0.166 4.08456 1.07905
-0.164 4.19244 1.05387
-0.162 4.29942 1.02781
-0.16 4.40548 1.00097
-0.158 4.5106 0.973441
-0.156 4.61476 0.945315
-0.154 4.71795 0.916697
-0.152 4.82016 0.887694
-0.15 4.92141 0.858413
-0.148 5.02168 0.82897
-0.146 5.12101 0.799478
-0.144 5.2194 0.770059
-0.142 5.31689 0.740832
-0.14 5.41351 0.711923
-0.138 5.50928 0.683458
-0.136 5.60427 0.655565
-0.134 5.6985 0.628373
-0.132 5.79206 0.602016
-0.13 5.88498 0.576625
-0.128 5.97734 0.552333
-0.126 6.06922 0.529276
-0.124 6.16068 0.507586
-0.122 6.25181 0.487399
-0.12 6.34271 0.468849
-0.118 6.43345 0.452068
-0.116 6.52414 0.437188
-0.114 6.61489 0.424341
-0.112 6.70578 0.413655
-0.11 6.79694 0.405258
-0.108 6.88848 0.399273
-0.106 6.9805 0.395822
-0.104 7.07313 0.395024
-0.102 7.16649 0.396992
-0.1 7.2607 0.401838
-0.098 7.35587 0.409667
-0.096 7.45214 0.420579
-0.094 7.54961 0.434672
-0.092 7.64842 0.452034
-0.09 7.74869 0.47275
-0.088 7.85052 0.496895
-0.086 7.95403 0.52454
-0.084 8.05933 0.555746
-0.082 8.16653 0.590568
-0.08 8.27573 0.62905
-0.078 8.38701 0.671228
-0.076 8.50045 0.71713
-0.074 8.61615 0.766772
-0.072 8.73415 0.820159
-0.07 8.85451 0.877288
-0.068 8.97728 0.938142
-0.066 9.10248 1.00269
-0.064 9.23013 1.0709
-0.062 9.36023 1.14271
-0.06 9.49276 1.21807
-0.058 9.62768 1.29688
-0.056 9.76496 1.37906
-0.054 9.9045 1.46451
-0.052 10.0462 1.5531
-0.05 10.19 1.64469
-0.048 10.3358 1.73915
-0.046 10.4833 1.83631
-0.044 10.6324 1.936
-0.042 10.783 2.03802
-0.04 10.9347 2.14216
-0.038 11.0873 2.24822
-0.036 11.2406 2.35596
-0.034 11.3943 2.46514
-0.032 11.548 2.5755
-0.03 11.7014 2.68677
-0.028 11.8542 2.79868
-0.026 12.0059 2.91093
-0.024 12.1562 3.02323
-0.022 12.3047 3.13527
-0.02 12.4508 3.24673
-0.018 12.5942 3.3573
-0.016 12.7344 3.46663
-0.014 12.8709 3.57442
-0.012 13.0032 3.68031
-0.01 13.1309 3.78399
-0.008 13.2533 3.8851
-0.006 13.3701 3.98332
-0.004 13.4807 4.07832
-0.002 13.5846 4.16978
0 13.6814 4.25737
0.002 13.7705 4.34075
0.004 13.8514 4.41965
0.006 13.9238 4.49377
0.008 13.9871 4.56285
0.01 14.041 4.6266
0.012 14.085 4.68479
0.014 14.1187 4.73717
0.016 14.1418 4.78353
0.018 14.154 4.82368
0.02 14.1549 4.85742
0.022 14.1443 4.88461
0.024 14.122 4.90511
0.026 14.0877 4.91881
0.028 14.0413 4.9256
0.03 13.9827 4.92543
0.032 13.9118 4.91824
0.034 13.8285 4.90402
0.036 13.7328 4.88276
0.038 13.6248 4.8545
0.04 13.5045 4.81928
0.042 13.3719 4.77716
0.044 13.2273 4.72826
0.046 13.0709 4.67268
0.048 12.9027 4.61056
0.05 12.7231 4.54206
0.052 12.5324 4.46736
0.054 12.3308 4.38667
0.056 12.1187 4.30019
0.058 11.8964 4.20816
0.06 11.6644 4.11083
0.062 11.4231 4.00847
0.064 11.1729 3.90136
0.066 10.9142 3.78979
0.068 10.6476 3.67406
0.07 10.3735 3.55448
0.072 10.0925 3.43139
0.074 9.80502 3.3051
0.076 9.51169 3.17596
0.078 9.21303 3.04431
0.08 8.90958 2.91048
0.082 8.60191 2.77484
0.084 8.29057 2.63771
0.086 7.97613 2.49947
0.088 7.65915 2.36044
0.09 7.34019 2.22097
0.092 7.01981 2.0814
0.094 6.69856 1.94208
0.096 6.37697 1.80332
0.098 6.0556 1.66545
0.1 5.73496 1.52878
0.102 5.41558 1.39362
0.104 5.09795 1.26027
0.106 4.78256 1.12901
0.108 4.46991 1.00012
0.11 4.16043 0.873856
0.112 3.85459 0.750473
0.114 3.55281 0.630206
0.116 3.25551 0.513282
0.118 2.96308 0.399908
0.12 2.67589 0.290283
0.122 2.3943 0.184585
0.124 2.11865 0.082983
0.126 1.84926 -0.0143735
0.128 1.58642 -0.107348
0.13 1.33042 -0.195821
0.132 1.0815 -0.279687
0.134 0.839916 -0.358856
0.136 0.605872 -0.433255
0.138 0.379567 -0.502826
0.14 0.161176 -0.567524
0.142 -0.0491474 -0.627322
0.144 -0.251268 -0.682205
0.146 -0.445073 -0.732176
0.148 -0.630468 -0.777249
0.15 -0.807378 -0.817454
0.152 -0.975749 -0.852833
0.154 -1.13555 -0.883443
0.156 -1.28675 -0.909351
0.158 -1.42937 -0.930638
0.16 -1.56341 -0.947398
0.162 -1.68892 -0.959733
0.164 -1.80596 -0.967758
0.166 -1.91459 -0.971598
0.168 -2.01489 -0.971386
0.17 -2.10699 -0.967266
0.172 -2.19098 -0.959388
0.174 -2.26701 -0.947911
0.176 -2.33522 -0.933001
0.178 -2.39578 -0.91483
0.18 -2.44885 -0.893576
0.182 -2.49462 -0.869422
0.184 -2.53329 -0.842556
0.186 -2.56506 -0.813169
0.188 -2.59015 -0.781454
0.19 -2.60879 -0.747609
0.192 -2.62122 -0.711832
0.194 -2.62768 -0.674323
0.196 -2.62842 -0.635281
0.198 -2.62369 -0.594907
0.2 -2.61377 -0.5534
0.202 -2.59891 -0.510958
0.204 -2.5794 -0.467777
0.206 -2.55551 -0.424049
0.208 -2.52751 -0.379967
0.21 -2.4957 -0.335716
0.212 -2.46035 -0.291479
0.214 -2.42174 -0.247434
0.216 -2.38016 -0.203754
0.218 -2.3359 -0.160607
0.22 -2.28923 -0.118155
0.222 -2.24043 -0.076551
0.224 -2.18978 -0.0359451
0.226 -2.13754 0.00352182
0.228 -2.08399 0.0417159
0.23 -2.02939 0.078511
0.232 -1.97399 0.113789
0.234 -1.91805 0.147439
0.236 -1.8618 0.179361
0.238 -1.80549 0.209461
0.24 -1.74934 0.237655
0.242 -1.69356 0.263867
0.244 -1.63837 0.288032
0.246 -1.58397 0.310091
0.248 -1.53054 0.329997
0.25 -1.47827 0.34771
0.252 -1.42733 0.363199
0.254 -1.37786 0.376444
0.256 -1.33002 0.387431
0.258 -1.28393 0.396158
0.26 -1.23973 0.402629
0.262 -1.19751 0.406857
0.264 -1.15738 0.408864
0.266 -1.11942 0.40868
0.268 -1.0837 0.406342
0.27 -1.05028 0.401894
0.272 -1.0192 0.39539
0.274 -0.990504 0.386889
0.276 -0.964211 0.376456
0.278 -0.940329 0.364163
0.28 -0.918857 0.350088
0.282 -0.899782 0.334315
0.284 -0.883078 0.316932
0.286 -0.86871 0.298032
0.288 -0.856631 0.277714
0.29 -0.846784 0.256079
0.292 -0.839105 0.23323
0.294 -0.833517 0.209277
0.296 -0.829938 0.18433
0.298 -0.828274 0.1585
0.3 -0.828427 0.131903
0.302 -0.830292 0.104652
0.304 -0.833755 0.0768637
0.306 -0.8387 0.0486539
0.308 -0.845004 0.0201381
0.31 -0.852541 -0.00856886
0.312 -0.861181 -0.0373533
0.314 -0.87079 -0.0661033
0.316 -0.881235 -0.0947087
0.318 -0.89238 -0.123062
0.32 -0.904089 -0.151059
0.322 -0.916224 -0.178597
0.324 -0.928651 -0.20558
0.326 -0.941235 -0.231913
0.328 -0.953845 -0.257506
0.33 -0.966351 -0.282276
0.332 -0.978628 -0.306141
0.334 -0.990552 -0.329026
0.336 -1.00201 -0.350863
0.338 -1.01288 -0.371587
0.34 -1.02306 -0.39114
0.342 -1.03246 -0.409469
0.344 -1.04096 -0.426528
0.346 -1.0485 -0.442278
0.348 -1.05497 -0.456684
0.35 -1.06032 -0.469717
0.352 -1.06447 -0.481358
0.354 -1.06736 -0.49159
0.356 -1.06894 -0.500404
0.358 -1.06918 -0.507798
0.36 -1.06802 -0.513773
0.362 -1.06545 -0.518341
0.364 -1.06144 -0.521513
0.366 -1.05599 -0.523312
0.368 -1.04908 -0.523762
0.37 -1.04073 -0.522894
0.372 -1.03094 -0.520743
0.374 -1.01973 -0.51735
0.376 -1.00713 -0.512759
0.378 -0.993168 -0.507018
0.38 -0.977883 -0.500179
0.382 -0.961321 -0.492299
0.384 -0.943532 -0.483435
0.386 -0.924572 -0.473649
0.388 -0.904501 -0.463005
0.39 -0.883385 -0.451569
0.392 -0.861295 -0.439408
0.394 -0.838303 -0.42659
0.396 -0.814486 -0.413186
0.398 -0.789924 -0.399265
0.4 -0.764699 -0.384899
0.402 -0.738895 -0.370157
0.404 -0.712597 -0.355109
0.406 -0.685891 -0.339825
0.408 -0.658866 -0.324372
0.41 -0.631606 -0.308817
0.412 -0.6042 -0.293225
0.414 -0.576733 -0.277658
0.416 -0.54929 -0.262178
0.418 -0.521954 -0.246841
0.42 -0.494806 -0.231704
0.422 -0.467924 -0.216819
0.424 -0.441384 -0.202234
0.426 -0.415259 -0.187996
0.428 -0.389619 -0.174147
0.43 -0.364529 -0.160726
0.432 -0.34005 -0.147767
0.434 -0.316241 -0.135301
0.436 -0.293154 -0.123357
0.438 -0.270838 -0.111958
0.44 -0.249336 -0.101122
0.442 -0.228687 -0.0908654
0.444 -0.208924 -0.0812002
0.446 -0.190076 -0.0721338
0.448 -0.172167 -0.0636703
0.45 -0.155214 -0.05581
0.452 -0.13923 -0.0485496
0.454 -0.124223 -0.0418823
0.456 -0.110195 -0.0357981
0.458 -0.0971437 -0.0302837
0.46 -0.0850619 -0.0253227
0.462 -0.0739369 -0.0208962
0.464 -0.063752 -0.0169825
0.466 -0.0544855 -0.0135575
0.468 -0.0461118 -0.0105949
0.47 -0.038601 -0.00806654
0.472 -0.0319196 -0.00594256
0.474 -0.0260302 -0.00419157
0.476 -0.0208925 -0.002781
0.478 -0.0164629 -0.00167734
0.48 -0.0126953 -0.000846349
0.482 -0.00954112 -0.000253351
0.484 -0.00694978 0.000136529
0.486 -0.00486894 0.000358112
0.488 -0.00324492 0.00044592
0.49 -0.00202297 0.000433934
0.492 -0.00114768 0.000355363
0.494 -0.000563286 0.000242416
0.496 -0.00021403 0.000126091
0.498 -4.45075e-05 3.59638e-05
0.05 4.7167 1.39346
0.1 4.71684 1.39344
0.15 4.71707 1.39341
0.2 4.7174 1.39337
0.25 4.71781 1.39331
0.3 4.71832 1.39324
0.35 4.71892 1.39315
0.4 4.71961 1.39306
0.45 4.7204 1.39295
0.5 4.72127 1.39282
0.55 4.72224 1.39269
0.6 4.72329 1.39254
0.65 4.72443 1.39237
0.7 4.72566 1.3922
0.75 4.72699 1.39201
0.8 4.72839 1.3918
0.85 4.72989 1.39158
0.9 4.73147 1.39135
0.95 4.73314 1.39111
1 4.73489 1.39085
1.05 4.73672 1.39058
1.1 4.73864 1.39029
1.15 4.74064 1.38999
1.2 4.74272 1.38967
1.25 4.74488 1.38934
1.3 4.74712 1.38899
1.35 4.74944 1.38863
1.4 4.75184 1.38826
1.45 4.75431 1.38787
1.5 4.75685 1.38746
1.55 4.75947 1.38704
1.6 4.76216 1.3866
1.65 4.76492 1.38615
1.7 4.76775 1.38568
1.75 4.77064 1.38519
1.8 4.77361 1.38469
1.85 4.77663 1.38418
1.9 4.77972 1.38364
1.95 4.78288 1.38309
2 4.78609 1.38252
2.05 4.78936 1.38193
2.1 4.79269 1.38133
2.15 4.79607 1.38071
2.2 4.79951 1.38007
2.25 4.803 1.37941
2.3 4.80654 1.37873
2.35 4.81012 1.37804
2.4 4.81376 1.37733
2.45 4.81743 1.37659
2.5 4.82115 1.37584
2.55 4.82491 1.37507
2.6 4.82871 1.37428
2.65 4.83255 1.37347
2.7 4.83642 1.37264
2.75 4.84032 1.37179
2.8 4.84426 1.37091
2.85 4.84822 1.37002
2.9 4.85221 1.36911
2.95 4.85623 1.36817
3 4.86026 1.36721
3.05 4.86432 1.36623
3.1 4.86839 1.36523
3.15 4.87248 1.36421
3.2 4.87659 1.36316
3.25 4.8807 1.36209
3.3 4.88483 1.361
3.35 4.88896 1.35988
3.4 4.89309 1.35874
3.45 4.89723 1.35758
3.5 4.90137 1.35639
3.55 4.90551 1.35518
3.6 4.90964 1.35395
3.65 4.91376 1.35269
3.7 4.91787 1.3514
3.75 4.92198 1.35009
3.8 4.92606 1.34875
3.85 4.93014 1.34739
3.9 4.93419 1.34601
3.95 4.93822 1.34459
4 4.94223 1.34315
4.05 4.94621 1.34168
4.1 4.95016 1.34019
4.15 4.95408 1.33867
4.2 4.95797 1.33712
4.25 4.96182 1.33555
4.3 4.96564 1.33395
4.35 4.96941 1.33232
4.4 4.97314 1.33066
4.45 4.97682 1.32897
4.5 4.98046 1.32726
4.55 4.98405 1.32551
4.6 4.98758 1.32374
4.65 4.99106 1.32194
4.7 4.99448 1.32011
4.75 4.99783 1.31825
4.8 5.00113 1.31637
4.85 5.00436 1.31445
4.9 5.00753 1.3125
4.95 5.01062 1.31053
5 5.01365 1.30852
5.05 5.01659 1.30648
5.1 5.01946 1.30442
5.15 5.02226 1.30232
5.2 5.02497 1.30019
5.25 5.02759 1.29803
5.3 5.03014 1.29584
5.35 5.03259 1.29363
5.4 5.03495 1.29138
5.45 5.03722 1.2891
5.5 5.03939 1.28678
5.55 5.04147 1.28444
5.6 5.04345 1.28207
5.65 5.04532 1.27966
5.7 5.04709 1.27723
5.75 5.04876 1.27476
5.8 5.05031 1.27227
5.85 5.05176 1.26974
5.9 5.0531 1.26718
5.95 5.05432 1.26459
6 5.05542 1.26197
6.05 5.05641 1.25931
6.1 5.05727 1.25663
6.15 5.05802 1.25391
6.2 5.05863 1.25117
6.25 5.05913 1.24839
6.3 5.05949 1.24558
6.35 5.05973 1.24275
6.4 5.05983 1.23988
6.45 5.0598 1.23698
6.5 5.05963 1.23405
6.55 5.05933 1.23109
6.6 5.05889 1.2281
6.65 5.05831 1.22508
6.7 5.05759 1.22202
6.75 5.05672 1.21894
6.8 5.05571 1.21583
6.85 5.05455 1.21269
6.9 5.05325 1.20952
6.95 5.05179 1.20632
7 5.05018 1.2031
7.05 5.04842 1.19984
7.1 5.04651 1.19655
7.15 5.04444 1.19324
7.2 5.04222 1.1899
7.25 5.03984 1.18653
7.3 5.0373 1.18313
7.35 5.0346 1.17971
7.4 5.03174 1.17626
7.45 5.02872 1.17278
7.5 5.02553 1.16927
7.55 5.02218 1.16574
7.6 5.01866 1.16218
7.65 5.01498 1.1586
7.7 5.01113 1.15499
7.75 5.00712 1.15135
7.8 5.00293 1.1477
7.85 4.99857 1.14401
7.9 4.99405 1.14031
7.95 4.98935 1.13657
8 4.98449 1.13282
8.05 4.97945 1.12904
8.1 4.97423 1.12524
8.15 4.96885 1.12142
8.2 4.96329 1.11758
8.25 4.95755 1.11372
8.3 4.95164 1.10983
8.35 4.94556 1.10592
8.4 4.9393 1.102
8.45 4.93287 1.09805
8.5 4.92625 1.09409
8.55 4.91947 1.09011
8.6 4.9125 1.08611
8.65 4.90536 1.08209
8.7 4.89805 1.07805
8.75 4.89056 1.074
8.8 4.88289 1.06993
8.85 4.87504 1.06585
8.9 4.86702 1.06175
8.95 4.85882 1.05764
9 4.85045 1.05351
9.05 4.8419 1.04937
9.1 4.83317 1.04522
9.15 4.82427 1.04105
9.2 4.8152 1.03687
9.25 4.80595 1.03268
9.3 4.79652 1.02848
9.35 4.78693 1.02427
9.4 4.77716 1.02006
9.45 4.76721 1.01583
9.5 4.7571 1.01159
9.55 4.74681 1.00735
9.6 4.73635 1.0031
9.65 4.72573 0.998841
9.7 4.71493 0.994578
9.75 4.70396 0.99031
9.8 4.69283 0.986037
9.85 4.68153 0.981761
9.9 4.67007 0.977481
9.95 4.65844 0.973198
10 4.64664 0.968914
10.05 4.63469 0.964628
10.1 4.62257 0.960342
10.15 4.61029 0.956056
10.2 4.59785 0.95177
10.25 4.58525 0.947485
10.3 4.57249 0.943203
10.35 4.55958 0.938923
10.4 4.54651 0.934647
10.45 4.53329 0.930374
10.5 4.51992 0.926106
10.55 4.5064 0.921844
10.6 4.49272 0.917587
10.65 4.4789 0.913337
10.7 4.46493 0.909095
10.75 4.45082 0.904861
10.8 4.43656 0.900635
10.85 4.42216 0.896419
10.9 4.40762 0.892213
10.95 4.39294 0.888017
11 4.37813 0.883833
11.05 4.36318 0.879662
11.1 4.34809 0.875503
11.15 4.33287 0.871357
11.2 4.31752 0.867226
11.25 4.30204 0.86311
11.3 4.28644 0.859009
11.35 4.27071 0.854924
11.4 4.25485 0.850856
11.45 4.23888 0.846806
11.5 4.22278 0.842774
11.55 4.20657 0.838761
11.6 4.19024 0.834767
11.65 4.1738 0.830793
11.7 4.15724 0.826841
11.75 4.14058 0.82291
11.8 4.1238 0.819001
11.85 4.10692 0.815114
11.9 4.08994 0.811252
11.95 4.07286 0.807413
12 4.05567 0.803599
12.05 4.03839 0.79981
12.1 4.02101 0.796047
12.15 4.00354 0.792311
12.2 3.98598 0.788601
12.25 3.96832 0.78492
12.3 3.95058 0.781267
12.35 3.93276 0.777643
12.4 3.91485 0.774048
12.45 3.89686 0.770483
12.5 3.8788 0.76695
12.55 3.86065 0.763447
12.6 3.84244 0.759976
12.65 3.82415 0.756537
12.7 3.80579 0.753132
12.75 3.78737 0.749759
12.8 3.76888 0.746421
12.85 3.75032 0.743117
12.9 3.73171 0.739848
12.95 3.71304 0.736615
13 3.69431 0.733417
13.05 3.67553 0.730256
13.1 3.6567 0.727132
13.15 3.63781 0.724045
13.2 3.61888 0.720996
13.25 3.59991 0.717986
13.3 3.58089 0.715014
13.35 3.56184 0.712081
13.4 3.54274 0.709188
13.45 3.52361 0.706335
13.5 3.50445 0.703522
13.55 3.48525 0.70075
13.6 3.46603 0.698019
13.65 3.44678 0.695329
13.7 3.42751 0.692681
13.75 3.40821 0.690076
13.8 3.38889 0.687513
13.85 3.36956 0.684993
13.9 3.35021 0.682516
13.95 3.33085 0.680082
14 3.31147 0.677693
14.05 3.29209 0.675347
14.1 3.2727 0.673045
14.15 3.25331 0.670788
14.2 3.23391 0.668576
14.25 3.21451 0.666409
14.3 3.19512 0.664287
14.35 3.17573 0.66221
14.4 3.15634 0.660179
14.45 3.13697 0.658194
14.5 3.1176 0.656254
14.55 3.09825 0.654361
14.6 3.07891 0.652514
14.65 3.05959 0.650713
14.7 3.04028 0.648959
14.75 3.021 0.647251
14.8 3.00174 0.64559
14.85 2.9825 0.643975
14.9 2.96329 0.642408
14.95 2.94411 0.640887
15 2.92495 0.639413
15.05 2.90583 0.637986
15.1 2.88675 0.636605
15.15 2.8677 0.635272
15.2 2.84868 0.633986
15.25 2.82971 0.632746
15.3 2.81078 0.631553
15.35 2.79189 0.630407
15.4 2.77304 0.629307
15.45 2.75425 0.628254
15.5 2.7355 0.627248
15.55 2.7168 0.626288
15.6 2.69815 0.625374
15.65 2.67955 0.624506
15.7 2.66101 0.623684
15.75 2.64253 0.622908
15.8 2.6241 0.622177
15.85 2.60573 0.621492
15.9 2.58743 0.620852
15.95 2.56918 0.620257
16 2.551 0.619707
16.05 2.53289 0.619202
16.1 2.51484 0.61874
16.15 2.49686 0.618323
16.2 2.47895 0.617949
16.25 2.46111 0.617619
16.3 2.44334 0.617332
16.35 2.42564 0.617087
16.4 2.40802 0.616885
16.45 2.39048 0.616725
16.5 2.37301 0.616607
16.55 2.35562 0.616531
16.6 2.33831 0.616495
16.65 2.32108 0.6165
16.7 2.30393 0.616545
16.75 2.28686 0.61663
16.8 2.26988 0.616755
16.85 2.25298 0.616918
16.9 2.23617 0.61712
16.95 2.21944 0.61736
17 2.2028 0.617637
17.05 2.18625 0.617952
17.1 2.16979 0.618303
17.15 2.15341 0.61869
17.2 2.13713 0.619113
17.25 2.12094 0.61957
17.3 2.10484 0.620063
17.35 2.08883 0.620589
17.4 2.07292 0.621149
17.45 2.0571 0.621741
17.5 2.04137 0.622366
17.55 2.02574 0.623023
17.6 2.01021 0.62371
17.65 1.99477 0.624428
17.7 1.97943 0.625176
17.75 1.96419 0.625953
17.8 1.94905 0.626759
17.85 1.934 0.627593
17.9 1.91905 0.628455
17.95 1.9042 0.629343
18 1.88945 0.630257
18.05 1.8748 0.631196
18.1 1.86025 0.63216
18.15 1.8458 0.633148
18.2 1.83145 0.63416
18.25 1.81721 0.635194
18.3 1.80306 0.63625
18.35 1.78901 0.637328
18.4 1.77507 0.638426
18.45 1.76122 0.639543
18.5 1.74748 0.64068
18.55 1.73384 0.641836
18.6 1.7203 0.643009
18.65 1.70686 0.644198
18.7 1.69352 0.645404
18.75 1.68029 0.646626
18.8 1.66715 0.647862
18.85 1.65412 0.649111
18.9 1.64119 0.650374
18.95 1.62836 0.65165
19 1.61563 0.652937
19.05 1.603 0.654235
19.1 1.59047 0.655542
19.15 1.57804 0.65686
19.2 1.56572 0.658185
19.25 1.55349 0.659519
19.3 1.54136 0.660859
19.35 1.52933 0.662205
19.4 1.5174 0.663557
19.45 1.50556 0.664914
19.5 1.49383 0.666274
19.55 1.48219 0.667637
19.6 1.47065 0.669003
19.65 1.45921 0.67037
19.7 1.44786 0.671737
19.75 1.43661 0.673105
19.8 1.42546 0.674471
19.85 1.4144 0.675836
19.9 1.40344 0.677198
19.95 1.39257 0.678557
20 1.38179 0.679912
20.05 1.3711 0.681262
20.1 1.36051 0.682606
20.15 1.35001 0.683944
20.2 1.3396 0.685275
20.25 1.32928 0.686598
20.3 1.31905 0.687912
20.35 1.30892 0.689217
20.4 1.29886 0.690511
20.45 1.2889 0.691794
20.5 1.27903 0.693066
20.55 1.26924 0.694325
20.6 1.25953 0.69557
20.65 1.24992 0.696802
20.7 1.24038 0.698019
20.75 1.23093 0.69922
20.8 1.22157 0.700405
20.85 1.21228 0.701573
20.9 1.20308 0.702724
20.95 1.19396 0.703856
21 1.18491 0.704969
21.05 1.17595 0.706062
21.1 1.16707 0.707134
21.15 1.15826 0.708186
21.2 1.14953 0.709215
21.25 1.14087 0.710222
21.3 1.13229 0.711206
21.35 1.12379 0.712166
21.4 1.11536 0.713102
21.45 1.107 0.714012
21.5 1.09871 0.714896
21.55 1.09049 0.715754
21.6 1.08235 0.716585
21.65 1.07427 0.717388
21.7 1.06626 0.718163
21.75 1.05832 0.718909
21.8 1.05044 0.719625
21.85 1.04264 0.720312
21.9 1.03489 0.720968
21.95 1.02721 0.721592
22 1.0196 0.722185
22.05 1.01204 0.722746
22.1 1.00455 0.723274
22.15 0.997117 0.723768
22.2 0.989745 0.724229
22.25 0.982432 0.724655
22.3 0.975177 0.725046
22.35 0.967979 0.725402
22.4 0.960838 0.725723
22.45 0.953752 0.726007
22.5 0.946721 0.726254
22.55 0.939744 0.726464
22.6 0.93282 0.726637
22.65 0.925948 0.726772
22.7 0.919128 0.726868
22.75 0.912358 0.726926
22.8 0.905637 0.726944
22.85 0.898966 0.726923
22.9 0.892343 0.726862
22.95 0.885767 0.726761
23 0.879237 0.726619
23.05 0.872754 0.726436
23.1 0.866315 0.726212
23.15 0.85992 0.725947
23.2 0.853568 0.725639
23.25 0.84726 0.72529
23.3 0.840993 0.724899
23.35 0.834767 0.724464
23.4 0.828581 0.723987
23.45 0.822435 0.723467
23.5 0.816327 0.722904
23.55 0.810258 0.722297
23.6 0.804227 0.721647
23.65 0.798232 0.720953
23.7 0.792272 0.720214
23.75 0.786349 0.719432
23.8 0.78046 0.718605
23.85 0.774604 0.717734
23.9 0.768783 0.716819
23.95 0.762993 0.715859
24 0.757236 0.714854
24.05 0.751511 0.713804
24.1 0.745816 0.712709
24.15 0.740151 0.71157
24.2 0.734516 0.710386
24.25 0.728909 0.709156
24.3 0.723331 0.707882
24.35 0.717781 0.706563
24.4 0.712259 0.705198
24.45 0.706763 0.703789
24.5 0.701293 0.702335
24.55 0.695849 0.700836
24.6 0.69043 0.699292
24.65 0.685036 0.697703
24.7 0.679666 0.69607
24.75 0.674319 0.694392
24.8 0.668996 0.69267
24.85 0.663696 0.690904
24.9 0.658418 0.689093
24.95 0.653162 0.687238
25 0.647927 0.685339
25.05 0.642714 0.683397
25.1 0.637521 0.681411
25.15 0.632349 0.679382
25.2 0.627196 0.677309
25.25 0.622063 0.675194
25.3 0.61695 0.673036
25.35 0.611855 0.670835
25.4 0.606779 0.668592
25.45 0.601721 0.666307
25.5 0.596681 0.663981
25.55 0.591659 0.661613
25.6 0.586654 0.659203
25.65 0.581666 0.656753
25.7 0.576695 0.654263
25.75 0.571741 0.651732
25.8 0.566804 0.649161
25.85 0.561882 0.646551
25.9 0.556977 0.643902
25.95 0.552087 0.641214
26 0.547213 0.638487
26.05 0.542354 0.635722
26.1 0.537511 0.632919
26.15 0.532682 0.63008
26.2 0.527869 0.627203
26.25 0.52307 0.62429
26.3 0.518287 0.62134
26.35 0.513518 0.618355
26.4 0.508763 0.615335
26.45 0.504023 0.61228
26.5 0.499297 0.609191
26.55 0.494586 0.606068
26.6 0.489888 0.602912
26.65 0.485205 0.599723
26.7 0.480536 0.596501
26.75 0.475881 0.593248
26.8 0.471241 0.589963
26.85 0.466614 0.586647
26.9 0.462002 0.583301
26.95 0.457403 0.579925
27 0.452819 0.576519
27.05 0.448249 0.573085
27.1 0.443693 0.569623
27.15 0.439151 0.566133
27.2 0.434624 0.562615
27.25 0.43011 0.559072
27.3 0.425612 0.555502
27.35 0.421128 0.551906
27.4 0.416658 0.548286
27.45 0.412203 0.544642
27.5 0.407763 0.540973
27.55 0.403337 0.537282
27.6 0.398927 0.533568
27.65 0.394532 0.529832
27.7 0.390151 0.526074
27.75 0.385787 0.522296
27.8 0.381438 0.518498
27.85 0.377104 0.51468
27.9 0.372786 0.510843
27.95 0.368484 0.506988
28 0.364198 0.503115
28.05 0.359929 0.499225
28.1 0.355676 0.495318
28.15 0.35144 0.491396
28.2 0.34722 0.487458
28.25 0.343017 0.483506
28.3 0.338832 0.47954
28.35 0.334664 0.475561
28.4 0.330513 0.471568
28.45 0.32638 0.467564
28.5 0.322266 0.463548
28.55 0.318169 0.459521
28.6 0.314091 0.455485
28.65 0.310031 0.451438
28.7 0.30599 0.447383
28.75 0.301969 0.443319
28.8 0.297966 0.439248
28.85 0.293983 0.435169
28.9 0.29002 0.431085
28.95 0.286076 0.426994
29 0.282153 0.422899
29.05 0.27825 0.418798
29.1 0.274368 0.414694
29.15 0.270507 0.410587
29.2 0.266667 0.406477
29.25 0.262848 0.402365
29.3 0.259051 0.398252
29.35 0.255275 0.394138
29.4 0.251522 0.390024
29.45 0.247791 0.38591
29.5 0.244082 0.381797
29.55 0.240396 0.377686
29.6 0.236733 0.373577
29.65 0.233093 0.369471
29.7 0.229477 0.365369
29.75 0.225884 0.36127
29.8 0.222316 0.357177
29.85 0.218771 0.353088
29.9 0.215251 0.349006
29.95 0.211755 0.344929
30 0.208284 0.34086
30.05 0.204838 0.336798
30.1 0.201417 0.332745
30.15 0.198022 0.3287
30.2 0.194652 0.324664
30.25 0.191309 0.320638
30.3 0.187991 0.316622
30.35 0.184699 0.312618
30.4 0.181435 0.308624
30.45 0.178196 0.304643
30.5 0.174985 0.300674
30.55 0.171801 0.296718
30.6 0.168643 0.292775
30.65 0.165514 0.288847
30.7 0.162412 0.284933
30.75 0.159337 0.281034
30.8 0.156291 0.27715
30.85 0.153273 0.273283
30.9 0.150283 0.269431
30.95 0.147321 0.265597
31 0.144388 0.26178
31.05 0.141484 0.257981
31.1 0.138609 0.2542
31.15 0.135762 0.250438
31.2 0.132945 0.246695
31.25 0.130157 0.242972
31.3 0.127399 0.239268
31.35 0.12467 0.235585
31.4 0.12197 0.231923
31.45 0.1193 0.228282
31.5 0.116661 0.224663
31.55 0.114051 0.221065
31.6 0.111471 0.21749
31.65 0.108921 0.213938
31.7 0.106401 0.210409
31.75 0.103912 0.206903
31.8 0.101453 0.203421
31.85 0.0990241 0.199963
31.9 0.0966258 0.19653
31.95 0.094258 0.193121
32 0.0919208 0.189738
32.05 0.0896141 0.18638
32.1 0.087338 0.183047
32.15 0.0850925 0.179741
32.2 0.0828777 0.176461
32.25 0.0806935 0.173207
32.3 0.07854 0.16998
32.35 0.0764171 0.166781
32.4 0.0743249 0.163608
32.45 0.0722633 0.160464
32.5 0.0702324 0.157347
32.55 0.068232 0.154258
32.6 0.0662623 0.151197
32.65 0.064323 0.148165
32.7 0.0624143 0.145161
32.75 0.0605359 0.142186
32.8 0.058688 0.13924
32.85 0.0568704 0.136324
32.9 0.0550831 0.133437
32.95 0.0533259 0.130579
33 0.0515988 0.127751
33.05 0.0499018 0.124953
33.1 0.0482347 0.122185
33.15 0.0465974 0.119447
33.2 0.0449898 0.116739
33.25 0.0434119 0.114062
33.3 0.0418634 0.111414
33.35 0.0403444 0.108798
33.4 0.0388546 0.106212
33.45 0.0373939 0.103657
33.5 0.0359622 0.101132
33.55 0.0345593 0.0986385
33.6 0.0331852 0.0961757
33.65 0.0318396 0.0937439
33.7 0.0305223 0.091343
33.75 0.0292333 0.0889732
33.8 0.0279723 0.0866343
33.85 0.0267392 0.0843265
33.9 0.0255337 0.0820498
33.95 0.0243558 0.0798042
34 0.0232052 0.0775896
34.05 0.0220817 0.0754061
34.1 0.0209851 0.0732536
34.15 0.0199152 0.0711321
34.2 0.0188718 0.0690416
34.25 0.0178547 0.0669821
34.3 0.0168637 0.0649534
34.35 0.0158985 0.0629556
34.4 0.0149589 0.0609886
34.45 0.0140447 0.0590522
34.5 0.0131557 0.0571466
34.55 0.0122915 0.0552714
34.6 0.0114521 0.0534268
34.65 0.010637 0.0516126
34.7 0.00984613 0.0498286
34.75 0.00907916 0.0480748
34.8 0.00833583 0.0463511
34.85 0.0076159 0.0446573
34.9 0.00691909 0.0429934
34.95 0.00624515 0.0413592
35 0.00559379 0.0397545
35.05 0.00496474 0.0381793
35.1 0.00435772 0.0366334
35.15 0.00377247 0.0351166
35.2 0.00320868 0.0336287
35.25 0.00266608 0.0321697
35.3 0.00214439 0.0307394
35.35 0.0016433 0.0293375
35.4 0.00116253 0.0279639
35.45 0.00070179 0.0266184
35.5 0.000260774 0.0253009
35.55 -0.000160812 0.0240111
35.6 -0.000563268 0.0227488
35.65 -0.000946896 0.0215139
35.7 -0.001312 0.0203061
35.75 -0.00165888 0.0191253
35.8 -0.00198784 0.0179712
35.85 -0.0022992 0.0168435
35.9 -0.00259326 0.0157422
35.95 -0.00287032 0.0146669
36 -0.00313071 0.0136175
36.05 -0.00337472 0.0125936
36.1 -0.00360268 0.0115951
36.15 -0.00381488 0.0106217
36.2 -0.00401166 0.00967323
36.25 -0.00419331 0.00874937
36.3 -0.00436014 0.00784989
36.35 -0.00451249 0.00697455
36.4 -0.00465065 0.00612309
36.45 -0.00477493 0.00529525
36.5 -0.00488566 0.00449077
36.55 -0.00498314 0.0037094
36.6 -0.00506769 0.00295086
36.65 -0.00513961 0.00221489
36.7 -0.00519922 0.00150122
36.75 -0.00524682 0.000809587
36.8 -0.00528273 0.000139706
36.85 -0.00530726 -0.000508693
36.9 -0.0053207 -0.00113589
36.95 -0.00532337 -0.00174216
37 -0.00531557 -0.00232778
37.05 -0.0052976 -0.00289304
37.1 -0.00526977 -0.00343822
37.15 -0.00523237 -0.0039636
37.2 -0.00518571 -0.00446947
37.25 -0.00513007 -0.00495611
37.3 -0.00506577 -0.00542382
37.35 -0.00499308 -0.00587288
37.4 -0.0049123 -0.00630358
37.45 -0.00482372 -0.0067162
37.5 -0.00472762 -0.00711105
37.55 -0.00462429 -0.00748841
37.6 -0.00451402 -0.00784856
37.65 -0.00439707 -0.00819182
37.7 -0.00427374 -0.00851845
37.75 -0.00414429 -0.00882876
37.8 -0.004009 -0.00912304
37.85 -0.00386813 -0.00940158
37.9 -0.00372196 -0.00966467
37.95 -0.00357074 -0.0099126
38 -0.00341474 -0.0101457
38.05 -0.00325422 -0.0103641
38.1 -0.00308942 -0.0105683
38.15 -0.00292061 -0.0107585
38.2 -0.00274803 -0.010935
38.25 -0.00257193 -0.0110981
38.3 -0.00239254 -0.011248
38.35 -0.00221011 -0.0113851
38.4 -0.00202488 -0.0115096
38.45 -0.00183707 -0.0116218
38.5 -0.00164692 -0.011722
38.55 -0.00145464 -0.0118105
38.6 -0.00126046 -0.0118876
38.65 -0.00106461 -0.0119535
38.7 -0.00086728 -0.0120085
38.75 -0.000668698 -0.0120529
38.8 -0.000469065 -0.0120869
38.85 -0.000268585 -0.0121109
38.9 -6.74571e-05 -0.0121251
38.95 0.000134124 -0.0121298
39 0.000335966 -0.0121252
39.05 0.000537881 -0.0121116
39.1 0.000739687 -0.0120892
39.15 0.000941202 -0.0120584
39.2 0.00114225 -0.0120194
39.25 0.00134267 -0.0119724
39.3 0.00154227 -0.0119177
39.35 0.00174091 -0.0118555
39.4 0.00193842 -0.0117861
39.45 0.00213465 -0.0117098
39.5 0.00232944 -0.0116267
39.55 0.00252264 -0.0115372
39.6 0.00271412 -0.0114414
39.65 0.00290374 -0.0113396
39.7 0.00309135 -0.0112321
39.75 0.00327682 -0.011119
39.8 0.00346004 -0.0110006
39.85 0.00364088 -0.0108771
39.9 0.00381921 -0.0107487
39.95 0.00399492 -0.0106157
40 0.00416791 -0.0104782
40.05 0.00433806 -0.0103366
40.1 0.00450527 -0.0101909
40.15 0.00466944 -0.0100415
40.2 0.00483049 -0.0098884
40.25 0.00498831 -0.00973196
40.3 0.00514282 -0.00957232
40.35 0.00529394 -0.00940969
40.4 0.00544158 -0.00924425
40.45 0.00558568 -0.0090762
40.5 0.00572617 -0.00890572
40.55 0.00586296 -0.00873299
40.6 0.00599601 -0.00855819
40.65 0.00612525 -0.0083815
40.7 0.00625063 -0.0082031
40.75 0.00637209 -0.00802315
40.8 0.00648959 -0.00784182
40.85 0.00660307 -0.00765927
40.9 0.00671251 -0.00747567
40.95 0.00681785 -0.00729117
41 0.00691907 -0.00710592
41.05 0.00701614 -0.00692008
41.1 0.00710904 -0.00673379
41.15 0.00719772 -0.00654719
41.2 0.00728218 -0.00636043
41.25 0.00736241 -0.00617365
41.3 0.00743837 -0.00598698
41.35 0.00751008 -0.00580054
41.4 0.00757751 -0.00561447
41.45 0.00764066 -0.00542889
41.5 0.00769954 -0.00524393
41.55 0.00775415 -0.00505969
41.6 0.00780448 -0.0048763
41.65 0.00785056 -0.00469386
41.7 0.00789238 -0.00451248
41.75 0.00792997 -0.00433228
41.8 0.00796334 -0.00415334
41.85 0.00799251 -0.00397577
41.9 0.00801751 -0.00379967
41.95 0.00803835 -0.00362512
42 0.00805507 -0.00345222
42.05 0.00806769 -0.00328104
42.1 0.00807625 -0.00311168
42.15 0.00808078 -0.00294422
42.2 0.00808132 -0.00277872
42.25 0.00807791 -0.00261527
42.3 0.00807058 -0.00245393
42.35 0.0080594 -0.00229477
42.4 0.00804439 -0.00213786
42.45 0.00802561 -0.00198326
42.5 0.0080031 -0.00183103
42.55 0.00797693 -0.00168122
42.6 0.00794714 -0.00153389
42.65 0.00791378 -0.00138909
42.7 0.00787692 -0.00124686
42.75 0.00783662 -0.00110725
42.8 0.00779293 -0.000970307
42.85 0.00774591 -0.000836064
42.9 0.00769564 -0.00070456
42.95 0.00764217 -0.000575829
43 0.00758557 -0.000449904
43.05 0.00752591 -0.000326812
43.1 0.00746325 -0.000206582
43.15 0.00739767 -8.92366e-05
43.2 0.00732924 2.52016e-05
43.25 0.00725803 0.000136713
43.3 0.00718411 0.000245282
43.35 0.00710756 0.000350892
43.4 0.00702845 0.000453531
43.45 0.00694685 0.00055319
43.5 0.00686285 0.00064986
43.55 0.00677652 0.000743535
43.6 0.00668793 0.000834212
43.65 0.00659718 0.000921889
43.7 0.00650432 0.00100657
43.75 0.00640945 0.00108825
43.8 0.00631264 0.00116693
43.85 0.00621397 0.00124263
43.9 0.00611352 0.00131536
43.95 0.00601138 0.00138511
44 0.00590762 0.00145191
44.05 0.00580233 0.00151576
44.1 0.00569557 0.00157669
44.15 0.00558745 0.0016347
44.2 0.00547802 0.00168982
44.25 0.00536739 0.00174207
44.3 0.00525562 0.00179147
44.35 0.00514279 0.00183804
44.4 0.00502899 0.00188181
44.45 0.00491429 0.0019228
44.5 0.00479878 0.00196103
44.55 0.00468253 0.00199655
44.6 0.00456563 0.00202938
44.65 0.00444814 0.00205954
44.7 0.00433014 0.00208708
44.75 0.00421172 0.00211202
44.8 0.00409295 0.00213441
44.85 0.0039739 0.00215426
44.9 0.00385465 0.00217163
44.95 0.00373528 0.00218655
45 0.00361584 0.00219906
45.05 0.00349643 0.0022092
45.1 0.0033771 0.002217
45.15 0.00325794 0.00222251
45.2 0.003139 0.00222578
45.25 0.00302036 0.00222684
45.3 0.00290209 0.00222573
45.35 0.00278425 0.00222251
45.4 0.0026669 0.00221721
45.45 0.00255012 0.00220988
45.5 0.00243396 0.00220057
45.55 0.00231848 0.00218932
45.6 0.00220376 0.00217618
45.65 0.00208984 0.0021612
45.7 0.00197679 0.00214442
45.75 0.00186466 0.00212589
45.8 0.00175352 0.00210566
45.85 0.0016434 0.00208378
45.9 0.00153437 0.0020603
45.95 0.00142649 0.00203526
46 0.00131979 0.00200872
46.05 0.00121433 0.00198072
46.1 0.00111015 0.00195131
46.15 0.00100731 0.00192055
46.2 0.000905853 0.00188848
46.25 0.000805814 0.00185515
46.3 0.000707239 0.00182061
46.35 0.000610168 0.00178491
46.4 0.000514642 0.0017481
46.45 0.000420697 0.00171023
46.5 0.000328371 0.00167134
46.55 0.000237697 0.00163149
46.6 0.00014871 0.00159072
46.65 6.144e-05 0.00154909
46.7 -2.40814e-05 0.00150664
46.75 -0.000107826 0.00146341
46.8 -0.000189766 0.00141947
46.85 -0.000269876 0.00137484
46.9 -0.000348132 0.00132959
46.95 -0.000424511 0.00128375
47 -0.000498992 0.00123737
47.05 -0.000571555 0.0011905
47.1 -0.000642182 0.00114319
47.15 -0.000710856 0.00109547
47.2 -0.000777562 0.0010474
47.25 -0.000842286 0.000999008
47.3 -0.000905016 0.000950347
47.35 -0.000965741 0.000901458
47.4 -0.00102445 0.000852381
47.45 -0.00108114 0.00080316
47.5 -0.0011358 0.000753833
47.55 -0.00118843 0.000704443
47.6 -0.00123902 0.000655028
47.65 -0.00128757 0.000605627
47.7 -0.00133408 0.000556278
47.75 -0.00137855 0.000507019
47.8 -0.00142098 0.000457887
47.85 -0.00146138 0.000408919
47.9 -0.00149974 0.000360148
47.95 -0.00153609 0.000311611
48 -0.00157041 0.000263341
48.05 -0.00160273 0.000215371
48.1 -0.00163305 0.000167734
48.15 -0.00166138 0.000120461
48.2 -0.00168774 7.35843e-05
48.25 -0.00171213 2.71329e-05
48.3 -0.00173458 -1.88636e-05
48.35 -0.00175509 -6.43765e-05
48.4 -0.00177369 -0.000109378
48.45 -0.00179039 -0.000153842
48.5 -0.00180521 -0.000197741
48.55 -0.00181817 -0.00024105
48.6 -0.00182929 -0.000283746
48.65 -0.0018386 -0.000325804
48.7 -0.00184612 -0.000367201
48.75 -0.00185186 -0.000407915
48.8 -0.00185587 -0.000447926
48.85 -0.00185815 -0.000487212
48.9 -0.00185875 -0.000525755
48.95 -0.00185768 -0.000563536
49 -0.00185497 -0.000600536
49.05 -0.00185066 -0.000636739
49.1 -0.00184477 -0.000672129
49.15 -0.00183734 -0.00070669
49.2 -0.00182839 -0.000740408
49.25 -0.00181796 -0.000773269
49.3 -0.00180607 -0.000805261
49.35 -0.00179278 -0.00083637
49.4 -0.00177809 -0.000866586
49.45 -0.00176206 -0.000895898
49.5 -0.00174472 -0.000924297
49.55 -0.0017261 -0.000951774
49.6 -0.00170624 -0.000978321
49.65 -0.00168517 -0.00100393
49.7 -0.00166293 -0.0010286
49.75 -0.00163956 -0.00105231
49.8 -0.0016151 -0.00107507
49.85 -0.00158958 -0.00109687
49.9 -0.00156304 -0.00111771
49.95 -0.00153553 -0.00113758
50 -0.00150707 -0.00115649
