# compute_shc 2 250 2 1000 50 group 0 4
# format_version 1
# num_atoms 42000
# cell 4.3105317302e+01 -3.2136754499e-04 -6.8237223656e-04 -3.0172987848e+01 5.2262725269e+01 1.0741298375e-01 -9.0288444570e-02 1.3180747734e+00 6.1957077228e+02
# dt_output 2.0000000000e-03 ps
# num_correlation_rows 499
# num_frequency_rows 1000
# columns_correlation time_ps ki ko
# columns_shc omega_THz shc_i shc_o
-0.498 -0.000117477 6.52534e-05
-0.496 -0.000387998 0.000197162
-0.494 -0.000684557 0.000299141
-0.492 -0.000875348 0.000274144
-0.49 -0.000824681 2.54286e-05
-0.488 -0.000393918 -0.000542676
-0.486 0.000557596 -0.00152402
-0.484 0.00217159 -0.00300988
-0.482 0.00458992 -0.00508824
-0.48 0.00795366 -0.00784311
-0.478 0.0124022 -0.0113538
-0.476 0.0180722 -0.0156943
-0.474 0.0250969 -0.0209326
-0.472 0.0336052 -0.0271303
-0.47 0.0437209 -0.0343417
-0.468 0.0555616 -0.0426138
-0.466 0.0692384 -0.0519852
-0.464 0.0848548 -0.0624863
-0.462 0.102506 -0.0741386
-0.46 0.122279 -0.0869544
-0.458 0.144251 -0.100937
-0.456 0.16849 -0.116078
-0.454 0.195052 -0.132363
-0.452 0.223984 -0.149765
-0.45 0.255321 -0.168247
-0.448 0.289087 -0.187763
-0.446 0.325294 -0.208258
-0.444 0.363943 -0.229664
-0.442 0.405021 -0.251908
-0.44 0.448505 -0.274903
-0.438 0.494358 -0.298557
-0.436 0.542534 -0.322768
-0.434 0.592971 -0.347424
-0.432 0.645598 -0.372407
-0.43 0.700332 -0.397591
-0.428 0.757079 -0.422844
-0.426 0.815732 -0.448028
-0.424 0.876176 -0.472996
-0.422 0.938284 -0.497601
-0.42 1.00192 -0.521689
-0.418 1.06694 -0.545102
-0.416 1.13319 -0.56768
-0.414 1.2005 -0.589262
-0.412 1.26872 -0.609684
-0.41 1.33766 -0.628782
-0.408 1.40713 -0.646393
-0.406 1.47696 -0.662355
-0.404 1.54696 -0.676507
-0.402 1.61691 -0.688692
-0.4 1.68664 -0.698756
-0.398 1.75593 -0.70655
-0.396 1.82459 -0.711929
-0.394 1.89241 -0.714756
-0.392 1.9592 -0.714899
-0.39 2.02474 -0.712234
-0.388 2.08884 -0.706646
-0.386 2.15132 -0.698027
-0.384 2.21196 -0.686282
-0.382 2.2706 -0.671322
-0.38 2.32704 -0.653072
-0.378 2.38111 -0.631468
-0.376 2.43265 -0.606455
-0.374 2.48149 -0.577994
-0.372 2.52747 -0.546057
-0.37 2.57047 -0.510629
-0.368 2.61034 -0.471708
-0.366 2.64696 -0.429306
-0.364 2.68023 -0.38345
-0.362 2.71004 -0.334179
-0.36 2.73631 -0.281547
-0.358 2.75896 -0.225623
-0.356 2.77794 -0.166489
-0.354 2.79319 -0.104241
-0.352 2.80469 -0.0389885
-0.35 2.81242 0.0291434
-0.348 2.81638 0.100018
-0.346 2.81657 0.173484
-0.344 2.81303 0.249378
-0.342 2.80579 0.327525
-0.34 2.79493 0.407737
-0.338 2.7805 0.489814
-0.336 2.7626 0.573546
-0.334 2.74133 0.658713
-0.332 2.71681 0.745083
-0.33 2.68917 0.832419
-0.328 2.65856 0.920471
-0.326 2.62515 1.00899
-0.324 2.5891 1.0977
-0.322 2.55061 1.18635
-0.32 2.50987 1.27466
-0.318 2.46711 1.36236
-0.316 2.42254 1.44915
-0.314 2.3764 1.53478
-0.312 2.32894 1.61894
-0.31 2.28041 1.70136
-0.308 2.23108 1.78175
-0.306 2.18121 1.85984
-0.304 2.1311 1.93534
-0.302 2.08102 2.00799
-0.3 2.03127 2.07751
-0.298 1.98213 2.14365
-0.296 1.93391 2.20614
-0.294 1.88691 2.26474
-0.292 1.84143 2.31922
-0.29 1.79777 2.36933
-0.288 1.75624 2.41487
-0.286 1.71713 2.45563
-0.284 1.68075 2.49142
-0.282 1.64738 2.52205
-0.28 1.61732 2.54736
-0.278 1.59085 2.56721
-0.276 1.56824 2.58146
-0.274 1.54978 2.58999
-0.272 1.53572 2.5927
-0.27 1.52631 2.58952
-0.268 1.52179 2.58037
-0.266 1.5224 2.56522
-0.264 1.52836 2.54404
-0.262 1.53986 2.51682
-0.26 1.55712 2.48358
-0.258 1.5803 2.44436
-0.256 1.60957 2.39921
-0.254 1.64507 2.34821
-0.252 1.68695 2.29144
-0.25 1.73532 2.22904
-0.248 1.79028 2.16113
-0.246 1.85191 2.08787
-0.244 1.92027 2.00944
-0.242 1.99542 1.92604
-0.24 2.07738 1.83787
-0.238 2.16616 1.74516
-0.236 2.26175 1.64818
-0.234 2.36413 1.54717
-0.232 2.47324 1.44244
-0.23 2.58902 1.33426
-0.228 2.71139 1.22296
-0.226 2.84024 1.10886
-0.224 2.97545 0.992293
-0.222 3.11688 0.873613
-0.22 3.26437 0.753176
-0.218 3.41775 0.63135
-0.216 3.57681 0.508511
-0.214 3.74135 0.385041
-0.212 3.91114 0.261327
-0.21 4.08593 0.137759
-0.208 4.26546 0.0147318
-0.206 4.44947 -0.10736
-0.204 4.63765 -0.228123
-0.202 4.82971 -0.347163
-0.2 5.02533 -0.464091
-0.198 5.22418 -0.578521
-0.196 5.42592 -0.690074
-0.194 5.6302 -0.798376
-0.192 5.83666 -0.903065
-0.19 6.04493 -1.00378
-0.188 6.25463 -1.10019
-0.186 6.46538 -1.19196
-0.184 6.67678 -1.27877
-0.182 6.88845 -1.36032
-0.18 7.09998 -1.43632
-0.178 7.31096 -1.5065
-0.176 7.521 -1.57062
-0.174 7.72968 -1.62844
-0.172 7.93661 -1.67975
-0.17 8.14137 -1.72436
-0.168 8.34356 -1.76209
-0.166 8.54278 -1.79281
-0.164 8.73863 -1.81639
-0.162 8.93072 -1.83273
-0.16 9.11867 -1.84174
-0.158 9.3021 -1.84339
-0.156 9.48064 -1.83763
-0.154 9.65392 -1.82447
-0.152 9.82159 -1.80393
-0.15 9.98331 -1.77606
-0.148 10.1387 -1.74091
-0.146 10.2876 -1.6986
-0.144 10.4295 -1.64924
-0.142 10.5643 -1.59296
-0.14 10.6915 -1.52995
-0.138 10.8111 -1.46039
-0.136 10.9226 -1.38449
-0.134 11.0259 -1.30248
-0.132 11.1208 -1.21462
-0.13 11.2071 -1.12119
-0.128 11.2846 -1.02247
-0.126 11.3531 -0.918777
-0.124 11.4124 -0.810443
-0.122 11.4626 -0.697808
-0.12 11.5034 -0.581233
-0.118 11.5347 -0.461088
-0.116 11.5566 -0.337759
-0.114 11.5688 -0.211639
-0.112 11.5715 -0.0831345
-0.11 11.5645 0.0473437
-0.108 11.5479 0.179377
-0.106 11.5218 0.312541
-0.104 11.486 0.446409
-0.102 11.4407 0.580552
-0.1 11.386 0.71454
-0.098 11.3219 0.847944
-0.096 11.2486 0.980339
-0.094 11.1661 1.1113
-0.092 11.0745 1.24042
-0.09 10.9741 1.36727
-0.088 10.8649 1.49147
-0.086 10.7471 1.61262
-0.084 10.621 1.73035
-0.082 10.4866 1.84427
-0.08 10.3443 1.95405
-0.078 10.1941 2.05934
-0.076 10.0363 2.15982
-0.074 9.87111 2.25519
-0.072 9.69879 2.34516
-0.07 9.51953 2.42947
-0.068 9.33358 2.50787
-0.066 9.14118 2.58013
-0.064 8.94255 2.64606
-0.062 8.73795 2.70548
-0.06 8.52762 2.75823
-0.058 8.3118 2.80417
-0.056 8.09074 2.84321
-0.054 7.86466 2.87525
-0.052 7.63382 2.90025
-0.05 7.39844 2.91816
-0.048 7.15876 2.92898
-0.046 6.91501 2.93273
-0.044 6.66742 2.92944
-0.042 6.4162 2.91919
-0.04 6.16156 2.90207
-0.038 5.90373 2.87819
-0.036 5.64289 2.84769
-0.034 5.37925 2.81074
-0.032 5.113 2.76751
-0.03 4.84432 2.71822
-0.028 4.57339 2.66308
-0.026 4.30039 2.60235
-0.024 4.02547 2.53628
-0.022 3.74881 2.46518
-0.02 3.47055 2.38932
-0.018 3.19085 2.30903
-0.016 2.90984 2.22463
-0.014 2.62767 2.13648
-0.012 2.34446 2.04492
-0.01 2.06036 1.95033
-0.008 1.77548 1.85306
-0.006 1.48995 1.75352
-0.004 1.20389 1.65208
-0.002 0.917413 1.54914
0 0.630646 1.44509
0.002 0.343685 1.34037
0.004 0.0566623 1.23535
0.006 -0.230306 1.13043
0.008 -0.517099 1.02601
0.01 -0.803597 0.922487
0.012 -1.08967 0.820252
0.014 -1.3752 0.719695
0.016 -1.66006 0.621194
0.018 -1.94409 0.525122
0.02 -2.22718 0.431839
0.022 -2.50916 0.341698
0.024 -2.78989 0.255035
0.026 -3.06922 0.172176
0.028 -3.34698 0.0934293
0.03 -3.623 0.0190897
0.032 -3.89711 -0.0505665
0.034 -4.16913 -0.115281
0.036 -4.43886 -0.174814
0.038 -4.70612 -0.228947
0.04 -4.9707 -0.27748
0.042 -5.2324 -0.320237
0.044 -5.491 -0.357062
0.046 -5.74629 -0.387824
0.048 -5.99804 -0.412415
0.05 -6.24602 -0.430747
0.052 -6.49 -0.442762
0.054 -6.72974 -0.448421
0.056 -6.965 -0.447713
0.058 -7.19554 -0.440648
0.06 -7.42111 -0.427265
0.062 -7.64146 -0.407623
0.064 -7.85635 -0.381807
0.066 -8.06553 -0.349925
0.068 -8.26875 -0.312109
0.07 -8.46576 -0.268514
0.072 -8.65632 -0.219317
0.074 -8.8402 -0.164715
0.076 -9.01715 -0.104928
0.078 -9.18694 -0.0401953
0.08 -9.34936 0.0292251
0.082 -9.50417 0.103057
0.084 -9.65118 0.181006
0.086 -9.79017 0.262763
0.088 -9.92096 0.348004
0.09 -10.0434 0.436391
0.092 -10.1572 0.527573
0.094 -10.2623 0.621189
0.096 -10.3586 0.716868
0.098 -10.4458 0.81423
0.1 -10.524 0.912889
0.102 -10.5929 1.01245
0.104 -10.6525 1.11252
0.106 -10.7026 1.21271
0.108 -10.7434 1.3126
0.11 -10.7746 1.4118
0.112 -10.7964 1.50992
0.114 -10.8086 1.60656
0.116 -10.8113 1.70133
0.118 -10.8045 1.79384
0.12 -10.7882 1.88373
0.122 -10.7626 1.97063
0.124 -10.7277 2.05417
0.126 -10.6836 2.13402
0.128 -10.6304 2.20984
0.13 -10.5683 2.28132
0.132 -10.4973 2.34815
0.134 -10.4178 2.41005
0.136 -10.3299 2.46674
0.138 -10.2337 2.51799
0.14 -10.1295 2.56355
0.142 -10.0176 2.60322
0.144 -9.89815 2.63681
0.146 -9.77149 2.66414
0.148 -9.63787 2.68508
0.15 -9.49761 2.69949
0.152 -9.35099 2.70727
0.154 -9.19836 2.70835
0.156 -9.04005 2.70267
0.158 -8.87638 2.6902
0.16 -8.70773 2.67094
0.162 -8.53446 2.64489
0.164 -8.35693 2.6121
0.166 -8.17552 2.57263
0.168 -7.99061 2.52656
0.17 -7.80261 2.47401
0.172 -7.61189 2.41511
0.174 -7.41885 2.35
0.176 -7.2239 2.27886
0.178 -7.02743 2.20189
0.18 -6.82984 2.1193
0.182 -6.63152 2.03131
0.184 -6.43289 1.93818
0.186 -6.23432 1.84018
0.188 -6.03621 1.73759
0.19 -5.83895 1.6307
0.192 -5.6429 1.51982
0.194 -5.44845 1.40529
0.196 -5.25596 1.28742
0.198 -5.06578 1.16658
0.2 -4.87826 1.0431
0.202 -4.69373 0.917358
0.204 -4.51252 0.78971
0.206 -4.33494 0.66053
0.208 -4.16129 0.530194
0.21 -3.99185 0.399077
0.212 -3.82691 0.267558
0.214 -3.66671 0.136013
0.216 -3.51149 0.00481786
0.218 -3.36149 -0.125657
0.22 -3.21691 -0.255044
0.222 -3.07794 -0.382981
0.224 -2.94477 -0.509115
0.226 -2.81754 -0.6331
0.228 -2.6964 -0.754598
0.23 -2.58147 -0.873284
0.232 -2.47286 -0.988843
0.234 -2.37064 -1.10097
0.236 -2.27489 -1.20938
0.238 -2.18566 -1.3138
0.24 -2.10296 -1.41397
0.242 -2.02682 -1.50965
0.244 -1.95722 -1.6006
0.246 -1.89415 -1.68662
0.248 -1.83754 -1.76752
0.25 -1.78735 -1.84313
0.252 -1.74349 -1.91329
0.254 -1.70587 -1.97786
0.256 -1.67437 -2.03674
0.258 -1.64886 -2.08981
0.26 -1.62921 -2.13702
0.262 -1.61523 -2.17829
0.264 -1.60677 -2.21359
0.266 -1.60364 -2.24291
0.268 -1.60562 -2.26624
0.27 -1.61252 -2.2836
0.272 -1.62409 -2.29504
0.274 -1.6401 -2.3006
0.276 -1.66032 -2.30038
0.278 -1.68447 -2.29445
0.28 -1.7123 -2.28293
0.282 -1.74353 -2.26595
0.284 -1.77789 -2.24364
0.286 -1.81509 -2.21617
0.288 -1.85484 -2.1837
0.29 -1.89685 -2.14642
0.292 -1.94083 -2.10453
0.294 -1.98648 -2.05823
0.296 -2.03351 -2.00774
0.298 -2.08161 -1.9533
0.3 -2.1305 -1.89514
0.302 -2.17988 -1.83351
0.304 -2.22946 -1.76866
0.306 -2.27896 -1.70086
0.308 -2.3281 -1.63036
0.31 -2.37661 -1.55744
0.312 -2.42421 -1.48237
0.314 -2.47066 -1.40543
0.316 -2.51569 -1.32688
0.318 -2.55908 -1.24701
0.32 -2.60058 -1.16608
0.322 -2.63999 -1.08438
0.324 -2.67709 -1.00217
0.326 -2.71169 -0.919718
0.328 -2.7436 -0.837289
0.33 -2.77265 -0.755137
0.332 -2.79869 -0.673515
0.334 -2.82157 -0.592665
0.336 -2.84116 -0.512823
0.338 -2.85736 -0.434217
0.34 -2.87006 -0.357064
0.342 -2.87918 -0.281573
0.344 -2.88464 -0.207942
0.346 -2.8864 -0.136359
0.348 -2.88441 -0.0669973
0.35 -2.87865 -2.20558e-05
0.352 -2.86912 0.0644159
0.354 -2.85581 0.126178
0.356 -2.83876 0.185139
0.358 -2.81798 0.241186
0.36 -2.79354 0.294221
0.362 -2.7655 0.344158
0.364 -2.73393 0.390925
0.366 -2.69891 0.434466
0.368 -2.66056 0.474735
0.37 -2.61898 0.511702
0.372 -2.57429 0.54535
0.374 -2.52664 0.575675
0.376 -2.47616 0.602687
0.378 -2.42301 0.626407
0.38 -2.36735 0.646871
0.382 -2.30934 0.664125
0.384 -2.24918 0.678226
0.386 -2.18703 0.689245
0.388 -2.12308 0.697262
0.39 -2.05754 0.702366
0.392 -1.99059 0.704657
0.394 -1.92243 0.704245
0.396 -1.85326 0.701245
0.398 -1.78329 0.695783
0.4 -1.71273 0.687988
0.402 -1.64176 0.677999
0.404 -1.57059 0.665957
0.406 -1.49942 0.652011
0.408 -1.42845 0.636309
0.41 -1.35786 0.619008
0.412 -1.28785 0.600261
0.414 -1.21859 0.580227
0.416 -1.15027 0.559063
0.418 -1.08304 0.536927
0.42 -1.01708 0.513976
0.422 -0.952537 0.490363
0.424 -0.889551 0.466243
0.426 -0.828262 0.441762
0.428 -0.768796 0.417068
0.43 -0.711268 0.392299
0.432 -0.655783 0.367592
0.434 -0.602436 0.343075
0.436 -0.55131 0.31887
0.438 -0.502476 0.295095
0.44 -0.455994 0.271857
0.442 -0.411911 0.249256
0.444 -0.370263 0.227384
0.446 -0.331073 0.206325
0.448 -0.294353 0.186152
0.45 -0.260102 0.166932
0.452 -0.228308 0.148719
0.454 -0.198945 0.13156
0.456 -0.17198 0.11549
0.458 -0.147364 0.100538
0.46 -0.12504 0.0867194
0.462 -0.10494 0.0740424
0.464 -0.0869857 0.0625051
0.466 -0.0710907 0.0520964
0.468 -0.0571586 0.0427963
0.47 -0.045085 0.034576
0.472 -0.0347583 0.0273986
0.474 -0.0260601 0.0212189
0.476 -0.0188659 0.0159847
0.478 -0.0130459 0.0116364
0.48 -0.00846601 0.00810802
0.482 -0.00498866 0.00532773
0.484 -0.00247351 0.00321833
0.486 -0.000778473 0.00169794
0.488 0.000239359 0.000680652
0.49 0.000722824 7.72192e-05
0.492 0.000813738 -0.000204252
0.494 0.000651957 -0.000257573
0.496 0.000374441 -0.000177736
0.498 0.000114325 -6.01726e-05
0.05 0.302954 0.764764
0.1 0.302953 0.764723
0.15 0.302951 0.764655
0.2 0.302948 0.76456
0.25 0.302945 0.764438
0.3 0.302941 0.764289
0.35 0.302936 0.764113
0.4 0.302931 0.76391
0.45 0.302925 0.763679
0.5 0.302918 0.763422
0.55 0.30291 0.763137
0.6 0.302901 0.762826
0.65 0.302892 0.762488
0.7 0.302881 0.762123
0.75 0.30287 0.761731
0.8 0.302858 0.761312
0.85 0.302845 0.760866
0.9 0.302831 0.760394
0.95 0.302816 0.759895
1 0.302801 0.759369
1.05 0.302784 0.758817
1.1 0.302766 0.758239
1.15 0.302747 0.757634
1.2 0.302727 0.757002
1.25 0.302706 0.756344
1.3 0.302684 0.75566
1.35 0.30266 0.75495
1.4 0.302636 0.754214
1.45 0.30261 0.753452
1.5 0.302582 0.752664
1.55 0.302554 0.75185
1.6 0.302524 0.75101
1.65 0.302492 0.750144
1.7 0.302459 0.749253
1.75 0.302425 0.748337
1.8 0.302389 0.747395
1.85 0.302351 0.746428
1.9 0.302312 0.745436
1.95 0.302271 0.744418
2 0.302228 0.743376
2.05 0.302184 0.742309
2.1 0.302137 0.741217
2.15 0.302089 0.7401
2.2 0.302039 0.738959
2.25 0.301986 0.737794
2.3 0.301932 0.736604
2.35 0.301875 0.735391
2.4 0.301817 0.734153
2.45 0.301756 0.732891
2.5 0.301692 0.731606
2.55 0.301627 0.730297
2.6 0.301559 0.728964
2.65 0.301488 0.727608
2.7 0.301415 0.726229
2.75 0.301339 0.724827
2.8 0.301261 0.723402
2.85 0.301179 0.721955
2.9 0.301095 0.720485
2.95 0.301008 0.718992
3 0.300918 0.717477
3.05 0.300825 0.71594
3.1 0.300729 0.714381
3.15 0.30063 0.7128
3.2 0.300528 0.711198
3.25 0.300422 0.709574
3.3 0.300313 0.707929
3.35 0.300201 0.706262
3.4 0.300085 0.704575
3.45 0.299965 0.702867
3.5 0.299842 0.701139
3.55 0.299715 0.69939
3.6 0.299584 0.69762
3.65 0.299449 0.695831
3.7 0.299311 0.694022
3.75 0.299168 0.692193
3.8 0.299021 0.690345
3.85 0.29887 0.688477
3.9 0.298715 0.686591
3.95 0.298556 0.684685
4 0.298392 0.682761
4.05 0.298224 0.680818
4.1 0.298051 0.678857
4.15 0.297873 0.676878
4.2 0.297691 0.67488
4.25 0.297504 0.672866
4.3 0.297313 0.670833
4.35 0.297116 0.668783
4.4 0.296915 0.666717
4.45 0.296708 0.664633
4.5 0.296496 0.662533
4.55 0.296279 0.660416
4.6 0.296057 0.658283
4.65 0.295829 0.656134
4.7 0.295596 0.653969
4.75 0.295358 0.651789
4.8 0.295114 0.649593
4.85 0.294864 0.647382
4.9 0.294608 0.645156
4.95 0.294347 0.642916
5 0.29408 0.640661
5.05 0.293807 0.638391
5.1 0.293528 0.636108
5.15 0.293243 0.633811
5.2 0.292952 0.6315
5.25 0.292655 0.629176
5.3 0.292351 0.626839
5.35 0.292042 0.624489
5.4 0.291725 0.622126
5.45 0.291403 0.619751
5.5 0.291073 0.617364
5.55 0.290738 0.614964
5.6 0.290395 0.612553
5.65 0.290046 0.610131
5.7 0.28969 0.607697
5.75 0.289327 0.605252
5.8 0.288958 0.602797
5.85 0.288581 0.60033
5.9 0.288198 0.597854
5.95 0.287807 0.595368
6 0.287409 0.592871
6.05 0.287005 0.590365
6.1 0.286593 0.58785
6.15 0.286173 0.585326
6.2 0.285747 0.582793
6.25 0.285313 0.580251
6.3 0.284871 0.5777
6.35 0.284422 0.575142
6.4 0.283966 0.572576
6.45 0.283502 0.570002
6.5 0.283031 0.56742
6.55 0.282551 0.564832
6.6 0.282065 0.562236
6.65 0.28157 0.559634
6.7 0.281068 0.557025
6.75 0.280558 0.55441
6.8 0.28004 0.55179
6.85 0.279514 0.549163
6.9 0.27898 0.546531
6.95 0.278439 0.543893
7 0.277889 0.541251
7.05 0.277331 0.538604
7.1 0.276766 0.535952
7.15 0.276192 0.533296
7.2 0.27561 0.530636
7.25 0.275021 0.527972
7.3 0.274423 0.525305
7.35 0.273817 0.522634
7.4 0.273202 0.51996
7.45 0.27258 0.517283
7.5 0.271949 0.514604
7.55 0.271311 0.511922
7.6 0.270664 0.509238
7.65 0.270008 0.506552
7.7 0.269345 0.503864
7.75 0.268673 0.501175
7.8 0.267993 0.498485
7.85 0.267305 0.495793
7.9 0.266608 0.493101
7.95 0.265904 0.490408
8 0.265191 0.487715
8.05 0.264469 0.485022
8.1 0.26374 0.482329
8.15 0.263002 0.479637
8.2 0.262256 0.476945
8.25 0.261501 0.474253
8.3 0.260739 0.471563
8.35 0.259968 0.468874
8.4 0.259189 0.466187
8.45 0.258402 0.463501
8.5 0.257607 0.460817
8.55 0.256803 0.458135
8.6 0.255991 0.455456
8.65 0.255172 0.452779
8.7 0.254344 0.450105
8.75 0.253508 0.447434
8.8 0.252664 0.444766
8.85 0.251812 0.442101
8.9 0.250952 0.43944
8.95 0.250084 0.436783
9 0.249208 0.43413
9.05 0.248324 0.431481
9.1 0.247432 0.428836
9.15 0.246533 0.426196
9.2 0.245625 0.423561
9.25 0.24471 0.420931
9.3 0.243788 0.418306
9.35 0.242857 0.415687
9.4 0.241919 0.413073
9.45 0.240974 0.410465
9.5 0.240021 0.407862
9.55 0.23906 0.405266
9.6 0.238092 0.402677
9.65 0.237117 0.400093
9.7 0.236135 0.397517
9.75 0.235145 0.394947
9.8 0.234148 0.392385
9.85 0.233144 0.389829
9.9 0.232133 0.387281
9.95 0.231114 0.384741
10 0.230089 0.382208
10.05 0.229057 0.379684
10.1 0.228018 0.377167
10.15 0.226973 0.374659
10.2 0.225921 0.372158
10.25 0.224862 0.369667
10.3 0.223797 0.367184
10.35 0.222725 0.36471
10.4 0.221647 0.362246
10.45 0.220562 0.35979
10.5 0.219472 0.357344
10.55 0.218375 0.354907
10.6 0.217272 0.35248
10.65 0.216163 0.350062
10.7 0.215049 0.347655
10.75 0.213928 0.345257
10.8 0.212802 0.34287
10.85 0.21167 0.340493
10.9 0.210533 0.338126
10.95 0.20939 0.33577
11 0.208242 0.333425
11.05 0.207088 0.33109
11.1 0.205929 0.328767
11.15 0.204766 0.326454
11.2 0.203597 0.324153
11.25 0.202423 0.321863
11.3 0.201245 0.319585
11.35 0.200062 0.317318
11.4 0.198874 0.315063
11.45 0.197682 0.312819
11.5 0.196485 0.310587
11.55 0.195284 0.308367
11.6 0.194079 0.30616
11.65 0.19287 0.303964
11.7 0.191657 0.301781
11.75 0.19044 0.29961
11.8 0.189219 0.297452
11.85 0.187995 0.295306
11.9 0.186767 0.293172
11.95 0.185535 0.291052
12 0.1843 0.288944
12.05 0.183062 0.286849
12.1 0.181821 0.284767
12.15 0.180577 0.282697
12.2 0.17933 0.280641
12.25 0.17808 0.278599
12.3 0.176827 0.276569
12.35 0.175572 0.274553
12.4 0.174315 0.27255
12.45 0.173055 0.27056
12.5 0.171793 0.268584
12.55 0.170529 0.266621
12.6 0.169263 0.264672
12.65 0.167995 0.262737
12.7 0.166725 0.260815
12.75 0.165454 0.258907
12.8 0.164181 0.257012
12.85 0.162906 0.255132
12.9 0.161631 0.253265
12.95 0.160354 0.251412
13 0.159076 0.249573
13.05 0.157797 0.247748
13.1 0.156518 0.245937
13.15 0.155238 0.24414
13.2 0.153957 0.242357
13.25 0.152676 0.240588
13.3 0.151394 0.238833
13.35 0.150112 0.237092
13.4 0.14883 0.235366
13.45 0.147548 0.233653
13.5 0.146267 0.231954
13.55 0.144985 0.23027
13.6 0.143704 0.2286
13.65 0.142423 0.226943
13.7 0.141143 0.225301
13.75 0.139864 0.223674
13.8 0.138586 0.22206
13.85 0.137308 0.22046
13.9 0.136032 0.218875
13.95 0.134756 0.217303
14 0.133482 0.215746
14.05 0.13221 0.214203
14.1 0.130939 0.212674
14.15 0.129669 0.211159
14.2 0.128402 0.209658
14.25 0.127136 0.208171
14.3 0.125872 0.206697
14.35 0.124611 0.205238
14.4 0.123351 0.203793
14.45 0.122094 0.202362
14.5 0.120839 0.200945
14.55 0.119587 0.199541
14.6 0.118338 0.198152
14.65 0.117091 0.196776
14.7 0.115847 0.195413
14.75 0.114607 0.194065
14.8 0.113369 0.19273
14.85 0.112134 0.191409
14.9 0.110903 0.190101
14.95 0.109675 0.188807
15 0.108451 0.187526
15.05 0.10723 0.186259
15.1 0.106013 0.185005
15.15 0.1048 0.183764
15.2 0.103591 0.182536
15.25 0.102385 0.181322
15.3 0.101184 0.180121
15.35 0.0999871 0.178933
15.4 0.0987944 0.177758
15.45 0.0976062 0.176595
15.5 0.0964224 0.175446
15.55 0.0952432 0.174309
15.6 0.0940687 0.173185
15.65 0.092899 0.172074
15.7 0.0917342 0.170975
15.75 0.0905742 0.169889
15.8 0.0894194 0.168815
15.85 0.0882696 0.167754
15.9 0.0871251 0.166705
15.95 0.0859859 0.165668
16 0.084852 0.164643
16.05 0.0837236 0.16363
16.1 0.0826008 0.162629
16.15 0.0814836 0.161639
16.2 0.0803721 0.160662
16.25 0.0792663 0.159696
16.3 0.0781665 0.158742
16.35 0.0770725 0.157799
16.4 0.0759846 0.156868
16.45 0.0749027 0.155948
16.5 0.073827 0.155039
16.55 0.0727575 0.154141
16.6 0.0716943 0.153254
16.65 0.0706375 0.152379
16.7 0.0695871 0.151514
16.75 0.0685431 0.150659
16.8 0.0675058 0.149815
16.85 0.066475 0.148982
16.9 0.0654509 0.148159
16.95 0.0644335 0.147347
17 0.0634229 0.146545
17.05 0.0624192 0.145752
17.1 0.0614224 0.14497
17.15 0.0604325 0.144198
17.2 0.0594496 0.143435
17.25 0.0584738 0.142683
17.3 0.0575051 0.141939
17.35 0.0565436 0.141205
17.4 0.0555893 0.140481
17.45 0.0546422 0.139766
17.5 0.0537024 0.139059
17.55 0.0527699 0.138362
17.6 0.0518448 0.137674
17.65 0.0509271 0.136994
17.7 0.0500169 0.136324
17.75 0.0491142 0.135661
17.8 0.048219 0.135008
17.85 0.0473313 0.134362
17.9 0.0464513 0.133725
17.95 0.0455789 0.133096
18 0.0447141 0.132474
18.05 0.043857 0.131861
18.1 0.0430076 0.131256
18.15 0.042166 0.130658
18.2 0.0413321 0.130067
18.25 0.040506 0.129484
18.3 0.0396877 0.128909
18.35 0.0388772 0.12834
18.4 0.0380745 0.127779
18.45 0.0372797 0.127224
18.5 0.0364928 0.126676
18.55 0.0357138 0.126135
18.6 0.0349427 0.125601
18.65 0.0341794 0.125073
18.7 0.0334242 0.124552
18.75 0.0326768 0.124036
18.8 0.0319374 0.123527
18.85 0.0312059 0.123024
18.9 0.0304823 0.122527
18.95 0.0297668 0.122035
19 0.0290591 0.121549
19.05 0.0283594 0.121069
19.1 0.0276677 0.120594
19.15 0.026984 0.120125
19.2 0.0263081 0.11966
19.25 0.0256403 0.119201
19.3 0.0249803 0.118747
19.35 0.0243283 0.118298
19.4 0.0236842 0.117853
19.45 0.0230481 0.117413
19.5 0.0224198 0.116978
19.55 0.0217994 0.116547
19.6 0.0211869 0.11612
19.65 0.0205823 0.115697
19.7 0.0199855 0.115279
19.75 0.0193966 0.114864
19.8 0.0188154 0.114454
19.85 0.0182421 0.114047
19.9 0.0176765 0.113644
19.95 0.0171187 0.113244
20 0.0165686 0.112848
20.05 0.0160262 0.112455
20.1 0.0154916 0.112065
20.15 0.0149645 0.111679
20.2 0.0144451 0.111295
20.25 0.0139333 0.110915
20.3 0.0134291 0.110537
20.35 0.0129324 0.110162
20.4 0.0124432 0.10979
20.45 0.0119616 0.10942
20.5 0.0114873 0.109052
20.55 0.0110205 0.108687
20.6 0.0105611 0.108324
20.65 0.010109 0.107964
20.7 0.00966417 0.107605
20.75 0.00922665 0.107248
20.8 0.00879637 0.106893
20.85 0.00837328 0.10654
20.9 0.00795735 0.106188
20.95 0.00754853 0.105839
21 0.00714678 0.10549
21.05 0.00675206 0.105143
21.1 0.00636433 0.104797
21.15 0.00598354 0.104453
21.2 0.00560964 0.104109
21.25 0.00524261 0.103767
21.3 0.00488237 0.103426
21.35 0.0045289 0.103085
21.4 0.00418214 0.102746
21.45 0.00384204 0.102407
21.5 0.00350855 0.102069
21.55 0.00318164 0.101731
21.6 0.00286124 0.101394
21.65 0.0025473 0.101057
21.7 0.00223978 0.100721
21.75 0.00193862 0.100385
21.8 0.00164376 0.100049
21.85 0.00135517 0.0997133
21.9 0.00107278 0.0993776
21.95 0.000796537 0.099042
22 0.000526391 0.0987064
22.05 0.000262285 0.0983706
22.1 4.16465e-06 0.0980346
22.15 -0.000248026 0.0976984
22.2 -0.000494344 0.0973618
22.25 -0.000734844 0.0970249
22.3 -0.000969584 0.0966876
22.35 -0.00119862 0.0963498
22.4 -0.00142201 0.0960114
22.45 -0.00163982 0.0956724
22.5 -0.00185209 0.0953328
22.55 -0.00205889 0.0949925
22.6 -0.00226029 0.0946515
22.65 -0.00245632 0.0943096
22.7 -0.00264707 0.0939669
22.75 -0.00283258 0.0936232
22.8 -0.00301291 0.0932787
22.85 -0.00318813 0.0929331
22.9 -0.0033583 0.0925865
22.95 -0.00352347 0.0922388
23 -0.0036837 0.09189
23.05 -0.00383907 0.0915401
23.1 -0.00398961 0.0911889
23.15 -0.00413541 0.0908366
23.2 -0.00427651 0.0904829
23.25 -0.00441299 0.090128
23.3 -0.00454489 0.0897717
23.35 -0.00467229 0.0894141
23.4 -0.00479523 0.089055
23.45 -0.00491379 0.0886946
23.5 -0.00502802 0.0883327
23.55 -0.00513799 0.0879693
23.6 -0.00524376 0.0876044
23.65 -0.00534538 0.0872379
23.7 -0.00544291 0.08687
23.75 -0.00553643 0.0865004
23.8 -0.00562599 0.0861293
23.85 -0.00571164 0.0857565
23.9 -0.00579345 0.0853821
23.95 -0.00587149 0.0850061
24 -0.0059458 0.0846284
24.05 -0.00601646 0.084249
24.1 -0.00608351 0.0838679
24.15 -0.00614703 0.0834851
24.2 -0.00620706 0.0831007
24.25 -0.00626368 0.0827145
24.3 -0.00631693 0.0823265
24.35 -0.00636687 0.0819369
24.4 -0.00641358 0.0815455
24.45 -0.00645709 0.0811523
24.5 -0.00649748 0.0807574
24.55 -0.00653479 0.0803607
24.6 -0.0065691 0.0799623
24.65 -0.00660045 0.0795622
24.7 -0.00662889 0.0791603
24.75 -0.0066545 0.0787566
24.8 -0.00667732 0.0783512
24.85 -0.00669741 0.0779441
24.9 -0.00671482 0.0775352
24.95 -0.00672962 0.0771246
25 -0.00674185 0.0767123
25.05 -0.00675157 0.0762982
25.1 -0.00675884 0.0758825
25.15 -0.0067637 0.0754651
25.2 -0.00676622 0.0750459
25.25 -0.00676644 0.0746252
25.3 -0.00676441 0.0742027
25.35 -0.0067602 0.0737787
25.4 -0.00675384 0.073353
25.45 -0.0067454 0.0729257
25.5 -0.00673492 0.0724968
25.55 -0.00672246 0.0720663
25.6 -0.00670806 0.0716343
25.65 -0.00669177 0.0712008
25.7 -0.00667364 0.0707657
25.75 -0.00665372 0.0703292
25.8 -0.00663206 0.0698912
25.85 -0.00660871 0.0694518
25.9 -0.00658371 0.0690109
25.95 -0.00655711 0.0685687
26 -0.00652896 0.0681251
26.05 -0.0064993 0.0676801
26.1 -0.00646817 0.0672339
26.15 -0.00643562 0.0667863
26.2 -0.0064017 0.0663376
26.25 -0.00636645 0.0658876
26.3 -0.00632991 0.0654364
26.35 -0.00629213 0.064984
26.4 -0.00625314 0.0645305
26.45 -0.00621299 0.0640759
26.5 -0.00617172 0.0636203
26.55 -0.00612936 0.0631636
26.6 -0.00608597 0.062706
26.65 -0.00604157 0.0622473
26.7 -0.00599621 0.0617878
26.75 -0.00594993 0.0613274
26.8 -0.00590275 0.0608661
26.85 -0.00585473 0.060404
26.9 -0.0058059 0.0599411
26.95 -0.00575628 0.0594775
27 -0.00570593 0.0590132
27.05 -0.00565486 0.0585482
27.1 -0.00560313 0.0580827
27.15 -0.00555075 0.0576165
27.2 -0.00549777 0.0571498
27.25 -0.00544422 0.0566826
27.3 -0.00539013 0.056215
27.35 -0.00533552 0.0557469
27.4 -0.00528044 0.0552784
27.45 -0.00522491 0.0548097
27.5 -0.00516897 0.0543406
27.55 -0.00511263 0.0538713
27.6 -0.00505594 0.0534018
27.65 -0.00499891 0.0529322
27.7 -0.00494158 0.0524624
27.75 -0.00488398 0.0519925
27.8 -0.00482612 0.0515227
27.85 -0.00476804 0.0510528
27.9 -0.00470977 0.050583
27.95 -0.00465132 0.0501133
28 -0.00459272 0.0496438
28.05 -0.004534 0.0491745
28.1 -0.00447518 0.0487054
28.15 -0.00441628 0.0482366
28.2 -0.00435732 0.0477681
28.25 -0.00429833 0.0473
28.3 -0.00423933 0.0468323
28.35 -0.00418034 0.0463652
28.4 -0.00412138 0.0458985
28.45 -0.00406247 0.0454323
28.5 -0.00400362 0.0449668
28.55 -0.00394486 0.044502
28.6 -0.00388621 0.0440378
28.65 -0.00382769 0.0435744
28.7 -0.0037693 0.0431117
28.75 -0.00371107 0.0426499
28.8 -0.00365302 0.042189
28.85 -0.00359516 0.041729
28.9 -0.0035375 0.0412699
28.95 -0.00348007 0.0408119
29 -0.00342287 0.0403549
29.05 -0.00336592 0.0398991
29.1 -0.00330923 0.0394443
29.15 -0.00325282 0.0389908
29.2 -0.0031967 0.0385385
29.25 -0.00314089 0.0380875
29.3 -0.00308538 0.0376378
29.35 -0.00303021 0.0371894
29.4 -0.00297537 0.0367425
29.45 -0.00292087 0.036297
29.5 -0.00286674 0.035853
29.55 -0.00281297 0.0354106
29.6 -0.00275958 0.0349697
29.65 -0.00270658 0.0345304
29.7 -0.00265397 0.0340928
29.75 -0.00260177 0.0336569
29.8 -0.00254997 0.0332227
29.85 -0.0024986 0.0327903
29.9 -0.00244765 0.0323598
29.95 -0.00239714 0.0319311
30 -0.00234706 0.0315042
30.05 -0.00229743 0.0310794
30.1 -0.00224825 0.0306565
30.15 -0.00219953 0.0302356
30.2 -0.00215127 0.0298167
30.25 -0.00210348 0.0294
30.3 -0.00205616 0.0289853
30.35 -0.00200932 0.0285728
30.4 -0.00196295 0.0281625
30.45 -0.00191708 0.0277545
30.5 -0.00187168 0.0273487
30.55 -0.00182678 0.0269452
30.6 -0.00178237 0.026544
30.65 -0.00173845 0.0261452
30.7 -0.00169504 0.0257487
30.75 -0.00165212 0.0253547
30.8 -0.0016097 0.0249632
30.85 -0.00156779 0.0245741
30.9 -0.00152638 0.0241876
30.95 -0.00148547 0.0238036
31 -0.00144507 0.0234222
31.05 -0.00140518 0.0230434
31.1 -0.00136579 0.0226672
31.15 -0.00132691 0.0222937
31.2 -0.00128853 0.0219229
31.25 -0.00125066 0.0215548
31.3 -0.0012133 0.0211894
31.35 -0.00117643 0.0208268
31.4 -0.00114008 0.0204669
31.45 -0.00110422 0.0201099
31.5 -0.00106887 0.0197557
31.55 -0.00103402 0.0194044
31.6 -0.000999661 0.0190559
31.65 -0.000965802 0.0187104
31.7 -0.000932437 0.0183677
31.75 -0.000899563 0.018028
31.8 -0.00086718 0.0176913
31.85 -0.000835284 0.0173575
31.9 -0.000803873 0.0170267
31.95 -0.000772944 0.016699
32 -0.000742494 0.0163742
32.05 -0.000712521 0.0160525
32.1 -0.000683022 0.0157339
32.15 -0.000653992 0.0154183
32.2 -0.00062543 0.0151059
32.25 -0.000597331 0.0147965
32.3 -0.000569692 0.0144902
32.35 -0.000542511 0.0141871
32.4 -0.000515782 0.0138871
32.45 -0.000489502 0.0135903
32.5 -0.000463668 0.0132966
32.55 -0.000438275 0.0130061
32.6 -0.000413321 0.0127187
32.65 -0.000388799 0.0124345
32.7 -0.000364708 0.0121536
32.75 -0.000341042 0.0118758
32.8 -0.000317797 0.0116012
32.85 -0.000294969 0.0113299
32.9 -0.000272553 0.0110617
32.95 -0.000250547 0.0107968
33 -0.000228944 0.0105351
33.05 -0.00020774 0.0102766
33.1 -0.000186932 0.0100214
33.15 -0.000166515 0.00976934
33.2 -0.000146484 0.00952055
33.25 -0.000126834 0.00927498
33.3 -0.000107562 0.00903265
33.35 -8.86621e-05 0.00879354
33.4 -7.01304e-05 0.00855766
33.45 -5.19622e-05 0.008325
33.5 -3.41528e-05 0.00809557
33.55 -1.66978e-05 0.00786935
33.6 4.07573e-07 0.00764635
33.65 1.71678e-05 0.00742656
33.7 3.35874e-05 0.00720998
33.75 4.9671e-05 0.00699659
33.8 6.54231e-05 0.00678639
33.85 8.08484e-05 0.00657938
33.9 9.59513e-05 0.00637555
33.95 0.000110736 0.00617489
34 0.000125208 0.00597739
34.05 0.000139371 0.00578304
34.1 0.000153229 0.00559184
34.15 0.000166788 0.00540376
34.2 0.00018005 0.00521881
34.25 0.000193022 0.00503697
34.3 0.000205706 0.00485822
34.35 0.000218108 0.00468256
34.4 0.000230232 0.00450997
34.45 0.000242082 0.00434044
34.5 0.000253661 0.00417395
34.55 0.000264975 0.0040105
34.6 0.000276027 0.00385005
34.65 0.000286822 0.00369261
34.7 0.000297363 0.00353816
34.75 0.000307655 0.00338667
34.8 0.000317701 0.00323813
34.85 0.000327506 0.00309252
34.9 0.000337072 0.00294983
34.95 0.000346405 0.00281003
35 0.000355507 0.00267312
35.05 0.000364383 0.00253906
35.1 0.000373036 0.00240785
35.15 0.000381469 0.00227945
35.2 0.000389687 0.00215386
35.25 0.000397692 0.00203104
35.3 0.000405489 0.00191098
35.35 0.00041308 0.00179366
35.4 0.000420469 0.00167906
35.45 0.000427659 0.00156715
35.5 0.000434654 0.0014579
35.55 0.000441456 0.00135131
35.6 0.000448069 0.00124734
35.65 0.000454495 0.00114597
35.7 0.000460739 0.00104719
35.75 0.000466802 0.000950949
35.8 0.000472687 0.000857241
35.85 0.000478399 0.000766039
35.9 0.000483938 0.000677316
35.95 0.000489308 0.000591047
36 0.000494512 0.000507208
36.05 0.000499553 0.000425772
36.1 0.000504432 0.000346713
36.15 0.000509153 0.000270006
36.2 0.000513717 0.000195623
36.25 0.000518128 0.000123539
36.3 0.000522387 5.37265e-05
36.35 0.000526497 -1.38416e-05
36.4 0.00053046 -7.91923e-05
36.45 0.000534279 -0.000142353
36.5 0.000537955 -0.000203351
36.55 0.000541491 -0.000262215
36.6 0.000544888 -0.000318972
36.65 0.000548149 -0.000373649
36.7 0.000551276 -0.000426276
36.75 0.00055427 -0.00047688
36.8 0.000557134 -0.00052549
36.85 0.000559869 -0.000572135
36.9 0.000562477 -0.000616842
36.95 0.000564959 -0.00065964
37 0.000567318 -0.000700559
37.05 0.000569555 -0.000739627
37.1 0.000571671 -0.000776873
37.15 0.000573669 -0.000812326
37.2 0.000575549 -0.000846014
37.25 0.000577314 -0.000877968
37.3 0.000578964 -0.000908215
37.35 0.000580501 -0.000936785
37.4 0.000581926 -0.000963708
37.45 0.000583241 -0.000989011
37.5 0.000584447 -0.00101273
37.55 0.000585545 -0.00103488
37.6 0.000586537 -0.0010555
37.65 0.000587423 -0.00107462
37.7 0.000588206 -0.00109226
37.75 0.000588885 -0.00110847
37.8 0.000589462 -0.00112325
37.85 0.000589938 -0.00113665
37.9 0.000590314 -0.00114869
37.95 0.000590592 -0.0011594
38 0.000590772 -0.00116881
38.05 0.000590855 -0.00117695
38.1 0.000590842 -0.00118385
38.15 0.000590734 -0.00118953
38.2 0.000590533 -0.00119402
38.25 0.000590238 -0.00119736
38.3 0.000589851 -0.00119956
38.35 0.000589372 -0.00120066
38.4 0.000588803 -0.00120069
38.45 0.000588144 -0.00119967
38.5 0.000587396 -0.00119762
38.55 0.000586561 -0.00119459
38.6 0.000585637 -0.00119059
38.65 0.000584628 -0.00118565
38.7 0.000583532 -0.0011798
38.75 0.000582351 -0.00117307
38.8 0.000581086 -0.00116547
38.85 0.000579738 -0.00115705
38.9 0.000578306 -0.00114782
38.95 0.000576793 -0.0011378
39 0.000575198 -0.00112704
39.05 0.000573522 -0.00111554
39.1 0.000571767 -0.00110334
39.15 0.000569932 -0.00109046
39.2 0.000568018 -0.00107693
39.25 0.000566026 -0.00106276
39.3 0.000563958 -0.00104799
39.35 0.000561812 -0.00103264
39.4 0.000559591 -0.00101674
39.45 0.000557295 -0.0010003
39.5 0.000554925 -0.000983344
39.55 0.00055248 -0.000965906
39.6 0.000549963 -0.000948002
39.65 0.000547374 -0.000929657
39.7 0.000544713 -0.000910892
39.75 0.000541981 -0.00089173
39.8 0.000539179 -0.000872191
39.85 0.000536308 -0.000852298
39.9 0.000533368 -0.000832072
39.95 0.00053036 -0.000811533
40 0.000527285 -0.000790702
40.05 0.000524144 -0.000769601
40.1 0.000520937 -0.000748247
40.15 0.000517665 -0.000726662
40.2 0.00051433 -0.000704865
40.25 0.000510931 -0.000682874
40.3 0.00050747 -0.000660709
40.35 0.000503947 -0.000638388
40.4 0.000500364 -0.00061593
40.45 0.000496721 -0.000593352
40.5 0.000493019 -0.000570672
40.55 0.000489259 -0.000547907
40.6 0.000485442 -0.000525074
40.65 0.000481568 -0.00050219
40.7 0.000477639 -0.000479271
40.75 0.000473656 -0.000456333
40.8 0.000469619 -0.000433392
40.85 0.00046553 -0.000410464
40.9 0.000461389 -0.000387563
40.95 0.000457197 -0.000364703
41 0.000452956 -0.000341901
41.05 0.000448666 -0.000319168
41.1 0.000444329 -0.000296521
41.15 0.000439945 -0.000273971
41.2 0.000435516 -0.000251532
41.25 0.000431042 -0.000229216
41.3 0.000426525 -0.000207037
41.35 0.000421966 -0.000185007
41.4 0.000417366 -0.000163137
41.45 0.000412725 -0.000141438
41.5 0.000408046 -0.000119923
41.55 0.000403329 -9.86013e-05
41.6 0.000398575 -7.74843e-05
41.65 0.000393786 -5.65821e-05
41.7 0.000388963 -3.59046e-05
41.75 0.000384107 -1.54614e-05
41.8 0.000379219 4.73821e-06
41.85 0.0003743 2.46852e-05
41.9 0.000369352 4.43708e-05
41.95 0.000364375 6.37867e-05
42 0.000359372 8.29249e-05
42.05 0.000354343 0.000101778
42.1 0.00034929 0.000120337
42.15 0.000344213 0.000138597
42.2 0.000339115 0.000156549
42.25 0.000333996 0.000174188
42.3 0.000328858 0.000191507
42.35 0.000323702 0.000208501
42.4 0.00031853 0.000225163
42.45 0.000313342 0.000241488
42.5 0.00030814 0.000257471
42.55 0.000302926 0.000273108
42.6 0.000297701 0.000288393
42.65 0.000292465 0.000303323
42.7 0.000287222 0.000317893
42.75 0.000281971 0.0003321
42.8 0.000276714 0.000345941
42.85 0.000271453 0.000359411
42.9 0.000266188 0.00037251
42.95 0.000260922 0.000385232
43 0.000255656 0.000397578
43.05 0.000250391 0.000409543
43.1 0.000245128 0.000421127
43.15 0.000239869 0.000432328
43.2 0.000234616 0.000443144
43.25 0.000229368 0.000453574
43.3 0.000224129 0.000463618
43.35 0.000218899 0.000473274
43.4 0.00021368 0.000482543
43.45 0.000208473 0.000491424
43.5 0.000203279 0.000499917
43.55 0.0001981 0.000508022
43.6 0.000192937 0.000515741
43.65 0.000187792 0.000523073
43.7 0.000182665 0.000530019
43.75 0.000177559 0.000536581
43.8 0.000172474 0.00054276
43.85 0.000167412 0.000548557
43.9 0.000162373 0.000553975
43.95 0.00015736 0.000559014
44 0.000152374 0.000563677
44.05 0.000147416 0.000567967
44.1 0.000142487 0.000571886
44.15 0.000137588 0.000575435
44.2 0.000132721 0.000578619
44.25 0.000127887 0.00058144
44.3 0.000123087 0.000583901
44.35 0.000118323 0.000586006
44.4 0.000113594 0.000587757
44.45 0.000108904 0.000589159
44.5 0.000104252 0.000590214
44.55 9.96408e-05 0.000590928
44.6 9.50702e-05 0.000591304
44.65 9.05419e-05 0.000591346
44.7 8.60568e-05 0.000591058
44.75 8.1616e-05 0.000590444
44.8 7.72207e-05 0.00058951
44.85 7.28718e-05 0.00058826
44.9 6.85703e-05 0.000586698
44.95 6.43172e-05 0.00058483
45 6.01136e-05 0.00058266
45.05 5.59602e-05 0.000580193
45.1 5.18582e-05 0.000577435
45.15 4.78083e-05 0.00057439
45.2 4.38115e-05 0.000571064
45.25 3.98686e-05 0.000567463
45.3 3.59805e-05 0.000563591
45.35 3.21479e-05 0.000559455
45.4 2.83717e-05 0.00055506
45.45 2.46526e-05 0.000550412
45.5 2.09914e-05 0.000545516
45.55 1.73888e-05 0.000540378
45.6 1.38454e-05 0.000535004
45.65 1.0362e-05 0.0005294
45.7 6.93913e-06 0.000523573
45.75 3.57746e-06 0.000517527
45.8 2.77569e-07 0.000511269
45.85 -2.95999e-06 0.000504806
45.9 -6.13467e-06 0.000498142
45.95 -9.24598e-06 0.000491285
46 -1.22934e-05 0.000484241
46.05 -1.52766e-05 0.000477015
46.1 -1.8195e-05 0.000469614
46.15 -2.10483e-05 0.000462045
46.2 -2.3836e-05 0.000454313
46.25 -2.6558e-05 0.000446424
46.3 -2.92137e-05 0.000438386
46.35 -3.18031e-05 0.000430203
46.4 -3.43257e-05 0.000421883
46.45 -3.67814e-05 0.000413432
46.5 -3.917e-05 0.000404855
46.55 -4.14913e-05 0.00039616
46.6 -4.37452e-05 0.000387352
46.65 -4.59315e-05 0.000378437
46.7 -4.80501e-05 0.000369422
46.75 -5.01011e-05 0.000360313
46.8 -5.20843e-05 0.000351116
46.85 -5.39998e-05 0.000341836
46.9 -5.58476e-05 0.000332481
46.95 -5.76277e-05 0.000323056
47 -5.93403e-05 0.000313567
47.05 -6.09854e-05 0.00030402
47.1 -6.25631e-05 0.00029442
47.15 -6.40738e-05 0.000284775
47.2 -6.55174e-05 0.000275089
47.25 -6.68943e-05 0.000265368
47.3 -6.82048e-05 0.000255618
47.35 -6.9449e-05 0.000245845
47.4 -7.06273e-05 0.000236054
47.45 -7.174e-05 0.00022625
47.5 -7.27875e-05 0.00021644
47.55 -7.37701e-05 0.000206628
47.6 -7.46883e-05 0.00019682
47.65 -7.55424e-05 0.000187022
47.7 -7.6333e-05 0.000177237
47.75 -7.70605e-05 0.000167472
47.8 -7.77255e-05 0.000157731
47.85 -7.83284e-05 0.00014802
47.9 -7.88698e-05 0.000138343
47.95 -7.93503e-05 0.000128706
48 -7.97704e-05 0.000119112
48.05 -8.01309e-05 0.000109566
48.1 -8.04324e-05 0.000100074
48.15 -8.06754e-05 9.06389e-05
48.2 -8.08608e-05 8.12659e-05
48.25 -8.09892e-05 7.19591e-05
48.3 -8.10614e-05 6.27227e-05
48.35 -8.1078e-05 5.35608e-05
48.4 -8.104e-05 4.44775e-05
48.45 -8.09479e-05 3.54767e-05
48.5 -8.08028e-05 2.65622e-05
48.55 -8.06054e-05 1.77379e-05
48.6 -8.03565e-05 9.00723e-06
48.65 -8.0057e-05 3.73897e-07
48.7 -7.97078e-05 -8.15866e-06
48.75 -7.93097e-05 -1.65871e-05
48.8 -7.88638e-05 -2.49081e-05
48.85 -7.83709e-05 -3.31185e-05
48.9 -7.78319e-05 -4.12153e-05
48.95 -7.72479e-05 -4.91955e-05
49 -7.66197e-05 -5.70562e-05
49.05 -7.59484e-05 -6.47946e-05
49.1 -7.5235e-05 -7.24081e-05
49.15 -7.44805e-05 -7.98941e-05
49.2 -7.36858e-05 -8.72501e-05
49.25 -7.2852e-05 -9.44738e-05
49.3 -7.19803e-05 -0.000101563
49.35 -7.10715e-05 -0.000108515
49.4 -7.01268e-05 -0.000115328
49.45 -6.91472e-05 -0.000122001
49.5 -6.81339e-05 -0.000128531
49.55 -6.70878e-05 -0.000134916
49.6 -6.60101e-05 -0.000141155
49.65 -6.49019e-05 -0.000147247
49.7 -6.37644e-05 -0.000153189
49.75 -6.25985e-05 -0.000158981
49.8 -6.14054e-05 -0.000164621
49.85 -6.01862e-05 -0.000170109
49.9 -5.89421e-05 -0.000175442
49.95 -5.76741e-05 -0.00018062
50 -5.63834e-05 -0.000185642
