-0.498 -0.000145632 -6.62065e-05
-0.496 -0.000574429 -0.000264636
-0.494 -0.00127407 -0.000594949
-0.492 -0.00223206 -0.00105673
-0.49 -0.00343583 -0.00164948
-0.488 -0.00487285 -0.00237263
-0.486 -0.00653067 -0.00322551
-0.484 -0.00839705 -0.00420734
-0.482 -0.01046 -0.00531727
-0.48 -0.012708 -0.00655432
-0.478 -0.01513 -0.00791738
-0.476 -0.0177152 -0.00940524
-0.474 -0.0204539 -0.0110165
-0.472 -0.0233366 -0.0127497
-0.47 -0.0263551 -0.0146031
-0.468 -0.0295016 -0.0165748
-0.466 -0.0327695 -0.0186628
-0.464 -0.0361528 -0.0208648
-0.462 -0.039647 -0.0231783
-0.46 -0.0432482 -0.0256006
-0.458 -0.0469539 -0.0281286
-0.456 -0.0507625 -0.0307591
-0.454 -0.0546736 -0.0334884
-0.452 -0.058688 -0.0363126
-0.45 -0.0628074 -0.0392275
-0.448 -0.067035 -0.0422284
-0.446 -0.0713749 -0.0453103
-0.444 -0.0758323 -0.0484677
-0.442 -0.0804134 -0.0516947
-0.44 -0.0851256 -0.054985
-0.438 -0.0899772 -0.0583318
-0.436 -0.0949773 -0.0617276
-0.434 -0.100136 -0.0651646
-0.432 -0.105464 -0.0686343
-0.43 -0.110973 -0.0721277
-0.428 -0.116674 -0.0756353
-0.426 -0.122582 -0.0791466
-0.424 -0.128707 -0.0826509
-0.422 -0.135065 -0.0861365
-0.42 -0.141667 -0.0895913
-0.418 -0.148528 -0.0930022
-0.416 -0.155661 -0.0963558
-0.414 -0.16308 -0.0996374
-0.412 -0.170797 -0.102832
-0.41 -0.178824 -0.105924
-0.408 -0.187175 -0.108897
-0.406 -0.195858 -0.111733
-0.404 -0.204886 -0.114415
-0.402 -0.214267 -0.116923
-0.4 -0.22401 -0.119238
-0.398 -0.234121 -0.12134
-0.396 -0.244606 -0.123207
-0.394 -0.255469 -0.12482
-0.392 -0.266712 -0.126154
-0.39 -0.278336 -0.127188
-0.388 -0.29034 -0.127898
-0.386 -0.30272 -0.12826
-0.384 -0.315471 -0.12825
-0.382 -0.328586 -0.127843
-0.38 -0.342055 -0.127013
-0.378 -0.355866 -0.125737
-0.376 -0.370004 -0.123986
-0.374 -0.384452 -0.121737
-0.372 -0.399191 -0.118964
-0.37 -0.414199 -0.115639
-0.368 -0.42945 -0.111739
-0.366 -0.444919 -0.107236
-0.364 -0.460575 -0.102107
-0.362 -0.476385 -0.0963266
-0.36 -0.492314 -0.0898707
-0.358 -0.508326 -0.0827163
-0.356 -0.524378 -0.0748408
-0.354 -0.54043 -0.0662228
-0.352 -0.556435 -0.0568419
-0.35 -0.572347 -0.0466792
-0.348 -0.588115 -0.0357169
-0.346 -0.603689 -0.0239391
-0.344 -0.619014 -0.0113315
-0.342 -0.634035 0.00211837
-0.34 -0.648696 0.0164209
-0.338 -0.662936 0.0315842
-0.336 -0.676697 0.0476141
-0.334 -0.689916 0.0645139
-0.332 -0.702534 0.0822843
-0.33 -0.714485 0.100923
-0.328 -0.725708 0.120425
-0.326 -0.736139 0.140782
-0.324 -0.745714 0.161982
-0.322 -0.75437 0.184012
-0.32 -0.762046 0.206852
-0.318 -0.768678 0.23048
-0.316 -0.774207 0.254872
-0.314 -0.778573 0.279998
-0.312 -0.781718 0.305826
-0.31 -0.783587 0.332317
-0.308 -0.784125 0.359433
-0.306 -0.783282 0.387128
-0.304 -0.78101 0.415355
-0.302 -0.777262 0.44406
-0.3 -0.771996 0.473187
-0.298 -0.765173 0.502678
-0.296 -0.756758 0.532469
-0.294 -0.746719 0.562492
-0.292 -0.73503 0.592677
-0.29 -0.721666 0.622951
-0.288 -0.706608 0.653236
-0.286 -0.689842 0.683452
-0.284 -0.671359 0.713518
-0.282 -0.651151 0.743348
-0.28 -0.62922 0.772854
-0.278 -0.605569 0.801947
-0.276 -0.580207 0.830536
-0.274 -0.553147 0.858529
-0.272 -0.524407 0.885831
-0.27 -0.494009 0.912349
-0.268 -0.461982 0.937988
-0.266 -0.428357 0.962651
-0.264 -0.393169 0.986246
-0.262 -0.356457 1.00868
-0.26 -0.318267 1.02985
-0.258 -0.278643 1.04968
-0.256 -0.237639 1.06808
-0.254 -0.195306 1.08494
-0.252 -0.151701 1.1002
-0.25 -0.106884 1.11377
-0.248 -0.0609157 1.12557
-0.246 -0.0138595 1.13553
-0.244 0.03422 1.14357
-0.242 0.0832565 1.14963
-0.24 0.133183 1.15366
-0.238 0.183932 1.15559
-0.236 0.235437 1.15538
-0.234 0.287628 1.15297
-0.232 0.34044 1.14834
-0.23 0.393806 1.14146
-0.228 0.447661 1.13229
-0.226 0.501943 1.12082
-0.224 0.556589 1.10704
-0.222 0.61154 1.09095
-0.22 0.66674 1.07256
-0.218 0.722136 1.05187
-0.216 0.777676 1.0289
-0.214 0.833314 1.00369
-0.212 0.889005 0.976262
-0.21 0.944712 0.946671
-0.208 1.0004 0.914965
-0.206 1.05603 0.881205
-0.204 1.11159 0.845456
-0.202 1.16705 0.807794
-0.2 1.22239 0.768303
-0.198 1.2776 0.727073
-0.196 1.33267 0.6842
-0.194 1.38761 0.639791
-0.192 1.44241 0.593955
-0.19 1.49709 0.546811
-0.188 1.55166 0.498484
-0.186 1.60613 0.449102
-0.184 1.66053 0.398803
-0.182 1.71489 0.347727
-0.18 1.76924 0.296021
-0.178 1.82362 0.243834
-0.176 1.87808 0.191322
-0.174 1.93265 0.138642
-0.172 1.98741 0.0859578
-0.17 2.04239 0.0334323
-0.168 2.09766 -0.018767
-0.166 2.15329 -0.0704712
-0.164 2.20934 -0.12151
-0.162 2.26588 -0.171712
-0.16 2.323 -0.220904
-0.158 2.38076 -0.268916
-0.156 2.43925 -0.315575
-0.154 2.49856 -0.36071
-0.152 2.55876 -0.404151
-0.15 2.61994 -0.445732
-0.148 2.6822 -0.485286
-0.146 2.74562 -0.52265
-0.144 2.8103 -0.557665
-0.142 2.87633 -0.590174
-0.14 2.94381 -0.620025
-0.138 3.01282 -0.647069
-0.136 3.08347 -0.671164
-0.134 3.15584 -0.692171
-0.132 3.23004 -0.709957
-0.13 3.30616 -0.724396
-0.128 3.38429 -0.735367
-0.126 3.46452 -0.742755
-0.124 3.54695 -0.746452
-0.122 3.63167 -0.74636
-0.12 3.71876 -0.742384
-0.118 3.80831 -0.734439
-0.116 3.9004 -0.722447
-0.114 3.99512 -0.70634
-0.112 4.09255 -0.686055
-0.11 4.19276 -0.661539
-0.108 4.29583 -0.63275
-0.106 4.40182 -0.599652
-0.104 4.5108 -0.562218
-0.102 4.62284 -0.520432
-0.1 4.73798 -0.474286
-0.098 4.85629 -0.423782
-0.096 4.97781 -0.368931
-0.094 5.10258 -0.309753
-0.092 5.23064 -0.246281
-0.09 5.36201 -0.178553
-0.088 5.49673 -0.10662
-0.086 5.6348 -0.0305436
-0.084 5.77623 0.0496075
-0.082 5.92104 0.133753
-0.08 6.0692 0.221801
-0.078 6.22069 0.313654
-0.076 6.3755 0.409199
-0.074 6.53359 0.508317
-0.072 6.6949 0.610877
-0.07 6.85938 0.716739
-0.068 7.02696 0.825752
-0.066 7.19755 0.937757
-0.064 7.37105 1.05258
-0.062 7.54737 1.17005
-0.06 7.72636 1.28997
-0.058 7.90791 1.41214
-0.056 8.09184 1.53636
-0.054 8.27799 1.66241
-0.052 8.46619 1.79007
-0.05 8.65623 1.91909
-0.048 8.84788 2.04924
-0.046 9.04093 2.18028
-0.044 9.23512 2.31193
-0.042 9.43018 2.44394
-0.04 9.62584 2.57604
-0.038 9.82179 2.70794
-0.036 10.0177 2.83938
-0.034 10.2133 2.97005
-0.032 10.4082 3.09967
-0.03 10.602 3.22795
-0.028 10.7944 3.35459
-0.026 10.9849 3.47928
-0.024 11.1733 3.60174
-0.022 11.359 3.72165
-0.02 11.5416 3.83871
-0.018 11.7207 3.95264
-0.016 11.896 4.06312
-0.014 12.0668 4.16988
-0.012 12.2329 4.27262
-0.01 12.3937 4.37107
-0.008 12.5487 4.46494
-0.006 12.6976 4.55398
-0.004 12.8399 4.63792
-0.002 12.9751 4.71651
0 13.1028 4.78954
0.002 13.2226 4.85678
0.004 13.3341 4.91801
0.006 13.4369 4.97304
0.008 13.5306 5.02169
0.01 13.6147 5.06379
0.012 13.6891 5.0992
0.014 13.7533 5.12779
0.016 13.807 5.14946
0.018 13.85 5.16411
0.02 13.8821 5.17167
0.022 13.9029 5.17211
0.024 13.9123 5.16539
0.026 13.91 5.1515
0.028 13.8961 5.13046
0.03 13.8703 5.10231
0.032 13.8326 5.0671
0.034 13.7829 5.02491
0.036 13.7213 4.97585
0.038 13.6476 4.92003
0.04 13.562 4.85759
0.042 13.4646 4.7887
0.044 13.3555 4.71353
0.046 13.2347 4.63229
0.048 13.1025 4.54518
0.05 12.9591 4.45244
0.052 12.8047 4.35432
0.054 12.6395 4.25109
0.056 12.4638 4.14301
0.058 12.278 4.03038
0.06 12.0824 3.9135
0.062 11.8772 3.79269
0.064 11.663 3.66826
0.066 11.44 3.54055
0.068 11.2087 3.40989
0.07 10.9695 3.27663
0.072 10.7229 3.14111
0.074 10.4692 3.00368
0.076 10.2091 2.86469
0.078 9.94285 2.72451
0.08 9.67104 2.58347
0.082 9.39414 2.44193
0.084 9.11266 2.30024
0.086 8.82707 2.15874
0.088 8.53788 2.01778
0.09 8.2456 1.87767
0.092 7.95072 1.73874
0.094 7.65374 1.60132
0.096 7.35515 1.46571
0.098 7.05544 1.3322
0.1 6.75508 1.20108
0.102 6.45457 1.07262
0.104 6.15435 0.947091
0.106 5.8549 0.82473
0.108 5.55664 0.705776
0.11 5.26003 0.590446
0.112 4.96547 0.478947
0.114 4.67338 0.371467
0.116 4.38416 0.268181
0.118 4.09819 0.169245
0.12 3.81582 0.0748018
0.122 3.53742 -0.0150234
0.124 3.26331 -0.100122
0.126 2.99381 -0.180401
0.128 2.72923 -0.255785
0.13 2.46984 -0.326214
0.132 2.21592 -0.391644
0.134 1.96772 -0.45205
0.136 1.72546 -0.507419
0.138 1.48935 -0.557755
0.14 1.25961 -0.603078
0.142 1.03639 -0.643422
0.144 0.819869 -0.678836
0.146 0.610184 -0.709382
0.148 0.407461 -0.735138
0.15 0.21181 -0.756191
0.152 0.023321 -0.772643
0.154 -0.157931 -0.784609
0.156 -0.331887 -0.792211
0.158 -0.498506 -0.795586
0.16 -0.657761 -0.794878
0.162 -0.809643 -0.790241
0.164 -0.954154 -0.781838
0.166 -1.09132 -0.769838
0.168 -1.22116 -0.75442
0.17 -1.34373 -0.735766
0.172 -1.4591 -0.714066
0.174 -1.56733 -0.689514
0.176 -1.66852 -0.662306
0.178 -1.76275 -0.632646
0.18 -1.85014 -0.600736
0.182 -1.93081 -0.566782
0.184 -2.0049 -0.530991
0.186 -2.07253 -0.49357
0.188 -2.13387 -0.454727
0.19 -2.18907 -0.414667
0.192 -2.2383 -0.373595
0.194 -2.28173 -0.331712
0.196 -2.31954 -0.28922
0.198 -2.35193 -0.246314
0.2 -2.37909 -0.203185
0.202 -2.40121 -0.160022
0.204 -2.41851 -0.117007
0.206 -2.43118 -0.0743181
0.208 -2.43945 -0.0321252
0.21 -2.44352 0.00940635
0.212 -2.44362 0.0501187
0.214 -2.43996 0.089861
0.216 -2.43276 0.12849
0.218 -2.42224 0.16587
0.22 -2.40863 0.201873
0.222 -2.39214 0.236381
0.224 -2.37299 0.269282
0.226 -2.3514 0.300475
0.228 -2.32759 0.329866
0.23 -2.30176 0.357371
0.232 -2.27413 0.382916
0.234 -2.24489 0.406433
0.236 -2.21425 0.427865
0.238 -2.18241 0.447165
0.24 -2.14955 0.464294
0.242 -2.11586 0.479221
0.244 -2.08151 0.491926
0.246 -2.04668 0.502395
0.248 -2.01152 0.510626
0.25 -1.97621 0.516623
0.252 -1.94088 0.520399
0.254 -1.90567 0.521974
0.256 -1.87072 0.521377
0.258 -1.83615 0.518645
0.26 -1.80208 0.51382
0.262 -1.76862 0.506954
0.264 -1.73585 0.498103
0.266 -1.70387 0.487329
0.268 -1.67275 0.474704
0.27 -1.64257 0.4603
0.272 -1.61339 0.444197
0.274 -1.58525 0.426481
0.276 -1.5582 0.407241
0.278 -1.53227 0.386568
0.28 -1.50748 0.364561
0.282 -1.48385 0.341319
0.284 -1.4614 0.316944
0.286 -1.4401 0.29154
0.288 -1.41997 0.265216
0.29 -1.40097 0.238079
0.292 -1.38309 0.210237
0.294 -1.3663 0.181802
0.296 -1.35056 0.152883
0.298 -1.33582 0.12359
0.3 -1.32204 0.0940321
0.302 -1.30917 0.0643172
0.304 -1.29714 0.0345523
0.306 -1.2859 0.00484241
0.308 -1.27538 -0.0247098
0.31 -1.26552 -0.0540041
0.312 -1.25623 -0.0829429
0.314 -1.24746 -0.111432
0.316 -1.23912 -0.139381
0.318 -1.23113 -0.166703
0.32 -1.22344 -0.193314
0.322 -1.21595 -0.219137
0.324 -1.20859 -0.244096
0.326 -1.2013 -0.268124
0.328 -1.19399 -0.291154
0.33 -1.1866 -0.313129
0.332 -1.17906 -0.333994
0.334 -1.17131 -0.353699
0.336 -1.16327 -0.372203
0.338 -1.15489 -0.389466
0.34 -1.14612 -0.405457
0.342 -1.13691 -0.420149
0.344 -1.1272 -0.433521
0.346 -1.11696 -0.445557
0.348 -1.10614 -0.456247
0.35 -1.09471 -0.465586
0.352 -1.08264 -0.473576
0.354 -1.06991 -0.480221
0.356 -1.05651 -0.485534
0.358 -1.0424 -0.489529
0.36 -1.02759 -0.492227
0.362 -1.01208 -0.493654
0.364 -0.995849 -0.493838
0.366 -0.978921 -0.492814
0.368 -0.961299 -0.49062
0.37 -0.942998 -0.487295
0.372 -0.924038 -0.482885
0.374 -0.90444 -0.477438
0.376 -0.884233 -0.471003
0.378 -0.863446 -0.463634
0.38 -0.842114 -0.455386
0.382 -0.820273 -0.446317
0.384 -0.797965 -0.436484
0.386 -0.775233 -0.425949
0.388 -0.75212 -0.414773
0.39 -0.728676 -0.403017
0.392 -0.704949 -0.390744
0.394 -0.68099 -0.378016
0.396 -0.656851 -0.364897
0.398 -0.632585 -0.351448
0.4 -0.608246 -0.33773
0.402 -0.583886 -0.323805
0.404 -0.55956 -0.30973
0.406 -0.535322 -0.295565
0.408 -0.511223 -0.281366
0.41 -0.487317 -0.267185
0.412 -0.463653 -0.253077
0.414 -0.440282 -0.23909
0.416 -0.417252 -0.225272
0.418 -0.394608 -0.211667
0.42 -0.372394 -0.198319
0.422 -0.350653 -0.185266
0.424 -0.329424 -0.172544
0.426 -0.308743 -0.160187
0.428 -0.288645 -0.148225
0.43 -0.269161 -0.136684
0.432 -0.25032 -0.125587
0.434 -0.232146 -0.114956
0.436 -0.214662 -0.104808
0.438 -0.197886 -0.0951553
0.44 -0.181835 -0.0860099
0.442 -0.166521 -0.0773788
0.444 -0.151953 -0.0692665
0.446 -0.138138 -0.0616745
0.448 -0.125078 -0.0546012
0.45 -0.112773 -0.0480423
0.452 -0.10122 -0.0419909
0.454 -0.0904127 -0.0364374
0.456 -0.0803416 -0.0313699
0.458 -0.070995 -0.0267742
0.46 -0.0623584 -0.0226342
0.462 -0.0544148 -0.0189316
0.464 -0.0471447 -0.0156465
0.466 -0.0405267 -0.0127576
0.468 -0.034537 -0.0102422
0.47 -0.0291503 -0.00807617
0.472 -0.0243394 -0.00623478
0.474 -0.0200758 -0.00469237
0.476 -0.0163296 -0.00342275
0.478 -0.0130698 -0.00239937
0.48 -0.0102647 -0.00159551
0.482 -0.00788177 -0.000984471
0.484 -0.00588805 -0.000539776
0.486 -0.00425033 -0.000235335
0.488 -0.00293534 -4.56279e-05
0.49 -0.00190993 5.41251e-05
0.492 -0.00114128 8.78086e-05
0.494 -0.000597101 7.82591e-05
0.496 -0.000245796 4.71259e-05
0.498 -5.66517e-05 1.47407e-05
0.05 4.10352 1.23926
0.1 4.10371 1.23925
0.15 4.10403 1.23924
0.2 4.10447 1.23922
0.25 4.10504 1.2392
0.3 4.10573 1.23918
0.35 4.10655 1.23915
0.4 4.10749 1.23911
0.45 4.10856 1.23907
0.5 4.10975 1.23903
0.55 4.11107 1.23898
0.6 4.11251 1.23893
0.65 4.11407 1.23887
0.7 4.11576 1.2388
0.75 4.11756 1.23873
0.8 4.11949 1.23866
0.85 4.12154 1.23858
0.9 4.1237 1.23849
0.95 4.12599 1.2384
1 4.12839 1.2383
1.05 4.13091 1.2382
1.1 4.13355 1.23809
1.15 4.1363 1.23797
1.2 4.13916 1.23785
1.25 4.14214 1.23772
1.3 4.14522 1.23758
1.35 4.14842 1.23744
1.4 4.15173 1.23729
1.45 4.15514 1.23713
1.5 4.15866 1.23697
1.55 4.16229 1.23679
1.6 4.16602 1.23661
1.65 4.16985 1.23642
1.7 4.17378 1.23623
1.75 4.17781 1.23602
1.8 4.18194 1.23581
1.85 4.18616 1.23559
1.9 4.19048 1.23535
1.95 4.19489 1.23511
2 4.19939 1.23486
2.05 4.20398 1.2346
2.1 4.20866 1.23433
2.15 4.21342 1.23405
2.2 4.21827 1.23375
2.25 4.22319 1.23345
2.3 4.2282 1.23314
2.35 4.23329 1.23281
2.4 4.23845 1.23247
2.45 4.24368 1.23212
2.5 4.24899 1.23176
2.55 4.25437 1.23139
2.6 4.25981 1.231
2.65 4.26532 1.2306
2.7 4.27089 1.23018
2.75 4.27652 1.22976
2.8 4.28221 1.22932
2.85 4.28796 1.22886
2.9 4.29376 1.22839
2.95 4.29961 1.2279
3 4.30551 1.2274
3.05 4.31146 1.22689
3.1 4.31746 1.22636
3.15 4.32349 1.22581
3.2 4.32957 1.22525
3.25 4.33568 1.22466
3.3 4.34183 1.22407
3.35 4.348 1.22345
3.4 4.35421 1.22282
3.45 4.36045 1.22217
3.5 4.36671 1.2215
3.55 4.37299 1.22082
3.6 4.37929 1.22011
3.65 4.38561 1.21939
3.7 4.39195 1.21865
3.75 4.39829 1.21788
3.8 4.40464 1.2171
3.85 4.411 1.2163
3.9 4.41737 1.21547
3.95 4.42373 1.21463
4 4.43009 1.21377
4.05 4.43645 1.21288
4.1 4.4428 1.21197
4.15 4.44914 1.21105
4.2 4.45547 1.21009
4.25 4.46178 1.20912
4.3 4.46808 1.20813
4.35 4.47435 1.20711
4.4 4.4806 1.20607
4.45 4.48683 1.205
4.5 4.49302 1.20391
4.55 4.49919 1.2028
4.6 4.50532 1.20167
4.65 4.51141 1.20051
4.7 4.51746 1.19932
4.75 4.52347 1.19812
4.8 4.52944 1.19688
4.85 4.53535 1.19562
4.9 4.54122 1.19434
4.95 4.54703 1.19303
5 4.55279 1.1917
5.05 4.55849 1.19034
5.1 4.56413 1.18895
5.15 4.5697 1.18754
5.2 4.57521 1.1861
5.25 4.58065 1.18464
5.3 4.58601 1.18315
5.35 4.5913 1.18163
5.4 4.59652 1.18009
5.45 4.60165 1.17852
5.5 4.6067 1.17692
5.55 4.61167 1.1753
5.6 4.61655 1.17365
5.65 4.62134 1.17197
5.7 4.62604 1.17026
5.75 4.63065 1.16853
5.8 4.63515 1.16677
5.85 4.63956 1.16498
5.9 4.64386 1.16317
5.95 4.64806 1.16133
6 4.65216 1.15946
6.05 4.65614 1.15756
6.1 4.66002 1.15564
6.15 4.66378 1.15369
6.2 4.66742 1.15171
6.25 4.67095 1.1497
6.3 4.67435 1.14767
6.35 4.67763 1.14561
6.4 4.68079 1.14352
6.45 4.68382 1.1414
6.5 4.68672 1.13926
6.55 4.6895 1.13709
6.6 4.69213 1.13489
6.65 4.69464 1.13267
6.7 4.697 1.13042
6.75 4.69923 1.12815
6.8 4.70132 1.12584
6.85 4.70326 1.12352
6.9 4.70506 1.12116
6.95 4.70671 1.11878
7 4.70822 1.11638
7.05 4.70957 1.11394
7.1 4.71078 1.11149
7.15 4.71183 1.10901
7.2 4.71272 1.1065
7.25 4.71346 1.10397
7.3 4.71405 1.10141
7.35 4.71447 1.09883
7.4 4.71473 1.09623
7.45 4.71483 1.09361
7.5 4.71477 1.09096
7.55 4.71454 1.08828
7.6 4.71414 1.08559
7.65 4.71358 1.08287
7.7 4.71285 1.08013
7.75 4.71194 1.07737
7.8 4.71087 1.07459
7.85 4.70963 1.07179
7.9 4.70821 1.06896
7.95 4.70662 1.06612
8 4.70485 1.06326
8.05 4.70291 1.06037
8.1 4.70079 1.05747
8.15 4.69849 1.05455
8.2 4.69601 1.05161
8.25 4.69335 1.04866
8.3 4.69052 1.04569
8.35 4.6875 1.0427
8.4 4.6843 1.03969
8.45 4.68092 1.03667
8.5 4.67736 1.03364
8.55 4.67361 1.03059
8.6 4.66968 1.02752
8.65 4.66556 1.02444
8.7 4.66127 1.02135
8.75 4.65678 1.01825
8.8 4.65212 1.01513
8.85 4.64726 1.012
8.9 4.64223 1.00886
8.95 4.637 1.00571
9 4.63159 1.00256
9.05 4.626 0.999388
9.1 4.62022 0.996211
9.15 4.61426 0.993027
9.2 4.6081 0.989835
9.25 4.60177 0.986636
9.3 4.59525 0.983431
9.35 4.58854 0.98022
9.4 4.58165 0.977005
9.45 4.57458 0.973785
9.5 4.56732 0.970562
9.55 4.55987 0.967336
9.6 4.55225 0.964107
9.65 4.54444 0.960877
9.7 4.53645 0.957646
9.75 4.52828 0.954414
9.8 4.51992 0.951183
9.85 4.51139 0.947953
9.9 4.50268 0.944725
9.95 4.49379 0.941499
10 4.48471 0.938276
10.05 4.47547 0.935057
10.1 4.46604 0.931843
10.15 4.45644 0.928634
10.2 4.44667 0.925431
10.25 4.43672 0.922234
10.3 4.42659 0.919045
10.35 4.4163 0.915864
10.4 4.40584 0.912691
10.45 4.3952 0.909528
10.5 4.3844 0.906376
10.55 4.37343 0.903234
10.6 4.36229 0.900104
10.65 4.35099 0.896987
10.7 4.33953 0.893883
10.75 4.3279 0.890792
10.8 4.31611 0.887716
10.85 4.30417 0.884656
10.9 4.29206 0.881611
10.95 4.2798 0.878583
11 4.26738 0.875573
11.05 4.25481 0.872581
11.1 4.24209 0.869608
11.15 4.22921 0.866654
11.2 4.21619 0.863721
11.25 4.20302 0.860809
11.3 4.18971 0.857919
11.35 4.17625 0.855052
11.4 4.16265 0.852207
11.45 4.14891 0.849387
11.5 4.13503 0.846591
11.55 4.12101 0.84382
11.6 4.10686 0.841076
11.65 4.09258 0.838358
11.7 4.07816 0.835667
11.75 4.06362 0.833005
11.8 4.04894 0.830371
11.85 4.03415 0.827767
11.9 4.01923 0.825193
11.95 4.00418 0.82265
12 3.98902 0.820138
12.05 3.97374 0.817658
12.1 3.95835 0.815211
12.15 3.94284 0.812797
12.2 3.92722 0.810417
12.25 3.91149 0.808071
12.3 3.89565 0.805761
12.35 3.87971 0.803487
12.4 3.86367 0.801248
12.45 3.84753 0.799047
12.5 3.83129 0.796884
12.55 3.81495 0.794758
12.6 3.79852 0.792671
12.65 3.78199 0.790624
12.7 3.76538 0.788616
12.75 3.74868 0.786648
12.8 3.73189 0.784721
12.85 3.71502 0.782836
12.9 3.69808 0.780992
12.95 3.68105 0.779191
13 3.66395 0.777433
13.05 3.64677 0.775717
13.1 3.62952 0.774046
13.15 3.61221 0.772419
13.2 3.59482 0.770836
13.25 3.57737 0.769299
13.3 3.55986 0.767807
13.35 3.54229 0.76636
13.4 3.52467 0.76496
13.45 3.50698 0.763607
13.5 3.48925 0.762301
13.55 3.47146 0.761042
13.6 3.45363 0.759831
13.65 3.43575 0.758668
13.7 3.41783 0.757553
13.75 3.39986 0.756487
13.8 3.38186 0.755469
13.85 3.36382 0.754501
13.9 3.34574 0.753583
13.95 3.32764 0.752714
14 3.3095 0.751895
14.05 3.29134 0.751126
14.1 3.27315 0.750408
14.15 3.25493 0.74974
14.2 3.2367 0.749123
14.25 3.21845 0.748557
14.3 3.20018 0.748042
14.35 3.1819 0.747578
14.4 3.16361 0.747165
14.45 3.14531 0.746804
14.5 3.127 0.746494
14.55 3.10868 0.746235
14.6 3.09037 0.746029
14.65 3.07205 0.745874
14.7 3.05373 0.74577
14.75 3.03542 0.745719
14.8 3.01711 0.745719
14.85 2.99881 0.74577
14.9 2.98052 0.745873
14.95 2.96224 0.746028
15 2.94398 0.746235
15.05 2.92573 0.746492
15.1 2.9075 0.746801
15.15 2.88929 0.747161
15.2 2.8711 0.747573
15.25 2.85293 0.748035
15.3 2.8348 0.748548
15.35 2.81669 0.749111
15.4 2.7986 0.749725
15.45 2.78055 0.750389
15.5 2.76254 0.751104
15.55 2.74456 0.751867
15.6 2.72662 0.752681
15.65 2.70871 0.753543
15.7 2.69085 0.754454
15.75 2.67303 0.755414
15.8 2.65525 0.756423
15.85 2.63752 0.757479
15.9 2.61983 0.758582
15.95 2.6022 0.759734
16 2.58462 0.760931
16.05 2.56709 0.762176
16.1 2.54961 0.763466
16.15 2.53219 0.764802
16.2 2.51482 0.766184
16.25 2.49752 0.76761
16.3 2.48027 0.76908
16.35 2.46309 0.770594
16.4 2.44597 0.772152
16.45 2.42891 0.773752
16.5 2.41192 0.775394
16.55 2.395 0.777079
16.6 2.37814 0.778804
16.65 2.36136 0.78057
16.7 2.34464 0.782376
16.75 2.328 0.784222
16.8 2.31143 0.786106
16.85 2.29494 0.788029
16.9 2.27852 0.789989
16.95 2.26218 0.791986
17 2.24592 0.794019
17.05 2.22973 0.796088
17.1 2.21363 0.798192
17.15 2.19761 0.800331
17.2 2.18167 0.802502
17.25 2.16581 0.804707
17.3 2.15004 0.806944
17.35 2.13435 0.809212
17.4 2.11874 0.81151
17.45 2.10323 0.813839
17.5 2.0878 0.816196
17.55 2.07246 0.818582
17.6 2.05721 0.820995
17.65 2.04204 0.823435
17.7 2.02697 0.825901
17.75 2.01199 0.828392
17.8 1.9971 0.830907
17.85 1.9823 0.833445
17.9 1.9676 0.836006
17.95 1.95299 0.838589
18 1.93847 0.841192
18.05 1.92404 0.843815
18.1 1.90972 0.846458
18.15 1.89548 0.849118
18.2 1.88134 0.851796
18.25 1.8673 0.85449
18.3 1.85336 0.857199
18.35 1.83951 0.859923
18.4 1.82576 0.862661
18.45 1.8121 0.865411
18.5 1.79855 0.868173
18.55 1.78509 0.870945
18.6 1.77172 0.873728
18.65 1.75846 0.876519
18.7 1.7453 0.879318
18.75 1.73223 0.882124
18.8 1.71926 0.884937
18.85 1.70639 0.887754
18.9 1.69362 0.890575
18.95 1.68095 0.893399
19 1.66837 0.896225
19.05 1.6559 0.899053
19.1 1.64352 0.90188
19.15 1.63124 0.904707
19.2 1.61906 0.907532
19.25 1.60697 0.910353
19.3 1.59499 0.913171
19.35 1.5831 0.915985
19.4 1.57131 0.918792
19.45 1.55962 0.921592
19.5 1.54802 0.924385
19.55 1.53652 0.927169
19.6 1.52512 0.929943
19.65 1.51381 0.932706
19.7 1.5026 0.935457
19.75 1.49148 0.938196
19.8 1.48046 0.94092
19.85 1.46954 0.94363
19.9 1.45871 0.946325
19.95 1.44797 0.949002
20 1.43733 0.951662
20.05 1.42677 0.954303
20.1 1.41632 0.956924
20.15 1.40595 0.959525
20.2 1.39567 0.962104
20.25 1.38549 0.964661
20.3 1.37539 0.967194
20.35 1.36539 0.969702
20.4 1.35548 0.972185
20.45 1.34565 0.974642
20.5 1.33591 0.977071
20.55 1.32626 0.979473
20.6 1.31669 0.981845
20.65 1.30722 0.984186
20.7 1.29782 0.986497
20.75 1.28851 0.988776
20.8 1.27929 0.991023
20.85 1.27015 0.993235
20.9 1.26109 0.995413
20.95 1.25211 0.997556
21 1.24322 0.999662
21.05 1.2344 1.00173
21.1 1.22567 1.00376
21.15 1.21701 1.00575
21.2 1.20843 1.00771
21.25 1.19993 1.00962
21.3 1.1915 1.01149
21.35 1.18315 1.01332
21.4 1.17488 1.0151
21.45 1.16668 1.01685
21.5 1.15855 1.01854
21.55 1.1505 1.0202
21.6 1.14251 1.0218
21.65 1.1346 1.02336
21.7 1.12676 1.02487
21.75 1.11899 1.02634
21.8 1.11128 1.02775
21.85 1.10364 1.02912
21.9 1.09607 1.03043
21.95 1.08856 1.0317
22 1.08112 1.03291
22.05 1.07374 1.03407
22.1 1.06643 1.03518
22.15 1.05918 1.03623
22.2 1.05198 1.03723
22.25 1.04485 1.03818
22.3 1.03778 1.03907
22.35 1.03077 1.0399
22.4 1.02381 1.04068
22.45 1.01691 1.0414
22.5 1.01007 1.04207
22.55 1.00328 1.04268
22.6 0.996546 1.04322
22.65 0.989864 1.04371
22.7 0.983236 1.04414
22.75 0.976658 1.04451
22.8 0.970132 1.04482
22.85 0.963655 1.04507
22.9 0.957226 1.04526
22.95 0.950846 1.04539
23 0.944513 1.04545
23.05 0.938227 1.04546
23.1 0.931985 1.0454
23.15 0.925789 1.04527
23.2 0.919636 1.04509
23.25 0.913526 1.04484
23.3 0.907458 1.04453
23.35 0.901431 1.04415
23.4 0.895445 1.04371
23.45 0.889498 1.04321
23.5 0.883591 1.04264
23.55 0.877721 1.042
23.6 0.871889 1.0413
23.65 0.866093 1.04054
23.7 0.860332 1.03971
23.75 0.854607 1.03882
23.8 0.848916 1.03786
23.85 0.843258 1.03683
23.9 0.837633 1.03574
23.95 0.83204 1.03458
24 0.826478 1.03336
24.05 0.820947 1.03207
24.1 0.815446 1.03071
24.15 0.809973 1.02929
24.2 0.804529 1.0278
24.25 0.799113 1.02625
24.3 0.793724 1.02463
24.35 0.788361 1.02294
24.4 0.783024 1.02119
24.45 0.777713 1.01938
24.5 0.772425 1.0175
24.55 0.767162 1.01555
24.6 0.761922 1.01354
24.65 0.756705 1.01146
24.7 0.75151 1.00932
24.75 0.746336 1.00711
24.8 0.741184 1.00484
24.85 0.736052 1.0025
24.9 0.730939 1.0001
24.95 0.725847 0.997637
25 0.720773 0.995109
25.05 0.715717 0.992518
25.1 0.71068 0.989864
25.15 0.70566 0.987147
25.2 0.700657 0.984367
25.25 0.69567 0.981526
25.3 0.6907 0.978622
25.35 0.685745 0.975658
25.4 0.680805 0.972632
25.45 0.675881 0.969546
25.5 0.67097 0.966399
25.55 0.666074 0.963193
25.6 0.661192 0.959927
25.65 0.656323 0.956603
25.7 0.651466 0.95322
25.75 0.646623 0.949779
25.8 0.641792 0.94628
25.85 0.636973 0.942724
25.9 0.632165 0.939112
25.95 0.62737 0.935444
26 0.622585 0.93172
26.05 0.617812 0.927942
26.1 0.613049 0.924109
26.15 0.608296 0.920222
26.2 0.603554 0.916282
26.25 0.598822 0.912289
26.3 0.5941 0.908245
26.35 0.589387 0.904149
26.4 0.584684 0.900002
26.45 0.57999 0.895805
26.5 0.575306 0.891558
26.55 0.57063 0.887262
26.6 0.565964 0.882919
26.65 0.561306 0.878528
26.7 0.556657 0.874089
26.75 0.552017 0.869605
26.8 0.547385 0.865075
26.85 0.542761 0.860501
26.9 0.538146 0.855882
26.95 0.53354 0.851221
27 0.528941 0.846516
27.05 0.524351 0.84177
27.1 0.51977 0.836983
27.15 0.515196 0.832155
27.2 0.510631 0.827288
27.25 0.506074 0.822381
27.3 0.501525 0.817437
27.35 0.496985 0.812456
27.4 0.492452 0.807438
27.45 0.487929 0.802385
27.5 0.483414 0.797296
27.55 0.478907 0.792174
27.6 0.474409 0.787018
27.65 0.46992 0.78183
27.7 0.465439 0.776611
27.75 0.460967 0.77136
27.8 0.456505 0.76608
27.85 0.452051 0.76077
27.9 0.447607 0.755433
27.95 0.443172 0.750068
28 0.438747 0.744676
28.05 0.434331 0.739258
28.1 0.429925 0.733816
28.15 0.425529 0.72835
28.2 0.421143 0.72286
28.25 0.416768 0.717348
28.3 0.412403 0.711815
28.35 0.408049 0.706261
28.4 0.403705 0.700688
28.45 0.399373 0.695095
28.5 0.395052 0.689485
28.55 0.390742 0.683857
28.6 0.386445 0.678213
28.65 0.382159 0.672554
28.7 0.377885 0.66688
28.75 0.373624 0.661193
28.8 0.369375 0.655493
28.85 0.36514 0.649781
28.9 0.360917 0.644057
28.95 0.356708 0.638324
29 0.352512 0.632581
29.05 0.34833 0.62683
29.1 0.344163 0.621071
29.15 0.340009 0.615306
29.2 0.335871 0.609534
29.25 0.331747 0.603758
29.3 0.327638 0.597977
29.35 0.323545 0.592193
29.4 0.319468 0.586406
29.45 0.315406 0.580618
29.5 0.311361 0.574829
29.55 0.307332 0.56904
29.6 0.303321 0.563252
29.65 0.299326 0.557465
29.7 0.295349 0.551681
29.75 0.291389 0.5459
29.8 0.287447 0.540124
29.85 0.283524 0.534352
29.9 0.279619 0.528586
29.95 0.275733 0.522826
30 0.271865 0.517074
30.05 0.268018 0.51133
30.1 0.26419 0.505594
30.15 0.260381 0.499868
30.2 0.256593 0.494153
30.25 0.252826 0.488449
30.3 0.249079 0.482756
30.35 0.245353 0.477077
30.4 0.241649 0.471411
30.45 0.237966 0.465758
30.5 0.234305 0.460121
30.55 0.230666 0.454499
30.6 0.227049 0.448894
30.65 0.223455 0.443306
30.7 0.219884 0.437735
30.75 0.216336 0.432182
30.8 0.212812 0.426649
30.85 0.209311 0.421135
30.9 0.205834 0.415642
30.95 0.202381 0.41017
31 0.198953 0.404719
31.05 0.19555 0.399291
31.1 0.192171 0.393885
31.15 0.188817 0.388504
31.2 0.185489 0.383146
31.25 0.182186 0.377813
31.3 0.178909 0.372506
31.35 0.175658 0.367224
31.4 0.172434 0.361969
31.45 0.169235 0.356741
31.5 0.166064 0.351541
31.55 0.162919 0.346368
31.6 0.159801 0.341225
31.65 0.156711 0.336111
31.7 0.153648 0.331026
31.75 0.150612 0.325972
31.8 0.147604 0.320948
31.85 0.144624 0.315956
31.9 0.141672 0.310995
31.95 0.138749 0.306067
32 0.135854 0.301171
32.05 0.132987 0.296308
32.1 0.130149 0.291479
32.15 0.12734 0.286683
32.2 0.12456 0.281922
32.25 0.121809 0.277196
32.3 0.119087 0.272504
32.35 0.116394 0.267849
32.4 0.113731 0.263229
32.45 0.111097 0.258645
32.5 0.108493 0.254097
32.55 0.105918 0.249587
32.6 0.103374 0.245114
32.65 0.100859 0.240678
32.7 0.0983739 0.236281
32.75 0.095919 0.231921
32.8 0.0934941 0.2276
32.85 0.0910993 0.223317
32.9 0.0887346 0.219073
32.95 0.0864001 0.214869
33 0.0840958 0.210704
33.05 0.0818217 0.206578
33.1 0.0795779 0.202493
33.15 0.0773644 0.198447
33.2 0.0751811 0.194442
33.25 0.0730281 0.190477
33.3 0.0709053 0.186553
33.35 0.0688129 0.18267
33.4 0.0667506 0.178828
33.45 0.0647186 0.175026
33.5 0.0627167 0.171266
33.55 0.060745 0.167548
33.6 0.0588034 0.16387
33.65 0.0568919 0.160235
33.7 0.0550104 0.156641
33.75 0.0531588 0.153088
33.8 0.051337 0.149578
33.85 0.0495451 0.146109
33.9 0.0477829 0.142683
33.95 0.0460503 0.139298
34 0.0443473 0.135955
34.05 0.0426737 0.132655
34.1 0.0410295 0.129396
34.15 0.0394145 0.126179
34.2 0.0378286 0.123005
34.25 0.0362717 0.119872
34.3 0.0347437 0.116782
34.35 0.0332445 0.113733
34.4 0.0317738 0.110727
34.45 0.0303316 0.107762
34.5 0.0289178 0.104839
34.55 0.0275321 0.101958
34.6 0.0261744 0.0991181
34.65 0.0248446 0.0963201
34.7 0.0235425 0.0935635
34.75 0.0222679 0.0908484
34.8 0.0210206 0.0881745
34.85 0.0198004 0.0855417
34.9 0.0186073 0.0829499
34.95 0.0174409 0.080399
35 0.016301 0.0778889
35.05 0.0151876 0.0754193
35.1 0.0141003 0.0729901
35.15 0.013039 0.0706012
35.2 0.0120034 0.0682523
35.25 0.0109934 0.0659433
35.3 0.0100087 0.0636741
35.35 0.00904905 0.0614443
35.4 0.00811428 0.0592539
35.45 0.00720413 0.0571025
35.5 0.00631837 0.05499
35.55 0.00545677 0.0529162
35.6 0.00461906 0.0508808
35.65 0.00380502 0.0488836
35.7 0.00301439 0.0469243
35.75 0.00224691 0.0450027
35.8 0.00150234 0.0431186
35.85 0.000780409 0.0412716
35.9 8.08608e-05 0.0394616
35.95 -0.00059657 0.0376882
36 -0.00125215 0.0359512
36.05 -0.00188615 0.0342503
36.1 -0.00249884 0.0325852
36.15 -0.00309049 0.0309557
36.2 -0.00366138 0.0293613
36.25 -0.00421179 0.0278019
36.3 -0.004742 0.026277
36.35 -0.00525228 0.0247865
36.4 -0.00574293 0.02333
36.45 -0.00621423 0.0219071
36.5 -0.00666646 0.0205177
36.55 -0.00709992 0.0191612
36.6 -0.00751488 0.0178374
36.65 -0.00791166 0.016546
36.7 -0.00829052 0.0152866
36.75 -0.00865178 0.014059
36.8 -0.00899571 0.0128626
36.85 -0.00932262 0.0116973
36.9 -0.0096328 0.0105627
36.95 -0.00992655 0.00945829
37 -0.0102042 0.00838388
37.05 -0.0104659 0.00733906
37.1 -0.0107122 0.00632349
37.15 -0.0109431 0.00533679
37.2 -0.0111592 0.0043786
37.25 -0.0113605 0.00344857
37.3 -0.0115475 0.00254632
37.35 -0.0117205 0.00167148
37.4 -0.0118797 0.000823694
37.45 -0.0120254 2.58205e-06
37.5 -0.012158 -0.000792226
37.55 -0.0122776 -0.0015611
37.6 -0.0123847 -0.00230442
37.65 -0.0124795 -0.00302256
37.7 -0.0125623 -0.00371589
37.75 -0.0126334 -0.0043848
37.8 -0.012693 -0.00502965
37.85 -0.0127416 -0.00565082
37.9 -0.0127793 -0.0062487
37.95 -0.0128064 -0.00682366
38 -0.0128233 -0.00737608
38.05 -0.0128301 -0.00790633
38.1 -0.0128273 -0.00841479
38.15 -0.012815 -0.00890185
38.2 -0.0127936 -0.00936788
38.25 -0.0127634 -0.00981324
38.3 -0.0127245 -0.0102383
38.35 -0.0126773 -0.0106435
38.4 -0.012622 -0.0110292
38.45 -0.012559 -0.0113957
38.5 -0.0124884 -0.0117434
38.55 -0.0124106 -0.0120726
38.6 -0.0123258 -0.0123839
38.65 -0.0122343 -0.0126775
38.7 -0.0121362 -0.0129537
38.75 -0.012032 -0.013213
38.8 -0.0119218 -0.0134557
38.85 -0.0118058 -0.0136822
38.9 -0.0116844 -0.0138929
38.95 -0.0115577 -0.014088
39 -0.0114261 -0.014268
39.05 -0.0112897 -0.0144332
39.1 -0.0111487 -0.014584
39.15 -0.0110035 -0.0147206
39.2 -0.0108542 -0.0148436
39.25 -0.0107011 -0.0149531
39.3 -0.0105444 -0.0150495
39.35 -0.0103842 -0.0151333
39.4 -0.0102209 -0.0152046
39.45 -0.0100547 -0.0152639
39.5 -0.00988562 -0.0153115
39.55 -0.00971404 -0.0153477
39.6 -0.00954011 -0.0153729
39.65 -0.00936403 -0.0153873
39.7 -0.009186 -0.0153912
39.75 -0.00900622 -0.0153851
39.8 -0.00882486 -0.0153692
39.85 -0.00864212 -0.0153438
39.9 -0.00845818 -0.0153092
39.95 -0.00827322 -0.0152657
40 -0.00808741 -0.0152137
40.05 -0.00790093 -0.0151534
40.1 -0.00771393 -0.0150851
40.15 -0.0075266 -0.0150091
40.2 -0.00733908 -0.0149257
40.25 -0.00715153 -0.0148352
40.3 -0.00696411 -0.0147378
40.35 -0.00677697 -0.0146339
40.4 -0.00659026 -0.0145236
40.45 -0.00640411 -0.0144073
40.5 -0.00621867 -0.0142853
40.55 -0.00603406 -0.0141577
40.6 -0.00585043 -0.0140249
40.65 -0.0056679 -0.013887
40.7 -0.00548659 -0.0137444
40.75 -0.00530663 -0.0135973
40.8 -0.00512813 -0.013446
40.85 -0.00495121 -0.0132905
40.9 -0.00477597 -0.0131313
40.95 -0.00460252 -0.0129685
41 -0.00443097 -0.0128023
41.05 -0.0042614 -0.012633
41.1 -0.00409393 -0.0124608
41.15 -0.00392863 -0.0122859
41.2 -0.0037656 -0.0121085
41.25 -0.00360493 -0.0119287
41.3 -0.00344669 -0.0117469
41.35 -0.00329095 -0.0115632
41.4 -0.00313781 -0.0113778
41.45 -0.00298732 -0.0111908
41.5 -0.00283955 -0.0110025
41.55 -0.00269457 -0.010813
41.6 -0.00255244 -0.0106226
41.65 -0.00241322 -0.0104313
41.7 -0.00227695 -0.0102394
41.75 -0.0021437 -0.010047
41.8 -0.00201351 -0.00985424
41.85 -0.00188641 -0.00966133
41.9 -0.00176246 -0.00946839
41.95 -0.0016417 -0.00927557
42 -0.00152415 -0.00908301
42.05 -0.00140985 -0.00889086
42.1 -0.00129882 -0.00869925
42.15 -0.00119111 -0.0085083
42.2 -0.00108671 -0.00831814
42.25 -0.000985671 -0.0081289
42.3 -0.000887992 -0.0079407
42.35 -0.000793693 -0.00775365
42.4 -0.000702786 -0.00756786
42.45 -0.000615279 -0.00738343
42.5 -0.000531178 -0.00720048
42.55 -0.000450489 -0.0070191
42.6 -0.000373212 -0.00683939
42.65 -0.000299345 -0.00666144
42.7 -0.000228886 -0.00648534
42.75 -0.000161827 -0.00631117
42.8 -9.81612e-05 -0.00613902
42.85 -3.78765e-05 -0.00596897
42.9 1.90399e-05 -0.00580108
42.95 7.26035e-05 -0.00563544
43 0.000122832 -0.0054721
43.05 0.000169744 -0.00531113
43.1 0.000213363 -0.0051526
43.15 0.000253712 -0.00499656
43.2 0.000290817 -0.00484306
43.25 0.000324705 -0.00469216
43.3 0.000355406 -0.00454391
43.35 0.000382952 -0.00439835
43.4 0.000407376 -0.00425552
43.45 0.000428712 -0.00411546
43.5 0.000446998 -0.0039782
43.55 0.000462271 -0.00384379
43.6 0.000474571 -0.00371224
43.65 0.000483939 -0.00358359
43.7 0.000490418 -0.00345787
43.75 0.000494053 -0.00333508
43.8 0.000494888 -0.00321526
43.85 0.00049297 -0.00309841
43.9 0.000488347 -0.00298456
43.95 0.000481069 -0.00287371
44 0.000471185 -0.00276586
44.05 0.000458747 -0.00266104
44.1 0.000443808 -0.00255924
44.15 0.00042642 -0.00246046
44.2 0.000406637 -0.0023647
44.25 0.000384516 -0.00227196
44.3 0.000360112 -0.00218223
44.35 0.000333482 -0.00209551
44.4 0.000304682 -0.00201179
44.45 0.000273772 -0.00193104
44.5 0.00024081 -0.00185327
44.55 0.000205855 -0.00177845
44.6 0.000168968 -0.00170657
44.65 0.000130207 -0.00163761
44.7 8.96352e-05 -0.00157155
44.75 4.73124e-05 -0.00150836
44.8 3.30026e-06 -0.00144802
44.85 -4.23395e-05 -0.0013905
44.9 -8.95448e-05 -0.00133578
44.95 -0.000138254 -0.00128383
45 -0.000188404 -0.00123461
45.05 -0.000239933 -0.0011881
45.1 -0.000292778 -0.00114425
45.15 -0.000346877 -0.00110305
45.2 -0.000402168 -0.00106444
45.25 -0.000458588 -0.00102839
45.3 -0.000516075 -0.000994872
45.35 -0.000574566 -0.000963835
45.4 -0.000634 -0.000935243
45.45 -0.000694316 -0.000909054
45.5 -0.000755451 -0.000885224
45.55 -0.000817345 -0.000863711
45.6 -0.000879936 -0.00084447
45.65 -0.000943165 -0.000827455
45.7 -0.00100697 -0.000812622
45.75 -0.0010713 -0.000799924
45.8 -0.00113608 -0.000789312
45.85 -0.00120126 -0.00078074
45.9 -0.00126679 -0.000774158
45.95 -0.0013326 -0.000769517
46 -0.00139864 -0.000766769
46.05 -0.00146485 -0.000765862
46.1 -0.00153118 -0.000766747
46.15 -0.00159757 -0.000769372
46.2 -0.00166396 -0.000773686
46.25 -0.00173031 -0.000779638
46.3 -0.00179657 -0.000787177
46.35 -0.00186267 -0.00079625
46.4 -0.00192857 -0.000806805
46.45 -0.00199422 -0.000818791
46.5 -0.00205957 -0.000832154
46.55 -0.00212457 -0.000846843
46.6 -0.00218918 -0.000862805
46.65 -0.00225334 -0.000879988
46.7 -0.00231702 -0.00089834
46.75 -0.00238016 -0.000917809
46.8 -0.00244272 -0.000938342
46.85 -0.00250467 -0.000959888
46.9 -0.00256596 -0.000982395
46.95 -0.00262654 -0.00100581
47 -0.00268638 -0.00103009
47.05 -0.00274545 -0.00105517
47.1 -0.0028037 -0.00108101
47.15 -0.0028611 -0.00110756
47.2 -0.0029176 -0.00113477
47.25 -0.00297319 -0.00116258
47.3 -0.00302782 -0.00119095
47.35 -0.00308146 -0.00121984
47.4 -0.00313409 -0.00124918
47.45 -0.00318567 -0.00127895
47.5 -0.00323617 -0.00130908
47.55 -0.00328557 -0.00133953
47.6 -0.00333384 -0.00137026
47.65 -0.00338095 -0.00140122
47.7 -0.00342689 -0.00143236
47.75 -0.00347162 -0.00146365
47.8 -0.00351513 -0.00149504
47.85 -0.0035574 -0.00152649
47.9 -0.0035984 -0.00155795
47.95 -0.00363812 -0.00158939
48 -0.00367654 -0.00162076
48.05 -0.00371365 -0.00165202
48.1 -0.00374943 -0.00168315
48.15 -0.00378386 -0.00171408
48.2 -0.00381694 -0.0017448
48.25 -0.00384865 -0.00177527
48.3 -0.00387898 -0.00180544
48.35 -0.00390792 -0.00183528
48.4 -0.00393547 -0.00186477
48.45 -0.00396162 -0.00189386
48.5 -0.00398636 -0.00192253
48.55 -0.00400969 -0.00195074
48.6 -0.00403159 -0.00197847
48.65 -0.00405208 -0.00200568
48.7 -0.00407115 -0.00203234
48.75 -0.00408879 -0.00205844
48.8 -0.00410501 -0.00208393
48.85 -0.00411981 -0.0021088
48.9 -0.00413318 -0.00213302
48.95 -0.00414515 -0.00215657
49 -0.0041557 -0.00217941
49.05 -0.00416484 -0.00220154
49.1 -0.00417258 -0.00222293
49.15 -0.00417893 -0.00224356
49.2 -0.0041839 -0.00226341
49.25 -0.00418748 -0.00228247
49.3 -0.0041897 -0.0023007
49.35 -0.00419056 -0.00231811
49.4 -0.00419007 -0.00233467
49.45 -0.00418825 -0.00235036
49.5 -0.00418511 -0.00236518
49.55 -0.00418066 -0.00237911
49.6 -0.00417491 -0.00239214
49.65 -0.00416789 -0.00240426
49.7 -0.0041596 -0.00241545
49.75 -0.00415007 -0.00242572
49.8 -0.00413931 -0.00243504
49.85 -0.00412733 -0.00244342
49.9 -0.00411417 -0.00245084
49.95 -0.00409983 -0.0024573
50 -0.00408433 -0.0024628
