-0.498 -0.000203527 -0.000117273
-0.496 -0.000790079 -0.000454988
-0.494 -0.00172305 -0.000990939
-0.492 -0.00296525 -0.00170162
-0.49 -0.0044792 -0.00256238
-0.488 -0.00622736 -0.00354753
-0.486 -0.00817235 -0.00463053
-0.484 -0.0102773 -0.00578412
-0.482 -0.0125058 -0.00698048
-0.48 -0.0148228 -0.00819138
-0.478 -0.017194 -0.00938837
-0.476 -0.0195866 -0.0105429
-0.474 -0.0219696 -0.0116265
-0.472 -0.0243137 -0.0126109
-0.47 -0.0265914 -0.0134684
-0.468 -0.0287779 -0.0141716
-0.466 -0.0308504 -0.014694
-0.464 -0.0327889 -0.01501
-0.462 -0.0345761 -0.0150948
-0.46 -0.0361973 -0.0149249
-0.458 -0.0376412 -0.0144781
-0.456 -0.0388993 -0.0137336
-0.454 -0.0399664 -0.0126721
-0.452 -0.0408406 -0.0112759
-0.45 -0.0415231 -0.00952916
-0.448 -0.0420186 -0.00741787
-0.446 -0.0423352 -0.00492988
-0.444 -0.0424842 -0.00205511
-0.442 -0.0424806 0.00121448
-0.44 -0.0423422 0.00488482
-0.438 -0.0420904 0.00895966
-0.436 -0.0417497 0.0134406
-0.434 -0.0413476 0.0183269
-0.432 -0.0409146 0.0236158
-0.43 -0.0404841 0.0293023
-0.428 -0.040092 0.035379
-0.426 -0.039777 0.0418367
-0.424 -0.0395798 0.0486638
-0.422 -0.0395433 0.0558469
-0.42 -0.0397126 0.0633704
-0.418 -0.0401341 0.0712168
-0.416 -0.0408557 0.0793671
-0.414 -0.0419267 0.0878003
-0.412 -0.043397 0.0964938
-0.41 -0.0453174 0.105424
-0.408 -0.0477387 0.114565
-0.406 -0.050712 0.12389
-0.404 -0.0542879 0.133373
-0.402 -0.0585166 0.142984
-0.4 -0.0634472 0.152695
-0.398 -0.0691276 0.162475
-0.396 -0.0756041 0.172295
-0.394 -0.0829211 0.182123
-0.392 -0.0911207 0.191931
-0.39 -0.100242 0.201686
-0.388 -0.110323 0.21136
-0.386 -0.121396 0.220923
-0.384 -0.133491 0.230346
-0.382 -0.146634 0.239602
-0.38 -0.160847 0.248663
-0.378 -0.176147 0.257503
-0.376 -0.192548 0.266099
-0.374 -0.210057 0.274428
-0.372 -0.228675 0.282468
-0.37 -0.248401 0.290201
-0.368 -0.269226 0.297609
-0.366 -0.291135 0.304677
-0.364 -0.314108 0.311392
-0.362 -0.338118 0.317744
-0.36 -0.363132 0.323726
-0.358 -0.38911 0.32933
-0.356 -0.416007 0.334555
-0.354 -0.443771 0.3394
-0.352 -0.472342 0.343868
-0.35 -0.501655 0.347963
-0.348 -0.531639 0.351694
-0.346 -0.562215 0.355072
-0.344 -0.593299 0.35811
-0.342 -0.6248 0.360824
-0.34 -0.656622 0.363233
-0.338 -0.688664 0.365358
-0.336 -0.720816 0.367223
-0.334 -0.752967 0.368854
-0.332 -0.785 0.370281
-0.33 -0.816791 0.371532
-0.328 -0.848215 0.372643
-0.326 -0.879142 0.373645
-0.324 -0.909438 0.374577
-0.322 -0.938967 0.375475
-0.32 -0.967592 0.376379
-0.318 -0.995171 0.377329
-0.316 -1.02156 0.378366
-0.314 -1.04662 0.37953
-0.312 -1.07021 0.380866
-0.31 -1.09218 0.382414
-0.308 -1.1124 0.384216
-0.306 -1.13071 0.386316
-0.304 -1.14699 0.388754
-0.302 -1.1611 0.39157
-0.3 -1.1729 0.394806
-0.298 -1.18227 0.398498
-0.296 -1.18907 0.402684
-0.294 -1.1932 0.4074
-0.292 -1.19452 0.412679
-0.29 -1.19295 0.418551
-0.288 -1.18836 0.425047
-0.286 -1.18067 0.432193
-0.284 -1.16978 0.440013
-0.282 -1.15562 0.448529
-0.28 -1.1381 0.457758
-0.278 -1.11716 0.467717
-0.276 -1.09275 0.478417
-0.274 -1.0648 0.489868
-0.272 -1.03329 0.502076
-0.27 -0.998168 0.515043
-0.268 -0.959421 0.528768
-0.266 -0.917032 0.543248
-0.264 -0.870993 0.558476
-0.262 -0.821307 0.57444
-0.26 -0.767986 0.591128
-0.258 -0.71105 0.608521
-0.256 -0.650526 0.6266
-0.254 -0.586452 0.645342
-0.252 -0.518873 0.66472
-0.25 -0.447841 0.684706
-0.248 -0.373416 0.705269
-0.246 -0.295666 0.726374
-0.244 -0.214666 0.747986
-0.242 -0.130495 0.770064
-0.24 -0.0432426 0.79257
-0.238 0.0469998 0.815461
-0.236 0.140134 0.838693
-0.234 0.236056 0.86222
-0.232 0.334658 0.885996
-0.23 0.435828 0.909972
-0.228 0.539451 0.934101
-0.226 0.645408 0.958332
-0.224 0.753578 0.982616
-0.222 0.863836 1.0069
-0.22 0.976056 1.03114
-0.218 1.09011 1.05528
-0.216 1.20587 1.07928
-0.214 1.32321 1.10308
-0.212 1.442 1.12663
-0.21 1.5621 1.14989
-0.208 1.68339 1.1728
-0.206 1.80575 1.19533
-0.204 1.92903 1.21743
-0.202 2.05313 1.23906
-0.2 2.1779 1.26017
-0.198 2.30324 1.28072
-0.196 2.42902 1.30068
-0.194 2.55512 1.32002
-0.192 2.68143 1.33869
-0.19 2.80784 1.35666
-0.188 2.93424 1.37392
-0.186 3.06052 1.39042
-0.184 3.18658 1.40616
-0.182 3.31232 1.4211
-0.18 3.43766 1.43523
-0.178 3.5625 1.44853
-0.176 3.68675 1.46099
-0.174 3.81034 1.4726
-0.172 3.93318 1.48336
-0.17 4.05521 1.49327
-0.168 4.17636 1.50231
-0.166 4.29656 1.51051
-0.164 4.41576 1.51786
-0.162 4.5339 1.52438
-0.16 4.65094 1.53008
-0.158 4.76683 1.53498
-0.156 4.88155 1.5391
-0.154 4.99504 1.54247
-0.152 5.1073 1.54511
-0.15 5.21829 1.54707
-0.148 5.32801 1.54837
-0.146 5.43645 1.54906
-0.144 5.54359 1.54919
-0.142 5.64944 1.54879
-0.14 5.75402 1.54793
-0.138 5.85733 1.54665
-0.136 5.95939 1.54503
-0.134 6.06023 1.54311
-0.132 6.15988 1.54097
-0.13 6.25838 1.53867
-0.128 6.35577 1.5363
-0.126 6.45211 1.53392
-0.124 6.54744 1.53161
-0.122 6.64183 1.52946
-0.12 6.73535 1.52755
-0.118 6.82806 1.52597
-0.116 6.92005 1.52481
-0.114 7.0114 1.52416
-0.112 7.1022 1.52411
-0.11 7.19253 1.52476
-0.108 7.28251 1.5262
-0.106 7.37223 1.52853
-0.104 7.46179 1.53185
-0.102 7.5513 1.53625
-0.1 7.64089 1.54184
-0.098 7.73065 1.54871
-0.096 7.82071 1.55695
-0.094 7.91118 1.56667
-0.092 8.00219 1.57794
-0.09 8.09384 1.59088
-0.088 8.18626 1.60555
-0.086 8.27957 1.62204
-0.084 8.37387 1.64045
-0.082 8.46927 1.66083
-0.08 8.56589 1.68326
-0.078 8.66381 1.70782
-0.076 8.76314 1.73454
-0.074 8.86396 1.7635
-0.072 8.96635 1.79474
-0.07 9.07038 1.82828
-0.068 9.17612 1.86417
-0.066 9.28359 1.90243
-0.064 9.39285 1.94306
-0.062 9.50392 1.98608
-0.06 9.6168 2.03146
-0.058 9.73149 2.0792
-0.056 9.84796 2.12927
-0.054 9.96617 2.18162
-0.052 10.0861 2.23621
-0.05 10.2076 2.29297
-0.048 10.3306 2.35183
-0.046 10.455 2.4127
-0.044 10.5807 2.47548
-0.042 10.7074 2.54006
-0.04 10.8351 2.60632
-0.038 10.9635 2.67411
-0.036 11.0924 2.7433
-0.034 11.2216 2.81373
-0.032 11.3507 2.88521
-0.03 11.4796 2.95758
-0.028 11.6079 3.03063
-0.026 11.7352 3.10417
-0.024 11.8613 3.17798
-0.022 11.9858 3.25185
-0.02 12.1083 3.32555
-0.018 12.2285 3.39883
-0.016 12.3458 3.47146
-0.014 12.46 3.5432
-0.012 12.5706 3.61378
-0.01 12.6771 3.68296
-0.008 12.7792 3.75049
-0.006 12.8763 3.81609
-0.004 12.9682 3.87953
-0.002 13.0542 3.94054
0 13.134 3.99887
0.002 13.2072 4.0543
0.004 13.2733 4.10656
0.006 13.3319 4.15541
0.008 13.3826 4.20064
0.01 13.4251 4.24202
0.012 13.4589 4.27935
0.014 13.4838 4.31243
0.016 13.4994 4.34107
0.018 13.5054 4.36511
0.02 13.5015 4.38439
0.022 13.4875 4.39876
0.024 13.4632 4.40811
0.026 13.4283 4.41233
0.028 13.3828 4.41132
0.03 13.3264 4.405
0.032 13.2591 4.39333
0.034 13.1808 4.37627
0.036 13.0915 4.35379
0.038 12.9912 4.32589
0.04 12.8799 4.2926
0.042 12.7577 4.25394
0.044 12.6246 4.20997
0.046 12.4809 4.16076
0.048 12.3267 4.10641
0.05 12.1621 4.04701
0.052 11.9874 3.98269
0.054 11.8029 3.91359
0.056 11.6087 3.83986
0.058 11.4054 3.76167
0.06 11.193 3.6792
0.062 10.9721 3.59265
0.064 10.743 3.50222
0.066 10.506 3.40813
0.068 10.2617 3.31061
0.07 10.0104 3.2099
0.072 9.75256 3.10624
0.074 9.48865 2.99989
0.076 9.21916 2.89111
0.078 8.94456 2.78016
0.08 8.66534 2.6673
0.082 8.38199 2.55282
0.084 8.09502 2.43699
0.086 7.80494 2.32008
0.088 7.51225 2.20237
0.09 7.21745 2.08413
0.092 6.92105 1.96565
0.094 6.62356 1.84718
0.096 6.32547 1.72899
0.098 6.02728 1.61136
0.1 5.72946 1.49453
0.102 5.4325 1.37877
0.104 5.13686 1.26431
0.106 4.843 1.15139
0.108 4.55137 1.04025
0.11 4.2624 0.931111
0.112 3.9765 0.824178
0.114 3.69409 0.719658
0.116 3.41555 0.617745
0.118 3.14125 0.51862
0.12 2.87157 0.422455
0.122 2.60684 0.329411
0.124 2.34738 0.239636
0.126 2.0935 0.153269
0.128 1.84549 0.070433
0.13 1.60363 -0.00875777
0.132 1.36816 -0.0842029
0.134 1.13932 -0.155814
0.136 0.917327 -0.223514
0.138 0.702378 -0.287241
0.14 0.49465 -0.346942
0.142 0.294302 -0.402578
0.144 0.101476 -0.454123
0.146 -0.0837054 -0.50156
0.148 -0.261139 -0.544886
0.15 -0.43074 -0.584111
0.152 -0.592439 -0.619252
0.154 -0.746187 -0.650342
0.156 -0.891952 -0.67742
0.158 -1.02972 -0.700539
0.16 -1.15949 -0.71976
0.162 -1.28128 -0.735156
0.164 -1.39513 -0.746807
0.166 -1.50108 -0.754803
0.168 -1.59921 -0.759242
0.17 -1.68959 -0.760232
0.172 -1.77231 -0.757885
0.174 -1.8475 -0.752324
0.176 -1.91526 -0.743677
0.178 -1.97573 -0.732078
0.18 -2.02907 -0.717667
0.182 -2.07543 -0.700589
0.184 -2.11499 -0.680994
0.186 -2.14792 -0.659037
0.188 -2.17442 -0.634876
0.19 -2.19469 -0.608671
0.192 -2.20895 -0.580587
0.194 -2.21741 -0.55079
0.196 -2.22029 -0.519447
0.198 -2.21785 -0.486728
0.2 -2.21031 -0.452801
0.202 -2.19793 -0.417837
0.204 -2.18095 -0.382004
0.206 -2.15964 -0.345472
0.208 -2.13426 -0.308407
0.21 -2.10507 -0.270975
0.212 -2.07234 -0.233339
0.214 -2.03635 -0.195659
0.216 -1.99735 -0.158093
0.218 -1.95563 -0.120795
0.22 -1.91145 -0.0839131
0.222 -1.86508 -0.0475939
0.224 -1.81679 -0.0119778
0.226 -1.76686 0.0228
0.228 -1.71553 0.0566093
0.23 -1.66308 0.0893262
0.232 -1.60976 0.120833
0.234 -1.55581 0.151017
0.236 -1.50148 0.179775
0.238 -1.44702 0.207008
0.24 -1.39264 0.232626
0.242 -1.33858 0.256546
0.244 -1.28505 0.278692
0.246 -1.23225 0.298996
0.248 -1.18038 0.317399
0.25 -1.12964 0.333849
0.252 -1.08019 0.348302
0.254 -1.03221 0.360722
0.256 -0.985837 0.371083
0.258 -0.941231 0.379365
0.26 -0.898517 0.385558
0.262 -0.857815 0.389658
0.264 -0.819232 0.391672
0.266 -0.782863 0.391613
0.268 -0.748789 0.389502
0.27 -0.717079 0.385368
0.272 -0.68779 0.379247
0.274 -0.660965 0.371184
0.276 -0.636635 0.361229
0.278 -0.614818 0.34944
0.28 -0.59552 0.335881
0.282 -0.578735 0.320621
0.284 -0.564444 0.303738
0.286 -0.552617 0.285312
0.288 -0.543214 0.265431
0.29 -0.536182 0.244184
0.292 -0.53146 0.221669
0.294 -0.528977 0.197984
0.296 -0.52865 0.173232
0.298 -0.530391 0.147518
0.3 -0.534101 0.120951
0.302 -0.539677 0.0936408
0.304 -0.547005 0.0656989
0.306 -0.555968 0.0372381
0.308 -0.566444 0.0083715
0.31 -0.578304 -0.0207877
0.312 -0.591417 -0.0501265
0.314 -0.605647 -0.0795329
0.316 -0.620859 -0.108896
0.318 -0.636912 -0.138108
0.32 -0.653668 -0.167061
0.322 -0.670985 -0.195651
0.324 -0.688726 -0.223777
0.326 -0.706749 -0.251341
0.328 -0.72492 -0.27825
0.33 -0.743104 -0.304414
0.332 -0.761169 -0.329747
0.334 -0.778987 -0.354168
0.336 -0.796436 -0.377602
0.338 -0.813395 -0.399979
0.34 -0.829752 -0.421234
0.342 -0.845397 -0.441306
0.344 -0.860229 -0.460142
0.346 -0.874151 -0.477696
0.348 -0.887074 -0.493924
0.35 -0.898916 -0.508791
0.352 -0.909601 -0.522269
0.354 -0.919062 -0.534333
0.356 -0.927237 -0.544966
0.358 -0.934075 -0.554158
0.36 -0.939529 -0.561903
0.362 -0.943563 -0.568201
0.364 -0.946147 -0.57306
0.366 -0.947259 -0.576493
0.368 -0.946885 -0.578515
0.37 -0.945017 -0.579152
0.372 -0.941656 -0.57843
0.374 -0.936811 -0.576384
0.376 -0.930494 -0.57305
0.378 -0.922728 -0.568472
0.38 -0.913541 -0.562694
0.382 -0.902967 -0.555768
0.384 -0.891045 -0.547746
0.386 -0.877821 -0.538685
0.388 -0.863346 -0.528645
0.39 -0.847675 -0.517688
0.392 -0.830869 -0.505878
0.394 -0.81299 -0.493281
0.396 -0.794108 -0.479965
0.398 -0.774293 -0.465999
0.4 -0.753618 -0.451452
0.402 -0.732162 -0.436395
0.404 -0.710001 -0.420899
0.406 -0.687216 -0.405032
0.408 -0.663888 -0.388866
0.41 -0.640099 -0.372469
0.412 -0.615932 -0.355909
0.414 -0.591468 -0.339253
0.416 -0.566791 -0.322565
0.418 -0.54198 -0.305908
0.42 -0.517116 -0.289343
0.422 -0.492278 -0.272929
0.424 -0.467542 -0.256721
0.426 -0.442981 -0.240772
0.428 -0.41867 -0.225131
0.43 -0.394675 -0.209846
0.432 -0.371063 -0.194959
0.434 -0.347898 -0.18051
0.436 -0.325237 -0.166535
0.438 -0.303137 -0.153068
0.44 -0.281648 -0.140135
0.442 -0.260818 -0.127763
0.444 -0.24069 -0.115972
0.446 -0.221303 -0.10478
0.448 -0.202691 -0.0941993
0.45 -0.184883 -0.0842398
0.452 -0.167904 -0.0749071
0.454 -0.151776 -0.0662032
0.456 -0.136513 -0.0581266
0.458 -0.122128 -0.0506721
0.46 -0.108626 -0.043831
0.462 -0.09601 -0.0375916
0.464 -0.0842783 -0.031939
0.466 -0.0734242 -0.0268552
0.468 -0.0634373 -0.0223196
0.47 -0.0543032 -0.018309
0.472 -0.0460035 -0.0147977
0.474 -0.0385165 -0.0117579
0.476 -0.0318167 -0.00915994
0.478 -0.0258758 -0.00697231
0.48 -0.0206622 -0.00516209
0.482 -0.0161418 -0.0036951
0.484 -0.0122778 -0.00253616
0.486 -0.00903146 -0.00164934
0.488 -0.00636192 -0.000998214
0.49 -0.00422672 -0.000546101
0.492 -0.00258203 -0.000256311
0.494 -0.00138292 -9.23944e-05
0.496 -0.000583711 -1.8381e-05
0.498 -0.000138201 9.81687e-07
0.05 4.79013 1.61267
0.1 4.79024 1.61262
0.15 4.79043 1.61255
0.2 4.7907 1.61244
0.25 4.79104 1.6123
0.3 4.79146 1.61213
0.35 4.79195 1.61193
0.4 4.79252 1.61169
0.45 4.79316 1.61143
0.5 4.79388 1.61114
0.55 4.79467 1.61081
0.6 4.79553 1.61045
0.65 4.79647 1.61007
0.7 4.79748 1.60965
0.75 4.79856 1.6092
0.8 4.79971 1.60872
0.85 4.80094 1.6082
0.9 4.80223 1.60766
0.95 4.8036 1.60709
1 4.80503 1.60648
1.05 4.80653 1.60584
1.1 4.80809 1.60517
1.15 4.80973 1.60447
1.2 4.81142 1.60374
1.25 4.81319 1.60298
1.3 4.81501 1.60218
1.35 4.8169 1.60135
1.4 4.81885 1.6005
1.45 4.82085 1.5996
1.5 4.82292 1.59868
1.55 4.82505 1.59773
1.6 4.82723 1.59674
1.65 4.82946 1.59572
1.7 4.83175 1.59467
1.75 4.8341 1.59359
1.8 4.83649 1.59248
1.85 4.83893 1.59133
1.9 4.84143 1.59015
1.95 4.84396 1.58894
2 4.84655 1.5877
2.05 4.84918 1.58642
2.1 4.85185 1.58511
2.15 4.85456 1.58377
2.2 4.85731 1.58239
2.25 4.8601 1.58099
2.3 4.86292 1.57955
2.35 4.86578 1.57807
2.4 4.86867 1.57657
2.45 4.87159 1.57503
2.5 4.87454 1.57346
2.55 4.87752 1.57185
2.6 4.88052 1.57022
2.65 4.88355 1.56854
2.7 4.8866 1.56684
2.75 4.88966 1.5651
2.8 4.89275 1.56333
2.85 4.89585 1.56152
2.9 4.89897 1.55968
2.95 4.90209 1.55781
3 4.90523 1.55591
3.05 4.90837 1.55397
3.1 4.91152 1.55199
3.15 4.91468 1.54998
3.2 4.91783 1.54794
3.25 4.92099 1.54587
3.3 4.92414 1.54376
3.35 4.92729 1.54161
3.4 4.93043 1.53944
3.45 4.93356 1.53723
3.5 4.93669 1.53498
3.55 4.93979 1.5327
3.6 4.94289 1.53038
3.65 4.94596 1.52804
3.7 4.94902 1.52565
3.75 4.95205 1.52324
3.8 4.95506 1.52078
3.85 4.95804 1.5183
3.9 4.96099 1.51578
3.95 4.96392 1.51322
4 4.9668 1.51064
4.05 4.96966 1.50801
4.1 4.97247 1.50535
4.15 4.97525 1.50266
4.2 4.97798 1.49994
4.25 4.98067 1.49718
4.3 4.98331 1.49438
4.35 4.9859 1.49155
4.4 4.98845 1.48869
4.45 4.99093 1.48579
4.5 4.99337 1.48286
4.55 4.99574 1.47989
4.6 4.99805 1.47689
4.65 5.0003 1.47386
4.7 5.00249 1.47079
4.75 5.00461 1.46769
4.8 5.00665 1.46455
4.85 5.00863 1.46138
4.9 5.01054 1.45818
4.95 5.01236 1.45494
5 5.01411 1.45167
5.05 5.01578 1.44836
5.1 5.01737 1.44502
5.15 5.01887 1.44165
5.2 5.02028 1.43825
5.25 5.02161 1.43481
5.3 5.02284 1.43134
5.35 5.02399 1.42784
5.4 5.02503 1.4243
5.45 5.02598 1.42073
5.5 5.02683 1.41713
5.55 5.02758 1.4135
5.6 5.02822 1.40983
5.65 5.02876 1.40614
5.7 5.02919 1.40241
5.75 5.02951 1.39865
5.8 5.02973 1.39485
5.85 5.02982 1.39103
5.9 5.0298 1.38718
5.95 5.02967 1.38329
6 5.02942 1.37937
6.05 5.02904 1.37543
6.1 5.02855 1.37145
6.15 5.02792 1.36745
6.2 5.02718 1.36341
6.25 5.0263 1.35934
6.3 5.0253 1.35525
6.35 5.02416 1.35113
6.4 5.0229 1.34697
6.45 5.02149 1.34279
6.5 5.01996 1.33858
6.55 5.01828 1.33435
6.6 5.01647 1.33008
6.65 5.01451 1.32579
6.7 5.01242 1.32147
6.75 5.01018 1.31712
6.8 5.00779 1.31275
6.85 5.00526 1.30835
6.9 5.00258 1.30393
6.95 4.99976 1.29948
7 4.99678 1.29501
7.05 4.99365 1.29051
7.1 4.99037 1.28598
7.15 4.98694 1.28144
7.2 4.98335 1.27687
7.25 4.97961 1.27227
7.3 4.97571 1.26766
7.35 4.97165 1.26302
7.4 4.96744 1.25835
7.45 4.96306 1.25367
7.5 4.95852 1.24897
7.55 4.95383 1.24424
7.6 4.94897 1.2395
7.65 4.94394 1.23473
7.7 4.93876 1.22995
7.75 4.9334 1.22514
7.8 4.92789 1.22032
7.85 4.92221 1.21548
7.9 4.91636 1.21062
7.95 4.91034 1.20575
8 4.90416 1.20085
8.05 4.89781 1.19595
8.1 4.89129 1.19102
8.15 4.88461 1.18608
8.2 4.87775 1.18113
8.25 4.87073 1.17616
8.3 4.86353 1.17117
8.35 4.85617 1.16618
8.4 4.84863 1.16117
8.45 4.84093 1.15615
8.5 4.83305 1.15112
8.55 4.82501 1.14607
8.6 4.81679 1.14102
8.65 4.80841 1.13595
8.7 4.79985 1.13088
8.75 4.79113 1.12579
8.8 4.78223 1.1207
8.85 4.77316 1.1156
8.9 4.76393 1.11049
8.95 4.75452 1.10538
9 4.74495 1.10026
9.05 4.73521 1.09513
9.1 4.7253 1.09
9.15 4.71522 1.08486
9.2 4.70497 1.07972
9.25 4.69456 1.07458
9.3 4.68398 1.06944
9.35 4.67323 1.06429
9.4 4.66232 1.05914
9.45 4.65125 1.05399
9.5 4.64001 1.04884
9.55 4.6286 1.04368
9.6 4.61704 1.03853
9.65 4.60531 1.03338
9.7 4.59342 1.02824
9.75 4.58137 1.02309
9.8 4.56917 1.01795
9.85 4.5568 1.01281
9.9 4.54428 1.00768
9.95 4.5316 1.00255
10 4.51877 0.997431
10.05 4.50578 0.992315
10.1 4.49264 0.987205
10.15 4.47935 0.982103
10.2 4.4659 0.97701
10.25 4.45231 0.971924
10.3 4.43857 0.966849
10.35 4.42468 0.961782
10.4 4.41065 0.956727
10.45 4.39647 0.951682
10.5 4.38215 0.94665
10.55 4.36769 0.941629
10.6 4.35309 0.936622
10.65 4.33835 0.931628
10.7 4.32348 0.926648
10.75 4.30846 0.921683
10.8 4.29332 0.916733
10.85 4.27804 0.911799
10.9 4.26263 0.906881
10.95 4.24709 0.901981
11 4.23143 0.897098
11.05 4.21564 0.892234
11.1 4.19972 0.887388
11.15 4.18369 0.882561
11.2 4.16753 0.877755
11.25 4.15125 0.872969
11.3 4.13486 0.868205
11.35 4.11835 0.863461
11.4 4.10173 0.858741
11.45 4.085 0.854042
11.5 4.06815 0.849368
11.55 4.0512 0.844717
11.6 4.03415 0.84009
11.65 4.01699 0.835488
11.7 3.99973 0.830912
11.75 3.98237 0.826362
11.8 3.96491 0.821838
11.85 3.94735 0.817341
11.9 3.9297 0.812872
11.95 3.91196 0.808431
12 3.89414 0.804018
12.05 3.87622 0.799634
12.1 3.85822 0.79528
12.15 3.84013 0.790955
12.2 3.82197 0.786661
12.25 3.80372 0.782398
12.3 3.7854 0.778166
12.35 3.767 0.773965
12.4 3.74853 0.769797
12.45 3.72999 0.765662
12.5 3.71138 0.761559
12.55 3.69271 0.75749
12.6 3.67397 0.753455
12.65 3.65517 0.749454
12.7 3.63631 0.745487
12.75 3.61739 0.741556
12.8 3.59842 0.73766
12.85 3.5794 0.733799
12.9 3.56032 0.729975
12.95 3.5412 0.726187
13 3.52203 0.722436
13.05 3.50281 0.718722
13.1 3.48356 0.715045
13.15 3.46426 0.711406
13.2 3.44493 0.707805
13.25 3.42556 0.704243
13.3 3.40616 0.700718
13.35 3.38673 0.697233
13.4 3.36727 0.693787
13.45 3.34778 0.69038
13.5 3.32827 0.687013
13.55 3.30874 0.683685
13.6 3.28919 0.680398
13.65 3.26962 0.67715
13.7 3.25003 0.673944
13.75 3.23044 0.670777
13.8 3.21083 0.667652
13.85 3.19121 0.664568
13.9 3.17159 0.661524
13.95 3.15196 0.658522
14 3.13233 0.655562
14.05 3.1127 0.652642
14.1 3.09307 0.649765
14.15 3.07344 0.646929
14.2 3.05382 0.644135
14.25 3.03421 0.641383
14.3 3.01461 0.638673
14.35 2.99502 0.636005
14.4 2.97545 0.633379
14.45 2.95589 0.630795
14.5 2.93635 0.628253
14.55 2.91683 0.625754
14.6 2.89733 0.623296
14.65 2.87786 0.620881
14.7 2.85841 0.618508
14.75 2.83899 0.616177
14.8 2.8196 0.613888
14.85 2.80025 0.61164
14.9 2.78092 0.609435
14.95 2.76164 0.607272
15 2.74239 0.605151
15.05 2.72317 0.603071
15.1 2.704 0.601032
15.15 2.68488 0.599035
15.2 2.66579 0.59708
15.25 2.64676 0.595165
15.3 2.62777 0.593292
15.35 2.60883 0.59146
15.4 2.58994 0.589668
15.45 2.5711 0.587916
15.5 2.55232 0.586205
15.55 2.5336 0.584534
15.6 2.51493 0.582903
15.65 2.49632 0.581311
15.7 2.47778 0.579759
15.75 2.45929 0.578246
15.8 2.44087 0.576772
15.85 2.42251 0.575337
15.9 2.40422 0.57394
15.95 2.386 0.572581
16 2.36785 0.571259
16.05 2.34977 0.569976
16.1 2.33176 0.568729
16.15 2.31382 0.567519
16.2 2.29596 0.566346
16.25 2.27817 0.565208
16.3 2.26046 0.564107
16.35 2.24283 0.56304
16.4 2.22528 0.562009
16.45 2.20781 0.561013
16.5 2.19041 0.56005
16.55 2.17311 0.559122
16.6 2.15588 0.558227
16.65 2.13874 0.557365
16.7 2.12169 0.556535
16.75 2.10472 0.555738
16.8 2.08784 0.554972
16.85 2.07105 0.554238
16.9 2.05435 0.553535
16.95 2.03774 0.552861
17 2.02122 0.552218
17.05 2.00479 0.551604
17.1 1.98845 0.551019
17.15 1.97221 0.550462
17.2 1.95606 0.549933
17.25 1.94001 0.549431
17.3 1.92405 0.548957
17.35 1.90818 0.548508
17.4 1.89242 0.548086
17.45 1.87675 0.547688
17.5 1.86118 0.547316
17.55 1.8457 0.546967
17.6 1.83033 0.546642
17.65 1.81506 0.54634
17.7 1.79988 0.546061
17.75 1.78481 0.545804
17.8 1.76983 0.545568
17.85 1.75496 0.545353
17.9 1.74019 0.545158
17.95 1.72552 0.544982
18 1.71095 0.544826
18.05 1.69648 0.544688
18.1 1.68211 0.544568
18.15 1.66785 0.544465
18.2 1.65369 0.544378
18.25 1.63964 0.544308
18.3 1.62568 0.544253
18.35 1.61183 0.544213
18.4 1.59808 0.544187
18.45 1.58444 0.544175
18.5 1.5709 0.544175
18.55 1.55746 0.544188
18.6 1.54413 0.544212
18.65 1.5309 0.544248
18.7 1.51777 0.544294
18.75 1.50474 0.54435
18.8 1.49182 0.544415
18.85 1.479 0.544488
18.9 1.46629 0.54457
18.95 1.45367 0.544658
19 1.44116 0.544754
19.05 1.42875 0.544855
19.1 1.41644 0.544962
19.15 1.40424 0.545073
19.2 1.39213 0.545189
19.25 1.38013 0.545308
19.3 1.36822 0.54543
19.35 1.35642 0.545554
19.4 1.34472 0.54568
19.45 1.33312 0.545807
19.5 1.32161 0.545934
19.55 1.31021 0.546061
19.6 1.2989 0.546187
19.65 1.28769 0.546311
19.7 1.27658 0.546434
19.75 1.26557 0.546553
19.8 1.25465 0.54667
19.85 1.24383 0.546782
19.9 1.2331 0.54689
19.95 1.22247 0.546993
20 1.21194 0.54709
20.05 1.20149 0.54718
20.1 1.19114 0.547264
20.15 1.18089 0.547341
20.2 1.17072 0.547409
20.25 1.16065 0.547469
20.3 1.15067 0.547519
20.35 1.14078 0.54756
20.4 1.13097 0.54759
20.45 1.12126 0.54761
20.5 1.11163 0.547618
20.55 1.1021 0.547614
20.6 1.09265 0.547597
20.65 1.08328 0.547568
20.7 1.074 0.547525
20.75 1.06481 0.547468
20.8 1.0557 0.547396
20.85 1.04667 0.54731
20.9 1.03772 0.547207
20.95 1.02886 0.547089
21 1.02008 0.546954
21.05 1.01137 0.546802
21.1 1.00275 0.546632
21.15 0.994204 0.546445
21.2 0.985737 0.546239
21.25 0.977347 0.546014
21.3 0.969033 0.54577
21.35 0.960794 0.545506
21.4 0.95263 0.545222
21.45 0.944539 0.544917
21.5 0.936522 0.544592
21.55 0.928576 0.544245
21.6 0.920702 0.543876
21.65 0.912898 0.543485
21.7 0.905164 0.543071
21.75 0.897499 0.542635
21.8 0.889901 0.542175
21.85 0.882371 0.541692
21.9 0.874907 0.541185
21.95 0.867508 0.540653
22 0.860174 0.540097
22.05 0.852904 0.539516
22.1 0.845697 0.538909
22.15 0.838552 0.538278
22.2 0.831469 0.53762
22.25 0.824445 0.536936
22.3 0.817482 0.536226
22.35 0.810577 0.53549
22.4 0.803731 0.534726
22.45 0.796941 0.533936
22.5 0.790208 0.533118
22.55 0.783531 0.532273
22.6 0.776908 0.5314
22.65 0.77034 0.530499
22.7 0.763824 0.52957
22.75 0.757361 0.528613
22.8 0.75095 0.527627
22.85 0.744589 0.526613
22.9 0.738279 0.52557
22.95 0.732017 0.524498
23 0.725805 0.523398
23.05 0.71964 0.522268
23.1 0.713522 0.521109
23.15 0.70745 0.519921
23.2 0.701424 0.518703
23.25 0.695443 0.517456
23.3 0.689505 0.516179
23.35 0.683611 0.514873
23.4 0.67776 0.513537
23.45 0.671951 0.512171
23.5 0.666183 0.510776
23.55 0.660455 0.509351
23.6 0.654767 0.507897
23.65 0.649119 0.506413
23.7 0.643509 0.504899
23.75 0.637937 0.503355
23.8 0.632403 0.501782
23.85 0.626904 0.50018
23.9 0.621442 0.498548
23.95 0.616016 0.496886
24 0.610624 0.495195
24.05 0.605266 0.493475
24.1 0.599942 0.491726
24.15 0.594651 0.489948
24.2 0.589393 0.48814
24.25 0.584166 0.486304
24.3 0.578971 0.48444
24.35 0.573807 0.482546
24.4 0.568673 0.480624
24.45 0.563568 0.478674
24.5 0.558493 0.476696
24.55 0.553447 0.474691
24.6 0.54843 0.472657
24.65 0.54344 0.470596
24.7 0.538477 0.468507
24.75 0.533542 0.466392
24.8 0.528633 0.464249
24.85 0.52375 0.46208
24.9 0.518893 0.459885
24.95 0.514061 0.457663
25 0.509253 0.455416
25.05 0.504471 0.453143
25.1 0.499712 0.450844
25.15 0.494978 0.448521
25.2 0.490266 0.446173
25.25 0.485578 0.4438
25.3 0.480913 0.441403
25.35 0.47627 0.438982
25.4 0.471649 0.436537
25.45 0.46705 0.434069
25.5 0.462472 0.431579
25.55 0.457916 0.429065
25.6 0.453381 0.42653
25.65 0.448867 0.423972
25.7 0.444373 0.421393
25.75 0.439899 0.418793
25.8 0.435445 0.416172
25.85 0.431012 0.41353
25.9 0.426598 0.410869
25.95 0.422203 0.408187
26 0.417828 0.405487
26.05 0.413472 0.402767
26.1 0.409134 0.400029
26.15 0.404816 0.397273
26.2 0.400516 0.394499
26.25 0.396235 0.391708
26.3 0.391973 0.3889
26.35 0.387728 0.386075
26.4 0.383502 0.383235
26.45 0.379294 0.380379
26.5 0.375104 0.377508
26.55 0.370932 0.374622
26.6 0.366778 0.371722
26.65 0.362641 0.368808
26.7 0.358523 0.36588
26.75 0.354422 0.36294
26.8 0.350339 0.359987
26.85 0.346274 0.357022
26.9 0.342226 0.354046
26.95 0.338196 0.351059
27 0.334184 0.34806
27.05 0.330189 0.345052
27.1 0.326212 0.342034
27.15 0.322253 0.339007
27.2 0.318312 0.335972
27.25 0.314388 0.332927
27.3 0.310483 0.329876
27.35 0.306595 0.326816
27.4 0.302725 0.32375
27.45 0.298873 0.320678
27.5 0.29504 0.3176
27.55 0.291224 0.314516
27.6 0.287427 0.311428
27.65 0.283648 0.308335
27.7 0.279887 0.305238
27.75 0.276145 0.302138
27.8 0.272422 0.299034
27.85 0.268717 0.295929
27.9 0.265031 0.292821
27.95 0.261364 0.289711
28 0.257717 0.286601
28.05 0.254088 0.28349
28.1 0.250479 0.280379
28.15 0.246889 0.277268
28.2 0.243319 0.274158
28.25 0.239768 0.27105
28.3 0.236238 0.267943
28.35 0.232727 0.264839
28.4 0.229237 0.261737
28.45 0.225767 0.258638
28.5 0.222317 0.255543
28.55 0.218889 0.252452
28.6 0.21548 0.249366
28.65 0.212093 0.246285
28.7 0.208727 0.243209
28.75 0.205383 0.24014
28.8 0.202059 0.237076
28.85 0.198758 0.23402
28.9 0.195478 0.23097
28.95 0.19222 0.227929
29 0.188984 0.224895
29.05 0.18577 0.22187
29.1 0.182579 0.218854
29.15 0.179411 0.215848
29.2 0.176265 0.212851
29.25 0.173142 0.209865
29.3 0.170043 0.206889
29.35 0.166966 0.203924
29.4 0.163914 0.200971
29.45 0.160884 0.198029
29.5 0.157879 0.1951
29.55 0.154897 0.192184
29.6 0.15194 0.18928
29.65 0.149007 0.18639
29.7 0.146098 0.183514
29.75 0.143214 0.180651
29.8 0.140355 0.177804
29.85 0.13752 0.174971
29.9 0.134711 0.172153
29.95 0.131927 0.169351
30 0.129168 0.166565
30.05 0.126435 0.163794
30.1 0.123727 0.161041
30.15 0.121045 0.158304
30.2 0.118389 0.155585
30.25 0.115759 0.152883
30.3 0.113156 0.150199
30.35 0.110578 0.147532
30.4 0.108027 0.144885
30.45 0.105503 0.142256
30.5 0.103005 0.139646
30.55 0.100534 0.137055
30.6 0.0980895 0.134483
30.65 0.0956722 0.131932
30.7 0.0932821 0.1294
30.75 0.0909191 0.126889
30.8 0.0885833 0.124398
30.85 0.086275 0.121928
30.9 0.083994 0.119479
30.95 0.0817406 0.117051
31 0.0795147 0.114645
31.05 0.0773164 0.11226
31.1 0.0751459 0.109897
31.15 0.0730031 0.107555
31.2 0.0708882 0.105237
31.25 0.0688011 0.10294
31.3 0.0667419 0.100666
31.35 0.0647107 0.0984151
31.4 0.0627074 0.0961868
31.45 0.0607322 0.0939815
31.5 0.0587849 0.0917994
31.55 0.0568657 0.0896407
31.6 0.0549746 0.0875055
31.65 0.0531115 0.0853938
31.7 0.0512765 0.0833059
31.75 0.0494696 0.0812418
31.8 0.0476907 0.0792016
31.85 0.0459398 0.0771855
31.9 0.044217 0.0751935
31.95 0.0425221 0.0732258
32 0.0408552 0.0712823
32.05 0.0392162 0.0693633
32.1 0.037605 0.0674687
32.15 0.0360217 0.0655986
32.2 0.0344662 0.063753
32.25 0.0329383 0.0619321
32.3 0.0314381 0.0601358
32.35 0.0299655 0.0583642
32.4 0.0285204 0.0566173
32.45 0.0271027 0.0548951
32.5 0.0257123 0.0531977
32.55 0.0243491 0.0515251
32.6 0.0230131 0.0498772
32.65 0.0217041 0.0482541
32.7 0.020422 0.0466558
32.75 0.0191668 0.0450821
32.8 0.0179382 0.0435332
32.85 0.0167362 0.042009
32.9 0.0155606 0.0405094
32.95 0.0144113 0.0390345
33 0.0132881 0.0375841
33.05 0.012191 0.0361582
33.1 0.0111197 0.0347568
33.15 0.0100741 0.0333797
33.2 0.0090541 0.032027
33.25 0.00805943 0.0306986
33.3 0.00708996 0.0293943
33.35 0.00614552 0.0281141
33.4 0.00522592 0.0268579
33.45 0.00433098 0.0256256
33.5 0.00346052 0.0244171
33.55 0.00261433 0.0232323
33.6 0.00179222 0.0220711
33.65 0.000993978 0.0209334
33.7 0.000219408 0.019819
33.75 -0.000531705 0.0187278
33.8 -0.00125958 0.0176597
33.85 -0.00196443 0.0166146
33.9 -0.00264648 0.0155923
33.95 -0.00330597 0.0145926
34 -0.00394312 0.0136155
34.05 -0.00455816 0.0126608
34.1 -0.00515134 0.0117283
34.15 -0.00572289 0.0108178
34.2 -0.00627307 0.00992922
34.25 -0.00680212 0.00906236
34.3 -0.00731029 0.00821704
34.35 -0.00779784 0.0073931
34.4 -0.00826503 0.00659035
34.45 -0.00871212 0.0058086
34.5 -0.00913937 0.00504768
34.55 -0.00954705 0.00430738
34.6 -0.00993543 0.00358751
34.65 -0.0103048 0.00288789
34.7 -0.0106554 0.0022083
34.75 -0.0109875 0.00154854
34.8 -0.0113014 0.000908411
34.85 -0.0115974 0.0002877
34.9 -0.0118758 -0.000313806
34.95 -0.0121368 -0.000896319
35 -0.0123807 -0.00146006
35.05 -0.0126079 -0.00200524
35.1 -0.0128186 -0.00253209
35.15 -0.0130131 -0.00304083
35.2 -0.0131917 -0.00353169
35.25 -0.0133547 -0.00400489
35.3 -0.0135023 -0.00446067
35.35 -0.013635 -0.00489926
35.4 -0.0137529 -0.00532089
35.45 -0.0138564 -0.00572579
35.5 -0.0139458 -0.00611421
35.55 -0.0140214 -0.00648638
35.6 -0.0140835 -0.00684254
35.65 -0.0141323 -0.00718294
35.7 -0.0141682 -0.00750781
35.75 -0.0141915 -0.0078174
35.8 -0.0142024 -0.00811196
35.85 -0.0142014 -0.00839173
35.9 -0.0141886 -0.00865695
35.95 -0.0141644 -0.00890787
36 -0.014129 -0.00914475
36.05 -0.0140829 -0.00936782
36.1 -0.0140262 -0.00957734
36.15 -0.0139593 -0.00977356
36.2 -0.0138825 -0.00995673
36.25 -0.013796 -0.0101271
36.3 -0.0137002 -0.0102849
36.35 -0.0135953 -0.0104304
36.4 -0.0134817 -0.0105638
36.45 -0.0133597 -0.0106855
36.5 -0.0132294 -0.0107955
36.55 -0.0130913 -0.0108943
36.6 -0.0129456 -0.010982
36.65 -0.0127926 -0.0110589
36.7 -0.0126325 -0.0111252
36.75 -0.0124657 -0.0111812
36.8 -0.0122925 -0.0112272
36.85 -0.012113 -0.0112633
36.9 -0.0119277 -0.0112898
36.95 -0.0117367 -0.011307
37 -0.0115403 -0.0113151
37.05 -0.0113389 -0.0113143
37.1 -0.0111326 -0.0113049
37.15 -0.0109217 -0.0112872
37.2 -0.0107066 -0.0112613
37.25 -0.0104874 -0.0112274
37.3 -0.0102644 -0.011186
37.35 -0.0100379 -0.011137
37.4 -0.00980803 -0.0110809
37.45 -0.00957516 -0.0110178
37.5 -0.00933949 -0.010948
37.55 -0.00910127 -0.0108716
37.6 -0.00886073 -0.0107889
37.65 -0.00861811 -0.0107002
37.7 -0.00837363 -0.0106056
37.75 -0.00812753 -0.0105054
37.8 -0.00788003 -0.0103998
37.85 -0.00763135 -0.0102889
37.9 -0.0073817 -0.0101731
37.95 -0.00713131 -0.0100525
38 -0.00688038 -0.00992727
38.05 -0.00662913 -0.00979771
38.1 -0.00637774 -0.00966399
38.15 -0.00612643 -0.00952631
38.2 -0.00587538 -0.00938486
38.25 -0.00562479 -0.00923985
38.3 -0.00537485 -0.00909146
38.35 -0.00512575 -0.00893988
38.4 -0.00487765 -0.00878531
38.45 -0.00463075 -0.00862793
38.5 -0.0043852 -0.00846793
38.55 -0.00414118 -0.00830548
38.6 -0.00389885 -0.00814075
38.65 -0.00365838 -0.00797394
38.7 -0.00341992 -0.0078052
38.75 -0.00318361 -0.00763471
38.8 -0.00294962 -0.00746264
38.85 -0.00271808 -0.00728914
38.9 -0.00248913 -0.00711438
38.95 -0.00226291 -0.00693852
39 -0.00203955 -0.00676171
39.05 -0.00181917 -0.0065841
39.1 -0.0016019 -0.00640584
39.15 -0.00138787 -0.00622708
39.2 -0.00117717 -0.00604796
39.25 -0.000969932 -0.00586862
39.3 -0.000766251 -0.0056892
39.35 -0.000566232 -0.00550984
39.4 -0.000369974 -0.00533065
39.45 -0.00017757 -0.00515178
39.5 1.08901e-05 -0.00497334
39.55 0.00019532 -0.00479546
39.6 0.000375639 -0.00461825
39.65 0.000551769 -0.00444184
39.7 0.000723636 -0.00426633
39.75 0.000891172 -0.00409183
39.8 0.00105431 -0.00391846
39.85 0.00121299 -0.00374631
39.9 0.00136716 -0.00357549
39.95 0.00151675 -0.00340609
40 0.00166173 -0.0032382
40.05 0.00180204 -0.00307192
40.1 0.00193765 -0.00290734
40.15 0.00206851 -0.00274454
40.2 0.0021946 -0.0025836
40.25 0.00231587 -0.00242461
40.3 0.00243232 -0.00226764
40.35 0.0025439 -0.00211276
40.4 0.00265061 -0.00196005
40.45 0.00275243 -0.00180956
40.5 0.00284934 -0.00166137
40.55 0.00294134 -0.00151554
40.6 0.00302842 -0.00137213
40.65 0.00311059 -0.00123119
40.7 0.00318783 -0.00109278
40.75 0.00326017 -0.000956942
40.8 0.0033276 -0.000823731
40.85 0.00339013 -0.000693189
40.9 0.0034478 -0.00056536
40.95 0.0035006 -0.000440283
41 0.00354856 -0.000317994
41.05 0.00359172 -0.000198529
41.1 0.00363008 -8.19183e-05
41.15 0.00366369 3.18081e-05
41.2 0.00369258 0.000142624
41.25 0.00371677 0.000250505
41.3 0.00373632 0.000355429
41.35 0.00375126 0.000457378
41.4 0.00376164 0.000556334
41.45 0.0037675 0.000652284
41.5 0.00376889 0.000745214
41.55 0.00376586 0.000835116
41.6 0.00375846 0.000921982
41.65 0.00374676 0.00100581
41.7 0.00373081 0.00108659
41.75 0.00371067 0.00116432
41.8 0.0036864 0.00123901
41.85 0.00365807 0.00131066
41.9 0.00362575 0.00137927
41.95 0.00358949 0.00144486
42 0.00354938 0.00150742
42.05 0.00350548 0.00156698
42.1 0.00345787 0.00162355
42.15 0.00340663 0.00167713
42.2 0.00335183 0.00172775
42.25 0.00329354 0.00177543
42.3 0.00323186 0.00182018
42.35 0.00316686 0.00186203
42.4 0.00309862 0.001901
42.45 0.00302723 0.00193711
42.5 0.00295277 0.0019704
42.55 0.00287533 0.00200089
42.6 0.002795 0.00202861
42.65 0.00271186 0.00205359
42.7 0.002626 0.00207586
42.75 0.00253752 0.00209546
42.8 0.0024465 0.00211242
42.85 0.00235304 0.00212678
42.9 0.00225723 0.00213858
42.95 0.00215916 0.00214785
43 0.00205892 0.00215463
43.05 0.00195662 0.00215897
43.1 0.00185233 0.0021609
43.15 0.00174616 0.00216047
43.2 0.0016382 0.00215773
43.25 0.00152855 0.00215271
43.3 0.00141729 0.00214546
43.35 0.00130454 0.00213604
43.4 0.00119037 0.00212447
43.45 0.0010749 0.00211082
43.5 0.000958199 0.00209513
43.55 0.000840378 0.00207745
43.6 0.000721528 0.00205783
43.65 0.000601743 0.00203632
43.7 0.000481117 0.00201298
43.75 0.000359743 0.00198784
43.8 0.000237715 0.00196096
43.85 0.000115126 0.0019324
43.9 -7.93346e-06 0.00190221
43.95 -0.000131371 0.00187044
44 -0.000255096 0.00183713
44.05 -0.000379017 0.00180236
44.1 -0.000503047 0.00176616
44.15 -0.000627096 0.0017286
44.2 -0.000751077 0.00168972
44.25 -0.000874902 0.00164958
44.3 -0.000998487 0.00160823
44.35 -0.00112174 0.00156574
44.4 -0.00124459 0.00152214
44.45 -0.00136695 0.00147749
44.5 -0.00148873 0.00143186
44.55 -0.00160986 0.00138528
44.6 -0.00173025 0.00133782
44.65 -0.00184983 0.00128953
44.7 -0.00196852 0.00124045
44.75 -0.00208625 0.00119065
44.8 -0.00220294 0.00114018
44.85 -0.00231852 0.00108908
44.9 -0.00243291 0.00103741
44.95 -0.00254605 0.000985226
45 -0.00265787 0.000932569
45.05 -0.0027683 0.000879495
45.1 -0.00287728 0.000826052
45.15 -0.00298474 0.000772291
45.2 -0.00309062 0.00071826
45.25 -0.00319486 0.000664008
45.3 -0.0032974 0.000609584
45.35 -0.00339819 0.000555033
45.4 -0.00349716 0.000500404
45.45 -0.00359426 0.000445743
45.5 -0.00368944 0.000391094
45.55 -0.00378266 0.000336503
45.6 -0.00387385 0.000282014
45.65 -0.00396298 0.000227671
45.7 -0.00404999 0.000173516
45.75 -0.00413485 0.000119591
45.8 -0.00421751 6.59383e-05
45.85 -0.00429794 1.25974e-05
45.9 -0.00437608 -4.03918e-05
45.95 -0.00445192 -9.29903e-05
46 -0.00452541 -0.00014516
46.05 -0.00459651 -0.000196864
46.1 -0.00466521 -0.000248065
46.15 -0.00473147 -0.000298728
46.2 -0.00479526 -0.000348819
46.25 -0.00485655 -0.000398304
46.3 -0.00491533 -0.000447149
46.35 -0.00497157 -0.000495323
46.4 -0.00502525 -0.000542794
46.45 -0.00507635 -0.000589533
46.5 -0.00512487 -0.000635511
46.55 -0.00517077 -0.000680699
46.6 -0.00521405 -0.000725069
46.65 -0.0052547 -0.000768596
46.7 -0.00529271 -0.000811254
46.75 -0.00532807 -0.000853018
46.8 -0.00536078 -0.000893866
46.85 -0.00539082 -0.000933773
46.9 -0.00541821 -0.00097272
46.95 -0.00544294 -0.00101069
47 -0.00546501 -0.00104765
47.05 -0.00548442 -0.00108359
47.1 -0.00550118 -0.0011185
47.15 -0.00551529 -0.00115235
47.2 -0.00552677 -0.00118513
47.25 -0.00553562 -0.00121683
47.3 -0.00554185 -0.00124743
47.35 -0.00554548 -0.00127691
47.4 -0.00554652 -0.00130528
47.45 -0.00554499 -0.00133251
47.5 -0.0055409 -0.00135859
47.55 -0.00553427 -0.00138352
47.6 -0.00552513 -0.00140729
47.65 -0.00551349 -0.00142989
47.7 -0.00549938 -0.00145132
47.75 -0.00548282 -0.00147157
47.8 -0.00546384 -0.00149063
47.85 -0.00544247 -0.00150851
47.9 -0.00541873 -0.00152519
47.95 -0.00539266 -0.00154068
48 -0.00536428 -0.00155498
48.05 -0.00533363 -0.00156809
48.1 -0.00530074 -0.00158
48.15 -0.00526565 -0.00159073
48.2 -0.00522839 -0.00160027
48.25 -0.005189 -0.00160862
48.3 -0.00514752 -0.00161579
48.35 -0.00510399 -0.00162179
48.4 -0.00505844 -0.00162662
48.45 -0.00501092 -0.00163029
48.5 -0.00496146 -0.0016328
48.55 -0.00491013 -0.00163417
48.6 -0.00485694 -0.0016344
48.65 -0.00480196 -0.0016335
48.7 -0.00474522 -0.00163148
48.75 -0.00468678 -0.00162835
48.8 -0.00462667 -0.00162413
48.85 -0.00456495 -0.00161883
48.9 -0.00450167 -0.00161245
48.95 -0.00443687 -0.00160502
49 -0.0043706 -0.00159655
49.05 -0.00430291 -0.00158705
49.1 -0.00423386 -0.00157653
49.15 -0.00416349 -0.00156502
49.2 -0.00409185 -0.00155253
49.25 -0.00401901 -0.00153908
49.3 -0.003945 -0.00152468
49.35 -0.00386988 -0.00150936
49.4 -0.00379371 -0.00149312
49.45 -0.00371653 -0.001476
49.5 -0.00363841 -0.001458
49.55 -0.00355939 -0.00143916
49.6 -0.00347952 -0.00141948
49.65 -0.00339887 -0.00139899
49.7 -0.00331748 -0.00137772
49.75 -0.00323542 -0.00135567
49.8 -0.00315272 -0.00133288
49.85 -0.00306945 -0.00130937
49.9 -0.00298566 -0.00128515
49.95 -0.00290141 -0.00126026
50 -0.00281674 -0.00123471
