-0.498 -0.000402177 -0.000128456
-0.496 -0.00161571 -0.000516356
-0.494 -0.00365049 -0.00116711
-0.492 -0.00651551 -0.00208359
-0.49 -0.0102188 -0.00326806
-0.488 -0.0147676 -0.00472213
-0.486 -0.0201677 -0.00644675
-0.484 -0.0264242 -0.00844214
-0.482 -0.0335407 -0.0107078
-0.48 -0.0415199 -0.0132423
-0.478 -0.0503629 -0.0160434
-0.476 -0.0600698 -0.0191082
-0.474 -0.0706392 -0.0224327
-0.472 -0.0820684 -0.0260118
-0.47 -0.0943531 -0.0298398
-0.468 -0.107488 -0.0339098
-0.466 -0.121465 -0.0382139
-0.464 -0.136276 -0.0427431
-0.462 -0.151912 -0.0474874
-0.46 -0.168359 -0.0524358
-0.458 -0.185605 -0.0575762
-0.456 -0.203635 -0.0628954
-0.454 -0.222432 -0.0683789
-0.452 -0.241977 -0.0740115
-0.45 -0.262252 -0.0797766
-0.448 -0.283235 -0.0856567
-0.446 -0.304902 -0.0916332
-0.444 -0.327228 -0.0976865
-0.442 -0.350188 -0.103796
-0.44 -0.373754 -0.10994
-0.438 -0.397895 -0.116095
-0.436 -0.42258 -0.12224
-0.434 -0.447778 -0.128348
-0.432 -0.473452 -0.134394
-0.43 -0.499569 -0.140354
-0.428 -0.52609 -0.146199
-0.426 -0.552976 -0.151904
-0.424 -0.580188 -0.157438
-0.422 -0.607684 -0.162775
-0.42 -0.635421 -0.167886
-0.418 -0.663355 -0.17274
-0.416 -0.691441 -0.177308
-0.414 -0.719631 -0.18156
-0.412 -0.747879 -0.185467
-0.41 -0.776135 -0.188998
-0.408 -0.804349 -0.192124
-0.406 -0.832472 -0.194814
-0.404 -0.86045 -0.197039
-0.402 -0.888233 -0.19877
-0.4 -0.915765 -0.199977
-0.398 -0.942995 -0.200634
-0.396 -0.969867 -0.200711
-0.394 -0.996326 -0.200182
-0.392 -1.02232 -0.199022
-0.39 -1.04778 -0.197205
-0.388 -1.07267 -0.194708
-0.386 -1.09692 -0.191506
-0.384 -1.12048 -0.18758
-0.382 -1.14329 -0.182908
-0.38 -1.1653 -0.177472
-0.378 -1.18645 -0.171255
-0.376 -1.20668 -0.16424
-0.374 -1.22594 -0.156415
-0.372 -1.24418 -0.147766
-0.37 -1.26134 -0.138284
-0.368 -1.27736 -0.12796
-0.366 -1.2922 -0.116787
-0.364 -1.3058 -0.104761
-0.362 -1.31812 -0.0918795
-0.36 -1.3291 -0.0781423
-0.358 -1.3387 -0.0635511
-0.356 -1.34686 -0.0481098
-0.354 -1.35355 -0.0318245
-0.352 -1.35871 -0.0147036
-0.35 -1.36231 0.00324253
-0.348 -1.36431 0.0220012
-0.346 -1.36466 0.0415576
-0.344 -1.36332 0.0618948
-0.342 -1.36027 0.0829938
-0.34 -1.35547 0.104834
-0.338 -1.34888 0.127391
-0.336 -1.34048 0.150641
-0.334 -1.33023 0.174557
-0.332 -1.31811 0.19911
-0.33 -1.3041 0.224269
-0.328 -1.28817 0.250004
-0.326 -1.27031 0.276279
-0.324 -1.25049 0.30306
-0.322 -1.22871 0.330312
-0.32 -1.20494 0.357995
-0.318 -1.17917 0.386073
-0.316 -1.1514 0.414505
-0.314 -1.12162 0.443251
-0.312 -1.08982 0.47227
-0.31 -1.056 0.501521
-0.308 -1.02015 0.530963
-0.306 -0.982282 0.560552
-0.304 -0.942389 0.590247
-0.302 -0.900478 0.620006
-0.3 -0.856551 0.649787
-0.298 -0.810617 0.679548
-0.296 -0.762682 0.70925
-0.294 -0.712755 0.738852
-0.292 -0.660847 0.768314
-0.29 -0.606968 0.797599
-0.288 -0.551131 0.826669
-0.286 -0.493349 0.855489
-0.284 -0.433635 0.884024
-0.282 -0.372004 0.912242
-0.28 -0.308471 0.940112
-0.278 -0.243049 0.967604
-0.276 -0.175755 0.994692
-0.274 -0.106605 1.02135
-0.272 -0.035612 1.04756
-0.27 0.0372073 1.07329
-0.268 0.111838 1.09853
-0.266 0.188267 1.12326
-0.264 0.266479 1.14748
-0.262 0.346461 1.17116
-0.26 0.428202 1.1943
-0.258 0.511688 1.2169
-0.256 0.596909 1.23896
-0.254 0.683857 1.26047
-0.252 0.772521 1.28144
-0.25 0.862895 1.30187
-0.248 0.954973 1.32177
-0.246 1.04875 1.34116
-0.244 1.14422 1.36005
-0.242 1.24139 1.37846
-0.24 1.34024 1.3964
-0.238 1.44079 1.4139
-0.236 1.54304 1.43099
-0.234 1.64699 1.4477
-0.232 1.75264 1.46405
-0.23 1.86 1.48008
-0.228 1.96909 1.49583
-0.226 2.0799 1.51133
-0.224 2.19245 1.52662
-0.222 2.30676 1.54175
-0.22 2.42284 1.55676
-0.218 2.54069 1.5717
-0.216 2.66035 1.58661
-0.214 2.78182 1.60155
-0.212 2.90512 1.61657
-0.21 3.03027 1.63172
-0.208 3.1573 1.64706
-0.206 3.28622 1.66263
-0.204 3.41705 1.67851
-0.202 3.54982 1.69473
-0.2 3.68455 1.71137
-0.198 3.82126 1.72848
-0.196 3.95997 1.74612
-0.194 4.10071 1.76435
-0.192 4.24349 1.78323
-0.19 4.38835 1.80282
-0.188 4.53529 1.82317
-0.186 4.68436 1.84435
-0.184 4.83555 1.86642
-0.182 4.98891 1.88942
-0.18 5.14444 1.91343
-0.178 5.30216 1.9385
-0.176 5.4621 1.96467
-0.174 5.62426 1.99201
-0.172 5.78867 2.02057
-0.17 5.95534 2.0504
-0.168 6.12428 2.08155
-0.166 6.2955 2.11406
-0.164 6.46902 2.14799
-0.162 6.64484 2.18338
-0.16 6.82297 2.22026
-0.158 7.0034 2.25869
-0.156 7.18616 2.29869
-0.154 7.37123 2.34031
-0.152 7.55861 2.38357
-0.15 7.74831 2.4285
-0.148 7.94031 2.47514
-0.146 8.1346 2.5235
-0.144 8.33118 2.57361
-0.142 8.53004 2.62549
-0.14 8.73116 2.67915
-0.138 8.93451 2.7346
-0.136 9.14009 2.79186
-0.134 9.34786 2.85092
-0.132 9.55781 2.91179
-0.13 9.7699 2.97447
-0.128 9.98411 3.03896
-0.126 10.2004 3.10524
-0.124 10.4187 3.17331
-0.122 10.639 3.24314
-0.12 10.8613 3.31472
-0.118 11.0855 3.38802
-0.116 11.3116 3.46302
-0.114 11.5394 3.53968
-0.112 11.769 3.61798
-0.11 12.0003 3.69786
-0.108 12.2333 3.7793
-0.106 12.4678 3.86223
-0.104 12.7037 3.94662
-0.102 12.9411 4.0324
-0.1 13.1799 4.11953
-0.098 13.4199 4.20792
-0.096 13.661 4.29753
-0.094 13.9032 4.38828
-0.092 14.1464 4.48009
-0.09 14.3905 4.5729
-0.088 14.6353 4.66661
-0.086 14.8808 4.76114
-0.084 15.1269 4.8564
-0.082 15.3734 4.95231
-0.08 15.6201 5.04876
-0.078 15.8671 5.14566
-0.076 16.1141 5.24291
-0.074 16.3609 5.3404
-0.072 16.6075 5.43802
-0.07 16.8538 5.53566
-0.068 17.0994 5.63321
-0.066 17.3443 5.73055
-0.064 17.5884 5.82756
-0.062 17.8313 5.92412
-0.06 18.0731 6.02011
-0.058 18.3134 6.1154
-0.056 18.552 6.20987
-0.054 18.7889 6.30338
-0.052 19.0238 6.39582
-0.05 19.2564 6.48703
-0.048 19.4866 6.5769
-0.046 19.7142 6.6653
-0.044 19.9389 6.75208
-0.042 20.1605 6.83711
-0.04 20.3788 6.92027
-0.038 20.5936 7.00141
-0.036 20.8046 7.08042
-0.034 21.0116 7.15715
-0.032 21.2143 7.23147
-0.03 21.4126 7.30327
-0.028 21.6061 7.37241
-0.026 21.7946 7.43877
-0.024 21.9779 7.50222
-0.022 22.1557 7.56266
-0.02 22.3278 7.61996
-0.018 22.4939 7.67401
-0.016 22.6538 7.7247
-0.014 22.8073 7.77194
-0.012 22.954 7.81561
-0.01 23.0938 7.85563
-0.008 23.2265 7.89191
-0.006 23.3518 7.92436
-0.004 23.4694 7.9529
-0.002 23.5792 7.97746
0 23.681 7.99798
0.002 23.7744 8.01439
0.004 23.8594 8.02664
0.006 23.9357 8.03468
0.008 24.0032 8.03848
0.01 24.0617 8.03799
0.012 24.111 8.0332
0.014 24.151 8.02408
0.016 24.1816 8.01063
0.018 24.2025 7.99285
0.02 24.2138 7.97075
0.022 24.2152 7.94432
0.024 24.2067 7.91361
0.026 24.1883 7.87863
0.028 24.1597 7.83944
0.03 24.1211 7.79606
0.032 24.0723 7.74856
0.034 24.0133 7.69699
0.036 23.9441 7.64143
0.038 23.8647 7.58196
0.04 23.7751 7.51865
0.042 23.6754 7.45159
0.044 23.5656 7.38089
0.046 23.4457 7.30665
0.048 23.3158 7.22897
0.05 23.1761 7.14798
0.052 23.0265 7.06379
0.054 22.8672 6.97653
0.056 22.6984 6.88634
0.058 22.5202 6.79336
0.06 22.3327 6.69771
0.062 22.1362 6.59956
0.064 21.9307 6.49904
0.066 21.7164 6.39631
0.068 21.4937 6.29153
0.07 21.2626 6.18484
0.072 21.0234 6.07641
0.074 20.7764 5.9664
0.076 20.5217 5.85498
0.078 20.2597 5.74229
0.08 19.9905 5.6285
0.082 19.7145 5.51379
0.084 19.4319 5.39829
0.086 19.143 5.28218
0.088 18.8481 5.16562
0.09 18.5475 5.04875
0.092 18.2414 4.93175
0.094 17.9302 4.81474
0.096 17.6142 4.69789
0.098 17.2938 4.58135
0.1 16.9691 4.46524
0.102 16.6405 4.34972
0.104 16.3083 4.23491
0.106 15.9729 4.12095
0.108 15.6346 4.00796
0.11 15.2936 3.89606
0.112 14.9504 3.78536
0.114 14.6051 3.67598
0.116 14.2582 3.56802
0.118 13.9099 3.46157
0.12 13.5606 3.35674
0.122 13.2105 3.25361
0.124 12.86 3.15225
0.126 12.5093 3.05276
0.128 12.1588 2.95518
0.13 11.8088 2.8596
0.132 11.4595 2.76606
0.134 11.1112 2.67462
0.136 10.7642 2.58533
0.138 10.4188 2.49821
0.14 10.0752 2.41332
0.142 9.73367 2.33066
0.144 9.39452 2.25027
0.146 9.05796 2.17217
0.148 8.72424 2.09635
0.15 8.39359 2.02284
0.152 8.06622 1.95162
0.154 7.74237 1.8827
0.156 7.42224 1.81607
0.158 7.10602 1.7517
0.16 6.79393 1.68958
0.162 6.48613 1.62969
0.164 6.18281 1.572
0.166 5.88414 1.51648
0.168 5.59028 1.46309
0.17 5.30138 1.41179
0.172 5.01758 1.36255
0.174 4.73903 1.31531
0.176 4.46583 1.27003
0.178 4.19812 1.22666
0.18 3.93601 1.18514
0.182 3.67958 1.14542
0.184 3.42893 1.10744
0.186 3.18415 1.07114
0.188 2.9453 1.03647
0.19 2.71245 1.00335
0.192 2.48566 0.971726
0.194 2.26497 0.941535
0.196 2.05042 0.912712
0.198 1.84205 0.88519
0.2 1.63987 0.858904
0.202 1.4439 0.833789
0.204 1.25414 0.809779
0.206 1.07059 0.78681
0.208 0.893235 0.764816
0.21 0.722063 0.743735
0.212 0.557045 0.723502
0.214 0.398148 0.704057
0.216 0.245331 0.685337
0.218 0.0985466 0.667284
0.22 -0.0422596 0.649839
0.222 -0.177149 0.632946
0.224 -0.306188 0.616549
0.226 -0.429452 0.600596
0.228 -0.547018 0.585034
0.23 -0.658972 0.569816
0.232 -0.765405 0.554893
0.234 -0.866412 0.540221
0.236 -0.962092 0.525756
0.238 -1.05255 0.511458
0.24 -1.1379 0.497289
0.242 -1.21824 0.483213
0.244 -1.2937 0.469196
0.246 -1.3644 0.455207
0.248 -1.43045 0.441217
0.25 -1.49199 0.427201
0.252 -1.54913 0.413135
0.254 -1.60202 0.398997
0.256 -1.65078 0.384769
0.258 -1.69554 0.370435
0.26 -1.73644 0.355981
0.262 -1.77361 0.341395
0.264 -1.80718 0.326669
0.266 -1.8373 0.311796
0.268 -1.86409 0.296771
0.27 -1.88769 0.281593
0.272 -1.90823 0.266261
0.274 -1.92585 0.250777
0.276 -1.94067 0.235146
0.278 -1.95284 0.219374
0.28 -1.96246 0.203469
0.282 -1.96968 0.187441
0.284 -1.97461 0.171301
0.286 -1.97738 0.155063
0.288 -1.9781 0.138741
0.29 -1.97689 0.122352
0.292 -1.97387 0.105913
0.294 -1.96913 0.0894427
0.296 -1.9628 0.0729617
0.298 -1.95496 0.0564908
0.3 -1.94573 0.0400518
0.302 -1.93519 0.0236674
0.304 -1.92345 0.00736114
0.306 -1.91057 -0.00884302
0.308 -1.89666 -0.0249205
0.31 -1.88179 -0.0408465
0.312 -1.86604 -0.0565959
0.314 -1.84948 -0.0721432
0.316 -1.83217 -0.0874633
0.318 -1.81419 -0.102531
0.32 -1.7956 -0.117321
0.322 -1.77645 -0.131808
0.324 -1.75679 -0.145968
0.326 -1.73667 -0.159778
0.328 -1.71615 -0.173213
0.33 -1.69526 -0.186251
0.332 -1.67404 -0.19887
0.334 -1.65253 -0.211049
0.336 -1.63076 -0.222768
0.338 -1.60876 -0.234007
0.34 -1.58656 -0.244749
0.342 -1.56417 -0.254975
0.344 -1.54163 -0.264672
0.346 -1.51894 -0.273823
0.348 -1.49613 -0.282416
0.35 -1.4732 -0.290439
0.352 -1.45017 -0.297882
0.354 -1.42706 -0.304735
0.356 -1.40386 -0.310991
0.358 -1.38058 -0.316644
0.36 -1.35723 -0.321689
0.362 -1.33381 -0.326123
0.364 -1.31033 -0.329946
0.366 -1.28678 -0.333156
0.368 -1.26317 -0.335756
0.37 -1.2395 -0.337749
0.372 -1.21576 -0.339139
0.374 -1.19196 -0.339933
0.376 -1.1681 -0.340138
0.378 -1.14417 -0.339764
0.38 -1.12017 -0.33882
0.382 -1.0961 -0.337319
0.384 -1.07197 -0.335275
0.386 -1.04776 -0.332701
0.388 -1.02349 -0.329613
0.39 -0.999156 -0.326028
0.392 -0.974756 -0.321965
0.394 -0.950294 -0.317442
0.396 -0.925775 -0.31248
0.398 -0.901202 -0.307099
0.4 -0.876581 -0.301321
0.402 -0.85192 -0.295168
0.404 -0.827226 -0.288665
0.406 -0.802507 -0.281836
0.408 -0.777774 -0.274703
0.41 -0.753038 -0.267293
0.412 -0.728313 -0.25963
0.414 -0.70361 -0.251741
0.416 -0.678947 -0.243651
0.418 -0.654338 -0.235385
0.42 -0.629802 -0.22697
0.422 -0.605357 -0.218432
0.424 -0.581022 -0.209797
0.426 -0.55682 -0.201089
0.428 -0.532771 -0.192335
0.43 -0.508899 -0.183559
0.432 -0.485228 -0.174785
0.434 -0.461784 -0.166039
0.436 -0.438591 -0.157343
0.438 -0.415677 -0.14872
0.44 -0.393069 -0.140193
0.442 -0.370796 -0.131782
0.444 -0.348885 -0.123509
0.446 -0.327367 -0.115393
0.448 -0.306271 -0.107454
0.45 -0.285627 -0.0997079
0.452 -0.265466 -0.0921732
0.454 -0.245817 -0.0848655
0.456 -0.226711 -0.0777997
0.458 -0.208179 -0.0709897
0.46 -0.19025 -0.0644482
0.462 -0.172956 -0.058187
0.464 -0.156326 -0.0522165
0.466 -0.140389 -0.0465461
0.468 -0.125173 -0.0411843
0.47 -0.110708 -0.0361382
0.472 -0.0970212 -0.0314139
0.474 -0.0841384 -0.0270163
0.476 -0.0720859 -0.0229495
0.478 -0.0608885 -0.0192161
0.48 -0.0505698 -0.015818
0.482 -0.0411526 -0.0127561
0.484 -0.032658 -0.01003
0.486 -0.0251061 -0.00763877
0.488 -0.0185154 -0.00558024
0.49 -0.012903 -0.00385155
0.492 -0.00828447 -0.002449
0.494 -0.00467359 -0.00136809
0.496 -0.00208258 -0.00060363
0.498 -0.000521846 -0.000149758
0.05 10.9122 3.86902
0.1 10.9122 3.86889
0.15 10.9122 3.86868
0.2 10.9123 3.86838
0.25 10.9123 3.86799
0.3 10.9124 3.86752
0.35 10.9125 3.86697
0.4 10.9126 3.86633
0.45 10.9127 3.8656
0.5 10.9128 3.86479
0.55 10.9129 3.8639
0.6 10.913 3.86291
0.65 10.9132 3.86185
0.7 10.9133 3.86069
0.75 10.9135 3.85945
0.8 10.9137 3.85813
0.85 10.9138 3.85672
0.9 10.914 3.85522
0.95 10.9142 3.85364
1 10.9143 3.85197
1.05 10.9145 3.85022
1.1 10.9147 3.84838
1.15 10.9148 3.84646
1.2 10.915 3.84444
1.25 10.9151 3.84235
1.3 10.9153 3.84016
1.35 10.9154 3.83789
1.4 10.9155 3.83554
1.45 10.9156 3.83309
1.5 10.9157 3.83056
1.55 10.9158 3.82795
1.6 10.9158 3.82524
1.65 10.9158 3.82246
1.7 10.9158 3.81958
1.75 10.9158 3.81662
1.8 10.9158 3.81357
1.85 10.9157 3.81043
1.9 10.9155 3.80721
1.95 10.9154 3.8039
2 10.9152 3.8005
2.05 10.9149 3.79701
2.1 10.9147 3.79344
2.15 10.9143 3.78978
2.2 10.9139 3.78603
2.25 10.9135 3.7822
2.3 10.913 3.77827
2.35 10.9125 3.77426
2.4 10.9119 3.77016
2.45 10.9112 3.76598
2.5 10.9105 3.7617
2.55 10.9096 3.75734
2.6 10.9088 3.75289
2.65 10.9078 3.74835
2.7 10.9068 3.74373
2.75 10.9056 3.73901
2.8 10.9044 3.73421
2.85 10.9031 3.72932
2.9 10.9017 3.72434
2.95 10.9003 3.71927
3 10.8987 3.71411
3.05 10.897 3.70887
3.1 10.8952 3.70353
3.15 10.8933 3.69811
3.2 10.8913 3.6926
3.25 10.8892 3.687
3.3 10.8869 3.68131
3.35 10.8845 3.67553
3.4 10.882 3.66967
3.45 10.8794 3.66372
3.5 10.8766 3.65767
3.55 10.8737 3.65154
3.6 10.8707 3.64532
3.65 10.8675 3.63901
3.7 10.8642 3.63262
3.75 10.8607 3.62613
3.8 10.8571 3.61956
3.85 10.8533 3.6129
3.9 10.8493 3.60615
3.95 10.8452 3.59931
4 10.8409 3.59238
4.05 10.8364 3.58537
4.1 10.8318 3.57827
4.15 10.827 3.57107
4.2 10.8219 3.5638
4.25 10.8168 3.55643
4.3 10.8114 3.54898
4.35 10.8058 3.54144
4.4 10.8 3.53381
4.45 10.794 3.52609
4.5 10.7878 3.51829
4.55 10.7814 3.5104
4.6 10.7748 3.50242
4.65 10.768 3.49436
4.7 10.761 3.48621
4.75 10.7537 3.47798
4.8 10.7462 3.46966
4.85 10.7385 3.46125
4.9 10.7306 3.45276
4.95 10.7224 3.44419
5 10.7139 3.43552
5.05 10.7053 3.42678
5.1 10.6964 3.41795
5.15 10.6872 3.40903
5.2 10.6778 3.40004
5.25 10.6681 3.39096
5.3 10.6582 3.38179
5.35 10.648 3.37255
5.4 10.6376 3.36322
5.45 10.6268 3.35381
5.5 10.6159 3.34431
5.55 10.6046 3.33474
5.6 10.5931 3.32509
5.65 10.5812 3.31535
5.7 10.5691 3.30554
5.75 10.5568 3.29564
5.8 10.5441 3.28567
5.85 10.5311 3.27562
5.9 10.5179 3.26549
5.95 10.5044 3.25528
6 10.4905 3.24499
6.05 10.4764 3.23463
6.1 10.4619 3.2242
6.15 10.4472 3.21368
6.2 10.4322 3.2031
6.25 10.4168 3.19243
6.3 10.4011 3.1817
6.35 10.3852 3.17089
6.4 10.3689 3.16001
6.45 10.3523 3.14906
6.5 10.3353 3.13803
6.55 10.3181 3.12694
6.6 10.3005 3.11577
6.65 10.2827 3.10454
6.7 10.2645 3.09323
6.75 10.2459 3.08186
6.8 10.2271 3.07042
6.85 10.2079 3.05892
6.9 10.1884 3.04735
6.95 10.1685 3.03571
7 10.1483 3.02402
7.05 10.1278 3.01225
7.1 10.107 3.00043
7.15 10.0858 2.98854
7.2 10.0643 2.97659
7.25 10.0424 2.96459
7.3 10.0203 2.95252
7.35 9.99773 2.94039
7.4 9.97487 2.92821
7.45 9.95167 2.91597
7.5 9.92813 2.90368
7.55 9.90426 2.89133
7.6 9.88004 2.87892
7.65 9.85549 2.86647
7.7 9.83059 2.85396
7.75 9.80536 2.8414
7.8 9.77979 2.82879
7.85 9.75388 2.81613
7.9 9.72763 2.80343
7.95 9.70104 2.79068
8 9.67412 2.77788
8.05 9.64686 2.76503
8.1 9.61926 2.75215
8.15 9.59133 2.73922
8.2 9.56306 2.72624
8.25 9.53445 2.71323
8.3 9.50552 2.70018
8.35 9.47625 2.68709
8.4 9.44665 2.67396
8.45 9.41672 2.6608
8.5 9.38646 2.6476
8.55 9.35588 2.63437
8.6 9.32497 2.6211
8.65 9.29373 2.60781
8.7 9.26217 2.59448
8.75 9.23029 2.58112
8.8 9.19809 2.56774
8.85 9.16558 2.55433
8.9 9.13274 2.54089
8.95 9.0996 2.52743
9 9.06614 2.51394
9.05 9.03237 2.50044
9.1 8.99829 2.48691
9.15 8.96391 2.47336
9.2 8.92923 2.4598
9.25 8.89424 2.44622
9.3 8.85896 2.43262
9.35 8.82338 2.419
9.4 8.78751 2.40538
9.45 8.75135 2.39174
9.5 8.7149 2.37809
9.55 8.67817 2.36444
9.6 8.64115 2.35077
9.65 8.60386 2.3371
9.7 8.56629 2.32342
9.75 8.52845 2.30974
9.8 8.49034 2.29605
9.85 8.45196 2.28237
9.9 8.41332 2.26868
9.95 8.37442 2.25499
10 8.33526 2.24131
10.05 8.29586 2.22763
10.1 8.2562 2.21396
10.15 8.2163 2.20029
10.2 8.17615 2.18663
10.25 8.13577 2.17297
10.3 8.09516 2.15933
10.35 8.05431 2.1457
10.4 8.01324 2.13208
10.45 7.97195 2.11848
10.5 7.93044 2.10489
10.55 7.88871 2.09132
10.6 7.84677 2.07777
10.65 7.80463 2.06424
10.7 7.76229 2.05072
10.75 7.71975 2.03723
10.8 7.67701 2.02376
10.85 7.63409 2.01032
10.9 7.59098 1.9969
10.95 7.54769 1.98351
11 7.50423 1.97015
11.05 7.4606 1.95682
11.1 7.4168 1.94352
11.15 7.37284 1.93025
11.2 7.32872 1.91702
11.25 7.28445 1.90382
11.3 7.24003 1.89065
11.35 7.19547 1.87753
11.4 7.15077 1.86444
11.45 7.10593 1.85139
11.5 7.06097 1.83838
11.55 7.01588 1.82542
11.6 6.97068 1.8125
11.65 6.92536 1.79962
11.7 6.87993 1.78679
11.75 6.8344 1.774
11.8 6.78877 1.76127
11.85 6.74304 1.74858
11.9 6.69723 1.73594
11.95 6.65133 1.72336
12 6.60535 1.71082
12.05 6.55929 1.69834
12.1 6.51317 1.68592
12.15 6.46699 1.67355
12.2 6.42074 1.66124
12.25 6.37444 1.64898
12.3 6.3281 1.63679
12.35 6.2817 1.62466
12.4 6.23527 1.61258
12.45 6.18881 1.60057
12.5 6.14232 1.58862
12.55 6.0958 1.57674
12.6 6.04927 1.56492
12.65 6.00272 1.55317
12.7 5.95617 1.54148
12.75 5.90961 1.52987
12.8 5.86305 1.51832
12.85 5.8165 1.50684
12.9 5.76997 1.49543
12.95 5.72345 1.48409
13 5.67695 1.47283
13.05 5.63048 1.46163
13.1 5.58404 1.45052
13.15 5.53764 1.43947
13.2 5.49128 1.42851
13.25 5.44497 1.41761
13.3 5.39871 1.4068
13.35 5.3525 1.39606
13.4 5.30636 1.3854
13.45 5.26029 1.37483
13.5 5.21428 1.36433
13.55 5.16835 1.35391
13.6 5.12251 1.34357
13.65 5.07675 1.33331
13.7 5.03107 1.32314
13.75 4.9855 1.31305
13.8 4.94002 1.30304
13.85 4.89465 1.29311
13.9 4.84939 1.28327
13.95 4.80424 1.27352
14 4.7592 1.26385
14.05 4.71429 1.25426
14.1 4.66951 1.24477
14.15 4.62486 1.23536
14.2 4.58034 1.22603
14.25 4.53596 1.2168
14.3 4.49173 1.20765
14.35 4.44764 1.19859
14.4 4.40371 1.18962
14.45 4.35993 1.18073
14.5 4.31631 1.17194
14.55 4.27286 1.16323
14.6 4.22958 1.15462
14.65 4.18646 1.14609
14.7 4.14353 1.13766
14.75 4.10077 1.12931
14.8 4.0582 1.12106
14.85 4.01581 1.11289
14.9 3.97362 1.10482
14.95 3.93162 1.09683
15 3.88982 1.08894
15.05 3.84822 1.08114
15.1 3.80682 1.07342
15.15 3.76563 1.0658
15.2 3.72466 1.05827
15.25 3.6839 1.05083
15.3 3.64336 1.04348
15.35 3.60303 1.03622
15.4 3.56294 1.02905
15.45 3.52307 1.02198
15.5 3.48343 1.01499
15.55 3.44402 1.00809
15.6 3.40485 1.00128
15.65 3.36591 0.994563
15.7 3.32722 0.987934
15.75 3.28877 0.981393
15.8 3.25057 0.974942
15.85 3.21262 0.968579
15.9 3.17492 0.962305
15.95 3.13747 0.956118
16 3.10028 0.95002
16.05 3.06334 0.944008
16.1 3.02667 0.938083
16.15 2.99026 0.932245
16.2 2.95411 0.926493
16.25 2.91823 0.920827
16.3 2.88262 0.915246
16.35 2.84727 0.90975
16.4 2.8122 0.904338
16.45 2.7774 0.89901
16.5 2.74288 0.893765
16.55 2.70863 0.888602
16.6 2.67467 0.883522
16.65 2.64098 0.878524
16.7 2.60757 0.873607
16.75 2.57444 0.86877
16.8 2.5416 0.864013
16.85 2.50904 0.859335
16.9 2.47677 0.854735
16.95 2.44478 0.850213
17 2.41308 0.845769
17.05 2.38167 0.841401
17.1 2.35055 0.837109
17.15 2.31972 0.832892
17.2 2.28918 0.828749
17.25 2.25893 0.824679
17.3 2.22897 0.820683
17.35 2.1993 0.816758
17.4 2.16993 0.812905
17.45 2.14084 0.809122
17.5 2.11206 0.805409
17.55 2.08356 0.801764
17.6 2.05536 0.798187
17.65 2.02745 0.794678
17.7 1.99983 0.791234
17.75 1.97251 0.787856
17.8 1.94548 0.784542
17.85 1.91875 0.781292
17.9 1.89231 0.778105
17.95 1.86616 0.774979
18 1.8403 0.771914
18.05 1.81474 0.768909
18.1 1.78946 0.765962
18.15 1.76448 0.763074
18.2 1.73979 0.760243
18.25 1.71538 0.757467
18.3 1.69127 0.754747
18.35 1.66744 0.752081
18.4 1.64391 0.749468
18.45 1.62065 0.746907
18.5 1.59769 0.744397
18.55 1.57501 0.741937
18.6 1.55261 0.739526
18.65 1.5305 0.737163
18.7 1.50866 0.734847
18.75 1.48711 0.732577
18.8 1.46583 0.730353
18.85 1.44484 0.728172
18.9 1.42412 0.726034
18.95 1.40367 0.723937
19 1.3835 0.721882
19.05 1.36361 0.719866
19.1 1.34398 0.717889
19.15 1.32462 0.71595
19.2 1.30553 0.714047
19.25 1.2867 0.71218
19.3 1.26814 0.710348
19.35 1.24984 0.708548
19.4 1.23181 0.706782
19.45 1.21403 0.705046
19.5 1.19651 0.703341
19.55 1.17924 0.701665
19.6 1.16223 0.700017
19.65 1.14547 0.698396
19.7 1.12896 0.696802
19.75 1.1127 0.695232
19.8 1.09668 0.693687
19.85 1.08091 0.692164
19.9 1.06537 0.690663
19.95 1.05008 0.689184
20 1.03502 0.687724
20.05 1.0202 0.686283
20.1 1.00561 0.684859
20.15 0.991254 0.683453
20.2 0.977125 0.682062
20.25 0.963221 0.680686
20.3 0.94954 0.679324
20.35 0.936082 0.677975
20.4 0.922842 0.676637
20.45 0.909818 0.675311
20.5 0.897009 0.673994
20.55 0.884412 0.672686
20.6 0.872025 0.671386
20.65 0.859844 0.670093
20.7 0.847868 0.668807
20.75 0.836094 0.667525
20.8 0.82452 0.666248
20.85 0.813142 0.664973
20.9 0.80196 0.663702
20.95 0.790969 0.662431
21 0.780169 0.661162
21.05 0.769555 0.659892
21.1 0.759126 0.65862
21.15 0.748879 0.657347
21.2 0.738811 0.656071
21.25 0.72892 0.654792
21.3 0.719204 0.653508
21.35 0.709659 0.652218
21.4 0.700284 0.650923
21.45 0.691075 0.64962
21.5 0.68203 0.64831
21.55 0.673147 0.646992
21.6 0.664423 0.645664
21.65 0.655856 0.644326
21.7 0.647442 0.642978
21.75 0.639179 0.641618
21.8 0.631066 0.640246
21.85 0.623098 0.638862
21.9 0.615274 0.637464
21.95 0.607592 0.636052
22 0.600048 0.634625
22.05 0.59264 0.633183
22.1 0.585366 0.631725
22.15 0.578222 0.63025
22.2 0.571208 0.628758
22.25 0.56432 0.627248
22.3 0.557555 0.62572
22.35 0.550911 0.624173
22.4 0.544387 0.622606
22.45 0.537979 0.62102
22.5 0.531684 0.619413
22.55 0.525502 0.617785
22.6 0.519428 0.616136
22.65 0.513462 0.614465
22.7 0.5076 0.612772
22.75 0.50184 0.611056
22.8 0.49618 0.609316
22.85 0.490618 0.607554
22.9 0.485151 0.605767
22.95 0.479777 0.603956
23 0.474494 0.60212
23.05 0.469299 0.60026
23.1 0.464191 0.598374
23.15 0.459168 0.596462
23.2 0.454226 0.594525
23.25 0.449365 0.592561
23.3 0.444582 0.590571
23.35 0.439874 0.588554
23.4 0.435241 0.58651
23.45 0.430679 0.58444
23.5 0.426187 0.582341
23.55 0.421763 0.580216
23.6 0.417405 0.578063
23.65 0.413112 0.575882
23.7 0.40888 0.573673
23.75 0.404708 0.571436
23.8 0.400596 0.56917
23.85 0.396539 0.566877
23.9 0.392538 0.564555
23.95 0.38859 0.562205
24 0.384693 0.559826
24.05 0.380846 0.557419
24.1 0.377047 0.554984
24.15 0.373295 0.55252
24.2 0.369587 0.550028
24.25 0.365923 0.547507
24.3 0.3623 0.544958
24.35 0.358718 0.54238
24.4 0.355174 0.539775
24.45 0.351668 0.537141
24.5 0.348197 0.534479
24.55 0.344761 0.531789
24.6 0.341358 0.529072
24.65 0.337987 0.526327
24.7 0.334646 0.523554
24.75 0.331335 0.520754
24.8 0.328051 0.517927
24.85 0.324795 0.515073
24.9 0.321563 0.512192
24.95 0.318357 0.509285
25 0.315173 0.506351
25.05 0.312012 0.503392
25.1 0.308872 0.500406
25.15 0.305752 0.497396
25.2 0.302652 0.49436
25.25 0.299569 0.491299
25.3 0.296504 0.488213
25.35 0.293455 0.485103
25.4 0.290422 0.48197
25.45 0.287403 0.478812
25.5 0.284398 0.475632
25.55 0.281406 0.472428
25.6 0.278426 0.469202
25.65 0.275458 0.465954
25.7 0.272501 0.462684
25.75 0.269554 0.459393
25.8 0.266617 0.456081
25.85 0.263688 0.452748
25.9 0.260768 0.449396
25.95 0.257856 0.446023
26 0.254951 0.442632
26.05 0.252053 0.439222
26.1 0.249161 0.435793
26.15 0.246275 0.432347
26.2 0.243394 0.428883
26.25 0.240519 0.425403
26.3 0.237648 0.421906
26.35 0.234782 0.418393
26.4 0.231919 0.414865
26.45 0.229061 0.411322
26.5 0.226205 0.407765
26.55 0.223353 0.404194
26.6 0.220504 0.40061
26.65 0.217658 0.397013
26.7 0.214815 0.393404
26.75 0.211974 0.389784
26.8 0.209135 0.386152
26.85 0.206299 0.38251
26.9 0.203465 0.378858
26.95 0.200633 0.375197
27 0.197803 0.371526
27.05 0.194975 0.367848
27.1 0.19215 0.364162
27.15 0.189326 0.360469
27.2 0.186505 0.356769
27.25 0.183686 0.353063
27.3 0.180869 0.349353
27.35 0.178054 0.345637
27.4 0.175242 0.341917
27.45 0.172433 0.338194
27.5 0.169626 0.334468
27.55 0.166822 0.330739
27.6 0.164022 0.327009
27.65 0.161225 0.323278
27.7 0.158431 0.319546
27.75 0.155641 0.315814
27.8 0.152855 0.312082
27.85 0.150073 0.308352
27.9 0.147296 0.304624
27.95 0.144524 0.300898
28 0.141756 0.297175
28.05 0.138994 0.293456
28.1 0.136238 0.289741
28.15 0.133488 0.286031
28.2 0.130744 0.282326
28.25 0.128007 0.278627
28.3 0.125277 0.274935
28.35 0.122554 0.27125
28.4 0.119839 0.267573
28.45 0.117132 0.263904
28.5 0.114434 0.260243
28.55 0.111745 0.256593
28.6 0.109065 0.252952
28.65 0.106395 0.249322
28.7 0.103735 0.245703
28.75 0.101085 0.242095
28.8 0.0984469 0.2385
28.85 0.0958199 0.234918
28.9 0.0932048 0.231349
28.95 0.090602 0.227793
29 0.088012 0.224253
29.05 0.0854351 0.220727
29.1 0.0828718 0.217216
29.15 0.0803226 0.213722
29.2 0.077788 0.210243
29.25 0.0752683 0.206782
29.3 0.072764 0.203339
29.35 0.0702756 0.199913
29.4 0.0678035 0.196505
29.45 0.0653482 0.193117
29.5 0.0629101 0.189748
29.55 0.0604897 0.186398
29.6 0.0580873 0.183069
29.65 0.0557035 0.179761
29.7 0.0533387 0.176474
29.75 0.0509934 0.173209
29.8 0.0486679 0.169965
29.85 0.0463627 0.166744
29.9 0.0440782 0.163546
29.95 0.0418148 0.160371
30 0.0395731 0.15722
30.05 0.0373533 0.154093
30.1 0.0351559 0.15099
30.15 0.0329813 0.147912
30.2 0.03083 0.144859
30.25 0.0287022 0.141832
30.3 0.0265984 0.138831
30.35 0.0245189 0.135855
30.4 0.0224642 0.132907
30.45 0.0204346 0.129985
30.5 0.0184304 0.12709
30.55 0.016452 0.124223
30.6 0.0144998 0.121384
30.65 0.0125741 0.118572
30.7 0.0106753 0.115789
30.75 0.00880351 0.113034
30.8 0.00695921 0.110309
30.85 0.00514267 0.107612
30.9 0.00335417 0.104945
30.95 0.001594 0.102307
31 -0.00013757 0.0996986
31.05 -0.00184027 0.0971205
31.1 -0.00351385 0.0945725
31.15 -0.00515807 0.0920549
31.2 -0.00677268 0.0895678
31.25 -0.00835747 0.0871114
31.3 -0.00991222 0.0846859
31.35 -0.0114367 0.0822914
31.4 -0.0129308 0.079928
31.45 -0.0143943 0.077596
31.5 -0.0158269 0.0752953
31.55 -0.0172287 0.0730262
31.6 -0.0185993 0.0707887
31.65 -0.0199387 0.068583
31.7 -0.0212467 0.0664091
31.75 -0.0225233 0.064267
31.8 -0.0237682 0.0621569
31.85 -0.0249815 0.0600789
31.9 -0.0261631 0.0580329
31.95 -0.0273128 0.056019
32 -0.0284307 0.0540372
32.05 -0.0295166 0.0520876
32.1 -0.0305706 0.0501702
32.15 -0.0315925 0.0482849
32.2 -0.0325825 0.0464318
32.25 -0.0335405 0.0446108
32.3 -0.0344665 0.042822
32.35 -0.0353606 0.0410653
32.4 -0.0362227 0.0393406
32.45 -0.0370529 0.037648
32.5 -0.0378513 0.0359872
32.55 -0.038618 0.0343584
32.6 -0.039353 0.0327614
32.65 -0.0400564 0.031196
32.7 -0.0407283 0.0296623
32.75 -0.0413689 0.0281602
32.8 -0.0419782 0.0266894
32.85 -0.0425565 0.02525
32.9 -0.0431038 0.0238418
32.95 -0.0436202 0.0224645
33 -0.0441061 0.0211182
33.05 -0.0445615 0.0198027
33.1 -0.0449867 0.0185178
33.15 -0.0453818 0.0172633
33.2 -0.045747 0.0160391
33.25 -0.0460827 0.014845
33.3 -0.0463889 0.0136808
33.35 -0.046666 0.0125464
33.4 -0.0469142 0.0114415
33.45 -0.0471337 0.0103659
33.5 -0.0473249 0.00931946
33.55 -0.047488 0.00830191
33.6 -0.0476233 0.00731304
33.65 -0.047731 0.00635263
33.7 -0.0478116 0.00542044
33.75 -0.0478653 0.00451623
33.8 -0.0478924 0.00363975
33.85 -0.0478932 0.00279076
33.9 -0.0478682 0.00196899
33.95 -0.0478176 0.00117419
34 -0.0477419 0.000406082
34.05 -0.0476413 -0.000335601
34.1 -0.0475162 -0.00105114
34.15 -0.047367 -0.00174081
34.2 -0.0471942 -0.00240491
34.25 -0.046998 -0.00304372
34.3 -0.0467789 -0.00365754
34.35 -0.0465373 -0.00424667
34.4 -0.0462736 -0.00481141
34.45 -0.0459882 -0.00535207
34.5 -0.0456815 -0.00586897
34.55 -0.045354 -0.00636242
34.6 -0.0450061 -0.00683274
34.65 -0.0446382 -0.00728024
34.7 -0.0442507 -0.00770526
34.75 -0.0438441 -0.00810812
34.8 -0.0434189 -0.00848916
34.85 -0.0429755 -0.00884871
34.9 -0.0425144 -0.0091871
34.95 -0.0420359 -0.00950467
35 -0.0415407 -0.00980177
35.05 -0.0410291 -0.0100787
35.1 -0.0405016 -0.0103359
35.15 -0.0399587 -0.0105737
35.2 -0.0394009 -0.0107923
35.25 -0.0388286 -0.0109922
35.3 -0.0382424 -0.0111738
35.35 -0.0376426 -0.0113373
35.4 -0.0370298 -0.0114831
35.45 -0.0364045 -0.0116116
35.5 -0.0357672 -0.0117231
35.55 -0.0351182 -0.011818
35.6 -0.0344582 -0.0118967
35.65 -0.0337876 -0.0119594
35.7 -0.0331069 -0.0120066
35.75 -0.0324165 -0.0120387
35.8 -0.031717 -0.0120559
35.85 -0.0310088 -0.0120587
35.9 -0.0302925 -0.0120474
35.95 -0.0295684 -0.0120223
36 -0.0288372 -0.0119838
36.05 -0.0280992 -0.0119323
36.1 -0.0273549 -0.0118682
36.15 -0.0266049 -0.0117917
36.2 -0.0258495 -0.0117032
36.25 -0.0250893 -0.0116032
36.3 -0.0243248 -0.0114918
36.35 -0.0235563 -0.0113696
36.4 -0.0227844 -0.0112368
36.45 -0.0220095 -0.0110938
36.5 -0.0212321 -0.0109409
36.55 -0.0204526 -0.0107785
36.6 -0.0196715 -0.0106069
36.65 -0.0188892 -0.0104264
36.7 -0.0181062 -0.0102375
36.75 -0.0173229 -0.0100404
36.8 -0.0165397 -0.0098354
36.85 -0.015757 -0.00962292
36.9 -0.0149754 -0.00940327
36.95 -0.0141951 -0.00917676
37 -0.0134166 -0.00894372
37.05 -0.0126404 -0.00870446
37.1 -0.0118668 -0.0084593
37.15 -0.0110962 -0.00820855
37.2 -0.010329 -0.00795253
37.25 -0.00956559 -0.00769154
37.3 -0.00880636 -0.00742588
37.35 -0.00805167 -0.00715586
37.4 -0.00730189 -0.00688176
37.45 -0.00655738 -0.00660389
37.5 -0.00581848 -0.00632254
37.55 -0.00508556 -0.00603798
37.6 -0.00435894 -0.0057505
37.65 -0.00363897 -0.00546038
37.7 -0.00292595 -0.0051679
37.75 -0.00222023 -0.00487331
37.8 -0.0015221 -0.0045769
37.85 -0.000831863 -0.00427891
37.9 -0.000149827 -0.00397962
37.95 0.000523724 -0.00367926
38 0.00118851 -0.0033781
38.05 0.00184425 -0.00307637
38.1 0.00249069 -0.00277432
38.15 0.00312756 -0.00247218
38.2 0.00375461 -0.00217019
38.25 0.0043716 -0.00186857
38.3 0.0049783 -0.00156754
38.35 0.00557448 -0.00126733
38.4 0.00615992 -0.000968145
38.45 0.00673442 -0.000670194
38.5 0.00729775 -0.000373682
38.55 0.00784975 -7.88097e-05
38.6 0.00839021 0.000214229
38.65 0.00891895 0.000505243
38.7 0.00943582 0.000794048
38.75 0.00994065 0.00108046
38.8 0.0104333 0.00136431
38.85 0.0109136 0.00164542
38.9 0.0113814 0.00192363
38.95 0.0118366 0.00219878
39 0.0122791 0.0024707
39.05 0.0127087 0.00273925
39.1 0.0131254 0.00300428
39.15 0.0135291 0.00326565
39.2 0.0139197 0.00352322
39.25 0.014297 0.00377686
39.3 0.0146611 0.00402644
39.35 0.0150118 0.00427183
39.4 0.0153492 0.00451293
39.45 0.0156731 0.00474961
39.5 0.0159835 0.00498177
39.55 0.0162805 0.00520931
39.6 0.0165639 0.00543212
39.65 0.0168337 0.00565011
39.7 0.01709 0.00586319
39.75 0.0173328 0.00607128
39.8 0.017562 0.00627429
39.85 0.0177777 0.00647215
39.9 0.0179799 0.0066648
39.95 0.0181686 0.00685215
40 0.0183438 0.00703415
40.05 0.0185057 0.00721075
40.1 0.0186542 0.00738189
40.15 0.0187894 0.00754751
40.2 0.0189115 0.00770758
40.25 0.0190203 0.00786206
40.3 0.0191161 0.0080109
40.35 0.019199 0.00815409
40.4 0.0192689 0.00829158
40.45 0.0193261 0.00842336
40.5 0.0193705 0.0085494
40.55 0.0194024 0.0086697
40.6 0.0194219 0.00878424
40.65 0.019429 0.00889301
40.7 0.0194239 0.00899601
40.75 0.0194067 0.00909324
40.8 0.0193776 0.00918471
40.85 0.0193367 0.00927041
40.9 0.0192842 0.00935037
40.95 0.0192203 0.0094246
41 0.019145 0.00949311
41.05 0.0190585 0.00955592
41.1 0.0189611 0.00961308
41.15 0.0188529 0.00966459
41.2 0.0187341 0.00971049
41.25 0.0186048 0.00975083
41.3 0.0184653 0.00978562
41.35 0.0183157 0.00981493
41.4 0.0181563 0.00983879
41.45 0.0179872 0.00985724
41.5 0.0178087 0.00987035
41.55 0.0176209 0.00987815
41.6 0.0174241 0.00988071
41.65 0.0172185 0.00987809
41.7 0.0170042 0.00987034
41.75 0.0167816 0.00985753
41.8 0.0165509 0.00983972
41.85 0.0163122 0.00981699
41.9 0.0160658 0.00978939
41.95 0.0158119 0.00975701
42 0.0155508 0.00971992
42.05 0.0152827 0.00967819
42.1 0.0150078 0.0096319
42.15 0.0147264 0.00958114
42.2 0.0144387 0.00952598
42.25 0.0141449 0.00946652
42.3 0.0138454 0.00940283
42.35 0.0135403 0.009335
42.4 0.0132298 0.00926312
42.45 0.0129143 0.00918729
42.5 0.012594 0.00910759
42.55 0.012269 0.00902411
42.6 0.0119398 0.00893696
42.65 0.0116064 0.00884622
42.7 0.0112693 0.00875199
42.75 0.0109285 0.00865437
42.8 0.0105844 0.00855347
42.85 0.0102371 0.00844936
42.9 0.00988707 0.00834217
42.95 0.00953439 0.00823199
43 0.00917935 0.00811891
43.05 0.0088222 0.00800305
43.1 0.00846317 0.0078845
43.15 0.0081025 0.00776337
43.2 0.00774044 0.00763976
43.25 0.00737723 0.00751377
43.3 0.00701311 0.00738552
43.35 0.0066483 0.00725509
43.4 0.00628305 0.00712261
43.45 0.00591759 0.00698816
43.5 0.00555215 0.00685187
43.55 0.00518695 0.00671382
43.6 0.00482222 0.00657413
43.65 0.00445819 0.00643289
43.7 0.00409507 0.00629022
43.75 0.00373309 0.00614621
43.8 0.00337247 0.00600098
43.85 0.00301341 0.00585461
43.9 0.00265612 0.00570722
43.95 0.00230081 0.0055589
44 0.0019477 0.00540975
44.05 0.00159697 0.00525989
44.1 0.00124883 0.00510939
44.15 0.000903463 0.00495837
44.2 0.000561073 0.00480693
44.25 0.000221843 0.00465515
44.3 -0.000114043 0.00450314
44.35 -0.000446406 0.00435098
44.4 -0.000775067 0.00419879
44.45 -0.00109985 0.00404664
44.5 -0.0014206 0.00389463
44.55 -0.00173713 0.00374284
44.6 -0.0020493 0.00359138
44.65 -0.00235694 0.00344033
44.7 -0.0026599 0.00328978
44.75 -0.00295804 0.0031398
44.8 -0.0032512 0.00299049
44.85 -0.00353925 0.00284193
44.9 -0.00382205 0.0026942
44.95 -0.00409947 0.00254738
45 -0.00437138 0.00240155
45.05 -0.00463766 0.00225679
45.1 -0.0048982 0.00211317
45.15 -0.00515287 0.00197077
45.2 -0.00540157 0.00182966
45.25 -0.0056442 0.0016899
45.3 -0.00588065 0.00155158
45.35 -0.00611083 0.00141475
45.4 -0.00633466 0.00127949
45.45 -0.00655203 0.00114585
45.5 -0.00676288 0.0010139
45.55 -0.00696712 0.000883701
45.6 -0.00716468 0.000755311
45.65 -0.0073555 0.000628786
45.7 -0.00753951 0.000504182
45.75 -0.00771666 0.000381552
45.8 -0.00788689 0.000260948
45.85 -0.00805015 0.000142419
45.9 -0.00820641 2.60136e-05
45.95 -0.00835561 -8.82228e-05
46 -0.00849773 -0.000200246
46.05 -0.00863274 -0.000310013
46.1 -0.00876061 -0.000417485
46.15 -0.00888131 -0.000522623
46.2 -0.00899485 -0.00062539
46.25 -0.00910119 -0.000725752
46.3 -0.00920034 -0.000823676
46.35 -0.0092923 -0.000919131
46.4 -0.00937706 -0.00101209
46.45 -0.00945463 -0.00110252
46.5 -0.00952503 -0.0011904
46.55 -0.00958826 -0.00127571
46.6 -0.00964434 -0.00135843
46.65 -0.00969331 -0.00143853
46.7 -0.00973519 -0.001516
46.75 -0.00977 -0.00159082
46.8 -0.0097978 -0.00166299
46.85 -0.0098186 -0.00173248
46.9 -0.00983247 -0.00179928
46.95 -0.00983944 -0.0018634
47 -0.00983958 -0.00192481
47.05 -0.00983293 -0.00198353
47.1 -0.00981955 -0.00203953
47.15 -0.00979952 -0.00209283
47.2 -0.00977288 -0.00214342
47.25 -0.00973973 -0.00219131
47.3 -0.00970012 -0.0022365
47.35 -0.00965413 -0.00227899
47.4 -0.00960185 -0.00231879
47.45 -0.00954336 -0.00235592
47.5 -0.00947875 -0.00239037
47.55 -0.00940811 -0.00242217
47.6 -0.00933152 -0.00245132
47.65 -0.00924909 -0.00247785
47.7 -0.00916092 -0.00250177
47.75 -0.0090671 -0.00252309
47.8 -0.00896775 -0.00254184
47.85 -0.00886296 -0.00255803
47.9 -0.00875285 -0.0025717
47.95 -0.00863752 -0.00258286
48 -0.00851711 -0.00259153
48.05 -0.00839171 -0.00259776
48.1 -0.00826145 -0.00260155
48.15 -0.00812645 -0.00260295
48.2 -0.00798684 -0.00260198
48.25 -0.00784274 -0.00259868
48.3 -0.00769427 -0.00259307
48.35 -0.00754156 -0.00258519
48.4 -0.00738475 -0.00257508
48.45 -0.00722397 -0.00256277
48.5 -0.00705934 -0.00254829
48.55 -0.00689101 -0.0025317
48.6 -0.00671911 -0.00251302
48.65 -0.00654378 -0.00249229
48.7 -0.00636515 -0.00246956
48.75 -0.00618337 -0.00244487
48.8 -0.00599857 -0.00241826
48.85 -0.0058109 -0.00238978
48.9 -0.00562049 -0.00235946
48.95 -0.0054275 -0.00232735
49 -0.00523206 -0.0022935
49.05 -0.00503432 -0.00225796
49.1 -0.00483442 -0.00222077
49.15 -0.0046325 -0.00218197
49.2 -0.00442871 -0.00214162
49.25 -0.0042232 -0.00209977
49.3 -0.00401611 -0.00205646
49.35 -0.00380758 -0.00201175
49.4 -0.00359776 -0.00196567
49.45 -0.00338679 -0.00191829
49.5 -0.00317481 -0.00186966
49.55 -0.00296197 -0.00181981
49.6 -0.00274842 -0.00176882
49.65 -0.00253429 -0.00171672
49.7 -0.00231973 -0.00166356
49.75 -0.00210487 -0.00160941
49.8 -0.00188986 -0.00155431
49.85 -0.00167484 -0.00149831
49.9 -0.00145994 -0.00144147
49.95 -0.0012453 -0.00138383
50 -0.00103106 -0.00132546
