-0.498 0.000150593 0.00474922
-0.496 -0.00104073 0.0193698
-0.494 -0.00603458 0.0443712
-0.492 -0.0172738 0.0801944
-0.49 -0.0371679 0.127211
-0.488 -0.0680778 0.18572
-0.486 -0.112301 0.255951
-0.484 -0.172056 0.338058
-0.482 -0.249469 0.432124
-0.48 -0.346558 0.538159
-0.478 -0.465221 0.656099
-0.476 -0.607223 0.785811
-0.474 -0.774181 0.927091
-0.472 -0.967553 1.07967
-0.47 -1.18863 1.2432
-0.468 -1.43852 1.41728
-0.466 -1.71813 1.60144
-0.464 -2.02819 1.79516
-0.462 -2.36921 1.99786
-0.46 -2.74147 2.2089
-0.458 -3.14505 2.42759
-0.456 -3.57979 2.65322
-0.454 -4.0453 2.885
-0.452 -4.54094 3.12213
-0.45 -5.06585 3.36378
-0.448 -5.6189 3.60908
-0.446 -6.19876 3.85713
-0.444 -6.80381 4.10704
-0.442 -7.43221 4.35787
-0.44 -8.08187 4.60872
-0.438 -8.75048 4.85864
-0.436 -9.43547 5.10671
-0.434 -10.1341 5.35202
-0.432 -10.8433 5.59365
-0.43 -11.5598 5.83073
-0.428 -12.2803 6.06238
-0.426 -13.0011 6.28778
-0.424 -13.7184 6.50612
-0.422 -14.4282 6.71664
-0.42 -15.1263 6.91861
-0.418 -15.8084 7.11137
-0.416 -16.4701 7.29427
-0.414 -17.1067 7.46676
-0.412 -17.7136 7.62832
-0.41 -18.2859 7.77849
-0.408 -18.8188 7.91689
-0.406 -19.3074 8.0432
-0.404 -19.7466 8.15716
-0.402 -20.1314 8.25859
-0.4 -20.4568 8.34739
-0.398 -20.7178 8.42352
-0.396 -20.9094 8.48703
-0.394 -21.0267 8.53803
-0.392 -21.0646 8.57672
-0.39 -21.0186 8.60338
-0.388 -20.8837 8.61836
-0.386 -20.6555 8.62208
-0.384 -20.3296 8.61505
-0.382 -19.9016 8.59784
-0.38 -19.3674 8.57111
-0.378 -18.7232 8.53558
-0.376 -17.9653 8.49204
-0.374 -17.0901 8.44135
-0.372 -16.0946 8.38443
-0.37 -14.9757 8.32225
-0.368 -13.7308 8.25587
-0.366 -12.3576 8.18637
-0.364 -10.854 8.1149
-0.362 -9.21825 8.04265
-0.36 -7.44905 7.97085
-0.358 -5.54532 7.90078
-0.356 -3.50641 7.83373
-0.354 -1.33202 7.77105
-0.352 0.977767 7.7141
-0.35 3.42249 7.66424
-0.348 6.00127 7.62287
-0.346 8.71285 7.59139
-0.344 11.5556 7.5712
-0.342 14.5273 7.56372
-0.34 17.6257 7.57032
-0.338 20.8477 7.5924
-0.336 24.1901 7.63132
-0.334 27.6491 7.68843
-0.332 31.2208 7.76503
-0.33 34.9004 7.8624
-0.328 38.6832 7.98179
-0.326 42.5639 8.12438
-0.324 46.5367 8.29133
-0.322 50.5956 8.48371
-0.32 54.7343 8.70255
-0.318 58.9459 8.94882
-0.316 63.2235 9.2234
-0.314 67.5595 9.52709
-0.312 71.9463 9.86064
-0.31 76.3757 10.2247
-0.308 80.8397 10.6198
-0.306 85.3295 11.0464
-0.304 89.8364 11.5048
-0.302 94.3514 11.9954
-0.3 98.8653 12.5183
-0.298 103.369 13.0734
-0.296 107.852 13.6608
-0.294 112.305 14.2802
-0.292 116.718 14.9313
-0.29 121.082 15.6137
-0.288 125.386 16.3269
-0.286 129.62 17.07
-0.284 133.775 17.8423
-0.282 137.839 18.6429
-0.28 141.803 19.4707
-0.278 145.656 20.3244
-0.276 149.39 21.2027
-0.274 152.993 22.1042
-0.272 156.455 23.0272
-0.27 159.768 23.97
-0.268 162.922 24.9308
-0.266 165.906 25.9076
-0.264 168.712 26.8982
-0.262 171.332 27.9005
-0.26 173.755 28.9121
-0.258 175.974 29.9306
-0.256 177.98 30.9534
-0.254 179.766 31.9778
-0.252 181.323 33.0012
-0.25 182.645 34.0206
-0.248 183.725 35.0332
-0.246 184.556 36.036
-0.244 185.131 37.0258
-0.242 185.447 37.9997
-0.24 185.496 38.9544
-0.238 185.274 39.8868
-0.236 184.777 40.7935
-0.234 184.001 41.6713
-0.232 182.942 42.517
-0.23 181.599 43.3273
-0.228 179.967 44.0989
-0.226 178.046 44.8285
-0.224 175.833 45.513
-0.222 173.329 46.1492
-0.22 170.533 46.7339
-0.218 167.445 47.2642
-0.216 164.067 47.7369
-0.214 160.399 48.1493
-0.212 156.444 48.4985
-0.21 152.205 48.7818
-0.208 147.684 48.9968
-0.206 142.885 49.1408
-0.204 137.813 49.2117
-0.202 132.473 49.2073
-0.2 126.87 49.1257
-0.198 121.01 48.9649
-0.196 114.899 48.7235
-0.194 108.546 48.3999
-0.192 101.957 47.9929
-0.19 95.1404 47.5015
-0.188 88.1058 46.925
-0.186 80.862 46.2626
-0.184 73.4188 45.514
-0.182 65.7864 44.6791
-0.18 57.9755 43.758
-0.178 49.9972 42.751
-0.176 41.8632 41.6588
-0.174 33.5854 40.4821
-0.172 25.1762 39.2221
-0.17 16.6484 37.88
-0.168 8.01504 36.4576
-0.166 -0.710416 34.9566
-0.164 -9.51423 33.379
-0.162 -18.3824 31.7274
-0.16 -27.3006 30.0042
-0.158 -36.2544 28.2122
-0.156 -45.2291 26.3546
-0.154 -54.2098 24.4347
-0.152 -63.1814 22.4558
-0.15 -72.1289 20.4219
-0.148 -81.037 18.3368
-0.146 -89.8904 16.2047
-0.144 -98.6738 14.0299
-0.142 -107.372 11.817
-0.14 -115.969 9.57059
-0.138 -124.451 7.29557
-0.136 -132.802 4.99694
-0.134 -141.006 2.67982
-0.132 -149.05 0.349449
-0.13 -156.919 -1.98882
-0.128 -164.598 -4.32955
-0.126 -172.072 -6.66723
-0.124 -179.329 -8.99629
-0.122 -186.354 -11.3111
-0.12 -193.134 -13.6061
-0.118 -199.657 -15.8756
-0.116 -205.909 -18.114
-0.114 -211.879 -20.3157
-0.112 -217.556 -22.4751
-0.11 -222.927 -24.5868
-0.108 -227.984 -26.6454
-0.106 -232.715 -28.6455
-0.104 -237.111 -30.5819
-0.102 -241.163 -32.4497
-0.1 -244.863 -34.2439
-0.098 -248.204 -35.9599
-0.096 -251.178 -37.5929
-0.094 -253.779 -39.1388
-0.092 -256.002 -40.5934
-0.09 -257.841 -41.9527
-0.088 -259.292 -43.2131
-0.086 -260.353 -44.3713
-0.084 -261.019 -45.424
-0.082 -261.289 -46.3684
-0.08 -261.162 -47.2019
-0.078 -260.637 -47.9222
-0.076 -259.714 -48.5273
-0.074 -258.395 -49.0155
-0.072 -256.68 -49.3855
-0.07 -254.573 -49.6362
-0.068 -252.076 -49.7669
-0.066 -249.193 -49.777
-0.064 -245.928 -49.6666
-0.062 -242.287 -49.4357
-0.06 -238.275 -49.0849
-0.058 -233.899 -48.615
-0.056 -229.166 -48.0272
-0.054 -224.084 -47.3228
-0.052 -218.66 -46.5035
-0.05 -212.903 -45.5713
-0.048 -206.823 -44.5285
-0.046 -200.429 -43.3776
-0.044 -193.731 -42.1213
-0.042 -186.741 -40.7627
-0.04 -179.469 -39.3049
-0.038 -171.926 -37.7516
-0.036 -164.125 -36.1062
-0.034 -156.077 -34.3727
-0.032 -147.794 -32.5551
-0.03 -139.29 -30.6576
-0.028 -130.578 -28.6846
-0.026 -121.67 -26.6406
-0.024 -112.58 -24.5303
-0.022 -103.321 -22.3583
-0.02 -93.9067 -20.1297
-0.018 -84.3516 -17.8493
-0.016 -74.6693 -15.5223
-0.014 -64.8737 -13.1538
-0.012 -54.9792 -10.749
-0.01 -44.9999 -8.31317
-0.008 -34.95 -5.85168
-0.006 -24.844 -3.36987
-0.004 -14.6962 -0.873143
-0.002 -4.52105 1.63307
0 5.66704 4.14334
0.002 15.8536 6.6522
0.004 26.0243 9.15422
0.006 36.1645 11.644
0.008 46.26 14.1161
0.01 56.2963 16.5651
0.012 66.2592 18.9857
0.014 76.1342 21.3726
0.016 85.9073 23.7204
0.018 95.5642 26.0242
0.02 105.091 28.2786
0.022 114.474 30.4786
0.024 123.698 32.6194
0.026 132.752 34.6961
0.028 141.62 36.7038
0.03 150.29 38.6382
0.032 158.748 40.4945
0.034 166.982 42.2687
0.036 174.979 43.9564
0.038 182.727 45.5537
0.04 190.213 47.0567
0.042 197.426 48.462
0.044 204.355 49.7661
0.046 210.988 50.9658
0.048 217.315 52.0581
0.05 223.326 53.0404
0.052 229.011 53.9102
0.054 234.361 54.6654
0.056 239.367 55.3039
0.058 244.021 55.8243
0.06 248.316 56.2251
0.062 252.244 56.5053
0.064 255.8 56.6642
0.066 258.977 56.7014
0.068 261.771 56.6166
0.07 264.176 56.4102
0.072 266.19 56.0825
0.074 267.81 55.6346
0.076 269.032 55.0674
0.078 269.856 54.3824
0.08 270.28 53.5815
0.082 270.305 52.6666
0.084 269.931 51.6402
0.086 269.159 50.5049
0.088 267.992 49.2636
0.09 266.433 47.9197
0.092 264.484 46.4764
0.094 262.151 44.9377
0.096 259.438 43.3074
0.098 256.351 41.5898
0.1 252.897 39.7892
0.102 249.082 37.9104
0.104 244.914 35.958
0.106 240.401 33.9371
0.108 235.553 31.8527
0.11 230.379 29.7102
0.112 224.889 27.5148
0.114 219.093 25.2721
0.116 213.004 22.9875
0.118 206.631 20.6666
0.12 199.989 18.3152
0.122 193.088 15.9389
0.124 185.942 13.5433
0.126 178.565 11.1342
0.128 170.97 8.7171
0.13 163.17 6.29773
0.132 155.181 3.8816
0.134 147.017 1.47418
0.136 138.692 -0.919162
0.138 130.221 -3.29314
0.14 121.619 -5.64261
0.142 112.903 -7.96254
0.144 104.086 -10.2481
0.146 95.1837 -12.4945
0.148 86.2124 -14.6972
0.15 77.187 -16.852
0.152 68.1229 -18.9546
0.154 59.0353 -21.001
0.156 49.9394 -22.9876
0.158 40.8503 -24.9108
0.16 31.7829 -26.7673
0.162 22.752 -28.554
0.164 13.7721 -30.2681
0.166 4.85744 -31.907
0.168 -3.97782 -33.4684
0.17 -12.7199 -34.9502
0.172 -21.3555 -36.3506
0.174 -29.8712 -37.6679
0.176 -38.2545 -38.9009
0.178 -46.4927 -40.0484
0.18 -54.574 -41.1096
0.182 -62.4868 -42.084
0.184 -70.2197 -42.9712
0.186 -77.7622 -43.7712
0.188 -85.1039 -44.484
0.19 -92.2351 -45.1101
0.192 -99.1465 -45.6501
0.194 -105.829 -46.1047
0.196 -112.275 -46.4752
0.198 -118.477 -46.7626
0.2 -124.427 -46.9685
0.202 -130.118 -47.0945
0.204 -135.545 -47.1424
0.206 -140.702 -47.1142
0.208 -145.585 -47.0121
0.21 -150.188 -46.8385
0.212 -154.508 -46.5957
0.214 -158.542 -46.2863
0.216 -162.288 -45.9131
0.218 -165.742 -45.4788
0.22 -168.904 -44.9865
0.222 -171.774 -44.439
0.224 -174.349 -43.8395
0.226 -176.631 -43.191
0.228 -178.621 -42.4969
0.23 -180.32 -41.7603
0.232 -181.729 -40.9844
0.234 -182.852 -40.1727
0.236 -183.69 -39.3283
0.238 -184.248 -38.4545
0.24 -184.529 -37.5547
0.242 -184.537 -36.6321
0.244 -184.278 -35.6899
0.246 -183.757 -34.7312
0.248 -182.98 -33.7593
0.25 -181.952 -32.7772
0.252 -180.68 -31.7878
0.254 -179.172 -30.7942
0.256 -177.434 -29.7991
0.258 -175.474 -28.8053
0.26 -173.299 -27.8156
0.262 -170.919 -26.8323
0.264 -168.342 -25.8581
0.266 -165.576 -24.8952
0.268 -162.631 -23.9458
0.27 -159.516 -23.0121
0.272 -156.239 -22.0961
0.274 -152.812 -21.1996
0.276 -149.243 -20.3244
0.278 -145.543 -19.472
0.28 -141.72 -18.6439
0.282 -137.787 -17.8416
0.284 -133.752 -17.0661
0.286 -129.626 -16.3186
0.288 -125.418 -15.5999
0.29 -121.14 -14.9111
0.292 -116.801 -14.2526
0.294 -112.411 -13.6252
0.296 -107.981 -13.0291
0.298 -103.519 -12.4648
0.3 -99.0363 -11.9325
0.302 -94.542 -11.4321
0.304 -90.0455 -10.9637
0.306 -85.5562 -10.527
0.308 -81.083 -10.122
0.31 -76.6347 -9.74806
0.312 -72.22 -9.40488
0.314 -67.8472 -9.09185
0.316 -63.5243 -8.80833
0.318 -59.259 -8.55358
0.32 -55.0587 -8.32677
0.322 -50.9306 -8.12703
0.324 -46.8815 -7.95336
0.326 -42.9177 -7.80476
0.328 -39.0454 -7.68011
0.33 -35.2701 -7.57828
0.332 -31.5973 -7.49805
0.334 -28.0318 -7.43819
0.336 -24.5782 -7.39741
0.338 -21.2406 -7.37438
0.34 -18.0227 -7.36777
0.342 -14.9279 -7.37619
0.344 -11.959 -7.39826
0.346 -9.11856 -7.43259
0.348 -6.40868 -7.47775
0.35 -3.83104 -7.53235
0.352 -1.38691 -7.59498
0.354 0.922826 -7.66424
0.356 3.09768 -7.73876
0.358 5.13756 -7.81718
0.36 7.04273 -7.89815
0.362 8.81386 -7.98038
0.364 10.452 -8.06259
0.366 11.9584 -8.14355
0.368 13.3348 -8.22207
0.37 14.5833 -8.29701
0.372 15.7063 -8.36727
0.374 16.7062 -8.43182
0.376 17.5861 -8.48968
0.378 18.3492 -8.53994
0.38 18.9988 -8.58174
0.382 19.5387 -8.6143
0.384 19.9728 -8.63691
0.386 20.3051 -8.64891
0.388 20.5398 -8.64975
0.39 20.6815 -8.63893
0.392 20.7346 -8.61602
0.394 20.7039 -8.58069
0.396 20.5941 -8.53268
0.398 20.4102 -8.4718
0.4 20.157 -8.39793
0.402 19.8395 -8.31106
0.404 19.4628 -8.21123
0.406 19.0318 -8.09856
0.408 18.5516 -7.97323
0.41 18.0271 -7.83553
0.412 17.4633 -7.68577
0.414 16.865 -7.52438
0.416 16.2369 -7.3518
0.418 15.5839 -7.16858
0.42 14.9104 -6.9753
0.422 14.2209 -6.77259
0.424 13.5198 -6.56116
0.426 12.811 -6.34172
0.428 12.0988 -6.11508
0.43 11.3867 -5.88203
0.432 10.6786 -5.64343
0.434 9.97768 -5.40016
0.436 9.28729 -5.15312
0.438 8.61039 -4.90323
0.44 7.94975 -4.65141
0.442 7.30791 -4.3986
0.444 6.68719 -4.14576
0.446 6.08965 -3.89381
0.448 5.51714 -3.64369
0.45 4.97123 -3.39631
0.452 4.45328 -3.15258
0.454 3.96439 -2.91337
0.456 3.50541 -2.67953
0.458 3.07698 -2.45188
0.46 2.67946 -2.23119
0.462 2.31303 -2.01821
0.464 1.97758 -1.81362
0.466 1.67283 -1.61806
0.468 1.39826 -1.43214
0.47 1.15314 -1.25637
0.472 0.936559 -1.09123
0.474 0.747391 -0.937139
0.476 0.584346 -0.794432
0.478 0.44596 -0.663388
0.48 0.330611 -0.544218
0.482 0.236532 -0.437059
0.484 0.161821 -0.341976
0.486 0.104457 -0.258965
0.488 0.0623098 -0.187944
0.49 0.0331597 -0.128761
0.492 0.0147074 -0.08119
0.494 0.00459067 -0.044933
0.496 0.000398964 -0.0196203
0.498 -0.000311008 -0.004812
0.05 3.13435 2.47623
0.1 3.13426 2.47609
0.15 3.13412 2.47586
0.2 3.13392 2.47553
0.25 3.13366 2.47512
0.3 3.13334 2.4746
0.35 3.13297 2.474
0.4 3.13254 2.4733
0.45 3.13206 2.47251
0.5 3.13151 2.47163
0.55 3.13091 2.47065
0.6 3.13025 2.46958
0.65 3.12954 2.46842
0.7 3.12876 2.46716
0.75 3.12793 2.46582
0.8 3.12704 2.46438
0.85 3.1261 2.46285
0.9 3.12509 2.46123
0.95 3.12403 2.45951
1 3.12291 2.45771
1.05 3.12173 2.45581
1.1 3.12049 2.45383
1.15 3.11919 2.45175
1.2 3.11784 2.44958
1.25 3.11642 2.44732
1.3 3.11495 2.44497
1.35 3.11342 2.44253
1.4 3.11183 2.44
1.45 3.11018 2.43738
1.5 3.10847 2.43467
1.55 3.1067 2.43187
1.6 3.10487 2.42898
1.65 3.10298 2.42601
1.7 3.10103 2.42295
1.75 3.09902 2.4198
1.8 3.09695 2.41656
1.85 3.09482 2.41323
1.9 3.09263 2.40982
1.95 3.09038 2.40632
2 3.08807 2.40273
2.05 3.08569 2.39906
2.1 3.08326 2.3953
2.15 3.08076 2.39146
2.2 3.0782 2.38754
2.25 3.07558 2.38352
2.3 3.0729 2.37943
2.35 3.07015 2.37525
2.4 3.06734 2.37099
2.45 3.06447 2.36664
2.5 3.06154 2.36222
2.55 3.05854 2.35771
2.6 3.05548 2.35312
2.65 3.05236 2.34845
2.7 3.04917 2.3437
2.75 3.04592 2.33886
2.8 3.0426 2.33395
2.85 3.03922 2.32896
2.9 3.03577 2.32389
2.95 3.03226 2.31875
3 3.02869 2.31352
3.05 3.02504 2.30822
3.1 3.02134 2.30284
3.15 3.01757 2.29739
3.2 3.01373 2.29186
3.25 3.00982 2.28625
3.3 3.00585 2.28057
3.35 3.00181 2.27482
3.4 2.99771 2.26899
3.45 2.99354 2.2631
3.5 2.9893 2.25712
3.55 2.98499 2.25108
3.6 2.98062 2.24497
3.65 2.97618 2.23878
3.7 2.97167 2.23253
3.75 2.96709 2.22621
3.8 2.96245 2.21982
3.85 2.95773 2.21336
3.9 2.95295 2.20683
3.95 2.9481 2.20024
4 2.94318 2.19358
4.05 2.93819 2.18685
4.1 2.93313 2.18006
4.15 2.928 2.17321
4.2 2.9228 2.16629
4.25 2.91754 2.15932
4.3 2.9122 2.15227
4.35 2.90679 2.14517
4.4 2.90131 2.13801
4.45 2.89576 2.13078
4.5 2.89014 2.1235
4.55 2.88446 2.11616
4.6 2.8787 2.10876
4.65 2.87286 2.10131
4.7 2.86696 2.09379
4.75 2.86099 2.08623
4.8 2.85495 2.0786
4.85 2.84883 2.07093
4.9 2.84265 2.06319
4.95 2.83639 2.05541
5 2.83006 2.04758
5.05 2.82366 2.03969
5.1 2.81719 2.03175
5.15 2.81065 2.02376
5.2 2.80403 2.01573
5.25 2.79735 2.00764
5.3 2.79059 1.99951
5.35 2.78376 1.99133
5.4 2.77686 1.98311
5.45 2.76989 1.97484
5.5 2.76285 1.96653
5.55 2.75573 1.95817
5.6 2.74855 1.94977
5.65 2.74129 1.94133
5.7 2.73396 1.93284
5.75 2.72656 1.92432
5.8 2.71909 1.91576
5.85 2.71155 1.90715
5.9 2.70394 1.89851
5.95 2.69626 1.88984
6 2.68851 1.88112
6.05 2.68068 1.87238
6.1 2.67279 1.86359
6.15 2.66482 1.85477
6.2 2.65679 1.84592
6.25 2.64868 1.83704
6.3 2.64051 1.82813
6.35 2.63227 1.81918
6.4 2.62396 1.81021
6.45 2.61557 1.8012
6.5 2.60712 1.79217
6.55 2.5986 1.78311
6.6 2.59002 1.77403
6.65 2.58136 1.76492
6.7 2.57264 1.75578
6.75 2.56385 1.74662
6.8 2.55499 1.73744
6.85 2.54607 1.72823
6.9 2.53708 1.719
6.95 2.52802 1.70976
7 2.5189 1.70049
7.05 2.50971 1.6912
7.1 2.50045 1.6819
7.15 2.49113 1.67258
7.2 2.48175 1.66324
7.25 2.4723 1.65389
7.3 2.46279 1.64452
7.35 2.45322 1.63513
7.4 2.44358 1.62574
7.45 2.43388 1.61633
7.5 2.42412 1.60691
7.55 2.4143 1.59748
7.6 2.40442 1.58804
7.65 2.39447 1.57859
7.7 2.38447 1.56913
7.75 2.37441 1.55967
7.8 2.36429 1.5502
7.85 2.35411 1.54072
7.9 2.34387 1.53124
7.95 2.33358 1.52175
8 2.32323 1.51226
8.05 2.31282 1.50277
8.1 2.30236 1.49328
8.15 2.29184 1.48378
8.2 2.28127 1.47429
8.25 2.27065 1.4648
8.3 2.25997 1.4553
8.35 2.24924 1.44582
8.4 2.23846 1.43633
8.45 2.22763 1.42685
8.5 2.21674 1.41737
8.55 2.20581 1.40789
8.6 2.19483 1.39843
8.65 2.1838 1.38897
8.7 2.17273 1.37952
8.75 2.16161 1.37007
8.8 2.15044 1.36064
8.85 2.13922 1.35122
8.9 2.12797 1.3418
8.95 2.11667 1.3324
9 2.10532 1.32301
9.05 2.09394 1.31364
9.1 2.08251 1.30427
9.15 2.07104 1.29493
9.2 2.05954 1.28559
9.25 2.04799 1.27628
9.3 2.03641 1.26698
9.35 2.02479 1.25769
9.4 2.01314 1.24843
9.45 2.00144 1.23918
9.5 1.98972 1.22996
9.55 1.97796 1.22075
9.6 1.96617 1.21156
9.65 1.95435 1.2024
9.7 1.9425 1.19326
9.75 1.93061 1.18414
9.8 1.9187 1.17504
9.85 1.90676 1.16597
9.9 1.89479 1.15692
9.95 1.8828 1.1479
10 1.87078 1.13891
10.05 1.85874 1.12994
10.1 1.84668 1.121
10.15 1.83459 1.11209
10.2 1.82248 1.1032
10.25 1.81036 1.09435
10.3 1.79821 1.08552
10.35 1.78604 1.07672
10.4 1.77386 1.06796
10.45 1.76166 1.05923
10.5 1.74945 1.05053
10.55 1.73722 1.04186
10.6 1.72498 1.03322
10.65 1.71272 1.02462
10.7 1.70046 1.01606
10.75 1.68818 1.00752
10.8 1.6759 0.999026
10.85 1.66361 0.990565
10.9 1.65131 0.982141
10.95 1.639 0.973753
11 1.62669 0.965402
11.05 1.61438 0.95709
11.1 1.60206 0.948815
11.15 1.58975 0.94058
11.2 1.57743 0.932384
11.25 1.56511 0.924227
11.3 1.55279 0.916111
11.35 1.54048 0.908035
11.4 1.52817 0.9
11.45 1.51586 0.892007
11.5 1.50356 0.884055
11.55 1.49126 0.876146
11.6 1.47898 0.868279
11.65 1.4667 0.860456
11.7 1.45443 0.852675
11.75 1.44217 0.844939
11.8 1.42993 0.837247
11.85 1.41769 0.829599
11.9 1.40548 0.821996
11.95 1.39327 0.814439
12 1.38108 0.806927
12.05 1.36891 0.799461
12.1 1.35676 0.792041
12.15 1.34463 0.784667
12.2 1.33251 0.77734
12.25 1.32042 0.77006
12.3 1.30835 0.762828
12.35 1.29631 0.755643
12.4 1.28428 0.748506
12.45 1.27229 0.741418
12.5 1.26031 0.734377
12.55 1.24837 0.727385
12.6 1.23646 0.720442
12.65 1.22457 0.713548
12.7 1.21271 0.706704
12.75 1.20089 0.699908
12.8 1.18909 0.693163
12.85 1.17733 0.686467
12.9 1.16561 0.679821
12.95 1.15392 0.673226
13 1.14226 0.66668
13.05 1.13064 0.660185
13.1 1.11906 0.653741
13.15 1.10752 0.647348
13.2 1.09602 0.641005
13.25 1.08456 0.634714
13.3 1.07314 0.628473
13.35 1.06176 0.622284
13.4 1.05042 0.616146
13.45 1.03913 0.610059
13.5 1.02789 0.604024
13.55 1.01669 0.59804
13.6 1.00553 0.592107
13.65 0.994426 0.586227
13.7 0.983367 0.580398
13.75 0.972358 0.57462
13.8 0.961398 0.568894
13.85 0.950489 0.56322
13.9 0.939632 0.557598
13.95 0.928826 0.552027
14 0.918074 0.546508
14.05 0.907375 0.541041
14.1 0.89673 0.535625
14.15 0.886141 0.530261
14.2 0.875607 0.524948
14.25 0.86513 0.519687
14.3 0.85471 0.514477
14.35 0.844348 0.509318
14.4 0.834045 0.504211
14.45 0.8238 0.499155
14.5 0.813616 0.494151
14.55 0.803492 0.489197
14.6 0.79343 0.484294
14.65 0.783429 0.479442
14.7 0.77349 0.47464
14.75 0.763614 0.469889
14.8 0.753802 0.465189
14.85 0.744053 0.460539
14.9 0.73437 0.455938
14.95 0.724751 0.451388
15 0.715198 0.446888
15.05 0.705711 0.442437
15.1 0.696291 0.438036
15.15 0.686937 0.433684
15.2 0.677652 0.429381
15.25 0.668434 0.425127
15.3 0.659285 0.420921
15.35 0.650204 0.416764
15.4 0.641193 0.412656
15.45 0.632251 0.408595
15.5 0.62338 0.404582
15.55 0.614579 0.400617
15.6 0.605848 0.396699
15.65 0.597189 0.392828
15.7 0.588601 0.389003
15.75 0.580085 0.385226
15.8 0.571641 0.381495
15.85 0.563269 0.377809
15.9 0.55497 0.37417
15.95 0.546744 0.370576
16 0.538591 0.367027
16.05 0.530511 0.363523
16.1 0.522504 0.360064
16.15 0.514572 0.356649
16.2 0.506713 0.353278
16.25 0.498928 0.34995
16.3 0.491218 0.346666
16.35 0.483582 0.343426
16.4 0.47602 0.340227
16.45 0.468534 0.337072
16.5 0.461121 0.333958
16.55 0.453784 0.330886
16.6 0.446522 0.327855
16.65 0.439334 0.324866
16.7 0.432222 0.321917
16.75 0.425185 0.319009
16.8 0.418222 0.31614
16.85 0.411335 0.313311
16.9 0.404523 0.310522
16.95 0.397786 0.307771
17 0.391124 0.305059
17.05 0.384537 0.302385
17.1 0.378025 0.299749
17.15 0.371588 0.29715
17.2 0.365225 0.294589
17.25 0.358938 0.292064
17.3 0.352725 0.289575
17.35 0.346586 0.287122
17.4 0.340521 0.284705
17.45 0.334531 0.282322
17.5 0.328615 0.279975
17.55 0.322772 0.277662
17.6 0.317003 0.275382
17.65 0.311308 0.273136
17.7 0.305686 0.270924
17.75 0.300137 0.268744
17.8 0.294661 0.266596
17.85 0.289257 0.26448
17.9 0.283926 0.262396
17.95 0.278666 0.260342
18 0.273479 0.25832
18.05 0.268362 0.256327
18.1 0.263317 0.254365
18.15 0.258343 0.252432
18.2 0.25344 0.250527
18.25 0.248607 0.248652
18.3 0.243843 0.246805
18.35 0.239149 0.244985
18.4 0.234525 0.243193
18.45 0.229969 0.241428
18.5 0.225481 0.239689
18.55 0.221062 0.237976
18.6 0.21671 0.23629
18.65 0.212426 0.234628
18.7 0.208208 0.232991
18.75 0.204057 0.231379
18.8 0.199971 0.229791
18.85 0.195952 0.228226
18.9 0.191997 0.226685
18.95 0.188107 0.225167
19 0.184281 0.223671
19.05 0.180519 0.222197
19.1 0.17682 0.220744
19.15 0.173184 0.219313
19.2 0.16961 0.217902
19.25 0.166098 0.216512
19.3 0.162647 0.215142
19.35 0.159256 0.213792
19.4 0.155926 0.21246
19.45 0.152656 0.211148
19.5 0.149445 0.209854
19.55 0.146292 0.208578
19.6 0.143197 0.207319
19.65 0.14016 0.206078
19.7 0.13718 0.204854
19.75 0.134256 0.203646
19.8 0.131388 0.202454
19.85 0.128576 0.201278
19.9 0.125818 0.200117
19.95 0.123114 0.198971
20 0.120463 0.19784
20.05 0.117866 0.196723
20.1 0.115321 0.19562
20.15 0.112828 0.194531
20.2 0.110385 0.193454
20.25 0.107994 0.19239
20.3 0.105652 0.191339
20.35 0.10336 0.1903
20.4 0.101117 0.189273
20.45 0.0989212 0.188257
20.5 0.0967734 0.187252
20.55 0.0946725 0.186258
20.6 0.0926178 0.185274
20.65 0.0906089 0.1843
20.7 0.088645 0.183336
20.75 0.0867256 0.182381
20.8 0.08485 0.181436
20.85 0.0830176 0.180499
20.9 0.0812277 0.179571
20.95 0.0794798 0.178651
21 0.0777732 0.177739
21.05 0.0761074 0.176834
21.1 0.0744816 0.175937
21.15 0.0728953 0.175047
21.2 0.0713478 0.174163
21.25 0.0698385 0.173286
21.3 0.0683668 0.172415
21.35 0.066932 0.17155
21.4 0.0655336 0.17069
21.45 0.064171 0.169836
21.5 0.0628434 0.168987
21.55 0.0615504 0.168143
21.6 0.0602912 0.167303
21.65 0.0590653 0.166468
21.7 0.057872 0.165636
21.75 0.0567108 0.164809
21.8 0.055581 0.163985
21.85 0.054482 0.163165
21.9 0.0534133 0.162347
21.95 0.0523742 0.161533
22 0.0513642 0.160721
22.05 0.0503826 0.159912
22.1 0.0494289 0.159105
22.15 0.0485025 0.1583
22.2 0.0476027 0.157498
22.25 0.0467291 0.156696
22.3 0.0458809 0.155897
22.35 0.0450578 0.155099
22.4 0.0442591 0.154301
22.45 0.0434842 0.153505
22.5 0.0427325 0.15271
22.55 0.0420036 0.151915
22.6 0.0412969 0.151121
22.65 0.0406118 0.150327
22.7 0.0399478 0.149534
22.75 0.0393043 0.14874
22.8 0.0386809 0.147946
22.85 0.0380769 0.147152
22.9 0.0374919 0.146358
22.95 0.0369254 0.145563
23 0.0363768 0.144768
23.05 0.0358456 0.143971
23.1 0.0353314 0.143174
23.15 0.0348337 0.142376
23.2 0.0343519 0.141577
23.25 0.0338856 0.140777
23.3 0.0334342 0.139975
23.35 0.0329974 0.139172
23.4 0.0325747 0.138368
23.45 0.0321655 0.137562
23.5 0.0317696 0.136754
23.55 0.0313863 0.135945
23.6 0.0310152 0.135134
23.65 0.030656 0.134321
23.7 0.0303082 0.133506
23.75 0.0299714 0.132689
23.8 0.0296452 0.13187
23.85 0.029329 0.13105
23.9 0.0290227 0.130227
23.95 0.0287257 0.129402
24 0.0284376 0.128574
24.05 0.0281582 0.127745
24.1 0.0278869 0.126913
24.15 0.0276235 0.126079
24.2 0.0273676 0.125243
24.25 0.0271188 0.124404
24.3 0.0268767 0.123563
24.35 0.0266411 0.12272
24.4 0.0264116 0.121875
24.45 0.0261878 0.121027
24.5 0.0259695 0.120176
24.55 0.0257563 0.119324
24.6 0.0255479 0.118469
24.65 0.0253441 0.117612
24.7 0.0251444 0.116752
24.75 0.0249487 0.11589
24.8 0.0247567 0.115026
24.85 0.024568 0.11416
24.9 0.0243825 0.113291
24.95 0.0241998 0.11242
25 0.0240197 0.111548
25.05 0.023842 0.110673
25.1 0.0236664 0.109795
25.15 0.0234927 0.108916
25.2 0.0233206 0.108035
25.25 0.0231499 0.107152
25.3 0.0229805 0.106267
25.35 0.0228121 0.105381
25.4 0.0226446 0.104492
25.45 0.0224776 0.103602
25.5 0.0223111 0.10271
25.55 0.0221448 0.101816
25.6 0.0219786 0.100921
25.65 0.0218124 0.100025
25.7 0.0216459 0.0991269
25.75 0.021479 0.0982278
25.8 0.0213115 0.0973274
25.85 0.0211434 0.0964258
25.9 0.0209744 0.0955231
25.95 0.0208045 0.0946195
26 0.0206335 0.0937149
26.05 0.0204613 0.0928095
26.1 0.0202878 0.0919034
26.15 0.0201129 0.0909966
26.2 0.0199364 0.0900892
26.25 0.0197584 0.0891814
26.3 0.0195786 0.0882732
26.35 0.0193971 0.0873646
26.4 0.0192137 0.086456
26.45 0.0190284 0.0855472
26.5 0.0188411 0.0846384
26.55 0.0186517 0.0837297
26.6 0.0184602 0.0828213
26.65 0.0182666 0.0819131
26.7 0.0180707 0.0810054
26.75 0.0178725 0.0800981
26.8 0.0176721 0.0791915
26.85 0.0174694 0.0782857
26.9 0.0172643 0.0773806
26.95 0.0170568 0.0764765
27 0.0168469 0.0755735
27.05 0.0166347 0.0746716
27.1 0.01642 0.0737709
27.15 0.0162029 0.0728717
27.2 0.0159834 0.0719739
27.25 0.0157615 0.0710778
27.3 0.0155372 0.0701833
27.35 0.0153105 0.0692907
27.4 0.0150814 0.0684
27.45 0.01485 0.0675113
27.5 0.0146163 0.0666248
27.55 0.0143802 0.0657405
27.6 0.0141419 0.0648586
27.65 0.0139013 0.0639792
27.7 0.0136586 0.0631024
27.75 0.0134136 0.0622283
27.8 0.0131666 0.061357
27.85 0.0129175 0.0604887
27.9 0.0126664 0.0596234
27.95 0.0124133 0.0587612
28 0.0121583 0.0579023
28.05 0.0119015 0.0570467
28.1 0.0116428 0.0561946
28.15 0.0113825 0.0553461
28.2 0.0111205 0.0545012
28.25 0.0108569 0.0536602
28.3 0.0105917 0.052823
28.35 0.0103251 0.0519899
28.4 0.0100572 0.0511608
28.45 0.00978795 0.050336
28.5 0.00951748 0.0495154
28.55 0.00924587 0.0486992
28.6 0.0089732 0.0478876
28.65 0.00869956 0.0470805
28.7 0.00842503 0.0462782
28.75 0.0081497 0.0454806
28.8 0.00787365 0.044688
28.85 0.00759697 0.0439003
28.9 0.00731975 0.0431177
28.95 0.00704209 0.0423402
29 0.00676407 0.041568
29.05 0.00648579 0.0408011
29.1 0.00620734 0.0400397
29.15 0.00592881 0.0392838
29.2 0.00565031 0.0385335
29.25 0.00537192 0.0377888
29.3 0.00509374 0.0370499
29.35 0.00481586 0.0363169
29.4 0.00453839 0.0355898
29.45 0.00426142 0.0348686
29.5 0.00398505 0.0341535
29.55 0.00370936 0.0334446
29.6 0.00343447 0.0327419
29.65 0.00316046 0.0320454
29.7 0.00288744 0.0313553
29.75 0.00261549 0.0306716
29.8 0.00234472 0.0299944
29.85 0.00207522 0.0293237
29.9 0.00180708 0.0286597
29.95 0.0015404 0.0280022
30 0.00127528 0.0273515
30.05 0.0010118 0.0267076
30.1 0.000750059 0.0260704
30.15 0.000490149 0.0254401
30.2 0.000232161 0.0248168
30.25 -2.38166e-05 0.0242004
30.3 -0.000277694 0.023591
30.35 -0.000529383 0.0229887
30.4 -0.000778797 0.0223935
30.45 -0.00102585 0.0218054
30.5 -0.00127046 0.0212244
30.55 -0.00151254 0.0206507
30.6 -0.00175201 0.0200842
30.65 -0.00198879 0.019525
30.7 -0.0022228 0.018973
30.75 -0.00245396 0.0184284
30.8 -0.00268219 0.0178912
30.85 -0.00290743 0.0173613
30.9 -0.00312959 0.0168388
30.95 -0.00334861 0.0163237
31 -0.00356442 0.015816
31.05 -0.00377694 0.0153158
31.1 -0.00398612 0.014823
31.15 -0.00419188 0.0143377
31.2 -0.00439416 0.0138599
31.25 -0.00459291 0.0133895
31.3 -0.00478806 0.0129266
31.35 -0.00497955 0.0124713
31.4 -0.00516733 0.0120234
31.45 -0.00535135 0.011583
31.5 -0.00553156 0.01115
31.55 -0.0057079 0.0107246
31.6 -0.00588033 0.0103066
31.65 -0.00604879 0.00989609
31.7 -0.00621326 0.00949304
31.75 -0.00637368 0.00909741
31.8 -0.00653002 0.00870922
31.85 -0.00668224 0.00832843
31.9 -0.0068303 0.00795503
31.95 -0.00697418 0.007589
32 -0.00711383 0.00723032
32.05 -0.00724924 0.00687896
32.1 -0.00738037 0.0065349
32.15 -0.0075072 0.00619811
32.2 -0.00762971 0.00586856
32.25 -0.00774787 0.00554622
32.3 -0.00786168 0.00523106
32.35 -0.0079711 0.00492304
32.4 -0.00807614 0.00462213
32.45 -0.00817677 0.00432829
32.5 -0.008273 0.00404148
32.55 -0.0083648 0.00376166
32.6 -0.00845218 0.00348878
32.65 -0.00853513 0.00322282
32.7 -0.00861365 0.00296371
32.75 -0.00868774 0.00271141
32.8 -0.00875741 0.00246587
32.85 -0.00882266 0.00222705
32.9 -0.0088835 0.00199489
32.95 -0.00893994 0.00176934
33 -0.00899199 0.00155035
33.05 -0.00903966 0.00133786
33.1 -0.00908296 0.00113181
33.15 -0.00912193 0.000932142
33.2 -0.00915657 0.000738804
33.25 -0.0091869 0.000551733
33.3 -0.00921296 0.000370866
33.35 -0.00923476 0.000196142
33.4 -0.00925234 2.74959e-05
33.45 -0.00926571 -0.000135137
33.5 -0.00927492 -0.000291822
33.55 -0.00928 -0.000442627
33.6 -0.00928097 -0.00058762
33.65 -0.00927788 -0.000726869
33.7 -0.00927077 -0.000860445
33.75 -0.00925967 -0.000988419
33.8 -0.00924462 -0.00111086
33.85 -0.00922568 -0.00122785
33.9 -0.00920287 -0.00133944
33.95 -0.00917626 -0.00144573
34 -0.00914588 -0.00154679
34.05 -0.00911178 -0.00164268
34.1 -0.00907402 -0.00173349
34.15 -0.00903265 -0.00181929
34.2 -0.00898772 -0.00190016
34.25 -0.00893929 -0.00197618
34.3 -0.00888741 -0.00204743
34.35 -0.00883214 -0.00211398
34.4 -0.00877354 -0.00217593
34.45 -0.00871166 -0.00223333
34.5 -0.00864658 -0.00228629
34.55 -0.00857835 -0.00233487
34.6 -0.00850703 -0.00237916
34.65 -0.00843269 -0.00241925
34.7 -0.00835539 -0.0024552
34.75 -0.0082752 -0.00248711
34.8 -0.0081922 -0.00251506
34.85 -0.00810643 -0.00253913
34.9 -0.00801798 -0.00255941
34.95 -0.00792692 -0.00257596
35 -0.00783331 -0.00258889
35.05 -0.00773722 -0.00259827
35.1 -0.00763874 -0.00260419
35.15 -0.00753792 -0.00260672
35.2 -0.00743484 -0.00260596
35.25 -0.00732959 -0.00260197
35.3 -0.00722222 -0.00259486
35.35 -0.00711282 -0.0025847
35.4 -0.00700146 -0.00257157
35.45 -0.00688821 -0.00255556
35.5 -0.00677316 -0.00253674
35.55 -0.00665637 -0.0025152
35.6 -0.00653793 -0.00249103
35.65 -0.00641791 -0.0024643
35.7 -0.00629639 -0.0024351
35.75 -0.00617344 -0.0024035
35.8 -0.00604914 -0.00236958
35.85 -0.00592357 -0.00233344
35.9 -0.00579681 -0.00229514
35.95 -0.00566892 -0.00225476
36 -0.00554 -0.00221239
36.05 -0.00541011 -0.00216811
36.1 -0.00527934 -0.00212198
36.15 -0.00514775 -0.00207409
36.2 -0.00501543 -0.00202452
36.25 -0.00488245 -0.00197333
36.3 -0.00474888 -0.00192062
36.35 -0.00461481 -0.00186644
36.4 -0.0044803 -0.00181088
36.45 -0.00434544 -0.00175401
36.5 -0.00421029 -0.0016959
36.55 -0.00407494 -0.00163662
36.6 -0.00393944 -0.00157625
36.65 -0.00380388 -0.00151485
36.7 -0.00366832 -0.0014525
36.75 -0.00353285 -0.00138927
36.8 -0.00339752 -0.00132521
36.85 -0.00326241 -0.00126041
36.9 -0.00312759 -0.00119492
36.95 -0.00299313 -0.00112882
37 -0.00285909 -0.00106216
37.05 -0.00272554 -0.000995015
37.1 -0.00259255 -0.000927441
37.15 -0.00246018 -0.000859504
37.2 -0.0023285 -0.000791264
37.25 -0.00219757 -0.00072278
37.3 -0.00206746 -0.000654113
37.35 -0.00193821 -0.000585319
37.4 -0.0018099 -0.000516457
37.45 -0.00168259 -0.000447582
37.5 -0.00155633 -0.00037875
37.55 -0.00143118 -0.000310015
37.6 -0.00130719 -0.000241429
37.65 -0.00118443 -0.000173046
37.7 -0.00106294 -0.000104914
37.75 -0.000942781 -3.70857e-05
37.8 -0.000824002 3.03916e-05
37.85 -0.000706652 9.74697e-05
37.9 -0.000590783 0.000164102
37.95 -0.000476441 0.000230243
38 -0.000363674 0.000295848
38.05 -0.000252526 0.000360874
38.1 -0.000143044 0.000425279
38.15 -3.52683e-05 0.000489021
38.2 7.0758e-05 0.000552061
38.25 0.000174995 0.000614359
38.3 0.000277403 0.000675878
38.35 0.000377945 0.000736582
38.4 0.000476585 0.000796434
38.45 0.000573287 0.0008554
38.5 0.000668018 0.000913447
38.55 0.000760745 0.000970542
38.6 0.000851437 0.00102666
38.65 0.000940066 0.00108176
38.7 0.0010266 0.00113582
38.75 0.00111102 0.00118881
38.8 0.00119329 0.00124071
38.85 0.0012734 0.00129148
38.9 0.00135131 0.00134111
38.95 0.00142701 0.00138958
39 0.00150048 0.00143685
39.05 0.0015717 0.00148291
39.1 0.00164065 0.00152774
39.15 0.00170732 0.00157132
39.2 0.0017717 0.00161364
39.25 0.00183376 0.00165467
39.3 0.0018935 0.0016944
39.35 0.00195091 0.00173281
39.4 0.00200598 0.0017699
39.45 0.0020587 0.00180564
39.5 0.00210907 0.00184004
39.55 0.00215708 0.00187307
39.6 0.00220273 0.00190473
39.65 0.00224601 0.00193501
39.7 0.00228694 0.00196391
39.75 0.0023255 0.00199141
39.8 0.00236169 0.00201751
39.85 0.00239553 0.00204221
39.9 0.00242702 0.0020655
39.95 0.00245616 0.00208739
40 0.00248296 0.00210786
40.05 0.00250743 0.00212692
40.1 0.00252957 0.00214457
40.15 0.00254941 0.00216081
40.2 0.00256694 0.00217564
40.25 0.00258219 0.00218907
40.3 0.00259517 0.0022011
40.35 0.00260589 0.00221173
40.4 0.00261437 0.00222097
40.45 0.00262062 0.00222882
40.5 0.00262468 0.0022353
40.55 0.00262655 0.00224041
40.6 0.00262626 0.00224415
40.65 0.00262382 0.00224655
40.7 0.00261927 0.0022476
40.75 0.00261263 0.00224732
40.8 0.00260392 0.00224572
40.85 0.00259316 0.00224281
40.9 0.00258039 0.00223861
40.95 0.00256563 0.00223313
41 0.00254891 0.00222638
41.05 0.00253026 0.00221838
41.1 0.00250971 0.00220915
41.15 0.00248729 0.00219869
41.2 0.00246303 0.00218703
41.25 0.00243697 0.00217419
41.3 0.00240914 0.00216017
41.35 0.00237957 0.002145
41.4 0.00234829 0.00212871
41.45 0.00231535 0.0021113
41.5 0.00228078 0.00209279
41.55 0.00224462 0.00207322
41.6 0.0022069 0.00205259
41.65 0.00216766 0.00203093
41.7 0.00212694 0.00200826
41.75 0.00208477 0.0019846
41.8 0.00204121 0.00195998
41.85 0.00199628 0.00193441
41.9 0.00195003 0.00190792
41.95 0.0019025 0.00188054
42 0.00185373 0.00185228
42.05 0.00180376 0.00182317
42.1 0.00175263 0.00179324
42.15 0.00170038 0.0017625
42.2 0.00164707 0.00173099
42.25 0.00159272 0.00169873
42.3 0.00153739 0.00166573
42.35 0.00148111 0.00163204
42.4 0.00142393 0.00159767
42.45 0.00136589 0.00156264
42.5 0.00130703 0.00152699
42.55 0.00124741 0.00149074
42.6 0.00118706 0.00145392
42.65 0.00112602 0.00141654
42.7 0.00106434 0.00137864
42.75 0.00100207 0.00134025
42.8 0.000939246 0.00130138
42.85 0.000875912 0.00126207
42.9 0.000812112 0.00122234
42.95 0.000747889 0.00118222
43 0.000683288 0.00114173
43.05 0.000618351 0.0011009
43.1 0.000553121 0.00105975
43.15 0.000487641 0.00101832
43.2 0.000421954 0.000976619
43.25 0.000356101 0.000934682
43.3 0.000290126 0.000892533
43.35 0.000224069 0.000850196
43.4 0.000157972 0.000807698
43.45 9.1877e-05 0.000765063
43.5 2.58239e-05 0.000722316
43.55 -4.01465e-05 0.000679482
43.6 -0.000105994 0.000636586
43.65 -0.00017168 0.000593652
43.7 -0.000237164 0.000550704
43.75 -0.000302407 0.000507766
43.8 -0.000367372 0.000464862
43.85 -0.00043202 0.000422015
43.9 -0.000496315 0.000379248
43.95 -0.000560219 0.000336585
44 -0.000623696 0.000294048
44.05 -0.000686711 0.000251659
44.1 -0.000749228 0.00020944
44.15 -0.000811212 0.000167414
44.2 -0.00087263 0.000125601
44.25 -0.000933448 8.40232e-05
44.3 -0.000993634 4.27006e-05
44.35 -0.00105316 1.65371e-06
44.4 -0.00111198 -3.90972e-05
44.45 -0.00117008 -7.95326e-05
44.5 -0.00122742 -0.000119633
44.55 -0.00128398 -0.00015938
44.6 -0.00133972 -0.000198754
44.65 -0.00139462 -0.000237737
44.7 -0.00144864 -0.000276313
44.75 -0.00150177 -0.000314462
44.8 -0.00155398 -0.000352169
44.85 -0.00160524 -0.000389416
44.9 -0.00165553 -0.000426189
44.95 -0.00170482 -0.00046247
45 -0.0017531 -0.000498244
45.05 -0.00180033 -0.000533498
45.1 -0.00184651 -0.000568216
45.15 -0.0018916 -0.000602384
45.2 -0.00193559 -0.000635989
45.25 -0.00197846 -0.000669019
45.3 -0.00202019 -0.000701459
45.35 -0.00206077 -0.000733299
45.4 -0.00210018 -0.000764526
45.45 -0.0021384 -0.000795129
45.5 -0.00217541 -0.000825098
45.55 -0.00221122 -0.000854422
45.6 -0.00224579 -0.000883091
45.65 -0.00227913 -0.000911096
45.7 -0.00231121 -0.000938428
45.75 -0.00234203 -0.000965079
45.8 -0.00237158 -0.00099104
45.85 -0.00239984 -0.0010163
45.9 -0.00242682 -0.00104087
45.95 -0.0024525 -0.00106472
46 -0.00247688 -0.00108785
46.05 -0.00249996 -0.00111026
46.1 -0.00252172 -0.00113194
46.15 -0.00254216 -0.0011529
46.2 -0.00256128 -0.00117311
46.25 -0.00257908 -0.00119259
46.3 -0.00259556 -0.00121132
46.35 -0.00261071 -0.0012293
46.4 -0.00262454 -0.00124654
46.45 -0.00263704 -0.00126303
46.5 -0.00264823 -0.00127876
46.55 -0.00265809 -0.00129374
46.6 -0.00266664 -0.00130797
46.65 -0.00267387 -0.00132144
46.7 -0.0026798 -0.00133415
46.75 -0.00268443 -0.00134612
46.8 -0.00268775 -0.00135733
46.85 -0.0026898 -0.00136779
46.9 -0.00269055 -0.0013775
46.95 -0.00269004 -0.00138647
47 -0.00268826 -0.00139469
47.05 -0.00268523 -0.00140217
47.1 -0.00268095 -0.00140891
47.15 -0.00267544 -0.00141492
47.2 -0.00266871 -0.0014202
47.25 -0.00266077 -0.00142476
47.3 -0.00265163 -0.00142859
47.35 -0.00264131 -0.00143171
47.4 -0.00262982 -0.00143412
47.45 -0.00261717 -0.00143583
47.5 -0.00260339 -0.00143685
47.55 -0.00258849 -0.00143717
47.6 -0.00257247 -0.00143681
47.65 -0.00255537 -0.00143577
47.7 -0.0025372 -0.00143407
47.75 -0.00251797 -0.00143171
47.8 -0.0024977 -0.0014287
47.85 -0.00247642 -0.00142504
47.9 -0.00245414 -0.00142075
47.95 -0.00243088 -0.00141584
48 -0.00240667 -0.00141031
48.05 -0.00238152 -0.00140417
48.1 -0.00235545 -0.00139744
48.15 -0.00232848 -0.00139012
48.2 -0.00230065 -0.00138223
48.25 -0.00227196 -0.00137377
48.3 -0.00224245 -0.00136476
48.35 -0.00221213 -0.00135521
48.4 -0.00218103 -0.00134512
48.45 -0.00214917 -0.00133451
48.5 -0.00211658 -0.0013234
48.55 -0.00208327 -0.00131179
48.6 -0.00204928 -0.00129969
48.65 -0.00201462 -0.00128712
48.7 -0.00197933 -0.00127409
48.75 -0.00194343 -0.00126061
48.8 -0.00190693 -0.00124669
48.85 -0.00186988 -0.00123236
48.9 -0.00183228 -0.00121761
48.95 -0.00179418 -0.00120246
49 -0.00175559 -0.00118693
49.05 -0.00171654 -0.00117103
49.1 -0.00167705 -0.00115477
49.15 -0.00163715 -0.00113816
49.2 -0.00159687 -0.00112122
49.25 -0.00155624 -0.00110397
49.3 -0.00151527 -0.00108641
49.35 -0.001474 -0.00106855
49.4 -0.00143244 -0.00105042
49.45 -0.00139064 -0.00103203
49.5 -0.0013486 -0.00101338
49.55 -0.00130637 -0.000994494
49.6 -0.00126395 -0.000975385
49.65 -0.00122139 -0.000956065
49.7 -0.0011787 -0.000936547
49.75 -0.00113591 -0.000916845
49.8 -0.00109305 -0.000896973
49.85 -0.00105014 -0.000876944
49.9 -0.0010072 -0.000856772
49.95 -0.000964263 -0.000836468
50 -0.000921351 -0.000816048
