-0.498 -0.000271887 -0.000112108
-0.496 -0.00109914 -0.000453652
-0.494 -0.00249875 -0.00103206
-0.492 -0.00448716 -0.0018542
-0.49 -0.00708014 -0.0029263
-0.488 -0.0102928 -0.0042539
-0.486 -0.0141393 -0.00584182
-0.484 -0.018633 -0.00769409
-0.482 -0.0237865 -0.00981393
-0.48 -0.0296111 -0.0122037
-0.478 -0.0361172 -0.0148647
-0.476 -0.0433139 -0.0177976
-0.474 -0.0512093 -0.0210017
-0.472 -0.0598099 -0.0244756
-0.47 -0.0691213 -0.0282166
-0.468 -0.0791472 -0.032221
-0.466 -0.0898904 -0.0364841
-0.464 -0.101352 -0.0409999
-0.462 -0.113531 -0.0457614
-0.46 -0.126426 -0.0507604
-0.458 -0.140033 -0.0559875
-0.456 -0.154347 -0.0614321
-0.454 -0.169361 -0.0670824
-0.452 -0.185066 -0.0729257
-0.45 -0.201451 -0.0789478
-0.448 -0.218506 -0.0851335
-0.446 -0.236215 -0.0914665
-0.444 -0.254564 -0.0979293
-0.442 -0.273535 -0.104503
-0.44 -0.29311 -0.111169
-0.438 -0.313266 -0.117906
-0.436 -0.333983 -0.124692
-0.434 -0.355235 -0.131506
-0.432 -0.376996 -0.138322
-0.43 -0.399241 -0.145118
-0.428 -0.421938 -0.151868
-0.426 -0.445057 -0.158546
-0.424 -0.468567 -0.165126
-0.422 -0.492433 -0.171581
-0.42 -0.51662 -0.177884
-0.418 -0.541091 -0.184005
-0.416 -0.565809 -0.189918
-0.414 -0.590734 -0.195593
-0.412 -0.615825 -0.201001
-0.41 -0.641041 -0.206114
-0.408 -0.666339 -0.210903
-0.406 -0.691675 -0.215339
-0.404 -0.717004 -0.219393
-0.402 -0.742282 -0.223036
-0.4 -0.767461 -0.226242
-0.398 -0.792495 -0.228982
-0.396 -0.817335 -0.231229
-0.394 -0.841935 -0.232958
-0.392 -0.866245 -0.234143
-0.39 -0.890216 -0.234758
-0.388 -0.9138 -0.234781
-0.386 -0.936948 -0.23419
-0.384 -0.95961 -0.232962
-0.382 -0.981738 -0.231078
-0.38 -1.00328 -0.228519
-0.378 -1.0242 -0.225268
-0.376 -1.04443 -0.221309
-0.374 -1.06394 -0.216629
-0.372 -1.08267 -0.211215
-0.37 -1.10058 -0.205057
-0.368 -1.11763 -0.198146
-0.366 -1.13378 -0.190475
-0.364 -1.14897 -0.18204
-0.362 -1.16316 -0.172838
-0.36 -1.17632 -0.162869
-0.358 -1.18841 -0.152135
-0.356 -1.19939 -0.140639
-0.354 -1.20923 -0.128387
-0.352 -1.21788 -0.115388
-0.35 -1.22532 -0.101651
-0.348 -1.23152 -0.0871913
-0.346 -1.23644 -0.072022
-0.344 -1.24007 -0.056161
-0.342 -1.24237 -0.0396276
-0.34 -1.24333 -0.0224436
-0.338 -1.24291 -0.00463271
-0.336 -1.24112 0.0137791
-0.334 -1.23792 0.032764
-0.332 -1.23332 0.0522919
-0.33 -1.22728 0.072331
-0.328 -1.21982 0.0928476
-0.326 -1.21091 0.113806
-0.324 -1.20056 0.13517
-0.322 -1.18876 0.1569
-0.32 -1.17552 0.178957
-0.318 -1.16084 0.201298
-0.316 -1.14472 0.223882
-0.314 -1.12717 0.246665
-0.312 -1.10821 0.269602
-0.31 -1.08783 0.292649
-0.308 -1.06606 0.315759
-0.306 -1.04291 0.338886
-0.304 -1.0184 0.361983
-0.302 -0.99254 0.385004
-0.3 -0.965363 0.407902
-0.298 -0.936887 0.430631
-0.296 -0.907134 0.453144
-0.294 -0.876129 0.475395
-0.292 -0.843899 0.497341
-0.29 -0.810471 0.518936
-0.288 -0.775871 0.540139
-0.286 -0.740128 0.560907
-0.284 -0.703272 0.5812
-0.282 -0.66533 0.600979
-0.28 -0.626333 0.620207
-0.278 -0.586309 0.638849
-0.276 -0.545288 0.656872
-0.274 -0.503299 0.674245
-0.272 -0.460369 0.690938
-0.27 -0.416527 0.706927
-0.268 -0.371798 0.722187
-0.266 -0.32621 0.736697
-0.264 -0.279786 0.750438
-0.262 -0.23255 0.763396
-0.26 -0.184523 0.775558
-0.258 -0.135727 0.786915
-0.256 -0.0861798 0.79746
-0.254 -0.0358978 0.807191
-0.252 0.0151039 0.816107
-0.25 0.0668126 0.824213
-0.248 0.119218 0.831514
-0.246 0.172311 0.838022
-0.244 0.226087 0.843749
-0.242 0.280542 0.848713
-0.24 0.335674 0.852934
-0.238 0.391487 0.856435
-0.236 0.447983 0.859243
-0.234 0.505171 0.861389
-0.232 0.563059 0.862906
-0.23 0.62166 0.863829
-0.228 0.68099 0.8642
-0.226 0.741066 0.864059
-0.224 0.80191 0.863454
-0.222 0.863543 0.862431
-0.22 0.925993 0.861042
-0.218 0.989288 0.85934
-0.216 1.05346 0.857382
-0.214 1.11854 0.855226
-0.212 1.18457 0.852932
-0.21 1.25158 0.850563
-0.208 1.31962 0.848183
-0.206 1.38874 0.845859
-0.204 1.45896 0.843659
-0.202 1.53035 0.841652
-0.2 1.60296 0.839908
-0.198 1.67682 0.838499
-0.196 1.75201 0.837498
-0.194 1.82857 0.836979
-0.192 1.90656 0.837014
-0.19 1.98603 0.837678
-0.188 2.06705 0.839047
-0.186 2.14968 0.841194
-0.184 2.23397 0.844193
-0.182 2.31999 0.84812
-0.18 2.4078 0.853046
-0.178 2.49747 0.859046
-0.176 2.58905 0.866191
-0.174 2.68261 0.874551
-0.172 2.77821 0.884197
-0.17 2.87592 0.895197
-0.168 2.9758 0.907617
-0.166 3.07791 0.921522
-0.164 3.18231 0.936976
-0.162 3.28906 0.954038
-0.16 3.39823 0.972768
-0.158 3.50987 0.993221
-0.156 3.62404 1.01545
-0.154 3.74079 1.03951
-0.152 3.86019 1.06545
-0.15 3.98227 1.09331
-0.148 4.1071 1.12313
-0.146 4.23471 1.15496
-0.144 4.36516 1.18883
-0.142 4.49849 1.22477
-0.14 4.63474 1.26281
-0.138 4.77394 1.30298
-0.136 4.91614 1.3453
-0.134 5.06135 1.38978
-0.132 5.20962 1.43644
-0.13 5.36097 1.48529
-0.128 5.5154 1.53634
-0.126 5.67296 1.58958
-0.124 5.83363 1.64502
-0.122 5.99745 1.70265
-0.12 6.1644 1.76246
-0.118 6.33449 1.82443
-0.116 6.50772 1.88855
-0.114 6.68407 1.95479
-0.112 6.86353 2.02312
-0.11 7.04609 2.09352
-0.108 7.2317 2.16594
-0.106 7.42036 2.24034
-0.104 7.61201 2.31669
-0.102 7.80662 2.39492
-0.1 8.00414 2.47499
-0.098 8.20451 2.55683
-0.096 8.40767 2.6404
-0.094 8.61357 2.72561
-0.092 8.82211 2.81239
-0.09 9.03323 2.90068
-0.088 9.24683 2.99039
-0.086 9.46283 3.08144
-0.084 9.68111 3.17374
-0.082 9.90158 3.2672
-0.08 10.1241 3.36172
-0.078 10.3486 3.4572
-0.076 10.5749 3.55355
-0.074 10.8028 3.65065
-0.072 11.0323 3.74839
-0.07 11.2632 3.84667
-0.068 11.4952 3.94535
-0.066 11.7283 4.04433
-0.064 11.9623 4.14348
-0.062 12.1969 4.24266
-0.06 12.432 4.34176
-0.058 12.6674 4.44065
-0.056 12.9029 4.53917
-0.054 13.1382 4.63721
-0.052 13.3732 4.73462
-0.05 13.6075 4.83126
-0.048 13.841 4.92698
-0.046 14.0735 5.02166
-0.044 14.3046 5.11513
-0.042 14.5341 5.20726
-0.04 14.7617 5.2979
-0.038 14.9872 5.3869
-0.036 15.2104 5.47412
-0.034 15.4308 5.55941
-0.032 15.6483 5.64262
-0.03 15.8625 5.72362
-0.028 16.0732 5.80226
-0.026 16.2801 5.87839
-0.024 16.4828 5.95187
-0.022 16.6811 6.02258
-0.02 16.8747 6.09037
-0.018 17.0632 6.15511
-0.016 17.2465 6.21668
-0.014 17.4241 6.27494
-0.012 17.5958 6.32979
-0.01 17.7614 6.38109
-0.008 17.9204 6.42875
-0.006 18.0727 6.47265
-0.004 18.2179 6.5127
-0.002 18.3557 6.5488
0 18.486 6.58086
0.002 18.6085 6.60882
0.004 18.7229 6.63258
0.006 18.8289 6.65209
0.008 18.9264 6.66726
0.01 19.0151 6.67806
0.012 19.0947 6.68444
0.014 19.1652 6.68636
0.016 19.2262 6.68379
0.018 19.2776 6.67671
0.02 19.3194 6.66511
0.022 19.3512 6.64899
0.024 19.373 6.62836
0.026 19.3847 6.60322
0.028 19.3862 6.57361
0.03 19.3773 6.53955
0.032 19.358 6.50108
0.034 19.3283 6.45827
0.036 19.2881 6.41116
0.038 19.2374 6.35982
0.04 19.1761 6.30433
0.042 19.1044 6.24478
0.044 19.0221 6.18125
0.046 18.9295 6.11385
0.048 18.8265 6.04268
0.05 18.7132 5.96787
0.052 18.5896 5.88952
0.054 18.456 5.80777
0.056 18.3125 5.72276
0.058 18.1591 5.63462
0.06 17.996 5.54351
0.062 17.8235 5.44956
0.064 17.6416 5.35295
0.066 17.4506 5.25382
0.068 17.2507 5.15235
0.07 17.0421 5.04869
0.072 16.8251 4.94303
0.074 16.5999 4.83553
0.076 16.3667 4.72636
0.078 16.1259 4.61571
0.08 15.8776 4.50375
0.082 15.6223 4.39066
0.084 15.3601 4.27661
0.086 15.0915 4.16179
0.088 14.8166 4.04637
0.09 14.5359 3.93052
0.092 14.2495 3.81442
0.094 13.958 3.69823
0.096 13.6615 3.58214
0.098 13.3605 3.4663
0.1 13.0552 3.35087
0.102 12.7461 3.23602
0.104 12.4334 3.12189
0.106 12.1174 3.00865
0.108 11.7987 2.89642
0.11 11.4774 2.78536
0.112 11.1539 2.67561
0.114 10.8286 2.56727
0.116 10.5019 2.4605
0.118 10.1739 2.35539
0.12 9.84519 2.25206
0.122 9.51598 2.15062
0.124 9.18661 2.05117
0.126 8.85742 1.95379
0.128 8.52873 1.85858
0.13 8.20086 1.76561
0.132 7.87411 1.67495
0.134 7.54879 1.58667
0.136 7.2252 1.50083
0.138 6.90363 1.41748
0.14 6.58437 1.33667
0.142 6.2677 1.25842
0.144 5.95388 1.18277
0.146 5.64319 1.10976
0.148 5.33587 1.03938
0.15 5.03218 0.971664
0.152 4.73235 0.906607
0.154 4.43662 0.844211
0.156 4.1452 0.784468
0.158 3.85831 0.727366
0.16 3.57615 0.672887
0.162 3.29891 0.621007
0.164 3.02679 0.571698
0.166 2.75994 0.524925
0.168 2.49855 0.480652
0.17 2.24276 0.438833
0.172 1.99272 0.399423
0.174 1.74856 0.362371
0.176 1.51041 0.327621
0.178 1.27838 0.295116
0.18 1.05259 0.264794
0.182 0.833113 0.23659
0.184 0.620049 0.210438
0.186 0.413467 0.186268
0.188 0.213433 0.164008
0.19 0.0200014 0.143585
0.192 -0.166784 0.124924
0.194 -0.346888 0.107949
0.196 -0.520285 0.0925805
0.198 -0.686961 0.0787418
0.2 -0.846909 0.0663532
0.202 -1.00013 0.0553354
0.204 -1.14665 0.0456088
0.206 -1.28647 0.0370939
0.208 -1.41964 0.0297115
0.21 -1.5462 0.0233829
0.212 -1.66618 0.0180302
0.214 -1.77965 0.0135763
0.216 -1.88667 0.00994529
0.218 -1.98732 0.0070625
0.22 -2.08168 0.0048547
0.222 -2.16983 0.00325025
0.224 -2.25187 0.00217926
0.226 -2.32791 0.00157376
0.228 -2.39804 0.00136774
0.23 -2.46239 0.00149737
0.232 -2.52108 0.00190105
0.234 -2.57422 0.0025195
0.236 -2.62197 0.00329591
0.238 -2.66444 0.00417596
0.24 -2.70179 0.0051079
0.242 -2.73416 0.00604266
0.244 -2.76169 0.00693383
0.246 -2.78455 0.00773777
0.248 -2.80289 0.00841358
0.25 -2.81686 0.0089232
0.252 -2.82663 0.00923137
0.254 -2.83236 0.00930564
0.256 -2.83422 0.00911643
0.258 -2.83237 0.00863695
0.26 -2.82699 0.00784324
0.262 -2.81824 0.00671412
0.264 -2.80628 0.0052312
0.266 -2.79129 0.00337879
0.268 -2.77344 0.00114393
0.27 -2.75289 -0.00148371
0.272 -2.7298 -0.00451186
0.274 -2.70435 -0.0079457
0.276 -2.67669 -0.0117879
0.278 -2.64699 -0.0160388
0.28 -2.61539 -0.0206963
0.282 -2.58206 -0.0257561
0.284 -2.54715 -0.0312116
0.286 -2.51081 -0.0370543
0.288 -2.47317 -0.0432733
0.29 -2.43439 -0.0498562
0.292 -2.3946 -0.0567885
0.294 -2.35392 -0.064054
0.296 -2.3125 -0.0716349
0.298 -2.27044 -0.0795119
0.3 -2.22788 -0.0876641
0.302 -2.18492 -0.0960694
0.304 -2.14167 -0.104704
0.306 -2.09824 -0.113545
0.308 -2.05472 -0.122565
0.31 -2.0112 -0.131739
0.312 -1.96778 -0.141039
0.314 -1.92453 -0.150437
0.316 -1.88153 -0.159906
0.318 -1.83886 -0.169416
0.32 -1.79657 -0.178939
0.322 -1.75472 -0.188445
0.324 -1.71338 -0.197905
0.326 -1.67259 -0.207289
0.328 -1.63239 -0.216568
0.33 -1.59283 -0.225714
0.332 -1.55394 -0.234698
0.334 -1.51574 -0.243491
0.336 -1.47827 -0.252067
0.338 -1.44154 -0.260397
0.34 -1.40557 -0.268458
0.342 -1.37037 -0.276222
0.344 -1.33594 -0.283665
0.346 -1.3023 -0.290766
0.348 -1.26945 -0.297501
0.35 -1.23737 -0.303849
0.352 -1.20606 -0.309791
0.354 -1.17553 -0.315309
0.356 -1.14574 -0.320386
0.358 -1.11669 -0.325006
0.36 -1.08837 -0.329156
0.362 -1.06075 -0.332823
0.364 -1.03381 -0.335997
0.366 -1.00753 -0.338668
0.368 -0.981886 -0.340829
0.37 -0.956858 -0.342475
0.372 -0.932416 -0.343601
0.374 -0.908535 -0.344205
0.376 -0.885187 -0.344287
0.378 -0.862346 -0.343848
0.38 -0.839984 -0.34289
0.382 -0.818074 -0.341418
0.384 -0.796587 -0.339439
0.386 -0.775498 -0.33696
0.388 -0.75478 -0.33399
0.39 -0.734407 -0.33054
0.392 -0.714355 -0.326623
0.394 -0.6946 -0.322253
0.396 -0.675118 -0.317444
0.398 -0.65589 -0.312214
0.4 -0.636893 -0.306581
0.402 -0.61811 -0.300562
0.404 -0.599523 -0.294179
0.406 -0.581117 -0.287453
0.408 -0.562877 -0.280405
0.41 -0.544791 -0.273059
0.412 -0.526849 -0.265438
0.414 -0.509041 -0.257567
0.416 -0.491361 -0.249471
0.418 -0.473804 -0.241174
0.42 -0.456367 -0.232704
0.422 -0.439047 -0.224086
0.424 -0.421846 -0.215346
0.426 -0.404765 -0.206511
0.428 -0.38781 -0.197607
0.43 -0.370985 -0.188661
0.432 -0.354299 -0.179698
0.434 -0.337761 -0.170745
0.436 -0.321381 -0.161826
0.438 -0.305173 -0.152968
0.44 -0.289151 -0.144193
0.442 -0.273329 -0.135527
0.444 -0.257725 -0.126991
0.446 -0.242358 -0.118609
0.448 -0.227245 -0.110401
0.45 -0.212409 -0.102387
0.452 -0.197869 -0.0945879
0.454 -0.183649 -0.0870208
0.456 -0.169772 -0.0797032
0.458 -0.156261 -0.0726508
0.46 -0.14314 -0.0658784
0.462 -0.130435 -0.0593993
0.464 -0.11817 -0.0532257
0.466 -0.106371 -0.0473684
0.468 -0.0950621 -0.0418366
0.47 -0.0842698 -0.0366385
0.472 -0.0740187 -0.0317806
0.474 -0.0643338 -0.0272683
0.476 -0.0552395 -0.0231053
0.478 -0.0467596 -0.0192942
0.48 -0.0389175 -0.0158362
0.482 -0.0317356 -0.0127308
0.484 -0.0252356 -0.00997676
0.486 -0.019438 -0.00757109
0.488 -0.0143625 -0.00550978
0.49 -0.0100273 -0.00378754
0.492 -0.00644952 -0.00239794
0.494 -0.00364462 -0.00133346
0.496 -0.00162671 -0.000585512
0.498 -0.00040825 -0.000144521
0.05 7.14134 2.62112
0.1 7.14154 2.62109
0.15 7.14188 2.62104
0.2 7.14236 2.62098
0.25 7.14297 2.62089
0.3 7.14372 2.62078
0.35 7.1446 2.62066
0.4 7.14562 2.62051
0.45 7.14677 2.62035
0.5 7.14805 2.62016
0.55 7.14947 2.61996
0.6 7.15102 2.61973
0.65 7.1527 2.61949
0.7 7.15451 2.61922
0.75 7.15644 2.61893
0.8 7.15851 2.61863
0.85 7.1607 2.6183
0.9 7.16302 2.61795
0.95 7.16547 2.61758
1 7.16803 2.61719
1.05 7.17072 2.61678
1.1 7.17353 2.61635
1.15 7.17646 2.61589
1.2 7.1795 2.61541
1.25 7.18266 2.61491
1.3 7.18593 2.61439
1.35 7.18932 2.61384
1.4 7.19281 2.61327
1.45 7.19641 2.61268
1.5 7.20012 2.61206
1.55 7.20393 2.61142
1.6 7.20785 2.61075
1.65 7.21186 2.61006
1.7 7.21597 2.60935
1.75 7.22018 2.60861
1.8 7.22447 2.60784
1.85 7.22886 2.60704
1.9 7.23334 2.60622
1.95 7.2379 2.60538
2 7.24254 2.6045
2.05 7.24726 2.6036
2.1 7.25206 2.60267
2.15 7.25694 2.60171
2.2 7.26188 2.60072
2.25 7.26689 2.5997
2.3 7.27197 2.59866
2.35 7.27712 2.59758
2.4 7.28232 2.59647
2.45 7.28758 2.59533
2.5 7.29289 2.59416
2.55 7.29825 2.59296
2.6 7.30366 2.59172
2.65 7.30911 2.59045
2.7 7.3146 2.58915
2.75 7.32013 2.58782
2.8 7.3257 2.58645
2.85 7.33129 2.58504
2.9 7.33691 2.5836
2.95 7.34256 2.58213
3 7.34822 2.58061
3.05 7.35391 2.57907
3.1 7.3596 2.57748
3.15 7.3653 2.57586
3.2 7.37101 2.5742
3.25 7.37672 2.5725
3.3 7.38243 2.57076
3.35 7.38813 2.56898
3.4 7.39383 2.56716
3.45 7.39951 2.5653
3.5 7.40517 2.56341
3.55 7.41081 2.56146
3.6 7.41643 2.55948
3.65 7.42202 2.55746
3.7 7.42758 2.55539
3.75 7.4331 2.55328
3.8 7.43858 2.55112
3.85 7.44402 2.54892
3.9 7.44941 2.54668
3.95 7.45475 2.54439
4 7.46003 2.54205
4.05 7.46525 2.53967
4.1 7.47041 2.53724
4.15 7.4755 2.53477
4.2 7.48052 2.53224
4.25 7.48546 2.52967
4.3 7.49032 2.52705
4.35 7.4951 2.52438
4.4 7.4998 2.52167
4.45 7.5044 2.5189
4.5 7.5089 2.51608
4.55 7.51331 2.51321
4.6 7.51761 2.51029
4.65 7.5218 2.50732
4.7 7.52589 2.5043
4.75 7.52986 2.50123
4.8 7.53371 2.4981
4.85 7.53743 2.49492
4.9 7.54103 2.49169
4.95 7.5445 2.48841
5 7.54783 2.48507
5.05 7.55103 2.48167
5.1 7.55408 2.47822
5.15 7.55699 2.47472
5.2 7.55975 2.47116
5.25 7.56235 2.46755
5.3 7.5648 2.46388
5.35 7.56709 2.46015
5.4 7.56921 2.45637
5.45 7.57116 2.45253
5.5 7.57295 2.44864
5.55 7.57455 2.44469
5.6 7.57598 2.44068
5.65 7.57723 2.43661
5.7 7.57829 2.43249
5.75 7.57916 2.42831
5.8 7.57984 2.42407
5.85 7.58032 2.41977
5.9 7.58061 2.41542
5.95 7.58069 2.411
6 7.58057 2.40653
6.05 7.58023 2.402
6.1 7.57969 2.39741
6.15 7.57893 2.39276
6.2 7.57795 2.38805
6.25 7.57675 2.38329
6.3 7.57533 2.37846
6.35 7.57368 2.37358
6.4 7.5718 2.36864
6.45 7.56969 2.36364
6.5 7.56734 2.35858
6.55 7.56476 2.35346
6.6 7.56193 2.34828
6.65 7.55886 2.34304
6.7 7.55555 2.33775
6.75 7.55199 2.3324
6.8 7.54817 2.32698
6.85 7.54411 2.32151
6.9 7.53979 2.31599
6.95 7.53521 2.3104
7 7.53037 2.30476
7.05 7.52527 2.29905
7.1 7.51991 2.2933
7.15 7.51428 2.28748
7.2 7.50839 2.28161
7.25 7.50222 2.27568
7.3 7.49578 2.26969
7.35 7.48907 2.26365
7.4 7.48209 2.25755
7.45 7.47483 2.25139
7.5 7.46729 2.24518
7.55 7.45947 2.23892
7.6 7.45137 2.2326
7.65 7.44299 2.22623
7.7 7.43433 2.2198
7.75 7.42538 2.21332
7.8 7.41615 2.20678
7.85 7.40663 2.2002
7.9 7.39682 2.19356
7.95 7.38672 2.18687
8 7.37633 2.18013
8.05 7.36566 2.17333
8.1 7.35469 2.16649
8.15 7.34343 2.1596
8.2 7.33188 2.15266
8.25 7.32004 2.14567
8.3 7.3079 2.13863
8.35 7.29547 2.13154
8.4 7.28275 2.12441
8.45 7.26973 2.11723
8.5 7.25642 2.11001
8.55 7.24281 2.10274
8.6 7.22891 2.09542
8.65 7.21472 2.08806
8.7 7.20023 2.08066
8.75 7.18545 2.07322
8.8 7.17038 2.06573
8.85 7.15501 2.05821
8.9 7.13935 2.05064
8.95 7.1234 2.04304
9 7.10716 2.03539
9.05 7.09062 2.02771
9.1 7.0738 2.01999
9.15 7.05669 2.01223
9.2 7.03928 2.00444
9.25 7.02159 1.99661
9.3 7.00362 1.98875
9.35 6.98536 1.98085
9.4 6.96681 1.97293
9.45 6.94798 1.96497
9.5 6.92887 1.95698
9.55 6.90948 1.94896
9.6 6.88981 1.94091
9.65 6.86986 1.93283
9.7 6.84963 1.92473
9.75 6.82913 1.9166
9.8 6.80836 1.90845
9.85 6.78732 1.90027
9.9 6.766 1.89206
9.95 6.74442 1.88384
10 6.72258 1.87559
10.05 6.70047 1.86732
10.1 6.67809 1.85903
10.15 6.65546 1.85072
10.2 6.63257 1.8424
10.25 6.60943 1.83406
10.3 6.58603 1.8257
10.35 6.56238 1.81733
10.4 6.53848 1.80894
10.45 6.51434 1.80054
10.5 6.48995 1.79213
10.55 6.46532 1.78371
10.6 6.44046 1.77527
10.65 6.41536 1.76683
10.7 6.39002 1.75838
10.75 6.36446 1.74993
10.8 6.33866 1.74147
10.85 6.31265 1.733
10.9 6.28641 1.72453
10.95 6.25995 1.71606
11 6.23328 1.70758
11.05 6.20639 1.69911
11.1 6.17929 1.69063
11.15 6.15199 1.68216
11.2 6.12449 1.67368
11.25 6.09678 1.66521
11.3 6.06888 1.65675
11.35 6.04078 1.64829
11.4 6.01249 1.63984
11.45 5.98402 1.63139
11.5 5.95536 1.62296
11.55 5.92652 1.61453
11.6 5.8975 1.60611
11.65 5.86832 1.59771
11.7 5.83896 1.58932
11.75 5.80943 1.58094
11.8 5.77975 1.57257
11.85 5.7499 1.56422
11.9 5.7199 1.55589
11.95 5.68974 1.54758
12 5.65944 1.53928
12.05 5.629 1.531
12.1 5.59841 1.52275
12.15 5.56769 1.51451
12.2 5.53683 1.5063
12.25 5.50585 1.49811
12.3 5.47474 1.48994
12.35 5.4435 1.4818
12.4 5.41215 1.47369
12.45 5.38069 1.4656
12.5 5.34912 1.45754
12.55 5.31744 1.44951
12.6 5.28566 1.44151
12.65 5.25378 1.43354
12.7 5.2218 1.4256
12.75 5.18974 1.41769
12.8 5.15758 1.40982
12.85 5.12535 1.40198
12.9 5.09304 1.39417
12.95 5.06065 1.3864
13 5.02819 1.37867
13.05 4.99567 1.37097
13.1 4.96308 1.36332
13.15 4.93044 1.3557
13.2 4.89774 1.34812
13.25 4.86499 1.34058
13.3 4.83219 1.33308
13.35 4.79935 1.32563
13.4 4.76647 1.31821
13.45 4.73355 1.31084
13.5 4.70061 1.30352
13.55 4.66763 1.29623
13.6 4.63464 1.289
13.65 4.60162 1.28181
13.7 4.56859 1.27466
13.75 4.53555 1.26756
13.8 4.5025 1.26052
13.85 4.46944 1.25351
13.9 4.43639 1.24656
13.95 4.40334 1.23966
14 4.3703 1.23281
14.05 4.33726 1.226
14.1 4.30425 1.21925
14.15 4.27125 1.21255
14.2 4.23827 1.2059
14.25 4.20533 1.19931
14.3 4.17241 1.19276
14.35 4.13952 1.18627
14.4 4.10667 1.17984
14.45 4.07387 1.17346
14.5 4.0411 1.16713
14.55 4.00839 1.16086
14.6 3.97573 1.15464
14.65 3.94312 1.14848
14.7 3.91057 1.14237
14.75 3.87808 1.13632
14.8 3.84565 1.13032
14.85 3.8133 1.12439
14.9 3.78102 1.11851
14.95 3.74881 1.11268
15 3.71668 1.10692
15.05 3.68463 1.10121
15.1 3.65267 1.09556
15.15 3.62079 1.08996
15.2 3.589 1.08443
15.25 3.55731 1.07895
15.3 3.52572 1.07353
15.35 3.49423 1.06817
15.4 3.46284 1.06287
15.45 3.43155 1.05762
15.5 3.40037 1.05243
15.55 3.36931 1.04731
15.6 3.33836 1.04224
15.65 3.30753 1.03723
15.7 3.27681 1.03227
15.75 3.24622 1.02738
15.8 3.21576 1.02254
15.85 3.18542 1.01776
15.9 3.15521 1.01304
15.95 3.12514 1.00838
16 3.09519 1.00377
16.05 3.06539 0.999227
16.1 3.03573 0.994737
16.15 3.00621 0.990304
16.2 2.97683 0.985928
16.25 2.9476 0.981608
16.3 2.91852 0.977345
16.35 2.88959 0.973138
16.4 2.86081 0.968988
16.45 2.83219 0.964893
16.5 2.80372 0.960853
16.55 2.77541 0.956868
16.6 2.74726 0.952938
16.65 2.71928 0.949062
16.7 2.69146 0.94524
16.75 2.6638 0.941472
16.8 2.63632 0.937757
16.85 2.609 0.934095
16.9 2.58185 0.930485
16.95 2.55487 0.926927
17 2.52807 0.92342
17.05 2.50144 0.919964
17.1 2.47499 0.916559
17.15 2.44872 0.913204
17.2 2.42262 0.909899
17.25 2.39671 0.906642
17.3 2.37098 0.903434
17.35 2.34543 0.900273
17.4 2.32006 0.89716
17.45 2.29488 0.894094
17.5 2.26988 0.891074
17.55 2.24507 0.888099
17.6 2.22045 0.88517
17.65 2.19601 0.882284
17.7 2.17176 0.879443
17.75 2.14771 0.876644
17.8 2.12384 0.873888
17.85 2.10016 0.871174
17.9 2.07668 0.868501
17.95 2.05339 0.865868
18 2.03029 0.863275
18.05 2.00738 0.860721
18.1 1.98467 0.858206
18.15 1.96215 0.855728
18.2 1.93982 0.853287
18.25 1.91769 0.850882
18.3 1.89575 0.848512
18.35 1.87401 0.846177
18.4 1.85246 0.843876
18.45 1.83111 0.841609
18.5 1.80995 0.839373
18.55 1.78899 0.83717
18.6 1.76822 0.834997
18.65 1.74764 0.832854
18.7 1.72726 0.83074
18.75 1.70708 0.828655
18.8 1.68709 0.826598
18.85 1.66729 0.824568
18.9 1.64769 0.822563
18.95 1.62827 0.820584
19 1.60906 0.81863
19.05 1.59003 0.816699
19.1 1.5712 0.814791
19.15 1.55256 0.812905
19.2 1.53411 0.81104
19.25 1.51585 0.809196
19.3 1.49778 0.807371
19.35 1.4799 0.805564
19.4 1.4622 0.803776
19.45 1.4447 0.802005
19.5 1.42738 0.80025
19.55 1.41025 0.79851
19.6 1.3933 0.796785
19.65 1.37654 0.795074
19.7 1.35997 0.793375
19.75 1.34357 0.791689
19.8 1.32736 0.790014
19.85 1.31133 0.78835
19.9 1.29548 0.786695
19.95 1.2798 0.785049
20 1.26431 0.783411
20.05 1.24899 0.78178
20.1 1.23385 0.780155
20.15 1.21889 0.778536
20.2 1.20409 0.776922
20.25 1.18947 0.775312
20.3 1.17503 0.773705
20.35 1.16075 0.7721
20.4 1.14664 0.770497
20.45 1.1327 0.768895
20.5 1.11892 0.767293
20.55 1.10531 0.76569
20.6 1.09186 0.764086
20.65 1.07858 0.76248
20.7 1.06546 0.760871
20.75 1.05249 0.759258
20.8 1.03969 0.75764
20.85 1.02704 0.756018
20.9 1.01455 0.754389
20.95 1.00221 0.752754
21 0.990025 0.751112
21.05 0.977991 0.749462
21.1 0.966107 0.747803
21.15 0.954371 0.746134
21.2 0.942782 0.744456
21.25 0.931339 0.742767
21.3 0.920039 0.741067
21.35 0.908882 0.739355
21.4 0.897866 0.73763
21.45 0.886989 0.735893
21.5 0.876249 0.734141
21.55 0.865646 0.732375
21.6 0.855178 0.730594
21.65 0.844843 0.728797
21.7 0.834639 0.726985
21.75 0.824566 0.725156
21.8 0.814621 0.723309
21.85 0.804802 0.721445
21.9 0.79511 0.719562
21.95 0.78554 0.717661
22 0.776093 0.715741
22.05 0.766767 0.7138
22.1 0.75756 0.71184
22.15 0.74847 0.709859
22.2 0.739496 0.707857
22.25 0.730636 0.705833
22.3 0.721889 0.703787
22.35 0.713253 0.701719
22.4 0.704727 0.699628
22.45 0.696309 0.697514
22.5 0.687997 0.695376
22.55 0.67979 0.693215
22.6 0.671687 0.691029
22.65 0.663686 0.688819
22.7 0.655784 0.686584
22.75 0.647982 0.684324
22.8 0.640277 0.682038
22.85 0.632668 0.679727
22.9 0.625153 0.677389
22.95 0.617731 0.675026
23 0.6104 0.672636
23.05 0.603159 0.670219
23.1 0.596006 0.667775
23.15 0.58894 0.665305
23.2 0.58196 0.662807
23.25 0.575063 0.660281
23.3 0.56825 0.657728
23.35 0.561517 0.655148
23.4 0.554865 0.652539
23.45 0.54829 0.649903
23.5 0.541793 0.647238
23.55 0.535372 0.644546
23.6 0.529025 0.641825
23.65 0.522751 0.639076
23.7 0.516548 0.636299
23.75 0.510416 0.633494
23.8 0.504354 0.63066
23.85 0.498359 0.627798
23.9 0.49243 0.624908
23.95 0.486567 0.621989
24 0.480769 0.619043
24.05 0.475033 0.616068
24.1 0.469359 0.613065
24.15 0.463745 0.610034
24.2 0.458191 0.606975
24.25 0.452695 0.603889
24.3 0.447256 0.600775
24.35 0.441874 0.597633
24.4 0.436546 0.594464
24.45 0.431272 0.591268
24.5 0.426051 0.588045
24.55 0.420882 0.584795
24.6 0.415764 0.581518
24.65 0.410695 0.578215
24.7 0.405675 0.574886
24.75 0.400703 0.57153
24.8 0.395778 0.568149
24.85 0.390899 0.564743
24.9 0.386065 0.561312
24.95 0.381275 0.557855
25 0.376528 0.554374
25.05 0.371824 0.550869
25.1 0.367162 0.54734
25.15 0.36254 0.543787
25.2 0.357958 0.54021
25.25 0.353415 0.536611
25.3 0.348911 0.53299
25.35 0.344445 0.529346
25.4 0.340015 0.52568
25.45 0.335622 0.521992
25.5 0.331265 0.518284
25.55 0.326942 0.514555
25.6 0.322654 0.510806
25.65 0.3184 0.507037
25.7 0.314178 0.503249
25.75 0.309989 0.499441
25.8 0.305832 0.495615
25.85 0.301706 0.491772
25.9 0.297611 0.48791
25.95 0.293547 0.484032
26 0.289512 0.480137
26.05 0.285506 0.476226
26.1 0.281529 0.472299
26.15 0.277581 0.468357
26.2 0.273661 0.464401
26.25 0.269768 0.46043
26.3 0.265902 0.456446
26.35 0.262063 0.452449
26.4 0.25825 0.44844
26.45 0.254464 0.444418
26.5 0.250703 0.440386
26.55 0.246967 0.436342
26.6 0.243257 0.432288
26.65 0.239571 0.428225
26.7 0.23591 0.424152
26.75 0.232273 0.420071
26.8 0.22866 0.415981
26.85 0.225071 0.411884
26.9 0.221505 0.407781
26.95 0.217963 0.403671
27 0.214444 0.399556
27.05 0.210948 0.395435
27.1 0.207475 0.39131
27.15 0.204025 0.387181
27.2 0.200597 0.383049
27.25 0.197192 0.378914
27.3 0.193809 0.374777
27.35 0.190448 0.370638
27.4 0.18711 0.366499
27.45 0.183794 0.362359
27.5 0.180499 0.35822
27.55 0.177227 0.354081
27.6 0.173977 0.349944
27.65 0.170748 0.34581
27.7 0.167542 0.341678
27.75 0.164357 0.337549
27.8 0.161194 0.333424
27.85 0.158054 0.329304
27.9 0.154935 0.325189
27.95 0.151838 0.32108
28 0.148763 0.316977
28.05 0.14571 0.312881
28.1 0.14268 0.308793
28.15 0.139671 0.304713
28.2 0.136685 0.300642
28.25 0.133721 0.29658
28.3 0.13078 0.292527
28.35 0.12786 0.288486
28.4 0.124964 0.284455
28.45 0.12209 0.280436
28.5 0.119239 0.276429
28.55 0.116411 0.272436
28.6 0.113606 0.268455
28.65 0.110824 0.264488
28.7 0.108065 0.260536
28.75 0.10533 0.256599
28.8 0.102618 0.252678
28.85 0.0999294 0.248772
28.9 0.0972649 0.244883
28.95 0.0946244 0.241012
29 0.0920079 0.237158
29.05 0.0894157 0.233322
29.1 0.0868478 0.229505
29.15 0.0843044 0.225708
29.2 0.0817857 0.22193
29.25 0.0792918 0.218172
29.3 0.0768229 0.214435
29.35 0.0743792 0.210719
29.4 0.0719607 0.207025
29.45 0.0695677 0.203353
29.5 0.0672002 0.199704
29.55 0.0648585 0.196078
29.6 0.0625428 0.192475
29.65 0.0602531 0.188896
29.7 0.0579896 0.185342
29.75 0.0557524 0.181813
29.8 0.0535418 0.178308
29.85 0.0513579 0.17483
29.9 0.0492008 0.171377
29.95 0.0470706 0.167951
30 0.0449676 0.164551
30.05 0.0428917 0.161179
30.1 0.0408433 0.157835
30.15 0.0388223 0.154518
30.2 0.036829 0.151229
30.25 0.0348635 0.14797
30.3 0.0329259 0.144739
30.35 0.0310162 0.141537
30.4 0.0291347 0.138365
30.45 0.0272814 0.135223
30.5 0.0254565 0.132111
30.55 0.02366 0.129029
30.6 0.0218921 0.125978
30.65 0.0201528 0.122958
30.7 0.0184422 0.11997
30.75 0.0167604 0.117013
30.8 0.0151075 0.114088
30.85 0.0134836 0.111194
30.9 0.0118887 0.108333
30.95 0.0103228 0.105505
31 0.00878615 0.102708
31.05 0.00727865 0.0999452
31.1 0.00580038 0.097215
31.15 0.00435138 0.0945179
31.2 0.00293168 0.0918541
31.25 0.0015413 0.0892239
31.3 0.000180258 0.0866273
31.35 -0.00115143 0.0840644
31.4 -0.00245376 0.0815354
31.45 -0.00372673 0.0790405
31.5 -0.00497035 0.0765796
31.55 -0.00618465 0.074153
31.6 -0.00736963 0.0717607
31.65 -0.00852533 0.0694027
31.7 -0.00965179 0.0670792
31.75 -0.0107491 0.0647902
31.8 -0.0118172 0.0625357
31.85 -0.0128562 0.0603158
31.9 -0.0138662 0.0581306
31.95 -0.0148472 0.05598
32 -0.0157994 0.053864
32.05 -0.0167227 0.0517827
32.1 -0.0176174 0.049736
32.15 -0.0184834 0.047724
32.2 -0.019321 0.0457465
32.25 -0.0201302 0.0438037
32.3 -0.0209112 0.0418953
32.35 -0.021664 0.0400215
32.4 -0.0223888 0.038182
32.45 -0.0230858 0.036377
32.5 -0.0237551 0.0346061
32.55 -0.0243969 0.0328695
32.6 -0.0250113 0.0311669
32.65 -0.0255985 0.0294983
32.7 -0.0261587 0.0278636
32.75 -0.026692 0.0262627
32.8 -0.0271987 0.0246953
32.85 -0.027679 0.0231615
32.9 -0.028133 0.021661
32.95 -0.028561 0.0201937
33 -0.0289632 0.0187594
33.05 -0.0293398 0.0173579
33.1 -0.0296911 0.0159892
33.15 -0.0300173 0.014653
33.2 -0.0303186 0.0133491
33.25 -0.0305953 0.0120773
33.3 -0.0308476 0.0108374
33.35 -0.0310759 0.00962923
33.4 -0.0312803 0.00845256
33.45 -0.0314612 0.00730714
33.5 -0.0316188 0.00619277
33.55 -0.0317535 0.00510919
33.6 -0.0318654 0.00405616
33.65 -0.031955 0.00303345
33.7 -0.0320225 0.00204078
33.75 -0.0320681 0.0010779
33.8 -0.0320923 0.000144547
33.85 -0.0320954 -0.000759557
33.9 -0.0320776 -0.00163469
33.95 -0.0320393 -0.00248113
34 -0.0319809 -0.00329918
34.05 -0.0319026 -0.00408911
34.1 -0.0318048 -0.00485124
34.15 -0.0316878 -0.00558586
34.2 -0.031552 -0.00629329
34.25 -0.0313978 -0.00697383
34.3 -0.0312254 -0.0076278
34.35 -0.0310353 -0.00825552
34.4 -0.0308278 -0.00885733
34.45 -0.0306033 -0.00943354
34.5 -0.0303621 -0.00998448
34.55 -0.0301047 -0.0105105
34.6 -0.0298313 -0.0110119
34.65 -0.0295423 -0.0114891
34.7 -0.0292382 -0.0119424
34.75 -0.0289194 -0.0123722
34.8 -0.0285861 -0.0127787
34.85 -0.0282388 -0.0131625
34.9 -0.0278778 -0.0135237
34.95 -0.0275036 -0.0138628
35 -0.0271165 -0.0141801
35.05 -0.026717 -0.0144761
35.1 -0.0263054 -0.014751
35.15 -0.0258821 -0.0150053
35.2 -0.0254474 -0.0152392
35.25 -0.0250019 -0.0154533
35.3 -0.0245459 -0.0156477
35.35 -0.0240797 -0.015823
35.4 -0.0236038 -0.0159795
35.45 -0.0231186 -0.0161176
35.5 -0.0226244 -0.0162376
35.55 -0.0221217 -0.01634
35.6 -0.0216108 -0.016425
35.65 -0.0210922 -0.0164931
35.7 -0.0205661 -0.0165447
35.75 -0.0200331 -0.0165801
35.8 -0.0194935 -0.0165998
35.85 -0.0189476 -0.016604
35.9 -0.018396 -0.0165932
35.95 -0.0178389 -0.0165677
36 -0.0172767 -0.016528
36.05 -0.0167098 -0.0164743
36.1 -0.0161386 -0.0164072
36.15 -0.0155635 -0.0163269
36.2 -0.0149849 -0.0162338
36.25 -0.014403 -0.0161283
36.3 -0.0138183 -0.0160107
36.35 -0.0132312 -0.0158815
36.4 -0.012642 -0.015741
36.45 -0.012051 -0.0155896
36.5 -0.0114587 -0.0154275
36.55 -0.0108653 -0.0152553
36.6 -0.0102713 -0.0150732
36.65 -0.0096769 -0.0148816
36.7 -0.00908254 -0.0146809
36.75 -0.00848851 -0.0144714
36.8 -0.00789517 -0.0142534
36.85 -0.00730284 -0.0140274
36.9 -0.00671184 -0.0137936
36.95 -0.0061225 -0.0135524
37 -0.00553513 -0.0133042
37.05 -0.00495004 -0.0130492
37.1 -0.00436754 -0.0127878
37.15 -0.00378794 -0.0125204
37.2 -0.00321153 -0.0122472
37.25 -0.00263861 -0.0119686
37.3 -0.00206946 -0.0116849
37.35 -0.00150436 -0.0113964
37.4 -0.000943596 -0.0111034
37.45 -0.000387436 -0.0108063
37.5 0.000163852 -0.0105053
37.55 0.000710008 -0.0102008
37.6 0.00125078 -0.00989297
37.65 0.00178591 -0.00958221
37.7 0.00231515 -0.00926876
37.75 0.00283828 -0.00895292
37.8 0.00335505 -0.00863496
37.85 0.00386524 -0.00831517
37.9 0.00436862 -0.00799381
37.95 0.00486499 -0.00767115
38 0.00535413 -0.00734745
38.05 0.00583585 -0.00702297
38.1 0.00630993 -0.00669797
38.15 0.0067762 -0.00637269
38.2 0.00723447 -0.00604739
38.25 0.00768456 -0.00572229
38.3 0.00812629 -0.00539763
38.35 0.00855951 -0.00507365
38.4 0.00898405 -0.00475057
38.45 0.00939977 -0.00442861
38.5 0.0098065 -0.00410799
38.55 0.0102041 -0.00378892
38.6 0.0105925 -0.0034716
38.65 0.0109715 -0.00315623
38.7 0.011341 -0.00284302
38.75 0.0117009 -0.00253215
38.8 0.012051 -0.00222381
38.85 0.0123914 -0.00191818
38.9 0.0127218 -0.00161544
38.95 0.0130422 -0.00131575
39 0.0133525 -0.00101929
39.05 0.0136526 -0.000726218
39.1 0.0139426 -0.000436687
39.15 0.0142222 -0.00015085
39.2 0.0144914 0.000131148
39.25 0.0147503 0.000409165
39.3 0.0149987 0.000683064
39.35 0.0152366 0.000952715
39.4 0.015464 0.00121799
39.45 0.0156808 0.00147877
39.5 0.015887 0.00173494
39.55 0.0160827 0.00198638
39.6 0.0162678 0.002233
39.65 0.0164423 0.00247468
39.7 0.0166062 0.00271134
39.75 0.0167595 0.00294287
39.8 0.0169022 0.0031692
39.85 0.0170344 0.00339024
39.9 0.0171561 0.00360591
39.95 0.0172673 0.00381615
40 0.017368 0.00402087
40.05 0.0174583 0.00422003
40.1 0.0175383 0.00441356
40.15 0.0176079 0.0046014
40.2 0.0176674 0.00478352
40.25 0.0177166 0.00495985
40.3 0.0177557 0.00513037
40.35 0.0177848 0.00529503
40.4 0.0178039 0.00545381
40.45 0.0178132 0.00560667
40.5 0.0178127 0.0057536
40.55 0.0178024 0.00589457
40.6 0.0177826 0.00602957
40.65 0.0177533 0.00615859
40.7 0.0177146 0.00628163
40.75 0.0176666 0.00639867
40.8 0.0176095 0.00650972
40.85 0.0175433 0.00661479
40.9 0.0174682 0.00671388
40.95 0.0173844 0.00680701
41 0.0172918 0.0068942
41.05 0.0171908 0.00697546
41.1 0.0170813 0.00705082
41.15 0.0169636 0.0071203
41.2 0.0168378 0.00718393
41.25 0.016704 0.00724176
41.3 0.0165625 0.00729381
41.35 0.0164133 0.00734013
41.4 0.0162566 0.00738076
41.45 0.0160926 0.00741574
41.5 0.0159214 0.00744513
41.55 0.0157431 0.00746898
41.6 0.0155581 0.00748735
41.65 0.0153664 0.00750028
41.7 0.0151682 0.00750785
41.75 0.0149637 0.00751011
41.8 0.014753 0.00750714
41.85 0.0145364 0.007499
41.9 0.014314 0.00748576
41.95 0.0140859 0.0074675
42 0.0138525 0.00744429
42.05 0.0136138 0.00741621
42.1 0.0133701 0.00738333
42.15 0.0131215 0.00734575
42.2 0.0128682 0.00730354
42.25 0.0126104 0.0072568
42.3 0.0123483 0.0072056
42.35 0.0120822 0.00715004
42.4 0.0118121 0.0070902
42.45 0.0115382 0.00702619
42.5 0.0112609 0.0069581
42.55 0.0109802 0.00688601
42.6 0.0106963 0.00681003
42.65 0.0104095 0.00673026
42.7 0.01012 0.00664679
42.75 0.00982782 0.00655973
42.8 0.0095333 0.00646917
42.85 0.0092366 0.00637523
42.9 0.0089379 0.00627799
42.95 0.00863739 0.00617758
43 0.00833527 0.00607408
43.05 0.00803172 0.00596761
43.1 0.00772694 0.00585828
43.15 0.0074211 0.00574618
43.2 0.0071144 0.00563143
43.25 0.00680703 0.00551414
43.3 0.00649916 0.00539441
43.35 0.00619098 0.00527235
43.4 0.00588267 0.00514806
43.45 0.00557441 0.00502167
43.5 0.00526638 0.00489327
43.55 0.00495876 0.00476297
43.6 0.00465171 0.00463089
43.65 0.00434542 0.00449713
43.7 0.00404005 0.00436179
43.75 0.00373578 0.004225
43.8 0.00343276 0.00408684
43.85 0.00313116 0.00394744
43.9 0.00283116 0.00380689
43.95 0.0025329 0.00366531
44 0.00223654 0.00352279
44.05 0.00194224 0.00337945
44.1 0.00165015 0.00323538
44.15 0.00136043 0.0030907
44.2 0.00107321 0.0029455
44.25 0.000788643 0.00279988
44.3 0.000506873 0.00265394
44.35 0.000228037 0.0025078
44.4 -4.77294e-05 0.00236153
44.45 -0.000320293 0.00221525
44.5 -0.000589524 0.00206904
44.55 -0.000855296 0.00192301
44.6 -0.00111748 0.00177725
44.65 -0.00137597 0.00163184
44.7 -0.00163063 0.00148689
44.75 -0.00188136 0.00134248
44.8 -0.00212804 0.00119871
44.85 -0.00237056 0.00105565
44.9 -0.00260883 0.000913396
44.95 -0.00284273 0.000772034
45 -0.00307218 0.000631646
45.05 -0.00329708 0.000492312
45.1 -0.00351734 0.000354114
45.15 -0.00373286 0.000217129
45.2 -0.00394358 8.14345e-05
45.25 -0.0041494 -5.28944e-05
45.3 -0.00435025 -0.000185784
45.35 -0.00454607 -0.000317164
45.4 -0.00473677 -0.000446962
45.45 -0.00492229 -0.000575112
45.5 -0.00510257 -0.000701546
45.55 -0.00527756 -0.0008262
45.6 -0.00544719 -0.000949012
45.65 -0.00561142 -0.00106992
45.7 -0.0057702 -0.00118887
45.75 -0.00592348 -0.00130579
45.8 -0.00607122 -0.00142064
45.85 -0.00621339 -0.00153337
45.9 -0.00634996 -0.00164391
45.95 -0.00648089 -0.00175222
46 -0.00660615 -0.00185826
46.05 -0.00672574 -0.00196197
46.1 -0.00683961 -0.00206332
46.15 -0.00694777 -0.00216226
46.2 -0.0070502 -0.00225876
46.25 -0.00714689 -0.00235277
46.3 -0.00723783 -0.00244426
46.35 -0.00732302 -0.00253319
46.4 -0.00740248 -0.00261954
46.45 -0.00747619 -0.00270327
46.5 -0.00754417 -0.00278436
46.55 -0.00760643 -0.00286278
46.6 -0.00766299 -0.00293851
46.65 -0.00771387 -0.00301152
46.7 -0.00775908 -0.0030818
46.75 -0.00779866 -0.00314932
46.8 -0.00783262 -0.00321407
46.85 -0.007861 -0.00327605
46.9 -0.00788385 -0.00333522
46.95 -0.00790118 -0.00339159
47 -0.00791304 -0.00344515
47.05 -0.00791949 -0.00349589
47.1 -0.00792055 -0.0035438
47.15 -0.00791628 -0.00358888
47.2 -0.00790674 -0.00363113
47.25 -0.00789198 -0.00367056
47.3 -0.00787204 -0.00370716
47.35 -0.00784701 -0.00374094
47.4 -0.00781692 -0.0037719
47.45 -0.00778186 -0.00380006
47.5 -0.00774189 -0.00382542
47.55 -0.00769707 -0.003848
47.6 -0.00764749 -0.0038678
47.65 -0.00759321 -0.00388484
47.7 -0.0075343 -0.00389914
47.75 -0.00747086 -0.00391072
47.8 -0.00740296 -0.00391959
47.85 -0.00733067 -0.00392577
47.9 -0.0072541 -0.0039293
47.95 -0.00717332 -0.00393018
48 -0.00708842 -0.00392846
48.05 -0.00699949 -0.00392414
48.1 -0.00690663 -0.00391727
48.15 -0.00680992 -0.00390787
48.2 -0.00670947 -0.00389598
48.25 -0.00660537 -0.00388161
48.3 -0.00649771 -0.00386482
48.35 -0.0063866 -0.00384563
48.4 -0.00627213 -0.00382407
48.45 -0.00615442 -0.0038002
48.5 -0.00603355 -0.00377403
48.55 -0.00590965 -0.00374562
48.6 -0.0057828 -0.003715
48.65 -0.00565312 -0.00368221
48.7 -0.00552072 -0.0036473
48.75 -0.00538569 -0.00361031
48.8 -0.00524816 -0.00357128
48.85 -0.00510823 -0.00353026
48.9 -0.004966 -0.00348729
48.95 -0.0048216 -0.00344243
49 -0.00467512 -0.00339571
49.05 -0.00452669 -0.00334719
49.1 -0.0043764 -0.00329691
49.15 -0.00422439 -0.00324493
49.2 -0.00407074 -0.00319129
49.25 -0.00391559 -0.00313605
49.3 -0.00375904 -0.00307925
49.35 -0.00360119 -0.00302096
49.4 -0.00344217 -0.00296121
49.45 -0.00328209 -0.00290007
49.5 -0.00312105 -0.00283758
49.55 -0.00295918 -0.0027738
49.6 -0.00279657 -0.00270879
49.65 -0.00263334 -0.00264259
49.7 -0.00246959 -0.00257527
49.75 -0.00230545 -0.00250687
49.8 -0.00214102 -0.00243745
49.85 -0.0019764 -0.00236707
49.9 -0.0018117 -0.00229578
49.95 -0.00164703 -0.00222364
50 -0.0014825 -0.0021507
