-0.498 -6.52596e-05 6.71583e-06
-0.496 -0.000256485 2.82369e-05
-0.494 -0.000568278 6.57892e-05
-0.492 -0.000997144 0.000119502
-0.49 -0.00154149 0.000188437
-0.488 -0.00220162 0.000270619
-0.486 -0.00297969 0.000363081
-0.484 -0.00387967 0.000461917
-0.482 -0.00490732 0.000562333
-0.48 -0.00607014 0.000658714
-0.478 -0.00737726 0.0007447
-0.476 -0.00883941 0.000813254
-0.474 -0.0104688 0.000856754
-0.472 -0.0122791 0.000867077
-0.47 -0.0142852 0.000835698
-0.468 -0.0165033 0.000753782
-0.466 -0.0189505 0.000612297
-0.464 -0.021645 0.000402112
-0.462 -0.0246056 0.000114114
-0.46 -0.0278522 -0.000260681
-0.458 -0.0314046 -0.000731016
-0.456 -0.0352834 -0.00130527
-0.454 -0.0395093 -0.00199135
-0.452 -0.044103 -0.00279656
-0.45 -0.049085 -0.0037275
-0.448 -0.0544756 -0.00478992
-0.446 -0.0602946 -0.00598865
-0.444 -0.0665611 -0.00732745
-0.442 -0.0732933 -0.00880891
-0.44 -0.0805085 -0.0104344
-0.438 -0.0882229 -0.0122037
-0.436 -0.0964512 -0.0141155
-0.434 -0.105207 -0.0161665
-0.432 -0.114501 -0.018352
-0.43 -0.124343 -0.0206656
-0.428 -0.134742 -0.0230988
-0.426 -0.145702 -0.0256416
-0.424 -0.157227 -0.0282817
-0.422 -0.169319 -0.031005
-0.42 -0.181974 -0.0337955
-0.418 -0.19519 -0.0366349
-0.416 -0.208959 -0.0395028
-0.414 -0.223272 -0.0423768
-0.412 -0.238116 -0.0452325
-0.41 -0.253476 -0.0480432
-0.408 -0.269332 -0.0507803
-0.406 -0.285664 -0.053413
-0.404 -0.302447 -0.0559085
-0.402 -0.319654 -0.0582322
-0.4 -0.337253 -0.0603475
-0.398 -0.355212 -0.062216
-0.396 -0.373494 -0.0637977
-0.394 -0.39206 -0.0650507
-0.392 -0.410866 -0.0659319
-0.39 -0.429869 -0.0663966
-0.388 -0.44902 -0.066399
-0.386 -0.46827 -0.0658922
-0.384 -0.487565 -0.0648283
-0.382 -0.506851 -0.0631587
-0.38 -0.526071 -0.0608341
-0.378 -0.545164 -0.0578049
-0.376 -0.564072 -0.0540213
-0.374 -0.582729 -0.0494335
-0.372 -0.601074 -0.0439921
-0.37 -0.619039 -0.0376478
-0.368 -0.63656 -0.0303524
-0.366 -0.653567 -0.0220584
-0.364 -0.669993 -0.0127195
-0.362 -0.68577 -0.00229089
-0.36 -0.700828 0.00927051
-0.358 -0.715099 0.0220059
-0.356 -0.728515 0.0359543
-0.354 -0.741006 0.0511521
-0.352 -0.752505 0.0676332
-0.35 -0.762946 0.0854283
-0.348 -0.772264 0.104565
-0.346 -0.780393 0.125067
-0.344 -0.787272 0.146955
-0.342 -0.792839 0.170246
-0.34 -0.797037 0.194951
-0.338 -0.799808 0.221077
-0.336 -0.801098 0.248629
-0.334 -0.800856 0.277604
-0.332 -0.799034 0.307995
-0.33 -0.795586 0.33979
-0.328 -0.79047 0.372971
-0.326 -0.783648 0.407516
-0.324 -0.775083 0.443395
-0.322 -0.764746 0.480575
-0.32 -0.752609 0.519014
-0.318 -0.738648 0.558666
-0.316 -0.722844 0.59948
-0.314 -0.705182 0.641396
-0.312 -0.685653 0.684351
-0.31 -0.664249 0.728275
-0.308 -0.640969 0.77309
-0.306 -0.615818 0.818717
-0.304 -0.588801 0.865067
-0.302 -0.559932 0.912046
-0.3 -0.529228 0.959557
-0.298 -0.49671 1.0075
-0.296 -0.462405 1.05575
-0.294 -0.426342 1.10422
-0.292 -0.388556 1.15277
-0.29 -0.349088 1.20129
-0.288 -0.307979 1.24965
-0.286 -0.265278 1.29772
-0.284 -0.221034 1.34537
-0.282 -0.175304 1.39247
-0.28 -0.128143 1.43887
-0.278 -0.0796138 1.48445
-0.276 -0.0297793 1.52905
-0.274 0.0212941 1.57254
-0.272 0.0735382 1.61478
-0.27 0.126883 1.65563
-0.268 0.181256 1.69494
-0.266 0.236584 1.73258
-0.264 0.292795 1.76842
-0.262 0.349813 1.80231
-0.26 0.407565 1.83413
-0.258 0.465976 1.86374
-0.256 0.524974 1.89103
-0.254 0.584487 1.91588
-0.252 0.644444 1.93816
-0.25 0.704776 1.95778
-0.248 0.765419 1.97462
-0.246 0.826309 1.98861
-0.244 0.887386 1.99963
-0.242 0.948593 2.00763
-0.24 1.00988 2.01251
-0.238 1.07119 2.01423
-0.236 1.1325 2.01271
-0.234 1.19375 2.00793
-0.232 1.25491 1.99983
-0.23 1.31596 1.9884
-0.228 1.37688 1.97362
-0.226 1.43764 1.95547
-0.224 1.49824 1.93398
-0.222 1.55868 1.90914
-0.22 1.61896 1.88099
-0.218 1.67909 1.84957
-0.216 1.73908 1.81492
-0.214 1.79896 1.7771
-0.212 1.85876 1.73618
-0.21 1.91851 1.69225
-0.208 1.97827 1.64539
-0.206 2.03808 1.59571
-0.204 2.09799 1.54332
-0.202 2.15808 1.48835
-0.2 2.21842 1.43092
-0.198 2.27907 1.37119
-0.196 2.34014 1.3093
-0.194 2.40169 1.24541
-0.192 2.46384 1.17971
-0.19 2.52668 1.11236
-0.188 2.59031 1.04356
-0.186 2.65485 0.973496
-0.184 2.72041 0.902371
-0.182 2.78712 0.830394
-0.18 2.85509 0.757777
-0.178 2.92445 0.68474
-0.176 2.99534 0.611506
-0.174 3.06789 0.538301
-0.172 3.14222 0.465357
-0.17 3.21849 0.392907
-0.168 3.29683 0.321187
-0.166 3.37737 0.250432
-0.164 3.46026 0.180882
-0.162 3.54565 0.112772
-0.16 3.63366 0.0463412
-0.158 3.72445 -0.0181755
-0.156 3.81814 -0.0805443
-0.154 3.91489 -0.140534
-0.152 4.01481 -0.197917
-0.15 4.11806 -0.252468
-0.148 4.22475 -0.303969
-0.146 4.33501 -0.352205
-0.144 4.44897 -0.396968
-0.142 4.56676 -0.438056
-0.14 4.68847 -0.475273
-0.138 4.81423 -0.508432
-0.136 4.94414 -0.537353
-0.134 5.0783 -0.561865
-0.132 5.2168 -0.581805
-0.13 5.35974 -0.59702
-0.128 5.5072 -0.607368
-0.126 5.65926 -0.612714
-0.124 5.81598 -0.612938
-0.122 5.97743 -0.607927
-0.12 6.14367 -0.59758
-0.118 6.31474 -0.581809
-0.116 6.4907 -0.560535
-0.114 6.67156 -0.533694
-0.112 6.85737 -0.501231
-0.11 7.04814 -0.463105
-0.108 7.24388 -0.419287
-0.106 7.4446 -0.369759
-0.104 7.65029 -0.314518
-0.102 7.86095 -0.25357
-0.1 8.07654 -0.186937
-0.098 8.29704 -0.114651
-0.096 8.52242 -0.0367572
-0.094 8.75262 0.0466868
-0.092 8.9876 0.135611
-0.09 9.22728 0.229933
-0.088 9.47159 0.329559
-0.086 9.72045 0.434383
-0.084 9.97377 0.544286
-0.082 10.2314 0.659138
-0.08 10.4933 0.778799
-0.078 10.7594 0.903114
-0.076 11.0294 1.03192
-0.074 11.3032 1.16504
-0.072 11.5807 1.30229
-0.07 11.8617 1.44347
-0.068 12.146 1.58838
-0.066 12.4335 1.7368
-0.064 12.7238 1.88849
-0.062 13.0169 2.04323
-0.06 13.3124 2.20077
-0.058 13.6102 2.36085
-0.056 13.9098 2.52321
-0.054 14.2112 2.68757
-0.052 14.514 2.85365
-0.05 14.8178 3.02117
-0.048 15.1223 3.18983
-0.046 15.4273 3.35933
-0.044 15.7324 3.52936
-0.042 16.0371 3.6996
-0.04 16.3412 3.86974
-0.038 16.6442 4.03945
-0.036 16.9457 4.2084
-0.034 17.2453 4.37626
-0.032 17.5426 4.54269
-0.03 17.837 4.70737
-0.028 18.1282 4.86995
-0.026 18.4157 5.03009
-0.024 18.699 5.18746
-0.022 18.9775 5.34173
-0.02 19.2509 5.49255
-0.018 19.5186 5.6396
-0.016 19.78 5.78255
-0.014 20.0348 5.92109
-0.012 20.2823 6.05489
-0.01 20.5221 6.18366
-0.008 20.7536 6.3071
-0.006 20.9763 6.42491
-0.004 21.1898 6.53683
-0.002 21.3936 6.64258
0 21.5871 6.74193
0.002 21.7699 6.83462
0.004 21.9415 6.92043
0.006 22.1015 6.99917
0.008 22.2494 7.07064
0.01 22.385 7.13467
0.012 22.5077 7.19111
0.014 22.6173 7.23982
0.016 22.7134 7.2807
0.018 22.7957 7.31365
0.02 22.8639 7.33859
0.022 22.9177 7.35549
0.024 22.957 7.3643
0.026 22.9815 7.36503
0.028 22.9911 7.3577
0.03 22.9857 7.34233
0.032 22.965 7.319
0.034 22.9292 7.28778
0.036 22.8781 7.24878
0.038 22.8118 7.20212
0.04 22.7302 7.14795
0.042 22.6335 7.08643
0.044 22.5218 7.01776
0.046 22.3951 6.94213
0.048 22.2537 6.85976
0.05 22.0977 6.7709
0.052 21.9273 6.6758
0.054 21.7429 6.57474
0.056 21.5446 6.46799
0.058 21.3328 6.35586
0.06 21.1078 6.23865
0.062 20.87 6.11668
0.064 20.6197 5.9903
0.066 20.3574 5.85982
0.068 20.0833 5.72561
0.07 19.7981 5.58801
0.072 19.502 5.44738
0.074 19.1957 5.30407
0.076 18.8795 5.15846
0.078 18.554 5.0109
0.08 18.2196 4.86176
0.082 17.8769 4.71139
0.084 17.5264 4.56016
0.086 17.1686 4.40842
0.088 16.804 4.25652
0.09 16.4332 4.1048
0.092 16.0568 3.95361
0.094 15.6752 3.80327
0.096 15.289 3.6541
0.098 14.8987 3.50641
0.1 14.5049 3.3605
0.102 14.1081 3.21666
0.104 13.7088 3.07516
0.106 13.3076 2.93627
0.108 12.9049 2.80024
0.11 12.5013 2.66731
0.112 12.0973 2.53768
0.114 11.6934 2.41158
0.116 11.29 2.28919
0.118 10.8877 2.17069
0.12 10.4869 2.05623
0.122 10.088 1.94596
0.124 9.69145 1.84
0.126 9.29774 1.73848
0.128 8.90726 1.64147
0.13 8.52039 1.54906
0.132 8.13753 1.46131
0.134 7.75905 1.37827
0.136 7.38531 1.29996
0.138 7.01664 1.2264
0.14 6.65338 1.15759
0.142 6.29584 1.09352
0.144 5.94431 1.03415
0.146 5.59908 0.979435
0.148 5.2604 0.929323
0.15 4.92853 0.883741
0.152 4.60371 0.842606
0.154 4.28614 0.805822
0.156 3.97603 0.773283
0.158 3.67357 0.74487
0.16 3.37892 0.720459
0.162 3.09223 0.69991
0.164 2.81364 0.683081
0.166 2.54328 0.669817
0.168 2.28124 0.659958
0.17 2.02762 0.653339
0.172 1.78249 0.649788
0.174 1.54591 0.649126
0.176 1.31791 0.651174
0.178 1.09854 0.655747
0.18 0.8878 0.662657
0.182 0.685689 0.671716
0.184 0.492192 0.682734
0.186 0.307281 0.695519
0.188 0.130911 0.70988
0.19 -0.0369742 0.725629
0.192 -0.196445 0.742576
0.194 -0.347584 0.760534
0.196 -0.490487 0.779321
0.198 -0.62526 0.798756
0.2 -0.752022 0.818661
0.202 -0.870904 0.838863
0.204 -0.982047 0.859196
0.206 -1.0856 0.879495
0.208 -1.18173 0.899603
0.21 -1.27059 0.91937
0.212 -1.35238 0.938649
0.214 -1.42728 0.957303
0.216 -1.49548 0.975199
0.218 -1.55718 0.992213
0.22 -1.6126 1.00823
0.222 -1.66195 1.02313
0.224 -1.70545 1.03682
0.226 -1.74332 1.04921
0.228 -1.7758 1.0602
0.23 -1.80311 1.06972
0.232 -1.8255 1.0777
0.234 -1.8432 1.08407
0.236 -1.85645 1.08878
0.238 -1.86549 1.09178
0.24 -1.87056 1.09303
0.242 -1.87191 1.09251
0.244 -1.86977 1.09018
0.246 -1.86438 1.08603
0.248 -1.85599 1.08006
0.25 -1.84481 1.07226
0.252 -1.83109 1.06263
0.254 -1.81505 1.05119
0.256 -1.79691 1.03796
0.258 -1.77689 1.02296
0.26 -1.7552 1.00623
0.262 -1.73204 0.987791
0.264 -1.70762 0.967702
0.266 -1.68212 0.946007
0.268 -1.65573 0.922758
0.27 -1.62862 0.898017
0.272 -1.60096 0.871844
0.274 -1.57292 0.84431
0.276 -1.54464 0.815485
0.278 -1.51627 0.785445
0.28 -1.48793 0.754269
0.282 -1.45976 0.722039
0.284 -1.43187 0.68884
0.286 -1.40436 0.65476
0.288 -1.37733 0.619888
0.29 -1.35086 0.584316
0.292 -1.32504 0.548136
0.294 -1.29993 0.511443
0.296 -1.27559 0.474332
0.298 -1.25207 0.436897
0.3 -1.2294 0.399235
0.302 -1.20764 0.361441
0.304 -1.18679 0.32361
0.306 -1.16687 0.285836
0.308 -1.14791 0.248213
0.31 -1.12988 0.210833
0.312 -1.1128 0.173785
0.314 -1.09665 0.137157
0.316 -1.08141 0.101037
0.318 -1.06705 0.0655057
0.32 -1.05356 0.0306453
0.322 -1.04089 -0.00346715
0.324 -1.02901 -0.0367573
0.326 -1.01787 -0.0691546
0.328 -1.00744 -0.100592
0.33 -0.997653 -0.131006
0.332 -0.988469 -0.160338
0.334 -0.979832 -0.188533
0.336 -0.971686 -0.215541
0.338 -0.963974 -0.241316
0.34 -0.956639 -0.265817
0.342 -0.949622 -0.289007
0.344 -0.942865 -0.310854
0.346 -0.936311 -0.331332
0.348 -0.9299 -0.350418
0.35 -0.923576 -0.368096
0.352 -0.917283 -0.384353
0.354 -0.910968 -0.399182
0.356 -0.904577 -0.412579
0.358 -0.89806 -0.424548
0.36 -0.891369 -0.435094
0.362 -0.884458 -0.44423
0.364 -0.877283 -0.45197
0.366 -0.869805 -0.458334
0.368 -0.861987 -0.463347
0.37 -0.853793 -0.467037
0.372 -0.845193 -0.469435
0.374 -0.836159 -0.470577
0.376 -0.826667 -0.4705
0.378 -0.816696 -0.469248
0.38 -0.806229 -0.466865
0.382 -0.795253 -0.463397
0.384 -0.783755 -0.458896
0.386 -0.771731 -0.453412
0.388 -0.759177 -0.447
0.39 -0.746092 -0.439716
0.392 -0.732481 -0.431616
0.394 -0.71835 -0.422758
0.396 -0.703708 -0.413201
0.398 -0.688571 -0.403006
0.4 -0.672952 -0.392231
0.402 -0.656872 -0.380938
0.404 -0.640352 -0.369185
0.406 -0.623417 -0.357033
0.408 -0.606093 -0.34454
0.41 -0.588409 -0.331765
0.412 -0.570397 -0.318763
0.414 -0.552089 -0.305592
0.416 -0.533521 -0.292306
0.418 -0.51473 -0.278956
0.42 -0.495752 -0.265594
0.422 -0.476628 -0.252269
0.424 -0.457398 -0.239027
0.426 -0.438102 -0.225913
0.428 -0.418782 -0.212968
0.43 -0.399481 -0.200232
0.432 -0.380241 -0.187742
0.434 -0.361104 -0.175533
0.436 -0.342113 -0.163635
0.438 -0.323309 -0.152078
0.44 -0.304734 -0.140887
0.442 -0.286429 -0.130086
0.444 -0.268434 -0.119694
0.446 -0.250788 -0.109729
0.448 -0.233529 -0.100206
0.45 -0.216693 -0.0911366
0.452 -0.200315 -0.0825295
0.454 -0.184429 -0.0743913
0.456 -0.169066 -0.0667258
0.458 -0.154255 -0.0595344
0.46 -0.140026 -0.0528158
0.462 -0.126403 -0.0465667
0.464 -0.11341 -0.0407813
0.466 -0.101068 -0.0354521
0.468 -0.0893972 -0.0305693
0.47 -0.0784131 -0.0261213
0.472 -0.0681302 -0.0220952
0.474 -0.0585604 -0.0184762
0.476 -0.049713 -0.0152482
0.478 -0.0415949 -0.012394
0.48 -0.0342106 -0.00989529
0.482 -0.0275619 -0.00773288
0.484 -0.0216485 -0.00588682
0.486 -0.0164676 -0.00433661
0.488 -0.0120138 -0.00306134
0.49 -0.00827997 -0.00203985
0.492 -0.00525633 -0.00125087
0.494 -0.0029312 -0.000673208
0.496 -0.00129084 -0.00028586
0.498 -0.000319587 -6.81781e-05
0.05 8.5736 2.61471
0.1 8.57363 2.61458
0.15 8.57367 2.61436
0.2 8.57374 2.61406
0.25 8.57381 2.61367
0.3 8.57391 2.6132
0.35 8.57403 2.61263
0.4 8.57416 2.61199
0.45 8.5743 2.61125
0.5 8.57447 2.61043
0.55 8.57464 2.60952
0.6 8.57484 2.60853
0.65 8.57505 2.60745
0.7 8.57527 2.60629
0.75 8.5755 2.60503
0.8 8.57575 2.6037
0.85 8.57601 2.60227
0.9 8.57629 2.60076
0.95 8.57657 2.59917
1 8.57686 2.59749
1.05 8.57716 2.59572
1.1 8.57747 2.59387
1.15 8.57779 2.59193
1.2 8.57811 2.58991
1.25 8.57844 2.5878
1.3 8.57878 2.58561
1.35 8.57911 2.58334
1.4 8.57945 2.58097
1.45 8.57979 2.57853
1.5 8.58013 2.576
1.55 8.58046 2.57338
1.6 8.5808 2.57068
1.65 8.58112 2.5679
1.7 8.58145 2.56503
1.75 8.58176 2.56208
1.8 8.58207 2.55905
1.85 8.58237 2.55593
1.9 8.58266 2.55273
1.95 8.58293 2.54944
2 8.58319 2.54608
2.05 8.58343 2.54263
2.1 8.58366 2.5391
2.15 8.58386 2.53548
2.2 8.58405 2.53179
2.25 8.58421 2.52801
2.3 8.58435 2.52415
2.35 8.58446 2.52021
2.4 8.58454 2.51619
2.45 8.58459 2.51209
2.5 8.58462 2.50791
2.55 8.5846 2.50365
2.6 8.58456 2.4993
2.65 8.58447 2.49488
2.7 8.58435 2.49038
2.75 8.58418 2.4858
2.8 8.58397 2.48114
2.85 8.58371 2.47641
2.9 8.58341 2.47159
2.95 8.58306 2.4667
3 8.58265 2.46173
3.05 8.5822 2.45668
3.1 8.58168 2.45155
3.15 8.58111 2.44635
3.2 8.58048 2.44108
3.25 8.57978 2.43572
3.3 8.57902 2.4303
3.35 8.5782 2.42479
3.4 8.5773 2.41922
3.45 8.57634 2.41356
3.5 8.5753 2.40784
3.55 8.57419 2.40204
3.6 8.57299 2.39617
3.65 8.57172 2.39022
3.7 8.57037 2.38421
3.75 8.56893 2.37812
3.8 8.5674 2.37196
3.85 8.56578 2.36573
3.9 8.56408 2.35943
3.95 8.56228 2.35306
4 8.56038 2.34662
4.05 8.55838 2.34012
4.1 8.55629 2.33354
4.15 8.55409 2.3269
4.2 8.55178 2.32019
4.25 8.54937 2.31341
4.3 8.54685 2.30657
4.35 8.54422 2.29966
4.4 8.54147 2.29269
4.45 8.53861 2.28565
4.5 8.53562 2.27855
4.55 8.53252 2.27138
4.6 8.52929 2.26416
4.65 8.52594 2.25687
4.7 8.52246 2.24952
4.75 8.51884 2.2421
4.8 8.5151 2.23463
4.85 8.51122 2.2271
4.9 8.50721 2.21951
4.95 8.50305 2.21186
5 8.49876 2.20416
5.05 8.49432 2.19639
5.1 8.48974 2.18858
5.15 8.48501 2.1807
5.2 8.48013 2.17277
5.25 8.4751 2.16479
5.3 8.46991 2.15675
5.35 8.46457 2.14866
5.4 8.45907 2.14052
5.45 8.45341 2.13233
5.5 8.44759 2.12409
5.55 8.44161 2.1158
5.6 8.43546 2.10746
5.65 8.42915 2.09907
5.7 8.42266 2.09064
5.75 8.41601 2.08216
5.8 8.40918 2.07363
5.85 8.40218 2.06506
5.9 8.395 2.05644
5.95 8.38764 2.04779
6 8.3801 2.03909
6.05 8.37239 2.03035
6.1 8.36448 2.02157
6.15 8.3564 2.01274
6.2 8.34813 2.00389
6.25 8.33967 1.99499
6.3 8.33102 1.98605
6.35 8.32218 1.97709
6.4 8.31315 1.96808
6.45 8.30392 1.95904
6.5 8.2945 1.94997
6.55 8.28489 1.94087
6.6 8.27507 1.93173
6.65 8.26506 1.92257
6.7 8.25485 1.91338
6.75 8.24444 1.90415
6.8 8.23382 1.89491
6.85 8.22301 1.88563
6.9 8.21198 1.87633
6.95 8.20076 1.86701
7 8.18932 1.85766
7.05 8.17768 1.84829
7.1 8.16584 1.8389
7.15 8.15378 1.82949
7.2 8.14151 1.82006
7.25 8.12903 1.81061
7.3 8.11634 1.80115
7.35 8.10344 1.79167
7.4 8.09033 1.78218
7.45 8.07701 1.77267
7.5 8.06347 1.76315
7.55 8.04972 1.75362
7.6 8.03575 1.74408
7.65 8.02157 1.73453
7.7 8.00717 1.72497
7.75 7.99256 1.7154
7.8 7.97773 1.70583
7.85 7.96269 1.69625
7.9 7.94743 1.68668
7.95 7.93195 1.67709
8 7.91626 1.66751
8.05 7.90035 1.65793
8.1 7.88422 1.64835
8.15 7.86788 1.63877
8.2 7.85133 1.62919
8.25 7.83455 1.61962
8.3 7.81757 1.61005
8.35 7.80036 1.60049
8.4 7.78294 1.59094
8.45 7.76531 1.5814
8.5 7.74746 1.57187
8.55 7.7294 1.56235
8.6 7.71113 1.55284
8.65 7.69264 1.54335
8.7 7.67394 1.53387
8.75 7.65503 1.52441
8.8 7.63591 1.51497
8.85 7.61657 1.50554
8.9 7.59703 1.49614
8.95 7.57728 1.48675
9 7.55732 1.47739
9.05 7.53716 1.46805
9.1 7.51679 1.45874
9.15 7.49621 1.44945
9.2 7.47544 1.44019
9.25 7.45445 1.43095
9.3 7.43327 1.42175
9.35 7.41189 1.41258
9.4 7.39031 1.40343
9.45 7.36853 1.39433
9.5 7.34655 1.38525
9.55 7.32438 1.37621
9.6 7.30201 1.36721
9.65 7.27946 1.35824
9.7 7.25671 1.34932
9.75 7.23377 1.34043
9.8 7.21064 1.33158
9.85 7.18733 1.32278
9.9 7.16384 1.31402
9.95 7.14016 1.3053
10 7.1163 1.29663
10.05 7.09226 1.28801
10.1 7.06804 1.27943
10.15 7.04365 1.27091
10.2 7.01909 1.26243
10.25 6.99435 1.25401
10.3 6.96944 1.24563
10.35 6.94437 1.23731
10.4 6.91912 1.22905
10.45 6.89372 1.22084
10.5 6.86815 1.21268
10.55 6.84243 1.20459
10.6 6.81654 1.19655
10.65 6.79051 1.18857
10.7 6.76431 1.18065
10.75 6.73797 1.1728
10.8 6.71148 1.165
10.85 6.68485 1.15728
10.9 6.65806 1.14961
10.95 6.63114 1.14201
11 6.60408 1.13448
11.05 6.57688 1.12702
11.1 6.54955 1.11962
11.15 6.52209 1.11229
11.2 6.4945 1.10504
11.25 6.46678 1.09785
11.3 6.43894 1.09074
11.35 6.41097 1.0837
11.4 6.38289 1.07674
11.45 6.35469 1.06985
11.5 6.32637 1.06303
11.55 6.29795 1.0563
11.6 6.26942 1.04964
11.65 6.24078 1.04305
11.7 6.21204 1.03655
11.75 6.1832 1.03013
11.8 6.15426 1.02378
11.85 6.12522 1.01752
11.9 6.0961 1.01134
11.95 6.06689 1.00525
12 6.03758 0.999232
12.05 6.0082 0.993303
12.1 5.97874 0.987458
12.15 5.94919 0.981699
12.2 5.91958 0.976026
12.25 5.88989 0.97044
12.3 5.86013 0.964941
12.35 5.8303 0.95953
12.4 5.80041 0.954207
12.45 5.77047 0.948973
12.5 5.74046 0.943829
12.55 5.7104 0.938775
12.6 5.68028 0.933812
12.65 5.65012 0.92894
12.7 5.61991 0.924159
12.75 5.58966 0.91947
12.8 5.55937 0.914874
12.85 5.52904 0.91037
12.9 5.49868 0.90596
12.95 5.46828 0.901643
13 5.43786 0.89742
13.05 5.40741 0.893292
13.1 5.37694 0.889258
13.15 5.34644 0.885319
13.2 5.31593 0.881475
13.25 5.28541 0.877726
13.3 5.25488 0.874073
13.35 5.22433 0.870516
13.4 5.19378 0.867055
13.45 5.16323 0.863691
13.5 5.13268 0.860422
13.55 5.10213 0.857251
13.6 5.07159 0.854175
13.65 5.04106 0.851197
13.7 5.01053 0.848315
13.75 4.98003 0.84553
13.8 4.94953 0.842842
13.85 4.91906 0.840251
13.9 4.88861 0.837757
13.95 4.85819 0.835359
14 4.82779 0.833059
14.05 4.79743 0.830855
14.1 4.7671 0.828747
14.15 4.7368 0.826737
14.2 4.70654 0.824822
14.25 4.67632 0.823004
14.3 4.64615 0.821282
14.35 4.61602 0.819655
14.4 4.58595 0.818125
14.45 4.55592 0.816689
14.5 4.52595 0.815349
14.55 4.49603 0.814104
14.6 4.46617 0.812953
14.65 4.43638 0.811896
14.7 4.40664 0.810933
14.75 4.37698 0.810063
14.8 4.34738 0.809287
14.85 4.31785 0.808603
14.9 4.2884 0.808012
14.95 4.25902 0.807512
15 4.22972 0.807104
15.05 4.20049 0.806787
15.1 4.17135 0.806559
15.15 4.1423 0.806422
15.2 4.11333 0.806374
15.25 4.08445 0.806415
15.3 4.05566 0.806543
15.35 4.02696 0.806759
15.4 3.99836 0.807062
15.45 3.96985 0.807452
15.5 3.94144 0.807926
15.55 3.91314 0.808486
15.6 3.88493 0.80913
15.65 3.85683 0.809857
15.7 3.82884 0.810666
15.75 3.80095 0.811558
15.8 3.77317 0.812531
15.85 3.7455 0.813584
15.9 3.71795 0.814716
15.95 3.69051 0.815927
16 3.66319 0.817216
16.05 3.63599 0.818582
16.1 3.6089 0.820024
16.15 3.58194 0.821541
16.2 3.55509 0.823132
16.25 3.52837 0.824797
16.3 3.50178 0.826533
16.35 3.47532 0.828342
16.4 3.44898 0.83022
16.45 3.42277 0.832168
16.5 3.39669 0.834184
16.55 3.37074 0.836267
16.6 3.34493 0.838417
16.65 3.31925 0.840632
16.7 3.2937 0.842911
16.75 3.26829 0.845253
16.8 3.24302 0.847656
16.85 3.21789 0.850121
16.9 3.1929 0.852645
16.95 3.16804 0.855228
17 3.14333 0.857868
17.05 3.11876 0.860564
17.1 3.09433 0.863315
17.15 3.07005 0.86612
17.2 3.04591 0.868977
17.25 3.02192 0.871886
17.3 2.99807 0.874845
17.35 2.97437 0.877852
17.4 2.95081 0.880907
17.45 2.92741 0.884009
17.5 2.90415 0.887156
17.55 2.88104 0.890346
17.6 2.85808 0.893579
17.65 2.83527 0.896853
17.7 2.81261 0.900167
17.75 2.7901 0.903519
17.8 2.76774 0.906909
17.85 2.74553 0.910334
17.9 2.72347 0.913795
17.95 2.70156 0.917288
18 2.67981 0.920813
18.05 2.65821 0.924369
18.1 2.63676 0.927953
18.15 2.61546 0.931566
18.2 2.59431 0.935205
18.25 2.57332 0.938868
18.3 2.55248 0.942556
18.35 2.53179 0.946265
18.4 2.51125 0.949996
18.45 2.49086 0.953745
18.5 2.47063 0.957513
18.55 2.45055 0.961298
18.6 2.43062 0.965097
18.65 2.41084 0.968911
18.7 2.39121 0.972736
18.75 2.37174 0.976573
18.8 2.35241 0.980419
18.85 2.33323 0.984274
18.9 2.31421 0.988135
18.95 2.29533 0.992001
19 2.2766 0.995871
19.05 2.25802 0.999744
19.1 2.23959 1.00362
19.15 2.22131 1.00749
19.2 2.20317 1.01136
19.25 2.18518 1.01523
19.3 2.16734 1.0191
19.35 2.14964 1.02295
19.4 2.13209 1.0268
19.45 2.11468 1.03065
19.5 2.09741 1.03448
19.55 2.08029 1.0383
19.6 2.06331 1.04211
19.65 2.04647 1.0459
19.7 2.02977 1.04968
19.75 2.01321 1.05344
19.8 1.99679 1.05718
19.85 1.98051 1.0609
19.9 1.96437 1.0646
19.95 1.94836 1.06828
20 1.93249 1.07194
20.05 1.91676 1.07557
20.1 1.90115 1.07917
20.15 1.88568 1.08275
20.2 1.87035 1.0863
20.25 1.85514 1.08981
20.3 1.84006 1.0933
20.35 1.82512 1.09675
20.4 1.8103 1.10017
20.45 1.79561 1.10356
20.5 1.78105 1.1069
20.55 1.76661 1.11021
20.6 1.75229 1.11348
20.65 1.7381 1.11671
20.7 1.72403 1.1199
20.75 1.71008 1.12305
20.8 1.69625 1.12615
20.85 1.68254 1.12921
20.9 1.66895 1.13222
20.95 1.65547 1.13519
21 1.64211 1.13811
21.05 1.62887 1.14097
21.1 1.61574 1.14379
21.15 1.60272 1.14656
21.2 1.58981 1.14927
21.25 1.57701 1.15193
21.3 1.56432 1.15454
21.35 1.55174 1.15709
21.4 1.53926 1.15958
21.45 1.52689 1.16202
21.5 1.51462 1.16439
21.55 1.50245 1.16671
21.6 1.49039 1.16897
21.65 1.47843 1.17117
21.7 1.46657 1.1733
21.75 1.4548 1.17537
21.8 1.44313 1.17738
21.85 1.43156 1.17932
21.9 1.42008 1.1812
21.95 1.4087 1.18301
22 1.39741 1.18476
22.05 1.38621 1.18643
22.1 1.3751 1.18804
22.15 1.36407 1.18958
22.2 1.35314 1.19104
22.25 1.34229 1.19244
22.3 1.33153 1.19377
22.35 1.32085 1.19502
22.4 1.31025 1.1962
22.45 1.29974 1.19731
22.5 1.28931 1.19834
22.55 1.27895 1.1993
22.6 1.26868 1.20018
22.65 1.25848 1.20099
22.7 1.24835 1.20172
22.75 1.23831 1.20238
22.8 1.22833 1.20296
22.85 1.21843 1.20346
22.9 1.2086 1.20388
22.95 1.19885 1.20422
23 1.18916 1.20449
23.05 1.17954 1.20467
23.1 1.16999 1.20478
23.15 1.1605 1.20481
23.2 1.15108 1.20475
23.25 1.14172 1.20462
23.3 1.13243 1.2044
23.35 1.1232 1.20411
23.4 1.11403 1.20373
23.45 1.10492 1.20327
23.5 1.09587 1.20273
23.55 1.08688 1.2021
23.6 1.07795 1.2014
23.65 1.06907 1.20061
23.7 1.06025 1.19974
23.75 1.05148 1.19879
23.8 1.04277 1.19776
23.85 1.03411 1.19664
23.9 1.02551 1.19544
23.95 1.01695 1.19416
24 1.00845 1.19279
24.05 0.99999 1.19135
24.1 0.991584 1.18982
24.15 0.983225 1.18821
24.2 0.974914 1.18651
24.25 0.966649 1.18474
24.3 0.95843 1.18288
24.35 0.950257 1.18094
24.4 0.942127 1.17892
24.45 0.934041 1.17681
24.5 0.925998 1.17463
24.55 0.917997 1.17237
24.6 0.910037 1.17002
24.65 0.902119 1.16759
24.7 0.894241 1.16509
24.75 0.886402 1.1625
24.8 0.878602 1.15983
24.85 0.870841 1.15709
24.9 0.863118 1.15426
24.95 0.855432 1.15136
25 0.847783 1.14838
25.05 0.84017 1.14532
25.1 0.832593 1.14218
25.15 0.825051 1.13897
25.2 0.817543 1.13568
25.25 0.810071 1.13231
25.3 0.802631 1.12887
25.35 0.795226 1.12535
25.4 0.787853 1.12176
25.45 0.780513 1.1181
25.5 0.773205 1.11436
25.55 0.765928 1.11055
25.6 0.758683 1.10667
25.65 0.75147 1.10272
25.7 0.744287 1.09869
25.75 0.737134 1.0946
25.8 0.730012 1.09043
25.85 0.722919 1.0862
25.9 0.715856 1.0819
25.95 0.708822 1.07753
26 0.701818 1.0731
26.05 0.694842 1.0686
26.1 0.687894 1.06403
26.15 0.680976 1.0594
26.2 0.674085 1.05471
26.25 0.667222 1.04995
26.3 0.660388 1.04513
26.35 0.653581 1.04025
26.4 0.646801 1.03531
26.45 0.64005 1.03031
26.5 0.633325 1.02525
26.55 0.626628 1.02013
26.6 0.619958 1.01496
26.65 0.613314 1.00972
26.7 0.606698 1.00444
26.75 0.600109 0.999097
26.8 0.593547 0.993702
26.85 0.587012 0.988255
26.9 0.580504 0.982757
26.95 0.574022 0.977207
27 0.567568 0.971608
27.05 0.56114 0.965959
27.1 0.55474 0.960263
27.15 0.548366 0.95452
27.2 0.542019 0.94873
27.25 0.5357 0.942896
27.3 0.529407 0.937018
27.35 0.523142 0.931096
27.4 0.516904 0.925133
27.45 0.510694 0.919128
27.5 0.504511 0.913083
27.55 0.498355 0.907
27.6 0.492228 0.900878
27.65 0.486128 0.894719
27.7 0.480056 0.888524
27.75 0.474012 0.882295
27.8 0.467997 0.876031
27.85 0.46201 0.869735
27.9 0.456051 0.863406
27.95 0.450122 0.857047
28 0.444221 0.850658
28.05 0.438349 0.844241
28.1 0.432507 0.837795
28.15 0.426694 0.831324
28.2 0.420911 0.824826
28.25 0.415158 0.818305
28.3 0.409435 0.811759
28.35 0.403742 0.805192
28.4 0.39808 0.798603
28.45 0.392449 0.791994
28.5 0.386848 0.785366
28.55 0.381279 0.778719
28.6 0.375741 0.772056
28.65 0.370235 0.765376
28.7 0.36476 0.758682
28.75 0.359318 0.751974
28.8 0.353908 0.745252
28.85 0.348531 0.738519
28.9 0.343187 0.731776
28.95 0.337876 0.725022
29 0.332598 0.71826
29.05 0.327353 0.71149
29.1 0.322143 0.704714
29.15 0.316967 0.697932
29.2 0.311825 0.691145
29.25 0.306717 0.684355
29.3 0.301645 0.677563
29.35 0.296607 0.670769
29.4 0.291605 0.663974
29.45 0.286639 0.65718
29.5 0.281708 0.650388
29.55 0.276814 0.643598
29.6 0.271955 0.636811
29.65 0.267134 0.630029
29.7 0.262349 0.623253
29.75 0.257601 0.616482
29.8 0.25289 0.60972
29.85 0.248217 0.602965
29.9 0.243582 0.59622
29.95 0.238985 0.589485
30 0.234425 0.582761
30.05 0.229905 0.576049
30.1 0.225423 0.56935
30.15 0.220979 0.562665
30.2 0.216575 0.555995
30.25 0.21221 0.54934
30.3 0.207885 0.542702
30.35 0.203599 0.536082
30.4 0.199353 0.529479
30.45 0.195147 0.522896
30.5 0.190981 0.516333
30.55 0.186856 0.50979
30.6 0.182771 0.503269
30.65 0.178727 0.496771
30.7 0.174724 0.490296
30.75 0.170762 0.483844
30.8 0.166842 0.477418
30.85 0.162962 0.471017
30.9 0.159124 0.464643
30.95 0.155328 0.458295
31 0.151573 0.451976
31.05 0.147861 0.445685
31.1 0.14419 0.439423
31.15 0.140561 0.433191
31.2 0.136975 0.42699
31.25 0.133431 0.42082
31.3 0.129929 0.414683
31.35 0.12647 0.408578
31.4 0.123053 0.402506
31.45 0.119679 0.396468
31.5 0.116348 0.390465
31.55 0.113059 0.384497
31.6 0.109813 0.378565
31.65 0.10661 0.372669
31.7 0.103449 0.36681
31.75 0.100332 0.360989
31.8 0.0972571 0.355205
31.85 0.0942253 0.349461
31.9 0.0912363 0.343755
31.95 0.0882903 0.338089
32 0.085387 0.332463
32.05 0.0825266 0.326878
32.1 0.079709 0.321334
32.15 0.0769341 0.315831
32.2 0.074202 0.310371
32.25 0.0715125 0.304953
32.3 0.0688655 0.299577
32.35 0.0662611 0.294245
32.4 0.0636992 0.288957
32.45 0.0611796 0.283712
32.5 0.0587023 0.278512
32.55 0.0562671 0.273357
32.6 0.053874 0.268247
32.65 0.0515228 0.263182
32.7 0.0492134 0.258163
32.75 0.0469458 0.25319
32.8 0.0447196 0.248264
32.85 0.0425349 0.243384
32.9 0.0403914 0.238551
32.95 0.038289 0.233765
33 0.0362275 0.229026
33.05 0.0342068 0.224335
33.1 0.0322266 0.219692
33.15 0.0302868 0.215097
33.2 0.0283871 0.21055
33.25 0.0265274 0.206051
33.3 0.0247074 0.201601
33.35 0.022927 0.1972
33.4 0.0211858 0.192848
33.45 0.0194838 0.188544
33.5 0.0178205 0.18429
33.55 0.0161959 0.180085
33.6 0.0146095 0.175929
33.65 0.0130613 0.171823
33.7 0.0115508 0.167766
33.75 0.0100779 0.163758
33.8 0.00864218 0.1598
33.85 0.00724346 0.155892
33.9 0.00588141 0.152033
33.95 0.00455573 0.148224
34 0.00326613 0.144465
34.05 0.0020123 0.140755
34.1 0.000793911 0.137094
34.15 -0.000389343 0.133483
34.2 -0.00153779 0.129922
34.25 -0.00265176 0.12641
34.3 -0.00373159 0.122948
34.35 -0.00477762 0.119534
34.4 -0.0057902 0.11617
34.45 -0.00676967 0.112855
34.5 -0.00771639 0.109589
34.55 -0.00863072 0.106372
34.6 -0.00951302 0.103204
34.65 -0.0103637 0.100084
34.7 -0.011183 0.0970125
34.75 -0.0119714 0.0939895
34.8 -0.0127293 0.0910146
34.85 -0.0134571 0.0880877
34.9 -0.0141551 0.0852085
34.95 -0.0148237 0.082377
35 -0.0154633 0.0795928
35.05 -0.0160744 0.0768557
35.1 -0.0166573 0.0741656
35.15 -0.0172123 0.0715223
35.2 -0.0177401 0.0689254
35.25 -0.0182408 0.0663747
35.3 -0.018715 0.06387
35.35 -0.019163 0.061411
35.4 -0.0195853 0.0589975
35.45 -0.0199823 0.0566291
35.5 -0.0203544 0.0543057
35.55 -0.020702 0.0520268
35.6 -0.0210256 0.0497923
35.65 -0.0213255 0.0476017
35.7 -0.0216022 0.0454548
35.75 -0.0218562 0.0433514
35.8 -0.0220877 0.0412909
35.85 -0.0222974 0.0392732
35.9 -0.0224855 0.0372978
35.95 -0.0226526 0.0353645
36 -0.022799 0.0334729
36.05 -0.0229252 0.0316226
36.1 -0.0230317 0.0298133
36.15 -0.0231187 0.0280446
36.2 -0.0231868 0.0263162
36.25 -0.0232365 0.0246276
36.3 -0.023268 0.0229786
36.35 -0.0232819 0.0213686
36.4 -0.0232786 0.0197974
36.45 -0.0232585 0.0182645
36.5 -0.023222 0.0167695
36.55 -0.0231695 0.0153121
36.6 -0.0231016 0.0138918
36.65 -0.0230185 0.0125082
36.7 -0.0229208 0.011161
36.75 -0.0228087 0.00984967
36.8 -0.0226829 0.00857382
36.85 -0.0225436 0.00733304
36.9 -0.0223912 0.0061269
36.95 -0.0222263 0.00495498
37 -0.0220491 0.00381686
37.05 -0.0218601 0.00271209
37.1 -0.0216597 0.00164026
37.15 -0.0214484 0.000600916
37.2 -0.0212264 -0.000406364
37.25 -0.0209942 -0.00138202
37.3 -0.0207521 -0.0023265
37.35 -0.0205007 -0.00324023
37.4 -0.0202402 -0.00412366
37.45 -0.019971 -0.00497724
37.5 -0.0196935 -0.0058014
37.55 -0.0194082 -0.00659659
37.6 -0.0191152 -0.00736326
37.65 -0.0188151 -0.00810185
37.7 -0.0185082 -0.00881281
37.75 -0.0181949 -0.00949658
37.8 -0.0178754 -0.0101536
37.85 -0.0175502 -0.0107844
37.9 -0.0172196 -0.0113893
37.95 -0.0168839 -0.0119688
38 -0.0165435 -0.0125233
38.05 -0.0161988 -0.0130533
38.1 -0.01585 -0.0135593
38.15 -0.0154974 -0.0140416
38.2 -0.0151415 -0.0145008
38.25 -0.0147825 -0.0149372
38.3 -0.0144207 -0.0153513
38.35 -0.0140564 -0.0157436
38.4 -0.0136899 -0.0161145
38.45 -0.0133216 -0.0164643
38.5 -0.0129517 -0.0167936
38.55 -0.0125805 -0.0171028
38.6 -0.0122083 -0.0173923
38.65 -0.0118354 -0.0176625
38.7 -0.011462 -0.0179139
38.75 -0.0110884 -0.0181469
38.8 -0.0107149 -0.0183618
38.85 -0.0103418 -0.0185592
38.9 -0.00996915 -0.0187395
38.95 -0.00959737 -0.018903
39 -0.00922664 -0.0190502
39.05 -0.00885722 -0.0191814
39.1 -0.00848932 -0.0192971
39.15 -0.00812317 -0.0193978
39.2 -0.00775899 -0.0194836
39.25 -0.007397 -0.0195552
39.3 -0.00703739 -0.0196128
39.35 -0.00668038 -0.0196569
39.4 -0.00632616 -0.0196879
39.45 -0.00597492 -0.019706
39.5 -0.00562685 -0.0197118
39.55 -0.00528212 -0.0197056
39.6 -0.00494092 -0.0196877
39.65 -0.00460341 -0.0196585
39.7 -0.00426975 -0.0196184
39.75 -0.0039401 -0.0195677
39.8 -0.00361462 -0.0195069
39.85 -0.00329346 -0.0194361
39.9 -0.00297675 -0.0193559
39.95 -0.00266463 -0.0192665
40 -0.00235723 -0.0191683
40.05 -0.00205468 -0.0190616
40.1 -0.0017571 -0.0189468
40.15 -0.00146461 -0.0188241
40.2 -0.0011773 -0.0186939
40.25 -0.000895296 -0.0185565
40.3 -0.000618686 -0.0184122
40.35 -0.000347565 -0.0182614
40.4 -8.20236e-05 -0.0181043
40.45 0.000177856 -0.0179412
40.5 0.000431995 -0.0177724
40.55 0.000680321 -0.0175983
40.6 0.000922765 -0.017419
40.65 0.00115926 -0.0172349
40.7 0.00138976 -0.0170463
40.75 0.0016142 -0.0168534
40.8 0.00183253 -0.0166565
40.85 0.00204471 -0.0164558
40.9 0.00225071 -0.0162517
40.95 0.00245048 -0.0160443
41 0.002644 -0.0158339
41.05 0.00283124 -0.0156208
41.1 0.00301219 -0.0154051
41.15 0.00318682 -0.0151872
41.2 0.00335512 -0.0149672
41.25 0.00351709 -0.0147454
41.3 0.00367272 -0.0145219
41.35 0.00382201 -0.0142971
41.4 0.00396497 -0.014071
41.45 0.00410161 -0.013844
41.5 0.00423194 -0.0136162
41.55 0.00435598 -0.0133877
41.6 0.00447374 -0.0131589
41.65 0.00458526 -0.0129298
41.7 0.00469056 -0.0127007
41.75 0.00478967 -0.0124717
41.8 0.00488262 -0.012243
41.85 0.00496947 -0.0120148
41.9 0.00505024 -0.0117872
41.95 0.00512499 -0.0115603
42 0.00519375 -0.0113344
42.05 0.0052566 -0.0111096
42.1 0.00531357 -0.0108859
42.15 0.00536473 -0.0106637
42.2 0.00541014 -0.0104429
42.25 0.00544986 -0.0102237
42.3 0.00548396 -0.0100062
42.35 0.0055125 -0.00979066
42.4 0.00553557 -0.00957704
42.45 0.00555323 -0.0093655
42.5 0.00556555 -0.00915616
42.55 0.00557263 -0.00894909
42.6 0.00557454 -0.00874442
42.65 0.00557135 -0.00854223
42.7 0.00556317 -0.0083426
42.75 0.00555007 -0.00814563
42.8 0.00553215 -0.00795139
42.85 0.00550949 -0.00775997
42.9 0.00548219 -0.00757143
42.95 0.00545034 -0.00738584
43 0.00541405 -0.00720328
43.05 0.0053734 -0.00702379
43.1 0.00532849 -0.00684745
43.15 0.00527943 -0.00667429
43.2 0.00522632 -0.00650438
43.25 0.00516927 -0.00633776
43.3 0.00510836 -0.00617448
43.35 0.00504371 -0.00601456
43.4 0.00497543 -0.00585806
43.45 0.00490363 -0.00570499
43.5 0.0048284 -0.0055554
43.55 0.00474985 -0.0054093
43.6 0.00466811 -0.00526672
43.65 0.00458327 -0.00512769
43.7 0.00449544 -0.0049922
43.75 0.00440474 -0.00486029
43.8 0.00431128 -0.00473196
43.85 0.00421516 -0.00460722
43.9 0.0041165 -0.00448607
43.95 0.00401541 -0.00436851
44 0.003912 -0.00425455
44.05 0.00380637 -0.00414417
44.1 0.00369865 -0.00403738
44.15 0.00358894 -0.00393417
44.2 0.00347735 -0.00383452
44.25 0.00336399 -0.00373842
44.3 0.00324898 -0.00364586
44.35 0.00313241 -0.00355681
44.4 0.00301441 -0.00347126
44.45 0.00289507 -0.00338918
44.5 0.00277451 -0.00331055
44.55 0.00265283 -0.00323533
44.6 0.00253014 -0.00316351
44.65 0.00240654 -0.00309505
44.7 0.00228214 -0.00302992
44.75 0.00215704 -0.00296808
44.8 0.00203134 -0.0029095
44.85 0.00190515 -0.00285413
44.9 0.00177856 -0.00280195
44.95 0.00165168 -0.0027529
45 0.0015246 -0.00270694
45.05 0.00139741 -0.00266403
45.1 0.00127023 -0.00262413
45.15 0.00114313 -0.00258718
45.2 0.00101621 -0.00255314
45.25 0.00088957 -0.00252196
45.3 0.00076329 -0.00249359
45.35 0.000637462 -0.00246797
45.4 0.000512173 -0.00244505
45.45 0.000387507 -0.00242478
45.5 0.000263549 -0.00240711
45.55 0.000140382 -0.00239197
45.6 1.80846e-05 -0.00237931
45.65 -0.000103263 -0.00236907
45.7 -0.000223584 -0.0023612
45.75 -0.000342803 -0.00235563
45.8 -0.000460847 -0.00235231
45.85 -0.000577644 -0.00235118
45.9 -0.000693123 -0.00235217
45.95 -0.000807217 -0.00235522
46 -0.000919859 -0.00236028
46.05 -0.00103099 -0.00236728
46.1 -0.00114053 -0.00237615
46.15 -0.00124844 -0.00238685
46.2 -0.00135465 -0.00239929
46.25 -0.00145911 -0.00241343
46.3 -0.00156176 -0.0024292
46.35 -0.00166255 -0.00244653
46.4 -0.00176142 -0.00246536
46.45 -0.00185834 -0.00248563
46.5 -0.00195324 -0.00250727
46.55 -0.0020461 -0.00253023
46.6 -0.00213686 -0.00255444
46.65 -0.00222548 -0.00257984
46.7 -0.00231193 -0.00260636
46.75 -0.00239617 -0.00263394
46.8 -0.00247817 -0.00266253
46.85 -0.00255789 -0.00269205
46.9 -0.00263529 -0.00272246
46.95 -0.00271037 -0.00275368
47 -0.00278307 -0.00278566
47.05 -0.00285339 -0.00281833
47.1 -0.0029213 -0.00285165
47.15 -0.00298678 -0.00288554
47.2 -0.00304981 -0.00291996
47.25 -0.00311038 -0.00295484
47.3 -0.00316846 -0.00299013
47.35 -0.00322405 -0.00302577
47.4 -0.00327714 -0.0030617
47.45 -0.00332771 -0.00309788
47.5 -0.00337576 -0.00313424
47.55 -0.00342129 -0.00317073
47.6 -0.00346429 -0.00320731
47.65 -0.00350476 -0.00324391
47.7 -0.0035427 -0.00328049
47.75 -0.00357811 -0.003317
47.8 -0.003611 -0.00335338
47.85 -0.00364137 -0.0033896
47.9 -0.00366924 -0.0034256
47.95 -0.0036946 -0.00346133
48 -0.00371747 -0.00349676
48.05 -0.00373786 -0.00353183
48.1 -0.00375579 -0.0035665
48.15 -0.00377128 -0.00360074
48.2 -0.00378433 -0.00363449
48.25 -0.00379497 -0.00366772
48.3 -0.00380322 -0.00370039
48.35 -0.0038091 -0.00373246
48.4 -0.00381263 -0.0037639
48.45 -0.00381384 -0.00379466
48.5 -0.00381276 -0.00382471
48.55 -0.00380941 -0.00385402
48.6 -0.00380381 -0.00388255
48.65 -0.00379601 -0.00391028
48.7 -0.00378603 -0.00393717
48.75 -0.0037739 -0.00396319
48.8 -0.00375966 -0.00398831
48.85 -0.00374334 -0.00401251
48.9 -0.00372498 -0.00403575
48.95 -0.00370461 -0.00405803
49 -0.00368228 -0.0040793
49.05 -0.00365801 -0.00409955
49.1 -0.00363186 -0.00411875
49.15 -0.00360386 -0.00413689
49.2 -0.00357405 -0.00415394
49.25 -0.00354248 -0.00416989
49.3 -0.00350919 -0.00418472
49.35 -0.00347422 -0.00419841
49.4 -0.00343762 -0.00421095
49.45 -0.00339944 -0.00422232
49.5 -0.00335971 -0.00423251
49.55 -0.00331849 -0.00424151
49.6 -0.00327582 -0.0042493
49.65 -0.00323176 -0.00425589
49.7 -0.00318634 -0.00426125
49.75 -0.00313962 -0.00426538
49.8 -0.00309165 -0.00426828
49.85 -0.00304248 -0.00426994
49.9 -0.00299216 -0.00427035
49.95 -0.00294073 -0.00426951
50 -0.00288825 -0.00426742
