-0.498 -0.000197499 -5.72485e-05
-0.496 -0.000797486 -0.000230059
-0.494 -0.00181118 -0.00051997
-0.492 -0.00324971 -0.000928432
-0.49 -0.00512408 -0.00145679
-0.488 -0.00744508 -0.00210627
-0.486 -0.0102232 -0.00287794
-0.484 -0.0134686 -0.00377275
-0.482 -0.0171909 -0.00479143
-0.48 -0.0213994 -0.00593455
-0.478 -0.0261027 -0.00720245
-0.476 -0.0313087 -0.00859524
-0.474 -0.0370247 -0.0101128
-0.472 -0.043257 -0.0117547
-0.47 -0.0500112 -0.0135202
-0.468 -0.0572917 -0.0154083
-0.466 -0.0651022 -0.0174177
-0.464 -0.0734449 -0.0195467
-0.462 -0.0823212 -0.0217932
-0.46 -0.091731 -0.0241548
-0.458 -0.101673 -0.0266287
-0.456 -0.112144 -0.0292115
-0.454 -0.123141 -0.0318996
-0.452 -0.134658 -0.0346888
-0.45 -0.146687 -0.0375746
-0.448 -0.15922 -0.0405518
-0.446 -0.172248 -0.0436148
-0.444 -0.185757 -0.0467577
-0.442 -0.199735 -0.0499737
-0.44 -0.214166 -0.0532559
-0.438 -0.229033 -0.0565967
-0.436 -0.244318 -0.0599879
-0.434 -0.260002 -0.0634209
-0.432 -0.27606 -0.0668865
-0.43 -0.292472 -0.0703751
-0.428 -0.30921 -0.0738766
-0.426 -0.326248 -0.0773801
-0.424 -0.343557 -0.0808747
-0.422 -0.361108 -0.0843486
-0.42 -0.378869 -0.0877897
-0.418 -0.396806 -0.0911855
-0.416 -0.414886 -0.094523
-0.414 -0.433071 -0.0977888
-0.412 -0.451326 -0.100969
-0.41 -0.469611 -0.10405
-0.408 -0.487887 -0.107017
-0.406 -0.506113 -0.109855
-0.404 -0.524247 -0.11255
-0.402 -0.542246 -0.115085
-0.4 -0.560068 -0.117446
-0.398 -0.577667 -0.119618
-0.396 -0.594998 -0.121584
-0.394 -0.612017 -0.123329
-0.392 -0.628677 -0.124837
-0.39 -0.644931 -0.126093
-0.388 -0.660734 -0.12708
-0.386 -0.676038 -0.127784
-0.384 -0.690797 -0.12819
-0.382 -0.704965 -0.128281
-0.38 -0.718494 -0.128044
-0.378 -0.731338 -0.127465
-0.376 -0.743453 -0.126528
-0.374 -0.754792 -0.125221
-0.372 -0.765312 -0.12353
-0.37 -0.774968 -0.121444
-0.368 -0.783718 -0.118949
-0.366 -0.791519 -0.116036
-0.364 -0.798331 -0.112692
-0.362 -0.804114 -0.10891
-0.36 -0.808829 -0.104678
-0.358 -0.812441 -0.09999
-0.356 -0.814912 -0.0948378
-0.354 -0.816208 -0.0892152
-0.352 -0.816299 -0.0831169
-0.35 -0.815152 -0.0765384
-0.348 -0.812738 -0.0694763
-0.346 -0.809032 -0.0619283
-0.344 -0.804007 -0.0538933
-0.342 -0.797641 -0.0453712
-0.34 -0.789913 -0.0363631
-0.338 -0.780803 -0.0268712
-0.336 -0.770296 -0.0168989
-0.334 -0.758376 -0.0064509
-0.332 -0.745032 0.00446697
-0.33 -0.730254 0.0158476
-0.328 -0.714034 0.0276828
-0.326 -0.696367 0.039963
-0.324 -0.677251 0.0526775
-0.322 -0.656685 0.0658143
-0.32 -0.634671 0.0793603
-0.318 -0.611215 0.0933012
-0.316 -0.586323 0.107622
-0.314 -0.560004 0.122305
-0.312 -0.532271 0.137333
-0.31 -0.503137 0.152688
-0.308 -0.472619 0.168349
-0.306 -0.440736 0.184296
-0.304 -0.407509 0.200507
-0.302 -0.372961 0.21696
-0.3 -0.337118 0.23363
-0.298 -0.300007 0.250495
-0.296 -0.261658 0.267528
-0.294 -0.222102 0.284705
-0.292 -0.181373 0.302
-0.29 -0.139504 0.319386
-0.288 -0.0965335 0.336836
-0.286 -0.0524982 0.354324
-0.284 -0.00743772 0.371821
-0.282 0.0386075 0.389301
-0.28 0.0855961 0.406737
-0.278 0.133486 0.4241
-0.276 0.182233 0.441365
-0.274 0.231794 0.458504
-0.272 0.282126 0.475492
-0.27 0.333183 0.492303
-0.268 0.384922 0.508912
-0.266 0.437297 0.525295
-0.264 0.490266 0.54143
-0.262 0.543785 0.557293
-0.26 0.59781 0.572864
-0.258 0.652301 0.588123
-0.256 0.707216 0.603053
-0.254 0.762515 0.617636
-0.252 0.818161 0.631857
-0.25 0.874116 0.645702
-0.248 0.930346 0.65916
-0.246 0.986818 0.672221
-0.244 1.0435 0.684876
-0.242 1.10037 0.697119
-0.24 1.15739 0.708947
-0.238 1.21454 0.720358
-0.236 1.2718 0.731351
-0.234 1.32915 0.74193
-0.232 1.38658 0.752098
-0.23 1.44408 0.761862
-0.228 1.50162 0.771233
-0.226 1.55921 0.78022
-0.224 1.61684 0.788838
-0.222 1.67451 0.797102
-0.22 1.73223 0.805031
-0.218 1.78999 0.812644
-0.216 1.84781 0.819965
-0.214 1.90569 0.827017
-0.212 1.96366 0.833826
-0.21 2.02172 0.840422
-0.208 2.0799 0.846834
-0.206 2.13823 0.853094
-0.204 2.19672 0.859237
-0.202 2.25541 0.865297
-0.2 2.31432 0.871312
-0.198 2.3735 0.877319
-0.196 2.43298 0.883359
-0.194 2.49279 0.889471
-0.192 2.55298 0.895699
-0.19 2.61359 0.902085
-0.188 2.67466 0.908673
-0.186 2.73625 0.915507
-0.184 2.79839 0.922632
-0.182 2.86115 0.930094
-0.18 2.92457 0.937939
-0.178 2.98871 0.946213
-0.176 3.05361 0.954962
-0.174 3.11934 0.964233
-0.172 3.18595 0.974072
-0.17 3.2535 0.984524
-0.168 3.32205 0.995636
-0.166 3.39165 1.00745
-0.164 3.46237 1.02002
-0.162 3.53426 1.03338
-0.16 3.60739 1.04757
-0.158 3.68181 1.06264
-0.156 3.75759 1.07863
-0.154 3.83478 1.09558
-0.152 3.91345 1.11352
-0.15 3.99365 1.1325
-0.148 4.07545 1.15255
-0.146 4.1589 1.17371
-0.144 4.24407 1.196
-0.142 4.331 1.21945
-0.14 4.41977 1.24411
-0.138 4.51041 1.26999
-0.136 4.603 1.29711
-0.134 4.69758 1.32551
-0.132 4.7942 1.3552
-0.13 4.89292 1.38621
-0.128 4.99378 1.41854
-0.126 5.09684 1.45221
-0.124 5.20213 1.48724
-0.122 5.30971 1.52364
-0.12 5.41961 1.5614
-0.118 5.53188 1.60054
-0.116 5.64654 1.64105
-0.114 5.76364 1.68294
-0.112 5.8832 1.7262
-0.11 6.00525 1.77082
-0.108 6.12982 1.81681
-0.106 6.25693 1.86413
-0.104 6.38658 1.91279
-0.102 6.51881 1.96275
-0.1 6.65361 2.01401
-0.098 6.79099 2.06653
-0.096 6.93094 2.12029
-0.094 7.07347 2.17527
-0.092 7.21856 2.23142
-0.09 7.3662 2.28871
-0.088 7.51635 2.34711
-0.086 7.669 2.40657
-0.084 7.82411 2.46704
-0.082 7.98163 2.52849
-0.08 8.14152 2.59085
-0.078 8.30373 2.65408
-0.076 8.46818 2.71811
-0.074 8.63481 2.7829
-0.072 8.80355 2.84837
-0.07 8.9743 2.91445
-0.068 9.14696 2.98109
-0.066 9.32145 3.0482
-0.064 9.49763 3.11572
-0.062 9.67541 3.18356
-0.06 9.85463 3.25165
-0.058 10.0352 3.3199
-0.056 10.2169 3.38822
-0.054 10.3996 3.45654
-0.052 10.5832 3.52475
-0.05 10.7674 3.59276
-0.048 10.9522 3.66048
-0.046 11.1372 3.72781
-0.044 11.3223 3.79466
-0.042 11.5073 3.86091
-0.04 11.692 3.92647
-0.038 11.8761 3.99123
-0.036 12.0594 4.05508
-0.034 12.2417 4.11792
-0.032 12.4227 4.17964
-0.03 12.6022 4.24013
-0.028 12.7798 4.29929
-0.026 12.9554 4.35699
-0.024 13.1287 4.41314
-0.022 13.2993 4.46762
-0.02 13.467 4.52032
-0.018 13.6316 4.57114
-0.016 13.7926 4.61998
-0.014 13.95 4.66672
-0.012 14.1032 4.71126
-0.01 14.2522 4.75351
-0.008 14.3965 4.79337
-0.006 14.536 4.83074
-0.004 14.6703 4.86554
-0.002 14.7991 4.89767
0 14.9221 4.92705
0.002 15.039 4.95362
0.004 15.1497 4.97729
0.006 15.2539 4.998
0.008 15.3513 5.01567
0.01 15.4417 5.03026
0.012 15.5249 5.04171
0.014 15.6007 5.04998
0.016 15.6688 5.05503
0.018 15.7291 5.05684
0.02 15.7815 5.05536
0.022 15.8257 5.0506
0.024 15.8616 5.04254
0.026 15.889 5.03118
0.028 15.9079 5.01653
0.03 15.9181 4.99859
0.032 15.9196 4.97739
0.034 15.9122 4.95295
0.036 15.896 4.92532
0.038 15.8708 4.89454
0.04 15.8367 4.86065
0.042 15.7937 4.82372
0.044 15.7417 4.78381
0.046 15.6808 4.74098
0.048 15.6111 4.69533
0.05 15.5325 4.64692
0.052 15.4452 4.59586
0.054 15.3493 4.54224
0.056 15.2448 4.48616
0.058 15.1318 4.42772
0.06 15.0106 4.36704
0.062 14.8813 4.30422
0.064 14.7439 4.2394
0.066 14.5988 4.17269
0.068 14.446 4.10422
0.07 14.2858 4.03412
0.072 14.1183 3.96251
0.074 13.9439 3.88953
0.076 13.7626 3.81531
0.078 13.5748 3.73998
0.08 13.3807 3.66369
0.082 13.1806 3.58656
0.084 12.9747 3.50873
0.086 12.7632 3.43033
0.088 12.5465 3.3515
0.09 12.3247 3.27237
0.092 12.0983 3.19306
0.094 11.8675 3.11371
0.096 11.6325 3.03443
0.098 11.3937 2.95535
0.1 11.1514 2.87659
0.102 10.9057 2.79826
0.104 10.6571 2.72047
0.106 10.4059 2.64333
0.108 10.1523 2.56694
0.11 9.89656 2.4914
0.112 9.63907 2.4168
0.114 9.38007 2.34324
0.116 9.11987 2.27079
0.118 8.85875 2.19953
0.12 8.59698 2.12955
0.122 8.33486 2.0609
0.124 8.07266 1.99366
0.126 7.81065 1.92787
0.128 7.5491 1.86359
0.13 7.28827 1.80087
0.132 7.02843 1.73976
0.134 6.76982 1.68028
0.136 6.5127 1.62247
0.138 6.2573 1.56636
0.14 6.00387 1.51197
0.142 5.75264 1.45931
0.144 5.50382 1.4084
0.146 5.25764 1.35924
0.148 5.0143 1.31183
0.15 4.77402 1.26618
0.152 4.53698 1.22228
0.154 4.30338 1.18011
0.156 4.07339 1.13967
0.158 3.84719 1.10092
0.16 3.62495 1.06386
0.162 3.40683 1.02846
0.164 3.19297 0.994679
0.166 2.98351 0.962495
0.168 2.77859 0.93187
0.17 2.57833 0.902766
0.172 2.38286 0.875144
0.174 2.19227 0.84896
0.176 2.00666 0.82417
0.178 1.82613 0.800727
0.18 1.65075 0.778582
0.182 1.4806 0.757685
0.184 1.31574 0.737985
0.186 1.15623 0.71943
0.188 1.00211 0.701964
0.19 0.853407 0.685534
0.192 0.710162 0.670085
0.194 0.572388 0.655562
0.196 0.440095 0.641908
0.198 0.313283 0.629067
0.2 0.191944 0.616984
0.202 0.0760625 0.605603
0.204 -0.0343876 0.594869
0.206 -0.13944 0.584728
0.208 -0.239135 0.575124
0.21 -0.333524 0.566006
0.212 -0.422663 0.557321
0.214 -0.506617 0.549017
0.216 -0.58546 0.541045
0.218 -0.65927 0.533357
0.22 -0.728133 0.525904
0.222 -0.792144 0.518642
0.224 -0.8514 0.511527
0.226 -0.906008 0.504515
0.228 -0.956077 0.497567
0.23 -1.00172 0.490644
0.232 -1.04307 0.48371
0.234 -1.08024 0.476729
0.236 -1.11337 0.469669
0.238 -1.14258 0.462499
0.24 -1.16802 0.455192
0.242 -1.18983 0.44772
0.244 -1.20814 0.44006
0.246 -1.22311 0.432189
0.248 -1.23488 0.42409
0.25 -1.2436 0.415743
0.252 -1.24941 0.407135
0.254 -1.25248 0.398252
0.256 -1.25294 0.389083
0.258 -1.25096 0.379621
0.26 -1.24667 0.36986
0.262 -1.24023 0.359794
0.264 -1.23178 0.349423
0.266 -1.22148 0.338747
0.268 -1.20946 0.327768
0.27 -1.19586 0.31649
0.272 -1.18083 0.30492
0.274 -1.16451 0.293065
0.276 -1.14701 0.280935
0.278 -1.12848 0.268542
0.28 -1.10904 0.2559
0.282 -1.08881 0.243022
0.284 -1.06791 0.229925
0.286 -1.04645 0.216627
0.288 -1.02454 0.203147
0.29 -1.00229 0.189504
0.292 -0.979792 0.175719
0.294 -0.957142 0.161816
0.296 -0.934429 0.147816
0.298 -0.911739 0.133743
0.3 -0.889149 0.119622
0.302 -0.866736 0.105478
0.304 -0.844566 0.091336
0.306 -0.822704 0.0772215
0.308 -0.801209 0.0631607
0.31 -0.780132 0.0491795
0.312 -0.759523 0.0353039
0.314 -0.739425 0.0215599
0.316 -0.719874 0.00797333
0.318 -0.700906 -0.0054305
0.32 -0.682547 -0.0186265
0.322 -0.664822 -0.0315901
0.324 -0.647749 -0.0442973
0.326 -0.631344 -0.0567247
0.328 -0.615617 -0.0688499
0.33 -0.600573 -0.0806509
0.332 -0.586216 -0.092107
0.334 -0.572544 -0.103198
0.336 -0.559552 -0.113906
0.338 -0.547231 -0.124212
0.34 -0.53557 -0.134099
0.342 -0.524554 -0.143553
0.344 -0.514166 -0.152559
0.346 -0.504384 -0.161104
0.348 -0.495188 -0.169177
0.35 -0.48655 -0.176767
0.352 -0.478446 -0.183865
0.354 -0.470846 -0.190463
0.356 -0.46372 -0.196556
0.358 -0.457036 -0.202138
0.36 -0.450762 -0.207207
0.362 -0.444863 -0.211759
0.364 -0.439306 -0.215795
0.366 -0.434055 -0.219316
0.368 -0.429075 -0.222322
0.37 -0.42433 -0.224819
0.372 -0.419784 -0.226811
0.374 -0.415403 -0.228303
0.376 -0.411152 -0.229303
0.378 -0.406995 -0.22982
0.38 -0.4029 -0.229864
0.382 -0.398834 -0.229445
0.384 -0.394765 -0.228575
0.386 -0.390663 -0.227269
0.388 -0.386498 -0.225539
0.39 -0.382243 -0.223401
0.392 -0.377872 -0.22087
0.394 -0.373361 -0.217964
0.396 -0.368687 -0.2147
0.398 -0.36383 -0.211097
0.4 -0.358771 -0.207173
0.402 -0.353493 -0.202947
0.404 -0.347981 -0.198441
0.406 -0.342225 -0.193673
0.408 -0.336213 -0.188665
0.41 -0.329937 -0.183439
0.412 -0.323393 -0.178015
0.414 -0.316577 -0.172414
0.416 -0.309488 -0.166659
0.418 -0.302126 -0.160771
0.42 -0.294497 -0.154771
0.422 -0.286604 -0.148681
0.424 -0.278457 -0.142522
0.426 -0.270065 -0.136315
0.428 -0.261441 -0.13008
0.43 -0.252598 -0.123837
0.432 -0.243552 -0.117606
0.434 -0.234321 -0.111406
0.436 -0.224925 -0.105256
0.438 -0.215385 -0.0991727
0.44 -0.205724 -0.0931742
0.442 -0.195966 -0.0872765
0.444 -0.186136 -0.0814952
0.446 -0.176262 -0.075845
0.448 -0.16637 -0.0703398
0.45 -0.15649 -0.0649924
0.452 -0.146651 -0.0598148
0.454 -0.136883 -0.0548179
0.456 -0.127217 -0.0500119
0.458 -0.117684 -0.0454055
0.46 -0.108316 -0.0410067
0.462 -0.0991428 -0.0368225
0.464 -0.0901968 -0.0328586
0.466 -0.081509 -0.0291198
0.468 -0.0731101 -0.0256099
0.47 -0.0650307 -0.0223317
0.472 -0.0573005 -0.0192868
0.474 -0.0499486 -0.0164761
0.476 -0.0430032 -0.0138994
0.478 -0.0364916 -0.0115554
0.48 -0.03044 -0.0094421
0.482 -0.0248733 -0.0075567
0.484 -0.0198154 -0.00589545
0.486 -0.0152883 -0.00445386
0.488 -0.0113129 -0.00322675
0.49 -0.00790844 -0.00220825
0.492 -0.00509235 -0.00139187
0.494 -0.00288043 -0.000770592
0.496 -0.00128665 -0.000336885
0.498 -0.000323116 -8.27949e-05
0.05 6.61812 2.26786
0.1 6.6181 2.26779
0.15 6.61808 2.26768
0.2 6.61804 2.26752
0.25 6.618 2.26733
0.3 6.61794 2.26708
0.35 6.61788 2.26679
0.4 6.6178 2.26646
0.45 6.61771 2.26608
0.5 6.61761 2.26566
0.55 6.6175 2.26519
0.6 6.61738 2.26468
0.65 6.61724 2.26413
0.7 6.61709 2.26353
0.75 6.61693 2.26288
0.8 6.61675 2.26219
0.85 6.61656 2.26146
0.9 6.61635 2.26068
0.95 6.61613 2.25986
1 6.6159 2.25899
1.05 6.61564 2.25807
1.1 6.61537 2.25711
1.15 6.61508 2.25611
1.2 6.61477 2.25506
1.25 6.61444 2.25397
1.3 6.61409 2.25283
1.35 6.61372 2.25164
1.4 6.61332 2.25041
1.45 6.6129 2.24913
1.5 6.61246 2.24781
1.55 6.61199 2.24645
1.6 6.6115 2.24503
1.65 6.61098 2.24357
1.7 6.61042 2.24207
1.75 6.60984 2.24052
1.8 6.60923 2.23892
1.85 6.60859 2.23728
1.9 6.60792 2.23559
1.95 6.60721 2.23385
2 6.60646 2.23207
2.05 6.60568 2.23024
2.1 6.60486 2.22836
2.15 6.604 2.22644
2.2 6.6031 2.22447
2.25 6.60216 2.22245
2.3 6.60117 2.22039
2.35 6.60014 2.21828
2.4 6.59907 2.21612
2.45 6.59794 2.21391
2.5 6.59677 2.21166
2.55 6.59555 2.20936
2.6 6.59427 2.20701
2.65 6.59295 2.20461
2.7 6.59156 2.20217
2.75 6.59012 2.19967
2.8 6.58863 2.19713
2.85 6.58707 2.19454
2.9 6.58545 2.19191
2.95 6.58377 2.18922
3 6.58202 2.18649
3.05 6.58021 2.1837
3.1 6.57833 2.18087
3.15 6.57639 2.17799
3.2 6.57437 2.17506
3.25 6.57227 2.17209
3.3 6.57011 2.16906
3.35 6.56787 2.16598
3.4 6.56555 2.16286
3.45 6.56315 2.15968
3.5 6.56067 2.15646
3.55 6.5581 2.15319
3.6 6.55546 2.14986
3.65 6.55272 2.14649
3.7 6.5499 2.14307
3.75 6.54699 2.1396
3.8 6.54399 2.13608
3.85 6.54089 2.13251
3.9 6.5377 2.12888
3.95 6.53441 2.12521
4 6.53103 2.12149
4.05 6.52754 2.11772
4.1 6.52396 2.1139
4.15 6.52027 2.11003
4.2 6.51647 2.10611
4.25 6.51257 2.10214
4.3 6.50856 2.09812
4.35 6.50444 2.09405
4.4 6.5002 2.08993
4.45 6.49586 2.08576
4.5 6.49139 2.08154
4.55 6.48682 2.07727
4.6 6.48212 2.07295
4.65 6.4773 2.06858
4.7 6.47236 2.06416
4.75 6.4673 2.05969
4.8 6.46211 2.05517
4.85 6.45679 2.0506
4.9 6.45135 2.04599
4.95 6.44578 2.04132
5 6.44007 2.0366
5.05 6.43423 2.03183
5.1 6.42826 2.02701
5.15 6.42215 2.02215
5.2 6.41591 2.01723
5.25 6.40953 2.01227
5.3 6.403 2.00725
5.35 6.39633 2.00219
5.4 6.38952 1.99708
5.45 6.38257 1.99192
5.5 6.37547 1.98671
5.55 6.36822 1.98146
5.6 6.36083 1.97615
5.65 6.35328 1.9708
5.7 6.34559 1.9654
5.75 6.33774 1.95995
5.8 6.32973 1.95446
5.85 6.32158 1.94891
5.9 6.31326 1.94332
5.95 6.30479 1.93769
6 6.29617 1.932
6.05 6.28738 1.92628
6.1 6.27843 1.9205
6.15 6.26932 1.91468
6.2 6.26005 1.90881
6.25 6.25062 1.9029
6.3 6.24102 1.89694
6.35 6.23126 1.89094
6.4 6.22133 1.88489
6.45 6.21123 1.8788
6.5 6.20097 1.87267
6.55 6.19054 1.86649
6.6 6.17994 1.86027
6.65 6.16917 1.85401
6.7 6.15823 1.8477
6.75 6.14711 1.84135
6.8 6.13583 1.83496
6.85 6.12438 1.82853
6.9 6.11275 1.82206
6.95 6.10095 1.81554
7 6.08897 1.80899
7.05 6.07683 1.80239
7.1 6.0645 1.79576
7.15 6.05201 1.78909
7.2 6.03933 1.78238
7.25 6.02649 1.77563
7.3 6.01346 1.76884
7.35 6.00027 1.76202
7.4 5.98689 1.75516
7.45 5.97334 1.74826
7.5 5.95962 1.74133
7.55 5.94572 1.73436
7.6 5.93164 1.72736
7.65 5.91739 1.72032
7.7 5.90296 1.71325
7.75 5.88835 1.70615
7.8 5.87357 1.69901
7.85 5.85862 1.69184
7.9 5.84349 1.68464
7.95 5.82818 1.67741
8 5.8127 1.67015
8.05 5.79705 1.66286
8.1 5.78122 1.65553
8.15 5.76522 1.64819
8.2 5.74905 1.64081
8.25 5.7327 1.6334
8.3 5.71619 1.62597
8.35 5.6995 1.61851
8.4 5.68264 1.61103
8.45 5.66561 1.60352
8.5 5.64842 1.59599
8.55 5.63105 1.58843
8.6 5.61352 1.58085
8.65 5.59582 1.57325
8.7 5.57796 1.56562
8.75 5.55993 1.55798
8.8 5.54174 1.55031
8.85 5.52338 1.54263
8.9 5.50486 1.53493
8.95 5.48619 1.5272
9 5.46735 1.51947
9.05 5.44835 1.51171
9.1 5.4292 1.50394
9.15 5.40989 1.49615
9.2 5.39043 1.48835
9.25 5.37081 1.48053
9.3 5.35105 1.4727
9.35 5.33113 1.46486
9.4 5.31106 1.45701
9.45 5.29084 1.44915
9.5 5.27048 1.44127
9.55 5.24997 1.43339
9.6 5.22932 1.4255
9.65 5.20853 1.4176
9.7 5.1876 1.40969
9.75 5.16653 1.40178
9.8 5.14532 1.39386
9.85 5.12398 1.38593
9.9 5.1025 1.37801
9.95 5.08089 1.37008
10 5.05916 1.36214
10.05 5.03729 1.35421
10.1 5.0153 1.34628
10.15 4.99318 1.33834
10.2 4.97094 1.33041
10.25 4.94859 1.32247
10.3 4.92611 1.31454
10.35 4.90352 1.30662
10.4 4.88081 1.29869
10.45 4.85799 1.29078
10.5 4.83506 1.28286
10.55 4.81202 1.27496
10.6 4.78888 1.26706
10.65 4.76563 1.25917
10.7 4.74228 1.25129
10.75 4.71883 1.24342
10.8 4.69528 1.23555
10.85 4.67164 1.2277
10.9 4.6479 1.21986
10.95 4.62408 1.21204
11 4.60016 1.20423
11.05 4.57616 1.19643
11.1 4.55208 1.18865
11.15 4.52792 1.18088
11.2 4.50367 1.17313
11.25 4.47935 1.1654
11.3 4.45496 1.15769
11.35 4.43049 1.14999
11.4 4.40595 1.14232
11.45 4.38135 1.13466
11.5 4.35668 1.12703
11.55 4.33195 1.11942
11.6 4.30717 1.11183
11.65 4.28232 1.10427
11.7 4.25742 1.09673
11.75 4.23247 1.08922
11.8 4.20746 1.08173
11.85 4.18241 1.07427
11.9 4.15732 1.06683
11.95 4.13218 1.05943
12 4.10701 1.05205
12.05 4.0818 1.0447
12.1 4.05655 1.03739
12.15 4.03127 1.0301
12.2 4.00596 1.02284
12.25 3.98063 1.01562
12.3 3.95527 1.00843
12.35 3.92989 1.00128
12.4 3.90449 0.994155
12.45 3.87907 0.987068
12.5 3.85364 0.980017
12.55 3.82819 0.973003
12.6 3.80274 0.966025
12.65 3.77729 0.959085
12.7 3.75182 0.952183
12.75 3.72636 0.945319
12.8 3.7009 0.938495
12.85 3.67544 0.931711
12.9 3.64999 0.924967
12.95 3.62454 0.918265
13 3.59911 0.911604
13.05 3.57369 0.904985
13.1 3.54829 0.898409
13.15 3.52291 0.891876
13.2 3.49754 0.885387
13.25 3.47221 0.878942
13.3 3.44689 0.872541
13.35 3.42161 0.866187
13.4 3.39635 0.859877
13.45 3.37113 0.853614
13.5 3.34595 0.847398
13.55 3.3208 0.841229
13.6 3.29569 0.835107
13.65 3.27063 0.829033
13.7 3.24561 0.823008
13.75 3.22064 0.817031
13.8 3.19571 0.811104
13.85 3.17084 0.805226
13.9 3.14603 0.799398
13.95 3.12127 0.79362
14 3.09656 0.787893
14.05 3.07192 0.782217
14.1 3.04734 0.776592
14.15 3.02283 0.771018
14.2 2.99838 0.765497
14.25 2.97401 0.760027
14.3 2.9497 0.75461
14.35 2.92547 0.749246
14.4 2.90131 0.743934
14.45 2.87723 0.738676
14.5 2.85323 0.733471
14.55 2.82931 0.728319
14.6 2.80548 0.723221
14.65 2.78172 0.718177
14.7 2.75806 0.713188
14.75 2.73449 0.708252
14.8 2.711 0.703371
14.85 2.68761 0.698544
14.9 2.66431 0.693772
14.95 2.64111 0.689055
15 2.61801 0.684392
15.05 2.595 0.679785
15.1 2.5721 0.675232
15.15 2.5493 0.670735
15.2 2.5266 0.666292
15.25 2.50401 0.661905
15.3 2.48152 0.657572
15.35 2.45915 0.653295
15.4 2.43688 0.649073
15.45 2.41473 0.644905
15.5 2.39269 0.640793
15.55 2.37077 0.636736
15.6 2.34896 0.632734
15.65 2.32726 0.628786
15.7 2.30569 0.624894
15.75 2.28423 0.621056
15.8 2.2629 0.617272
15.85 2.24169 0.613543
15.9 2.2206 0.609868
15.95 2.19964 0.606247
16 2.1788 0.60268
16.05 2.15809 0.599167
16.1 2.1375 0.595707
16.15 2.11705 0.592301
16.2 2.09672 0.588948
16.25 2.07652 0.585648
16.3 2.05646 0.5824
16.35 2.03653 0.579205
16.4 2.01673 0.576062
16.45 1.99706 0.572971
16.5 1.97753 0.569932
16.55 1.95813 0.566944
16.6 1.93887 0.564007
16.65 1.91975 0.561121
16.7 1.90076 0.558285
16.75 1.88191 0.555499
16.8 1.8632 0.552763
16.85 1.84463 0.550076
16.9 1.82619 0.547438
16.95 1.8079 0.544849
17 1.78975 0.542308
17.05 1.77173 0.539815
17.1 1.75386 0.537369
17.15 1.73613 0.53497
17.2 1.71854 0.532618
17.25 1.70109 0.530312
17.3 1.68379 0.528051
17.35 1.66662 0.525836
17.4 1.6496 0.523665
17.45 1.63272 0.521539
17.5 1.61598 0.519456
17.55 1.59939 0.517417
17.6 1.58294 0.51542
17.65 1.56663 0.513466
17.7 1.55046 0.511553
17.75 1.53444 0.509682
17.8 1.51856 0.507852
17.85 1.50282 0.506061
17.9 1.48722 0.504311
17.95 1.47177 0.502599
18 1.45646 0.500926
18.05 1.44129 0.499291
18.1 1.42626 0.497693
18.15 1.41137 0.496132
18.2 1.39662 0.494607
18.25 1.38201 0.493118
18.3 1.36755 0.491664
18.35 1.35322 0.490244
18.4 1.33903 0.488858
18.45 1.32498 0.487506
18.5 1.31107 0.486186
18.55 1.2973 0.484898
18.6 1.28366 0.483641
18.65 1.27016 0.482415
18.7 1.2568 0.481219
18.75 1.24357 0.480053
18.8 1.23048 0.478915
18.85 1.21752 0.477806
18.9 1.2047 0.476724
18.95 1.19201 0.475669
19 1.17945 0.47464
19.05 1.16702 0.473637
19.1 1.15473 0.472659
19.15 1.14256 0.471705
19.2 1.13053 0.470774
19.25 1.11862 0.469867
19.3 1.10684 0.468982
19.35 1.09519 0.468118
19.4 1.08366 0.467276
19.45 1.07226 0.466454
19.5 1.06099 0.465651
19.55 1.04983 0.464867
19.6 1.0388 0.464102
19.65 1.02789 0.463354
19.7 1.01711 0.462623
19.75 1.00644 0.461909
19.8 0.99589 0.46121
19.85 0.985458 0.460526
19.9 0.975144 0.459856
19.95 0.964945 0.4592
20 0.954862 0.458557
20.05 0.944892 0.457926
20.1 0.935034 0.457307
20.15 0.925289 0.456699
20.2 0.915654 0.456102
20.25 0.906128 0.455514
20.3 0.896711 0.454935
20.35 0.887402 0.454364
20.4 0.878198 0.453801
20.45 0.8691 0.453246
20.5 0.860106 0.452697
20.55 0.851215 0.452154
20.6 0.842425 0.451616
20.65 0.833736 0.451082
20.7 0.825147 0.450553
20.75 0.816656 0.450027
20.8 0.808262 0.449504
20.85 0.799965 0.448983
20.9 0.791762 0.448464
20.95 0.783653 0.447945
21 0.775636 0.447428
21.05 0.767711 0.446909
21.1 0.759877 0.446391
21.15 0.752131 0.44587
21.2 0.744473 0.445348
21.25 0.736902 0.444824
21.3 0.729417 0.444296
21.35 0.722016 0.443765
21.4 0.714698 0.44323
21.45 0.707463 0.44269
21.5 0.700308 0.442145
21.55 0.693233 0.441595
21.6 0.686237 0.441038
21.65 0.679318 0.440475
21.7 0.672475 0.439904
21.75 0.665707 0.439326
21.8 0.659014 0.438739
21.85 0.652393 0.438144
21.9 0.645844 0.43754
21.95 0.639366 0.436926
22 0.632957 0.436302
22.05 0.626616 0.435668
22.1 0.620343 0.435023
22.15 0.614135 0.434367
22.2 0.607993 0.433699
22.25 0.601915 0.433018
22.3 0.595899 0.432326
22.35 0.589945 0.43162
22.4 0.584052 0.430901
22.45 0.578218 0.430168
22.5 0.572443 0.429421
22.55 0.566726 0.42866
22.6 0.561065 0.427884
22.65 0.555459 0.427093
22.7 0.549908 0.426287
22.75 0.54441 0.425465
22.8 0.538965 0.424627
22.85 0.533571 0.423772
22.9 0.528228 0.422901
22.95 0.522934 0.422013
23 0.517688 0.421108
23.05 0.512491 0.420185
23.1 0.50734 0.419244
23.15 0.502234 0.418286
23.2 0.497174 0.41731
23.25 0.492157 0.416315
23.3 0.487184 0.415301
23.35 0.482253 0.414269
23.4 0.477363 0.413218
23.45 0.472514 0.412147
23.5 0.467705 0.411058
23.55 0.462934 0.409948
23.6 0.458202 0.408819
23.65 0.453506 0.40767
23.7 0.448848 0.406502
23.75 0.444225 0.405313
23.8 0.439637 0.404104
23.85 0.435084 0.402875
23.9 0.430564 0.401625
23.95 0.426077 0.400355
24 0.421622 0.399064
24.05 0.417198 0.397753
24.1 0.412806 0.396421
24.15 0.408444 0.395068
24.2 0.404111 0.393695
24.25 0.399807 0.392301
24.3 0.395532 0.390886
24.35 0.391284 0.38945
24.4 0.387064 0.387993
24.45 0.38287 0.386516
24.5 0.378703 0.385018
24.55 0.374561 0.383499
24.6 0.370444 0.381959
24.65 0.366351 0.380399
24.7 0.362283 0.378818
24.75 0.358238 0.377217
24.8 0.354217 0.375595
24.85 0.350218 0.373953
24.9 0.346242 0.37229
24.95 0.342287 0.370608
25 0.338354 0.368905
25.05 0.334442 0.367182
25.1 0.330551 0.36544
25.15 0.326681 0.363677
25.2 0.32283 0.361896
25.25 0.318999 0.360094
25.3 0.315188 0.358274
25.35 0.311395 0.356434
25.4 0.307622 0.354576
25.45 0.303867 0.352699
25.5 0.300131 0.350803
25.55 0.296412 0.348889
25.6 0.292712 0.346956
25.65 0.289029 0.345006
25.7 0.285363 0.343038
25.75 0.281715 0.341053
25.8 0.278084 0.33905
25.85 0.27447 0.33703
25.9 0.270873 0.334994
25.95 0.267292 0.332941
26 0.263728 0.330871
26.05 0.26018 0.328786
26.1 0.256649 0.326685
26.15 0.253133 0.324568
26.2 0.249634 0.322437
26.25 0.246151 0.32029
26.3 0.242684 0.318129
26.35 0.239233 0.315953
26.4 0.235798 0.313763
26.45 0.232378 0.31156
26.5 0.228975 0.309343
26.55 0.225587 0.307114
26.6 0.222216 0.304871
26.65 0.21886 0.302616
26.7 0.21552 0.300349
26.75 0.212196 0.29807
26.8 0.208889 0.295779
26.85 0.205597 0.293478
26.9 0.202321 0.291166
26.95 0.199062 0.288843
27 0.195818 0.286511
27.05 0.192591 0.284168
27.1 0.189381 0.281817
27.15 0.186187 0.279456
27.2 0.18301 0.277087
27.25 0.179849 0.274709
27.3 0.176706 0.272324
27.35 0.173579 0.269931
27.4 0.17047 0.267531
27.45 0.167377 0.265124
27.5 0.164303 0.262711
27.55 0.161245 0.260292
27.6 0.158206 0.257867
27.65 0.155184 0.255437
27.7 0.152181 0.253002
27.75 0.149196 0.250563
27.8 0.146229 0.24812
27.85 0.143281 0.245673
27.9 0.140351 0.243222
27.95 0.137441 0.240769
28 0.134549 0.238313
28.05 0.131677 0.235855
28.1 0.128825 0.233396
28.15 0.125992 0.230935
28.2 0.123179 0.228473
28.25 0.120386 0.22601
28.3 0.117614 0.223548
28.35 0.114862 0.221085
28.4 0.112131 0.218623
28.45 0.109421 0.216162
28.5 0.106732 0.213703
28.55 0.104064 0.211245
28.6 0.101418 0.208789
28.65 0.098794 0.206336
28.7 0.0961919 0.203885
28.75 0.093612 0.201438
28.8 0.0910545 0.198995
28.85 0.0885197 0.196555
28.9 0.0860077 0.19412
28.95 0.0835188 0.19169
29 0.0810532 0.189265
29.05 0.0786111 0.186845
29.1 0.0761927 0.184431
29.15 0.0737982 0.182024
29.2 0.0714278 0.179623
29.25 0.0690816 0.177228
29.3 0.06676 0.174841
29.35 0.0644631 0.172462
29.4 0.062191 0.170091
29.45 0.059944 0.167728
29.5 0.0577222 0.165373
29.55 0.0555259 0.163028
29.6 0.0533552 0.160692
29.65 0.0512103 0.158365
29.7 0.0490913 0.156049
29.75 0.0469985 0.153742
29.8 0.044932 0.151447
29.85 0.0428919 0.149162
29.9 0.0408784 0.146888
29.95 0.0388917 0.144626
30 0.0369318 0.142376
30.05 0.034999 0.140138
30.1 0.0330934 0.137912
30.15 0.031215 0.135699
30.2 0.0293642 0.133499
30.25 0.0275408 0.131312
30.3 0.0257451 0.129138
30.35 0.0239772 0.126978
30.4 0.0222372 0.124833
30.45 0.0205251 0.122701
30.5 0.0188411 0.120584
30.55 0.0171852 0.118482
30.6 0.0155576 0.116395
30.65 0.0139582 0.114323
30.7 0.0123873 0.112267
30.75 0.0108447 0.110226
30.8 0.00933065 0.108201
30.85 0.00784511 0.106193
30.9 0.00638814 0.1042
30.95 0.00495978 0.102225
31 0.00356005 0.100266
31.05 0.00218897 0.0983234
31.1 0.000846551 0.0963984
31.15 -0.000467191 0.0944906
31.2 -0.00175226 0.0926004
31.25 -0.00300866 0.0907277
31.3 -0.00423641 0.0888728
31.35 -0.00543552 0.0870359
31.4 -0.00660603 0.0852171
31.45 -0.00774797 0.0834166
31.5 -0.00886137 0.0816344
31.55 -0.0099463 0.0798707
31.6 -0.0110028 0.0781257
31.65 -0.0120309 0.0763994
31.7 -0.0130308 0.074692
31.75 -0.0140024 0.0730037
31.8 -0.0149459 0.0713344
31.85 -0.0158613 0.0696843
31.9 -0.0167488 0.0680535
31.95 -0.0176085 0.0664421
32 -0.0184404 0.0648501
32.05 -0.0192447 0.0632777
32.1 -0.0200216 0.0617248
32.15 -0.020771 0.0601917
32.2 -0.0214933 0.0586782
32.25 -0.0221885 0.0571845
32.3 -0.0228568 0.0557107
32.35 -0.0234983 0.0542567
32.4 -0.0241132 0.0528226
32.45 -0.0247018 0.0514084
32.5 -0.025264 0.0500142
32.55 -0.0258002 0.04864
32.6 -0.0263106 0.0472857
32.65 -0.0267953 0.0459515
32.7 -0.0272545 0.0446372
32.75 -0.0276885 0.0433429
32.8 -0.0280974 0.0420686
32.85 -0.0284816 0.0408143
32.9 -0.0288411 0.0395799
32.95 -0.0291763 0.0383655
33 -0.0294874 0.0371709
33.05 -0.0297747 0.0359963
33.1 -0.0300383 0.0348414
33.15 -0.0302785 0.0337063
33.2 -0.0304957 0.0325909
33.25 -0.03069 0.0314952
33.3 -0.0308618 0.0304192
33.35 -0.0310113 0.0293626
33.4 -0.0311388 0.0283256
33.45 -0.0312446 0.0273079
33.5 -0.0313289 0.0263096
33.55 -0.0313921 0.0253306
33.6 -0.0314345 0.0243707
33.65 -0.0314564 0.0234298
33.7 -0.0314581 0.022508
33.75 -0.0314399 0.021605
33.8 -0.0314021 0.0207207
33.85 -0.031345 0.0198552
33.9 -0.0312689 0.0190082
33.95 -0.0311743 0.0181796
34 -0.0310614 0.0173693
34.05 -0.0309305 0.0165772
34.1 -0.030782 0.0158032
34.15 -0.0306163 0.0150471
34.2 -0.0304336 0.0143088
34.25 -0.0302343 0.0135882
34.3 -0.0300187 0.012885
34.35 -0.0297873 0.0121993
34.4 -0.0295404 0.0115307
34.45 -0.0292782 0.0108792
34.5 -0.0290013 0.0102447
34.55 -0.0287099 0.00962686
34.6 -0.0284043 0.00902565
34.65 -0.028085 0.00844087
34.7 -0.0277524 0.00787235
34.75 -0.0274067 0.00731993
34.8 -0.0270483 0.00678343
34.85 -0.0266777 0.00626268
34.9 -0.0262951 0.00575751
34.95 -0.025901 0.00526773
35 -0.0254956 0.00479317
35.05 -0.0250795 0.00433364
35.1 -0.0246529 0.00388896
35.15 -0.0242162 0.00345894
35.2 -0.0237698 0.00304339
35.25 -0.0233141 0.00264211
35.3 -0.0228494 0.00225493
35.35 -0.022376 0.00188163
35.4 -0.0218944 0.00152204
35.45 -0.021405 0.00117594
35.5 -0.020908 0.000843147
35.55 -0.0204038 0.000523454
35.6 -0.0198929 0.000216661
35.65 -0.0193755 -7.74337e-05
35.7 -0.0188521 -0.000359033
35.75 -0.0183229 -0.000628342
35.8 -0.0177884 -0.000885564
35.85 -0.0172489 -0.00113091
35.9 -0.0167048 -0.00136458
35.95 -0.0161563 -0.00158678
36 -0.0156039 -0.00179772
36.05 -0.0150479 -0.00199762
36.1 -0.0144886 -0.00218667
36.15 -0.0139264 -0.00236508
36.2 -0.0133616 -0.00253308
36.25 -0.0127946 -0.00269085
36.3 -0.0122256 -0.00283863
36.35 -0.0116551 -0.0029766
36.4 -0.0110833 -0.00310499
36.45 -0.0105105 -0.00322399
36.5 -0.00993715 -0.00333383
36.55 -0.00936347 -0.0034347
36.6 -0.00878979 -0.00352682
36.65 -0.00821643 -0.00361039
36.7 -0.00764368 -0.00368562
36.75 -0.00707184 -0.00375271
36.8 -0.00650122 -0.00381188
36.85 -0.0059321 -0.00386332
36.9 -0.00536478 -0.00390725
36.95 -0.00479952 -0.00394385
37 -0.00423663 -0.00397334
37.05 -0.00367636 -0.00399592
37.1 -0.00311899 -0.00401178
37.15 -0.00256478 -0.00402112
37.2 -0.002014 -0.00402415
37.25 -0.0014669 -0.00402105
37.3 -0.000923735 -0.00401203
37.35 -0.000384746 -0.00399727
37.4 0.000149824 -0.00397698
37.45 0.000679739 -0.00395133
37.5 0.00120477 -0.00392052
37.55 0.00172468 -0.00388474
37.6 0.00223926 -0.00384416
37.65 0.0027483 -0.00379898
37.7 0.00325157 -0.00374938
37.75 0.00374888 -0.00369554
37.8 0.00424003 -0.00363763
37.85 0.00472482 -0.00357584
37.9 0.00520307 -0.00351033
37.95 0.00567458 -0.00344129
38 0.00613919 -0.00336887
38.05 0.00659673 -0.00329326
38.1 0.00704702 -0.00321461
38.15 0.0074899 -0.00313309
38.2 0.00792523 -0.00304886
38.25 0.00835284 -0.00296208
38.3 0.00877261 -0.00287291
38.35 0.00918438 -0.00278151
38.4 0.00958803 -0.00268803
38.45 0.00998343 -0.00259261
38.5 0.0103705 -0.00249541
38.55 0.010749 -0.00239657
38.6 0.011119 -0.00229623
38.65 0.0114802 -0.00219454
38.7 0.0118327 -0.00209164
38.75 0.0121762 -0.00198765
38.8 0.0125108 -0.00188272
38.85 0.0128363 -0.00177697
38.9 0.0131527 -0.00167053
38.95 0.0134599 -0.00156353
39 0.0137579 -0.00145609
39.05 0.0140465 -0.00134833
39.1 0.0143257 -0.00124037
39.15 0.0145955 -0.00113233
39.2 0.0148559 -0.0010243
39.25 0.0151067 -0.000916418
39.3 0.015348 -0.000808773
39.35 0.0155798 -0.000701476
39.4 0.0158019 -0.000594626
39.45 0.0160145 -0.000488324
39.5 0.0162175 -0.000382665
39.55 0.0164108 -0.000277743
39.6 0.0165946 -0.00017365
39.65 0.0167687 -7.04722e-05
39.7 0.0169333 3.17035e-05
39.75 0.0170883 0.000132795
39.8 0.0172337 0.000232721
39.85 0.0173696 0.000331405
39.9 0.017496 0.000428772
39.95 0.0176129 0.00052475
40 0.0177204 0.000619269
40.05 0.0178186 0.000712263
40.1 0.0179074 0.000803666
40.15 0.0179869 0.000893418
40.2 0.0180572 0.00098146
40.25 0.0181184 0.00106773
40.3 0.0181705 0.00115219
40.35 0.0182135 0.00123477
40.4 0.0182476 0.00131543
40.45 0.0182729 0.00139412
40.5 0.0182893 0.0014708
40.55 0.0182971 0.00154543
40.6 0.0182963 0.00161797
40.65 0.018287 0.00168838
40.7 0.0182692 0.00175663
40.75 0.0182432 0.00182269
40.8 0.0182089 0.00188652
40.85 0.0181666 0.00194811
40.9 0.0181162 0.00200742
40.95 0.018058 0.00206443
41 0.0179921 0.00211913
41.05 0.0179185 0.00217149
41.1 0.0178374 0.0022215
41.15 0.017749 0.00226915
41.2 0.0176533 0.00231443
41.25 0.0175504 0.00235732
41.3 0.0174406 0.00239781
41.35 0.017324 0.00243592
41.4 0.0172006 0.00247162
41.45 0.0170707 0.00250492
41.5 0.0169343 0.00253583
41.55 0.0167917 0.00256433
41.6 0.016643 0.00259044
41.65 0.0164883 0.00261417
41.7 0.0163277 0.00263552
41.75 0.0161615 0.0026545
41.8 0.0159897 0.00267112
41.85 0.0158126 0.0026854
41.9 0.0156303 0.00269735
41.95 0.015443 0.00270699
42 0.0152507 0.00271434
42.05 0.0150537 0.00271941
42.1 0.0148522 0.00272223
42.15 0.0146463 0.00272282
42.2 0.0144361 0.00272121
42.25 0.0142218 0.00271741
42.3 0.0140037 0.00271146
42.35 0.0137817 0.00270339
42.4 0.0135562 0.00269321
42.45 0.0133273 0.00268098
42.5 0.0130952 0.0026667
42.55 0.0128599 0.00265043
42.6 0.0126218 0.00263219
42.65 0.0123809 0.00261202
42.7 0.0121374 0.00258995
42.75 0.0118915 0.00256602
42.8 0.0116433 0.00254027
42.85 0.0113931 0.00251274
42.9 0.0111409 0.00248346
42.95 0.010887 0.00245248
43 0.0106315 0.00241984
43.05 0.0103745 0.00238558
43.1 0.0101163 0.00234975
43.15 0.00985694 0.00231238
43.2 0.00959665 0.00227352
43.25 0.00933556 0.00223321
43.3 0.00907383 0.00219151
43.35 0.00881162 0.00214845
43.4 0.00854909 0.00210408
43.45 0.00828639 0.00205845
43.5 0.00802366 0.00201161
43.55 0.00776106 0.00196359
43.6 0.00749875 0.00191446
43.65 0.00723685 0.00186425
43.7 0.00697553 0.00181301
43.75 0.00671493 0.0017608
43.8 0.00645518 0.00170766
43.85 0.00619643 0.00165364
43.9 0.00593881 0.00159879
43.95 0.00568246 0.00154315
44 0.00542751 0.00148678
44.05 0.0051741 0.00142972
44.1 0.00492235 0.00137202
44.15 0.0046724 0.00131373
44.2 0.00442436 0.00125491
44.25 0.00417835 0.00119558
44.3 0.00393451 0.00113582
44.35 0.00369294 0.00107565
44.4 0.00345376 0.00101514
44.45 0.00321709 0.000954319
44.5 0.00298303 0.000893245
44.55 0.00275168 0.000831962
44.6 0.00252317 0.000770516
44.65 0.00229758 0.000708952
44.7 0.00207501 0.000647318
44.75 0.00185557 0.000585656
44.8 0.00163934 0.000524013
44.85 0.00142642 0.000462432
44.9 0.00121689 0.000400956
44.95 0.00101084 0.000339629
45 0.000808353 0.000278494
45.05 0.000609507 0.000217592
45.1 0.000414378 0.000156965
45.15 0.000223039 9.66532e-05
45.2 3.55617e-05 3.66968e-05
45.25 -0.000147987 -2.28647e-05
45.3 -0.000327543 -8.19925e-05
45.35 -0.000503045 -0.000140649
45.4 -0.000674434 -0.000198796
45.45 -0.000841654 -0.000256398
45.5 -0.00100465 -0.000313418
45.55 -0.00116338 -0.000369821
45.6 -0.00131779 -0.000425574
45.65 -0.00146785 -0.000480643
45.7 -0.0016135 -0.000534994
45.75 -0.00175471 -0.000588597
45.8 -0.00189145 -0.00064142
45.85 -0.00202369 -0.000693433
45.9 -0.0021514 -0.000744607
45.95 -0.00227455 -0.000794912
46 -0.00239312 -0.000844323
46.05 -0.00250708 -0.000892811
46.1 -0.00261644 -0.000940351
46.15 -0.00272116 -0.000986919
46.2 -0.00282125 -0.00103249
46.25 -0.00291668 -0.00107704
46.3 -0.00300747 -0.00112055
46.35 -0.0030936 -0.001163
46.4 -0.00317507 -0.00120436
46.45 -0.00325189 -0.00124462
46.5 -0.00332407 -0.00128376
46.55 -0.00339162 -0.00132176
46.6 -0.00345454 -0.00135861
46.65 -0.00351285 -0.00139428
46.7 -0.00356657 -0.00142877
46.75 -0.00361572 -0.00146206
46.8 -0.00366032 -0.00149414
46.85 -0.00370039 -0.001525
46.9 -0.00373597 -0.00155462
46.95 -0.00376708 -0.001583
47 -0.00379375 -0.00161013
47.05 -0.00381602 -0.00163599
47.1 -0.00383393 -0.00166059
47.15 -0.00384751 -0.00168391
47.2 -0.00385681 -0.00170595
47.25 -0.00386187 -0.00172671
47.3 -0.00386274 -0.00174619
47.35 -0.00385946 -0.00176437
47.4 -0.00385209 -0.00178126
47.45 -0.00384068 -0.00179686
47.5 -0.00382527 -0.00181117
47.55 -0.00380594 -0.00182419
47.6 -0.00378273 -0.00183592
47.65 -0.00375571 -0.00184637
47.7 -0.00372494 -0.00185553
47.75 -0.00369047 -0.00186341
47.8 -0.00365239 -0.00187002
47.85 -0.00361074 -0.00187537
47.9 -0.00356561 -0.00187946
47.95 -0.00351706 -0.00188229
48 -0.00346517 -0.00188388
48.05 -0.00341 -0.00188424
48.1 -0.00335162 -0.00188337
48.15 -0.00329013 -0.00188129
48.2 -0.00322559 -0.00187801
48.25 -0.00315807 -0.00187354
48.3 -0.00308767 -0.00186789
48.35 -0.00301445 -0.00186107
48.4 -0.00293851 -0.00185311
48.45 -0.00285992 -0.00184401
48.5 -0.00277876 -0.0018338
48.55 -0.00269512 -0.00182248
48.6 -0.00260909 -0.00181007
48.65 -0.00252075 -0.00179659
48.7 -0.00243018 -0.00178207
48.75 -0.00233748 -0.00176651
48.8 -0.00224272 -0.00174993
48.85 -0.00214601 -0.00173237
48.9 -0.00204742 -0.00171382
48.95 -0.00194704 -0.00169433
49 -0.00184497 -0.0016739
49.05 -0.00174129 -0.00165255
49.1 -0.0016361 -0.00163032
49.15 -0.00152948 -0.00160722
49.2 -0.00142152 -0.00158327
49.25 -0.00131231 -0.0015585
49.3 -0.00120194 -0.00153293
49.35 -0.00109051 -0.00150659
49.4 -0.000978101 -0.00147949
49.45 -0.000864801 -0.00145166
49.5 -0.000750703 -0.00142314
49.55 -0.000635895 -0.00139393
49.6 -0.000520467 -0.00136407
49.65 -0.000404506 -0.00133358
49.7 -0.000288101 -0.00130249
49.75 -0.000171339 -0.00127082
49.8 -5.4308e-05 -0.00123861
49.85 6.29058e-05 -0.00120586
49.9 0.000180216 -0.00117262
49.95 0.000297539 -0.0011389
50 0.000414788 -0.00110474
