-0.498 -0.000187215 1.74886e-06
-0.496 -0.000758142 5.83154e-06
-0.494 -0.00172607 1.00575e-05
-0.492 -0.00310339 1.16637e-05
-0.49 -0.00490144 7.34243e-06
-0.488 -0.00713046 -6.72784e-06
-0.486 -0.00979947 -3.4849e-05
-0.484 -0.0129162 -8.17672e-05
-0.482 -0.016487 -0.000152634
-0.48 -0.0205167 -0.000252966
-0.478 -0.0250085 -0.000388599
-0.476 -0.0299643 -0.000565648
-0.474 -0.035384 -0.000790453
-0.472 -0.0412659 -0.00106954
-0.47 -0.0476064 -0.00140955
-0.468 -0.0544002 -0.00181722
-0.466 -0.06164 -0.0022993
-0.464 -0.0693166 -0.00286251
-0.462 -0.077419 -0.0035135
-0.46 -0.085934 -0.00425877
-0.458 -0.0948467 -0.00510463
-0.456 -0.10414 -0.00605715
-0.454 -0.113795 -0.00712211
-0.452 -0.123791 -0.00830491
-0.45 -0.134105 -0.00961057
-0.448 -0.144712 -0.0110436
-0.446 -0.155586 -0.0126082
-0.444 -0.166698 -0.0143077
-0.442 -0.178018 -0.0161451
-0.44 -0.189515 -0.0181227
-0.438 -0.201155 -0.0202419
-0.436 -0.212902 -0.0225038
-0.434 -0.22472 -0.0249084
-0.432 -0.236571 -0.027455
-0.43 -0.248417 -0.0301422
-0.428 -0.260216 -0.0329677
-0.426 -0.271926 -0.0359281
-0.424 -0.283506 -0.0390196
-0.422 -0.294911 -0.042237
-0.42 -0.306097 -0.0455746
-0.418 -0.31702 -0.0490256
-0.416 -0.327633 -0.0525822
-0.414 -0.33789 -0.0562358
-0.412 -0.347746 -0.0599769
-0.41 -0.357154 -0.0637951
-0.408 -0.366067 -0.067679
-0.406 -0.374438 -0.0716164
-0.404 -0.382222 -0.0755942
-0.402 -0.389372 -0.0795986
-0.4 -0.395842 -0.0836147
-0.398 -0.401589 -0.0876272
-0.396 -0.406567 -0.0916196
-0.394 -0.410732 -0.0955752
-0.392 -0.414043 -0.0994762
-0.39 -0.416458 -0.103304
-0.388 -0.417937 -0.107041
-0.386 -0.41844 -0.110666
-0.384 -0.41793 -0.11416
-0.382 -0.41637 -0.117503
-0.38 -0.413726 -0.120674
-0.378 -0.409965 -0.123652
-0.376 -0.405057 -0.126415
-0.374 -0.398971 -0.128942
-0.372 -0.39168 -0.131211
-0.37 -0.383159 -0.133201
-0.368 -0.373384 -0.134889
-0.366 -0.362335 -0.136253
-0.364 -0.349993 -0.137272
-0.362 -0.336341 -0.137924
-0.36 -0.321365 -0.138188
-0.358 -0.305053 -0.138042
-0.356 -0.287395 -0.137465
-0.354 -0.268385 -0.136437
-0.352 -0.248017 -0.134938
-0.35 -0.226291 -0.132948
-0.348 -0.203205 -0.130448
-0.346 -0.178764 -0.12742
-0.344 -0.152973 -0.123846
-0.342 -0.12584 -0.119708
-0.34 -0.0973756 -0.114991
-0.338 -0.0675927 -0.109679
-0.336 -0.0365072 -0.103756
-0.334 -0.00413706 -0.0972104
-0.332 0.029497 -0.0900278
-0.33 0.0643721 -0.0821967
-0.328 0.100463 -0.0737062
-0.326 0.137742 -0.0645465
-0.324 0.176178 -0.0547087
-0.322 0.215741 -0.0441851
-0.32 0.256395 -0.0329691
-0.318 0.298105 -0.0210552
-0.316 0.340832 -0.00843917
-0.314 0.384535 0.00488221
-0.312 0.429173 0.0189109
-0.31 0.474702 0.0336477
-0.308 0.521076 0.0490921
-0.306 0.568249 0.0652426
-0.304 0.616173 0.0820964
-0.302 0.664797 0.0996495
-0.3 0.714071 0.117897
-0.298 0.763943 0.136832
-0.296 0.814361 0.156447
-0.294 0.86527 0.176734
-0.292 0.916618 0.197684
-0.29 0.96835 0.219284
-0.288 1.02041 0.241524
-0.286 1.07274 0.26439
-0.284 1.12529 0.287868
-0.282 1.17801 0.311944
-0.28 1.23083 0.336602
-0.278 1.28371 0.361824
-0.276 1.33658 0.387594
-0.274 1.3894 0.413892
-0.272 1.44212 0.440699
-0.27 1.49468 0.467996
-0.268 1.54703 0.495762
-0.266 1.59913 0.523975
-0.264 1.65092 0.552614
-0.262 1.70236 0.581655
-0.26 1.75341 0.611077
-0.258 1.80402 0.640855
-0.256 1.85416 0.670966
-0.254 1.90379 0.701387
-0.252 1.95286 0.732091
-0.25 2.00135 0.763056
-0.248 2.04923 0.794256
-0.246 2.09647 0.825667
-0.244 2.14304 0.857263
-0.242 2.18892 0.889021
-0.24 2.2341 0.920916
-0.238 2.27855 0.952923
-0.236 2.32226 0.985019
-0.234 2.36522 1.01718
-0.232 2.40743 1.04938
-0.23 2.44888 1.0816
-0.228 2.48957 1.11381
-0.226 2.52951 1.146
-0.224 2.5687 1.17815
-0.222 2.60716 1.21022
-0.22 2.64489 1.24221
-0.218 2.68191 1.27409
-0.216 2.71825 1.30585
-0.214 2.75392 1.33747
-0.212 2.78896 1.36893
-0.21 2.8234 1.40022
-0.208 2.85727 1.43133
-0.206 2.89061 1.46224
-0.204 2.92346 1.49295
-0.202 2.95587 1.52344
-0.2 2.98788 1.55371
-0.198 3.01954 1.58375
-0.196 3.0509 1.61355
-0.194 3.08203 1.64312
-0.192 3.11298 1.67244
-0.19 3.14381 1.70153
-0.188 3.17458 1.73039
-0.186 3.20537 1.759
-0.184 3.23623 1.7874
-0.182 3.26725 1.81557
-0.18 3.29849 1.84353
-0.178 3.33003 1.87129
-0.176 3.36193 1.89887
-0.174 3.39429 1.92627
-0.172 3.42718 1.95352
-0.17 3.46067 1.98064
-0.168 3.49485 2.00764
-0.166 3.5298 2.03454
-0.164 3.56559 2.06138
-0.162 3.60231 2.08818
-0.16 3.64005 2.11496
-0.158 3.67888 2.14175
-0.156 3.71888 2.16859
-0.154 3.76014 2.19551
-0.152 3.80273 2.22254
-0.15 3.84673 2.24972
-0.148 3.89222 2.27708
-0.146 3.93928 2.30466
-0.144 3.98798 2.33251
-0.142 4.03839 2.36065
-0.14 4.09058 2.38914
-0.138 4.14463 2.418
-0.136 4.2006 2.44729
-0.134 4.25855 2.47705
-0.132 4.31854 2.50732
-0.13 4.38063 2.53813
-0.128 4.44487 2.56955
-0.126 4.51132 2.6016
-0.124 4.58002 2.63433
-0.122 4.65102 2.66778
-0.12 4.72435 2.70199
-0.118 4.80005 2.737
-0.116 4.87815 2.77286
-0.114 4.95868 2.80959
-0.112 5.04166 2.84724
-0.11 5.12711 2.88584
-0.108 5.21503 2.92542
-0.106 5.30544 2.96601
-0.104 5.39834 3.00765
-0.102 5.49373 3.05035
-0.1 5.59159 3.09415
-0.098 5.69191 3.13906
-0.096 5.79467 3.1851
-0.094 5.89985 3.23228
-0.092 6.00742 3.28063
-0.09 6.11734 3.33014
-0.088 6.22957 3.38082
-0.086 6.34405 3.43268
-0.084 6.46074 3.4857
-0.082 6.57958 3.5399
-0.08 6.7005 3.59524
-0.078 6.82344 3.65173
-0.076 6.9483 3.70934
-0.074 7.07502 3.76805
-0.072 7.20351 3.82783
-0.07 7.33366 3.88866
-0.068 7.4654 3.95049
-0.066 7.5986 4.01329
-0.064 7.73316 4.07701
-0.062 7.86898 4.14161
-0.06 8.00592 4.20703
-0.058 8.14388 4.27321
-0.056 8.28272 4.3401
-0.054 8.42231 4.40763
-0.052 8.56251 4.47572
-0.05 8.7032 4.54432
-0.048 8.84421 4.61333
-0.046 8.98542 4.68269
-0.044 9.12667 4.7523
-0.042 9.26781 4.82208
-0.04 9.40868 4.89193
-0.038 9.54914 4.96178
-0.036 9.68901 5.03151
-0.034 9.82814 5.10103
-0.032 9.96638 5.17025
-0.03 10.1035 5.23905
-0.028 10.2395 5.30734
-0.026 10.374 5.375
-0.024 10.507 5.44193
-0.022 10.6383 5.50802
-0.02 10.7676 5.57316
-0.018 10.895 5.63725
-0.016 11.0201 5.70016
-0.014 11.1428 5.76179
-0.012 11.2629 5.82204
-0.01 11.3804 5.88079
-0.008 11.495 5.93792
-0.006 11.6065 5.99335
-0.004 11.7149 6.04695
-0.002 11.82 6.09862
0 11.9215 6.14827
0.002 12.0194 6.19566
0.004 12.1135 6.24083
0.006 12.2036 6.28367
0.008 12.2897 6.32409
0.01 12.3716 6.36201
0.012 12.4492 6.39733
0.014 12.5223 6.42998
0.016 12.5909 6.45988
0.018 12.6547 6.48695
0.02 12.7138 6.51112
0.022 12.7679 6.53232
0.024 12.817 6.5505
0.026 12.861 6.5656
0.028 12.8997 6.57756
0.03 12.9332 6.58634
0.032 12.9613 6.5919
0.034 12.9839 6.59421
0.036 13.001 6.59322
0.038 13.0125 6.58891
0.04 13.0183 6.58128
0.042 13.0185 6.57029
0.044 13.0129 6.55595
0.046 13.0015 6.53824
0.048 12.9844 6.51718
0.05 12.9614 6.49276
0.052 12.9325 6.46501
0.054 12.8978 6.43395
0.056 12.8573 6.39959
0.058 12.811 6.36197
0.06 12.7588 6.32113
0.062 12.7008 6.27711
0.064 12.637 6.22995
0.066 12.5675 6.17971
0.068 12.4923 6.12644
0.07 12.4115 6.0702
0.072 12.3252 6.01107
0.074 12.2333 5.94911
0.076 12.136 5.8844
0.078 12.0333 5.81701
0.08 11.9254 5.74704
0.082 11.8123 5.67456
0.084 11.6942 5.59967
0.086 11.5711 5.52247
0.088 11.4432 5.44305
0.09 11.3106 5.3615
0.092 11.1734 5.27794
0.094 11.0317 5.19246
0.096 10.8857 5.10518
0.098 10.7356 5.0162
0.1 10.5814 4.92564
0.102 10.4234 4.83359
0.104 10.2616 4.74019
0.106 10.0962 4.64553
0.108 9.9275 4.54974
0.11 9.75554 4.45293
0.112 9.58052 4.35521
0.114 9.40262 4.25669
0.116 9.222 4.1575
0.118 9.03884 4.05774
0.12 8.85333 3.95753
0.122 8.66564 3.85698
0.124 8.47596 3.7562
0.126 8.28447 3.65529
0.128 8.09134 3.55437
0.13 7.89677 3.45354
0.132 7.70093 3.3529
0.134 7.50401 3.25256
0.136 7.3062 3.15261
0.138 7.10767 3.05315
0.14 6.9086 2.95428
0.142 6.70917 2.85608
0.144 6.50956 2.75865
0.146 6.30995 2.66207
0.148 6.11051 2.56643
0.15 5.9114 2.4718
0.152 5.71281 2.37826
0.154 5.5149 2.28588
0.156 5.31782 2.19474
0.158 5.12174 2.10489
0.16 4.92682 2.01642
0.162 4.7332 1.92936
0.164 4.54105 1.84379
0.166 4.35051 1.75975
0.168 4.16171 1.67729
0.17 3.97479 1.59647
0.172 3.7899 1.51731
0.174 3.60716 1.43987
0.176 3.42669 1.36417
0.178 3.24861 1.29025
0.18 3.07305 1.21813
0.182 2.90011 1.14785
0.184 2.7299 1.07942
0.186 2.56251 1.01286
0.188 2.39806 0.948187
0.19 2.23662 0.885413
0.192 2.07828 0.824546
0.194 1.92312 0.765592
0.196 1.77123 0.708551
0.198 1.62267 0.653425
0.2 1.4775 0.600209
0.202 1.33579 0.548896
0.204 1.19758 0.499477
0.206 1.06294 0.451941
0.208 0.931895 0.406272
0.21 0.804495 0.362453
0.212 0.680769 0.320465
0.214 0.560746 0.280286
0.216 0.444449 0.24189
0.218 0.331896 0.205253
0.22 0.223099 0.170346
0.222 0.118067 0.137137
0.224 0.0168005 0.105596
0.226 -0.0807011 0.075687
0.228 -0.174445 0.0473758
0.23 -0.264443 0.020625
0.232 -0.350711 -0.00460386
0.234 -0.433271 -0.0283505
0.236 -0.512147 -0.0506557
0.238 -0.587368 -0.0715616
0.24 -0.658969 -0.0911108
0.242 -0.726986 -0.109347
0.244 -0.791462 -0.126315
0.246 -0.85244 -0.142059
0.248 -0.90997 -0.156624
0.25 -0.964104 -0.170058
0.252 -1.0149 -0.182404
0.254 -1.06241 -0.19371
0.256 -1.10669 -0.204022
0.258 -1.14782 -0.213386
0.26 -1.18586 -0.221847
0.262 -1.22088 -0.229451
0.264 -1.25294 -0.236243
0.266 -1.28213 -0.242268
0.268 -1.30851 -0.247569
0.27 -1.33216 -0.252191
0.272 -1.35317 -0.256175
0.274 -1.3716 -0.259563
0.276 -1.38755 -0.262397
0.278 -1.40108 -0.264714
0.28 -1.41229 -0.266555
0.282 -1.42125 -0.267957
0.284 -1.42805 -0.268955
0.286 -1.43277 -0.269586
0.288 -1.4355 -0.269881
0.29 -1.43631 -0.269874
0.292 -1.4353 -0.269595
0.294 -1.43253 -0.269073
0.296 -1.4281 -0.268337
0.298 -1.42209 -0.267412
0.3 -1.41457 -0.266323
0.302 -1.40563 -0.265094
0.304 -1.39534 -0.263746
0.306 -1.38378 -0.262299
0.308 -1.37103 -0.260771
0.31 -1.35716 -0.25918
0.312 -1.34225 -0.257541
0.314 -1.32636 -0.255867
0.316 -1.30956 -0.254172
0.318 -1.29194 -0.252465
0.32 -1.27354 -0.250757
0.322 -1.25444 -0.249056
0.324 -1.23469 -0.247368
0.326 -1.21437 -0.245699
0.328 -1.19352 -0.244053
0.33 -1.17221 -0.242433
0.332 -1.15049 -0.240841
0.334 -1.12841 -0.239277
0.336 -1.10602 -0.237742
0.338 -1.08337 -0.236235
0.34 -1.06051 -0.234752
0.342 -1.03749 -0.233292
0.344 -1.01434 -0.231851
0.346 -0.991104 -0.230424
0.348 -0.967823 -0.229007
0.35 -0.944532 -0.227594
0.352 -0.921265 -0.226179
0.354 -0.898055 -0.224756
0.356 -0.874932 -0.223319
0.358 -0.851925 -0.22186
0.36 -0.82906 -0.220372
0.362 -0.806361 -0.218849
0.364 -0.783853 -0.217284
0.366 -0.761556 -0.215668
0.368 -0.73949 -0.213995
0.37 -0.717672 -0.212258
0.372 -0.696119 -0.21045
0.374 -0.674846 -0.208564
0.376 -0.653866 -0.206595
0.378 -0.633191 -0.204537
0.38 -0.612832 -0.202383
0.382 -0.592797 -0.20013
0.384 -0.573095 -0.197771
0.386 -0.553732 -0.195304
0.388 -0.534714 -0.192724
0.39 -0.516045 -0.190029
0.392 -0.49773 -0.187216
0.394 -0.47977 -0.184283
0.396 -0.462168 -0.181229
0.398 -0.444925 -0.178054
0.4 -0.42804 -0.174758
0.402 -0.411514 -0.171341
0.404 -0.395344 -0.167804
0.406 -0.379531 -0.164151
0.408 -0.36407 -0.160383
0.41 -0.348961 -0.156504
0.412 -0.3342 -0.152518
0.414 -0.319784 -0.148429
0.416 -0.30571 -0.144244
0.418 -0.291973 -0.139967
0.42 -0.27857 -0.135605
0.422 -0.265498 -0.131166
0.424 -0.252753 -0.126656
0.426 -0.24033 -0.122084
0.428 -0.228226 -0.117458
0.43 -0.216437 -0.112787
0.432 -0.20496 -0.10808
0.434 -0.193793 -0.103348
0.436 -0.18293 -0.0985996
0.438 -0.172371 -0.0938456
0.44 -0.162113 -0.0890966
0.442 -0.152153 -0.0843632
0.444 -0.14249 -0.0796565
0.446 -0.133123 -0.0749875
0.448 -0.124051 -0.0703672
0.45 -0.115274 -0.0658069
0.452 -0.106791 -0.0613178
0.454 -0.0986039 -0.056911
0.456 -0.0907129 -0.0525974
0.458 -0.0831196 -0.0483881
0.46 -0.0758263 -0.0442938
0.462 -0.0688353 -0.0403249
0.464 -0.0621498 -0.0364917
0.466 -0.0557732 -0.0328043
0.468 -0.0497094 -0.0292723
0.47 -0.0439628 -0.0259049
0.472 -0.0385385 -0.0227111
0.474 -0.0334415 -0.0196992
0.476 -0.0286777 -0.0168774
0.478 -0.024253 -0.014253
0.48 -0.020174 -0.0118331
0.482 -0.0164474 -0.00962407
0.484 -0.0130803 -0.00763182
0.486 -0.0100799 -0.00586162
0.488 -0.00745383 -0.00431814
0.49 -0.00520984 -0.00300542
0.492 -0.00335582 -0.00192689
0.494 -0.00189975 -0.0010853
0.496 -0.000849697 -0.000482764
0.498 -0.000213761 -0.000120738
0.05 6.20749 3.18303
0.1 6.20738 3.18295
0.15 6.2072 3.18281
0.2 6.20695 3.18261
0.25 6.20662 3.18236
0.3 6.20622 3.18206
0.35 6.20575 3.18169
0.4 6.2052 3.18127
0.45 6.20459 3.1808
0.5 6.20389 3.18027
0.55 6.20313 3.17968
0.6 6.20229 3.17904
0.65 6.20137 3.17834
0.7 6.20039 3.17759
0.75 6.19932 3.17678
0.8 6.19819 3.17591
0.85 6.19697 3.17498
0.9 6.19568 3.174
0.95 6.19432 3.17297
1 6.19288 3.17187
1.05 6.19136 3.17072
1.1 6.18976 3.16952
1.15 6.18809 3.16825
1.2 6.18633 3.16693
1.25 6.1845 3.16556
1.3 6.18259 3.16412
1.35 6.1806 3.16263
1.4 6.17853 3.16108
1.45 6.17637 3.15948
1.5 6.17414 3.15781
1.55 6.17182 3.15609
1.6 6.16942 3.15431
1.65 6.16693 3.15247
1.7 6.16437 3.15058
1.75 6.16171 3.14862
1.8 6.15897 3.14661
1.85 6.15615 3.14454
1.9 6.15323 3.14241
1.95 6.15023 3.14022
2 6.14714 3.13797
2.05 6.14396 3.13567
2.1 6.14069 3.1333
2.15 6.13733 3.13088
2.2 6.13387 3.12839
2.25 6.13033 3.12585
2.3 6.12668 3.12324
2.35 6.12295 3.12058
2.4 6.11912 3.11786
2.45 6.11519 3.11507
2.5 6.11117 3.11223
2.55 6.10704 3.10932
2.6 6.10282 3.10635
2.65 6.0985 3.10333
2.7 6.09407 3.10024
2.75 6.08955 3.09709
2.8 6.08492 3.09388
2.85 6.08019 3.0906
2.9 6.07535 3.08727
2.95 6.07041 3.08387
3 6.06536 3.08041
3.05 6.0602 3.07689
3.1 6.05493 3.07331
3.15 6.04956 3.06966
3.2 6.04407 3.06595
3.25 6.03847 3.06218
3.3 6.03276 3.05834
3.35 6.02693 3.05445
3.4 6.02099 3.05048
3.45 6.01494 3.04646
3.5 6.00876 3.04237
3.55 6.00247 3.03822
3.6 5.99606 3.034
3.65 5.98953 3.02972
3.7 5.98288 3.02537
3.75 5.97611 3.02096
3.8 5.96921 3.01649
3.85 5.96219 3.01195
3.9 5.95505 3.00734
3.95 5.94778 3.00267
4 5.94038 2.99794
4.05 5.93286 2.99314
4.1 5.92521 2.98827
4.15 5.91743 2.98334
4.2 5.90951 2.97835
4.25 5.90147 2.97329
4.3 5.89329 2.96816
4.35 5.88498 2.96296
4.4 5.87654 2.9577
4.45 5.86796 2.95238
4.5 5.85924 2.94699
4.55 5.85039 2.94153
4.6 5.8414 2.936
4.65 5.83227 2.93041
4.7 5.823 2.92476
4.75 5.81359 2.91903
4.8 5.80404 2.91324
4.85 5.79434 2.90739
4.9 5.78451 2.90146
4.95 5.77453 2.89547
5 5.76441 2.88942
5.05 5.75414 2.88329
5.1 5.74373 2.8771
5.15 5.73317 2.87084
5.2 5.72246 2.86452
5.25 5.7116 2.85813
5.3 5.7006 2.85167
5.35 5.68945 2.84515
5.4 5.67815 2.83856
5.45 5.6667 2.8319
5.5 5.65509 2.82518
5.55 5.64334 2.81839
5.6 5.63144 2.81153
5.65 5.61938 2.80461
5.7 5.60717 2.79762
5.75 5.59481 2.79056
5.8 5.58229 2.78344
5.85 5.56962 2.77625
5.9 5.5568 2.769
5.95 5.54382 2.76168
6 5.53068 2.7543
6.05 5.51739 2.74685
6.1 5.50395 2.73933
6.15 5.49035 2.73175
6.2 5.47659 2.7241
6.25 5.46268 2.71639
6.3 5.44861 2.70862
6.35 5.43439 2.70078
6.4 5.42001 2.69287
6.45 5.40547 2.6849
6.5 5.39077 2.67687
6.55 5.37592 2.66877
6.6 5.36092 2.66061
6.65 5.34575 2.65239
6.7 5.33043 2.64411
6.75 5.31496 2.63576
6.8 5.29933 2.62735
6.85 5.28354 2.61887
6.9 5.26759 2.61034
6.95 5.25149 2.60174
7 5.23524 2.59309
7.05 5.21883 2.58437
7.1 5.20227 2.57559
7.15 5.18555 2.56675
7.2 5.16868 2.55786
7.25 5.15165 2.5489
7.3 5.13447 2.53988
7.35 5.11714 2.53081
7.4 5.09966 2.52167
7.45 5.08203 2.51248
7.5 5.06424 2.50324
7.55 5.04631 2.49393
7.6 5.02822 2.48457
7.65 5.00999 2.47515
7.7 4.99161 2.46568
7.75 4.97308 2.45615
7.8 4.9544 2.44657
7.85 4.93558 2.43693
7.9 4.91662 2.42724
7.95 4.89751 2.4175
8 4.87826 2.4077
8.05 4.85886 2.39785
8.1 4.83933 2.38795
8.15 4.81965 2.378
8.2 4.79984 2.368
8.25 4.77988 2.35795
8.3 4.75979 2.34785
8.35 4.73957 2.3377
8.4 4.71921 2.3275
8.45 4.69872 2.31726
8.5 4.67809 2.30696
8.55 4.65734 2.29663
8.6 4.63645 2.28624
8.65 4.61544 2.27582
8.7 4.5943 2.26534
8.75 4.57303 2.25483
8.8 4.55164 2.24427
8.85 4.53013 2.23367
8.9 4.5085 2.22302
8.95 4.48674 2.21234
9 4.46487 2.20162
9.05 4.44289 2.19085
9.1 4.42079 2.18005
9.15 4.39857 2.16921
9.2 4.37624 2.15833
9.25 4.35381 2.14742
9.3 4.33126 2.13647
9.35 4.30861 2.12549
9.4 4.28586 2.11447
9.45 4.263 2.10342
9.5 4.24004 2.09233
9.55 4.21698 2.08122
9.6 4.19383 2.07007
9.65 4.17058 2.05889
9.7 4.14723 2.04768
9.75 4.1238 2.03645
9.8 4.10027 2.02518
9.85 4.07666 2.01389
9.9 4.05296 2.00258
9.95 4.02918 1.99124
10 4.00532 1.97987
10.05 3.98138 1.96848
10.1 3.95736 1.95707
10.15 3.93326 1.94563
10.2 3.90909 1.93418
10.25 3.88485 1.9227
10.3 3.86055 1.91121
10.35 3.83617 1.89969
10.4 3.81173 1.88816
10.45 3.78723 1.87662
10.5 3.76267 1.86505
10.55 3.73806 1.85348
10.6 3.71338 1.84189
10.65 3.68866 1.83028
10.7 3.66388 1.81867
10.75 3.63906 1.80704
10.8 3.61419 1.7954
10.85 3.58927 1.78375
10.9 3.56432 1.7721
10.95 3.53932 1.76044
11 3.51429 1.74877
11.05 3.48923 1.73709
11.1 3.46413 1.72541
11.15 3.439 1.71373
11.2 3.41385 1.70204
11.25 3.38867 1.69036
11.3 3.36347 1.67867
11.35 3.33825 1.66698
11.4 3.31302 1.65529
11.45 3.28776 1.64361
11.5 3.2625 1.63192
11.55 3.23723 1.62025
11.6 3.21195 1.60857
11.65 3.18666 1.5969
11.7 3.16137 1.58524
11.75 3.13608 1.57359
11.8 3.1108 1.56194
11.85 3.08552 1.5503
11.9 3.06024 1.53868
11.95 3.03498 1.52706
12 3.00973 1.51546
12.05 2.98449 1.50387
12.1 2.95927 1.49229
12.15 2.93407 1.48073
12.2 2.9089 1.46918
12.25 2.88374 1.45766
12.3 2.85862 1.44614
12.35 2.83352 1.43465
12.4 2.80846 1.42318
12.45 2.78343 1.41173
12.5 2.75844 1.40029
12.55 2.73348 1.38888
12.6 2.70857 1.3775
12.65 2.68371 1.36614
12.7 2.65888 1.3548
12.75 2.63411 1.34349
12.8 2.60939 1.3322
12.85 2.58472 1.32094
12.9 2.56011 1.30971
12.95 2.53556 1.29851
13 2.51106 1.28734
13.05 2.48663 1.2762
13.1 2.46227 1.26509
13.15 2.43797 1.25401
13.2 2.41374 1.24297
13.25 2.38958 1.23196
13.3 2.3655 1.22099
13.35 2.34149 1.21005
13.4 2.31757 1.19915
13.45 2.29372 1.18828
13.5 2.26995 1.17745
13.55 2.24627 1.16667
13.6 2.22268 1.15592
13.65 2.19918 1.14521
13.7 2.17576 1.13454
13.75 2.15244 1.12392
13.8 2.12922 1.11333
13.85 2.10609 1.10279
13.9 2.08306 1.0923
13.95 2.06013 1.08184
14 2.03731 1.07144
14.05 2.01459 1.06108
14.1 1.99197 1.05076
14.15 1.96947 1.0405
14.2 1.94707 1.03028
14.25 1.92479 1.02011
14.3 1.90262 1.00998
14.35 1.88057 0.999913
14.4 1.85863 0.989892
14.45 1.83682 0.979923
14.5 1.81512 0.970004
14.55 1.79355 0.960138
14.6 1.7721 0.950325
14.65 1.75077 0.940565
14.7 1.72958 0.930859
14.75 1.70851 0.921207
14.8 1.68757 0.91161
14.85 1.66677 0.902069
14.9 1.64609 0.892584
14.95 1.62555 0.883155
15 1.60515 0.873783
15.05 1.58488 0.864468
15.1 1.56476 0.855212
15.15 1.54477 0.846013
15.2 1.52492 0.836873
15.25 1.50522 0.827793
15.3 1.48565 0.818772
15.35 1.46624 0.809811
15.4 1.44696 0.80091
15.45 1.42784 0.792071
15.5 1.40886 0.783292
15.55 1.39003 0.774575
15.6 1.37135 0.765919
15.65 1.35282 0.757326
15.7 1.33445 0.748795
15.75 1.31622 0.740327
15.8 1.29815 0.731922
15.85 1.28023 0.72358
15.9 1.26247 0.715302
15.95 1.24486 0.707088
16 1.22741 0.698937
16.05 1.21011 0.690851
16.1 1.19298 0.68283
16.15 1.176 0.674874
16.2 1.15918 0.666982
16.25 1.14252 0.659155
16.3 1.12601 0.651394
16.35 1.10967 0.643699
16.4 1.09349 0.636069
16.45 1.07747 0.628504
16.5 1.06162 0.621006
16.55 1.04592 0.613573
16.6 1.03038 0.606207
16.65 1.01501 0.598907
16.7 0.999802 0.591673
16.75 0.984755 0.584505
16.8 0.969871 0.577404
16.85 0.95515 0.570369
16.9 0.940592 0.563401
16.95 0.926197 0.556499
17 0.911965 0.549663
17.05 0.897897 0.542894
17.1 0.883991 0.536192
17.15 0.870249 0.529556
17.2 0.85667 0.522986
17.25 0.843253 0.516482
17.3 0.829999 0.510045
17.35 0.816908 0.503674
17.4 0.803979 0.497369
17.45 0.791211 0.49113
17.5 0.778606 0.484957
17.55 0.766162 0.47885
17.6 0.753879 0.472808
17.65 0.741757 0.466832
17.7 0.729795 0.460921
17.75 0.717993 0.455076
17.8 0.70635 0.449295
17.85 0.694866 0.44358
17.9 0.68354 0.437929
17.95 0.672372 0.432342
18 0.661362 0.42682
18.05 0.650508 0.421362
18.1 0.63981 0.415967
18.15 0.629267 0.410637
18.2 0.618879 0.405369
18.25 0.608645 0.400165
18.3 0.598564 0.395023
18.35 0.588635 0.389944
18.4 0.578858 0.384927
18.45 0.569232 0.379972
18.5 0.559756 0.375079
18.55 0.550429 0.370247
18.6 0.54125 0.365477
18.65 0.532218 0.360767
18.7 0.523333 0.356117
18.75 0.514594 0.351527
18.8 0.505998 0.346997
18.85 0.497547 0.342526
18.9 0.489237 0.338115
18.95 0.481069 0.333762
19 0.473042 0.329467
19.05 0.465154 0.32523
19.1 0.457403 0.32105
19.15 0.44979 0.316928
19.2 0.442313 0.312862
19.25 0.434971 0.308852
19.3 0.427762 0.304898
19.35 0.420686 0.301
19.4 0.413741 0.297156
19.45 0.406926 0.293367
19.5 0.40024 0.289632
19.55 0.393681 0.285951
19.6 0.387249 0.282323
19.65 0.380942 0.278747
19.7 0.374758 0.275224
19.75 0.368697 0.271753
19.8 0.362757 0.268333
19.85 0.356936 0.264964
19.9 0.351235 0.261645
19.95 0.34565 0.258376
20 0.340181 0.255157
20.05 0.334826 0.251987
20.1 0.329584 0.248865
20.15 0.324454 0.245791
20.2 0.319434 0.242764
20.25 0.314523 0.239784
20.3 0.30972 0.236851
20.35 0.305022 0.233964
20.4 0.300429 0.231122
20.45 0.295939 0.228324
20.5 0.29155 0.225572
20.55 0.287262 0.222863
20.6 0.283073 0.220197
20.65 0.278981 0.217575
20.7 0.274985 0.214994
20.75 0.271083 0.212456
20.8 0.267274 0.209958
20.85 0.263557 0.207501
20.9 0.25993 0.205085
20.95 0.256391 0.202708
21 0.25294 0.20037
21.05 0.249574 0.198071
21.1 0.246292 0.19581
21.15 0.243093 0.193586
21.2 0.239975 0.191399
21.25 0.236937 0.189249
21.3 0.233977 0.187135
21.35 0.231094 0.185056
21.4 0.228286 0.183012
21.45 0.225552 0.181003
21.5 0.222891 0.179027
21.55 0.220301 0.177084
21.6 0.21778 0.175174
21.65 0.215327 0.173297
21.7 0.212941 0.171451
21.75 0.21062 0.169636
21.8 0.208363 0.167852
21.85 0.206169 0.166098
21.9 0.204035 0.164374
21.95 0.201961 0.162679
22 0.199945 0.161012
22.05 0.197986 0.159374
22.1 0.196082 0.157763
22.15 0.194232 0.156179
22.2 0.192435 0.154622
22.25 0.19069 0.153091
22.3 0.188994 0.151585
22.35 0.187347 0.150105
22.4 0.185747 0.148649
22.45 0.184193 0.147217
22.5 0.182683 0.145809
22.55 0.181217 0.144424
22.6 0.179794 0.143061
22.65 0.178411 0.141721
22.7 0.177067 0.140402
22.75 0.175762 0.139105
22.8 0.174494 0.137829
22.85 0.173261 0.136572
22.9 0.172064 0.135336
22.95 0.170899 0.134119
23 0.169767 0.132921
23.05 0.168666 0.131742
23.1 0.167595 0.130581
23.15 0.166553 0.129437
23.2 0.165538 0.12831
23.25 0.16455 0.127201
23.3 0.163588 0.126108
23.35 0.162649 0.12503
23.4 0.161734 0.123969
23.45 0.160842 0.122922
23.5 0.15997 0.121891
23.55 0.159119 0.120873
23.6 0.158286 0.11987
23.65 0.157472 0.11888
23.7 0.156675 0.117904
23.75 0.155895 0.11694
23.8 0.155129 0.115989
23.85 0.154378 0.11505
23.9 0.153641 0.114122
23.95 0.152916 0.113206
24 0.152203 0.112302
24.05 0.1515 0.111408
24.1 0.150808 0.110524
24.15 0.150125 0.10965
24.2 0.14945 0.108786
24.25 0.148783 0.107932
24.3 0.148122 0.107087
24.35 0.147468 0.10625
24.4 0.146819 0.105422
24.45 0.146174 0.104603
24.5 0.145534 0.103791
24.55 0.144896 0.102987
24.6 0.144262 0.10219
24.65 0.143629 0.1014
24.7 0.142997 0.100617
24.75 0.142366 0.099841
24.8 0.141735 0.0990711
24.85 0.141104 0.0983072
24.9 0.140471 0.0975492
24.95 0.139837 0.0967967
25 0.139201 0.0960497
25.05 0.138562 0.0953078
25.1 0.13792 0.0945708
25.15 0.137274 0.0938385
25.2 0.136624 0.0931108
25.25 0.135969 0.0923873
25.3 0.13531 0.091668
25.35 0.134645 0.0909526
25.4 0.133975 0.0902409
25.45 0.133298 0.0895328
25.5 0.132615 0.088828
25.55 0.131925 0.0881265
25.6 0.131227 0.0874281
25.65 0.130523 0.0867325
25.7 0.12981 0.0860397
25.75 0.12909 0.0853495
25.8 0.128361 0.0846618
25.85 0.127623 0.0839764
25.9 0.126877 0.0832932
25.95 0.126122 0.0826121
26 0.125357 0.0819329
26.05 0.124584 0.0812556
26.1 0.1238 0.08058
26.15 0.123007 0.0799061
26.2 0.122204 0.0792337
26.25 0.121392 0.0785628
26.3 0.120569 0.0778932
26.35 0.119735 0.0772249
26.4 0.118892 0.0765577
26.45 0.118038 0.0758917
26.5 0.117174 0.0752268
26.55 0.1163 0.0745629
26.6 0.115415 0.0738998
26.65 0.114519 0.0732377
26.7 0.113613 0.0725764
26.75 0.112697 0.0719159
26.8 0.11177 0.0712561
26.85 0.110833 0.070597
26.9 0.109885 0.0699385
26.95 0.108927 0.0692807
27 0.107959 0.0686236
27.05 0.106981 0.067967
27.1 0.105992 0.067311
27.15 0.104994 0.0666555
27.2 0.103986 0.0660006
27.25 0.102968 0.0653462
27.3 0.10194 0.0646924
27.35 0.100903 0.0640392
27.4 0.0998566 0.0633865
27.45 0.0988011 0.0627343
27.5 0.0977366 0.0620827
27.55 0.0966632 0.0614317
27.6 0.0955812 0.0607813
27.65 0.0944908 0.0601315
27.7 0.0933922 0.0594824
27.75 0.0922856 0.0588339
27.8 0.0911712 0.0581862
27.85 0.0900492 0.0575392
27.9 0.0889198 0.0568929
27.95 0.0877834 0.0562475
28 0.0866401 0.0556029
28.05 0.0854902 0.0549592
28.1 0.084334 0.0543165
28.15 0.0831717 0.0536747
28.2 0.0820036 0.053034
28.25 0.08083 0.0523943
28.3 0.0796511 0.0517558
28.35 0.0784672 0.0511185
28.4 0.0772786 0.0504824
28.45 0.0760857 0.0498477
28.5 0.0748887 0.0492143
28.55 0.0736879 0.0485824
28.6 0.0724836 0.047952
28.65 0.0712762 0.0473231
28.7 0.0700659 0.0466959
28.75 0.068853 0.0460704
28.8 0.0676379 0.0454467
28.85 0.0664209 0.0448248
28.9 0.0652023 0.0442048
28.95 0.0639824 0.0435868
29 0.0627616 0.0429709
29.05 0.0615402 0.0423571
29.1 0.0603185 0.0417456
29.15 0.0590969 0.0411363
29.2 0.0578756 0.0405294
29.25 0.056655 0.0399249
29.3 0.0554354 0.039323
29.35 0.0542172 0.0387237
29.4 0.0530007 0.0381271
29.45 0.0517862 0.0375332
29.5 0.0505741 0.0369422
29.55 0.0493646 0.0363541
29.6 0.0481581 0.0357689
29.65 0.046955 0.0351869
29.7 0.0457555 0.0346081
29.75 0.04456 0.0340324
29.8 0.0433689 0.0334601
29.85 0.0421823 0.0328912
29.9 0.0410007 0.0323258
29.95 0.0398243 0.031764
30 0.0386535 0.0312057
30.05 0.0374885 0.0306512
30.1 0.0363298 0.0301005
30.15 0.0351775 0.0295536
30.2 0.034032 0.0290107
30.25 0.0328937 0.0284718
30.3 0.0317627 0.027937
30.35 0.0306393 0.0274064
30.4 0.029524 0.02688
30.45 0.0284168 0.0263579
30.5 0.0273182 0.0258402
30.55 0.0262284 0.0253269
30.6 0.0251477 0.0248182
30.65 0.0240763 0.024314
30.7 0.0230145 0.0238145
30.75 0.0219625 0.0233197
30.8 0.0209206 0.0228297
30.85 0.0198891 0.0223446
30.9 0.0188682 0.0218643
30.95 0.0178581 0.021389
31 0.0168591 0.0209188
31.05 0.0158714 0.0204536
31.1 0.0148951 0.0199936
31.15 0.0139306 0.0195387
31.2 0.012978 0.0190891
31.25 0.0120376 0.0186448
31.3 0.0111095 0.0182059
31.35 0.0101939 0.0177723
31.4 0.009291 0.0173441
31.45 0.008401 0.0169215
31.5 0.00752407 0.0165044
31.55 0.00666036 0.0160928
31.6 0.00581004 0.0156869
31.65 0.00497327 0.0152866
31.7 0.0041502 0.0148919
31.75 0.00334095 0.014503
31.8 0.00254568 0.0141199
31.85 0.00176451 0.0137425
31.9 0.000997568 0.0133709
31.95 0.000244962 0.0130051
32 -0.000493195 0.0126452
32.05 -0.0012168 0.0122912
32.1 -0.00192575 0.011943
32.15 -0.00261997 0.0116008
32.2 -0.00329936 0.0112646
32.25 -0.00396385 0.0109342
32.3 -0.00461338 0.0106099
32.35 -0.00524787 0.0102915
32.4 -0.00586726 0.00997905
32.45 -0.00647152 0.00967262
32.5 -0.0070606 0.0093722
32.55 -0.00763445 0.00907776
32.6 -0.00819305 0.00878933
32.65 -0.00873637 0.0085069
32.7 -0.0092644 0.00823047
32.75 -0.00977712 0.00796002
32.8 -0.0102745 0.00769557
32.85 -0.0107566 0.00743709
32.9 -0.0112234 0.00718458
32.95 -0.0116749 0.00693802
33 -0.0121112 0.0066974
33.05 -0.0125322 0.00646271
33.1 -0.012938 0.00623393
33.15 -0.0133286 0.00601104
33.2 -0.0137042 0.00579401
33.25 -0.0140646 0.00558283
33.3 -0.01441 0.00537747
33.35 -0.0147405 0.0051779
33.4 -0.0150561 0.00498409
33.45 -0.0153569 0.00479602
33.5 -0.0156429 0.00461365
33.55 -0.0159143 0.00443695
33.6 -0.0161712 0.00426587
33.65 -0.0164136 0.0041004
33.7 -0.0166417 0.00394048
33.75 -0.0168555 0.00378608
33.8 -0.0170552 0.00363715
33.85 -0.0172408 0.00349365
33.9 -0.0174126 0.00335554
33.95 -0.0175706 0.00322277
34 -0.0177149 0.00309529
34.05 -0.0178458 0.00297305
34.1 -0.0179633 0.002856
34.15 -0.0180676 0.00274409
34.2 -0.0181589 0.00263726
34.25 -0.0182372 0.00253547
34.3 -0.0183028 0.00243865
34.35 -0.0183558 0.00234674
34.4 -0.0183964 0.00225969
34.45 -0.0184247 0.00217744
34.5 -0.018441 0.00209992
34.55 -0.0184454 0.00202708
34.6 -0.018438 0.00195885
34.65 -0.0184192 0.00189516
34.7 -0.018389 0.00183595
34.75 -0.0183476 0.00178115
34.8 -0.0182953 0.0017307
34.85 -0.0182323 0.00168453
34.9 -0.0181587 0.00164256
34.95 -0.0180747 0.00160472
35 -0.0179806 0.00157096
35.05 -0.0178765 0.00154118
35.1 -0.0177627 0.00151533
35.15 -0.0176394 0.00149332
35.2 -0.0175069 0.00147508
35.25 -0.0173652 0.00146055
35.3 -0.0172146 0.00144963
35.35 -0.0170554 0.00144226
35.4 -0.0168878 0.00143836
35.45 -0.016712 0.00143785
35.5 -0.0165282 0.00144066
35.55 -0.0163367 0.0014467
35.6 -0.0161376 0.0014559
35.65 -0.0159313 0.00146818
35.7 -0.0157179 0.00148346
35.75 -0.0154976 0.00150166
35.8 -0.0152708 0.0015227
35.85 -0.0150376 0.0015465
35.9 -0.0147982 0.00157299
35.95 -0.0145529 0.00160207
36 -0.014302 0.00163368
36.05 -0.0140456 0.00166772
36.1 -0.013784 0.00170413
36.15 -0.0135174 0.00174281
36.2 -0.0132461 0.0017837
36.25 -0.0129703 0.0018267
36.3 -0.0126902 0.00187175
36.35 -0.012406 0.00191875
36.4 -0.012118 0.00196763
36.45 -0.0118264 0.00201831
36.5 -0.0115314 0.00207071
36.55 -0.0112333 0.00212476
36.6 -0.0109323 0.00218036
36.65 -0.0106286 0.00223745
36.7 -0.0103224 0.00229595
36.75 -0.010014 0.00235577
36.8 -0.00970352 0.00241685
36.85 -0.00939126 0.0024791
36.9 -0.00907742 0.00254245
36.95 -0.0087622 0.00260682
37 -0.00844582 0.00267214
37.05 -0.00812849 0.00273833
37.1 -0.00781043 0.00280533
37.15 -0.00749182 0.00287305
37.2 -0.0071729 0.00294142
37.25 -0.00685384 0.00301038
37.3 -0.00653486 0.00307985
37.35 -0.00621616 0.00314975
37.4 -0.00589792 0.00322003
37.45 -0.00558034 0.00329061
37.5 -0.00526361 0.00336143
37.55 -0.00494792 0.00343241
37.6 -0.00463344 0.0035035
37.65 -0.00432037 0.00357462
37.7 -0.00400889 0.00364571
37.75 -0.00369915 0.00371672
37.8 -0.00339134 0.00378756
37.85 -0.00308563 0.0038582
37.9 -0.00278219 0.00392855
37.95 -0.00248116 0.00399857
38 -0.00218272 0.0040682
38.05 -0.00188702 0.00413738
38.1 -0.00159421 0.00420604
38.15 -0.00130445 0.00427415
38.2 -0.00101786 0.00434164
38.25 -0.000734609 0.00440846
38.3 -0.000454821 0.00447456
38.35 -0.000178633 0.00453989
38.4 9.38241e-05 0.0046044
38.45 0.000362422 0.00466803
38.5 0.000627038 0.00473075
38.55 0.000887553 0.00479251
38.6 0.00114385 0.00485326
38.65 0.00139582 0.00491296
38.7 0.00164334 0.00497156
38.75 0.00188633 0.00502904
38.8 0.00212467 0.00508533
38.85 0.00235828 0.00514042
38.9 0.00258705 0.00519425
38.95 0.00281089 0.0052468
39 0.00302974 0.00529803
39.05 0.00324349 0.0053479
39.1 0.00345208 0.00539639
39.15 0.00365543 0.00544346
39.2 0.00385347 0.00548908
39.25 0.00404614 0.00553323
39.3 0.00423337 0.00557587
39.35 0.00441512 0.00561698
39.4 0.00459131 0.00565654
39.45 0.00476191 0.00569452
39.5 0.00492687 0.00573091
39.55 0.00508615 0.00576567
39.6 0.0052397 0.0057988
39.65 0.00538749 0.00583026
39.7 0.0055295 0.00586005
39.75 0.0056657 0.00588815
39.8 0.00579606 0.00591455
39.85 0.00592056 0.00593923
39.9 0.00603919 0.00596217
39.95 0.00615194 0.00598338
40 0.0062588 0.00600283
40.05 0.00635975 0.00602052
40.1 0.00645482 0.00603645
40.15 0.00654398 0.0060506
40.2 0.00662726 0.00606298
40.25 0.00670466 0.00607357
40.3 0.00677619 0.00608239
40.35 0.00684188 0.00608941
40.4 0.00690173 0.00609465
40.45 0.00695577 0.0060981
40.5 0.00700404 0.00609978
40.55 0.00704655 0.00609967
40.6 0.00708335 0.00609778
40.65 0.00711446 0.00609413
40.7 0.00713993 0.00608871
40.75 0.00715979 0.00608154
40.8 0.0071741 0.00607262
40.85 0.0071829 0.00606195
40.9 0.00718624 0.00604956
40.95 0.00718418 0.00603545
41 0.00717676 0.00601964
41.05 0.00716406 0.00600214
41.1 0.00714612 0.00598295
41.15 0.00712302 0.00596211
41.2 0.00709482 0.00593961
41.25 0.0070616 0.00591549
41.3 0.00702341 0.00588976
41.35 0.00698034 0.00586243
41.4 0.00693245 0.00583353
41.45 0.00687984 0.00580307
41.5 0.00682257 0.00577108
41.55 0.00676074 0.00573757
41.6 0.00669442 0.00570258
41.65 0.0066237 0.00566612
41.7 0.00654867 0.00562822
41.75 0.00646942 0.0055889
41.8 0.00638604 0.00554818
41.85 0.00629862 0.0055061
41.9 0.00620726 0.00546267
41.95 0.00611205 0.00541794
42 0.00601309 0.00537191
42.05 0.00591048 0.00532462
42.1 0.00580432 0.00527611
42.15 0.00569471 0.00522639
42.2 0.00558175 0.0051755
42.25 0.00546555 0.00512346
42.3 0.00534621 0.00507032
42.35 0.00522383 0.00501609
42.4 0.00509853 0.00496081
42.45 0.0049704 0.00490452
42.5 0.00483957 0.00484723
42.55 0.00470613 0.004789
42.6 0.00457019 0.00472984
42.65 0.00443187 0.00466979
42.7 0.00429127 0.00460888
42.75 0.0041485 0.00454715
42.8 0.00400368 0.00448463
42.85 0.00385692 0.00442135
42.9 0.00370832 0.00435735
42.95 0.003558 0.00429266
43 0.00340607 0.00422732
43.05 0.00325264 0.00416136
43.1 0.00309782 0.00409481
43.15 0.00294172 0.0040277
43.2 0.00278445 0.00396009
43.25 0.00262613 0.00389198
43.3 0.00246686 0.00382343
43.35 0.00230675 0.00375447
43.4 0.00214591 0.00368512
43.45 0.00198445 0.00361543
43.5 0.00182248 0.00354543
43.55 0.00166011 0.00347515
43.6 0.00149744 0.00340462
43.65 0.00133458 0.00333389
43.7 0.00117162 0.00326298
43.75 0.00100869 0.00319193
43.8 0.000845876 0.00312077
43.85 0.000683285 0.00304953
43.9 0.000521017 0.00297825
43.95 0.000359174 0.00290696
44 0.000197852 0.00283569
44.05 3.7152e-05 0.00276447
44.1 -0.000122831 0.00269335
44.15 -0.000282002 0.00262233
44.2 -0.000440267 0.00255147
44.25 -0.000597533 0.00248079
44.3 -0.000753708 0.00241031
44.35 -0.000908704 0.00234008
44.4 -0.00106243 0.00227012
44.45 -0.0012148 0.00220045
44.5 -0.00136574 0.00213111
44.55 -0.00151515 0.00206214
44.6 -0.00166295 0.00199354
44.65 -0.00180907 0.00192536
44.7 -0.00195343 0.00185762
44.75 -0.00209594 0.00179034
44.8 -0.00223654 0.00172356
44.85 -0.00237515 0.00165729
44.9 -0.0025117 0.00159157
44.95 -0.00264612 0.00152641
45 -0.00277835 0.00146185
45.05 -0.00290831 0.00139791
45.1 -0.00303595 0.0013346
45.15 -0.0031612 0.00127196
45.2 -0.003284 0.00121
45.25 -0.00340429 0.00114874
45.3 -0.00352203 0.00108822
45.35 -0.00363715 0.00102843
45.4 -0.0037496 0.000969417
45.45 -0.00385934 0.000911186
45.5 -0.00396631 0.000853759
45.55 -0.00407048 0.000797154
45.6 -0.00417179 0.000741387
45.65 -0.00427021 0.000686476
45.7 -0.0043657 0.000632436
45.75 -0.00445822 0.000579284
45.8 -0.00454774 0.000527033
45.85 -0.00463421 0.000475698
45.9 -0.00471762 0.000425293
45.95 -0.00479793 0.00037583
46 -0.00487513 0.000327322
46.05 -0.00494917 0.00027978
46.1 -0.00502004 0.000233215
46.15 -0.00508773 0.000187638
46.2 -0.00515221 0.000143058
46.25 -0.00521347 9.94844e-05
46.3 -0.00527149 5.69255e-05
46.35 -0.00532626 1.53891e-05
46.4 -0.00537778 -2.51176e-05
46.45 -0.00542603 -6.45882e-05
46.5 -0.00547101 -0.000103017
46.55 -0.00551272 -0.000140398
46.6 -0.00555115 -0.000176728
46.65 -0.00558631 -0.000212002
46.7 -0.0056182 -0.000246216
46.75 -0.00564682 -0.000279369
46.8 -0.00567218 -0.000311458
46.85 -0.00569429 -0.000342481
46.9 -0.00571316 -0.000372438
46.95 -0.00572881 -0.000401328
47 -0.00574124 -0.000429152
47.05 -0.00575047 -0.00045591
47.1 -0.00575652 -0.000481605
47.15 -0.00575941 -0.000506237
47.2 -0.00575916 -0.00052981
47.25 -0.0057558 -0.000552328
47.3 -0.00574935 -0.000573793
47.35 -0.00573984 -0.00059421
47.4 -0.00572729 -0.000613584
47.45 -0.00571174 -0.00063192
47.5 -0.00569322 -0.000649224
47.55 -0.00567175 -0.000665504
47.6 -0.00564738 -0.000680765
47.65 -0.00562014 -0.000695015
47.7 -0.00559008 -0.000708262
47.75 -0.00555722 -0.000720515
47.8 -0.00552161 -0.000731782
47.85 -0.00548329 -0.000742074
47.9 -0.0054423 -0.000751399
47.95 -0.0053987 -0.000759768
48 -0.00535252 -0.000767192
48.05 -0.00530381 -0.000773682
48.1 -0.00525262 -0.00077925
48.15 -0.00519901 -0.000783907
48.2 -0.00514301 -0.000787667
48.25 -0.00508469 -0.000790541
48.3 -0.00502409 -0.000792543
48.35 -0.00496127 -0.000793687
48.4 -0.00489628 -0.000793986
48.45 -0.00482918 -0.000793454
48.5 -0.00476002 -0.000792107
48.55 -0.00468887 -0.000789958
48.6 -0.00461578 -0.000787023
48.65 -0.0045408 -0.000783318
48.7 -0.00446401 -0.000778859
48.75 -0.00438545 -0.00077366
48.8 -0.0043052 -0.000767739
48.85 -0.0042233 -0.000761112
48.9 -0.00413982 -0.000753796
48.95 -0.00405483 -0.000745807
49 -0.00396839 -0.000737164
49.05 -0.00388056 -0.000727882
49.1 -0.0037914 -0.000717981
49.15 -0.00370098 -0.000707477
49.2 -0.00360937 -0.000696388
49.25 -0.00351662 -0.000684733
49.3 -0.0034228 -0.000672529
49.35 -0.00332798 -0.000659795
49.4 -0.00323222 -0.000646549
49.45 -0.00313559 -0.000632811
49.5 -0.00303815 -0.000618597
49.55 -0.00293996 -0.000603928
49.6 -0.0028411 -0.000588821
49.65 -0.00274162 -0.000573296
49.7 -0.0026416 -0.000557372
49.75 -0.00254109 -0.000541066
49.8 -0.00244017 -0.000524399
49.85 -0.00233889 -0.000507389
49.9 -0.00223732 -0.000490054
49.95 -0.00213553 -0.000472415
50 -0.00203357 -0.000454488
