-4.06329 -4.06362
-4.06305 -4.06344
-4.06287 -4.06318
-4.06274 -4.06309
-4.06268 -4.06304
-4.06262 -4.06297
-4.06235 -4.06267
-4.06238 -4.0626
-4.06181 -4.06207
-4.0615 -4.06191
-4.06037 -4.06065
-4.06031 -4.06014
-4.05785 -4.05804
-4.0569 -4.05726
-4.05647 -4.05673
-4.05579 -4.05608
-4.05546 -4.05564
-4.05467 -4.05483
-4.052 -4.05213
-4.04823 -4.04845
-4.04659 -4.04461
-4.04455 -4.04301
-4.04154 -4.04184
-4.03985 -4.03963
-4.03711 -4.03749
-4.0369 -4.03722
-4.03666 -4.03699
-4.03662 -4.03694
-4.03652 -4.03682
-4.03614 -4.0365
-4.036 -4.0363
-4.03727 -4.03616
-4.03576 -4.03616
-4.03563 -4.0358
-4.0344 -4.03474
-4.03375 -4.03408
-4.03419 -4.0336
-4.03278 -4.03296
-4.03271 -4.03239
-4.03142 -4.0314
-4.02982 -4.02986
-4.02928 -4.02878
-4.02651 -4.02648
-4.02487 -4.02449
-4.0242 -4.02368
-4.02288 -4.02303
-4.02041 -4.01967
-4.02077 -4.01922
-4.01905 -4.01785
-4.01239 -4.01241
-4.0122 -4.01223
-4.01214 -4.01215
-4.01192 -4.01199
-4.01204 -4.01182
-4.0125 -4.01157
-4.01136 -4.01148
-4.01126 -4.01132
-4.01085 -4.0108
-4.01023 -4.0104
-4.01006 -4.01007
-4.00933 -4.00922
-4.00824 -4.00818
-4.00746 -4.0075
-4.00724 -4.00692
-4.0064 -4.00651
-4.00702 -4.00631
-4.0064 -4.00578
-4.00488 -4.00427
-4.00398 -4.00346
-4.00259 -4.00262
-3.99932 -3.99926
-3.99869 -3.99868
-3.99735 -3.99706
-4.00015 -3.9954
-3.99619 -3.99501
-3.99381 -3.99384
-3.99447 -3.99359
-3.99102 -3.99078
-3.98831 -3.98539
-3.9839 -3.98394
-3.98375 -3.98377
-3.98364 -3.98367
-3.98409 -3.98356
-3.98356 -3.9835
-3.98352 -3.98349
-3.98339 -3.98339
-3.98282 -3.98289
-3.98243 -3.98243
-3.9818 -3.98197
-3.98173 -3.98112
-3.98159 -3.98013
-3.9797 -3.97949
-3.97944 -3.97894
-3.97782 -3.97788
-3.97755 -3.97774
-3.97731 -3.97718
-3.97646 -3.97663
-3.97422 -3.97452
-3.97369 -3.97361
-3.97349 -3.9726
-3.97168 -3.97167
-3.97097 -3.97058
-3.96864 -3.96876
-3.96796 -3.96732
-3.96719 -3.96722
-3.96659 -3.96475
-3.96262 -3.96235
-3.9628 -3.96192
-3.9637 -3.96117
-3.96015 -3.96044
-3.96018 -3.96042
-3.96028 -3.96023
-3.95974 -3.96004
-3.95969 -3.95991
-3.95949 -3.95973
-3.95928 -3.95946
-3.95916 -3.95935
-3.95864 -3.95899
-3.95942 -3.95863
-3.95749 -3.95779
-3.9572 -3.95736
-3.95689 -3.95716
-3.9567 -3.95683
-3.95729 -3.95615
-3.95472 -3.95506
-3.95382 -3.95425
-3.95392 -3.95339
-3.95105 -3.95123
-3.95131 -3.95037
-3.95169 -3.94948
-3.95119 -3.94808
-3.94692 -3.94749
-3.94545 -3.94576
-3.94453 -3.94437
-3.94598 -3.94343
-3.94256 -3.94304
-3.94582 -3.94188
-3.93836 -3.93895
-3.93977 -3.93792
-3.9375 -3.93781
-3.93729 -3.93765
-3.93709 -3.93749
-3.93706 -3.9374
-3.93706 -3.9373
-3.93664 -3.93706
-3.93668 -3.93699
-3.9391 -3.93679
-3.93634 -3.93666
-3.93572 -3.93618
-3.93581 -3.93544
-3.9338 -3.93433
-3.93605 -3.93371
-3.93292 -3.93246
-3.93557 -3.9315
-3.93192 -3.93085
-3.92993 -3.93038
-3.93008 -3.92989
-3.92803 -3.9286
-3.9277 -3.92786
-3.92668 -3.92659
-3.9253 -3.92594
-3.93294 -3.92503
-3.92363 -3.92434
-3.92656 -3.9234
-3.92178 -3.92264
-3.92179 -3.92225
-3.92095 -3.92157
-3.92356 -3.92139
-3.91999 -3.92093
-3.91733 -3.91796
-3.91392 -3.91472
-3.91786 -3.91451
-3.91114 -3.91198
-3.91194 -3.91145
-3.90883 -3.90969
-3.90724 -3.90761
-3.90612 -3.90482
-3.90851 -3.90189
-3.90018 -3.89991
-3.90054 -3.89926
-3.90125 -3.89695
-3.89208 -3.89331
-3.8928 -3.89218
-3.89599 -3.89072
-3.88891 -3.88936
-3.88312 -3.88352
-3.88807 -3.8819
-3.88532 -3.87923
-3.87864 -3.8781
-3.88076 -3.87707
-3.87948 -3.87447
-3.87475 -3.87313
-3.87652 -3.87168
-3.86843 -3.86931
-3.86806 -3.86876
-3.86652 -3.86818
-3.86694 -3.867
-3.86789 -3.86617
-3.86157 -3.86501
-3.86434 -3.86444
-3.86242 -3.86263
-3.86206 -3.86053
-3.86295 -3.85946
-3.85548 -3.85825
-3.85399 -3.857
-3.85362 -3.85621
-3.85307 -3.85592
-3.85493 -3.85545
-3.85142 -3.85518
-3.85395 -3.85392
-3.85875 -3.85342
-3.85154 -3.85245
-3.85151 -3.85198
-3.85525 -3.85178
-3.84751 -3.85157
-3.84767 -3.85105
-3.8494 -3.8509
-3.84422 -3.84888
-3.84674 -3.84853
-3.84597 -3.84809
-3.84538 -3.84787
-3.84517 -3.8472
-3.84209 -3.84689
-3.84201 -3.84653
-3.84652 -3.8463
-3.84434 -3.84571
-3.84528 -3.84499
-3.84504 -3.84476
-3.84185 -3.84366
-3.84167 -3.84336
-3.84144 -3.84262
-3.84354 -3.8419
-3.84383 -3.84173
-3.84076 -3.84113
-3.83856 -3.84093
-3.83728 -3.84075
-3.83687 -3.84033
-3.83449 -3.83965
-3.84123 -3.83914
-3.83836 -3.83889
-3.83539 -3.83804
-3.8345 -3.83782
-3.8373 -3.8377
-3.83828 -3.83729
-3.8367 -3.83688
-3.83471 -3.8367
-3.83475 -3.83635
-3.83696 -3.83603
-3.83348 -3.83591
-3.83847 -3.83565
-3.83383 -3.83535
-3.83412 -3.83522
-3.83145 -3.83509
-3.83434 -3.83503
-3.83459 -3.83472
-3.83556 -3.83455
-3.83467 -3.83415
-3.83566 -3.83392
-3.83618 -3.83365
-3.83375 -3.83354
-3.83068 -3.83331
-3.83236 -3.8331
-3.83133 -3.83264
-3.82984 -3.83221
-3.83689 -3.83193
-3.83248 -3.83169
-3.82899 -3.83111
-3.82515 -3.83089
-3.82815 -3.83033
-3.83075 -3.82973
-3.82706 -3.82946
-3.83027 -3.82941
-3.82941 -3.829
-3.82514 -3.8285
-3.82846 -3.82806
-3.82473 -3.82778
-3.83097 -3.82738
-3.82564 -3.82725
-3.8236 -3.82679
-3.83019 -3.82656
-3.82441 -3.82626
-3.83128 -3.82584
-3.82176 -3.82556
-3.82102 -3.8254
-3.823 -3.82502
-3.82375 -3.82489
-3.82558 -3.82467
-3.82153 -3.82448
-3.82491 -3.82436
-3.82099 -3.82387
-3.82401 -3.82346
-3.82238 -3.82316
-3.82207 -3.82285
-3.82295 -3.82273
-3.82089 -3.82263
-3.82043 -3.82245
-3.82178 -3.8222
-3.82156 -3.8221
-3.81904 -3.8218
-3.82163 -3.82171
-3.81792 -3.82148
-3.82022 -3.82099
-3.8182 -3.8208
-3.81817 -3.82058
-3.82018 -3.82045
-3.81997 -3.82014
-3.81873 -3.81998
-3.82787 -3.81962
-3.81977 -3.81941
-3.81446 -3.81924
-3.81836 -3.81897
-3.81369 -3.81871
-3.81971 -3.81856
-3.81718 -3.81816
-3.8153 -3.81775
-3.82258 -3.81692
-3.81663 -3.81632
-3.8175 -3.81593
-3.81226 -3.81583
-3.81392 -3.81561
-3.81388 -3.81537
-3.81982 -3.81526
-3.8109 -3.81497
-3.81526 -3.81477
-3.81586 -3.81469
-3.81181 -3.81434
-3.81418 -3.81409
-3.81085 -3.81369
-3.82006 -3.8135
-3.8147 -3.81325
-3.81109 -3.81297
-3.81225 -3.81276
-3.81531 -3.8127
-3.80806 -3.81219
-3.80888 -3.81202
-3.81149 -3.81183
-3.81621 -3.81172
-3.80913 -3.81135
-3.81002 -3.81109
-3.8121 -3.81097
-3.81166 -3.81082
-3.81111 -3.81035
-3.81027 -3.81024
-3.8084 -3.80997
-3.809 -3.80967
-3.80714 -3.80932
-3.8063 -3.80917
-3.80555 -3.8089
-3.80765 -3.80865
-3.80418 -3.80821
-3.81049 -3.80806
-3.80777 -3.80764
-3.80519 -3.80749
-3.80176 -3.80715
-3.80515 -3.80671
-3.80677 -3.8065
-3.80466 -3.80632
-3.808 -3.80602
-3.80805 -3.80581
-3.80424 -3.80547
-3.80413 -3.8052
-3.80542 -3.805
-3.80258 -3.80463
-3.79753 -3.80452
-3.80857 -3.80411
-3.80127 -3.80404
-3.80067 -3.80373
-3.80405 -3.8035
-3.80885 -3.80326
-3.79987 -3.80272
-3.79995 -3.80264
-3.80095 -3.80246
-3.80176 -3.80222
-3.80038 -3.8017
-3.80136 -3.80148
-3.80057 -3.80122
-3.80088 -3.80082
-3.79761 -3.80054
-3.79903 -3.80037
-3.80343 -3.80004
-3.80032 -3.79973
-3.7972 -3.79962
-3.79499 -3.79948
-3.79934 -3.79911
-3.79681 -3.7987
-3.79888 -3.79845
-3.79741 -3.79817
-3.79655 -3.79775
-3.79842 -3.79754
-3.79579 -3.79726
-3.79567 -3.79699
-3.79738 -3.79693
-3.7976 -3.79664
-3.79793 -3.7965
-3.79525 -3.79634
-3.80177 -3.7962
-3.79579 -3.7961
-3.7911 -3.79599
-3.79549 -3.79583
-3.7963 -3.79562
-3.79336 -3.79527
-3.79646 -3.79471
-3.79105 -3.79429
-3.78812 -3.79405
-3.79323 -3.79367
-3.79234 -3.79339
-3.78798 -3.79306
-3.79391 -3.79262
-3.78771 -3.79248
-3.79047 -3.79204
-3.79385 -3.79181
-3.79557 -3.79163
-3.78954 -3.79142
-3.79388 -3.79118
-3.78768 -3.79086
-3.7924 -3.79062
-3.78921 -3.78989
-3.78805 -3.78973
-3.78686 -3.78948
-3.78747 -3.7892
-3.78776 -3.78864
-3.78395 -3.7885
-3.78403 -3.7882
-3.78712 -3.7878
-3.78818 -3.78753
-3.78732 -3.78728
-3.78595 -3.78724
-3.78634 -3.78694
-3.78756 -3.78648
-3.78456 -3.78621
-3.78292 -3.78597
-3.78006 -3.78592
-3.78467 -3.7857
-3.78626 -3.7855
-3.78592 -3.78536
-3.78271 -3.78509
-3.78289 -3.78485
-3.78173 -3.78443
-3.78118 -3.78416
-3.78272 -3.78394
-3.78197 -3.78377
-3.77908 -3.78358
-3.77817 -3.78312
-3.78457 -3.7829
-3.78634 -3.7828
-3.77753 -3.78262
-3.7768 -3.78236
-3.78056 -3.78189
-3.77954 -3.7817
-3.78115 -3.7811
-3.77818 -3.78072
-3.77942 -3.78043
-3.77564 -3.78005
-3.7786 -3.77989
-3.78045 -3.77974
-3.77712 -3.77931
-3.77546 -3.77916
-3.78088 -3.77901
-3.78057 -3.77883
-3.77662 -3.77867
-3.77894 -3.77851
-3.77696 -3.77832
-3.76987 -3.77808
-3.77382 -3.77798
-3.77866 -3.77792
-3.77392 -3.77778
-3.77877 -3.77719
-3.77589 -3.77717
-3.7756 -3.77714
-3.772 -3.77679
-3.7739 -3.77665
-3.77272 -3.77638
-3.77524 -3.77598
-3.77925 -3.77585
-3.77298 -3.77546
-3.77211 -3.77539
-3.77581 -3.77524
-3.77418 -3.77448
-3.77756 -3.7743
-3.77198 -3.77414
-3.77424 -3.77398
-3.773 -3.77375
-3.77072 -3.77352
-3.77317 -3.77315
-3.76941 -3.77282
-3.77482 -3.77276
-3.77306 -3.77267
-3.77041 -3.77229
-3.77125 -3.77201
-3.76849 -3.77187
-3.77051 -3.77172
-3.7688 -3.77118
-3.77058 -3.77088
-3.76741 -3.77072
-3.77066 -3.77059
-3.77265 -3.77046
-3.76646 -3.77021
-3.76953 -3.76992
-3.76698 -3.76974
-3.77008 -3.76956
-3.76741 -3.76925
-3.76504 -3.76914
-3.76532 -3.76901
-3.769 -3.76878
-3.76577 -3.7683
-3.76627 -3.76785
-3.7677 -3.76718
-3.76461 -3.7671
-3.76286 -3.7668
-3.76474 -3.76668
-3.76477 -3.76646
-3.76449 -3.76607
-3.771 -3.76572
-3.76155 -3.76542
-3.76551 -3.7652
-3.76134 -3.76511
-3.7618 -3.765
-3.76582 -3.76486
-3.76349 -3.76467
-3.77276 -3.76439
-3.76381 -3.76398
-3.76727 -3.76392
-3.76471 -3.76334
-3.76129 -3.76316
-3.75987 -3.76297
-3.76352 -3.76252
-3.76214 -3.76228
-3.76107 -3.76193
-3.76071 -3.76179
-3.76086 -3.76149
-3.75909 -3.7613
-3.7605 -3.761
-3.76019 -3.7609
-3.75907 -3.76078
-3.75925 -3.76071
-3.75859 -3.76064
-3.76005 -3.76018
-3.7587 -3.7598
-3.75586 -3.7597
-3.75682 -3.75952
-3.75926 -3.75934
-3.75868 -3.75921
-3.75595 -3.75905
-3.76142 -3.75882
-3.7604 -3.75876
-3.75663 -3.75841
-3.75716 -3.75814
-3.75861 -3.75748
-3.7543 -3.75729
-3.76042 -3.75712
-3.76164 -3.75676
-3.75525 -3.75639
-3.75416 -3.7562
-3.75054 -3.75588
-3.75432 -3.75539
-3.75578 -3.75521
-3.75127 -3.75495
-3.75338 -3.75463
-3.75224 -3.75455
-3.7551 -3.75435
-3.75207 -3.75413
-3.75401 -3.75398
-3.75562 -3.75364
-3.7514 -3.7534
-3.7529 -3.75328
-3.754 -3.75312
-3.75215 -3.75293
-3.75047 -3.75283
-3.75499 -3.75268
-3.74766 -3.75245
-3.75127 -3.75225
-3.75222 -3.75206
-3.75232 -3.75181
-3.74821 -3.75164
-3.757 -3.75152
-3.7526 -3.7514
-3.75254 -3.75117
-3.74856 -3.7511
-3.75145 -3.75082
-3.74678 -3.75031
-3.74698 -3.75017
-3.74801 -3.74993
-3.74844 -3.74978
-3.74853 -3.7497
-3.74746 -3.7496
-3.74754 -3.74955
-3.74494 -3.74922
-3.74579 -3.74901
-3.74789 -3.74884
-3.74604 -3.74874
-3.74617 -3.7485
-3.74761 -3.74804
-3.74238 -3.74792
-3.74686 -3.74769
-3.74623 -3.74733
-3.74366 -3.74721
-3.74429 -3.74676
-3.74506 -3.74633
-3.74508 -3.74614
-3.74222 -3.7458
-3.74452 -3.74539
-3.74617 -3.74525
-3.74197 -3.74513
-3.74305 -3.7447
-3.74331 -3.74446
-3.74459 -3.7443
-3.74593 -3.74412
-3.74671 -3.74399
-3.74346 -3.74376
-3.74247 -3.74363
-3.74178 -3.7435
-3.74109 -3.74321
-3.74191 -3.74297
-3.74401 -3.74264
-3.73954 -3.74241
-3.74257 -3.742
-3.73947 -3.74162
-3.74065 -3.74146
-3.74064 -3.74122
-3.73963 -3.74072
-3.73773 -3.74047
-3.73755 -3.74029
-3.74413 -3.73985
-3.73582 -3.73971
-3.74122 -3.73943
-3.74188 -3.73931
-3.73769 -3.7391
-3.74531 -3.73899
-3.73788 -3.73845
-3.73418 -3.73813
-3.73609 -3.73778
-3.73302 -3.73768
-3.74115 -3.73748
-3.7355 -3.73681
-3.73418 -3.73672
-3.74191 -3.73648
-3.73575 -3.73621
-3.73384 -3.73584
-3.73202 -3.73544
-3.73422 -3.73503
-3.73399 -3.73469
-3.73405 -3.73435
-3.73246 -3.73396
-3.73488 -3.73351
-3.73578 -3.73327
-3.73572 -3.733
-3.73342 -3.73267
-3.73326 -3.73235
-3.73231 -3.7322
-3.72802 -3.73207
-3.72979 -3.73194
-3.73123 -3.73157
-3.73121 -3.73104
-3.73135 -3.73075
-3.72964 -3.73059
-3.7274 -3.73035
-3.72445 -3.73026
-3.72817 -3.72996
-3.7288 -3.7299
-3.73156 -3.72908
-3.72759 -3.72873
-3.72932 -3.72865
-3.72634 -3.72831
-3.72548 -3.72811
-3.72783 -3.72762
-3.72373 -3.72733
-3.72701 -3.72723
-3.72449 -3.72679
-3.72838 -3.72658
-3.72463 -3.72639
-3.72768 -3.72584
-3.72635 -3.72546
-3.72276 -3.72517
-3.72396 -3.72492
-3.72108 -3.72475
-3.72389 -3.7246
-3.72446 -3.72425
-3.72314 -3.72395
-3.7191 -3.72367
-3.72048 -3.7234
-3.7249 -3.72269
-3.72336 -3.7225
-3.72118 -3.72237
-3.726 -3.722
-3.72171 -3.72179
-3.71648 -3.72113
-3.72012 -3.72086
-3.71791 -3.72043
-3.71874 -3.72011
-3.72158 -3.71945
-3.71631 -3.71892
-3.72035 -3.71842
-3.71532 -3.71787
-3.71874 -3.7172
-3.71451 -3.71629
-3.71103 -3.71568
-3.71485 -3.71519
-3.7101 -3.71479
-3.71492 -3.71467
-3.72161 -3.71444
-3.71558 -3.71415
-3.71867 -3.7134
-3.71152 -3.71293
-3.71061 -3.71233
-3.72022 -3.71227
-3.71185 -3.71185
-3.70843 -3.71146
-3.71245 -3.71087
-3.71242 -3.71053
-3.70773 -3.70997
-3.70688 -3.70963
-3.71171 -3.70867
-3.70688 -3.70843
-3.70312 -3.70727
-3.70696 -3.70685
-3.70234 -3.70606
-3.70604 -3.70565
-3.70571 -3.70467
-3.70491 -3.70368
-3.70201 -3.70355
-3.69895 -3.7032
-3.70149 -3.70271
-3.6995 -3.70126
-3.69688 -3.69954
-3.69704 -3.69889
-3.70105 -3.6969
-3.69497 -3.6965
-3.69861 -3.69533
-3.68944 -3.69429
-3.69254 -3.69351
-3.68626 -3.69086
-3.68732 -3.68871
-3.6894 -3.68806
-3.69034 -3.68717
-3.68473 -3.68578
-3.68594 -3.685
-3.68639 -3.68227
-3.68241 -3.68043
-3.67814 -3.67913
-3.68574 -3.67704
-3.67637 -3.67519
-3.66902 -3.67298
-3.67625 -3.6716
-3.66716 -3.66981
-3.66368 -3.66546
-3.66456 -3.66489
-3.6634 -3.66142
-3.66565 -3.65468
-3.6536 -3.64872
-3.65059 -3.64513
-3.64263 -3.64243
-3.64635 -3.63911
-3.64448 -3.63677
-3.64201 -3.63316
-3.63374 -3.62482
-3.63332 -3.62159
-3.61356 -3.61529
-3.60762 -3.61332
-3.6145 -3.60884
-3.60543 -3.59945
-3.60162 -3.59253
-3.59956 -3.58542
-3.59224 -3.58342
-3.58797 -3.57725
-3.5638 -3.56294
-3.55534 -3.55849
-3.55528 -3.55783
-3.55584 -3.5465
-3.5306 -3.53358
-3.53441 -3.52789
-3.51777 -3.51366
-3.51058 -3.49732
-3.45478 -3.448
-3.41742 -3.42168
-3.41614 -3.41134
-3.39132 -3.38453
-3.34371 -3.34325
-3.33474 -3.31944
-3.26579 -3.26127
-2.82105 -2.8265
-4.06319 -4.06361
-4.06304 -4.06338
-4.06278 -4.06316
-4.06274 -4.06309
-4.06263 -4.06297
-4.06258 -4.06283
-4.06225 -4.06266
-4.06218 -4.0625
-4.06339 -4.06196
-4.06145 -4.06174
-4.06013 -4.06043
-4.06007 -4.06003
-4.05792 -4.05788
-4.05755 -4.05712
-4.05644 -4.05666
-4.05632 -4.05588
-4.0556 -4.05527
-4.05452 -4.05415
-4.05084 -4.05067
-4.04754 -4.04791
-4.04659 -4.04459
-4.04455 -4.04301
-4.04204 -4.04181
-4.03721 -4.03757
-4.03704 -4.03738
-4.03685 -4.0372
-4.03668 -4.03698
-4.03665 -4.03689
-4.03652 -4.03675
-4.03607 -4.0364
-4.03597 -4.03622
-4.03727 -4.03616
-4.03575 -4.03603
-4.03523 -4.03563
-4.03414 -4.03425
-4.03403 -4.03364
-4.03375 -4.03344
-4.03259 -4.0326
-4.03227 -4.03206
-4.03156 -4.03127
-4.02982 -4.02975
-4.02833 -4.02854
-4.02613 -4.02636
-4.02402 -4.0242
-4.02319 -4.02334
-4.02153 -4.0213
-4.02069 -4.01926
-4.01906 -4.01786
-4.01653 -4.01681
-4.01201 -4.01231
-4.01219 -4.01219
-4.01206 -4.01208
-4.01197 -4.01197
-4.01163 -4.0116
-4.0125 -4.01157
-4.0115 -4.01146
-4.01121 -4.01132
-4.01075 -4.0107
-4.01032 -4.01032
-4.00993 -4.00972
-4.01042 -4.00911
-4.0081 -4.00809
-4.00774 -4.00736
-4.00695 -4.00669
-4.00688 -4.00645
-4.00645 -4.00604
-4.00546 -4.0051
-4.00399 -4.0039
-4.0028 -4.00276
-4.00199 -4.00153
-3.99922 -3.99914
-3.99792 -3.99789
-3.99622 -3.99606
-4.00015 -3.9954
-3.99611 -3.995
-3.99433 -3.99364
-3.99332 -3.99352
-3.98554 -3.98552
-3.98456 -3.98491
-3.98379 -3.98384
-3.9837 -3.98372
-3.98358 -3.98358
-3.98409 -3.98356
-3.98354 -3.9835
-3.98342 -3.98346
-3.98317 -3.98331
-3.98275 -3.98284
-3.98223 -3.9823
-3.98193 -3.98188
-3.98101 -3.98071
-3.98003 -3.97989
-3.97952 -3.97932
-3.97866 -3.9786
-3.97778 -3.97782
-3.97727 -3.97734
-3.97704 -3.97713
-3.97732 -3.97643
-3.97443 -3.97438
-3.97435 -3.97344
-3.97214 -3.97218
-3.97499 -3.97139
-3.96931 -3.96956
-3.97029 -3.96869
-3.96719 -3.9673
-3.96613 -3.96602
-3.96333 -3.96348
-3.96486 -3.96212
-3.96389 -3.96141
-3.96116 -3.96102
-3.96018 -3.96043
-3.96014 -3.96039
-3.96028 -3.96023
-3.95974 -3.96001
-3.95965 -3.95986
-3.95945 -3.95965
-3.95921 -3.95941
-3.95912 -3.95932
-3.95877 -3.95895
-3.95828 -3.95847
-3.95742 -3.95765
-3.95715 -3.95725
-3.95688 -3.957
-3.95648 -3.95676
-3.95571 -3.95576
-3.95437 -3.95464
-3.95414 -3.95405
-3.9538 -3.95317
-3.95099 -3.95119
-3.95062 -3.95025
-3.94861 -3.94917
-3.95096 -3.94806
-3.9467 -3.94722
-3.94515 -3.94493
-3.94434 -3.94431
-3.94279 -3.94328
-3.94266 -3.94302
-3.94051 -3.94083
-3.94153 -3.93834
-3.93949 -3.93792
-3.9375 -3.93781
-3.93718 -3.93754
-3.93711 -3.93745
-3.93694 -3.93735
-3.93675 -3.93712
-3.93671 -3.93704
-3.9365 -3.93694
-3.93624 -3.93675
-3.93617 -3.93657
-3.93583 -3.93606
-3.93467 -3.93506
-3.93373 -3.93419
-3.9337 -3.93304
-3.9319 -3.93222
-3.93092 -3.93147
-3.93016 -3.93075
-3.93184 -3.93031
-3.92888 -3.92888
-3.92798 -3.92843
-3.92671 -3.92739
-3.92571 -3.92637
-3.93294 -3.92552
-3.92401 -3.92472
-3.92335 -3.92389
-3.92248 -3.92293
-3.92157 -3.92245
-3.92179 -3.92225
-3.92344 -3.9215
-3.91999 -3.92102
-3.91949 -3.92021
-3.915 -3.91597
-3.91369 -3.91457
-3.91637 -3.9143
-3.91267 -3.91193
-3.91212 -3.9114
-3.90987 -3.90956
-3.90651 -3.9074
-3.9082 -3.90443
-3.90875 -3.90153
-3.90095 -3.89939
-3.89957 -3.89917
-3.90125 -3.8963
-3.89297 -3.89312
-3.89563 -3.89179
-3.88891 -3.88954
-3.88431 -3.88647
-3.88039 -3.88342
-3.87958 -3.88001
-3.8857 -3.87901
-3.87864 -3.8781
-3.87859 -3.87622
-3.86966 -3.87393
-3.87675 -3.87223
-3.86807 -3.87073
-3.86426 -3.86892
-3.86789 -3.8686
-3.86652 -3.86818
-3.86575 -3.86669
-3.86254 -3.86566
-3.86807 -3.86497
-3.86377 -3.86335
-3.86396 -3.86229
-3.85691 -3.86031
-3.86253 -3.8594
-3.86025 -3.85806
-3.85601 -3.85667
-3.85288 -3.85613
-3.85051 -3.85589
-3.85313 -3.85538
-3.84967 -3.85474
-3.85991 -3.85357
-3.85894 -3.85322
-3.84956 -3.85212
-3.85182 -3.85191
-3.8514 -3.85164
-3.85302 -3.85122
-3.84731 -3.85092
-3.84823 -3.84899
-3.84669 -3.84874
-3.84795 -3.84851
-3.8473 -3.84796
-3.84614 -3.84774
-3.84788 -3.84718
-3.84972 -3.84669
-3.84047 -3.84644
-3.84328 -3.84618
-3.85072 -3.84554
-3.84319 -3.84484
-3.84339 -3.84418
-3.83886 -3.8436
-3.83808 -3.84331
-3.84479 -3.84253
-3.84241 -3.84183
-3.84125 -3.8413
-3.83978 -3.84098
-3.83324 -3.84088
-3.84116 -3.84059
-3.83888 -3.83995
-3.84034 -3.83929
-3.83522 -3.83906
-3.83717 -3.83846
-3.83445 -3.8379
-3.83831 -3.83777
-3.83543 -3.83753
-3.83494 -3.83718
-3.83427 -3.83679
-3.84009 -3.83657
-3.83331 -3.83633
-3.83751 -3.83601
-3.83395 -3.83581
-3.83487 -3.83562
-3.83679 -3.83535
-3.83052 -3.83512
-3.83212 -3.83507
-3.83282 -3.83501
-3.83313 -3.83471
-3.83328 -3.83444
-3.83144 -3.83413
-3.83685 -3.83376
-3.83154 -3.83363
-3.83234 -3.83352
-3.83079 -3.83326
-3.83295 -3.83298
-3.82992 -3.8326
-3.83752 -3.83212
-3.82864 -3.83181
-3.83007 -3.83116
-3.83229 -3.83109
-3.82836 -3.83086
-3.82941 -3.83011
-3.82846 -3.82969
-3.82697 -3.82946
-3.82696 -3.82903
-3.82844 -3.82897
-3.8262 -3.82829
-3.8294 -3.82805
-3.82632 -3.82777
-3.82644 -3.82735
-3.82486 -3.82701
-3.82288 -3.8267
-3.82313 -3.82638
-3.82381 -3.82609
-3.82429 -3.82576
-3.82433 -3.82544
-3.8251 -3.82512
-3.82457 -3.82502
-3.82165 -3.82483
-3.82503 -3.82464
-3.82113 -3.82441
-3.81941 -3.82394
-3.82176 -3.82386
-3.82097 -3.82334
-3.81983 -3.82314
-3.82084 -3.82278
-3.8193 -3.8227
-3.81906 -3.82252
-3.81709 -3.82223
-3.82263 -3.8221
-3.82041 -3.82193
-3.82476 -3.82179
-3.82214 -3.82166
-3.81676 -3.82136
-3.8205 -3.82094
-3.81592 -3.82076
-3.82088 -3.82057
-3.81817 -3.82039
-3.82104 -3.82012
-3.81993 -3.81991
-3.82001 -3.81944
-3.81815 -3.81934
-3.82298 -3.81911
-3.81377 -3.81887
-3.81342 -3.81867
-3.81679 -3.81853
-3.81226 -3.81791
-3.81435 -3.81762
-3.81291 -3.81665
-3.81465 -3.81624
-3.8124 -3.81588
-3.81478 -3.81579
-3.81598 -3.81557
-3.81257 -3.81536
-3.81415 -3.81515
-3.81356 -3.81493
-3.81533 -3.8147
-3.81454 -3.8146
-3.81203 -3.81433
-3.81389 -3.81379
-3.81084 -3.81361
-3.81313 -3.81345
-3.81057 -3.81324
-3.80739 -3.81296
-3.81086 -3.81276
-3.81017 -3.81239
-3.81538 -3.81213
-3.80993 -3.81201
-3.81015 -3.81173
-3.81745 -3.81163
-3.80746 -3.8113
-3.80853 -3.81109
-3.80962 -3.8109
-3.80842 -3.8106
-3.81139 -3.81033
-3.80436 -3.81023
-3.80907 -3.80983
-3.81151 -3.80965
-3.80833 -3.80928
-3.80739 -3.8091
-3.80884 -3.80883
-3.80818 -3.80848
-3.80543 -3.80815
-3.80881 -3.80791
-3.80624 -3.80762
-3.8087 -3.80733
-3.80754 -3.80711
-3.8059 -3.80664
-3.80578 -3.80646
-3.80557 -3.80606
-3.80386 -3.80596
-3.80621 -3.80575
-3.8059 -3.80531
-3.80534 -3.80518
-3.79977 -3.80472
-3.80876 -3.80462
-3.80838 -3.80436
-3.8018 -3.80409
-3.80331 -3.80398
-3.80247 -3.80371
-3.80152 -3.8035
-3.80042 -3.80317
-3.80196 -3.80266
-3.80258 -3.80258
-3.79904 -3.80238
-3.8081 -3.80209
-3.80262 -3.80169
-3.79934 -3.80123
-3.80046 -3.80101
-3.80033 -3.80066
-3.79774 -3.80052
-3.79738 -3.80029
-3.79898 -3.79989
-3.80156 -3.7997
-3.79842 -3.79961
-3.79721 -3.79922
-3.79707 -3.79897
-3.79936 -3.79861
-3.79527 -3.79839
-3.79934 -3.79782
-3.79736 -3.7976
-3.79545 -3.79748
-3.79757 -3.79718
-3.79572 -3.79698
-3.79531 -3.79686
-3.79253 -3.79663
-3.79367 -3.79646
-3.79334 -3.79629
-3.79305 -3.79613
-3.79288 -3.79608
-3.79495 -3.79595
-3.79546 -3.79573
-3.79495 -3.79544
-3.79409 -3.79481
-3.79251 -3.79448
-3.79293 -3.7941
-3.792 -3.794
-3.79093 -3.7935
-3.7911 -3.79323
-3.79163 -3.79288
-3.79223 -3.7926
-3.78728 -3.79229
-3.79067 -3.79203
-3.7915 -3.79174
-3.79221 -3.79148
-3.78884 -3.79125
-3.78672 -3.79111
-3.7889 -3.79083
-3.78793 -3.7904
-3.78569 -3.78981
-3.78582 -3.78967
-3.78744 -3.78947
-3.78724 -3.78906
-3.78757 -3.78861
-3.78641 -3.78833
-3.7836 -3.78819
-3.79288 -3.78772
-3.78645 -3.78752
-3.78478 -3.78728
-3.78428 -3.78711
-3.7832 -3.78688
-3.78534 -3.78647
-3.78456 -3.7861
-3.78622 -3.78594
-3.78066 -3.78577
-3.78186 -3.78565
-3.78609 -3.78548
-3.78668 -3.78527
-3.78103 -3.78492
-3.78582 -3.78468
-3.78517 -3.78436
-3.78197 -3.784
-3.78311 -3.78384
-3.77866 -3.7836
-3.78484 -3.78345
-3.78323 -3.783
-3.77898 -3.78288
-3.78237 -3.78278
-3.778 -3.7825
-3.77869 -3.78224
-3.78281 -3.78185
-3.77551 -3.78134
-3.77912 -3.78108
-3.77785 -3.78064
-3.78429 -3.78017
-3.77817 -3.78005
-3.77921 -3.77982
-3.77755 -3.77951
-3.77758 -3.77925
-3.78265 -3.77912
-3.77905 -3.77897
-3.77611 -3.77881
-3.78197 -3.7786
-3.77631 -3.77848
-3.7797 -3.77825
-3.77265 -3.77805
-3.77539 -3.77797
-3.77494 -3.7779
-3.77453 -3.77771
-3.77881 -3.77719
-3.77631 -3.77717
-3.77407 -3.77709
-3.77549 -3.77678
-3.77363 -3.77655
-3.77516 -3.77632
-3.77219 -3.77594
-3.77456 -3.77581
-3.77448 -3.77544
-3.7755 -3.77536
-3.77298 -3.77475
-3.77362 -3.7744
-3.77443 -3.77429
-3.77381 -3.77406
-3.77117 -3.77391
-3.76983 -3.7737
-3.77541 -3.77332
-3.77267 -3.773
-3.7771 -3.77278
-3.77228 -3.77275
-3.77162 -3.77256
-3.77334 -3.77213
-3.77291 -3.77199
-3.7737 -3.77182
-3.77133 -3.77156
-3.77025 -3.77116
-3.77057 -3.77082
-3.76883 -3.77068
-3.76667 -3.77059
-3.77199 -3.7704
-3.76678 -3.77009
-3.76827 -3.76987
-3.76819 -3.76964
-3.7668 -3.76955
-3.76904 -3.76922
-3.76467 -3.76912
-3.76947 -3.76892
-3.76766 -3.76866
-3.76742 -3.76822
-3.76699 -3.76743
-3.7647 -3.76713
-3.76143 -3.76706
-3.7643 -3.76677
-3.76214 -3.76657
-3.76502 -3.76638
-3.76725 -3.76605
-3.76521 -3.76562
-3.76373 -3.76529
-3.76339 -3.76512
-3.76256 -3.76507
-3.76719 -3.76495
-3.76134 -3.76477
-3.76724 -3.76459
-3.75848 -3.76408
-3.76246 -3.76394
-3.7627 -3.76382
-3.7634 -3.76326
-3.76911 -3.7631
-3.76453 -3.76267
-3.76456 -3.7625
-3.75795 -3.76205
-3.75873 -3.7618
-3.75909 -3.76172
-3.75975 -3.76135
-3.75741 -3.76128
-3.75745 -3.76099
-3.76386 -3.76084
-3.76034 -3.76077
-3.76228 -3.76068
-3.75858 -3.76057
-3.75836 -3.76016
-3.75752 -3.75979
-3.75857 -3.75958
-3.76138 -3.75945
-3.75721 -3.75931
-3.75924 -3.75917
-3.75848 -3.75897
-3.7632 -3.7588
-3.75725 -3.75863
-3.75436 -3.7583
-3.75747 -3.75779
-3.75712 -3.75735
-3.75693 -3.75716
-3.75286 -3.7571
-3.76223 -3.75675
-3.75515 -3.75637
-3.75704 -3.75601
-3.75503 -3.75577
-3.75053 -3.75533
-3.75152 -3.75519
-3.75198 -3.75484
-3.7556 -3.7546
-3.75774 -3.75443
-3.75673 -3.75429
-3.75649 -3.75409
-3.7497 -3.75391
-3.75122 -3.75346
-3.75624 -3.75335
-3.75364 -3.75319
-3.75121 -3.7531
-3.75399 -3.75292
-3.75042 -3.75272
-3.7522 -3.75257
-3.75409 -3.75239
-3.75251 -3.75225
-3.74901 -3.75199
-3.75004 -3.75172
-3.74612 -3.75163
-3.7468 -3.75147
-3.76004 -3.75137
-3.7549 -3.75117
-3.7482 -3.75107
-3.75106 -3.75047
-3.7467 -3.75028
-3.74907 -3.75005
-3.74927 -3.74985
-3.7469 -3.74974
-3.74699 -3.7497
-3.74721 -3.74959
-3.75406 -3.74948
-3.74918 -3.74907
-3.74849 -3.74895
-3.74143 -3.74882
-3.7474 -3.7487
-3.75124 -3.74828
-3.7503 -3.74804
-3.74396 -3.7479
-3.74295 -3.74758
-3.74517 -3.74723
-3.74733 -3.74689
-3.74673 -3.74666
-3.74307 -3.74628
-3.74019 -3.74609
-3.74652 -3.74546
-3.74749 -3.74538
-3.74392 -3.74524
-3.74346 -3.74498
-3.74466 -3.74468
-3.75053 -3.74445
-3.74105 -3.74428
-3.73635 -3.74401
-3.74493 -3.74395
-3.74203 -3.74374
-3.74177 -3.7436
-3.74057 -3.74346
-3.74496 -3.74316
-3.73814 -3.7428
-3.74181 -3.74261
-3.73902 -3.7422
-3.73983 -3.74197
-3.74406 -3.74159
-3.74168 -3.74143
-3.74208 -3.7411
-3.73943 -3.7407
-3.73917 -3.74043
-3.73781 -3.74018
-3.73804 -3.73983
-3.73796 -3.73965
-3.73952 -3.73942
-3.73942 -3.73927
-3.73664 -3.73907
-3.73779 -3.73897
-3.73951 -3.73841
-3.7366 -3.73787
-3.7383 -3.73772
-3.73751 -3.73757
-3.73605 -3.73716
-3.73828 -3.73681
-3.73505 -3.7366
-3.74191 -3.73648
-3.73821 -3.73606
-3.73295 -3.73581
-3.73211 -3.73513
-3.73429 -3.73477
-3.73516 -3.73454
-3.7298 -3.73432
-3.73495 -3.73376
-3.73235 -3.7333
-3.73348 -3.73326
-3.73831 -3.73296
-3.7331 -3.73265
-3.72933 -3.73233
-3.7305 -3.73211
-3.73571 -3.73207
-3.73282 -3.73176
-3.72812 -3.73147
-3.72824 -3.7309
-3.72527 -3.73067
-3.72734 -3.73051
-3.73203 -3.73035
-3.72915 -3.73025
-3.72579 -3.72995
-3.72964 -3.7297
-3.72388 -3.72884
-3.73045 -3.7287
-3.72399 -3.72845
-3.72656 -3.72821
-3.72999 -3.72779
-3.72133 -3.7276
-3.726 -3.7273
-3.72296 -3.72702
-3.72827 -3.72668
-3.7254 -3.72647
-3.72713 -3.7262
-3.72433 -3.72575
-3.72267 -3.72532
-3.72331 -3.72502
-3.72264 -3.72481
-3.73187 -3.72472
-3.72065 -3.72459
-3.72576 -3.724
-3.72228 -3.72368
-3.72243 -3.72358
-3.72031 -3.72316
-3.72077 -3.72267
-3.72221 -3.72248
-3.72079 -3.72231
-3.71886 -3.72182
-3.72039 -3.72133
-3.71773 -3.72093
-3.7196 -3.72079
-3.72178 -3.72033
-3.72112 -3.72007
-3.71665 -3.71919
-3.7196 -3.71881
-3.71886 -3.7184
-3.71309 -3.71769
-3.71833 -3.71704
-3.71217 -3.71579
-3.71352 -3.71558
-3.71354 -3.71508
-3.71649 -3.71472
-3.70966 -3.71454
-3.71311 -3.71436
-3.71741 -3.71413
-3.7147 -3.71322
-3.71048 -3.71258
-3.71025 -3.71228
-3.71259 -3.7121
-3.7132 -3.71168
-3.70701 -3.71099
-3.7122 -3.71064
-3.71 -3.7104
-3.70682 -3.70993
-3.70805 -3.70886
-3.70695 -3.70853
-3.70565 -3.70818
-3.70459 -3.70704
-3.70785 -3.70636
-3.70646 -3.70583
-3.70435 -3.70539
-3.71021 -3.70435
-3.71063 -3.70366
-3.70407 -3.70348
-3.70281 -3.7032
-3.70269 -3.70268
-3.69797 -3.70067
-3.69498 -3.69933
-3.69755 -3.69851
-3.70727 -3.69689
-3.69534 -3.69594
-3.69196 -3.69532
-3.69627 -3.69413
-3.69307 -3.69253
-3.69045 -3.69059
-3.68662 -3.68871
-3.68627 -3.68753
-3.68798 -3.68713
-3.68507 -3.68577
-3.68164 -3.68495
-3.68228 -3.68125
-3.68278 -3.68032
-3.67882 -3.67792
-3.68125 -3.67586
-3.67608 -3.67454
-3.67929 -3.67179
-3.67035 -3.67139
-3.67242 -3.66902
-3.67283 -3.66528
-3.66456 -3.66463
-3.66299 -3.65916
-3.64441 -3.65167
-3.65971 -3.64757
-3.65449 -3.64314
-3.6424 -3.64119
-3.64558 -3.63809
-3.64527 -3.63635
-3.63182 -3.63088
-3.63313 -3.62397
-3.6266 -3.61609
-3.61427 -3.61449
-3.62161 -3.61187
-3.61743 -3.60732
-3.59638 -3.59571
-3.60223 -3.5922
-3.58211 -3.58439
-3.58196 -3.58317
-3.58871 -3.57684
-3.56844 -3.56094
-3.56732 -3.5579
-3.55498 -3.55291
-3.55043 -3.54402
-3.5306 -3.53358
-3.53237 -3.52262
-3.52001 -3.51211
-3.47927 -3.47149
-3.42453 -3.44682
-3.41641 -3.41528
-3.40448 -3.40081
-3.37175 -3.36115
-3.32886 -3.33361
-3.30543 -3.31109
-3.2113 -3.2095
-4.06315 -4.06357
-4.06294 -4.0633
-4.06276 -4.06314
-4.06272 -4.06308
-4.06261 -4.06297
-4.06248 -4.06271
-4.06229 -4.06264
-4.06202 -4.06226
-4.06339 -4.06196
-4.06042 -4.06081
-4.05998 -4.06028
-4.05876 -4.05878
-4.05705 -4.05734
-4.05691 -4.05709
-4.05706 -4.05621
-4.05648 -4.05578
-4.0549 -4.05525
-4.05302 -4.05313
-4.05016 -4.05022
-4.04659 -4.04461
-4.04438 -4.04423
-4.04455 -4.04301
-4.04096 -4.04068
-4.03717 -4.03753
-4.03701 -4.03735
-4.03672 -4.03703
-4.03665 -4.03695
-4.03654 -4.03683
-4.03645 -4.03673
-4.03609 -4.03636
-4.03727 -4.03616
-4.03575 -4.03616
-4.03558 -4.03595
-4.03535 -4.0354
-4.03413 -4.03422
-4.03326 -4.03361
-4.03311 -4.0334
-4.03263 -4.03258
-4.03126 -4.03147
-4.02997 -4.03028
-4.02946 -4.029
-4.02765 -4.02799
-4.02583 -4.02604
-4.0235 -4.02387
-4.02283 -4.02316
-4.02104 -4.02051
-4.02069 -4.01926
-4.01898 -4.01785
-4.01448 -4.01459
-4.01223 -4.0123
-4.01207 -4.01218
-4.01204 -4.01205
-4.01191 -4.01195
-4.01159 -4.01157
-4.0125 -4.01157
-4.01142 -4.01146
-4.01072 -4.01081
-4.01057 -4.01065
-4.01009 -4.01028
-4.00977 -4.00935
-4.00826 -4.00829
-4.00835 -4.00801
-4.00744 -4.00734
-4.00716 -4.00664
-4.00639 -4.00641
-4.00603 -4.00588
-4.0052 -4.00487
-4.00373 -4.00386
-4.005 -4.00263
-4.00145 -4.00123
-3.99902 -3.99884
-3.9975 -3.9972
-4.00015 -3.99548
-3.99527 -3.9951
-3.99525 -3.99483
-3.99441 -3.9936
-3.99238 -3.9921
-3.98831 -3.98539
-3.98397 -3.98398
-3.9838 -3.98379
-3.98369 -3.9837
-3.98409 -3.98356
-3.98347 -3.98354
-3.98559 -3.98349
-3.98345 -3.98342
-3.98322 -3.9833
-3.9826 -3.98256
-3.9822 -3.98215
-3.98148 -3.9815
-3.98078 -3.98049
-3.97988 -3.97985
-3.97925 -3.9792
-3.97842 -3.97853
-3.97783 -3.97775
-3.97747 -3.97733
-3.97695 -3.97669
-3.97523 -3.97471
-3.974 -3.97408
-3.97358 -3.97329
-3.97214 -3.97201
-3.97255 -3.9707
-3.9716 -3.96946
-3.96823 -3.96739
-3.96627 -3.96724
-3.96631 -3.966
-3.96877 -3.96329
-3.96178 -3.96201
-3.96384 -3.96138
-3.96018 -3.96044
-3.96018 -3.96042
-3.96012 -3.96033
-3.95985 -3.96015
-3.95979 -3.95993
-3.96398 -3.95986
-3.95936 -3.95956
-3.95911 -3.9594
-3.95903 -3.95914
-3.95872 -3.95889
-3.95809 -3.95827
-3.95737 -3.95746
-3.95694 -3.95723
-3.95664 -3.95695
-3.95644 -3.9566
-3.95575 -3.95549
-3.95416 -3.95445
-3.95348 -3.95368
-3.95235 -3.95288
-3.95043 -3.95062
-3.94917 -3.94958
-3.94855 -3.94905
-3.95121 -3.94795
-3.94657 -3.9471
-3.94436 -3.94438
-3.94343 -3.94395
-3.94266 -3.94311
-3.94213 -3.94234
-3.93983 -3.94021
-3.93971 -3.93795
-3.9375 -3.93781
-3.94263 -3.93765
-3.93714 -3.93753
-3.93703 -3.93741
-3.93693 -3.93734
-3.93678 -3.93712
-3.93665 -3.93703
-3.93647 -3.93688
-3.93644 -3.93674
-3.93613 -3.93648
-3.93532 -3.93568
-3.93464 -3.9348
-3.93328 -3.9338
-3.93245 -3.93286
-3.93687 -3.9316
-3.93101 -3.9314
-3.92996 -3.93041
-3.92969 -3.93024
-3.93033 -3.92879
-3.92778 -3.9282
-3.92712 -3.92728
-3.92527 -3.92602
-3.93293 -3.92552
-3.92362 -3.92436
-3.92261 -3.92342
-3.92734 -3.92288
-3.92151 -3.9223
-3.92179 -3.92219
-3.92259 -3.9214
-3.91999 -3.92093
-3.9193 -3.91953
-3.91409 -3.91493
-3.91391 -3.91456
-3.91505 -3.91217
-3.91209 -3.91153
-3.90998 -3.91081
-3.9078 -3.90811
-3.90749 -3.90582
-3.90856 -3.90195
-3.90322 -3.9007
-3.9006 -3.89938
-3.90125 -3.89695
-3.89547 -3.89512
-3.89127 -3.89302
-3.89327 -3.89162
-3.88879 -3.88942
-3.89032 -3.88636
-3.8797 -3.88204
-3.88569 -3.87937
-3.8777 -3.879
-3.87864 -3.87797
-3.87507 -3.87486
-3.87553 -3.87344
-3.87664 -3.87222
-3.87279 -3.87068
-3.86781 -3.86885
-3.86652 -3.86835
-3.86923 -3.86735
-3.86859 -3.86649
-3.86618 -3.8652
-3.86667 -3.86476
-3.86501 -3.86296
-3.85812 -3.8621
-3.86333 -3.8598
-3.85466 -3.85839
-3.85713 -3.85704
-3.85587 -3.85641
-3.85418 -3.85602
-3.85572 -3.85575
-3.85066 -3.85534
-3.85225 -3.85393
-3.84803 -3.85352
-3.85281 -3.85296
-3.85137 -3.85201
-3.85525 -3.85178
-3.85208 -3.85157
-3.84653 -3.85106
-3.8527 -3.85091
-3.85275 -3.84896
-3.85254 -3.84858
-3.85218 -3.84813
-3.84593 -3.84794
-3.84247 -3.84773
-3.84299 -3.84694
-3.84825 -3.8466
-3.84577 -3.84636
-3.84496 -3.84608
-3.84378 -3.84527
-3.84471 -3.84482
-3.84035 -3.84368
-3.83832 -3.84337
-3.84424 -3.84269
-3.8403 -3.8421
-3.83929 -3.8418
-3.83682 -3.84118
-3.84223 -3.84094
-3.84148 -3.84087
-3.83957 -3.84042
-3.83594 -3.83967
-3.8365 -3.83919
-3.83472 -3.83895
-3.83841 -3.83841
-3.83915 -3.83789
-3.83654 -3.83772
-3.84042 -3.83743
-3.83604 -3.83694
-3.83449 -3.83677
-3.83315 -3.83644
-3.83535 -3.83624
-3.83499 -3.836
-3.8324 -3.83581
-3.83336 -3.8354
-3.83319 -3.83532
-3.8305 -3.83511
-3.83151 -3.83506
-3.83653 -3.83472
-3.83668 -3.83464
-3.83379 -3.83415
-3.83571 -3.8341
-3.83045 -3.83375
-3.83367 -3.8336
-3.83262 -3.83343
-3.83144 -3.83326
-3.83178 -3.8327
-3.8317 -3.83237
-3.83701 -3.83211
-3.83412 -3.83171
-3.82966 -3.83114
-3.8294 -3.83103
-3.8311 -3.83063
-3.82915 -3.82998
-3.82757 -3.82955
-3.82563 -3.82945
-3.82736 -3.82901
-3.82848 -3.82885
-3.82601 -3.82825
-3.82351 -3.82778
-3.82695 -3.82745
-3.83095 -3.82729
-3.82864 -3.82682
-3.82681 -3.82662
-3.82414 -3.82629
-3.82489 -3.82597
-3.82247 -3.82558
-3.82063 -3.82542
-3.82475 -3.82512
-3.82515 -3.825
-3.82313 -3.82478
-3.82362 -3.82464
-3.82609 -3.8244
-3.82312 -3.82387
-3.82512 -3.8235
-3.82587 -3.82325
-3.81986 -3.82307
-3.82043 -3.82277
-3.8193 -3.82269
-3.82068 -3.82251
-3.81966 -3.82222
-3.82179 -3.8221
-3.82185 -3.82184
-3.82468 -3.82175
-3.82076 -3.82159
-3.81775 -3.82124
-3.82106 -3.82094
-3.81615 -3.82061
-3.82067 -3.82046
-3.81874 -3.82027
-3.81767 -3.82005
-3.81871 -3.81974
-3.81881 -3.81941
-3.82023 -3.81927
-3.81682 -3.81899
-3.82166 -3.81872
-3.81732 -3.81863
-3.81901 -3.81831
-3.81418 -3.81789
-3.81296 -3.81728
-3.81631 -3.81635
-3.81405 -3.81613
-3.81262 -3.81585
-3.81731 -3.81576
-3.81316 -3.81546
-3.81524 -3.81534
-3.81145 -3.81501
-3.81016 -3.81479
-3.81366 -3.81469
-3.81708 -3.81451
-3.81102 -3.81431
-3.81141 -3.81371
-3.81534 -3.81353
-3.80914 -3.81325
-3.81578 -3.81312
-3.81225 -3.81294
-3.80732 -3.81273
-3.80966 -3.81228
-3.81359 -3.81209
-3.80766 -3.81184
-3.81621 -3.81172
-3.81621 -3.8116
-3.81044 -3.81123
-3.81001 -3.81108
-3.8153 -3.81084
-3.80942 -3.8106
-3.80767 -3.81031
-3.80899 -3.80999
-3.81112 -3.80982
-3.80564 -3.80935
-3.81129 -3.80919
-3.80915 -3.80896
-3.80673 -3.80869
-3.80448 -3.80836
-3.80522 -3.80807
-3.80928 -3.80787
-3.8029 -3.80753
-3.80751 -3.80721
-3.80499 -3.80702
-3.80458 -3.80654
-3.8078 -3.80642
-3.80697 -3.80602
-3.80447 -3.8059
-3.80324 -3.80551
-3.80418 -3.80523
-3.80557 -3.80507
-3.80258 -3.80466
-3.80374 -3.80456
-3.80469 -3.80422
-3.80515 -3.80407
-3.80287 -3.80373
-3.79827 -3.8036
-3.80369 -3.80336
-3.80255 -3.80308
-3.80508 -3.80264
-3.80296 -3.8025
-3.80237 -3.80231
-3.80207 -3.80174
-3.80483 -3.8016
-3.80029 -3.80123
-3.80005 -3.801
-3.79676 -3.80064
-3.79848 -3.80052
-3.79942 -3.80023
-3.80152 -3.79978
-3.80273 -3.79966
-3.79842 -3.79961
-3.79979 -3.79921
-3.79593 -3.79878
-3.7979 -3.79854
-3.79565 -3.79831
-3.79693 -3.79775
-3.79708 -3.79758
-3.79591 -3.79745
-3.79867 -3.79711
-3.79431 -3.79694
-3.79575 -3.79675
-3.80486 -3.7966
-3.79758 -3.79639
-3.79962 -3.79625
-3.79323 -3.79612
-3.79716 -3.79604
-3.78898 -3.79587
-3.79485 -3.7957
-3.79325 -3.79528
-3.79556 -3.7948
-3.79772 -3.79441
-3.79675 -3.79406
-3.79565 -3.79379
-3.79347 -3.79347
-3.79359 -3.79316
-3.7893 -3.79277
-3.78865 -3.79251
-3.7954 -3.79207
-3.79415 -3.79202
-3.79109 -3.79171
-3.79385 -3.79145
-3.79005 -3.79122
-3.78834 -3.79095
-3.78897 -3.79066
-3.79076 -3.7901
-3.7911 -3.78977
-3.78722 -3.78949
-3.78888 -3.78925
-3.78841 -3.78904
-3.78853 -3.7885
-3.79468 -3.7883
-3.78629 -3.78783
-3.79041 -3.78765
-3.78701 -3.78742
-3.78943 -3.78724
-3.78586 -3.78697
-3.78569 -3.78667
-3.78578 -3.78638
-3.7846 -3.78601
-3.7843 -3.78593
-3.78517 -3.78571
-3.78062 -3.78553
-3.78504 -3.78545
-3.78459 -3.78526
-3.78327 -3.78486
-3.78456 -3.78454
-3.78161 -3.78419
-3.78233 -3.784
-3.77992 -3.78379
-3.78296 -3.78358
-3.78183 -3.78312
-3.78244 -3.7829
-3.78388 -3.78286
-3.78126 -3.78263
-3.78257 -3.78247
-3.77781 -3.78216
-3.77828 -3.78175
-3.78141 -3.78117
-3.77897 -3.78104
-3.7762 -3.78059
-3.78297 -3.78011
-3.77653 -3.77993
-3.77637 -3.77979
-3.77607 -3.77936
-3.77741 -3.77924
-3.77905 -3.77903
-3.77458 -3.77892
-3.77618 -3.77869
-3.77794 -3.77856
-3.78373 -3.77846
-3.78249 -3.77824
-3.77859 -3.778
-3.77586 -3.77796
-3.77857 -3.77788
-3.77861 -3.77768
-3.7741 -3.77718
-3.7828 -3.77716
-3.77196 -3.77688
-3.77383 -3.77671
-3.77404 -3.77646
-3.77763 -3.77629
-3.77615 -3.7759
-3.77612 -3.77557
-3.77509 -3.77542
-3.77148 -3.77524
-3.77494 -3.77457
-3.77381 -3.77437
-3.77087 -3.77415
-3.77036 -3.77399
-3.77396 -3.77377
-3.76982 -3.77352
-3.77445 -3.77328
-3.76856 -3.77297
-3.77303 -3.77277
-3.77067 -3.77275
-3.77344 -3.77251
-3.77417 -3.7721
-3.77412 -3.77197
-3.77544 -3.77178
-3.77047 -3.77136
-3.77018 -3.77088
-3.77026 -3.7708
-3.76741 -3.77064
-3.76812 -3.77051
-3.76836 -3.77037
-3.76923 -3.77
-3.76976 -3.76982
-3.77133 -3.76956
-3.76966 -3.76951
-3.76479 -3.76919
-3.76787 -3.76909
-3.76749 -3.76881
-3.77049 -3.76844
-3.76651 -3.76821
-3.76471 -3.76743
-3.76599 -3.76712
-3.76551 -3.76702
-3.76631 -3.76671
-3.76474 -3.76653
-3.76495 -3.76627
-3.76855 -3.76583
-3.76763 -3.76554
-3.76323 -3.76524
-3.76058 -3.76511
-3.76487 -3.76501
-3.7655 -3.76489
-3.76366 -3.76471
-3.76185 -3.76446
-3.76837 -3.76399
-3.76431 -3.76393
-3.75798 -3.7636
-3.76042 -3.76323
-3.76014 -3.76307
-3.75998 -3.76259
-3.75682 -3.76235
-3.76477 -3.76203
-3.75978 -3.7618
-3.75944 -3.76171
-3.76098 -3.76135
-3.76173 -3.761
-3.76384 -3.76097
-3.76221 -3.7608
-3.75878 -3.76072
-3.76109 -3.76065
-3.76052 -3.7603
-3.75824 -3.75983
-3.75987 -3.75977
-3.75791 -3.75954
-3.75492 -3.75942
-3.76045 -3.75924
-3.75857 -3.75914
-3.76154 -3.75882
-3.75794 -3.75877
-3.75759 -3.75862
-3.75825 -3.75816
-3.75595 -3.75749
-3.7548 -3.75734
-3.75671 -3.75714
-3.75879 -3.75708
-3.75617 -3.75646
-3.75291 -3.75632
-3.7563 -3.75591
-3.7576 -3.75556
-3.75735 -3.75526
-3.74739 -3.75511
-3.75421 -3.75467
-3.75133 -3.75457
-3.75832 -3.75439
-3.75359 -3.75424
-3.75507 -3.75406
-3.75333 -3.75383
-3.75159 -3.75345
-3.7514 -3.75334
-3.75127 -3.75315
-3.75209 -3.75302
-3.74653 -3.75288
-3.75007 -3.75271
-3.74837 -3.75251
-3.75022 -3.75238
-3.74813 -3.75223
-3.7526 -3.75194
-3.75176 -3.7517
-3.75011 -3.75158
-3.75029 -3.75146
-3.7512 -3.75131
-3.75188 -3.75112
-3.74961 -3.75083
-3.74907 -3.75046
-3.75566 -3.7502
-3.75077 -3.75
-3.74913 -3.74979
-3.74673 -3.74973
-3.74811 -3.74967
-3.75143 -3.74957
-3.7486 -3.74947
-3.74835 -3.74906
-3.74828 -3.74895
-3.74674 -3.74879
-3.75134 -3.74865
-3.74817 -3.74822
-3.748 -3.74792
-3.74807 -3.74787
-3.74337 -3.74744
-3.74303 -3.74722
-3.74977 -3.74677
-3.7465 -3.74645
-3.74296 -3.74622
-3.7507 -3.74605
-3.74498 -3.74542
-3.74562 -3.74528
-3.74319 -3.74519
-3.74665 -3.74473
-3.74445 -3.74454
-3.74228 -3.74431
-3.74114 -3.74427
-3.74585 -3.744
-3.74361 -3.74381
-3.74311 -3.74368
-3.74228 -3.74353
-3.74112 -3.74345
-3.74478 -3.743
-3.74145 -3.74279
-3.7385 -3.74242
-3.74101 -3.74211
-3.74657 -3.74185
-3.74207 -3.74156
-3.73894 -3.74134
-3.73991 -3.74083
-3.74197 -3.74061
-3.73871 -3.74038
-3.74122 -3.73996
-3.73786 -3.73982
-3.74165 -3.73953
-3.74166 -3.73941
-3.73968 -3.73913
-3.74259 -3.73906
-3.73666 -3.73881
-3.73419 -3.73816
-3.735 -3.73783
-3.73083 -3.73769
-3.73685 -3.73752
-3.73695 -3.73689
-3.7343 -3.7368
-3.73633 -3.73655
-3.73369 -3.73631
-3.74191 -3.73588
-3.73438 -3.73564
-3.73753 -3.73509
-3.73004 -3.73473
-3.73349 -3.73443
-3.7338 -3.7341
-3.73374 -3.73367
-3.73105 -3.73327
-3.73095 -3.73324
-3.73446 -3.73288
-3.73132 -3.73255
-3.73072 -3.73223
-3.73273 -3.7321
-3.73132 -3.73195
-3.73273 -3.73164
-3.72936 -3.73104
-3.73057 -3.73085
-3.72827 -3.73067
-3.7273 -3.73041
-3.72726 -3.73033
-3.73445 -3.73015
-3.72639 -3.72993
-3.72441 -3.72944
-3.72587 -3.72873
-3.72831 -3.72867
-3.73041 -3.72832
-3.7321 -3.72815
-3.7279 -3.72763
-3.72899 -3.72756
-3.72841 -3.72728
-3.72631 -3.72685
-3.72228 -3.72663
-3.72612 -3.72645
-3.72397 -3.7259
-3.72503 -3.72558
-3.72087 -3.72527
-3.72486 -3.72502
-3.72411 -3.7248
-3.72248 -3.72468
-3.7219 -3.72456
-3.72353 -3.72396
-3.72734 -3.72367
-3.722 -3.72342
-3.71993 -3.72279
-3.72232 -3.72265
-3.71881 -3.72237
-3.72136 -3.72226
-3.72251 -3.7218
-3.71863 -3.72132
-3.71971 -3.7209
-3.71729 -3.72058
-3.72375 -3.72024
-3.71945 -3.71947
-3.72512 -3.71901
-3.72296 -3.71851
-3.71835 -3.71817
-3.71592 -3.71723
-3.71724 -3.71634
-3.71911 -3.71578
-3.71668 -3.71554
-3.71274 -3.71506
-3.71481 -3.7147
-3.71932 -3.71452
-3.71223 -3.71418
-3.71658 -3.71346
-3.71291 -3.71296
-3.72825 -3.71235
-3.7166 -3.71227
-3.71474 -3.71194
-3.70991 -3.71161
-3.71136 -3.71089
-3.70774 -3.71056
-3.70596 -3.71008
-3.71597 -3.70977
-3.70808 -3.70883
-3.70609 -3.70847
-3.71224 -3.7076
-3.70636 -3.70693
-3.70513 -3.7063
-3.70937 -3.70579
-3.70813 -3.70535
-3.70482 -3.70399
-3.70257 -3.70364
-3.70283 -3.70325
-3.70497 -3.70281
-3.70329 -3.70152
-3.7027 -3.70062
-3.70212 -3.69932
-3.69093 -3.6975
-3.70043 -3.6966
-3.70365 -3.69579
-3.69527 -3.69453
-3.69374 -3.6937
-3.69369 -3.69246
-3.68847 -3.68983
-3.68997 -3.68849
-3.68964 -3.6873
-3.68792 -3.6869
-3.68606 -3.68549
-3.68522 -3.68458
-3.68291 -3.68124
-3.68221 -3.67968
-3.6764 -3.6776
-3.67847 -3.67567
-3.68607 -3.67437
-3.67568 -3.67177
-3.67324 -3.6702
-3.66489 -3.6667
-3.66339 -3.66525
-3.67471 -3.66265
-3.66341 -3.65815
-3.65102 -3.64874
-3.65124 -3.6462
-3.65407 -3.64283
-3.6442 -3.64012
-3.64528 -3.63678
-3.63871 -3.6335
-3.62953 -3.62657
-3.62861 -3.6218
-3.62762 -3.61593
-3.61414 -3.61413
-3.614 -3.60901
-3.61367 -3.6023
-3.60245 -3.59435
-3.59896 -3.58697
-3.58163 -3.58369
-3.5862 -3.57952
-3.57931 -3.57127
-3.57201 -3.55888
-3.55592 -3.55785
-3.55578 -3.54701
-3.5306 -3.53416
-3.54106 -3.52945
-3.52744 -3.51597
-3.50361 -3.50042
-3.46799 -3.46256
-3.43661 -3.42923
-3.42406 -3.41424
-3.39787 -3.39736
-3.35898 -3.35629
-3.33361 -3.32375
-3.27368 -3.26535
-3.16914 -3.18015
