==============================================
 Job start time : Wed Apr  8 12:56:45 IST 2026
 Hostname       : rmgpu010
 SLURM Job ID   : 254568
==============================================
=== CUDA SOFTWARE STACK ===
/home/apps/cuda-12.0/bin/nvcc
nvcc: NVIDIA (R) Cuda compiler driver
Copyright (c) 2005-2022 NVIDIA Corporation
Built on Mon_Oct_24_19:12:58_PDT_2022
Cuda compilation tools, release 12.0, V12.0.76
Build cuda_12.0.r12.0/compiler.31968024_0
Wed Apr  8 12:56:47 2026       
+-----------------------------------------------------------------------------------------+
| NVIDIA-SMI 550.54.14              Driver Version: 550.54.14      CUDA Version: 12.4     |
|-----------------------------------------+------------------------+----------------------+
| GPU  Name                 Persistence-M | Bus-Id          Disp.A | Volatile Uncorr. ECC |
| Fan  Temp   Perf          Pwr:Usage/Cap |           Memory-Usage | GPU-Util  Compute M. |
|                                         |                        |               MIG M. |
|=========================================+========================+======================|
|   0  NVIDIA A100 80GB PCIe          Off |   00000000:3B:00.0 Off |                    0 |
| N/A   65C    P0            240W /  300W |    1781MiB /  81920MiB |    100%      Default |
|                                         |                        |             Disabled |
+-----------------------------------------+------------------------+----------------------+
|   1  NVIDIA A100 80GB PCIe          Off |   00000000:5E:00.0 Off |                    0 |
| N/A   38C    P0             68W /  300W |       0MiB /  81920MiB |      2%      Default |
|                                         |                        |             Disabled |
+-----------------------------------------+------------------------+----------------------+
                                                                                         
+-----------------------------------------------------------------------------------------+
| Processes:                                                                              |
|  GPU   GI   CI        PID   Type   Process name                              GPU Memory |
|        ID   ID                                                               Usage      |
|=========================================================================================|
|    0   N/A  N/A    554515      C   ...neharajput/software/GPUMD/src/gpumd       1772MiB |
+-----------------------------------------------------------------------------------------+

=== GPU TOPOLOGY ===
	[4mGPU0	GPU1	NIC0	CPU Affinity	NUMA Affinity	GPU NUMA ID[0m
GPU0	 X 	SYS	SYS	0-23	0		N/A
GPU1	SYS	 X 	SYS	0-23	0		N/A
NIC0	SYS	SYS	 X 				

Legend:

  X    = Self
  SYS  = Connection traversing PCIe as well as the SMP interconnect between NUMA nodes (e.g., QPI/UPI)
  NODE = Connection traversing PCIe as well as the interconnect between PCIe Host Bridges within a NUMA node
  PHB  = Connection traversing PCIe as well as a PCIe Host Bridge (typically the CPU)
  PXB  = Connection traversing multiple PCIe bridges (without traversing the PCIe Host Bridge)
  PIX  = Connection traversing at most a single PCIe bridge
  NV#  = Connection traversing a bonded set of # NVLinks

NIC Legend:

  NIC0: mlx5_0


=== MIG STATUS ===
GPU 0: NVIDIA A100 80GB PCIe (UUID: GPU-69a9cbee-5b19-1188-aa2f-99fdd3258fd0)
GPU 1: NVIDIA A100 80GB PCIe (UUID: GPU-42af5253-ed85-afb4-d55d-db3fcc2ca8d0)
    MIG Mode
        Current                           : Disabled
        Pending                           : Disabled
    Accounting Mode                       : Disabled
    Accounting Mode Buffer Size           : 4000
    Driver Model
        Current                           : N/A
        Pending                           : N/A
    Serial Number                         : 1650724021020
    GPU UUID                              : GPU-69a9cbee-5b19-1188-aa2f-99fdd3258fd0
    Minor Number                          : 0
    MIG Mode
        Current                           : Disabled
        Pending                           : Disabled
    Accounting Mode                       : Disabled
    Accounting Mode Buffer Size           : 4000
    Driver Model
        Current                           : N/A
        Pending                           : N/A
    Serial Number                         : 1650724021662
    GPU UUID                              : GPU-42af5253-ed85-afb4-d55d-db3fcc2ca8d0
    Minor Number                          : 1

=== DETAILED GPU INFO ===
Failed to parse --display/-d flags

=== CLOCKS & POWER ===
index, name, pstate, clocks.current.sm [MHz], clocks.current.memory [MHz], clocks.current.graphics [MHz], clocks.max.sm [MHz], clocks.max.memory [MHz], power.limit [W], power.draw [W]
0, NVIDIA A100 80GB PCIe, P0, 1410 MHz, 1512 MHz, 1410 MHz, 1410 MHz, 1512 MHz, 300.00 W, 241.61 W
1, NVIDIA A100 80GB PCIe, P0, 1410 MHz, 1512 MHz, 1410 MHz, 1410 MHz, 1512 MHz, 300.00 W, 67.92 W

=== ENVIRONMENT VARIABLES ===
CUDA_VISIBLE_DEVICES=1
LD_LIBRARY_PATH=/home/apps/cuda-12.0/lib64:/home/apps/spack/opt/spack/linux-almalinux8-skylake_avx512/gcc-8.5.0/gcc-14.2.0-777kyuf4vkkigdgkahtpexd4ciudue6t/lib:/home/apps/spack/opt/spack/linux-almalinux8-skylake_avx512/gcc-8.5.0/gcc-14.2.0-777kyuf4vkkigdgkahtpexd4ciudue6t/lib64:/home/apps/spack/opt/spack/linux-almalinux8-skylake_avx512/gcc-8.5.0/mpc-1.3.1-qiu6dv2oinirue455thv2d7orovs35j2/lib:/home/apps/spack/opt/spack/linux-almalinux8-skylake_avx512/gcc-8.5.0/mpfr-4.2.1-wvjtu4c4lry3wbwergifwdmvtpxc5kbx/lib:/home/apps/spack/opt/spack/linux-almalinux8-skylake_avx512/gcc-8.5.0/gmp-6.3.0-4gikgahplgp7q2zncrx7qaw36pggcu32/lib:/home/apps/spack/opt/spack/linux-almalinux8-skylake_avx512/gcc-8.5.0/binutils-2.43.1-kdsptcvu47ycjbjvxd5jxc3forasqox2/lib:/home/apps/spack/opt/spack/linux-almalinux8-skylake_avx512/gcc-8.5.0/zstd-1.5.6-fg5aduuvpbenkjrxckapajfxgpfm4w7d/lib:/home/apps/spack/opt/spack/linux-almalinux8-skylake_avx512/gcc-8.5.0/zlib-ng-2.2.1-orhazg6c76zhyghao4pyloosvciayj2k/lib:/home/apps/spack/opt/spack/linux-almalinux8-skylake_avx512/gcc-8.5.0/gcc-runtime-8.5.0-cqzkmjoidtgywj4bmkt5p5yhh4rlrbbu/lib:/home/IITB/multiscale-mechanics/amit.k.singh/software/builds/plumed/lib::
PATH=/home/apps/cuda-12.0/bin:/home/apps/spack/opt/spack/linux-almalinux8-skylake_avx512/gcc-8.5.0/gcc-14.2.0-777kyuf4vkkigdgkahtpexd4ciudue6t/bin:/home/apps/spack/opt/spack/linux-almalinux8-skylake_avx512/gcc-8.5.0/binutils-2.43.1-kdsptcvu47ycjbjvxd5jxc3forasqox2/bin:/home/IITB/multiscale-mechanics/amit.k.singh/software/builds/plumed/bin:/home/IITB/multiscale-mechanics/amit.k.singh/software/installed/vmd/bin:/home/IITB/multiscale-mechanics/amit.k.singh/software/builds/GPUMD/src:/home/IITB/multiscale-mechanics/amit.k.singh/anaconda3/bin:/home/IITB/multiscale-mechanics/amit.k.singh/anaconda3/condabin:/home/apps/spack/bin:/home/IITB/multiscale-mechanics/amit.k.singh/.local/bin:/home/IITB/multiscale-mechanics/amit.k.singh/bin:/usr/local/bin:/usr/bin:/usr/local/sbin:/usr/sbin:/var/lib/snapd/snap/bin

=== Starting GPU monitor ===
=== Starting GPUMD ===
Start time: Wed Apr  8 12:57:04 IST 2026
GPUMD exit code: 0
End time: Thu Apr  9 11:18:40 IST 2026
=== FINAL GPU STATE ===
Thu Apr  9 11:18:43 2026       
+-----------------------------------------------------------------------------------------+
| NVIDIA-SMI 550.54.14              Driver Version: 550.54.14      CUDA Version: 12.4     |
|-----------------------------------------+------------------------+----------------------+
| GPU  Name                 Persistence-M | Bus-Id          Disp.A | Volatile Uncorr. ECC |
| Fan  Temp   Perf          Pwr:Usage/Cap |           Memory-Usage | GPU-Util  Compute M. |
|                                         |                        |               MIG M. |
|=========================================+========================+======================|
|   0  NVIDIA A100 80GB PCIe          Off |   00000000:3B:00.0 Off |                    0 |
| N/A   44C    P0             89W /  300W |   16827MiB /  81920MiB |     43%      Default |
|                                         |                        |             Disabled |
+-----------------------------------------+------------------------+----------------------+
|   1  NVIDIA A100 80GB PCIe          Off |   00000000:5E:00.0 Off |                    0 |
| N/A   60C    P0             86W /  300W |       0MiB /  81920MiB |      2%      Default |
|                                         |                        |             Disabled |
+-----------------------------------------+------------------------+----------------------+
                                                                                         
+-----------------------------------------------------------------------------------------+
| Processes:                                                                              |
|  GPU   GI   CI        PID   Type   Process name                              GPU Memory |
|        ID   ID                                                               Usage      |
|=========================================================================================|
|    0   N/A  N/A    600464      C   ...79/anaconda3/envs/tf2_15/bin/python      16818MiB |
+-----------------------------------------------------------------------------------------+

==============================================
 Job finished at: Thu Apr  9 11:18:44 IST 2026
==============================================
