-0.498 -0.000900046 0.000283852
-0.496 -0.00364664 0.00113074
-0.494 -0.00830175 0.00252915
-0.492 -0.0149172 0.00446158
-0.49 -0.0235349 0.00690461
-0.488 -0.034187 0.00982908
-0.486 -0.0468963 0.0132002
-0.484 -0.0616764 0.0169778
-0.482 -0.0785322 0.0211163
-0.48 -0.0974599 0.0255654
-0.478 -0.118448 0.0302699
-0.476 -0.141477 0.0351703
-0.474 -0.16652 0.0402029
-0.472 -0.193543 0.0453003
-0.47 -0.222506 0.0503916
-0.468 -0.253364 0.0554031
-0.466 -0.286064 0.0602582
-0.464 -0.320549 0.0648783
-0.462 -0.356758 0.0691828
-0.46 -0.394624 0.07309
-0.458 -0.434077 0.076517
-0.456 -0.475044 0.0793806
-0.454 -0.517447 0.0815977
-0.452 -0.561207 0.0830854
-0.45 -0.606242 0.083762
-0.448 -0.652468 0.083547
-0.446 -0.699798 0.0823617
-0.444 -0.748146 0.08013
-0.442 -0.797422 0.0767783
-0.44 -0.847537 0.0722362
-0.438 -0.898401 0.0664371
-0.436 -0.949923 0.0593183
-0.434 -1.00201 0.0508217
-0.432 -1.05457 0.0408939
-0.43 -1.10752 0.0294869
-0.428 -1.16075 0.0165583
-0.426 -1.21419 0.00207168
-0.424 -1.26774 -0.0140032
-0.422 -1.3213 -0.0316897
-0.42 -1.37478 -0.0510046
-0.418 -1.4281 -0.0719571
-0.416 -1.48116 -0.0945493
-0.414 -1.53388 -0.118775
-0.412 -1.58615 -0.144622
-0.41 -1.63788 -0.172067
-0.408 -1.68899 -0.20108
-0.406 -1.73937 -0.231624
-0.404 -1.78894 -0.26365
-0.402 -1.83759 -0.297105
-0.4 -1.88524 -0.331922
-0.398 -1.93177 -0.368031
-0.396 -1.97708 -0.405347
-0.394 -2.02108 -0.443782
-0.392 -2.06366 -0.483236
-0.39 -2.1047 -0.523601
-0.388 -2.1441 -0.56476
-0.386 -2.18174 -0.606589
-0.384 -2.21749 -0.648954
-0.382 -2.25125 -0.691713
-0.38 -2.28287 -0.734717
-0.378 -2.31223 -0.777808
-0.376 -2.33919 -0.820823
-0.374 -2.36361 -0.863588
-0.372 -2.38535 -0.905925
-0.37 -2.40426 -0.947649
-0.368 -2.42018 -0.988567
-0.366 -2.43296 -1.02848
-0.364 -2.44244 -1.0672
-0.362 -2.44844 -1.1045
-0.36 -2.45079 -1.14017
-0.358 -2.44933 -1.17401
-0.356 -2.44387 -1.20579
-0.354 -2.43424 -1.2353
-0.352 -2.42024 -1.26231
-0.35 -2.40169 -1.28659
-0.348 -2.37841 -1.30793
-0.346 -2.35021 -1.32611
-0.344 -2.3169 -1.34089
-0.342 -2.27829 -1.35206
-0.34 -2.23419 -1.35941
-0.338 -2.18444 -1.36272
-0.336 -2.12883 -1.36179
-0.334 -2.06721 -1.3564
-0.332 -1.9994 -1.34637
-0.33 -1.92524 -1.33151
-0.328 -1.84458 -1.31164
-0.326 -1.75726 -1.28658
-0.324 -1.66316 -1.25618
-0.322 -1.56215 -1.22028
-0.32 -1.45412 -1.17875
-0.318 -1.33898 -1.13146
-0.316 -1.21663 -1.0783
-0.314 -1.08701 -1.01917
-0.312 -0.950082 -0.95399
-0.31 -0.805803 -0.88269
-0.308 -0.654164 -0.805218
-0.306 -0.495171 -0.72154
-0.304 -0.328852 -0.631638
-0.302 -0.155258 -0.53551
-0.3 0.0255414 -0.433175
-0.298 0.213451 -0.324668
-0.296 0.408355 -0.210042
-0.294 0.610112 -0.0893711
-0.292 0.818559 0.0372555
-0.29 1.03351 0.169728
-0.288 1.25475 0.30792
-0.286 1.48205 0.451686
-0.284 1.71515 0.600862
-0.282 1.95378 0.755269
-0.28 2.19762 0.914709
-0.278 2.44637 1.07897
-0.276 2.69966 1.24782
-0.274 2.95715 1.42101
-0.272 3.21845 1.59829
-0.27 3.48315 1.77938
-0.268 3.75085 1.964
-0.266 4.02111 2.15186
-0.264 4.29349 2.34263
-0.262 4.56753 2.53601
-0.26 4.84276 2.73167
-0.258 5.1187 2.92927
-0.256 5.39486 3.12846
-0.254 5.67075 3.32892
-0.252 5.94588 3.53027
-0.25 6.21973 3.73216
-0.248 6.4918 3.93424
-0.246 6.76159 4.13614
-0.244 7.0286 4.3375
-0.242 7.29231 4.53796
-0.24 7.55223 4.73717
-0.238 7.80786 4.93476
-0.236 8.05871 5.13038
-0.234 8.30431 5.32368
-0.232 8.54417 5.51431
-0.23 8.77783 5.70195
-0.228 9.00485 5.88625
-0.226 9.22477 6.06689
-0.224 9.43717 6.24355
-0.222 9.64163 6.41593
-0.22 9.83774 6.58373
-0.218 10.0251 6.74666
-0.216 10.2034 6.90445
-0.214 10.3722 7.05681
-0.212 10.5312 7.20351
-0.21 10.6801 7.34429
-0.208 10.8185 7.47893
-0.206 10.9462 7.6072
-0.204 11.063 7.7289
-0.202 11.1684 7.84384
-0.2 11.2624 7.95183
-0.198 11.3446 8.05271
-0.196 11.415 8.14632
-0.194 11.4733 8.23253
-0.192 11.5193 8.31122
-0.19 11.553 8.38226
-0.188 11.5742 8.44557
-0.186 11.5828 8.50105
-0.184 11.5787 8.54864
-0.182 11.5618 8.58829
-0.18 11.5323 8.61996
-0.178 11.4899 8.64361
-0.176 11.4347 8.65924
-0.174 11.3668 8.66684
-0.172 11.2863 8.66645
-0.17 11.193 8.65807
-0.168 11.0873 8.64176
-0.166 10.9691 8.61759
-0.164 10.8387 8.58561
-0.162 10.6961 8.54591
-0.16 10.5416 8.4986
-0.158 10.3754 8.44379
-0.156 10.1977 8.38161
-0.154 10.0087 8.31219
-0.152 9.80879 8.23569
-0.15 9.59822 8.15228
-0.148 9.37733 8.06214
-0.146 9.14646 7.96545
-0.144 8.90599 7.86244
-0.142 8.65632 7.7533
-0.14 8.39788 7.63828
-0.138 8.13111 7.51761
-0.136 7.85649 7.39155
-0.134 7.57451 7.26037
-0.132 7.2857 7.12433
-0.13 6.99059 6.98374
-0.128 6.68976 6.83888
-0.126 6.38379 6.69006
-0.124 6.0733 6.5376
-0.122 5.75891 6.38183
-0.12 5.44128 6.22309
-0.118 5.12109 6.06171
-0.116 4.79902 5.89805
-0.114 4.47578 5.73247
-0.112 4.15211 5.56533
-0.11 3.82875 5.39701
-0.108 3.50645 5.22789
-0.106 3.186 5.05833
-0.104 2.86816 4.88874
-0.102 2.55375 4.7195
-0.1 2.24355 4.55099
-0.098 1.93839 4.38363
-0.096 1.63907 4.21778
-0.094 1.34642 4.05386
-0.092 1.06126 3.89224
-0.09 0.784392 3.73333
-0.088 0.516644 3.5775
-0.086 0.258818 3.42513
-0.084 0.0117111 3.27659
-0.082 -0.223893 3.13226
-0.08 -0.447225 2.9925
-0.078 -0.657535 2.85764
-0.076 -0.854093 2.72803
-0.074 -1.0362 2.60399
-0.072 -1.20317 2.48582
-0.07 -1.35438 2.37384
-0.068 -1.4892 2.2683
-0.066 -1.60708 2.16947
-0.064 -1.70749 2.07759
-0.062 -1.78995 1.99287
-0.06 -1.85403 1.91551
-0.058 -1.89936 1.84568
-0.056 -1.92562 1.78351
-0.054 -1.93256 1.72914
-0.052 -1.91997 1.68264
-0.05 -1.88773 1.64407
-0.048 -1.83578 1.61347
-0.046 -1.76413 1.59083
-0.044 -1.67287 1.57611
-0.042 -1.56216 1.56924
-0.04 -1.43223 1.57014
-0.038 -1.2834 1.57865
-0.036 -1.11607 1.59461
-0.034 -0.930694 1.61782
-0.032 -0.727831 1.64804
-0.03 -0.508106 1.68501
-0.028 -0.272221 1.72841
-0.026 -0.0209531 1.77792
-0.024 0.24485 1.83317
-0.022 0.52427 1.89377
-0.02 0.816323 1.9593
-0.018 1.11996 2.02929
-0.016 1.43408 2.1033
-0.014 1.75753 2.18081
-0.012 2.08909 2.26131
-0.01 2.42752 2.34426
-0.008 2.77153 2.42912
-0.006 3.1198 2.51533
-0.004 3.47099 2.6023
-0.002 3.82372 2.68946
0 4.17663 2.77623
0.002 4.52835 2.862
0.004 4.87747 2.9462
0.006 5.22264 3.02824
0.008 5.56248 3.10754
0.01 5.89567 3.18355
0.012 6.22088 3.25571
0.014 6.53685 3.32347
0.016 6.84233 3.38631
0.018 7.13613 3.44374
0.02 7.41712 3.49527
0.022 7.68419 3.54045
0.024 7.93633 3.57885
0.026 8.17258 3.61007
0.028 8.39203 3.63375
0.03 8.59387 3.64954
0.032 8.77735 3.65713
0.034 8.94179 3.65626
0.036 9.08659 3.64669
0.038 9.21124 3.62821
0.04 9.3153 3.60066
0.042 9.39841 3.56391
0.044 9.4603 3.51785
0.046 9.50077 3.46244
0.048 9.51968 3.39764
0.05 9.51701 3.32347
0.052 9.49278 3.23996
0.054 9.44709 3.14719
0.056 9.38012 3.04528
0.058 9.29211 2.93435
0.06 9.18335 2.81458
0.062 9.05422 2.68617
0.064 8.90515 2.54933
0.066 8.7366 2.40432
0.068 8.54911 2.25141
0.07 8.34325 2.09089
0.072 8.11965 1.92309
0.074 7.87897 1.74833
0.076 7.62189 1.56698
0.078 7.34916 1.37939
0.08 7.06153 1.18596
0.082 6.75978 0.987087
0.084 6.44472 0.78317
0.086 6.11717 0.574633
0.088 5.77798 0.361903
0.09 5.428 0.145413
0.092 5.06809 -0.0743967
0.094 4.69911 -0.297082
0.096 4.32195 -0.522195
0.098 3.93748 -0.749288
0.1 3.54656 -0.977912
0.102 3.15008 -1.20762
0.104 2.74889 -1.43796
0.106 2.34386 -1.66849
0.108 1.93583 -1.89876
0.11 1.52564 -2.12836
0.112 1.1141 -2.35684
0.114 0.702045 -2.58377
0.116 0.290252 -2.80876
0.118 -0.120498 -3.03137
0.12 -0.529445 -3.25123
0.122 -0.935851 -3.46793
0.124 -1.339 -3.6811
0.126 -1.73818 -3.89036
0.128 -2.13273 -4.09537
0.13 -2.52198 -4.29577
0.132 -2.90532 -4.49123
0.134 -3.28212 -4.68143
0.136 -3.65181 -4.86606
0.138 -4.01383 -5.04483
0.14 -4.36764 -5.21745
0.142 -4.71274 -5.38366
0.144 -5.04863 -5.5432
0.146 -5.37487 -5.69583
0.148 -5.69101 -5.84134
0.15 -5.99665 -5.9795
0.152 -6.29141 -6.11013
0.154 -6.57493 -6.23305
0.156 -6.84688 -6.34809
0.158 -7.10694 -6.4551
0.16 -7.35484 -6.55395
0.162 -7.59032 -6.64451
0.164 -7.81315 -6.72669
0.166 -8.02312 -6.80039
0.168 -8.22004 -6.86554
0.17 -8.40375 -6.92208
0.172 -8.57412 -6.96997
0.174 -8.73103 -7.00917
0.176 -8.87439 -7.03967
0.178 -9.00414 -7.06147
0.18 -9.12022 -7.0746
0.182 -9.22262 -7.07906
0.184 -9.31134 -7.07492
0.186 -9.38639 -7.06223
0.188 -9.44782 -7.04106
0.19 -9.4957 -7.01149
0.192 -9.53011 -6.97364
0.194 -9.55115 -6.92761
0.196 -9.55896 -6.87353
0.198 -9.55367 -6.81154
0.2 -9.53547 -6.74181
0.202 -9.50453 -6.66449
0.204 -9.46107 -6.57977
0.206 -9.4053 -6.48784
0.208 -9.33749 -6.38891
0.21 -9.25789 -6.28321
0.212 -9.16678 -6.17095
0.214 -9.06448 -6.05238
0.216 -8.95129 -5.92777
0.218 -8.82756 -5.79736
0.22 -8.69365 -5.66144
0.222 -8.54991 -5.5203
0.224 -8.39674 -5.37422
0.226 -8.23454 -5.22352
0.228 -8.06373 -5.0685
0.23 -7.88473 -4.90949
0.232 -7.69799 -4.74681
0.234 -7.50396 -4.58081
0.236 -7.30311 -4.41181
0.238 -7.09592 -4.24017
0.24 -6.88286 -4.06625
0.242 -6.66443 -3.89038
0.244 -6.44113 -3.71293
0.246 -6.21346 -3.53426
0.248 -5.98194 -3.35473
0.25 -5.74706 -3.17469
0.252 -5.50935 -2.99451
0.254 -5.26931 -2.81455
0.256 -5.02745 -2.63515
0.258 -4.78429 -2.45667
0.26 -4.54031 -2.27945
0.262 -4.29602 -2.10383
0.264 -4.0519 -1.93014
0.266 -3.80844 -1.75871
0.268 -3.56609 -1.58985
0.27 -3.32532 -1.42386
0.272 -3.08657 -1.26103
0.274 -2.85025 -1.10166
0.276 -2.61679 -0.946003
0.278 -2.38658 -0.794319
0.28 -2.15999 -0.646849
0.282 -1.93738 -0.503817
0.284 -1.71909 -0.365434
0.286 -1.50542 -0.231895
0.288 -1.29668 -0.103375
0.29 -1.09313 0.0199648
0.292 -0.895023 0.137982
0.294 -0.702584 0.250553
0.296 -0.516016 0.35757
0.298 -0.335496 0.458946
0.3 -0.161182 0.554609
0.302 0.00679271 0.644508
0.304 0.168319 0.728609
0.306 0.323308 0.806896
0.308 0.471694 0.879369
0.31 0.613432 0.946047
0.312 0.748496 1.00697
0.314 0.876883 1.06218
0.316 0.998606 1.11174
0.318 1.1137 1.15575
0.32 1.2222 1.1943
0.322 1.32419 1.22749
0.324 1.41974 1.25546
0.326 1.50894 1.27833
0.328 1.5919 1.29625
0.33 1.66874 1.30938
0.332 1.73959 1.31789
0.334 1.80457 1.32196
0.336 1.86384 1.32176
0.338 1.91754 1.31748
0.34 1.96584 1.30933
0.342 2.00889 1.29751
0.344 2.04686 1.28221
0.346 2.07992 1.26366
0.348 2.10824 1.24206
0.35 2.13199 1.21762
0.352 2.15135 1.19056
0.354 2.16648 1.1611
0.356 2.17755 1.12945
0.358 2.18474 1.09582
0.36 2.1882 1.06042
0.362 2.18811 1.02346
0.364 2.18462 0.98515
0.366 2.17789 0.945684
0.368 2.16807 0.90526
0.37 2.15532 0.86407
0.372 2.13978 0.8223
0.374 2.12159 0.780131
0.376 2.10088 0.737737
0.378 2.0778 0.695285
0.38 2.05247 0.652936
0.382 2.02502 0.610843
0.384 1.99556 0.569153
0.386 1.96421 0.528003
0.388 1.9311 0.487523
0.39 1.89632 0.447837
0.392 1.85998 0.409058
0.394 1.8222 0.371291
0.396 1.78306 0.334635
0.398 1.74267 0.299178
0.4 1.70113 0.265
0.402 1.65853 0.232174
0.404 1.61495 0.200763
0.406 1.5705 0.170821
0.408 1.52526 0.142396
0.41 1.47932 0.115526
0.412 1.43277 0.0902414
0.414 1.38569 0.0665641
0.416 1.33817 0.0445087
0.418 1.2903 0.024082
0.42 1.24216 0.00528313
0.422 1.19384 -0.0118958
0.424 1.14542 -0.02747
0.426 1.09699 -0.0414611
0.428 1.04863 -0.0538974
0.43 1.00043 -0.0648135
0.432 0.952483 -0.0742497
0.434 0.904865 -0.082252
0.436 0.857664 -0.0888715
0.438 0.810966 -0.0941643
0.44 0.764858 -0.0981908
0.442 0.719423 -0.101016
0.444 0.674748 -0.102707
0.446 0.630915 -0.103338
0.448 0.588007 -0.102981
0.45 0.546106 -0.101714
0.452 0.505293 -0.0996162
0.454 0.465646 -0.0967683
0.456 0.427242 -0.0932522
0.458 0.390153 -0.0891505
0.46 0.354451 -0.0845462
0.462 0.320205 -0.079522
0.464 0.287479 -0.0741603
0.466 0.256333 -0.0685424
0.468 0.226824 -0.0627482
0.47 0.199002 -0.0568556
0.472 0.172915 -0.0509407
0.474 0.148603 -0.0450767
0.476 0.126102 -0.0393338
0.478 0.105438 -0.0337791
0.48 0.086634 -0.0284758
0.482 0.0697044 -0.0234832
0.484 0.0546557 -0.0188564
0.486 0.0414868 -0.0146458
0.488 0.0301879 -0.0108971
0.49 0.0207409 -0.00765084
0.492 0.0131185 -0.00494234
0.494 0.00728416 -0.00280152
0.496 0.00319186 -0.00125273
0.498 0.000785737 -0.000314597
0.05 2.27473 1.52244
0.1 2.27467 1.52238
0.15 2.27456 1.52228
0.2 2.27442 1.52213
0.25 2.27422 1.52194
0.3 2.27399 1.52171
0.35 2.27372 1.52143
0.4 2.2734 1.52112
0.45 2.27304 1.52076
0.5 2.27263 1.52036
0.55 2.27219 1.51992
0.6 2.2717 1.51944
0.65 2.27117 1.51891
0.7 2.27059 1.51834
0.75 2.26998 1.51773
0.8 2.26932 1.51708
0.85 2.26861 1.51639
0.9 2.26787 1.51565
0.95 2.26708 1.51488
1 2.26625 1.51406
1.05 2.26537 1.5132
1.1 2.26446 1.5123
1.15 2.2635 1.51135
1.2 2.26249 1.51037
1.25 2.26144 1.50934
1.3 2.26035 1.50827
1.35 2.25922 1.50716
1.4 2.25804 1.50601
1.45 2.25682 1.50482
1.5 2.25556 1.50359
1.55 2.25425 1.50231
1.6 2.25289 1.501
1.65 2.2515 1.49964
1.7 2.25006 1.49824
1.75 2.24857 1.4968
1.8 2.24704 1.49532
1.85 2.24547 1.4938
1.9 2.24385 1.49224
1.95 2.24219 1.49064
2 2.24048 1.48899
2.05 2.23872 1.48731
2.1 2.23693 1.48559
2.15 2.23508 1.48382
2.2 2.2332 1.48202
2.25 2.23126 1.48017
2.3 2.22929 1.47829
2.35 2.22726 1.47636
2.4 2.22519 1.4744
2.45 2.22308 1.4724
2.5 2.22092 1.47035
2.55 2.21871 1.46827
2.6 2.21646 1.46614
2.65 2.21416 1.46398
2.7 2.21181 1.46178
2.75 2.20942 1.45954
2.8 2.20698 1.45726
2.85 2.2045 1.45494
2.9 2.20197 1.45258
2.95 2.19939 1.45019
3 2.19676 1.44775
3.05 2.19409 1.44528
3.1 2.19137 1.44277
3.15 2.1886 1.44022
3.2 2.18579 1.43763
3.25 2.18293 1.435
3.3 2.18002 1.43234
3.35 2.17706 1.42964
3.4 2.17405 1.4269
3.45 2.171 1.42412
3.5 2.1679 1.42131
3.55 2.16475 1.41846
3.6 2.16155 1.41557
3.65 2.1583 1.41265
3.7 2.15501 1.40969
3.75 2.15167 1.40669
3.8 2.14827 1.40366
3.85 2.14483 1.40059
3.9 2.14134 1.39748
3.95 2.1378 1.39434
4 2.13422 1.39116
4.05 2.13058 1.38795
4.1 2.12689 1.3847
4.15 2.12316 1.38142
4.2 2.11937 1.3781
4.25 2.11554 1.37475
4.3 2.11165 1.37136
4.35 2.10772 1.36794
4.4 2.10373 1.36449
4.45 2.0997 1.361
4.5 2.09562 1.35748
4.55 2.09148 1.35392
4.6 2.0873 1.35033
4.65 2.08307 1.34671
4.7 2.07879 1.34305
4.75 2.07445 1.33936
4.8 2.07007 1.33564
4.85 2.06564 1.33189
4.9 2.06116 1.32811
4.95 2.05663 1.32429
5 2.05204 1.32044
5.05 2.04741 1.31656
5.1 2.04273 1.31265
5.15 2.03799 1.30871
5.2 2.03321 1.30474
5.25 2.02838 1.30074
5.3 2.0235 1.2967
5.35 2.01856 1.29264
5.4 2.01358 1.28855
5.45 2.00855 1.28443
5.5 2.00347 1.28028
5.55 1.99833 1.2761
5.6 1.99315 1.27189
5.65 1.98792 1.26765
5.7 1.98264 1.26339
5.75 1.97731 1.2591
5.8 1.97193 1.25478
5.85 1.9665 1.25043
5.9 1.96102 1.24605
5.95 1.95549 1.24165
6 1.94992 1.23722
6.05 1.94429 1.23277
6.1 1.93861 1.22829
6.15 1.93289 1.22379
6.2 1.92712 1.21926
6.25 1.9213 1.2147
6.3 1.91543 1.21012
6.35 1.90951 1.20551
6.4 1.90355 1.20089
6.45 1.89754 1.19623
6.5 1.89148 1.19156
6.55 1.88537 1.18686
6.6 1.87921 1.18213
6.65 1.87301 1.17739
6.7 1.86676 1.17262
6.75 1.86047 1.16783
6.8 1.85413 1.16302
6.85 1.84774 1.15819
6.9 1.84131 1.15334
6.95 1.83483 1.14846
7 1.8283 1.14357
7.05 1.82173 1.13865
7.1 1.81512 1.13372
7.15 1.80846 1.12877
7.2 1.80176 1.12379
7.25 1.79501 1.1188
7.3 1.78822 1.11379
7.35 1.78138 1.10877
7.4 1.77451 1.10372
7.45 1.76759 1.09866
7.5 1.76062 1.09358
7.55 1.75362 1.08848
7.6 1.74657 1.08337
7.65 1.73948 1.07824
7.7 1.73235 1.0731
7.75 1.72518 1.06794
7.8 1.71797 1.06277
7.85 1.71072 1.05758
7.9 1.70343 1.05238
7.95 1.6961 1.04716
8 1.68874 1.04193
8.05 1.68133 1.03669
8.1 1.67389 1.03144
8.15 1.6664 1.02617
8.2 1.65889 1.02089
8.25 1.65133 1.0156
8.3 1.64374 1.0103
8.35 1.63611 1.00499
8.4 1.62845 0.999665
8.45 1.62075 0.994332
8.5 1.61302 0.98899
8.55 1.60525 0.983638
8.6 1.59746 0.978278
8.65 1.58962 0.972909
8.7 1.58176 0.967532
8.75 1.57386 0.962147
8.8 1.56594 0.956755
8.85 1.55798 0.951356
8.9 1.54999 0.945951
8.95 1.54197 0.940539
9 1.53393 0.935121
9.05 1.52585 0.929698
9.1 1.51775 0.92427
9.15 1.50961 0.918838
9.2 1.50146 0.913401
9.25 1.49327 0.90796
9.3 1.48506 0.902516
9.35 1.47682 0.897069
9.4 1.46856 0.891619
9.45 1.46028 0.886167
9.5 1.45197 0.880713
9.55 1.44364 0.875257
9.6 1.43529 0.869801
9.65 1.42691 0.864343
9.7 1.41852 0.858885
9.75 1.4101 0.853428
9.8 1.40167 0.84797
9.85 1.39321 0.842514
9.9 1.38474 0.837059
9.95 1.37625 0.831605
10 1.36774 0.826154
10.05 1.35921 0.820705
10.1 1.35067 0.815258
10.15 1.34212 0.809815
10.2 1.33355 0.804375
10.25 1.32496 0.79894
10.3 1.31636 0.793508
10.35 1.30775 0.788081
10.4 1.29913 0.78266
10.45 1.2905 0.777244
10.5 1.28185 0.771833
10.55 1.2732 0.766429
10.6 1.26454 0.761032
10.65 1.25587 0.755641
10.7 1.24719 0.750258
10.75 1.2385 0.744882
10.8 1.22981 0.739515
10.85 1.22111 0.734156
10.9 1.21241 0.728806
10.95 1.2037 0.723465
11 1.19499 0.718134
11.05 1.18628 0.712812
11.1 1.17756 0.707501
11.15 1.16885 0.702201
11.2 1.16013 0.696912
11.25 1.15141 0.691633
11.3 1.14269 0.686367
11.35 1.13398 0.681113
11.4 1.12526 0.675871
11.45 1.11655 0.670642
11.5 1.10785 0.665426
11.55 1.09914 0.660224
11.6 1.09044 0.655035
11.65 1.08175 0.64986
11.7 1.07307 0.6447
11.75 1.06439 0.639555
11.8 1.05572 0.634425
11.85 1.04705 0.62931
11.9 1.0384 0.624212
11.95 1.02976 0.619129
12 1.02112 0.614063
12.05 1.0125 0.609013
12.1 1.00389 0.603981
12.15 0.995294 0.598966
12.2 0.98671 0.593968
12.25 0.97814 0.588989
12.3 0.969585 0.584028
12.35 0.961046 0.579085
12.4 0.952522 0.574162
12.45 0.944016 0.569257
12.5 0.935526 0.564372
12.55 0.927055 0.559507
12.6 0.918603 0.554662
12.65 0.91017 0.549837
12.7 0.901757 0.545033
12.75 0.893365 0.540249
12.8 0.884995 0.535487
12.85 0.876646 0.530746
12.9 0.86832 0.526027
12.95 0.860018 0.52133
13 0.85174 0.516655
13.05 0.843486 0.512002
13.1 0.835257 0.507372
13.15 0.827055 0.502765
13.2 0.818879 0.498181
13.25 0.81073 0.49362
13.3 0.802609 0.489083
13.35 0.794516 0.48457
13.4 0.786452 0.480081
13.45 0.778418 0.475616
13.5 0.770413 0.471175
13.55 0.76244 0.46676
13.6 0.754497 0.462369
13.65 0.746586 0.458003
13.7 0.738708 0.453663
13.75 0.730863 0.449348
13.8 0.723051 0.445058
13.85 0.715273 0.440795
13.9 0.70753 0.436558
13.95 0.699822 0.432346
14 0.692149 0.428162
14.05 0.684513 0.424003
14.1 0.676913 0.419872
14.15 0.66935 0.415767
14.2 0.661825 0.41169
14.25 0.654337 0.407639
14.3 0.646889 0.403616
14.35 0.639479 0.39962
14.4 0.632109 0.395652
14.45 0.624779 0.391712
14.5 0.617489 0.3878
14.55 0.61024 0.383915
14.6 0.603032 0.380059
14.65 0.595866 0.37623
14.7 0.588742 0.372431
14.75 0.581661 0.368659
14.8 0.574622 0.364916
14.85 0.567626 0.361202
14.9 0.560675 0.357516
14.95 0.553767 0.353859
15 0.546904 0.350231
15.05 0.540085 0.346632
15.1 0.533311 0.343062
15.15 0.526583 0.339521
15.2 0.519901 0.336009
15.25 0.513264 0.332526
15.3 0.506674 0.329073
15.35 0.500131 0.325648
15.4 0.493634 0.322254
15.45 0.487185 0.318888
15.5 0.480783 0.315552
15.55 0.474429 0.312245
15.6 0.468123 0.308968
15.65 0.461865 0.305721
15.7 0.455656 0.302502
15.75 0.449496 0.299314
15.8 0.443384 0.296155
15.85 0.437322 0.293025
15.9 0.431309 0.289925
15.95 0.425346 0.286854
16 0.419432 0.283813
16.05 0.413568 0.280802
16.1 0.407755 0.277819
16.15 0.401991 0.274867
16.2 0.396278 0.271943
16.25 0.390615 0.269049
16.3 0.385004 0.266185
16.35 0.379442 0.26335
16.4 0.373932 0.260544
16.45 0.368473 0.257767
16.5 0.363064 0.255019
16.55 0.357707 0.252301
16.6 0.352401 0.249611
16.65 0.347147 0.24695
16.7 0.341943 0.244319
16.75 0.336791 0.241716
16.8 0.331691 0.239142
16.85 0.326642 0.236596
16.9 0.321644 0.23408
16.95 0.316698 0.231591
17 0.311803 0.229131
17.05 0.30696 0.2267
17.1 0.302168 0.224296
17.15 0.297428 0.221921
17.2 0.292739 0.219573
17.25 0.288101 0.217254
17.3 0.283515 0.214962
17.35 0.27898 0.212698
17.4 0.274496 0.210461
17.45 0.270063 0.208252
17.5 0.265682 0.20607
17.55 0.261351 0.203915
17.6 0.257071 0.201787
17.65 0.252842 0.199686
17.7 0.248663 0.197612
17.75 0.244535 0.195564
17.8 0.240457 0.193543
17.85 0.236429 0.191548
17.9 0.232452 0.189578
17.95 0.228524 0.187635
18 0.224646 0.185718
18.05 0.220818 0.183826
18.1 0.217039 0.18196
18.15 0.213309 0.180119
18.2 0.209629 0.178303
18.25 0.205997 0.176512
18.3 0.202414 0.174746
18.35 0.198879 0.173004
18.4 0.195393 0.171287
18.45 0.191954 0.169594
18.5 0.188563 0.167925
18.55 0.18522 0.16628
18.6 0.181924 0.164658
18.65 0.178675 0.16306
18.7 0.175473 0.161485
18.75 0.172318 0.159933
18.8 0.169208 0.158404
18.85 0.166145 0.156898
18.9 0.163127 0.155414
18.95 0.160155 0.153952
19 0.157228 0.152513
19.05 0.154346 0.151095
19.1 0.151508 0.149698
19.15 0.148714 0.148323
19.2 0.145965 0.14697
19.25 0.143259 0.145637
19.3 0.140596 0.144325
19.35 0.137976 0.143033
19.4 0.135399 0.141762
19.45 0.132865 0.140511
19.5 0.130372 0.139279
19.55 0.127921 0.138068
19.6 0.125511 0.136875
19.65 0.123142 0.135702
19.7 0.120813 0.134548
19.75 0.118525 0.133412
19.8 0.116277 0.132295
19.85 0.114068 0.131197
19.9 0.111898 0.130116
19.95 0.109767 0.129053
20 0.107675 0.128008
20.05 0.10562 0.12698
20.1 0.103603 0.125969
20.15 0.101624 0.124975
20.2 0.0996809 0.123997
20.25 0.0977747 0.123036
20.3 0.0959045 0.122091
20.35 0.0940701 0.121162
20.4 0.0922709 0.120249
20.45 0.0905067 0.119351
20.5 0.088777 0.118469
20.55 0.0870815 0.117601
20.6 0.0854196 0.116748
20.65 0.0837911 0.11591
20.7 0.0821956 0.115086
20.75 0.0806325 0.114276
20.8 0.0791016 0.11348
20.85 0.0776023 0.112697
20.9 0.0761344 0.111928
20.95 0.0746974 0.111172
21 0.0732908 0.110428
21.05 0.0719144 0.109698
21.1 0.0705676 0.10898
21.15 0.0692501 0.108274
21.2 0.0679614 0.10758
21.25 0.0667012 0.106897
21.3 0.065469 0.106226
21.35 0.0642644 0.105567
21.4 0.0630871 0.104919
21.45 0.0619365 0.104281
21.5 0.0608124 0.103654
21.55 0.0597142 0.103037
21.6 0.0586416 0.102431
21.65 0.0575942 0.101834
21.7 0.0565716 0.101248
21.75 0.0555733 0.10067
21.8 0.054599 0.100102
21.85 0.0536483 0.0995433
21.9 0.0527207 0.0989932
21.95 0.0518159 0.0984518
22 0.0509335 0.0979188
22.05 0.050073 0.097394
22.1 0.0492341 0.0968772
22.15 0.0484164 0.0963682
22.2 0.0476194 0.0958669
22.25 0.0468429 0.0953729
22.3 0.0460863 0.0948862
22.35 0.0453494 0.0944064
22.4 0.0446318 0.0939334
22.45 0.043933 0.0934671
22.5 0.0432527 0.0930071
22.55 0.0425904 0.0925534
22.6 0.041946 0.0921057
22.65 0.0413189 0.0916638
22.7 0.0407087 0.0912276
22.75 0.0401153 0.0907968
22.8 0.039538 0.0903713
22.85 0.0389767 0.089951
22.9 0.038431 0.0895355
22.95 0.0379004 0.0891248
23 0.0373847 0.0887187
23.05 0.0368835 0.0883169
23.1 0.0363964 0.0879194
23.15 0.0359231 0.087526
23.2 0.0354633 0.0871365
23.25 0.0350167 0.0867507
23.3 0.0345828 0.0863684
23.35 0.0341615 0.0859896
23.4 0.0337523 0.085614
23.45 0.0333549 0.0852416
23.5 0.032969 0.0848721
23.55 0.0325944 0.0845054
23.6 0.0322306 0.0841413
23.65 0.0318775 0.0837798
23.7 0.0315346 0.0834206
23.75 0.0312017 0.0830636
23.8 0.0308785 0.0827088
23.85 0.0305647 0.0823559
23.9 0.03026 0.0820048
23.95 0.0299641 0.0816554
24 0.0296768 0.0813076
24.05 0.0293978 0.0809612
24.1 0.0291267 0.0806161
24.15 0.0288635 0.0802723
24.2 0.0286077 0.0799295
24.25 0.0283591 0.0795876
24.3 0.0281175 0.0792466
24.35 0.0278826 0.0789064
24.4 0.0276541 0.0785668
24.45 0.0274319 0.0782277
24.5 0.0272157 0.0778891
24.55 0.0270052 0.0775507
24.6 0.0268003 0.0772126
24.65 0.0266007 0.0768747
24.7 0.0264061 0.0765367
24.75 0.0262164 0.0761988
24.8 0.0260314 0.0758607
24.85 0.0258508 0.0755223
24.9 0.0256745 0.0751837
24.95 0.0255021 0.0748446
25 0.0253337 0.0745051
25.05 0.0251689 0.0741651
25.1 0.0250075 0.0738245
25.15 0.0248495 0.0734831
25.2 0.0246945 0.0731411
25.25 0.0245425 0.0727982
25.3 0.0243933 0.0724544
25.35 0.0242466 0.0721097
25.4 0.0241024 0.071764
25.45 0.0239604 0.0714172
25.5 0.0238206 0.0710694
25.55 0.0236828 0.0707203
25.6 0.0235468 0.0703701
25.65 0.0234124 0.0700186
25.7 0.0232797 0.0696659
25.75 0.0231483 0.0693117
25.8 0.0230182 0.0689563
25.85 0.0228893 0.0685993
25.9 0.0227615 0.068241
25.95 0.0226345 0.0678812
26 0.0225084 0.0675198
26.05 0.022383 0.0671569
26.1 0.0222582 0.0667925
26.15 0.0221338 0.0664264
26.2 0.0220099 0.0660587
26.25 0.0218863 0.0656894
26.3 0.0217628 0.0653185
26.35 0.0216396 0.0649459
26.4 0.0215163 0.0645716
26.45 0.021393 0.0641956
26.5 0.0212696 0.0638179
26.55 0.021146 0.0634385
26.6 0.0210221 0.0630573
26.65 0.020898 0.0626745
26.7 0.0207734 0.0622899
26.75 0.0206484 0.0619036
26.8 0.0205229 0.0615156
26.85 0.0203968 0.0611259
26.9 0.0202701 0.0607344
26.95 0.0201428 0.0603413
27 0.0200148 0.0599464
27.05 0.019886 0.0595499
27.1 0.0197564 0.0591517
27.15 0.0196261 0.0587518
27.2 0.0194949 0.0583503
27.25 0.0193629 0.0579471
27.3 0.0192299 0.0575424
27.35 0.019096 0.057136
27.4 0.0189612 0.0567281
27.45 0.0188255 0.0563186
27.5 0.0186887 0.0559076
27.55 0.018551 0.055495
27.6 0.0184123 0.0550811
27.65 0.0182725 0.0546656
27.7 0.0181318 0.0542488
27.75 0.01799 0.0538305
27.8 0.0178472 0.053411
27.85 0.0177034 0.0529901
27.9 0.0175586 0.0525679
27.95 0.0174128 0.0521444
28 0.017266 0.0517197
28.05 0.0171182 0.0512939
28.1 0.0169694 0.0508669
28.15 0.0168197 0.0504388
28.2 0.016669 0.0500097
28.25 0.0165174 0.0495796
28.3 0.0163648 0.0491484
28.35 0.0162113 0.0487164
28.4 0.016057 0.0482834
28.45 0.0159018 0.0478496
28.5 0.0157458 0.047415
28.55 0.015589 0.0469796
28.6 0.0154314 0.0465436
28.65 0.0152731 0.0461069
28.7 0.015114 0.0456696
28.75 0.0149543 0.0452317
28.8 0.0147939 0.0447933
28.85 0.0146329 0.0443544
28.9 0.0144713 0.0439152
28.95 0.0143092 0.0434755
29 0.0141465 0.0430356
29.05 0.0139834 0.0425954
29.1 0.0138198 0.042155
29.15 0.0136558 0.0417145
29.2 0.0134914 0.0412739
29.25 0.0133268 0.0408332
29.3 0.0131618 0.0403925
29.35 0.0129967 0.0399519
29.4 0.0128313 0.0395114
29.45 0.0126657 0.0390711
29.5 0.0125001 0.0386311
29.55 0.0123344 0.0381913
29.6 0.0121687 0.0377518
29.65 0.0120029 0.0373127
29.7 0.0118373 0.0368741
29.75 0.0116718 0.036436
29.8 0.0115064 0.0359984
29.85 0.0113412 0.0355615
29.9 0.0111762 0.0351252
29.95 0.0110116 0.0346896
30 0.0108473 0.0342549
30.05 0.0106833 0.0338209
30.1 0.0105198 0.0333879
30.15 0.0103568 0.0329557
30.2 0.0101942 0.0325246
30.25 0.0100323 0.0320945
30.3 0.00987088 0.0316656
30.35 0.00971016 0.0312378
30.4 0.00955012 0.0308112
30.45 0.00939082 0.0303858
30.5 0.00923229 0.0299618
30.55 0.00907458 0.0295391
30.6 0.00891774 0.0291179
30.65 0.00876179 0.0286981
30.7 0.00860679 0.0282798
30.75 0.00845278 0.0278632
30.8 0.00829979 0.0274481
30.85 0.00814787 0.0270347
30.9 0.00799705 0.026623
30.95 0.00784737 0.0262131
31 0.00769887 0.025805
31.05 0.00755159 0.0253988
31.1 0.00740556 0.0249945
31.15 0.00726083 0.0245922
31.2 0.00711741 0.0241918
31.25 0.00697536 0.0237935
31.3 0.00683469 0.0233973
31.35 0.00669545 0.0230032
31.4 0.00655766 0.0226113
31.45 0.00642136 0.0222216
31.5 0.00628658 0.0218342
31.55 0.00615334 0.0214491
31.6 0.00602168 0.0210663
31.65 0.00589161 0.020686
31.7 0.00576318 0.020308
31.75 0.00563639 0.0199325
31.8 0.00551128 0.0195595
31.85 0.00538788 0.019189
31.9 0.00526619 0.0188211
31.95 0.00514625 0.0184558
32 0.00502807 0.0180932
32.05 0.00491168 0.0177332
32.1 0.00479709 0.017376
32.15 0.00468432 0.0170214
32.2 0.00457339 0.0166697
32.25 0.00446431 0.0163207
32.3 0.0043571 0.0159746
32.35 0.00425176 0.0156313
32.4 0.00414832 0.0152909
32.45 0.00404679 0.0149534
32.5 0.00394716 0.0146189
32.55 0.00384946 0.0142873
32.6 0.00375369 0.0139587
32.65 0.00365986 0.0136331
32.7 0.00356797 0.0133105
32.75 0.00347803 0.012991
32.8 0.00339005 0.0126746
32.85 0.00330402 0.0123613
32.9 0.00321995 0.012051
32.95 0.00313784 0.0117439
33 0.00305769 0.01144
33.05 0.0029795 0.0111392
33.1 0.00290327 0.0108416
33.15 0.00282898 0.0105472
33.2 0.00275665 0.010256
33.25 0.00268626 0.00996798
33.3 0.00261781 0.00968322
33.35 0.00255129 0.0094017
33.4 0.0024867 0.00912343
33.45 0.00242402 0.00884843
33.5 0.00236324 0.00857669
33.55 0.00230436 0.00830823
33.6 0.00224737 0.00804305
33.65 0.00219224 0.00778116
33.7 0.00213897 0.00752256
33.75 0.00208754 0.00726726
33.8 0.00203794 0.00701526
33.85 0.00199015 0.00676656
33.9 0.00194416 0.00652116
33.95 0.00189995 0.00627907
34 0.0018575 0.00604028
34.05 0.00181679 0.0058048
34.1 0.0017778 0.00557261
34.15 0.00174051 0.00534373
34.2 0.0017049 0.00511814
34.25 0.00167095 0.00489583
34.3 0.00163863 0.00467682
34.35 0.00160793 0.00446109
34.4 0.00157881 0.00424862
34.45 0.00155126 0.00403943
34.5 0.00152525 0.00383349
34.55 0.00150076 0.0036308
34.6 0.00147774 0.00343135
34.65 0.0014562 0.00323513
34.7 0.00143608 0.00304213
34.75 0.00141737 0.00285234
34.8 0.00140004 0.00266574
34.85 0.00138405 0.00248232
34.9 0.00136939 0.00230207
34.95 0.00135601 0.00212497
35 0.0013439 0.00195102
35.05 0.00133302 0.00178018
35.1 0.00132333 0.00161246
35.15 0.00131482 0.00144782
35.2 0.00130744 0.00128626
35.25 0.00130116 0.00112775
35.3 0.00129596 0.000972277
35.35 0.00129181 0.000819823
35.4 0.00128866 0.000670367
35.45 0.00128649 0.000523889
35.5 0.00128526 0.000380368
35.55 0.00128494 0.000239783
35.6 0.0012855 0.000102112
35.65 0.00128691 -3.2667e-05
35.7 0.00128913 -0.000164576
35.75 0.00129212 -0.000293639
35.8 0.00129586 -0.000419879
35.85 0.00130032 -0.00054332
35.9 0.00130545 -0.000663986
35.95 0.00131123 -0.000781902
36 0.00131761 -0.000897094
36.05 0.00132458 -0.00100959
36.1 0.00133209 -0.00111941
36.15 0.00134011 -0.00122658
36.2 0.00134861 -0.00133113
36.25 0.00135756 -0.00143309
36.3 0.00136692 -0.00153249
36.35 0.00137666 -0.00162934
36.4 0.00138674 -0.00172369
36.45 0.00139714 -0.00181555
36.5 0.00140783 -0.00190496
36.55 0.00141876 -0.00199194
36.6 0.00142992 -0.00207652
36.65 0.00144126 -0.00215874
36.7 0.00145276 -0.00223862
36.75 0.00146438 -0.0023162
36.8 0.00147611 -0.00239149
36.85 0.0014879 -0.00246453
36.9 0.00149972 -0.00253536
36.95 0.00151155 -0.00260399
37 0.00152336 -0.00267047
37.05 0.00153512 -0.00273482
37.1 0.0015468 -0.00279707
37.15 0.00155837 -0.00285726
37.2 0.00156981 -0.00291541
37.25 0.00158108 -0.00297155
37.3 0.00159217 -0.00302572
37.35 0.00160305 -0.00307795
37.4 0.00161369 -0.00312826
37.45 0.00162406 -0.0031767
37.5 0.00163415 -0.00322328
37.55 0.00164392 -0.00326804
37.6 0.00165336 -0.00331101
37.65 0.00166244 -0.00335223
37.7 0.00167114 -0.00339172
37.75 0.00167944 -0.00342951
37.8 0.00168731 -0.00346564
37.85 0.00169474 -0.00350014
37.9 0.00170171 -0.00353303
37.95 0.00170819 -0.00356435
38 0.00171417 -0.00359413
38.05 0.00171963 -0.00362239
38.1 0.00172456 -0.00364918
38.15 0.00172892 -0.00367451
38.2 0.00173272 -0.00369842
38.25 0.00173593 -0.00372094
38.3 0.00173854 -0.0037421
38.35 0.00174054 -0.00376193
38.4 0.0017419 -0.00378046
38.45 0.00174262 -0.00379771
38.5 0.00174269 -0.00381372
38.55 0.00174209 -0.00382852
38.6 0.00174081 -0.00384212
38.65 0.00173884 -0.00385458
38.7 0.00173618 -0.0038659
38.75 0.00173281 -0.00387612
38.8 0.00172872 -0.00388527
38.85 0.00172391 -0.00389337
38.9 0.00171837 -0.00390045
38.95 0.00171209 -0.00390655
39 0.00170507 -0.00391168
39.05 0.0016973 -0.00391587
39.1 0.00168878 -0.00391915
39.15 0.0016795 -0.00392154
39.2 0.00166947 -0.00392308
39.25 0.00165867 -0.00392378
39.3 0.00164711 -0.00392367
39.35 0.00163478 -0.00392278
39.4 0.00162169 -0.00392113
39.45 0.00160783 -0.00391875
39.5 0.00159321 -0.00391565
39.55 0.00157783 -0.00391187
39.6 0.00156168 -0.00390743
39.65 0.00154478 -0.00390234
39.7 0.00152712 -0.00389663
39.75 0.00150871 -0.00389033
39.8 0.00148955 -0.00388346
39.85 0.00146965 -0.00387603
39.9 0.00144901 -0.00386808
39.95 0.00142765 -0.00385961
40 0.00140555 -0.00385066
40.05 0.00138275 -0.00384123
40.1 0.00135923 -0.00383136
40.15 0.00133501 -0.00382106
40.2 0.0013101 -0.00381035
40.25 0.00128451 -0.00379926
40.3 0.00125825 -0.00378778
40.35 0.00123132 -0.00377596
40.4 0.00120374 -0.0037638
40.45 0.00117552 -0.00375132
40.5 0.00114668 -0.00373854
40.55 0.00111722 -0.00372548
40.6 0.00108716 -0.00371214
40.65 0.0010565 -0.00369856
40.7 0.00102527 -0.00368474
40.75 0.000993481 -0.0036707
40.8 0.000961141 -0.00365645
40.85 0.000928268 -0.00364202
40.9 0.000894878 -0.0036274
40.95 0.000860985 -0.00361263
41 0.000826606 -0.0035977
41.05 0.000791757 -0.00358264
41.1 0.000756454 -0.00356745
41.15 0.000720715 -0.00355216
41.2 0.000684556 -0.00353676
41.25 0.000647994 -0.00352128
41.3 0.000611049 -0.00350573
41.35 0.000573737 -0.00349011
41.4 0.000536076 -0.00347443
41.45 0.000498086 -0.00345872
41.5 0.000459785 -0.00344297
41.55 0.000421192 -0.00342719
41.6 0.000382325 -0.00341141
41.65 0.000343205 -0.00339562
41.7 0.000303851 -0.00337983
41.75 0.000264281 -0.00336405
41.8 0.000224517 -0.0033483
41.85 0.000184577 -0.00333257
41.9 0.000144482 -0.00331688
41.95 0.000104252 -0.00330124
42 6.39066e-05 -0.00328564
42.05 2.34663e-05 -0.0032701
42.1 -1.70485e-05 -0.00325462
42.15 -5.76177e-05 -0.00323921
42.2 -9.82208e-05 -0.00322388
42.25 -0.000138838 -0.00320862
42.3 -0.000179448 -0.00319345
42.35 -0.000220031 -0.00317837
42.4 -0.000260566 -0.00316338
42.45 -0.000301034 -0.00314849
42.5 -0.000341414 -0.0031337
42.55 -0.000381686 -0.00311902
42.6 -0.00042183 -0.00310445
42.65 -0.000461825 -0.00308999
42.7 -0.000501653 -0.00307564
42.75 -0.000541292 -0.00306142
42.8 -0.000580724 -0.00304731
42.85 -0.000619929 -0.00303333
42.9 -0.000658887 -0.00301947
42.95 -0.000697579 -0.00300574
43 -0.000735987 -0.00299213
43.05 -0.000774091 -0.00297866
43.1 -0.000811873 -0.00296531
43.15 -0.000849314 -0.0029521
43.2 -0.000886396 -0.00293901
43.25 -0.0009231 -0.00292606
43.3 -0.00095941 -0.00291325
43.35 -0.000995308 -0.00290056
43.4 -0.00103078 -0.00288801
43.45 -0.0010658 -0.00287559
43.5 -0.00110035 -0.00286331
43.55 -0.00113443 -0.00285115
43.6 -0.00116801 -0.00283913
43.65 -0.00120108 -0.00282723
43.7 -0.00123362 -0.00281546
43.75 -0.00126562 -0.00280382
43.8 -0.00129707 -0.00279231
43.85 -0.00132794 -0.00278092
43.9 -0.00135822 -0.00276966
43.95 -0.0013879 -0.00275851
44 -0.00141697 -0.00274749
44.05 -0.00144542 -0.00273658
44.1 -0.00147322 -0.00272578
44.15 -0.00150037 -0.0027151
44.2 -0.00152686 -0.00270453
44.25 -0.00155268 -0.00269407
44.3 -0.0015778 -0.00268372
44.35 -0.00160223 -0.00267346
44.4 -0.00162595 -0.00266331
44.45 -0.00164896 -0.00265326
44.5 -0.00167124 -0.0026433
44.55 -0.00169278 -0.00263343
44.6 -0.00171357 -0.00262365
44.65 -0.00173362 -0.00261396
44.7 -0.0017529 -0.00260434
44.75 -0.00177141 -0.00259481
44.8 -0.00178915 -0.00258536
44.85 -0.00180611 -0.00257598
44.9 -0.00182228 -0.00256666
44.95 -0.00183766 -0.00255742
45 -0.00185224 -0.00254824
45.05 -0.00186601 -0.00253911
45.1 -0.00187898 -0.00253005
45.15 -0.00189114 -0.00252104
45.2 -0.00190248 -0.00251207
45.25 -0.001913 -0.00250316
45.3 -0.00192271 -0.00249428
45.35 -0.00193159 -0.00248545
45.4 -0.00193966 -0.00247665
45.45 -0.00194689 -0.00246788
45.5 -0.0019533 -0.00245915
45.55 -0.00195889 -0.00245044
45.6 -0.00196365 -0.00244175
45.65 -0.00196759 -0.00243308
45.7 -0.00197071 -0.00242442
45.75 -0.001973 -0.00241578
45.8 -0.00197448 -0.00240715
45.85 -0.00197514 -0.00239852
45.9 -0.00197498 -0.00238989
45.95 -0.00197402 -0.00238127
46 -0.00197224 -0.00237264
46.05 -0.00196967 -0.002364
46.1 -0.0019663 -0.00235535
46.15 -0.00196214 -0.00234669
46.2 -0.00195719 -0.00233801
46.25 -0.00195145 -0.00232932
46.3 -0.00194495 -0.0023206
46.35 -0.00193767 -0.00231186
46.4 -0.00192964 -0.00230309
46.45 -0.00192085 -0.00229429
46.5 -0.00191131 -0.00228545
46.55 -0.00190104 -0.00227658
46.6 -0.00189004 -0.00226767
46.65 -0.00187832 -0.00225873
46.7 -0.00186589 -0.00224973
46.75 -0.00185275 -0.0022407
46.8 -0.00183893 -0.00223161
46.85 -0.00182442 -0.00222248
46.9 -0.00180925 -0.00221329
46.95 -0.00179341 -0.00220405
47 -0.00177693 -0.00219476
47.05 -0.00175981 -0.0021854
47.1 -0.00174207 -0.00217599
47.15 -0.00172371 -0.00216652
47.2 -0.00170476 -0.00215698
47.25 -0.00168521 -0.00214738
47.3 -0.0016651 -0.00213771
47.35 -0.00164442 -0.00212798
47.4 -0.0016232 -0.00211818
47.45 -0.00160144 -0.0021083
47.5 -0.00157916 -0.00209836
47.55 -0.00155637 -0.00208834
47.6 -0.0015331 -0.00207825
47.65 -0.00150935 -0.00206809
47.7 -0.00148513 -0.00205785
47.75 -0.00146047 -0.00204754
47.8 -0.00143538 -0.00203715
47.85 -0.00140987 -0.00202669
47.9 -0.00138396 -0.00201614
47.95 -0.00135767 -0.00200552
48 -0.001331 -0.00199482
48.05 -0.00130398 -0.00198405
48.1 -0.00127663 -0.00197319
48.15 -0.00124895 -0.00196226
48.2 -0.00122097 -0.00195125
48.25 -0.00119269 -0.00194016
48.3 -0.00116415 -0.00192899
48.35 -0.00113535 -0.00191774
48.4 -0.00110631 -0.00190642
48.45 -0.00107704 -0.00189502
48.5 -0.00104757 -0.00188354
48.55 -0.00101791 -0.00187198
48.6 -0.000988076 -0.00186036
48.65 -0.000958084 -0.00184865
48.7 -0.000927953 -0.00183687
48.75 -0.000897698 -0.00182502
48.8 -0.000867336 -0.0018131
48.85 -0.000836884 -0.0018011
48.9 -0.000806358 -0.00178903
48.95 -0.000775776 -0.0017769
49 -0.000745152 -0.00176469
49.05 -0.000714505 -0.00175242
49.1 -0.00068385 -0.00174009
49.15 -0.000653203 -0.00172769
49.2 -0.000622581 -0.00171522
49.25 -0.000591999 -0.0017027
49.3 -0.000561475 -0.00169011
49.35 -0.000531023 -0.00167747
49.4 -0.000500659 -0.00166477
49.45 -0.000470399 -0.00165201
49.5 -0.000440259 -0.0016392
49.55 -0.000410253 -0.00162634
49.6 -0.000380398 -0.00161343
49.65 -0.000350707 -0.00160048
49.7 -0.000321196 -0.00158747
49.75 -0.00029188 -0.00157442
49.8 -0.000262772 -0.00156133
49.85 -0.000233888 -0.0015482
49.9 -0.000205241 -0.00153503
49.95 -0.000176845 -0.00152183
50 -0.000148714 -0.00150859
