==============================================
 Job start time : Sun Apr 19 07:12:10 IST 2026
 Hostname       : rmgpu007
 SLURM Job ID   : 263732
==============================================
=== CUDA SOFTWARE STACK ===
/home/apps/spack/opt/spack/linux-almalinux8-cascadelake/gcc-14.2.0/cuda-12.8.0-myby63mp5x5brtstiuzbawdvyi2rjyf6/bin/nvcc
nvcc: NVIDIA (R) Cuda compiler driver
Copyright (c) 2005-2025 NVIDIA Corporation
Built on Wed_Jan_15_19:20:09_PST_2025
Cuda compilation tools, release 12.8, V12.8.61
Build cuda_12.8.r12.8/compiler.35404655_0
Sun Apr 19 07:12:10 2026       
+-----------------------------------------------------------------------------------------+
| NVIDIA-SMI 550.54.14              Driver Version: 550.54.14      CUDA Version: 12.4     |
|-----------------------------------------+------------------------+----------------------+
| GPU  Name                 Persistence-M | Bus-Id          Disp.A | Volatile Uncorr. ECC |
| Fan  Temp   Perf          Pwr:Usage/Cap |           Memory-Usage | GPU-Util  Compute M. |
|                                         |                        |               MIG M. |
|=========================================+========================+======================|
|   0  NVIDIA A100 80GB PCIe          Off |   00000000:3B:00.0 Off |                    0 |
| N/A   66C    P0            295W /  300W |    1887MiB /  81920MiB |     99%      Default |
|                                         |                        |             Disabled |
+-----------------------------------------+------------------------+----------------------+
|   1  NVIDIA A100 80GB PCIe          Off |   00000000:5E:00.0 Off |                    0 |
| N/A   61C    P0             58W /  300W |       0MiB /  81920MiB |      0%      Default |
|                                         |                        |             Disabled |
+-----------------------------------------+------------------------+----------------------+
                                                                                         
+-----------------------------------------------------------------------------------------+
| Processes:                                                                              |
|  GPU   GI   CI        PID   Type   Process name                              GPU Memory |
|        ID   ID                                                               Usage      |
|=========================================================================================|
|    0   N/A  N/A    967313      C   ...ngh/software/builds/GPUMD/src/gpumd       1878MiB |
+-----------------------------------------------------------------------------------------+

=== GPU TOPOLOGY ===
	[4mGPU0	GPU1	NIC0	CPU Affinity	NUMA Affinity	GPU NUMA ID[0m
GPU0	 X 	SYS	SYS	0-23	0		N/A
GPU1	SYS	 X 	SYS	0-23	0		N/A
NIC0	SYS	SYS	 X 				

Legend:

  X    = Self
  SYS  = Connection traversing PCIe as well as the SMP interconnect between NUMA nodes (e.g., QPI/UPI)
  NODE = Connection traversing PCIe as well as the interconnect between PCIe Host Bridges within a NUMA node
  PHB  = Connection traversing PCIe as well as a PCIe Host Bridge (typically the CPU)
  PXB  = Connection traversing multiple PCIe bridges (without traversing the PCIe Host Bridge)
  PIX  = Connection traversing at most a single PCIe bridge
  NV#  = Connection traversing a bonded set of # NVLinks

NIC Legend:

  NIC0: mlx5_0


=== MIG STATUS ===
GPU 0: NVIDIA A100 80GB PCIe (UUID: GPU-6a3431a1-47d2-1ba7-25be-7183b017036b)
GPU 1: NVIDIA A100 80GB PCIe (UUID: GPU-bb3eb9e5-24d5-6cbd-e258-d10e3903d515)
    MIG Mode
        Current                           : Disabled
        Pending                           : Disabled
    Accounting Mode                       : Disabled
    Accounting Mode Buffer Size           : 4000
    Driver Model
        Current                           : N/A
        Pending                           : N/A
    Serial Number                         : 1650724020711
    GPU UUID                              : GPU-6a3431a1-47d2-1ba7-25be-7183b017036b
    Minor Number                          : 0
    MIG Mode
        Current                           : Disabled
        Pending                           : Disabled
    Accounting Mode                       : Disabled
    Accounting Mode Buffer Size           : 4000
    Driver Model
        Current                           : N/A
        Pending                           : N/A
    Serial Number                         : 1650724020580
    GPU UUID                              : GPU-bb3eb9e5-24d5-6cbd-e258-d10e3903d515
    Minor Number                          : 1

=== DETAILED GPU INFO ===
Failed to parse --display/-d flags

=== CLOCKS & POWER ===
index, name, pstate, clocks.current.sm [MHz], clocks.current.memory [MHz], clocks.current.graphics [MHz], clocks.max.sm [MHz], clocks.max.memory [MHz], power.limit [W], power.draw [W]
0, NVIDIA A100 80GB PCIe, P0, 1395 MHz, 1512 MHz, 1395 MHz, 1410 MHz, 1512 MHz, 300.00 W, 308.12 W
1, NVIDIA A100 80GB PCIe, P0, 1410 MHz, 1512 MHz, 1410 MHz, 1410 MHz, 1512 MHz, 300.00 W, 89.59 W

=== ENVIRONMENT VARIABLES ===
CUDA_VISIBLE_DEVICES=1
LD_LIBRARY_PATH=/home/apps/spack/opt/spack/linux-almalinux8-cascadelake/gcc-14.2.0/cuda-12.8.0-myby63mp5x5brtstiuzbawdvyi2rjyf6/lib64:/home/apps/spack/opt/spack/linux-almalinux8-cascadelake/gcc-12.4.0/libxml2-2.13.4-en2eed4icbjy7n3xhtl2j2cevpyb6npb/lib:/home/apps/spack/opt/spack/linux-almalinux8-skylake_avx512/gcc-8.5.0/xz-5.4.6-je37lj4hysqhaqucqy4xy4zd5lumeybp/lib:/home/apps/spack/opt/spack/linux-almalinux8-skylake_avx512/gcc-8.5.0/gcc-runtime-8.5.0-cqzkmjoidtgywj4bmkt5p5yhh4rlrbbu/lib:/home/apps/spack/opt/spack/linux-almalinux8-skylake_avx512/gcc-8.5.0/gcc-14.2.0-777kyuf4vkkigdgkahtpexd4ciudue6t/lib:/home/apps/spack/opt/spack/linux-almalinux8-skylake_avx512/gcc-8.5.0/gcc-14.2.0-777kyuf4vkkigdgkahtpexd4ciudue6t/lib64:/home/apps/spack/opt/spack/linux-almalinux8-skylake_avx512/gcc-8.5.0/mpc-1.3.1-qiu6dv2oinirue455thv2d7orovs35j2/lib:/home/apps/spack/opt/spack/linux-almalinux8-skylake_avx512/gcc-8.5.0/mpfr-4.2.1-wvjtu4c4lry3wbwergifwdmvtpxc5kbx/lib:/home/apps/spack/opt/spack/linux-almalinux8-skylake_avx512/gcc-8.5.0/gmp-6.3.0-4gikgahplgp7q2zncrx7qaw36pggcu32/lib:/home/apps/spack/opt/spack/linux-almalinux8-skylake_avx512/gcc-8.5.0/binutils-2.43.1-kdsptcvu47ycjbjvxd5jxc3forasqox2/lib:/home/apps/spack/opt/spack/linux-almalinux8-skylake_avx512/gcc-8.5.0/zstd-1.5.6-fg5aduuvpbenkjrxckapajfxgpfm4w7d/lib:/home/apps/spack/opt/spack/linux-almalinux8-skylake_avx512/gcc-8.5.0/zlib-ng-2.2.1-orhazg6c76zhyghao4pyloosvciayj2k/lib:/home/IITB/multiscale-mechanics/amit.k.singh/software/builds/plumed/lib::
PATH=/home/apps/spack/opt/spack/linux-almalinux8-cascadelake/gcc-14.2.0/cuda-12.8.0-myby63mp5x5brtstiuzbawdvyi2rjyf6/bin:/home/apps/spack/opt/spack/linux-almalinux8-cascadelake/gcc-12.4.0/libxml2-2.13.4-en2eed4icbjy7n3xhtl2j2cevpyb6npb/bin:/home/apps/spack/opt/spack/linux-almalinux8-skylake_avx512/gcc-8.5.0/xz-5.4.6-je37lj4hysqhaqucqy4xy4zd5lumeybp/bin:/home/apps/spack/opt/spack/linux-almalinux8-skylake_avx512/gcc-8.5.0/gcc-14.2.0-777kyuf4vkkigdgkahtpexd4ciudue6t/bin:/home/apps/spack/opt/spack/linux-almalinux8-skylake_avx512/gcc-8.5.0/binutils-2.43.1-kdsptcvu47ycjbjvxd5jxc3forasqox2/bin:/home/IITB/multiscale-mechanics/amit.k.singh/software/builds/plumed/bin:/home/IITB/multiscale-mechanics/amit.k.singh/software/installed/vmd/bin:/home/IITB/multiscale-mechanics/amit.k.singh/software/builds/GPUMD/src:/home/IITB/multiscale-mechanics/amit.k.singh/anaconda3/bin:/home/IITB/multiscale-mechanics/amit.k.singh/anaconda3/condabin:/home/apps/spack/bin:/home/IITB/multiscale-mechanics/amit.k.singh/.local/bin:/home/IITB/multiscale-mechanics/amit.k.singh/bin:/lustre-scratch/DDN/exa-client/exa_client_perf_scripts-1.1.9:/usr/local/bin:/usr/bin:/usr/local/sbin:/usr/sbin:/var/lib/snapd/snap/bin

=== Starting GPU monitor ===
=== Starting GPUMD ===
Start time: Sun Apr 19 07:12:13 IST 2026
GPUMD exit code: 0
End time: Sun Apr 19 21:29:27 IST 2026
=== FINAL GPU STATE ===
Sun Apr 19 21:29:33 2026       
+-----------------------------------------------------------------------------------------+
| NVIDIA-SMI 550.54.14              Driver Version: 550.54.14      CUDA Version: 12.4     |
|-----------------------------------------+------------------------+----------------------+
| GPU  Name                 Persistence-M | Bus-Id          Disp.A | Volatile Uncorr. ECC |
| Fan  Temp   Perf          Pwr:Usage/Cap |           Memory-Usage | GPU-Util  Compute M. |
|                                         |                        |               MIG M. |
|=========================================+========================+======================|
|   0  NVIDIA A100 80GB PCIe          Off |   00000000:3B:00.0 Off |                    0 |
| N/A   33C    P0             67W /  300W |       0MiB /  81920MiB |      0%      Default |
|                                         |                        |             Disabled |
+-----------------------------------------+------------------------+----------------------+
|   1  NVIDIA A100 80GB PCIe          Off |   00000000:5E:00.0 Off |                    0 |
| N/A   63C    P0             93W /  300W |       0MiB /  81920MiB |      2%      Default |
|                                         |                        |             Disabled |
+-----------------------------------------+------------------------+----------------------+
                                                                                         
+-----------------------------------------------------------------------------------------+
| Processes:                                                                              |
|  GPU   GI   CI        PID   Type   Process name                              GPU Memory |
|        ID   ID                                                               Usage      |
|=========================================================================================|
|  No running processes found                                                             |
+-----------------------------------------------------------------------------------------+

==============================================
 Job finished at: Sun Apr 19 21:29:35 IST 2026
==============================================
