-0.498 -0.00105157 0.000392181
-0.496 -0.00430715 0.00156832
-0.494 -0.00990546 0.00352187
-0.492 -0.0179684 0.00623834
-0.49 -0.0286011 0.0096954
-0.488 -0.0418917 0.013863
-0.486 -0.0579119 0.0187033
-0.484 -0.0767169 0.0241713
-0.482 -0.0983456 0.0302146
-0.48 -0.122822 0.0367738
-0.478 -0.150153 0.0437831
-0.476 -0.180333 0.05117
-0.474 -0.21334 0.0588562
-0.472 -0.249141 0.0667579
-0.47 -0.287687 0.0747861
-0.468 -0.32892 0.082847
-0.466 -0.372769 0.0908427
-0.464 -0.419152 0.0986714
-0.462 -0.467977 0.106228
-0.46 -0.519145 0.113406
-0.458 -0.572547 0.120095
-0.456 -0.628067 0.126184
-0.454 -0.685584 0.131561
-0.452 -0.744968 0.136115
-0.45 -0.806087 0.139732
-0.448 -0.868806 0.142303
-0.446 -0.932983 0.143717
-0.444 -0.998476 0.143867
-0.442 -1.06514 0.14265
-0.44 -1.13283 0.139964
-0.438 -1.2014 0.135712
-0.436 -1.27071 0.129802
-0.434 -1.34061 0.122147
-0.432 -1.41095 0.112665
-0.43 -1.48159 0.101282
-0.428 -1.5524 0.0879281
-0.426 -1.62324 0.0725441
-0.424 -1.69396 0.0550766
-0.422 -1.76444 0.0354811
-0.42 -1.83455 0.0137217
-0.418 -1.90417 -0.0102281
-0.416 -1.97316 -0.0363853
-0.414 -2.04141 -0.0647569
-0.412 -2.1088 -0.0953398
-0.41 -2.17522 -0.12812
-0.408 -2.24055 -0.163073
-0.406 -2.30469 -0.200164
-0.404 -2.36754 -0.239345
-0.402 -2.42898 -0.280558
-0.4 -2.48891 -0.323734
-0.398 -2.54724 -0.36879
-0.396 -2.60386 -0.415635
-0.394 -2.65867 -0.464164
-0.392 -2.71157 -0.51426
-0.39 -2.76247 -0.565796
-0.388 -2.81125 -0.618633
-0.386 -2.85782 -0.67262
-0.384 -2.90206 -0.727597
-0.382 -2.94389 -0.783392
-0.38 -2.98317 -0.839821
-0.378 -3.0198 -0.896693
-0.376 -3.05366 -0.953804
-0.374 -3.08463 -1.01094
-0.372 -3.11259 -1.06789
-0.37 -3.13739 -1.12442
-0.368 -3.15891 -1.18028
-0.366 -3.17701 -1.23525
-0.364 -3.19153 -1.28906
-0.362 -3.20232 -1.34146
-0.36 -3.20923 -1.39219
-0.358 -3.21209 -1.44097
-0.356 -3.21073 -1.48755
-0.354 -3.20499 -1.53165
-0.352 -3.19467 -1.57299
-0.35 -3.1796 -1.6113
-0.348 -3.15959 -1.6463
-0.346 -3.13446 -1.67771
-0.344 -3.10399 -1.70526
-0.342 -3.06801 -1.72869
-0.34 -3.02632 -1.74772
-0.338 -2.97871 -1.76208
-0.336 -2.925 -1.77154
-0.334 -2.86498 -1.77583
-0.332 -2.79847 -1.77472
-0.33 -2.72527 -1.76797
-0.328 -2.64522 -1.75536
-0.326 -2.55812 -1.73669
-0.324 -2.4638 -1.71175
-0.322 -2.36212 -1.68036
-0.32 -2.25291 -1.64234
-0.318 -2.13605 -1.59755
-0.316 -2.01139 -1.54583
-0.314 -1.87883 -1.48708
-0.312 -1.73828 -1.42118
-0.31 -1.58965 -1.34805
-0.308 -1.43287 -1.26761
-0.306 -1.2679 -1.17983
-0.304 -1.09472 -1.08466
-0.302 -0.913316 -0.982103
-0.3 -0.723708 -0.872169
-0.298 -0.525934 -0.754891
-0.296 -0.320053 -0.630321
-0.294 -0.10615 -0.498536
-0.292 0.115668 -0.359631
-0.29 0.34527 -0.213723
-0.288 0.582499 -0.06095
-0.286 0.827176 0.0985292
-0.284 1.0791 0.264536
-0.282 1.33803 0.436873
-0.28 1.60372 0.615322
-0.278 1.8759 0.799647
-0.276 2.15427 0.989596
-0.274 2.43849 1.1849
-0.272 2.72824 1.38526
-0.27 3.02314 1.59039
-0.268 3.3228 1.79996
-0.266 3.62683 2.01365
-0.264 3.9348 2.23112
-0.262 4.24627 2.452
-0.26 4.56078 2.67594
-0.258 4.87786 2.90256
-0.256 5.19702 3.13149
-0.254 5.51777 3.36233
-0.252 5.83959 3.59469
-0.25 6.16196 3.82817
-0.248 6.48436 4.06238
-0.246 6.80624 4.29691
-0.244 7.12706 4.53136
-0.242 7.44627 4.76531
-0.24 7.76332 4.99838
-0.238 8.07765 5.23016
-0.236 8.38871 5.46025
-0.234 8.69592 5.68826
-0.232 8.99874 5.9138
-0.23 9.29661 6.13649
-0.228 9.58896 6.35595
-0.226 9.87526 6.57183
-0.224 10.1549 6.78375
-0.222 10.4275 6.99136
-0.22 10.6923 7.19434
-0.218 10.949 7.39234
-0.216 11.1969 7.58505
-0.214 11.4356 7.77216
-0.212 11.6645 7.95338
-0.21 11.8832 8.12842
-0.208 12.0912 8.29701
-0.206 12.288 8.45889
-0.204 12.4732 8.61383
-0.202 12.6463 8.76158
-0.2 12.807 8.90194
-0.198 12.9547 9.0347
-0.196 13.0892 9.15967
-0.194 13.21 9.27668
-0.192 13.3169 9.38557
-0.19 13.4094 9.48619
-0.188 13.4873 9.57842
-0.186 13.5502 9.66214
-0.184 13.598 9.73726
-0.182 13.6304 9.80368
-0.18 13.647 9.86135
-0.178 13.6479 9.91019
-0.176 13.6328 9.95019
-0.174 13.6015 9.9813
-0.172 13.554 10.0035
-0.17 13.4901 10.0169
-0.168 13.4099 10.0213
-0.166 13.3133 10.017
-0.164 13.2004 10.0039
-0.162 13.0712 9.98203
-0.16 12.9257 9.95156
-0.158 12.7641 9.91256
-0.156 12.5866 9.86513
-0.154 12.3933 9.8094
-0.152 12.1845 9.7455
-0.15 11.9605 9.67359
-0.148 11.7215 9.59384
-0.146 11.4679 9.50641
-0.144 11.2001 9.41152
-0.142 10.9185 9.30936
-0.14 10.6236 9.20016
-0.138 10.3159 9.08415
-0.136 9.99583 8.96158
-0.134 9.66408 8.83271
-0.132 9.32124 8.69782
-0.13 8.96797 8.55717
-0.128 8.60496 8.41108
-0.126 8.23294 8.25985
-0.124 7.85268 8.1038
-0.122 7.46499 7.94325
-0.12 7.0707 7.77855
-0.118 6.67069 7.61004
-0.116 6.26585 7.43809
-0.114 5.85713 7.26306
-0.112 5.44548 7.08532
-0.11 5.03189 6.90525
-0.108 4.61739 6.72325
-0.106 4.203 6.5397
-0.104 3.78979 6.35501
-0.102 3.37884 6.16958
-0.1 2.97123 5.98381
-0.098 2.56808 5.79811
-0.096 2.17049 5.6129
-0.094 1.7796 5.42858
-0.092 1.39653 5.24556
-0.09 1.02241 5.06425
-0.088 0.658355 4.88506
-0.086 0.305485 4.70839
-0.084 -0.0350938 4.53463
-0.082 -0.362294 4.36417
-0.08 -0.675046 4.19739
-0.078 -0.972304 4.03467
-0.076 -1.25305 3.87636
-0.074 -1.5163 3.72281
-0.072 -1.76112 3.57435
-0.07 -1.98659 3.43132
-0.068 -2.19187 3.29399
-0.066 -2.37614 3.16267
-0.064 -2.53867 3.03761
-0.062 -2.67877 2.91906
-0.06 -2.79582 2.80724
-0.058 -2.88928 2.70233
-0.056 -2.95868 2.60452
-0.054 -3.00363 2.51395
-0.052 -3.02382 2.43072
-0.05 -3.01903 2.35493
-0.048 -2.98915 2.28662
-0.046 -2.93412 2.22583
-0.044 -2.85403 2.17255
-0.042 -2.74903 2.12673
-0.04 -2.61939 2.0883
-0.038 -2.46547 2.05715
-0.036 -2.28775 2.03315
-0.034 -2.08679 2.0161
-0.032 -1.86326 2.00581
-0.03 -1.61796 2.00204
-0.028 -1.35174 2.0045
-0.026 -1.06559 2.01289
-0.024 -0.760566 2.02688
-0.022 -0.43783 2.04609
-0.02 -0.0986251 2.07014
-0.018 0.255724 2.09859
-0.016 0.623816 2.13101
-0.014 1.00418 2.16693
-0.012 1.39528 2.20585
-0.01 1.79553 2.24726
-0.008 2.20328 2.29065
-0.006 2.61686 2.33548
-0.004 3.03455 2.3812
-0.002 3.45461 2.42725
0 3.87528 2.47307
0.002 4.29478 2.51818
0.004 4.71137 2.56195
0.006 5.12329 2.60381
0.008 5.52882 2.64321
0.01 5.92624 2.67961
0.012 6.31388 2.71248
0.014 6.69011 2.74129
0.016 7.05335 2.76555
0.018 7.40209 2.78477
0.02 7.73487 2.79849
0.022 8.0503 2.80629
0.024 8.34709 2.80774
0.026 8.62401 2.80247
0.028 8.87993 2.79011
0.03 9.1138 2.77036
0.032 9.32469 2.7429
0.034 9.51174 2.7075
0.036 9.67421 2.66391
0.038 9.81145 2.61196
0.04 9.92293 2.55147
0.042 10.0082 2.48234
0.044 10.0669 2.40446
0.046 10.0989 2.3178
0.048 10.104 2.22233
0.05 10.0822 2.11807
0.052 10.0335 2.00506
0.054 9.95811 1.88339
0.056 9.85632 1.75317
0.058 9.72845 1.61453
0.06 9.57492 1.46766
0.062 9.39626 1.31275
0.064 9.19304 1.15003
0.066 8.96592 0.979747
0.068 8.71564 0.802177
0.07 8.44297 0.617618
0.072 8.14877 0.426389
0.074 7.83393 0.228826
0.076 7.4994 0.0252858
0.078 7.14616 -0.183861
0.08 6.77525 -0.398227
0.082 6.38773 -0.617412
0.084 5.98469 -0.841007
0.086 5.56723 -1.06859
0.088 5.13651 -1.29972
0.09 4.69366 -1.53398
0.092 4.23985 -1.7709
0.094 3.77625 -2.01005
0.096 3.30404 -2.25097
0.098 2.82438 -2.49321
0.1 2.33844 -2.7363
0.102 1.8474 -2.9798
0.104 1.35241 -3.22324
0.106 0.854601 -3.46618
0.108 0.355106 -3.70815
0.11 -0.144969 -3.94873
0.112 -0.644537 -4.18746
0.114 -1.14253 -4.42391
0.116 -1.63792 -4.65766
0.118 -2.12968 -4.88827
0.12 -2.61684 -5.11535
0.122 -3.09844 -5.33848
0.124 -3.57356 -5.55728
0.126 -4.04132 -5.77135
0.128 -4.50086 -5.98034
0.13 -4.95136 -6.18387
0.132 -5.39206 -6.3816
0.134 -5.8222 -6.5732
0.136 -6.24108 -6.75834
0.138 -6.64803 -6.93671
0.14 -7.04244 -7.10801
0.142 -7.4237 -7.27197
0.144 -7.79129 -7.42832
0.146 -8.14469 -7.57681
0.148 -8.48343 -7.7172
0.15 -8.80709 -7.84926
0.152 -9.11528 -7.9728
0.154 -9.40765 -8.08762
0.156 -9.68389 -8.19354
0.158 -9.94374 -8.29042
0.16 -10.1869 -8.3781
0.162 -10.4133 -8.45647
0.164 -10.6227 -8.5254
0.166 -10.815 -8.58482
0.168 -10.9901 -8.63463
0.17 -11.148 -8.67478
0.172 -11.2886 -8.70523
0.174 -11.4119 -8.72595
0.176 -11.518 -8.73692
0.178 -11.607 -8.73816
0.18 -11.6789 -8.72968
0.182 -11.734 -8.71152
0.184 -11.7723 -8.68373
0.186 -11.7941 -8.64639
0.188 -11.7996 -8.59958
0.19 -11.7889 -8.54341
0.192 -11.7625 -8.47798
0.194 -11.7205 -8.40345
0.196 -11.6633 -8.31995
0.198 -11.5912 -8.22765
0.2 -11.5045 -8.12673
0.202 -11.4037 -8.01739
0.204 -11.2891 -7.89983
0.206 -11.1611 -7.77429
0.208 -11.0202 -7.641
0.21 -10.8668 -7.50022
0.212 -10.7013 -7.35221
0.214 -10.5243 -7.19726
0.216 -10.3362 -7.03565
0.218 -10.1374 -6.86769
0.22 -9.92858 -6.69371
0.222 -9.71017 -6.51403
0.224 -9.48272 -6.32899
0.226 -9.24676 -6.13895
0.228 -9.00284 -5.94426
0.23 -8.75151 -5.7453
0.232 -8.49334 -5.54244
0.234 -8.22889 -5.33608
0.236 -7.95872 -5.1266
0.238 -7.6834 -4.9144
0.24 -7.40352 -4.69989
0.242 -7.11965 -4.48348
0.244 -6.83235 -4.26558
0.246 -6.5422 -4.04661
0.248 -6.24977 -3.82697
0.25 -5.95563 -3.60709
0.252 -5.66033 -3.38738
0.254 -5.36443 -3.16825
0.256 -5.06847 -2.9501
0.258 -4.77299 -2.73336
0.26 -4.4785 -2.51841
0.262 -4.18553 -2.30564
0.264 -3.89457 -2.09545
0.266 -3.60611 -1.8882
0.268 -3.32061 -1.68426
0.27 -3.03852 -1.48399
0.272 -2.76028 -1.28773
0.274 -2.4863 -1.0958
0.276 -2.21697 -0.908528
0.278 -1.95267 -0.726201
0.28 -1.69374 -0.549105
0.282 -1.44052 -0.377506
0.284 -1.1933 -0.211652
0.286 -0.952365 -0.0517709
0.288 -0.717971 0.101927
0.29 -0.490349 0.24925
0.292 -0.269703 0.39003
0.294 -0.0562141 0.524117
0.296 0.149961 0.651382
0.298 0.348691 0.771718
0.3 0.539868 0.885038
0.302 0.723411 0.991277
0.304 0.89926 1.09039
0.306 1.06738 1.18236
0.308 1.22775 1.26718
0.31 1.38037 1.34487
0.312 1.52529 1.41546
0.314 1.66254 1.47903
0.316 1.79218 1.53563
0.318 1.91429 1.58538
0.32 2.02898 1.62837
0.322 2.13635 1.66476
0.324 2.23653 1.69467
0.326 2.32965 1.71828
0.328 2.41585 1.73575
0.33 2.49531 1.74728
0.332 2.56817 1.75308
0.334 2.63461 1.75335
0.336 2.6948 1.74833
0.338 2.74893 1.73824
0.34 2.79718 1.72333
0.342 2.83973 1.70384
0.344 2.87677 1.68004
0.346 2.9085 1.65219
0.348 2.93508 1.62054
0.35 2.95671 1.58538
0.352 2.97358 1.54696
0.354 2.98585 1.50557
0.356 2.9937 1.46147
0.358 2.99731 1.41493
0.36 2.99683 1.36624
0.362 2.99244 1.31564
0.364 2.98429 1.2634
0.366 2.97253 1.2098
0.368 2.9573 1.15506
0.37 2.93875 1.09946
0.372 2.91701 1.04322
0.374 2.89221 0.98659
0.376 2.86448 0.929788
0.378 2.83394 0.873034
0.38 2.8007 0.816539
0.382 2.76488 0.760505
0.384 2.72659 0.705122
0.386 2.68593 0.650571
0.388 2.643 0.597024
0.39 2.59791 0.54464
0.392 2.55075 0.493568
0.394 2.50163 0.443947
0.396 2.45063 0.395903
0.398 2.39786 0.349552
0.4 2.34341 0.304996
0.402 2.28738 0.262328
0.404 2.22986 0.221629
0.406 2.17096 0.182967
0.408 2.11078 0.1464
0.41 2.04942 0.111973
0.412 1.98698 0.079723
0.414 1.92357 0.049672
0.416 1.85931 0.0218335
0.418 1.7943 -0.0037901
0.42 1.72867 -0.0272066
0.422 1.66253 -0.0484339
0.424 1.596 -0.0674993
0.426 1.52922 -0.0844393
0.428 1.46231 -0.0992993
0.43 1.3954 -0.112133
0.432 1.32863 -0.123002
0.434 1.26214 -0.131975
0.436 1.19605 -0.139128
0.438 1.13052 -0.144543
0.44 1.06567 -0.148307
0.442 1.00167 -0.150515
0.444 0.938633 -0.151263
0.446 0.876716 -0.150653
0.448 0.816054 -0.14879
0.45 0.756785 -0.145781
0.452 0.699044 -0.141738
0.454 0.642963 -0.13677
0.456 0.588669 -0.130991
0.458 0.536285 -0.124514
0.46 0.485927 -0.11745
0.462 0.437706 -0.109911
0.464 0.391724 -0.102007
0.466 0.348077 -0.0938464
0.468 0.30685 -0.0855335
0.47 0.268119 -0.0771708
0.472 0.231948 -0.0688565
0.474 0.198393 -0.0606847
0.476 0.167495 -0.0527449
0.478 0.139282 -0.0451213
0.48 0.11377 -0.0378926
0.482 0.0909614 -0.0311316
0.484 0.0708422 -0.0249048
0.486 0.0533845 -0.019272
0.488 0.0385446 -0.0142862
0.49 0.0262628 -0.00999332
0.492 0.0164635 -0.00643166
0.494 0.00905443 -0.00363217
0.496 0.00392702 -0.00161807
0.498 0.000956095 -0.000404806
0.05 2.03085 1.29763
0.1 2.0308 1.29759
0.15 2.03072 1.29751
0.2 2.0306 1.2974
0.25 2.03046 1.29726
0.3 2.03028 1.29709
0.35 2.03007 1.29689
0.4 2.02983 1.29666
0.45 2.02955 1.2964
0.5 2.02924 1.29611
0.55 2.0289 1.29578
0.6 2.02853 1.29543
0.65 2.02812 1.29505
0.7 2.02768 1.29463
0.75 2.02721 1.29418
0.8 2.02671 1.29371
0.85 2.02617 1.2932
0.9 2.0256 1.29266
0.95 2.025 1.29209
1 2.02436 1.29149
1.05 2.02369 1.29086
1.1 2.02299 1.2902
1.15 2.02226 1.28951
1.2 2.02149 1.28879
1.25 2.02069 1.28804
1.3 2.01985 1.28726
1.35 2.01898 1.28645
1.4 2.01808 1.2856
1.45 2.01714 1.28473
1.5 2.01617 1.28383
1.55 2.01517 1.2829
1.6 2.01413 1.28193
1.65 2.01306 1.28094
1.7 2.01196 1.27992
1.75 2.01082 1.27886
1.8 2.00964 1.27778
1.85 2.00843 1.27667
1.9 2.00719 1.27553
1.95 2.00591 1.27435
2 2.0046 1.27315
2.05 2.00325 1.27192
2.1 2.00187 1.27066
2.15 2.00045 1.26937
2.2 1.99899 1.26805
2.25 1.9975 1.2667
2.3 1.99598 1.26532
2.35 1.99442 1.26391
2.4 1.99282 1.26247
2.45 1.99119 1.261
2.5 1.98952 1.25951
2.55 1.98782 1.25798
2.6 1.98608 1.25643
2.65 1.9843 1.25485
2.7 1.98249 1.25324
2.75 1.98064 1.2516
2.8 1.97875 1.24993
2.85 1.97683 1.24823
2.9 1.97487 1.24651
2.95 1.97287 1.24476
3 1.97083 1.24297
3.05 1.96876 1.24116
3.1 1.96665 1.23933
3.15 1.9645 1.23746
3.2 1.96232 1.23557
3.25 1.96009 1.23365
3.3 1.95783 1.2317
3.35 1.95553 1.22972
3.4 1.95319 1.22772
3.45 1.95081 1.22568
3.5 1.94839 1.22363
3.55 1.94594 1.22154
3.6 1.94344 1.21943
3.65 1.94091 1.21729
3.7 1.93834 1.21512
3.75 1.93573 1.21293
3.8 1.93307 1.21071
3.85 1.93038 1.20846
3.9 1.92765 1.20619
3.95 1.92488 1.20389
4 1.92207 1.20156
4.05 1.91922 1.19921
4.1 1.91633 1.19684
4.15 1.9134 1.19443
4.2 1.91042 1.192
4.25 1.90741 1.18955
4.3 1.90436 1.18707
4.35 1.90126 1.18457
4.4 1.89813 1.18204
4.45 1.89495 1.17948
4.5 1.89174 1.1769
4.55 1.88848 1.1743
4.6 1.88518 1.17167
4.65 1.88184 1.16902
4.7 1.87846 1.16634
4.75 1.87503 1.16364
4.8 1.87157 1.16091
4.85 1.86806 1.15816
4.9 1.86451 1.15539
4.95 1.86092 1.15259
5 1.85729 1.14977
5.05 1.85362 1.14692
5.1 1.8499 1.14406
5.15 1.84615 1.14117
5.2 1.84235 1.13825
5.25 1.8385 1.13532
5.3 1.83462 1.13236
5.35 1.83069 1.12938
5.4 1.82673 1.12638
5.45 1.82272 1.12335
5.5 1.81866 1.12031
5.55 1.81457 1.11724
5.6 1.81043 1.11415
5.65 1.80625 1.11104
5.7 1.80203 1.10791
5.75 1.79777 1.10475
5.8 1.79346 1.10158
5.85 1.78911 1.09838
5.9 1.78472 1.09517
5.95 1.78029 1.09193
6 1.77581 1.08868
6.05 1.7713 1.0854
6.1 1.76674 1.08211
6.15 1.76214 1.07879
6.2 1.75749 1.07546
6.25 1.75281 1.0721
6.3 1.74808 1.06873
6.35 1.74331 1.06534
6.4 1.7385 1.06193
6.45 1.73365 1.0585
6.5 1.72876 1.05505
6.55 1.72383 1.05159
6.6 1.71885 1.0481
6.65 1.71383 1.0446
6.7 1.70878 1.04108
6.75 1.70368 1.03755
6.8 1.69854 1.03399
6.85 1.69336 1.03042
6.9 1.68814 1.02684
6.95 1.68287 1.02323
7 1.67757 1.01961
7.05 1.67223 1.01598
7.1 1.66685 1.01233
7.15 1.66143 1.00866
7.2 1.65597 1.00498
7.25 1.65047 1.00128
7.3 1.64493 0.997567
7.35 1.63935 0.993839
7.4 1.63373 0.990096
7.45 1.62807 0.986339
7.5 1.62238 0.982567
7.55 1.61665 0.978782
7.6 1.61088 0.974983
7.65 1.60507 0.97117
7.7 1.59922 0.967344
7.75 1.59334 0.963505
7.8 1.58742 0.959652
7.85 1.58146 0.955787
7.9 1.57547 0.95191
7.95 1.56944 0.94802
8 1.56338 0.944118
8.05 1.55728 0.940204
8.1 1.55114 0.936279
8.15 1.54497 0.932342
8.2 1.53877 0.928394
8.25 1.53253 0.924435
8.3 1.52625 0.920466
8.35 1.51995 0.916486
8.4 1.51361 0.912495
8.45 1.50723 0.908495
8.5 1.50083 0.904485
8.55 1.49439 0.900465
8.6 1.48792 0.896436
8.65 1.48142 0.892397
8.7 1.47488 0.88835
8.75 1.46832 0.884294
8.8 1.46173 0.88023
8.85 1.4551 0.876158
8.9 1.44845 0.872077
8.95 1.44176 0.867989
9 1.43505 0.863893
9.05 1.42831 0.85979
9.1 1.42154 0.85568
9.15 1.41475 0.851564
9.2 1.40792 0.84744
9.25 1.40107 0.843311
9.3 1.3942 0.839175
9.35 1.38729 0.835033
9.4 1.38037 0.830886
9.45 1.37341 0.826733
9.5 1.36644 0.822575
9.55 1.35944 0.818412
9.6 1.35241 0.814245
9.65 1.34536 0.810073
9.7 1.33829 0.805897
9.75 1.3312 0.801717
9.8 1.32409 0.797533
9.85 1.31695 0.793345
9.9 1.3098 0.789154
9.95 1.30262 0.784961
10 1.29543 0.780764
10.05 1.28821 0.776565
10.1 1.28098 0.772363
10.15 1.27373 0.76816
10.2 1.26646 0.763954
10.25 1.25917 0.759747
10.3 1.25187 0.755538
10.35 1.24455 0.751329
10.4 1.23722 0.747118
10.45 1.22987 0.742907
10.5 1.22251 0.738695
10.55 1.21513 0.734483
10.6 1.20774 0.73027
10.65 1.20034 0.726058
10.7 1.19292 0.721847
10.75 1.1855 0.717636
10.8 1.17806 0.713426
10.85 1.17061 0.709217
10.9 1.16316 0.70501
10.95 1.15569 0.700804
11 1.14821 0.6966
11.05 1.14073 0.692398
11.1 1.13324 0.688198
11.15 1.12574 0.684
11.2 1.11824 0.679806
11.25 1.11072 0.675614
11.3 1.10321 0.671425
11.35 1.09569 0.66724
11.4 1.08816 0.663058
11.45 1.08063 0.658881
11.5 1.0731 0.654707
11.55 1.06557 0.650537
11.6 1.05803 0.646372
11.65 1.0505 0.642212
11.7 1.04296 0.638056
11.75 1.03542 0.633906
11.8 1.02788 0.629761
11.85 1.02035 0.625621
11.9 1.01281 0.621487
11.95 1.00528 0.617359
12 0.997751 0.613237
12.05 0.990225 0.609122
12.1 0.982704 0.605013
12.15 0.975186 0.600911
12.2 0.967674 0.596815
12.25 0.960168 0.592727
12.3 0.952668 0.588647
12.35 0.945175 0.584574
12.4 0.937689 0.580508
12.45 0.930211 0.576451
12.5 0.922742 0.572402
12.55 0.915282 0.568361
12.6 0.907832 0.564328
12.65 0.900393 0.560305
12.7 0.892964 0.55629
12.75 0.885546 0.552284
12.8 0.878141 0.548288
12.85 0.870748 0.544301
12.9 0.863368 0.540324
12.95 0.856002 0.536357
13 0.84865 0.532399
13.05 0.841313 0.528452
13.1 0.833991 0.524515
13.15 0.826685 0.520589
13.2 0.819396 0.516673
13.25 0.812123 0.512769
13.3 0.804868 0.508875
13.35 0.797631 0.504993
13.4 0.790412 0.501122
13.45 0.783212 0.497262
13.5 0.776032 0.493415
13.55 0.768871 0.489579
13.6 0.761732 0.485755
13.65 0.754613 0.481943
13.7 0.747516 0.478144
13.75 0.74044 0.474357
13.8 0.733388 0.470583
13.85 0.726358 0.466822
13.9 0.719352 0.463073
13.95 0.712369 0.459338
14 0.705411 0.455616
14.05 0.698478 0.451907
14.1 0.691571 0.448212
14.15 0.684689 0.444531
14.2 0.677833 0.440863
14.25 0.671004 0.437209
14.3 0.664202 0.43357
14.35 0.657427 0.429944
14.4 0.650681 0.426333
14.45 0.643962 0.422736
14.5 0.637273 0.419154
14.55 0.630613 0.415586
14.6 0.623982 0.412034
14.65 0.617382 0.408496
14.7 0.610811 0.404973
14.75 0.604272 0.401466
14.8 0.597764 0.397973
14.85 0.591287 0.394496
14.9 0.584842 0.391035
14.95 0.578429 0.387589
15 0.572049 0.384159
15.05 0.565702 0.380744
15.1 0.559388 0.377346
15.15 0.553108 0.373963
15.2 0.546861 0.370597
15.25 0.540649 0.367247
15.3 0.534471 0.363913
15.35 0.528329 0.360595
15.4 0.522221 0.357294
15.45 0.516149 0.354009
15.5 0.510113 0.350741
15.55 0.504113 0.34749
15.6 0.498149 0.344256
15.65 0.492221 0.341038
15.7 0.486331 0.337837
15.75 0.480477 0.334653
15.8 0.474661 0.331486
15.85 0.468882 0.328337
15.9 0.463141 0.325204
15.95 0.457438 0.322089
16 0.451774 0.318991
16.05 0.446147 0.315911
16.1 0.44056 0.312848
16.15 0.435011 0.309802
16.2 0.429501 0.306774
16.25 0.42403 0.303764
16.3 0.418599 0.300771
16.35 0.413208 0.297795
16.4 0.407855 0.294838
16.45 0.402543 0.291898
16.5 0.397271 0.288976
16.55 0.392039 0.286072
16.6 0.386847 0.283186
16.65 0.381696 0.280318
16.7 0.376585 0.277468
16.75 0.371514 0.274635
16.8 0.366485 0.271821
16.85 0.361496 0.269025
16.9 0.356548 0.266246
16.95 0.351641 0.263486
17 0.346774 0.260744
17.05 0.34195 0.25802
17.1 0.337166 0.255314
17.15 0.332423 0.252626
17.2 0.327722 0.249957
17.25 0.323062 0.247305
17.3 0.318443 0.244672
17.35 0.313866 0.242057
17.4 0.30933 0.23946
17.45 0.304835 0.236881
17.5 0.300382 0.23432
17.55 0.29597 0.231778
17.6 0.2916 0.229254
17.65 0.287271 0.226748
17.7 0.282983 0.22426
17.75 0.278737 0.22179
17.8 0.274532 0.219338
17.85 0.270368 0.216904
17.9 0.266245 0.214489
17.95 0.262164 0.212092
18 0.258123 0.209712
18.05 0.254124 0.207351
18.1 0.250165 0.205008
18.15 0.246248 0.202683
18.2 0.242371 0.200375
18.25 0.238535 0.198086
18.3 0.23474 0.195815
18.35 0.230985 0.193561
18.4 0.22727 0.191326
18.45 0.223596 0.189108
18.5 0.219962 0.186908
18.55 0.216368 0.184726
18.6 0.212814 0.182561
18.65 0.2093 0.180415
18.7 0.205825 0.178286
18.75 0.20239 0.176174
18.8 0.198994 0.17408
18.85 0.195638 0.172004
18.9 0.192321 0.169945
18.95 0.189042 0.167903
19 0.185803 0.165879
19.05 0.182601 0.163872
19.1 0.179439 0.161882
19.15 0.176314 0.15991
19.2 0.173228 0.157955
19.25 0.170179 0.156016
19.3 0.167168 0.154095
19.35 0.164194 0.152191
19.4 0.161258 0.150304
19.45 0.158359 0.148434
19.5 0.155496 0.14658
19.55 0.152671 0.144743
19.6 0.149881 0.142923
19.65 0.147128 0.14112
19.7 0.144411 0.139333
19.75 0.141729 0.137562
19.8 0.139083 0.135808
19.85 0.136472 0.13407
19.9 0.133897 0.132349
19.95 0.131356 0.130643
20 0.128849 0.128954
20.05 0.126377 0.127281
20.1 0.123939 0.125624
20.15 0.121535 0.123983
20.2 0.119164 0.122357
20.25 0.116827 0.120748
20.3 0.114523 0.119154
20.35 0.112251 0.117575
20.4 0.110012 0.116012
20.45 0.107805 0.114465
20.5 0.10563 0.112932
20.55 0.103487 0.111416
20.6 0.101375 0.109914
20.65 0.0992949 0.108427
20.7 0.0972452 0.106955
20.75 0.0952261 0.105499
20.8 0.0932374 0.104057
20.85 0.0912787 0.10263
20.9 0.0893498 0.101217
20.95 0.0874504 0.0998194
21 0.0855801 0.098436
21.05 0.0837388 0.097067
21.1 0.0819261 0.0957124
21.15 0.0801418 0.0943719
21.2 0.0783855 0.0930456
21.25 0.076657 0.0917333
21.3 0.074956 0.090435
21.35 0.0732821 0.0891505
21.4 0.0716352 0.0878798
21.45 0.0700149 0.0866228
21.5 0.0684209 0.0853793
21.55 0.0668529 0.0841494
21.6 0.0653107 0.0829328
21.65 0.0637939 0.0817296
21.7 0.0623022 0.0805395
21.75 0.0608355 0.0793626
21.8 0.0593933 0.0781987
21.85 0.0579753 0.0770478
21.9 0.0565814 0.0759096
21.95 0.0552112 0.0747842
22 0.0538643 0.0736715
22.05 0.0525406 0.0725712
22.1 0.0512398 0.0714835
22.15 0.0499614 0.0704081
22.2 0.0487054 0.069345
22.25 0.0474713 0.068294
22.3 0.0462588 0.0672551
22.35 0.0450678 0.0662282
22.4 0.0438979 0.0652131
22.45 0.0427488 0.0642099
22.5 0.0416203 0.0632183
22.55 0.040512 0.0622383
22.6 0.0394238 0.0612698
22.65 0.0383552 0.0603127
22.7 0.0373061 0.059367
22.75 0.0362761 0.0584324
22.8 0.035265 0.0575089
22.85 0.0342726 0.0565965
22.9 0.0332984 0.055695
22.95 0.0323424 0.0548043
23 0.0314041 0.0539244
23.05 0.0304834 0.053055
23.1 0.02958 0.0521963
23.15 0.0286936 0.051348
23.2 0.0278239 0.05051
23.25 0.0269707 0.0496823
23.3 0.0261338 0.0488648
23.35 0.0253128 0.0480573
23.4 0.0245076 0.0472598
23.45 0.0237179 0.0464723
23.5 0.0229433 0.0456945
23.55 0.0221838 0.0449264
23.6 0.021439 0.0441679
23.65 0.0207087 0.043419
23.7 0.0199927 0.0426795
23.75 0.0192907 0.0419493
23.8 0.0186025 0.0412283
23.85 0.0179279 0.0405166
23.9 0.0172665 0.0398139
23.95 0.0166183 0.0391201
24 0.015983 0.0384353
24.05 0.0153603 0.0377592
24.1 0.01475 0.0370919
24.15 0.0141519 0.0364332
24.2 0.0135659 0.035783
24.25 0.0129916 0.0351413
24.3 0.0124289 0.034508
24.35 0.0118776 0.0338829
24.4 0.0113374 0.033266
24.45 0.0108082 0.0326572
24.5 0.0102898 0.0320565
24.55 0.00978195 0.0314636
24.6 0.00928446 0.0308787
24.65 0.00879715 0.0303015
24.7 0.00831983 0.0297319
24.75 0.00785232 0.02917
24.8 0.00739443 0.0286157
24.85 0.00694598 0.0280687
24.9 0.0065068 0.0275291
24.95 0.00607671 0.0269968
25 0.00565554 0.0264717
25.05 0.00524311 0.0259538
25.1 0.00483927 0.0254428
25.15 0.00444384 0.0249389
25.2 0.00405667 0.0244418
25.25 0.00367759 0.0239515
25.3 0.00330645 0.023468
25.35 0.0029431 0.0229912
25.4 0.00258738 0.0225209
25.45 0.00223916 0.0220571
25.5 0.00189827 0.0215998
25.55 0.00156459 0.0211488
25.6 0.00123797 0.0207042
25.65 0.000918265 0.0202657
25.7 0.000605353 0.0198334
25.75 0.000299098 0.0194072
25.8 -6.31141e-07 0.018987
25.85 -0.00029396 0.0185727
25.9 -0.000581012 0.0181643
25.95 -0.00086191 0.0177616
26 -0.00113677 0.0173648
26.05 -0.00140572 0.0169735
26.1 -0.00166885 0.0165879
26.15 -0.0019263 0.0162078
26.2 -0.00217816 0.0158332
26.25 -0.00242454 0.0154639
26.3 -0.00266555 0.0151001
26.35 -0.00290129 0.0147414
26.4 -0.00313186 0.014388
26.45 -0.00335735 0.0140398
26.5 -0.00357786 0.0136966
26.55 -0.00379348 0.0133584
26.6 -0.0040043 0.0130252
26.65 -0.00421041 0.0126969
26.7 -0.00441189 0.0123735
26.75 -0.00460884 0.0120548
26.8 -0.00480132 0.0117409
26.85 -0.00498942 0.0114316
26.9 -0.00517321 0.0111269
26.95 -0.00535278 0.0108268
27 -0.00552819 0.0105312
27.05 -0.00569951 0.0102401
27.1 -0.00586681 0.00995328
27.15 -0.00603017 0.00967083
27.2 -0.00618963 0.00939267
27.25 -0.00634528 0.00911873
27.3 -0.00649716 0.00884897
27.35 -0.00664533 0.00858333
27.4 -0.00678987 0.00832177
27.45 -0.00693081 0.00806422
27.5 -0.00706821 0.00781064
27.55 -0.00720213 0.00756099
27.6 -0.00733262 0.0073152
27.65 -0.00745972 0.00707324
27.7 -0.00758349 0.00683506
27.75 -0.00770396 0.0066006
27.8 -0.00782119 0.00636982
27.85 -0.00793521 0.00614268
27.9 -0.00804607 0.00591912
27.95 -0.00815381 0.00569911
28 -0.00825846 0.0054826
28.05 -0.00836007 0.00526954
28.1 -0.00845866 0.00505989
28.15 -0.00855427 0.00485361
28.2 -0.00864694 0.00465065
28.25 -0.0087367 0.00445097
28.3 -0.00882357 0.00425454
28.35 -0.0089076 0.0040613
28.4 -0.0089888 0.00387123
28.45 -0.00906721 0.00368427
28.5 -0.00914285 0.00350038
28.55 -0.00921574 0.00331954
28.6 -0.00928592 0.0031417
28.65 -0.0093534 0.00296682
28.7 -0.00941821 0.00279486
28.75 -0.00948037 0.00262579
28.8 -0.0095399 0.00245957
28.85 -0.00959682 0.00229616
28.9 -0.00965116 0.00213553
28.95 -0.00970292 0.00197764
29 -0.00975213 0.00182245
29.05 -0.00979881 0.00166993
29.1 -0.00984296 0.00152006
29.15 -0.00988462 0.00137278
29.2 -0.00992379 0.00122807
29.25 -0.00996049 0.0010859
29.3 -0.00999474 0.000946234
29.35 -0.0100265 0.000809036
29.4 -0.0100559 0.000674277
29.45 -0.0100829 0.000541926
29.5 -0.0101074 0.00041195
29.55 -0.0101296 0.000284319
29.6 -0.0101494 0.000159003
29.65 -0.0101668 3.59717e-05
29.7 -0.0101819 -8.48047e-05
29.75 -0.0101946 -0.000203356
29.8 -0.010205 -0.00031971
29.85 -0.0102131 -0.000433896
29.9 -0.0102189 -0.000545943
29.95 -0.0102224 -0.000655878
30 -0.0102236 -0.000763729
30.05 -0.0102225 -0.000869523
30.1 -0.0102192 -0.000973288
30.15 -0.0102136 -0.00107505
30.2 -0.0102057 -0.00117483
30.25 -0.0101957 -0.00127267
30.3 -0.0101834 -0.00136858
30.35 -0.0101689 -0.00146259
30.4 -0.0101521 -0.00155472
30.45 -0.0101333 -0.001645
30.5 -0.0101122 -0.00173346
30.55 -0.0100889 -0.00182012
30.6 -0.0100636 -0.001905
30.65 -0.010036 -0.00198813
30.7 -0.0100063 -0.00206953
30.75 -0.00997456 -0.00214922
30.8 -0.00994066 -0.00222723
30.85 -0.00990467 -0.00230358
30.9 -0.0098666 -0.00237828
30.95 -0.00982645 -0.00245137
31 -0.00978426 -0.00252287
31.05 -0.00974001 -0.00259279
31.1 -0.00969374 -0.00266116
31.15 -0.00964546 -0.002728
31.2 -0.00959518 -0.00279334
31.25 -0.00954291 -0.00285718
31.3 -0.00948867 -0.00291955
31.35 -0.00943248 -0.00298047
31.4 -0.00937436 -0.00303997
31.45 -0.00931431 -0.00309806
31.5 -0.00925236 -0.00315476
31.55 -0.00918852 -0.00321008
31.6 -0.00912281 -0.00326406
31.65 -0.00905526 -0.00331671
31.7 -0.00898587 -0.00336805
31.75 -0.00891466 -0.00341809
31.8 -0.00884167 -0.00346685
31.85 -0.0087669 -0.00351436
31.9 -0.00869038 -0.00356063
31.95 -0.00861213 -0.00360567
32 -0.00853217 -0.00364952
32.05 -0.00845051 -0.00369217
32.1 -0.0083672 -0.00373366
32.15 -0.00828223 -0.003774
32.2 -0.00819565 -0.0038132
32.25 -0.00810747 -0.00385128
32.3 -0.00801772 -0.00388826
32.35 -0.00792642 -0.00392416
32.4 -0.00783359 -0.00395899
32.45 -0.00773927 -0.00399276
32.5 -0.00764347 -0.0040255
32.55 -0.00754623 -0.00405722
32.6 -0.00744757 -0.00408793
32.65 -0.00734752 -0.00411765
32.7 -0.00724611 -0.0041464
32.75 -0.00714336 -0.00417419
32.8 -0.0070393 -0.00420103
32.85 -0.00693397 -0.00422695
32.9 -0.00682739 -0.00425195
32.95 -0.00671959 -0.00427606
33 -0.0066106 -0.00429928
33.05 -0.00650045 -0.00432162
33.1 -0.00638917 -0.00434312
33.15 -0.0062768 -0.00436376
33.2 -0.00616337 -0.00438359
33.25 -0.00604891 -0.00440259
33.3 -0.00593344 -0.0044208
33.35 -0.00581701 -0.00443822
33.4 -0.00569965 -0.00445487
33.45 -0.00558139 -0.00447075
33.5 -0.00546226 -0.00448589
33.55 -0.0053423 -0.0045003
33.6 -0.00522155 -0.00451398
33.65 -0.00510003 -0.00452696
33.7 -0.00497778 -0.00453924
33.75 -0.00485485 -0.00455084
33.8 -0.00473125 -0.00456176
33.85 -0.00460704 -0.00457203
33.9 -0.00448224 -0.00458166
33.95 -0.00435689 -0.00459065
34 -0.00423103 -0.00459902
34.05 -0.00410469 -0.00460678
34.1 -0.00397791 -0.00461394
34.15 -0.00385073 -0.00462052
34.2 -0.00372319 -0.00462652
34.25 -0.00359531 -0.00463196
34.3 -0.00346714 -0.00463684
34.35 -0.00333872 -0.00464119
34.4 -0.00321008 -0.00464501
34.45 -0.00308127 -0.0046483
34.5 -0.0029523 -0.00465109
34.55 -0.00282324 -0.00465339
34.6 -0.00269411 -0.00465519
34.65 -0.00256494 -0.00465652
34.7 -0.00243579 -0.00465739
34.75 -0.00230668 -0.0046578
34.8 -0.00217765 -0.00465776
34.85 -0.00204874 -0.00465729
34.9 -0.00191999 -0.0046564
34.95 -0.00179143 -0.00465508
35 -0.0016631 -0.00465337
35.05 -0.00153504 -0.00465126
35.1 -0.00140729 -0.00464876
35.15 -0.00127987 -0.00464588
35.2 -0.00115284 -0.00464264
35.25 -0.00102622 -0.00463904
35.3 -0.000900047 -0.00463509
35.35 -0.000774362 -0.0046308
35.4 -0.0006492 -0.00462617
35.45 -0.000524594 -0.00462123
35.5 -0.000400581 -0.00461596
35.55 -0.000277195 -0.0046104
35.6 -0.000154471 -0.00460453
35.65 -3.24426e-05 -0.00459838
35.7 8.88553e-05 -0.00459195
35.75 0.000209389 -0.00458524
35.8 0.000329126 -0.00457827
35.85 0.000448033 -0.00457103
35.9 0.000566077 -0.00456355
35.95 0.000683227 -0.00455583
36 0.00079945 -0.00454788
36.05 0.000914715 -0.00453969
36.1 0.00102899 -0.00453129
36.15 0.00114225 -0.00452267
36.2 0.00125445 -0.00451385
36.25 0.00136558 -0.00450483
36.3 0.0014756 -0.00449561
36.35 0.00158448 -0.00448621
36.4 0.0016922 -0.00447664
36.45 0.00179872 -0.00446689
36.5 0.00190403 -0.00445697
36.55 0.00200808 -0.00444689
36.6 0.00211087 -0.00443666
36.65 0.00221236 -0.00442628
36.7 0.00231252 -0.00441576
36.75 0.00241134 -0.00440511
36.8 0.00250878 -0.00439432
36.85 0.00260483 -0.00438341
36.9 0.00269946 -0.00437238
36.95 0.00279266 -0.00436123
37 0.00288439 -0.00434997
37.05 0.00297464 -0.00433862
37.1 0.00306339 -0.00432716
37.15 0.00315062 -0.00431561
37.2 0.00323631 -0.00430396
37.25 0.00332044 -0.00429224
37.3 0.003403 -0.00428043
37.35 0.00348396 -0.00426855
37.4 0.00356332 -0.0042566
37.45 0.00364105 -0.00424457
37.5 0.00371714 -0.00423249
37.55 0.00379157 -0.00422035
37.6 0.00386434 -0.00420815
37.65 0.00393543 -0.0041959
37.7 0.00400483 -0.0041836
37.75 0.00407253 -0.00417125
37.8 0.00413851 -0.00415887
37.85 0.00420277 -0.00414645
37.9 0.00426529 -0.00413399
37.95 0.00432607 -0.0041215
38 0.0043851 -0.00410899
38.05 0.00444238 -0.00409644
38.1 0.00449789 -0.00408388
38.15 0.00455163 -0.00407129
38.2 0.00460359 -0.00405869
38.25 0.00465378 -0.00404607
38.3 0.00470219 -0.00403345
38.35 0.00474881 -0.00402081
38.4 0.00479364 -0.00400816
38.45 0.00483668 -0.0039955
38.5 0.00487793 -0.00398284
38.55 0.00491739 -0.00397018
38.6 0.00495507 -0.00395752
38.65 0.00499095 -0.00394486
38.7 0.00502505 -0.00393221
38.75 0.00505736 -0.00391955
38.8 0.0050879 -0.00390691
38.85 0.00511665 -0.00389427
38.9 0.00514364 -0.00388164
38.95 0.00516885 -0.00386902
39 0.00519231 -0.00385641
39.05 0.00521402 -0.00384381
39.1 0.00523397 -0.00383122
39.15 0.00525219 -0.00381865
39.2 0.00526868 -0.00380609
39.25 0.00528345 -0.00379355
39.3 0.00529651 -0.00378102
39.35 0.00530786 -0.0037685
39.4 0.00531753 -0.00375601
39.45 0.00532552 -0.00374353
39.5 0.00533185 -0.00373106
39.55 0.00533652 -0.00371861
39.6 0.00533956 -0.00370618
39.65 0.00534097 -0.00369377
39.7 0.00534076 -0.00368137
39.75 0.00533897 -0.00366899
39.8 0.00533559 -0.00365663
39.85 0.00533066 -0.00364429
39.9 0.00532417 -0.00363195
39.95 0.00531616 -0.00361964
40 0.00530663 -0.00360734
40.05 0.00529561 -0.00359506
40.1 0.00528312 -0.00358279
40.15 0.00526917 -0.00357053
40.2 0.00525379 -0.00355828
40.25 0.00523699 -0.00354605
40.3 0.0052188 -0.00353383
40.35 0.00519923 -0.00352162
40.4 0.00517831 -0.00350942
40.45 0.00515606 -0.00349723
40.5 0.0051325 -0.00348505
40.55 0.00510766 -0.00347287
40.6 0.00508155 -0.0034607
40.65 0.0050542 -0.00344854
40.7 0.00502563 -0.00343637
40.75 0.00499588 -0.00342422
40.8 0.00496495 -0.00341206
40.85 0.00493288 -0.0033999
40.9 0.00489969 -0.00338774
40.95 0.00486541 -0.00337558
41 0.00483006 -0.00336341
41.05 0.00479367 -0.00335124
41.1 0.00475626 -0.00333906
41.15 0.00471785 -0.00332688
41.2 0.00467849 -0.00331468
41.25 0.00463818 -0.00330247
41.3 0.00459697 -0.00329026
41.35 0.00455486 -0.00327802
41.4 0.0045119 -0.00326577
41.45 0.00446811 -0.00325351
41.5 0.00442352 -0.00324122
41.55 0.00437815 -0.00322892
41.6 0.00433203 -0.0032166
41.65 0.00428518 -0.00320425
41.7 0.00423765 -0.00319187
41.75 0.00418945 -0.00317947
41.8 0.0041406 -0.00316705
41.85 0.00409115 -0.00315459
41.9 0.00404111 -0.0031421
41.95 0.00399052 -0.00312958
42 0.0039394 -0.00311702
42.05 0.00388778 -0.00310443
42.1 0.00383569 -0.00309181
42.15 0.00378315 -0.00307914
42.2 0.00373019 -0.00306643
42.25 0.00367684 -0.00305368
42.3 0.00362314 -0.00304089
42.35 0.00356909 -0.00302805
42.4 0.00351474 -0.00301516
42.45 0.0034601 -0.00300223
42.5 0.00340522 -0.00298924
42.55 0.0033501 -0.00297621
42.6 0.00329478 -0.00296312
42.65 0.00323929 -0.00294998
42.7 0.00318365 -0.00293678
42.75 0.00312789 -0.00292353
42.8 0.00307203 -0.00291022
42.85 0.0030161 -0.00289685
42.9 0.00296013 -0.00288342
42.95 0.00290414 -0.00286992
43 0.00284815 -0.00285637
43.05 0.00279219 -0.00284275
43.1 0.00273628 -0.00282906
43.15 0.00268046 -0.00281531
43.2 0.00262473 -0.00280148
43.25 0.00256914 -0.00278759
43.3 0.00251369 -0.00277363
43.35 0.00245841 -0.0027596
43.4 0.00240333 -0.0027455
43.45 0.00234846 -0.00273132
43.5 0.00229383 -0.00271707
43.55 0.00223947 -0.00270275
43.6 0.00218538 -0.00268835
43.65 0.0021316 -0.00267387
43.7 0.00207815 -0.00265931
43.75 0.00202503 -0.00264468
43.8 0.00197228 -0.00262997
43.85 0.00191991 -0.00261518
43.9 0.00186794 -0.00260032
43.95 0.0018164 -0.00258537
44 0.00176529 -0.00257034
44.05 0.00171464 -0.00255523
44.1 0.00166446 -0.00254004
44.15 0.00161477 -0.00252477
44.2 0.00156559 -0.00250941
44.25 0.00151693 -0.00249398
44.3 0.00146881 -0.00247846
44.35 0.00142125 -0.00246286
44.4 0.00137425 -0.00244718
44.45 0.00132784 -0.00243141
44.5 0.00128202 -0.00241556
44.55 0.00123681 -0.00239963
44.6 0.00119222 -0.00238362
44.65 0.00114828 -0.00236752
44.7 0.00110497 -0.00235135
44.75 0.00106233 -0.00233509
44.8 0.00102036 -0.00231875
44.85 0.000979062 -0.00230233
44.9 0.000938459 -0.00228583
44.95 0.000898556 -0.00226925
45 0.000859362 -0.00225259
45.05 0.000820886 -0.00223585
45.1 0.000783136 -0.00221904
45.15 0.000746119 -0.00220214
45.2 0.000709844 -0.00218517
45.25 0.000674316 -0.00216813
45.3 0.000639543 -0.002151
45.35 0.000605529 -0.00213381
45.4 0.00057228 -0.00211654
45.45 0.000539801 -0.0020992
45.5 0.000508097 -0.00208178
45.55 0.000477171 -0.0020643
45.6 0.000447026 -0.00204675
45.65 0.000417667 -0.00202913
45.7 0.000389094 -0.00201144
45.75 0.000361311 -0.00199369
45.8 0.000334319 -0.00197588
45.85 0.00030812 -0.001958
45.9 0.000282713 -0.00194006
45.95 0.000258099 -0.00192206
46 0.000234278 -0.001904
46.05 0.00021125 -0.00188589
46.1 0.000189013 -0.00186772
46.15 0.000167566 -0.0018495
46.2 0.000146907 -0.00183122
46.25 0.000127034 -0.0018129
46.3 0.000107944 -0.00179452
46.35 8.96333e-05 -0.0017761
46.4 7.20994e-05 -0.00175764
46.45 5.53379e-05 -0.00173913
46.5 3.93446e-05 -0.00172058
46.55 2.41148e-05 -0.00170199
46.6 9.64341e-06 -0.00168337
46.65 -4.07505e-06 -0.00166471
46.7 -1.70464e-05 -0.00164602
46.75 -2.92767e-05 -0.00162729
46.8 -4.07726e-05 -0.00160854
46.85 -5.15409e-05 -0.00158976
46.9 -6.15888e-05 -0.00157096
46.95 -7.09239e-05 -0.00155213
47 -7.95539e-05 -0.00153328
47.05 -8.74872e-05 -0.00151442
47.1 -9.47322e-05 -0.00149554
47.15 -0.000101298 -0.00147665
47.2 -0.000107193 -0.00145774
47.25 -0.000112426 -0.00143883
47.3 -0.000117009 -0.00141991
47.35 -0.00012095 -0.00140099
47.4 -0.000124259 -0.00138206
47.45 -0.000126948 -0.00136314
47.5 -0.000129026 -0.00134422
47.55 -0.000130505 -0.00132531
47.6 -0.000131396 -0.0013064
47.65 -0.00013171 -0.00128751
47.7 -0.000131459 -0.00126863
47.75 -0.000130654 -0.00124976
47.8 -0.000129307 -0.00123091
47.85 -0.000127432 -0.00121209
47.9 -0.000125039 -0.00119329
47.95 -0.000122141 -0.00117451
48 -0.000118752 -0.00115576
48.05 -0.000114884 -0.00113704
48.1 -0.000110549 -0.00111836
48.15 -0.000105761 -0.00109971
48.2 -0.000100534 -0.0010811
48.25 -9.48793e-05 -0.00106254
48.3 -8.88118e-05 -0.00104401
48.35 -8.23447e-05 -0.00102554
48.4 -7.54915e-05 -0.00100711
48.45 -6.82659e-05 -0.000988734
48.5 -6.06817e-05 -0.000970412
48.55 -5.27526e-05 -0.000952147
48.6 -4.44925e-05 -0.000933941
48.65 -3.59154e-05 -0.000915797
48.7 -2.70352e-05 -0.000897717
48.75 -1.78657e-05 -0.000879704
48.8 -8.42114e-06 -0.00086176
48.85 1.28464e-06 -0.000843888
48.9 1.12376e-05 -0.00082609
48.95 2.14238e-05 -0.000808369
49 3.18292e-05 -0.000790727
49.05 4.24399e-05 -0.000773166
49.1 5.3242e-05 -0.00075569
49.15 6.42216e-05 -0.000738299
49.2 7.53649e-05 -0.000720997
49.25 8.66581e-05 -0.000703787
49.3 9.80876e-05 -0.000686669
49.35 0.00010964 -0.000669647
49.4 0.000121301 -0.000652723
49.45 0.000133057 -0.000635899
49.5 0.000144896 -0.000619177
49.55 0.000156804 -0.00060256
49.6 0.000168768 -0.000586049
49.65 0.000180774 -0.000569647
49.7 0.00019281 -0.000553356
49.75 0.000204863 -0.000537178
49.8 0.000216921 -0.000521114
49.85 0.000228971 -0.000505168
49.9 0.000241 -0.000489341
49.95 0.000252996 -0.000473635
50 0.000264948 -0.000458051
