-0.498 -0.000160436 -2.76998e-05
-0.496 -0.000643317 -0.000109451
-0.494 -0.00145107 -0.000243475
-0.492 -0.00258616 -0.000428314
-0.49 -0.00405111 -0.000662834
-0.488 -0.00584841 -0.00094621
-0.486 -0.00798051 -0.00127792
-0.484 -0.0104498 -0.00165772
-0.482 -0.0132585 -0.00208565
-0.48 -0.0164087 -0.00256198
-0.478 -0.0199023 -0.00308717
-0.476 -0.0237409 -0.00366191
-0.474 -0.0279258 -0.004287
-0.472 -0.0324581 -0.00496337
-0.47 -0.0373383 -0.00569203
-0.468 -0.0425666 -0.00647398
-0.466 -0.0481426 -0.00731026
-0.464 -0.0540655 -0.0082018
-0.462 -0.0603338 -0.00914945
-0.46 -0.0669454 -0.0101539
-0.458 -0.0738977 -0.0112156
-0.456 -0.0811871 -0.0123348
-0.454 -0.0888095 -0.0135113
-0.452 -0.0967598 -0.0147448
-0.45 -0.105032 -0.0160344
-0.448 -0.11362 -0.0173788
-0.446 -0.122515 -0.018776
-0.444 -0.13171 -0.0202239
-0.442 -0.141194 -0.0217194
-0.44 -0.150957 -0.0232589
-0.438 -0.160987 -0.0248382
-0.436 -0.171272 -0.0264523
-0.434 -0.181799 -0.0280956
-0.432 -0.192552 -0.0297615
-0.43 -0.203515 -0.031443
-0.428 -0.214672 -0.0331318
-0.426 -0.226005 -0.0348193
-0.424 -0.237495 -0.0364956
-0.422 -0.249122 -0.0381503
-0.42 -0.260864 -0.0397721
-0.418 -0.272699 -0.0413487
-0.416 -0.284605 -0.0428672
-0.414 -0.296556 -0.0443138
-0.412 -0.308528 -0.0456738
-0.41 -0.320495 -0.0469319
-0.408 -0.332429 -0.048072
-0.406 -0.344302 -0.0490774
-0.404 -0.356086 -0.0499305
-0.402 -0.367752 -0.0506132
-0.4 -0.379268 -0.051107
-0.398 -0.390604 -0.0513926
-0.396 -0.401728 -0.0514505
-0.394 -0.412608 -0.0512605
-0.392 -0.423211 -0.0508023
-0.39 -0.433504 -0.0500553
-0.388 -0.443453 -0.0489987
-0.386 -0.453023 -0.0476114
-0.384 -0.462181 -0.0458725
-0.382 -0.470892 -0.043761
-0.38 -0.47912 -0.041256
-0.378 -0.486831 -0.0383369
-0.376 -0.49399 -0.0349833
-0.374 -0.500562 -0.0311753
-0.372 -0.506511 -0.0268932
-0.37 -0.511803 -0.0221181
-0.368 -0.516403 -0.0168317
-0.366 -0.520277 -0.0110162
-0.364 -0.52339 -0.00465503
-0.362 -0.525709 0.00226789
-0.36 -0.527201 0.0097674
-0.358 -0.527833 0.0178573
-0.356 -0.527572 0.0265504
-0.354 -0.526387 0.0358579
-0.352 -0.524248 0.04579
-0.35 -0.521124 0.0563553
-0.348 -0.516986 0.067561
-0.346 -0.511806 0.0794127
-0.344 -0.505557 0.0919142
-0.342 -0.498213 0.105068
-0.34 -0.489748 0.118874
-0.338 -0.480139 0.133332
-0.336 -0.469363 0.148437
-0.334 -0.457399 0.164185
-0.332 -0.444227 0.180568
-0.33 -0.429828 0.197577
-0.328 -0.414187 0.2152
-0.326 -0.397287 0.233424
-0.324 -0.379116 0.252232
-0.322 -0.359661 0.271608
-0.32 -0.338914 0.29153
-0.318 -0.316865 0.311977
-0.316 -0.293509 0.332922
-0.314 -0.268843 0.35434
-0.312 -0.242863 0.376201
-0.31 -0.21557 0.398474
-0.308 -0.186967 0.421125
-0.306 -0.157058 0.444119
-0.304 -0.125849 0.467416
-0.302 -0.0933502 0.490979
-0.3 -0.0595717 0.514764
-0.298 -0.024527 0.538728
-0.296 0.0117685 0.562825
-0.294 0.0492971 0.587008
-0.292 0.0880393 0.611229
-0.29 0.127973 0.635436
-0.288 0.169075 0.659578
-0.286 0.211319 0.683602
-0.284 0.254679 0.707453
-0.282 0.299124 0.731078
-0.28 0.344624 0.754421
-0.278 0.391147 0.777424
-0.276 0.438659 0.800032
-0.274 0.487127 0.822188
-0.272 0.536514 0.843836
-0.27 0.586783 0.864918
-0.268 0.637899 0.885379
-0.266 0.689823 0.905164
-0.264 0.742518 0.924218
-0.262 0.795945 0.942489
-0.26 0.850068 0.959924
-0.258 0.90485 0.976472
-0.256 0.960254 0.992087
-0.254 1.01624 1.00672
-0.252 1.07278 1.02033
-0.25 1.12984 1.03287
-0.248 1.18739 1.04431
-0.246 1.24539 1.0546
-0.244 1.30382 1.06372
-0.242 1.36264 1.07163
-0.24 1.42185 1.07831
-0.238 1.4814 1.08373
-0.236 1.54129 1.08788
-0.234 1.6015 1.09073
-0.232 1.662 1.09229
-0.23 1.7228 1.09253
-0.228 1.78387 1.09146
-0.226 1.84522 1.08907
-0.224 1.90684 1.08537
-0.222 1.96873 1.08037
-0.22 2.03089 1.07409
-0.218 2.09332 1.06653
-0.216 2.15605 1.05771
-0.214 2.21907 1.04768
-0.212 2.2824 1.03645
-0.21 2.34606 1.02405
-0.208 2.41007 1.01053
-0.206 2.47444 0.995929
-0.204 2.53921 0.980289
-0.202 2.6044 0.96366
-0.2 2.67004 0.946096
-0.198 2.73617 0.927652
-0.196 2.8028 0.908388
-0.194 2.86999 0.888366
-0.192 2.93777 0.867653
-0.19 3.00617 0.846317
-0.188 3.07524 0.824429
-0.186 3.14502 0.802064
-0.184 3.21554 0.779297
-0.182 3.28686 0.756208
-0.18 3.35901 0.732876
-0.178 3.43205 0.709385
-0.176 3.50601 0.685817
-0.174 3.58094 0.662258
-0.172 3.65688 0.638795
-0.17 3.73389 0.615516
-0.168 3.812 0.592509
-0.166 3.89126 0.569864
-0.164 3.97172 0.547669
-0.162 4.05341 0.526015
-0.16 4.13637 0.504992
-0.158 4.22066 0.48469
-0.156 4.30631 0.465199
-0.154 4.39336 0.446607
-0.152 4.48185 0.429003
-0.15 4.57182 0.412475
-0.148 4.66329 0.39711
-0.146 4.75631 0.382992
-0.144 4.85091 0.370206
-0.142 4.94711 0.358834
-0.14 5.04496 0.348957
-0.138 5.14447 0.340654
-0.136 5.24567 0.334001
-0.134 5.3486 0.329074
-0.132 5.45326 0.325944
-0.13 5.55968 0.324682
-0.128 5.66789 0.325355
-0.126 5.77789 0.328027
-0.124 5.88971 0.33276
-0.122 6.00336 0.339612
-0.12 6.11886 0.348639
-0.118 6.23621 0.359893
-0.116 6.35543 0.373424
-0.114 6.47652 0.389275
-0.112 6.59949 0.40749
-0.11 6.72434 0.428107
-0.108 6.85109 0.451158
-0.106 6.97972 0.476677
-0.104 7.11024 0.504687
-0.102 7.24264 0.535213
-0.1 7.37693 0.568272
-0.098 7.51309 0.603879
-0.096 7.65112 0.642042
-0.094 7.791 0.682768
-0.092 7.93272 0.726056
-0.09 8.07627 0.771903
-0.088 8.22163 0.820301
-0.086 8.36877 0.871235
-0.084 8.51766 0.924688
-0.082 8.66829 0.980637
-0.08 8.82061 1.03905
-0.078 8.97459 1.0999
-0.076 9.13019 1.16314
-0.074 9.28736 1.22874
-0.072 9.44604 1.29663
-0.07 9.60619 1.36678
-0.068 9.76774 1.43911
-0.066 9.93062 1.51355
-0.064 10.0948 1.59005
-0.062 10.2601 1.66852
-0.06 10.4264 1.74888
-0.058 10.5938 1.83104
-0.056 10.7621 1.9149
-0.054 10.9311 2.00037
-0.052 11.1007 2.08734
-0.05 11.2709 2.17569
-0.048 11.4414 2.26532
-0.046 11.6121 2.35609
-0.044 11.7829 2.44788
-0.042 11.9536 2.54055
-0.04 12.124 2.63397
-0.038 12.2939 2.72799
-0.036 12.4631 2.82246
-0.034 12.6314 2.91722
-0.032 12.7986 3.01213
-0.03 12.9645 3.10701
-0.028 13.1287 3.2017
-0.026 13.2912 3.29602
-0.024 13.4516 3.38982
-0.022 13.6096 3.48291
-0.02 13.7651 3.57511
-0.018 13.9177 3.66624
-0.016 14.0671 3.75613
-0.014 14.213 3.84459
-0.012 14.3553 3.93144
-0.01 14.4935 4.01651
-0.008 14.6274 4.09961
-0.006 14.7567 4.18057
-0.004 14.8812 4.2592
-0.002 15.0004 4.33535
0 15.1142 4.40884
0.002 15.2222 4.47949
0.004 15.3242 4.54716
0.006 15.4199 4.6117
0.008 15.5091 4.67296
0.01 15.5914 4.7308
0.012 15.6668 4.78509
0.014 15.7348 4.83572
0.016 15.7954 4.88256
0.018 15.8483 4.92551
0.02 15.8933 4.96448
0.022 15.9302 4.99938
0.024 15.959 5.03013
0.026 15.9794 5.05667
0.028 15.9913 5.07895
0.03 15.9946 5.09691
0.032 15.9892 5.11054
0.034 15.9751 5.1198
0.036 15.9522 5.12468
0.038 15.9205 5.12519
0.04 15.8798 5.12134
0.042 15.8304 5.11315
0.044 15.7721 5.10066
0.046 15.705 5.0839
0.048 15.6292 5.06292
0.05 15.5447 5.0378
0.052 15.4516 5.00861
0.054 15.3501 4.97542
0.056 15.2403 4.93833
0.058 15.1222 4.89743
0.06 14.9961 4.85283
0.062 14.8621 4.80466
0.064 14.7204 4.75301
0.066 14.5713 4.69803
0.068 14.4148 4.63985
0.07 14.2512 4.5786
0.072 14.0808 4.51442
0.074 13.9038 4.44748
0.076 13.7204 4.3779
0.078 13.5309 4.30586
0.08 13.3355 4.2315
0.082 13.1346 4.15498
0.084 12.9283 4.07647
0.086 12.717 3.99613
0.088 12.501 3.91412
0.09 12.2805 3.83059
0.092 12.0557 3.74572
0.094 11.8272 3.65967
0.096 11.595 3.57259
0.098 11.3594 3.48464
0.1 11.1209 3.39597
0.102 10.8797 3.30675
0.104 10.636 3.21713
0.106 10.3901 3.12725
0.108 10.1424 3.03725
0.11 9.89308 2.94728
0.112 9.64247 2.85748
0.114 9.39084 2.76797
0.116 9.13845 2.67889
0.118 8.88558 2.59036
0.12 8.63249 2.50251
0.122 8.37944 2.41543
0.124 8.12668 2.32926
0.126 7.87446 2.24408
0.128 7.62303 2.16
0.13 7.37262 2.07711
0.132 7.12347 1.99551
0.134 6.8758 1.91527
0.136 6.62984 1.83647
0.138 6.38578 1.7592
0.14 6.14385 1.6835
0.142 5.90424 1.60945
0.144 5.66715 1.53711
0.146 5.43275 1.46652
0.148 5.20124 1.39773
0.15 4.97278 1.33079
0.152 4.74753 1.26573
0.154 4.52567 1.20259
0.156 4.30732 1.14138
0.158 4.09266 1.08215
0.16 3.88179 1.02489
0.162 3.67487 0.969639
0.164 3.472 0.916392
0.166 3.2733 0.865161
0.168 3.07888 0.815946
0.17 2.88885 0.768747
0.172 2.70328 0.723558
0.174 2.52226 0.680371
0.176 2.34588 0.639173
0.178 2.1742 0.599948
0.18 2.00729 0.562679
0.182 1.84519 0.527343
0.184 1.68796 0.493915
0.186 1.53563 0.462369
0.188 1.38823 0.432675
0.19 1.2458 0.404798
0.192 1.10834 0.378706
0.194 0.975874 0.354359
0.196 0.848394 0.331718
0.198 0.725895 0.310742
0.2 0.608367 0.291386
0.202 0.495788 0.273605
0.204 0.388132 0.25735
0.206 0.285363 0.242574
0.208 0.18744 0.229223
0.21 0.0943134 0.217248
0.212 0.0059285 0.206592
0.214 -0.0777772 0.197202
0.216 -0.156873 0.18902
0.218 -0.231433 0.18199
0.22 -0.301539 0.176053
0.222 -0.367279 0.171151
0.224 -0.428746 0.167223
0.226 -0.486038 0.164209
0.228 -0.539258 0.162048
0.23 -0.588517 0.160679
0.232 -0.633927 0.160041
0.234 -0.675605 0.160073
0.236 -0.713673 0.160714
0.238 -0.748257 0.161902
0.24 -0.779485 0.163577
0.242 -0.807488 0.16568
0.244 -0.832399 0.168151
0.246 -0.854355 0.170932
0.248 -0.873493 0.173965
0.25 -0.889951 0.177196
0.252 -0.903869 0.180568
0.254 -0.915385 0.184029
0.256 -0.924641 0.187527
0.258 -0.931774 0.191013
0.26 -0.936924 0.194438
0.262 -0.940226 0.197757
0.264 -0.941816 0.200926
0.266 -0.941827 0.203904
0.268 -0.940388 0.206652
0.27 -0.937629 0.209133
0.272 -0.933672 0.211313
0.274 -0.928639 0.213162
0.276 -0.922647 0.21465
0.278 -0.915809 0.215753
0.28 -0.908232 0.216447
0.282 -0.900021 0.216713
0.284 -0.891275 0.216533
0.286 -0.882088 0.215894
0.288 -0.872548 0.214784
0.29 -0.86274 0.213195
0.292 -0.852741 0.211121
0.294 -0.842624 0.208561
0.296 -0.832456 0.205514
0.298 -0.822299 0.201983
0.3 -0.81221 0.197974
0.302 -0.802238 0.193495
0.304 -0.79243 0.188556
0.306 -0.782825 0.18317
0.308 -0.773458 0.177353
0.31 -0.764358 0.17112
0.312 -0.755551 0.164492
0.314 -0.747055 0.15749
0.316 -0.738885 0.150135
0.318 -0.731053 0.142453
0.32 -0.723565 0.134467
0.322 -0.716423 0.126207
0.324 -0.709625 0.117698
0.326 -0.703166 0.10897
0.328 -0.697037 0.100052
0.33 -0.691228 0.0909743
0.332 -0.685722 0.081767
0.334 -0.680503 0.0724609
0.336 -0.675551 0.0630868
0.338 -0.670844 0.0536753
0.34 -0.666358 0.0442572
0.342 -0.662069 0.0348626
0.344 -0.657949 0.0255213
0.346 -0.65397 0.0162625
0.348 -0.650103 0.0071148
0.35 -0.64632 -0.00189425
0.352 -0.642589 -0.0107379
0.354 -0.63888 -0.0193903
0.356 -0.635164 -0.0278271
0.358 -0.631409 -0.0360249
0.36 -0.627586 -0.0439615
0.362 -0.623667 -0.0516164
0.364 -0.619621 -0.0589702
0.366 -0.615422 -0.0660052
0.368 -0.611043 -0.0727051
0.37 -0.606458 -0.0790552
0.372 -0.601643 -0.0850425
0.374 -0.596576 -0.0906554
0.376 -0.591236 -0.0958841
0.378 -0.585602 -0.10072
0.38 -0.579658 -0.105158
0.382 -0.573387 -0.109191
0.384 -0.566776 -0.112817
0.386 -0.559813 -0.116034
0.388 -0.552487 -0.118842
0.39 -0.544792 -0.121243
0.392 -0.53672 -0.123238
0.394 -0.528269 -0.124832
0.396 -0.519437 -0.126032
0.398 -0.510226 -0.126844
0.4 -0.500636 -0.127276
0.402 -0.490674 -0.127338
0.404 -0.480347 -0.127041
0.406 -0.469663 -0.126396
0.408 -0.458634 -0.125416
0.41 -0.447272 -0.124116
0.412 -0.435592 -0.122509
0.414 -0.423612 -0.120612
0.416 -0.411348 -0.11844
0.418 -0.398822 -0.116009
0.42 -0.386055 -0.113339
0.422 -0.37307 -0.110446
0.424 -0.359891 -0.107348
0.426 -0.346545 -0.104065
0.428 -0.333058 -0.100614
0.43 -0.319458 -0.0970154
0.432 -0.305775 -0.0932877
0.434 -0.292037 -0.0894501
0.436 -0.278275 -0.0855216
0.438 -0.264522 -0.0815209
0.44 -0.250807 -0.0774669
0.442 -0.237163 -0.0733778
0.444 -0.223622 -0.0692717
0.446 -0.210216 -0.0651663
0.448 -0.196978 -0.0610787
0.45 -0.183939 -0.0570256
0.452 -0.171132 -0.053023
0.454 -0.158587 -0.0490864
0.456 -0.146335 -0.0452306
0.458 -0.134406 -0.0414695
0.46 -0.122831 -0.0378165
0.462 -0.111637 -0.034284
0.464 -0.100853 -0.0308837
0.466 -0.0905038 -0.0276262
0.468 -0.080616 -0.0245214
0.47 -0.0712133 -0.0215784
0.472 -0.0623185 -0.018805
0.474 -0.0539528 -0.0162083
0.476 -0.0461361 -0.0137944
0.478 -0.0388866 -0.0115684
0.48 -0.0322206 -0.00953452
0.482 -0.026153 -0.00769586
0.484 -0.0206968 -0.00605468
0.486 -0.0158632 -0.00461227
0.488 -0.0116614 -0.00336899
0.49 -0.00809888 -0.00232427
0.492 -0.00518115 -0.00147669
0.494 -0.00291174 -0.000823975
0.496 -0.00129229 -0.000363003
0.498 -0.000322456 -8.98898e-05
0.05 7.02823 2.02929
0.1 7.02815 2.02919
0.15 7.02803 2.02904
0.2 7.02787 2.02882
0.25 7.02765 2.02854
0.3 7.02738 2.0282
0.35 7.02707 2.02779
0.4 7.02671 2.02732
0.45 7.0263 2.02679
0.5 7.02584 2.0262
0.55 7.02533 2.02555
0.6 7.02477 2.02483
0.65 7.02416 2.02405
0.7 7.0235 2.02321
0.75 7.02279 2.02231
0.8 7.02203 2.02135
0.85 7.02121 2.02032
0.9 7.02035 2.01923
0.95 7.01943 2.01808
1 7.01846 2.01687
1.05 7.01743 2.0156
1.1 7.01635 2.01427
1.15 7.01522 2.01287
1.2 7.01403 2.01142
1.25 7.01278 2.0099
1.3 7.01148 2.00832
1.35 7.01012 2.00668
1.4 7.0087 2.00498
1.45 7.00723 2.00322
1.5 7.00569 2.0014
1.55 7.00409 1.99952
1.6 7.00243 1.99758
1.65 7.00071 1.99558
1.7 6.99893 1.99351
1.75 6.99708 1.99139
1.8 6.99517 1.98921
1.85 6.99319 1.98697
1.9 6.99114 1.98467
1.95 6.98903 1.98231
2 6.98685 1.97989
2.05 6.9846 1.97742
2.1 6.98228 1.97488
2.15 6.97989 1.97229
2.2 6.97742 1.96963
2.25 6.97488 1.96692
2.3 6.97226 1.96416
2.35 6.96957 1.96133
2.4 6.96681 1.95845
2.45 6.96396 1.95551
2.5 6.96103 1.95251
2.55 6.95803 1.94945
2.6 6.95494 1.94634
2.65 6.95177 1.94318
2.7 6.94851 1.93995
2.75 6.94517 1.93668
2.8 6.94175 1.93334
2.85 6.93823 1.92995
2.9 6.93463 1.92651
2.95 6.93093 1.92301
3 6.92714 1.91945
3.05 6.92326 1.91585
3.1 6.91929 1.91218
3.15 6.91522 1.90847
3.2 6.91106 1.9047
3.25 6.90679 1.90088
3.3 6.90243 1.897
3.35 6.89796 1.89307
3.4 6.8934 1.8891
3.45 6.88872 1.88506
3.5 6.88395 1.88098
3.55 6.87907 1.87685
3.6 6.87408 1.87266
3.65 6.86898 1.86843
3.7 6.86378 1.86414
3.75 6.85846 1.85981
3.8 6.85302 1.85542
3.85 6.84748 1.85099
3.9 6.84182 1.84651
3.95 6.83604 1.84198
4 6.83014 1.8374
4.05 6.82413 1.83277
4.1 6.81799 1.8281
4.15 6.81173 1.82338
4.2 6.80535 1.81861
4.25 6.79884 1.8138
4.3 6.79221 1.80894
4.35 6.78545 1.80403
4.4 6.77857 1.79908
4.45 6.77155 1.79409
4.5 6.7644 1.78905
4.55 6.75712 1.78397
4.6 6.7497 1.77885
4.65 6.74216 1.77368
4.7 6.73447 1.76847
4.75 6.72665 1.76322
4.8 6.71869 1.75793
4.85 6.71059 1.7526
4.9 6.70235 1.74722
4.95 6.69397 1.74181
5 6.68545 1.73636
5.05 6.67678 1.73086
5.1 6.66796 1.72533
5.15 6.65901 1.71976
5.2 6.6499 1.71416
5.25 6.64065 1.70851
5.3 6.63124 1.70284
5.35 6.62169 1.69712
5.4 6.61199 1.69137
5.45 6.60213 1.68558
5.5 6.59212 1.67976
5.55 6.58196 1.67391
5.6 6.57164 1.66802
5.65 6.56117 1.6621
5.7 6.55054 1.65614
5.75 6.53975 1.65016
5.8 6.52881 1.64414
5.85 6.5177 1.63809
5.9 6.50644 1.63201
5.95 6.49502 1.6259
6 6.48343 1.61977
6.05 6.47169 1.6136
6.1 6.45978 1.60741
6.15 6.44771 1.60119
6.2 6.43548 1.59494
6.25 6.42308 1.58867
6.3 6.41052 1.58237
6.35 6.3978 1.57604
6.4 6.38491 1.5697
6.45 6.37185 1.56332
6.5 6.35863 1.55693
6.55 6.34524 1.55051
6.6 6.33169 1.54407
6.65 6.31797 1.53761
6.7 6.30408 1.53112
6.75 6.29002 1.52462
6.8 6.2758 1.5181
6.85 6.26141 1.51155
6.9 6.24685 1.50499
6.95 6.23212 1.49842
7 6.21723 1.49182
7.05 6.20217 1.48521
7.1 6.18693 1.47858
7.15 6.17154 1.47194
7.2 6.15597 1.46528
7.25 6.14024 1.45861
7.3 6.12433 1.45193
7.35 6.10827 1.44523
7.4 6.09203 1.43852
7.45 6.07563 1.4318
7.5 6.05906 1.42507
7.55 6.04232 1.41833
7.6 6.02542 1.41158
7.65 6.00835 1.40482
7.7 5.99112 1.39806
7.75 5.97372 1.39128
7.8 5.95616 1.3845
7.85 5.93844 1.37771
7.9 5.92055 1.37092
7.95 5.9025 1.36412
8 5.88429 1.35732
8.05 5.86592 1.35052
8.1 5.84739 1.34371
8.15 5.82869 1.3369
8.2 5.80984 1.33009
8.25 5.79084 1.32328
8.3 5.77167 1.31647
8.35 5.75235 1.30966
8.4 5.73287 1.30285
8.45 5.71324 1.29604
8.5 5.69346 1.28923
8.55 5.67352 1.28243
8.6 5.65344 1.27563
8.65 5.6332 1.26884
8.7 5.61281 1.26205
8.75 5.59228 1.25527
8.8 5.5716 1.24849
8.85 5.55078 1.24172
8.9 5.52981 1.23496
8.95 5.5087 1.22821
9 5.48745 1.22146
9.05 5.46605 1.21473
9.1 5.44452 1.20801
9.15 5.42286 1.2013
9.2 5.40105 1.1946
9.25 5.37912 1.18791
9.3 5.35705 1.18123
9.35 5.33485 1.17457
9.4 5.31252 1.16793
9.45 5.29006 1.1613
9.5 5.26748 1.15468
9.55 5.24478 1.14808
9.6 5.22195 1.1415
9.65 5.199 1.13493
9.7 5.17593 1.12838
9.75 5.15274 1.12186
9.8 5.12944 1.11535
9.85 5.10603 1.10886
9.9 5.0825 1.10239
9.95 5.05887 1.09594
10 5.03512 1.08951
10.05 5.01127 1.08311
10.1 4.98732 1.07673
10.15 4.96327 1.07037
10.2 4.93911 1.06404
10.25 4.91486 1.05773
10.3 4.89051 1.05145
10.35 4.86607 1.04519
10.4 4.84154 1.03896
10.45 4.81692 1.03275
10.5 4.79221 1.02658
10.55 4.76742 1.02043
10.6 4.74254 1.01431
10.65 4.71758 1.00821
10.7 4.69255 1.00215
10.75 4.66744 0.996119
10.8 4.64225 0.990117
10.85 4.617 0.984147
10.9 4.59167 0.978208
10.95 4.56628 0.972301
11 4.54083 0.966426
11.05 4.51531 0.960584
11.1 4.48973 0.954776
11.15 4.46409 0.949002
11.2 4.4384 0.943262
11.25 4.41266 0.937557
11.3 4.38687 0.931888
11.35 4.36103 0.926254
11.4 4.33514 0.920656
11.45 4.30921 0.915094
11.5 4.28325 0.90957
11.55 4.25724 0.904083
11.6 4.2312 0.898634
11.65 4.20512 0.893223
11.7 4.17901 0.88785
11.75 4.15288 0.882516
11.8 4.12672 0.877222
11.85 4.10054 0.871967
11.9 4.07433 0.866752
11.95 4.04811 0.861578
12 4.02187 0.856444
12.05 3.99562 0.851351
12.1 3.96936 0.846299
12.15 3.94309 0.841288
12.2 3.91682 0.83632
12.25 3.89054 0.831394
12.3 3.86426 0.82651
12.35 3.83798 0.821669
12.4 3.81171 0.81687
12.45 3.78544 0.812115
12.5 3.75918 0.807404
12.55 3.73294 0.802736
12.6 3.7067 0.798111
12.65 3.68049 0.793531
12.7 3.65429 0.788995
12.75 3.62811 0.784504
12.8 3.60196 0.780057
12.85 3.57584 0.775655
12.9 3.54974 0.771298
12.95 3.52367 0.766986
13 3.49764 0.76272
13.05 3.47164 0.758499
13.1 3.44569 0.754323
13.15 3.41977 0.750193
13.2 3.39389 0.746109
13.25 3.36806 0.74207
13.3 3.34228 0.738078
13.35 3.31654 0.734131
13.4 3.29086 0.73023
13.45 3.26523 0.726376
13.5 3.23966 0.722568
13.55 3.21415 0.718805
13.6 3.1887 0.715089
13.65 3.16331 0.71142
13.7 3.13799 0.707796
13.75 3.11273 0.704219
13.8 3.08755 0.700688
13.85 3.06243 0.697203
13.9 3.03739 0.693764
13.95 3.01242 0.690371
14 2.98753 0.687024
14.05 2.96273 0.683723
14.1 2.938 0.680469
14.15 2.91336 0.677259
14.2 2.8888 0.674096
14.25 2.86433 0.670978
14.3 2.83995 0.667906
14.35 2.81566 0.664878
14.4 2.79147 0.661897
14.45 2.76736 0.65896
14.5 2.74336 0.656068
14.55 2.71946 0.653221
14.6 2.69565 0.650418
14.65 2.67195 0.64766
14.7 2.64835 0.644946
14.75 2.62485 0.642275
14.8 2.60147 0.639649
14.85 2.57819 0.637066
14.9 2.55502 0.634527
14.95 2.53196 0.632031
15 2.50902 0.629577
15.05 2.48619 0.627166
15.1 2.46348 0.624797
15.15 2.44088 0.622471
15.2 2.4184 0.620186
15.25 2.39605 0.617943
15.3 2.37381 0.61574
15.35 2.3517 0.613579
15.4 2.32971 0.611458
15.45 2.30785 0.609377
15.5 2.28612 0.607337
15.55 2.26451 0.605335
15.6 2.24303 0.603373
15.65 2.22168 0.60145
15.7 2.20046 0.599565
15.75 2.17937 0.597719
15.8 2.15842 0.59591
15.85 2.1376 0.594138
15.9 2.11692 0.592403
15.95 2.09637 0.590705
16 2.07596 0.589043
16.05 2.05568 0.587417
16.1 2.03555 0.585826
16.15 2.01555 0.584269
16.2 1.9957 0.582747
16.25 1.97598 0.58126
16.3 1.95641 0.579805
16.35 1.93697 0.578384
16.4 1.91768 0.576995
16.45 1.89854 0.575639
16.5 1.87953 0.574314
16.55 1.86067 0.57302
16.6 1.84196 0.571757
16.65 1.82339 0.570524
16.7 1.80497 0.569321
16.75 1.78669 0.568147
16.8 1.76856 0.567002
16.85 1.75057 0.565885
16.9 1.73273 0.564796
16.95 1.71504 0.563734
17 1.6975 0.562698
17.05 1.6801 0.561689
17.1 1.66285 0.560705
17.15 1.64575 0.559746
17.2 1.6288 0.558812
17.25 1.61199 0.557902
17.3 1.59534 0.557015
17.35 1.57883 0.556151
17.4 1.56246 0.55531
17.45 1.54625 0.55449
17.5 1.53018 0.553691
17.55 1.51426 0.552914
17.6 1.49849 0.552156
17.65 1.48287 0.551418
17.7 1.46739 0.550698
17.75 1.45206 0.549998
17.8 1.43688 0.549315
17.85 1.42184 0.548649
17.9 1.40695 0.548
17.95 1.3922 0.547367
18 1.3776 0.54675
18.05 1.36315 0.546147
18.1 1.34883 0.545559
18.15 1.33467 0.544985
18.2 1.32064 0.544424
18.25 1.30676 0.543876
18.3 1.29302 0.54334
18.35 1.27942 0.542815
18.4 1.26597 0.542302
18.45 1.25265 0.541798
18.5 1.23948 0.541305
18.55 1.22644 0.54082
18.6 1.21354 0.540344
18.65 1.20078 0.539877
18.7 1.18816 0.539417
18.75 1.17567 0.538963
18.8 1.16332 0.538516
18.85 1.15111 0.538075
18.9 1.13903 0.537639
18.95 1.12708 0.537208
19 1.11526 0.536781
19.05 1.10358 0.536357
19.1 1.09203 0.535936
19.15 1.0806 0.535518
19.2 1.06931 0.535102
19.25 1.05814 0.534687
19.3 1.0471 0.534272
19.35 1.03619 0.533858
19.4 1.0254 0.533444
19.45 1.01474 0.533029
19.5 1.0042 0.532612
19.55 0.993777 0.532194
19.6 0.983479 0.531773
19.65 0.973301 0.531349
19.7 0.963242 0.530921
19.75 0.9533 0.53049
19.8 0.943476 0.530055
19.85 0.933767 0.529614
19.9 0.924173 0.529168
19.95 0.914692 0.528716
20 0.905323 0.528257
20.05 0.896065 0.527792
20.1 0.886918 0.527319
20.15 0.877879 0.526838
20.2 0.868948 0.526349
20.25 0.860123 0.525851
20.3 0.851403 0.525344
20.35 0.842788 0.524827
20.4 0.834275 0.5243
20.45 0.825865 0.523763
20.5 0.817554 0.523214
20.55 0.809343 0.522655
20.6 0.80123 0.522083
20.65 0.793214 0.521499
20.7 0.785293 0.520902
20.75 0.777467 0.520293
20.8 0.769734 0.51967
20.85 0.762093 0.519033
20.9 0.754543 0.518382
20.95 0.747082 0.517717
21 0.739709 0.517036
21.05 0.732423 0.51634
21.1 0.725223 0.515629
21.15 0.718108 0.514902
21.2 0.711075 0.514159
21.25 0.704125 0.513398
21.3 0.697256 0.512622
21.35 0.690466 0.511827
21.4 0.683754 0.511016
21.45 0.67712 0.510186
21.5 0.670561 0.509339
21.55 0.664078 0.508473
21.6 0.657667 0.507588
21.65 0.651329 0.506685
21.7 0.645062 0.505762
21.75 0.638865 0.504821
21.8 0.632737 0.503859
21.85 0.626676 0.502878
21.9 0.620681 0.501876
21.95 0.614752 0.500855
22 0.608886 0.499813
22.05 0.603084 0.49875
22.1 0.597343 0.497666
22.15 0.591662 0.496562
22.2 0.586041 0.495436
22.25 0.580478 0.494289
22.3 0.574973 0.49312
22.35 0.569523 0.49193
22.4 0.564128 0.490718
22.45 0.558787 0.489485
22.5 0.553499 0.488229
22.55 0.548263 0.486951
22.6 0.543077 0.485651
22.65 0.537941 0.484329
22.7 0.532854 0.482984
22.75 0.527814 0.481617
22.8 0.522821 0.480227
22.85 0.517873 0.478815
22.9 0.51297 0.47738
22.95 0.50811 0.475923
23 0.503293 0.474443
23.05 0.498518 0.47294
23.1 0.493783 0.471415
23.15 0.489089 0.469867
23.2 0.484433 0.468296
23.25 0.479815 0.466702
23.3 0.475235 0.465086
23.35 0.470691 0.463447
23.4 0.466182 0.461786
23.45 0.461708 0.460102
23.5 0.457267 0.458396
23.55 0.45286 0.456667
23.6 0.448485 0.454916
23.65 0.444141 0.453142
23.7 0.439828 0.451347
23.75 0.435545 0.449529
23.8 0.43129 0.447689
23.85 0.427065 0.445828
23.9 0.422867 0.443944
23.95 0.418696 0.442039
24 0.414551 0.440113
24.05 0.410433 0.438165
24.1 0.406339 0.436196
24.15 0.40227 0.434205
24.2 0.398224 0.432194
24.25 0.394202 0.430162
24.3 0.390203 0.42811
24.35 0.386225 0.426037
24.4 0.382269 0.423944
24.45 0.378334 0.421831
24.5 0.37442 0.419698
24.55 0.370526 0.417546
24.6 0.366651 0.415374
24.65 0.362795 0.413183
24.7 0.358958 0.410974
24.75 0.355139 0.408745
24.8 0.351338 0.406498
24.85 0.347554 0.404233
24.9 0.343787 0.40195
24.95 0.340037 0.399649
25 0.336302 0.397331
25.05 0.332584 0.394996
25.1 0.328881 0.392644
25.15 0.325194 0.390275
25.2 0.321521 0.38789
25.25 0.317863 0.385489
25.3 0.314219 0.383072
25.35 0.310589 0.38064
25.4 0.306973 0.378192
25.45 0.303371 0.37573
25.5 0.299782 0.373254
25.55 0.296207 0.370763
25.6 0.292644 0.368258
25.65 0.289094 0.36574
25.7 0.285557 0.363209
25.75 0.282033 0.360664
25.8 0.278521 0.358108
25.85 0.275021 0.355539
25.9 0.271533 0.352958
25.95 0.268057 0.350366
26 0.264594 0.347762
26.05 0.261142 0.345148
26.1 0.257702 0.342524
26.15 0.254274 0.339889
26.2 0.250858 0.337245
26.25 0.247453 0.334591
26.3 0.244061 0.331929
26.35 0.24068 0.329258
26.4 0.23731 0.326578
26.45 0.233953 0.323891
26.5 0.230608 0.321196
26.55 0.227274 0.318495
26.6 0.223952 0.315786
26.65 0.220642 0.313072
26.7 0.217345 0.310351
26.75 0.214059 0.307625
26.8 0.210786 0.304893
26.85 0.207525 0.302157
26.9 0.204276 0.299417
26.95 0.20104 0.296672
27 0.197817 0.293924
27.05 0.194607 0.291173
27.1 0.191409 0.288419
27.15 0.188225 0.285662
27.2 0.185054 0.282904
27.25 0.181897 0.280143
27.3 0.178753 0.277382
27.35 0.175622 0.274619
27.4 0.172506 0.271856
27.45 0.169404 0.269093
27.5 0.166317 0.266331
27.55 0.163244 0.263569
27.6 0.160185 0.260808
27.65 0.157142 0.258048
27.7 0.154114 0.255291
27.75 0.151101 0.252535
27.8 0.148104 0.249782
27.85 0.145123 0.247033
27.9 0.142158 0.244286
27.95 0.13921 0.241543
28 0.136278 0.238805
28.05 0.133362 0.236071
28.1 0.130464 0.233341
28.15 0.127584 0.230617
28.2 0.12472 0.227899
28.25 0.121875 0.225186
28.3 0.119048 0.22248
28.35 0.116239 0.219781
28.4 0.113449 0.217088
28.45 0.110677 0.214403
28.5 0.107925 0.211726
28.55 0.105192 0.209056
28.6 0.102479 0.206396
28.65 0.0997857 0.203743
28.7 0.0971126 0.2011
28.75 0.0944599 0.198467
28.8 0.0918279 0.195843
28.85 0.0892169 0.19323
28.9 0.0866271 0.190626
28.95 0.0840588 0.188034
29 0.0815122 0.185453
29.05 0.0789876 0.182883
29.1 0.0764852 0.180324
29.15 0.0740054 0.177778
29.2 0.0715482 0.175244
29.25 0.0691141 0.172722
29.3 0.0667032 0.170214
29.35 0.0643157 0.167718
29.4 0.061952 0.165236
29.45 0.0596121 0.162768
29.5 0.0572965 0.160314
29.55 0.0550053 0.157874
29.6 0.0527387 0.155449
29.65 0.0504969 0.153038
29.7 0.0482802 0.150642
29.75 0.0460888 0.148262
29.8 0.0439228 0.145897
29.85 0.0417825 0.143548
29.9 0.0396681 0.141216
29.95 0.0375798 0.138899
30 0.0355177 0.136599
30.05 0.0334821 0.134315
30.1 0.0314731 0.132049
30.15 0.0294909 0.129799
30.2 0.0275356 0.127567
30.25 0.0256075 0.125352
30.3 0.0237066 0.123156
30.35 0.0218332 0.120977
30.4 0.0199873 0.118816
30.45 0.0181691 0.116673
30.5 0.0163788 0.114549
30.55 0.0146164 0.112444
30.6 0.012882 0.110357
30.65 0.0111759 0.108289
30.7 0.00949806 0.10624
30.75 0.0078486 0.104211
30.8 0.00622761 0.102201
30.85 0.00463518 0.10021
30.9 0.00307139 0.0982389
30.95 0.00153631 0.0962877
31 2.99901e-05 0.0943563
31.05 -0.0014475 0.0924449
31.1 -0.00289612 0.0905536
31.15 -0.00431583 0.0886825
31.2 -0.00570658 0.0868317
31.25 -0.00706837 0.0850013
31.3 -0.00840116 0.0831913
31.35 -0.00970494 0.0814019
31.4 -0.0109797 0.079633
31.45 -0.0122255 0.0778849
31.5 -0.0134423 0.0761575
31.55 -0.0146301 0.0744509
31.6 -0.0157889 0.0727652
31.65 -0.0169189 0.0711004
31.7 -0.0180199 0.0694565
31.75 -0.0190921 0.0678336
31.8 -0.0201356 0.0662317
31.85 -0.0211503 0.0646508
31.9 -0.0221365 0.063091
31.95 -0.023094 0.0615522
32 -0.0240231 0.0600346
32.05 -0.0249238 0.058538
32.1 -0.0257962 0.0570625
32.15 -0.0266404 0.055608
32.2 -0.0274566 0.0541746
32.25 -0.0282448 0.0527623
32.3 -0.0290053 0.051371
32.35 -0.029738 0.0500007
32.4 -0.0304433 0.0486513
32.45 -0.0311211 0.0473229
32.5 -0.0317718 0.0460154
32.55 -0.0323954 0.0447287
32.6 -0.0329921 0.0434628
32.65 -0.0335621 0.0422177
32.7 -0.0341055 0.0409932
32.75 -0.0346227 0.0397893
32.8 -0.0351137 0.038606
32.85 -0.0355788 0.0374432
32.9 -0.0360182 0.0363007
32.95 -0.0364321 0.0351786
33 -0.0368207 0.0340767
33.05 -0.0371843 0.032995
33.1 -0.0375231 0.0319332
33.15 -0.0378373 0.0308915
33.2 -0.0381272 0.0298696
33.25 -0.038393 0.0288674
33.3 -0.038635 0.0278848
33.35 -0.0388535 0.0269218
33.4 -0.0390487 0.0259781
33.45 -0.0392209 0.0250538
33.5 -0.0393704 0.0241485
33.55 -0.0394974 0.0232624
33.6 -0.0396023 0.022395
33.65 -0.0396854 0.0215465
33.7 -0.0397468 0.0207166
33.75 -0.0397871 0.0199051
33.8 -0.0398064 0.019112
33.85 -0.0398051 0.018337
33.9 -0.0397834 0.0175801
33.95 -0.0397418 0.0168411
34 -0.0396805 0.0161198
34.05 -0.0395998 0.015416
34.1 -0.0395002 0.0147297
34.15 -0.0393819 0.0140606
34.2 -0.0392452 0.0134085
34.25 -0.0390905 0.0127734
34.3 -0.0389182 0.0121549
34.35 -0.0387286 0.0115531
34.4 -0.038522 0.0109676
34.45 -0.0382988 0.0103982
34.5 -0.0380593 0.00984495
34.55 -0.037804 0.00930749
34.6 -0.0375331 0.00878567
34.65 -0.0372471 0.00827931
34.7 -0.0369462 0.00778822
34.75 -0.0366309 0.00731221
34.8 -0.0363015 0.00685109
34.85 -0.0359584 0.00640467
34.9 -0.0356019 0.00597274
34.95 -0.0352325 0.00555512
35 -0.0348505 0.00515161
35.05 -0.0344562 0.004762
35.1 -0.03405 0.0043861
35.15 -0.0336324 0.00402371
35.2 -0.0332036 0.00367462
35.25 -0.0327641 0.00333864
35.3 -0.0323142 0.00301555
35.35 -0.0318543 0.00270516
35.4 -0.0313847 0.00240726
35.45 -0.0309059 0.00212164
35.5 -0.0304183 0.0018481
35.55 -0.029922 0.00158643
35.6 -0.0294177 0.00133643
35.65 -0.0289055 0.00109788
35.7 -0.028386 0.000870576
35.75 -0.0278594 0.000654317
35.8 -0.0273261 0.000448892
35.85 -0.0267865 0.000254093
35.9 -0.0262409 6.97115e-05
35.95 -0.0256898 -0.000104459
36 -0.0251334 -0.000268627
36.05 -0.0245721 -0.000422998
36.1 -0.0240063 -0.00056778
36.15 -0.0234363 -0.00070318
36.2 -0.0228625 -0.000829402
36.25 -0.0222852 -0.000946653
36.3 -0.0217047 -0.00105514
36.35 -0.0211215 -0.00115506
36.4 -0.0205357 -0.00124662
36.45 -0.0199479 -0.00133003
36.5 -0.0193583 -0.00140548
36.55 -0.0187672 -0.00147318
36.6 -0.0181749 -0.00153333
36.65 -0.0175819 -0.00158612
36.7 -0.0169883 -0.00163175
36.75 -0.0163946 -0.00167042
36.8 -0.0158009 -0.00170233
36.85 -0.0152078 -0.00172767
36.9 -0.0146153 -0.00174663
36.95 -0.0140239 -0.00175941
37 -0.0134338 -0.00176619
37.05 -0.0128453 -0.00176716
37.1 -0.0122587 -0.00176252
37.15 -0.0116743 -0.00175244
37.2 -0.0110923 -0.00173711
37.25 -0.0105131 -0.00171672
37.3 -0.00993692 -0.00169144
37.35 -0.00936398 -0.00166145
37.4 -0.00879455 -0.00162693
37.45 -0.00822891 -0.00158806
37.5 -0.00766728 -0.00154501
37.55 -0.00710992 -0.00149795
37.6 -0.00655707 -0.00144705
37.65 -0.00600896 -0.00139248
37.7 -0.00546581 -0.0013344
37.75 -0.00492785 -0.00127299
37.8 -0.00439529 -0.00120839
37.85 -0.00386836 -0.00114078
37.9 -0.00334725 -0.0010703
37.95 -0.00283216 -0.000997117
38 -0.0023233 -0.000921381
38.05 -0.00182085 -0.000843241
38.1 -0.00132499 -0.000762848
38.15 -0.000835919 -0.000680348
38.2 -0.000353793 -0.000595885
38.25 0.000121214 -0.000509601
38.3 0.000588941 -0.000421635
38.35 0.00104923 -0.000332125
38.4 0.00150193 -0.000241206
38.45 0.00194689 -0.000149009
38.5 0.00238398 -5.56648e-05
38.55 0.00281307 3.86986e-05
38.6 0.00323401 0.000133956
38.65 0.0036467 0.000229986
38.7 0.004051 0.000326667
38.75 0.00444682 0.000423881
38.8 0.00483405 0.000521514
38.85 0.00521258 0.000619453
38.9 0.00558233 0.000717587
38.95 0.0059432 0.000815808
39 0.00629511 0.000914011
39.05 0.00663798 0.00101209
39.1 0.00697175 0.00110996
39.15 0.00729634 0.0012075
39.2 0.00761169 0.00130463
39.25 0.00791776 0.00140125
39.3 0.00821449 0.00149728
39.35 0.00850183 0.00159262
39.4 0.00877975 0.0016872
39.45 0.00904822 0.00178092
39.5 0.0093072 0.00187371
39.55 0.00955668 0.00196549
39.6 0.00979664 0.00205618
39.65 0.0100271 0.00214572
39.7 0.0102479 0.00223403
39.75 0.0104593 0.00232105
39.8 0.0106611 0.0024067
39.85 0.0108533 0.00249093
39.9 0.0110361 0.00257368
39.95 0.0112093 0.00265489
40 0.0113731 0.00273449
40.05 0.0115274 0.00281245
40.1 0.0116724 0.00288871
40.15 0.0118079 0.00296322
40.2 0.0119341 0.00303593
40.25 0.012051 0.0031068
40.3 0.0121587 0.00317579
40.35 0.0122572 0.00324286
40.4 0.0123465 0.00330797
40.45 0.0124268 0.00337109
40.5 0.0124982 0.00343218
40.55 0.0125606 0.00349122
40.6 0.0126141 0.00354818
40.65 0.0126589 0.00360303
40.7 0.012695 0.00365574
40.75 0.0127225 0.0037063
40.8 0.0127416 0.00375468
40.85 0.0127522 0.00380087
40.9 0.0127545 0.00384485
40.95 0.0127486 0.00388661
41 0.0127346 0.00392613
41.05 0.0127126 0.00396341
41.1 0.0126828 0.00399843
41.15 0.0126451 0.0040312
41.2 0.0125999 0.0040617
41.25 0.0125471 0.00408994
41.3 0.0124869 0.00411591
41.35 0.0124194 0.00413962
41.4 0.0123448 0.00416106
41.45 0.0122631 0.00418024
41.5 0.0121746 0.00419717
41.55 0.0120793 0.00421185
41.6 0.0119775 0.0042243
41.65 0.0118691 0.00423452
41.7 0.0117544 0.00424253
41.75 0.0116336 0.00424833
41.8 0.0115067 0.00425195
41.85 0.0113739 0.00425341
41.9 0.0112353 0.00425271
41.95 0.0110912 0.00424988
42 0.0109417 0.00424493
42.05 0.0107868 0.0042379
42.1 0.0106269 0.0042288
42.15 0.0104619 0.00421766
42.2 0.0102922 0.0042045
42.25 0.0101177 0.00418934
42.3 0.00993882 0.00417223
42.35 0.00975556 0.00415317
42.4 0.00956813 0.00413221
42.45 0.00937668 0.00410938
42.5 0.00918137 0.0040847
42.55 0.00898237 0.0040582
42.6 0.00877983 0.00402993
42.65 0.00857393 0.00399991
42.7 0.00836481 0.00396818
42.75 0.00815266 0.00393478
42.8 0.00793762 0.00389973
42.85 0.00771986 0.00386308
42.9 0.00749954 0.00382487
42.95 0.00727683 0.00378513
43 0.00705189 0.00374391
43.05 0.00682487 0.00370123
43.1 0.00659593 0.00365715
43.15 0.00636525 0.00361169
43.2 0.00613297 0.00356491
43.25 0.00589925 0.00351684
43.3 0.00566426 0.00346752
43.35 0.00542814 0.003417
43.4 0.00519106 0.00336532
43.45 0.00495317 0.00331252
43.5 0.00471461 0.00325865
43.55 0.00447555 0.00320373
43.6 0.00423613 0.00314783
43.65 0.0039965 0.00309098
43.7 0.00375681 0.00303323
43.75 0.0035172 0.00297461
43.8 0.00327783 0.00291518
43.85 0.00303882 0.00285497
43.9 0.00280033 0.00279403
43.95 0.00256249 0.00273241
44 0.00232545 0.00267014
44.05 0.00208932 0.00260727
44.1 0.00185426 0.00254384
44.15 0.00162038 0.0024799
44.2 0.00138782 0.00241549
44.25 0.00115671 0.00235065
44.3 0.000927169 0.00228542
44.35 0.000699321 0.00221985
44.4 0.000473288 0.00215398
44.45 0.000249187 0.00208784
44.5 2.71339e-05 0.00202149
44.55 -0.000192758 0.00195496
44.6 -0.000410378 0.00188829
44.65 -0.000625618 0.00182153
44.7 -0.000838372 0.00175471
44.75 -0.00104854 0.00168787
44.8 -0.00125601 0.00162106
44.85 -0.0014607 0.0015543
44.9 -0.0016625 0.00148765
44.95 -0.00186133 0.00142113
45 -0.00205709 0.00135478
45.05 -0.0022497 0.00128864
45.1 -0.00243907 0.00122275
45.15 -0.00262512 0.00115714
45.2 -0.00280777 0.00109184
45.25 -0.00298695 0.0010269
45.3 -0.00316258 0.000962336
45.35 -0.0033346 0.000898191
45.4 -0.00350293 0.000834496
45.45 -0.00366751 0.000771281
45.5 -0.00382828 0.000708579
45.55 -0.00398518 0.000646418
45.6 -0.00413816 0.000584829
45.65 -0.00428716 0.000523842
45.7 -0.00443213 0.000463483
45.75 -0.00457302 0.00040378
45.8 -0.00470979 0.000344761
45.85 -0.00484241 0.000286451
45.9 -0.00497082 0.000228876
45.95 -0.005095 0.00017206
46 -0.00521492 0.000116027
46.05 -0.00533054 6.08002e-05
46.1 -0.00544183 6.40122e-06
46.15 -0.00554878 -4.71481e-05
46.2 -0.00565136 -9.98271e-05
46.25 -0.00574955 -0.000151616
46.3 -0.00584334 -0.000202496
46.35 -0.00593272 -0.000252448
46.4 -0.00601767 -0.000301455
46.45 -0.00609819 -0.0003495
46.5 -0.00617428 -0.000396568
46.55 -0.00624593 -0.000442643
46.6 -0.00631314 -0.00048771
46.65 -0.00637593 -0.000531758
46.7 -0.00643429 -0.000574772
46.75 -0.00648823 -0.000616741
46.8 -0.00653777 -0.000657654
46.85 -0.00658292 -0.0006975
46.9 -0.00662369 -0.00073627
46.95 -0.00666011 -0.000773955
47 -0.0066922 -0.000810548
47.05 -0.00671998 -0.000846041
47.1 -0.00674348 -0.000880428
47.15 -0.00676273 -0.000913703
47.2 -0.00677776 -0.000945861
47.25 -0.0067886 -0.000976898
47.3 -0.00679529 -0.00100681
47.35 -0.00679786 -0.0010356
47.4 -0.00679636 -0.00106326
47.45 -0.00679083 -0.00108979
47.5 -0.00678131 -0.00111519
47.55 -0.00676785 -0.00113946
47.6 -0.0067505 -0.0011626
47.65 -0.0067293 -0.00118461
47.7 -0.00670431 -0.0012055
47.75 -0.00667559 -0.00122527
47.8 -0.00664319 -0.00124392
47.85 -0.00660716 -0.00126146
47.9 -0.00656757 -0.00127789
47.95 -0.00652448 -0.00129322
48 -0.00647794 -0.00130746
48.05 -0.00642802 -0.00132061
48.1 -0.0063748 -0.00133267
48.15 -0.00631832 -0.00134367
48.2 -0.00625867 -0.0013536
48.25 -0.00619592 -0.00136247
48.3 -0.00613012 -0.0013703
48.35 -0.00606136 -0.0013771
48.4 -0.00598971 -0.00138288
48.45 -0.00591524 -0.00138764
48.5 -0.00583802 -0.00139141
48.55 -0.00575814 -0.00139419
48.6 -0.00567567 -0.001396
48.65 -0.00559069 -0.00139685
48.7 -0.00550327 -0.00139675
48.75 -0.00541351 -0.00139572
48.8 -0.00532147 -0.00139377
48.85 -0.00522724 -0.00139093
48.9 -0.0051309 -0.00138719
48.95 -0.00503253 -0.00138259
49 -0.00493222 -0.00137714
49.05 -0.00483004 -0.00137085
49.1 -0.00472609 -0.00136374
49.15 -0.00462045 -0.00135583
49.2 -0.0045132 -0.00134714
49.25 -0.00440442 -0.00133768
49.3 -0.0042942 -0.00132748
49.35 -0.00418263 -0.00131654
49.4 -0.00406978 -0.0013049
49.45 -0.00395576 -0.00129257
49.5 -0.00384063 -0.00127956
49.55 -0.00372448 -0.00126591
49.6 -0.00360741 -0.00125162
49.65 -0.00348949 -0.00123672
49.7 -0.0033708 -0.00122123
49.75 -0.00325144 -0.00120516
49.8 -0.00313149 -0.00118855
49.85 -0.00301102 -0.0011714
49.9 -0.00289013 -0.00115375
49.95 -0.00276889 -0.0011356
50 -0.00264739 -0.00111699
