-0.498 -0.000174434 -0.000101753
-0.496 -0.000686543 -0.000400487
-0.494 -0.00151951 -0.000885846
-0.492 -0.0026566 -0.00154677
-0.49 -0.00408131 -0.00237156
-0.488 -0.00577748 -0.00334795
-0.486 -0.00772947 -0.0044632
-0.484 -0.00992226 -0.00570416
-0.482 -0.0123416 -0.00705733
-0.48 -0.014974 -0.00850897
-0.478 -0.0178072 -0.0100452
-0.476 -0.0208299 -0.0116519
-0.474 -0.0240317 -0.0133152
-0.472 -0.0274041 -0.015021
-0.47 -0.0309393 -0.0167555
-0.468 -0.0346314 -0.0185051
-0.466 -0.0384757 -0.0202564
-0.464 -0.0424691 -0.0219965
-0.462 -0.0466102 -0.0237127
-0.46 -0.050899 -0.025393
-0.458 -0.0553372 -0.0270257
-0.456 -0.0599282 -0.0285999
-0.454 -0.0646768 -0.0301053
-0.452 -0.0695896 -0.0315322
-0.45 -0.0746746 -0.0328716
-0.448 -0.0799414 -0.0341154
-0.446 -0.0854011 -0.0352562
-0.444 -0.0910661 -0.0362874
-0.442 -0.0969503 -0.0372033
-0.44 -0.103069 -0.037999
-0.438 -0.109438 -0.0386704
-0.436 -0.116074 -0.0392143
-0.434 -0.122997 -0.0396284
-0.432 -0.130225 -0.0399112
-0.43 -0.137777 -0.0400619
-0.428 -0.145675 -0.0400807
-0.426 -0.153938 -0.0399684
-0.424 -0.162589 -0.0397266
-0.422 -0.171647 -0.0393576
-0.42 -0.181135 -0.0388643
-0.418 -0.191072 -0.0382502
-0.416 -0.20148 -0.0375194
-0.414 -0.212377 -0.0366765
-0.412 -0.223785 -0.0357265
-0.41 -0.235719 -0.0346746
-0.408 -0.248199 -0.0335267
-0.406 -0.261239 -0.0322884
-0.404 -0.274854 -0.030966
-0.402 -0.289056 -0.0295653
-0.4 -0.303857 -0.0280925
-0.398 -0.319264 -0.0265537
-0.396 -0.335286 -0.0249546
-0.394 -0.351926 -0.0233009
-0.392 -0.369185 -0.0215978
-0.39 -0.387063 -0.0198503
-0.388 -0.405557 -0.0180627
-0.386 -0.424659 -0.0162389
-0.384 -0.444359 -0.0143823
-0.382 -0.464644 -0.0124953
-0.38 -0.485498 -0.0105797
-0.378 -0.5069 -0.00863664
-0.376 -0.528827 -0.00666614
-0.374 -0.551251 -0.00466741
-0.372 -0.574142 -0.00263867
-0.37 -0.597463 -0.000577103
-0.368 -0.621177 0.00152115
-0.366 -0.645239 0.00366103
-0.364 -0.669604 0.0058486
-0.362 -0.69422 0.00809106
-0.36 -0.719033 0.0103967
-0.358 -0.743984 0.012775
-0.356 -0.769011 0.0152366
-0.354 -0.794046 0.0177931
-0.352 -0.81902 0.0204573
-0.35 -0.843858 0.0232431
-0.348 -0.868485 0.0261653
-0.346 -0.892818 0.0292396
-0.344 -0.916775 0.032483
-0.342 -0.940267 0.0359127
-0.34 -0.963206 0.0395473
-0.338 -0.985499 0.0434055
-0.336 -1.00705 0.047507
-0.334 -1.02777 0.0518718
-0.332 -1.04755 0.0565203
-0.33 -1.06629 0.0614732
-0.328 -1.08389 0.0667511
-0.326 -1.10026 0.072375
-0.324 -1.11528 0.0783655
-0.322 -1.12885 0.084743
-0.32 -1.14088 0.0915275
-0.318 -1.15126 0.0987386
-0.316 -1.15988 0.106395
-0.314 -1.16665 0.114515
-0.312 -1.17147 0.123116
-0.31 -1.17424 0.132213
-0.308 -1.17487 0.141821
-0.306 -1.17327 0.151954
-0.304 -1.16934 0.162625
-0.302 -1.16302 0.173842
-0.3 -1.15421 0.185615
-0.298 -1.14284 0.197951
-0.296 -1.12884 0.210855
-0.294 -1.11215 0.224329
-0.292 -1.09271 0.238376
-0.29 -1.07045 0.252993
-0.288 -1.04534 0.268177
-0.286 -1.01733 0.283923
-0.284 -0.986383 0.300223
-0.282 -0.952475 0.317067
-0.28 -0.915582 0.334443
-0.278 -0.875689 0.352335
-0.276 -0.83279 0.370728
-0.274 -0.786884 0.389603
-0.272 -0.737978 0.408937
-0.27 -0.686087 0.428709
-0.268 -0.631232 0.448892
-0.266 -0.573443 0.469461
-0.264 -0.512756 0.490385
-0.262 -0.449214 0.511635
-0.26 -0.382868 0.533179
-0.258 -0.313775 0.554983
-0.256 -0.242 0.577011
-0.254 -0.167612 0.599229
-0.252 -0.0906886 0.621598
-0.25 -0.0113119 0.644082
-0.248 0.0704296 0.666641
-0.246 0.154443 0.689236
-0.244 0.240629 0.711829
-0.242 0.328884 0.734378
-0.24 0.419102 0.756844
-0.238 0.511171 0.779188
-0.236 0.604976 0.80137
-0.234 0.700398 0.823351
-0.232 0.797318 0.845093
-0.23 0.895612 0.866558
-0.228 0.995155 0.88771
-0.226 1.09582 0.908513
-0.224 1.19748 0.928932
-0.222 1.30001 0.948934
-0.22 1.40327 0.968488
-0.218 1.50715 0.987563
-0.216 1.61151 1.00613
-0.214 1.71622 1.02417
-0.212 1.82117 1.04164
-0.21 1.92622 1.05854
-0.208 2.03126 1.07483
-0.206 2.13616 1.0905
-0.204 2.24081 1.10553
-0.202 2.3451 1.11991
-0.2 2.44891 1.13363
-0.198 2.55215 1.14667
-0.196 2.6547 1.15903
-0.194 2.75648 1.17071
-0.192 2.85738 1.1817
-0.19 2.95732 1.19199
-0.188 3.05622 1.2016
-0.186 3.15399 1.21053
-0.184 3.25057 1.21879
-0.182 3.34589 1.22637
-0.18 3.43988 1.23331
-0.178 3.5325 1.2396
-0.176 3.62369 1.24527
-0.174 3.71341 1.25034
-0.172 3.80162 1.25483
-0.17 3.8883 1.25875
-0.168 3.97341 1.26215
-0.166 4.05695 1.26504
-0.164 4.13889 1.26745
-0.162 4.21925 1.26943
-0.16 4.29801 1.27099
-0.158 4.3752 1.27219
-0.156 4.45082 1.27306
-0.154 4.52489 1.27363
-0.152 4.59746 1.27396
-0.15 4.66854 1.27408
-0.148 4.7382 1.27404
-0.146 4.80646 1.2739
-0.144 4.8734 1.27369
-0.142 4.93906 1.27348
-0.14 5.00352 1.2733
-0.138 5.06685 1.27323
-0.136 5.12913 1.27331
-0.134 5.19044 1.2736
-0.132 5.25087 1.27416
-0.13 5.31052 1.27504
-0.128 5.36949 1.27632
-0.126 5.42787 1.27803
-0.124 5.48579 1.28026
-0.122 5.54335 1.28306
-0.12 5.60066 1.28649
-0.118 5.65785 1.29062
-0.116 5.71505 1.2955
-0.114 5.77237 1.30121
-0.112 5.82994 1.3078
-0.11 5.8879 1.31534
-0.108 5.94638 1.32388
-0.106 6.0055 1.33349
-0.104 6.06541 1.34423
-0.102 6.12622 1.35615
-0.1 6.18809 1.36932
-0.098 6.25113 1.38379
-0.096 6.31548 1.3996
-0.094 6.38126 1.41682
-0.092 6.44859 1.43549
-0.09 6.51761 1.45565
-0.088 6.58842 1.47735
-0.086 6.66113 1.50063
-0.084 6.73586 1.52552
-0.082 6.8127 1.55205
-0.08 6.89173 1.58025
-0.078 6.97306 1.61014
-0.076 7.05675 1.64174
-0.074 7.14287 1.67506
-0.072 7.23147 1.71011
-0.07 7.3226 1.74688
-0.068 7.4163 1.78537
-0.066 7.51258 1.82556
-0.064 7.61146 1.86744
-0.062 7.71293 1.91099
-0.06 7.81696 1.95616
-0.058 7.92354 2.00292
-0.056 8.03259 2.05121
-0.054 8.14407 2.10098
-0.052 8.25789 2.15217
-0.05 8.37394 2.20469
-0.048 8.49211 2.25848
-0.046 8.61227 2.31344
-0.044 8.73426 2.36947
-0.042 8.85792 2.42647
-0.04 8.98306 2.48433
-0.038 9.10946 2.54291
-0.036 9.23691 2.60209
-0.034 9.36516 2.66174
-0.032 9.49396 2.7217
-0.03 9.62303 2.78183
-0.028 9.75208 2.84197
-0.026 9.88081 2.90196
-0.024 10.0089 2.96161
-0.022 10.136 3.02077
-0.02 10.2618 3.07924
-0.018 10.3858 3.13685
-0.016 10.5079 3.19341
-0.014 10.6275 3.24873
-0.012 10.7442 3.30262
-0.01 10.8578 3.35489
-0.008 10.9678 3.40535
-0.006 11.0738 3.4538
-0.004 11.1754 3.50007
-0.002 11.2722 3.54395
0 11.3638 3.58528
0.002 11.4498 3.6239
0.004 11.5299 3.65961
0.006 11.6037 3.69224
0.008 11.6708 3.72164
0.01 11.7309 3.74765
0.012 11.7835 3.77015
0.014 11.8285 3.78898
0.016 11.8655 3.80405
0.018 11.8942 3.81522
0.02 11.9143 3.82241
0.022 11.9257 3.82554
0.024 11.928 3.82452
0.026 11.9211 3.81929
0.028 11.9048 3.80982
0.03 11.879 3.79607
0.032 11.8435 3.77802
0.034 11.7982 3.75567
0.036 11.743 3.72902
0.038 11.678 3.69811
0.04 11.6031 3.66296
0.042 11.5183 3.62364
0.044 11.4236 3.5802
0.046 11.3191 3.53273
0.048 11.205 3.48133
0.05 11.0812 3.42608
0.052 10.948 3.36712
0.054 10.8054 3.30458
0.056 10.6538 3.23858
0.058 10.4933 3.16929
0.06 10.3241 3.09686
0.062 10.1466 3.02147
0.064 9.96087 2.94329
0.066 9.76733 2.8625
0.068 9.56627 2.77931
0.07 9.35802 2.69391
0.072 9.14291 2.6065
0.074 8.9213 2.5173
0.076 8.69357 2.42651
0.078 8.46009 2.33435
0.08 8.22126 2.24105
0.082 7.97748 2.14681
0.084 7.72915 2.05186
0.086 7.4767 1.95642
0.088 7.22054 1.86071
0.09 6.96109 1.76493
0.092 6.69879 1.66932
0.094 6.43407 1.57407
0.096 6.16735 1.4794
0.098 5.89906 1.38551
0.1 5.62964 1.29259
0.102 5.3595 1.20083
0.104 5.08907 1.11043
0.106 4.81876 1.02156
0.108 4.54899 0.934395
0.11 4.28015 0.849094
0.112 4.01266 0.765816
0.114 3.74689 0.684708
0.116 3.48322 0.605909
0.118 3.22203 0.529548
0.12 2.96368 0.455747
0.122 2.70852 0.384615
0.124 2.45687 0.316255
0.126 2.20908 0.250758
0.128 1.96546 0.188206
0.13 1.72629 0.128671
0.132 1.49188 0.0722146
0.134 1.26249 0.0188887
0.136 1.03838 -0.0312645
0.138 0.819806 -0.0782128
0.14 0.606985 -0.121934
0.142 0.400134 -0.162414
0.144 0.199455 -0.19965
0.146 0.00513158 -0.233649
0.148 -0.182668 -0.264423
0.15 -0.363792 -0.291998
0.152 -0.538101 -0.316405
0.154 -0.705474 -0.337685
0.156 -0.865805 -0.355885
0.158 -1.019 -0.371062
0.16 -1.165 -0.383279
0.162 -1.30373 -0.392606
0.164 -1.43514 -0.399119
0.166 -1.55923 -0.402904
0.168 -1.67596 -0.404047
0.17 -1.78534 -0.402643
0.172 -1.88739 -0.398793
0.174 -1.98213 -0.3926
0.176 -2.06963 -0.384173
0.178 -2.14992 -0.373625
0.18 -2.22309 -0.361071
0.182 -2.28922 -0.34663
0.184 -2.34841 -0.330424
0.186 -2.40077 -0.312578
0.188 -2.44643 -0.293216
0.19 -2.48551 -0.272467
0.192 -2.51817 -0.250459
0.194 -2.54456 -0.227321
0.196 -2.56485 -0.203182
0.198 -2.57921 -0.178171
0.2 -2.58784 -0.152419
0.202 -2.59091 -0.126052
0.204 -2.58865 -0.0991977
0.206 -2.58125 -0.0719819
0.208 -2.56893 -0.044528
0.21 -2.55191 -0.0169576
0.212 -2.53043 0.0106102
0.214 -2.50471 0.0380592
0.216 -2.47499 0.065276
0.218 -2.44152 0.0921507
0.22 -2.40453 0.118577
0.222 -2.36428 0.144452
0.224 -2.321 0.169678
0.226 -2.27495 0.19416
0.228 -2.22637 0.217809
0.23 -2.17552 0.24054
0.232 -2.12264 0.262272
0.234 -2.06798 0.282931
0.236 -2.01177 0.302447
0.238 -1.95426 0.320756
0.24 -1.89567 0.337797
0.242 -1.83625 0.353519
0.244 -1.77622 0.367873
0.246 -1.71579 0.380816
0.248 -1.65519 0.392314
0.25 -1.59461 0.402334
0.252 -1.53426 0.410853
0.254 -1.47433 0.417851
0.256 -1.415 0.423317
0.258 -1.35644 0.427241
0.26 -1.29883 0.429623
0.262 -1.24231 0.430468
0.264 -1.18704 0.429785
0.266 -1.13315 0.427588
0.268 -1.08076 0.4239
0.27 -1.02998 0.418746
0.272 -0.980937 0.412157
0.274 -0.933706 0.404169
0.276 -0.888374 0.394823
0.278 -0.845013 0.384163
0.28 -0.803684 0.372241
0.282 -0.764436 0.359109
0.284 -0.727309 0.344825
0.286 -0.692331 0.32945
0.288 -0.659521 0.313049
0.29 -0.628887 0.295689
0.292 -0.600427 0.277441
0.294 -0.574131 0.258377
0.296 -0.549977 0.238573
0.298 -0.527938 0.218105
0.3 -0.507975 0.197052
0.302 -0.490043 0.175494
0.304 -0.474091 0.153509
0.306 -0.460057 0.131181
0.308 -0.447875 0.108589
0.31 -0.437475 0.0858157
0.312 -0.428777 0.0629406
0.314 -0.4217 0.040044
0.316 -0.416156 0.0172048
0.318 -0.412056 -0.00549969
0.32 -0.409306 -0.0279936
0.322 -0.407808 -0.0502032
0.324 -0.407466 -0.0720568
0.326 -0.408179 -0.0934854
0.328 -0.409845 -0.114423
0.33 -0.412364 -0.134805
0.332 -0.415633 -0.154573
0.334 -0.419552 -0.173669
0.336 -0.424021 -0.19204
0.338 -0.428941 -0.209638
0.34 -0.434215 -0.226416
0.342 -0.43975 -0.242332
0.344 -0.445452 -0.257351
0.346 -0.451234 -0.271438
0.348 -0.45701 -0.284564
0.35 -0.462697 -0.296706
0.352 -0.468219 -0.307843
0.354 -0.473501 -0.31796
0.356 -0.478474 -0.327044
0.358 -0.483074 -0.335089
0.36 -0.48724 -0.342092
0.362 -0.490917 -0.348054
0.364 -0.494056 -0.352981
0.366 -0.496611 -0.356881
0.368 -0.498542 -0.35977
0.37 -0.499816 -0.361662
0.372 -0.500401 -0.362579
0.374 -0.500274 -0.362545
0.376 -0.499416 -0.361586
0.378 -0.497813 -0.359734
0.38 -0.495454 -0.35702
0.382 -0.492336 -0.353481
0.384 -0.488459 -0.349155
0.386 -0.483828 -0.344081
0.388 -0.478451 -0.338302
0.39 -0.472343 -0.331862
0.392 -0.46552 -0.324806
0.394 -0.458004 -0.317181
0.396 -0.449818 -0.309033
0.398 -0.440992 -0.300412
0.4 -0.431557 -0.291366
0.402 -0.421545 -0.281943
0.404 -0.410995 -0.272194
0.406 -0.399943 -0.262167
0.408 -0.388432 -0.25191
0.41 -0.376504 -0.241472
0.412 -0.364202 -0.230899
0.414 -0.351573 -0.220237
0.416 -0.338661 -0.209531
0.418 -0.325515 -0.198825
0.42 -0.312181 -0.18816
0.422 -0.298707 -0.177577
0.424 -0.285139 -0.167113
0.426 -0.271526 -0.156804
0.428 -0.257912 -0.146686
0.43 -0.244345 -0.136789
0.432 -0.230867 -0.127143
0.434 -0.217522 -0.117775
0.436 -0.204351 -0.108709
0.438 -0.191395 -0.0999681
0.44 -0.178691 -0.0915712
0.442 -0.166276 -0.0835351
0.444 -0.154182 -0.075874
0.446 -0.142442 -0.0685995
0.448 -0.131085 -0.0617205
0.45 -0.120137 -0.0552435
0.452 -0.109621 -0.0491722
0.454 -0.0995593 -0.0435081
0.456 -0.0899693 -0.0382502
0.458 -0.0808665 -0.033395
0.46 -0.0722634 -0.028937
0.462 -0.0641696 -0.0248683
0.464 -0.0565916 -0.0211793
0.466 -0.0495332 -0.0178582
0.468 -0.0429953 -0.0148914
0.47 -0.036976 -0.012264
0.472 -0.0314705 -0.00995908
0.474 -0.0264714 -0.00795878
0.476 -0.0219687 -0.00624386
0.478 -0.01795 -0.00479405
0.48 -0.0144003 -0.0035882
0.482 -0.0113025 -0.00260445
0.484 -0.00863724 -0.00182039
0.486 -0.00638337 -0.00121324
0.488 -0.00451777 -0.000759992
0.49 -0.00301572 -0.000437608
0.492 -0.001851 -0.000223171
0.494 -0.000996124 -9.40512e-05
0.496 -0.000422467 -2.80711e-05
0.498 -0.000100507 -3.65845e-06
0.05 4.12983 1.45895
0.1 4.12995 1.45891
0.15 4.13014 1.45885
0.2 4.13041 1.45876
0.25 4.13076 1.45865
0.3 4.13118 1.45851
0.35 4.13168 1.45835
0.4 4.13226 1.45816
0.45 4.13291 1.45795
0.5 4.13364 1.45772
0.55 4.13444 1.45745
0.6 4.13532 1.45717
0.65 4.13627 1.45685
0.7 4.1373 1.45652
0.75 4.1384 1.45615
0.8 4.13957 1.45577
0.85 4.14082 1.45535
0.9 4.14213 1.45492
0.95 4.14352 1.45445
1 4.14498 1.45396
1.05 4.14651 1.45345
1.1 4.1481 1.4529
1.15 4.14977 1.45234
1.2 4.1515 1.45175
1.25 4.1533 1.45113
1.3 4.15516 1.45048
1.35 4.15709 1.44981
1.4 4.15908 1.44911
1.45 4.16113 1.44839
1.5 4.16324 1.44764
1.55 4.16541 1.44686
1.6 4.16765 1.44606
1.65 4.16994 1.44523
1.7 4.17228 1.44437
1.75 4.17468 1.44349
1.8 4.17714 1.44258
1.85 4.17965 1.44164
1.9 4.18221 1.44068
1.95 4.18482 1.43968
2 4.18747 1.43866
2.05 4.19018 1.43761
2.1 4.19293 1.43654
2.15 4.19573 1.43543
2.2 4.19856 1.4343
2.25 4.20144 1.43314
2.3 4.20436 1.43195
2.35 4.20732 1.43074
2.4 4.21031 1.42949
2.45 4.21334 1.42821
2.5 4.2164 1.42691
2.55 4.2195 1.42558
2.6 4.22262 1.42422
2.65 4.22577 1.42283
2.7 4.22895 1.4214
2.75 4.23215 1.41995
2.8 4.23537 1.41847
2.85 4.23862 1.41696
2.9 4.24188 1.41542
2.95 4.24517 1.41385
3 4.24846 1.41225
3.05 4.25177 1.41062
3.1 4.25509 1.40896
3.15 4.25843 1.40727
3.2 4.26177 1.40555
3.25 4.26511 1.40379
3.3 4.26846 1.40201
3.35 4.27181 1.40019
3.4 4.27516 1.39834
3.45 4.27851 1.39646
3.5 4.28185 1.39455
3.55 4.28519 1.39261
3.6 4.28851 1.39063
3.65 4.29183 1.38863
3.7 4.29514 1.38659
3.75 4.29843 1.38452
3.8 4.3017 1.38241
3.85 4.30495 1.38028
3.9 4.30819 1.37811
3.95 4.3114 1.37591
4 4.31458 1.37367
4.05 4.31774 1.3714
4.1 4.32087 1.3691
4.15 4.32397 1.36677
4.2 4.32703 1.3644
4.25 4.33006 1.36201
4.3 4.33305 1.35957
4.35 4.33599 1.35711
4.4 4.3389 1.35461
4.45 4.34176 1.35207
4.5 4.34458 1.34951
4.55 4.34735 1.34691
4.6 4.35006 1.34427
4.65 4.35273 1.3416
4.7 4.35533 1.3389
4.75 4.35789 1.33617
4.8 4.36038 1.3334
4.85 4.36281 1.33059
4.9 4.36518 1.32775
4.95 4.36748 1.32488
5 4.36971 1.32198
5.05 4.37187 1.31904
5.1 4.37397 1.31606
5.15 4.37599 1.31306
5.2 4.37793 1.31002
5.25 4.37979 1.30694
5.3 4.38158 1.30383
5.35 4.38328 1.30069
5.4 4.3849 1.29751
5.45 4.38643 1.2943
5.5 4.38788 1.29106
5.55 4.38924 1.28778
5.6 4.3905 1.28447
5.65 4.39167 1.28112
5.7 4.39275 1.27774
5.75 4.39372 1.27433
5.8 4.3946 1.27089
5.85 4.39538 1.26741
5.9 4.39606 1.2639
5.95 4.39663 1.26035
6 4.39709 1.25677
6.05 4.39745 1.25316
6.1 4.39769 1.24952
6.15 4.39783 1.24585
6.2 4.39785 1.24214
6.25 4.39776 1.2384
6.3 4.39755 1.23463
6.35 4.39722 1.23082
6.4 4.39677 1.22699
6.45 4.3962 1.22312
6.5 4.39551 1.21923
6.55 4.3947 1.2153
6.6 4.39376 1.21134
6.65 4.39269 1.20735
6.7 4.39149 1.20333
6.75 4.39017 1.19928
6.8 4.38871 1.1952
6.85 4.38712 1.19109
6.9 4.38539 1.18695
6.95 4.38353 1.18278
7 4.38154 1.17858
7.05 4.37941 1.17436
7.1 4.37713 1.1701
7.15 4.37472 1.16582
7.2 4.37217 1.16151
7.25 4.36947 1.15718
7.3 4.36664 1.15281
7.35 4.36365 1.14842
7.4 4.36053 1.14401
7.45 4.35725 1.13957
7.5 4.35383 1.1351
7.55 4.35027 1.13061
7.6 4.34655 1.12609
7.65 4.34268 1.12155
7.7 4.33867 1.11698
7.75 4.3345 1.11239
7.8 4.33018 1.10778
7.85 4.32571 1.10314
7.9 4.32109 1.09848
7.95 4.31631 1.0938
8 4.31138 1.0891
8.05 4.30629 1.08438
8.1 4.30105 1.07964
8.15 4.29566 1.07487
8.2 4.29011 1.07009
8.25 4.2844 1.06529
8.3 4.27853 1.06047
8.35 4.27251 1.05563
8.4 4.26633 1.05077
8.45 4.26 1.0459
8.5 4.25351 1.04101
8.55 4.24686 1.0361
8.6 4.24005 1.03118
8.65 4.23308 1.02624
8.7 4.22596 1.02129
8.75 4.21868 1.01632
8.8 4.21124 1.01134
8.85 4.20364 1.00634
8.9 4.19589 1.00134
8.95 4.18798 0.996321
9 4.17991 0.991291
9.05 4.17168 0.986251
9.1 4.1633 0.981201
9.15 4.15476 0.976141
9.2 4.14607 0.971072
9.25 4.13722 0.965994
9.3 4.12821 0.960909
9.35 4.11905 0.955816
9.4 4.10974 0.950717
9.45 4.10027 0.945612
9.5 4.09065 0.940501
9.55 4.08087 0.935385
9.6 4.07095 0.930265
9.65 4.06087 0.925142
9.7 4.05064 0.920016
9.75 4.04026 0.914887
9.8 4.02974 0.909757
9.85 4.01906 0.904625
9.9 4.00824 0.899493
9.95 3.99727 0.894362
10 3.98615 0.889231
10.05 3.97489 0.884102
10.1 3.96349 0.878975
10.15 3.95194 0.87385
10.2 3.94026 0.86873
10.25 3.92843 0.863613
10.3 3.91646 0.858501
10.35 3.90435 0.853394
10.4 3.89211 0.848294
10.45 3.87973 0.8432
10.5 3.86721 0.838114
10.55 3.85456 0.833036
10.6 3.84178 0.827966
10.65 3.82887 0.822906
10.7 3.81582 0.817855
10.75 3.80265 0.812816
10.8 3.78935 0.807788
10.85 3.77593 0.802771
10.9 3.76238 0.797767
10.95 3.74871 0.792777
11 3.73492 0.787801
11.05 3.721 0.782839
11.1 3.70697 0.777892
11.15 3.69282 0.772961
11.2 3.67856 0.768047
11.25 3.66419 0.76315
11.3 3.6497 0.75827
11.35 3.6351 0.753409
11.4 3.62039 0.748568
11.45 3.60558 0.743745
11.5 3.59066 0.738944
11.55 3.57563 0.734163
11.6 3.56051 0.729403
11.65 3.54528 0.724666
11.7 3.52996 0.719952
11.75 3.51454 0.715261
11.8 3.49902 0.710593
11.85 3.48341 0.705951
11.9 3.46772 0.701334
11.95 3.45193 0.696742
12 3.43605 0.692177
12.05 3.42009 0.687639
12.1 3.40405 0.683128
12.15 3.38792 0.678645
12.2 3.37172 0.674191
12.25 3.35543 0.669766
12.3 3.33907 0.665371
12.35 3.32264 0.661006
12.4 3.30614 0.656672
12.45 3.28956 0.652369
12.5 3.27292 0.648098
12.55 3.25621 0.643859
12.6 3.23944 0.639653
12.65 3.2226 0.635481
12.7 3.20571 0.631342
12.75 3.18876 0.627238
12.8 3.17175 0.623169
12.85 3.15469 0.619134
12.9 3.13757 0.615136
12.95 3.12041 0.611173
13 3.1032 0.607248
13.05 3.08594 0.603359
13.1 3.06864 0.599508
13.15 3.0513 0.595694
13.2 3.03392 0.591919
13.25 3.0165 0.588183
13.3 2.99905 0.584485
13.35 2.98156 0.580828
13.4 2.96404 0.57721
13.45 2.94649 0.573632
13.5 2.92892 0.570094
13.55 2.91132 0.566598
13.6 2.89369 0.563142
13.65 2.87605 0.559728
13.7 2.85838 0.556356
13.75 2.8407 0.553026
13.8 2.82301 0.549739
13.85 2.8053 0.546494
13.9 2.78758 0.543292
13.95 2.76985 0.540133
14 2.75211 0.537018
14.05 2.73437 0.533946
14.1 2.71662 0.530918
14.15 2.69888 0.527934
14.2 2.68113 0.524995
14.25 2.66339 0.5221
14.3 2.64565 0.519249
14.35 2.62792 0.516444
14.4 2.61019 0.513683
14.45 2.59248 0.510967
14.5 2.57478 0.508297
14.55 2.55709 0.505672
14.6 2.53942 0.503092
14.65 2.52177 0.500559
14.7 2.50414 0.49807
14.75 2.48652 0.495628
14.8 2.46893 0.493231
14.85 2.45137 0.49088
14.9 2.43383 0.488574
14.95 2.41632 0.486315
15 2.39884 0.484102
15.05 2.3814 0.481934
15.1 2.36398 0.479812
15.15 2.3466 0.477736
15.2 2.32926 0.475706
15.25 2.31196 0.473722
15.3 2.29469 0.471783
15.35 2.27747 0.46989
15.4 2.2603 0.468043
15.45 2.24316 0.466241
15.5 2.22607 0.464484
15.55 2.20904 0.462773
15.6 2.19205 0.461107
15.65 2.17511 0.459485
15.7 2.15822 0.457909
15.75 2.14139 0.456377
15.8 2.12461 0.45489
15.85 2.10789 0.453447
15.9 2.09123 0.452048
15.95 2.07462 0.450692
16 2.05808 0.449381
16.05 2.0416 0.448113
16.1 2.02518 0.446888
16.15 2.00883 0.445706
16.2 1.99254 0.444567
16.25 1.97632 0.44347
16.3 1.96017 0.442415
16.35 1.94408 0.441402
16.4 1.92807 0.44043
16.45 1.91213 0.4395
16.5 1.89626 0.43861
16.55 1.88046 0.437761
16.6 1.86474 0.436952
16.65 1.8491 0.436183
16.7 1.83353 0.435453
16.75 1.81803 0.434762
16.8 1.80262 0.43411
16.85 1.78729 0.433496
16.9 1.77203 0.43292
16.95 1.75686 0.432382
17 1.74177 0.43188
17.05 1.72677 0.431415
17.1 1.71184 0.430986
17.15 1.697 0.430593
17.2 1.68225 0.430235
17.25 1.66758 0.429911
17.3 1.653 0.429622
17.35 1.6385 0.429367
17.4 1.62409 0.429145
17.45 1.60978 0.428955
17.5 1.59555 0.428798
17.55 1.58141 0.428673
17.6 1.56736 0.428579
17.65 1.5534 0.428515
17.7 1.53953 0.428482
17.75 1.52575 0.428478
17.8 1.51206 0.428503
17.85 1.49847 0.428557
17.9 1.48497 0.428638
17.95 1.47156 0.428747
18 1.45825 0.428883
18.05 1.44503 0.429045
18.1 1.4319 0.429232
18.15 1.41887 0.429444
18.2 1.40593 0.429681
18.25 1.39309 0.429941
18.3 1.38034 0.430225
18.35 1.36769 0.430531
18.4 1.35513 0.430859
18.45 1.34267 0.431208
18.5 1.3303 0.431578
18.55 1.31803 0.431968
18.6 1.30586 0.432378
18.65 1.29378 0.432806
18.7 1.28179 0.433252
18.75 1.2699 0.433716
18.8 1.25811 0.434197
18.85 1.24641 0.434693
18.9 1.23481 0.435206
18.95 1.22331 0.435733
19 1.21189 0.436274
19.05 1.20058 0.436829
19.1 1.18936 0.437397
19.15 1.17823 0.437976
19.2 1.1672 0.438568
19.25 1.15626 0.43917
19.3 1.14542 0.439783
19.35 1.13467 0.440405
19.4 1.12402 0.441036
19.45 1.11345 0.441675
19.5 1.10298 0.442322
19.55 1.09261 0.442976
19.6 1.08233 0.443635
19.65 1.07213 0.444301
19.7 1.06203 0.444971
19.75 1.05203 0.445646
19.8 1.04211 0.446324
19.85 1.03228 0.447005
19.9 1.02255 0.447688
19.95 1.0129 0.448373
20 1.00334 0.449058
20.05 0.993873 0.449744
20.1 0.984493 0.45043
20.15 0.9752 0.451114
20.2 0.965995 0.451797
20.25 0.956876 0.452478
20.3 0.947844 0.453155
20.35 0.938897 0.453829
20.4 0.930035 0.454499
20.45 0.921258 0.455164
20.5 0.912565 0.455823
20.55 0.903955 0.456476
20.6 0.895428 0.457123
20.65 0.886983 0.457762
20.7 0.87862 0.458393
20.75 0.870338 0.459016
20.8 0.862136 0.45963
20.85 0.854013 0.460234
20.9 0.845969 0.460827
20.95 0.838004 0.46141
21 0.830116 0.461981
21.05 0.822305 0.46254
21.1 0.814571 0.463086
21.15 0.806912 0.46362
21.2 0.799328 0.464139
21.25 0.791818 0.464645
21.3 0.784381 0.465135
21.35 0.777017 0.46561
21.4 0.769725 0.46607
21.45 0.762504 0.466513
21.5 0.755354 0.466939
21.55 0.748274 0.467347
21.6 0.741262 0.467738
21.65 0.734319 0.468111
21.7 0.727444 0.468464
21.75 0.720635 0.468799
21.8 0.713893 0.469113
21.85 0.707215 0.469407
21.9 0.700603 0.469681
21.95 0.694054 0.469933
22 0.687568 0.470164
22.05 0.681145 0.470373
22.1 0.674783 0.470559
22.15 0.668481 0.470723
22.2 0.66224 0.470863
22.25 0.656058 0.47098
22.3 0.649935 0.471073
22.35 0.643869 0.471142
22.4 0.637861 0.471186
22.45 0.631908 0.471205
22.5 0.626011 0.471198
22.55 0.620169 0.471166
22.6 0.614381 0.471108
22.65 0.608646 0.471023
22.7 0.602964 0.470912
22.75 0.597333 0.470774
22.8 0.591754 0.470608
22.85 0.586225 0.470415
22.9 0.580745 0.470195
22.95 0.575315 0.469946
23 0.569932 0.469669
23.05 0.564597 0.469364
23.1 0.559309 0.46903
23.15 0.554066 0.468667
23.2 0.548869 0.468275
23.25 0.543717 0.467853
23.3 0.538609 0.467402
23.35 0.533544 0.466922
23.4 0.528521 0.466411
23.45 0.523541 0.465871
23.5 0.518602 0.4653
23.55 0.513703 0.4647
23.6 0.508844 0.464068
23.65 0.504025 0.463407
23.7 0.499245 0.462715
23.75 0.494502 0.461992
23.8 0.489797 0.461238
23.85 0.485129 0.460454
23.9 0.480497 0.459638
23.95 0.4759 0.458792
24 0.471339 0.457915
24.05 0.466812 0.457007
24.1 0.462319 0.456067
24.15 0.45786 0.455097
24.2 0.453433 0.454096
24.25 0.449038 0.453064
24.3 0.444675 0.452
24.35 0.440343 0.450906
24.4 0.436042 0.449781
24.45 0.431771 0.448625
24.5 0.42753 0.447438
24.55 0.423317 0.446221
24.6 0.419134 0.444973
24.65 0.414978 0.443694
24.7 0.41085 0.442385
24.75 0.40675 0.441045
24.8 0.402676 0.439676
24.85 0.398629 0.438276
24.9 0.394607 0.436846
24.95 0.390611 0.435386
25 0.38664 0.433897
25.05 0.382694 0.432378
25.1 0.378772 0.43083
25.15 0.374874 0.429253
25.2 0.371 0.427646
25.25 0.367149 0.426011
25.3 0.363321 0.424348
25.35 0.359515 0.422656
25.4 0.355731 0.420936
25.45 0.35197 0.419188
25.5 0.348229 0.417412
25.55 0.34451 0.41561
25.6 0.340812 0.413779
25.65 0.337135 0.411922
25.7 0.333478 0.410039
25.75 0.329841 0.408129
25.8 0.326224 0.406193
25.85 0.322626 0.404231
25.9 0.319048 0.402244
25.95 0.315489 0.400232
26 0.311949 0.398195
26.05 0.308428 0.396133
26.1 0.304925 0.394048
26.15 0.301441 0.391938
26.2 0.297975 0.389805
26.25 0.294526 0.387648
26.3 0.291096 0.385469
26.35 0.287683 0.383268
26.4 0.284288 0.381044
26.45 0.28091 0.378799
26.5 0.277549 0.376532
26.55 0.274205 0.374244
26.6 0.270878 0.371936
26.65 0.267569 0.369607
26.7 0.264276 0.367259
26.75 0.260999 0.364892
26.8 0.257739 0.362505
26.85 0.254496 0.3601
26.9 0.251269 0.357676
26.95 0.248059 0.355235
27 0.244865 0.352776
27.05 0.241687 0.350301
27.1 0.238526 0.347809
27.15 0.235381 0.345301
27.2 0.232252 0.342777
27.25 0.229139 0.340238
27.3 0.226042 0.337685
27.35 0.222962 0.335117
27.4 0.219898 0.332535
27.45 0.21685 0.32994
27.5 0.213818 0.327332
27.55 0.210802 0.324712
27.6 0.207802 0.322079
27.65 0.204819 0.319435
27.7 0.201852 0.316779
27.75 0.198902 0.314113
27.8 0.195967 0.311437
27.85 0.193049 0.308751
27.9 0.190148 0.306056
27.95 0.187263 0.303352
28 0.184395 0.300639
28.05 0.181543 0.297919
28.1 0.178709 0.295191
28.15 0.175891 0.292457
28.2 0.173089 0.289716
28.25 0.170305 0.286969
28.3 0.167538 0.284216
28.35 0.164788 0.281458
28.4 0.162055 0.278696
28.45 0.15934 0.275929
28.5 0.156642 0.273159
28.55 0.153962 0.270386
28.6 0.151299 0.267609
28.65 0.148654 0.264831
28.7 0.146026 0.262051
28.75 0.143417 0.259269
28.8 0.140826 0.256486
28.85 0.138253 0.253704
28.9 0.135698 0.250921
28.95 0.133162 0.248138
29 0.130644 0.245356
29.05 0.128145 0.242576
29.1 0.125664 0.239798
29.15 0.123203 0.237022
29.2 0.12076 0.234248
29.25 0.118337 0.231478
29.3 0.115933 0.228711
29.35 0.113548 0.225948
29.4 0.111182 0.22319
29.45 0.108837 0.220436
29.5 0.106511 0.217688
29.55 0.104205 0.214946
29.6 0.101918 0.212209
29.65 0.0996524 0.209479
29.7 0.0974065 0.206756
29.75 0.095181 0.204041
29.8 0.0929759 0.201333
29.85 0.0907914 0.198633
29.9 0.0886275 0.195942
29.95 0.0864844 0.19326
30 0.0843623 0.190587
30.05 0.0822611 0.187924
30.1 0.080181 0.185271
30.15 0.0781222 0.182628
30.2 0.0760847 0.179996
30.25 0.0740686 0.177375
30.3 0.072074 0.174766
30.35 0.070101 0.172168
30.4 0.0681498 0.169583
30.45 0.0662204 0.167011
30.5 0.0643128 0.164451
30.55 0.0624273 0.161904
30.6 0.0605638 0.159371
30.65 0.0587224 0.156852
30.7 0.0569033 0.154347
30.75 0.0551064 0.151857
30.8 0.053332 0.149381
30.85 0.0515799 0.14692
30.9 0.0498504 0.144475
30.95 0.0481434 0.142045
31 0.046459 0.139632
31.05 0.0447973 0.137234
31.1 0.0431583 0.134853
31.15 0.041542 0.132489
31.2 0.0399486 0.130142
31.25 0.038378 0.127812
31.3 0.0368303 0.125499
31.35 0.0353054 0.123204
31.4 0.0338035 0.120927
31.45 0.0323246 0.118669
31.5 0.0308686 0.116428
31.55 0.0294356 0.114207
31.6 0.0280256 0.112004
31.65 0.0266386 0.10982
31.7 0.0252746 0.107655
31.75 0.0239335 0.10551
31.8 0.0226155 0.103384
31.85 0.0213204 0.101279
31.9 0.0200482 0.0991926
31.95 0.018799 0.0971267
32 0.0175727 0.095081
32.05 0.0163692 0.0930557
32.1 0.0151886 0.0910509
32.15 0.0140308 0.0890668
32.2 0.0128957 0.0871034
32.25 0.0117834 0.085161
32.3 0.0106936 0.0832397
32.35 0.00962647 0.0813394
32.4 0.00858184 0.0794604
32.45 0.00755967 0.0776028
32.5 0.00655987 0.0757666
32.55 0.00558238 0.0739519
32.6 0.00462711 0.0721589
32.65 0.00369398 0.0703875
32.7 0.00278289 0.0686378
32.75 0.00189375 0.06691
32.8 0.00102646 0.065204
32.85 0.00018092 0.0635199
32.9 -0.000642983 0.0618577
32.95 -0.00144536 0.0602176
33 -0.00222633 0.0585995
33.05 -0.00298602 0.0570034
33.1 -0.00372454 0.0554293
33.15 -0.00444204 0.0538774
33.2 -0.00513864 0.0523475
33.25 -0.00581448 0.0508397
33.3 -0.00646971 0.049354
33.35 -0.00710447 0.0478903
33.4 -0.00771892 0.0464487
33.45 -0.0083132 0.0450292
33.5 -0.00888748 0.0436316
33.55 -0.00944192 0.042256
33.6 -0.00997669 0.0409024
33.65 -0.0104919 0.0395706
33.7 -0.0109879 0.0382607
33.75 -0.0114647 0.0369725
33.8 -0.0119225 0.0357061
33.85 -0.0123615 0.0344614
33.9 -0.0127819 0.0332383
33.95 -0.0131839 0.0320366
34 -0.0135677 0.0308565
34.05 -0.0139335 0.0296977
34.1 -0.0142814 0.0285602
34.15 -0.0146118 0.0274438
34.2 -0.0149247 0.0263486
34.25 -0.0152205 0.0252743
34.3 -0.0154993 0.0242209
34.35 -0.0157613 0.0231883
34.4 -0.0160067 0.0221764
34.45 -0.0162359 0.021185
34.5 -0.0164489 0.020214
34.55 -0.0166461 0.0192632
34.6 -0.0168276 0.0183327
34.65 -0.0169937 0.0174221
34.7 -0.0171446 0.0165315
34.75 -0.0172805 0.0156605
34.8 -0.0174017 0.0148092
34.85 -0.0175085 0.0139773
34.9 -0.017601 0.0131648
34.95 -0.0176795 0.0123713
35 -0.0177443 0.0115968
35.05 -0.0177956 0.0108412
35.1 -0.0178336 0.0101042
35.15 -0.0178586 0.00938562
35.2 -0.0178708 0.0086854
35.25 -0.0178705 0.00800331
35.3 -0.017858 0.00733918
35.35 -0.0178334 0.00669282
35.4 -0.0177971 0.00606406
35.45 -0.0177493 0.0054527
35.5 -0.0176903 0.00485857
35.55 -0.0176203 0.00428147
35.6 -0.0175395 0.00372121
35.65 -0.0174482 0.00317759
35.7 -0.0173468 0.00265042
35.75 -0.0172353 0.00213951
35.8 -0.0171142 0.00164464
35.85 -0.0169836 0.00116563
35.9 -0.0168439 0.000702262
35.95 -0.0166951 0.000254335
36 -0.0165378 -0.000178358
36.05 -0.0163719 -0.000596025
36.1 -0.016198 -0.000998874
36.15 -0.0160161 -0.00138712
36.2 -0.0158265 -0.00176096
36.25 -0.0156296 -0.00212063
36.3 -0.0154255 -0.00246633
36.35 -0.0152145 -0.00279827
36.4 -0.0149969 -0.00311668
36.45 -0.0147729 -0.00342177
36.5 -0.0145428 -0.00371375
36.55 -0.0143067 -0.00399285
36.6 -0.014065 -0.00425928
36.65 -0.0138179 -0.00451325
36.7 -0.0135657 -0.004755
36.75 -0.0133085 -0.00498474
36.8 -0.0130467 -0.00520268
36.85 -0.0127804 -0.00540905
36.9 -0.01251 -0.00560406
36.95 -0.0122356 -0.00578795
37 -0.0119575 -0.00596091
37.05 -0.0116759 -0.00612318
37.1 -0.011391 -0.00627498
37.15 -0.0111031 -0.00641651
37.2 -0.0108124 -0.00654801
37.25 -0.0105191 -0.00666968
37.3 -0.0102234 -0.00678174
37.35 -0.00992563 -0.00688442
37.4 -0.00962591 -0.00697792
37.45 -0.00932449 -0.00706246
37.5 -0.00902157 -0.00713826
37.55 -0.00871736 -0.00720552
37.6 -0.00841207 -0.00726446
37.65 -0.0081059 -0.00731529
37.7 -0.00779905 -0.00735823
37.75 -0.00749173 -0.00739347
37.8 -0.00718412 -0.00742123
37.85 -0.00687642 -0.00744171
37.9 -0.00656881 -0.00745512
37.95 -0.00626149 -0.00746166
38 -0.00595464 -0.00746153
38.05 -0.00564843 -0.00745494
38.1 -0.00534305 -0.00744208
38.15 -0.00503866 -0.00742315
38.2 -0.00473545 -0.00739835
38.25 -0.00443357 -0.00736787
38.3 -0.00413318 -0.0073319
38.35 -0.00383446 -0.00729063
38.4 -0.00353755 -0.00724426
38.45 -0.00324262 -0.00719296
38.5 -0.0029498 -0.00713693
38.55 -0.00265926 -0.00707634
38.6 -0.00237112 -0.00701138
38.65 -0.00208554 -0.00694223
38.7 -0.00180264 -0.00686905
38.75 -0.00152256 -0.00679204
38.8 -0.00124543 -0.00671135
38.85 -0.000971381 -0.00662716
38.9 -0.000700526 -0.00653964
38.95 -0.000432987 -0.00644895
39 -0.000168878 -0.00635526
39.05 9.16888e-05 -0.00625872
39.1 0.000348606 -0.0061595
39.15 0.00060177 -0.00605775
39.2 0.00085108 -0.00595363
39.25 0.00109644 -0.00584728
39.3 0.00133775 -0.00573886
39.35 0.00157494 -0.00562851
39.4 0.0018079 -0.00551637
39.45 0.00203656 -0.0054026
39.5 0.00226085 -0.00528732
39.55 0.00248068 -0.00517067
39.6 0.00269598 -0.00505279
39.65 0.00290669 -0.00493381
39.7 0.00311274 -0.00481386
39.75 0.00331408 -0.00469305
39.8 0.00351064 -0.00457153
39.85 0.00370237 -0.0044494
39.9 0.00388922 -0.00432679
39.95 0.00407115 -0.0042038
40 0.00424811 -0.00408056
40.05 0.00442006 -0.00395718
40.1 0.00458697 -0.00383375
40.15 0.00474881 -0.00371039
40.2 0.00490554 -0.00358721
40.25 0.00505714 -0.00346429
40.3 0.00520359 -0.00334173
40.35 0.00534487 -0.00321964
40.4 0.00548095 -0.0030981
40.45 0.00561184 -0.0029772
40.5 0.00573752 -0.00285702
40.55 0.00585798 -0.00273766
40.6 0.00597322 -0.0026192
40.65 0.00608324 -0.0025017
40.7 0.00618804 -0.00238525
40.75 0.00628763 -0.00226993
40.8 0.00638202 -0.00215579
40.85 0.00647122 -0.00204292
40.9 0.00655525 -0.00193138
40.95 0.00663411 -0.00182122
41 0.00670784 -0.00171252
41.05 0.00677646 -0.00160532
41.1 0.00683998 -0.00149969
41.15 0.00689845 -0.00139569
41.2 0.00695188 -0.00129335
41.25 0.00700032 -0.00119273
41.3 0.0070438 -0.00109387
41.35 0.00708236 -0.000996831
41.4 0.00711604 -0.000901637
41.45 0.00714488 -0.000808334
41.5 0.00716894 -0.000716958
41.55 0.00718824 -0.000627543
41.6 0.00720286 -0.000540123
41.65 0.00721284 -0.000454728
41.7 0.00721822 -0.000371385
41.75 0.00721908 -0.000290121
41.8 0.00721547 -0.000210959
41.85 0.00720744 -0.000133921
41.9 0.00719507 -5.9027e-05
41.95 0.00717841 1.37062e-05
42 0.00715753 8.42627e-05
42.05 0.00713249 0.000152629
42.1 0.00710338 0.000218794
42.15 0.00707024 0.000282747
42.2 0.00703317 0.000344481
42.25 0.00699223 0.000403989
42.3 0.00694749 0.000461269
42.35 0.00689904 0.000516316
42.4 0.00684695 0.000569132
42.45 0.0067913 0.000619716
42.5 0.00673216 0.000668073
42.55 0.00666963 0.000714205
42.6 0.00660378 0.00075812
42.65 0.00653469 0.000799825
42.7 0.00646245 0.000839329
42.75 0.00638714 0.000876643
42.8 0.00630885 0.000911779
42.85 0.00622767 0.000944751
42.9 0.00614368 0.000975573
42.95 0.00605696 0.00100426
43 0.00596762 0.00103084
43.05 0.00587573 0.00105532
43.1 0.00578139 0.00107772
43.15 0.00568468 0.00109807
43.2 0.00558569 0.00111638
43.25 0.00548452 0.00113269
43.3 0.00538125 0.00114701
43.35 0.00527598 0.00115938
43.4 0.0051688 0.00116982
43.45 0.00505979 0.00117835
43.5 0.00494905 0.00118501
43.55 0.00483667 0.00118983
43.6 0.00472274 0.00119283
43.65 0.00460735 0.00119406
43.7 0.00449058 0.00119353
43.75 0.00437254 0.00119128
43.8 0.00425331 0.00118736
43.85 0.00413297 0.00118178
43.9 0.00401163 0.0011746
43.95 0.00388936 0.00116583
44 0.00376625 0.00115553
44.05 0.0036424 0.00114372
44.1 0.00351789 0.00113045
44.15 0.0033928 0.00111574
44.2 0.00326723 0.00109965
44.25 0.00314125 0.00108221
44.3 0.00301495 0.00106345
44.35 0.00288841 0.00104342
44.4 0.00276173 0.00102216
44.45 0.00263497 0.00099971
44.5 0.00250822 0.000976105
44.55 0.00238156 0.000951387
44.6 0.00225507 0.000925599
44.65 0.00212882 0.000898781
44.7 0.0020029 0.000870975
44.75 0.00187738 0.00084222
44.8 0.00175233 0.000812558
44.85 0.00162782 0.000782031
44.9 0.00150394 0.00075068
44.95 0.00138075 0.000718546
45 0.00125831 0.000685669
45.05 0.00113671 0.000652092
45.1 0.001016 0.000617854
45.15 0.000896254 0.000582998
45.2 0.000777535 0.000547562
45.25 0.000659905 0.000511588
45.3 0.000543427 0.000475117
45.35 0.000428161 0.000438187
45.4 0.000314166 0.000400839
45.45 0.0002015 0.000363112
45.5 9.02177e-05 0.000325045
45.55 -1.96251e-05 0.000286677
45.6 -0.000127976 0.000248047
45.65 -0.000234783 0.000209192
45.7 -0.000339997 0.00017015
45.75 -0.000443568 0.000130958
45.8 -0.000545452 9.16531e-05
45.85 -0.000645601 5.22717e-05
45.9 -0.000743972 1.28494e-05
45.95 -0.000840524 -2.65783e-05
46 -0.000935216 -6.59766e-05
46.05 -0.00102801 -0.000105311
46.1 -0.00111887 -0.000144548
46.15 -0.00120775 -0.000183655
46.2 -0.00129463 -0.000222598
46.25 -0.00137948 -0.000261346
46.3 -0.00146225 -0.000299867
46.35 -0.00154293 -0.000338131
46.4 -0.00162148 -0.000376106
46.45 -0.00169788 -0.000413765
46.5 -0.00177211 -0.000451077
46.55 -0.00184414 -0.000488016
46.6 -0.00191395 -0.000524552
46.65 -0.00198153 -0.000560659
46.7 -0.00204685 -0.000596312
46.75 -0.0021099 -0.000631484
46.8 -0.00217067 -0.000666151
46.85 -0.00222914 -0.000700289
46.9 -0.0022853 -0.000733874
46.95 -0.00233914 -0.000766885
47 -0.00239066 -0.000799299
47.05 -0.00243985 -0.000831094
47.1 -0.0024867 -0.000862252
47.15 -0.00253121 -0.000892752
47.2 -0.00257337 -0.000922575
47.25 -0.0026132 -0.000951704
47.3 -0.00265068 -0.000980121
47.35 -0.00268583 -0.00100781
47.4 -0.00271864 -0.00103475
47.45 -0.00274913 -0.00106094
47.5 -0.00277729 -0.00108635
47.55 -0.00280314 -0.00111097
47.6 -0.00282669 -0.0011348
47.65 -0.00284794 -0.00115781
47.7 -0.00286692 -0.00118
47.75 -0.00288364 -0.00120136
47.8 -0.0028981 -0.00122188
47.85 -0.00291033 -0.00124154
47.9 -0.00292035 -0.00126034
47.95 -0.00292817 -0.00127828
48 -0.00293381 -0.00129534
48.05 -0.0029373 -0.00131153
48.1 -0.00293866 -0.00132682
48.15 -0.00293791 -0.00134123
48.2 -0.00293508 -0.00135475
48.25 -0.00293019 -0.00136737
48.3 -0.00292327 -0.00137909
48.35 -0.00291434 -0.00138991
48.4 -0.00290345 -0.00139984
48.45 -0.00289061 -0.00140886
48.5 -0.00287586 -0.00141698
48.55 -0.00285923 -0.0014242
48.6 -0.00284076 -0.00143052
48.65 -0.00282047 -0.00143595
48.7 -0.0027984 -0.00144049
48.75 -0.00277459 -0.00144413
48.8 -0.00274907 -0.0014469
48.85 -0.00272189 -0.00144879
48.9 -0.00269306 -0.0014498
48.95 -0.00266265 -0.00144995
49 -0.00263068 -0.00144923
49.05 -0.00259719 -0.00144766
49.1 -0.00256222 -0.00144525
49.15 -0.00252583 -0.001442
49.2 -0.00248803 -0.00143793
49.25 -0.00244889 -0.00143303
49.3 -0.00240843 -0.00142733
49.35 -0.00236671 -0.00142083
49.4 -0.00232376 -0.00141354
49.45 -0.00227963 -0.00140548
49.5 -0.00223437 -0.00139665
49.55 -0.00218801 -0.00138708
49.6 -0.0021406 -0.00137676
49.65 -0.00209219 -0.00136572
49.7 -0.00204281 -0.00135397
49.75 -0.00199253 -0.00134152
49.8 -0.00194137 -0.00132838
49.85 -0.00188939 -0.00131458
49.9 -0.00183663 -0.00130012
49.95 -0.00178314 -0.00128503
50 -0.00172897 -0.00126931
