-0.498 0.000450117 -0.000240468
-0.496 0.0018343 -0.000955106
-0.494 0.00419632 -0.00213036
-0.492 0.00757071 -0.00374815
-0.49 0.0119829 -0.00578598
-0.488 0.0174495 -0.00821699
-0.486 0.0239785 -0.0110101
-0.484 0.0315694 -0.01413
-0.482 0.040214 -0.0175377
-0.48 0.0498965 -0.0211901
-0.478 0.0605938 -0.0250406
-0.476 0.0722762 -0.0290393
-0.474 0.0849081 -0.033133
-0.472 0.0984479 -0.0372655
-0.47 0.112849 -0.041378
-0.468 0.128061 -0.0454092
-0.466 0.144029 -0.0492956
-0.464 0.160694 -0.0529719
-0.462 0.177996 -0.056371
-0.46 0.195871 -0.0594248
-0.458 0.214257 -0.0620641
-0.456 0.233086 -0.0642189
-0.454 0.252294 -0.0658191
-0.452 0.271816 -0.0667944
-0.45 0.291587 -0.0670751
-0.448 0.311545 -0.0665919
-0.446 0.331628 -0.0652766
-0.444 0.351778 -0.0630625
-0.442 0.371939 -0.0598843
-0.44 0.392058 -0.055679
-0.438 0.412087 -0.0503857
-0.436 0.431981 -0.0439464
-0.434 0.451699 -0.0363059
-0.432 0.471206 -0.0274123
-0.43 0.49047 -0.0172175
-0.428 0.509464 -0.00567689
-0.426 0.528168 0.00724959
-0.424 0.546566 0.0215977
-0.422 0.564646 0.0373987
-0.42 0.582403 0.0546785
-0.418 0.599837 0.0734583
-0.416 0.61695 0.0937535
-0.414 0.633753 0.115574
-0.412 0.65026 0.138925
-0.41 0.666488 0.163804
-0.408 0.68246 0.190203
-0.406 0.698202 0.218109
-0.404 0.713744 0.247501
-0.402 0.729118 0.278352
-0.4 0.74436 0.31063
-0.398 0.759508 0.344294
-0.396 0.7746 0.379299
-0.394 0.789678 0.415591
-0.392 0.804784 0.453112
-0.39 0.819959 0.491794
-0.388 0.835245 0.531567
-0.386 0.850682 0.57235
-0.384 0.866311 0.614058
-0.382 0.88217 0.656601
-0.38 0.898293 0.699881
-0.378 0.914713 0.743794
-0.376 0.93146 0.788232
-0.374 0.948558 0.83308
-0.372 0.96603 0.878218
-0.37 0.983892 0.923523
-0.368 1.00215 0.968864
-0.366 1.02082 1.01411
-0.364 1.0399 1.05912
-0.362 1.05937 1.10375
-0.36 1.07923 1.14786
-0.358 1.09946 1.19131
-0.356 1.12003 1.23393
-0.354 1.14091 1.27559
-0.352 1.16206 1.31612
-0.35 1.18342 1.35538
-0.348 1.20495 1.3932
-0.346 1.22658 1.42943
-0.344 1.24825 1.46392
-0.342 1.26988 1.49651
-0.34 1.29139 1.52705
-0.338 1.31269 1.55539
-0.336 1.33368 1.58139
-0.334 1.35427 1.60489
-0.332 1.37436 1.62576
-0.33 1.39383 1.64387
-0.328 1.41257 1.65907
-0.326 1.43046 1.67125
-0.324 1.44739 1.68029
-0.322 1.46322 1.68607
-0.32 1.47785 1.68849
-0.318 1.49113 1.68745
-0.316 1.50295 1.68285
-0.314 1.51318 1.67463
-0.312 1.52169 1.66269
-0.31 1.52835 1.64699
-0.308 1.53305 1.62747
-0.306 1.53566 1.60408
-0.304 1.53607 1.57679
-0.302 1.53415 1.54558
-0.3 1.52981 1.51043
-0.298 1.52294 1.47135
-0.296 1.51343 1.42834
-0.294 1.50119 1.38142
-0.292 1.48613 1.33063
-0.29 1.46818 1.27601
-0.288 1.44725 1.21761
-0.286 1.42329 1.1555
-0.284 1.39622 1.08975
-0.282 1.366 1.02044
-0.28 1.33258 0.947688
-0.278 1.29592 0.871583
-0.276 1.25601 0.792245
-0.274 1.21281 0.7098
-0.272 1.16631 0.624382
-0.27 1.11652 0.536132
-0.268 1.06344 0.445203
-0.266 1.00708 0.351752
-0.264 0.947462 0.255945
-0.262 0.884619 0.157953
-0.26 0.818588 0.0579542
-0.258 0.749417 -0.0438685
-0.256 0.67716 -0.147327
-0.254 0.60188 -0.252229
-0.252 0.523647 -0.358378
-0.25 0.442541 -0.465576
-0.248 0.358646 -0.57362
-0.246 0.272055 -0.682307
-0.244 0.182871 -0.791432
-0.242 0.0911995 -0.900789
-0.24 -0.0028433 -1.01017
-0.238 -0.0991357 -1.11937
-0.236 -0.197549 -1.22819
-0.234 -0.297946 -1.33641
-0.232 -0.400186 -1.44384
-0.23 -0.504119 -1.55028
-0.228 -0.60959 -1.65552
-0.226 -0.716435 -1.75938
-0.224 -0.824488 -1.86166
-0.222 -0.933572 -1.96217
-0.22 -1.04351 -2.06073
-0.218 -1.15411 -2.15716
-0.216 -1.26518 -2.25127
-0.214 -1.37652 -2.34292
-0.212 -1.48794 -2.43191
-0.21 -1.59921 -2.51811
-0.208 -1.71013 -2.60134
-0.206 -1.82048 -2.68147
-0.204 -1.93003 -2.75835
-0.202 -2.03855 -2.83184
-0.2 -2.14582 -2.90181
-0.198 -2.2516 -2.96814
-0.196 -2.35564 -3.03071
-0.194 -2.45771 -3.08941
-0.192 -2.55756 -3.14412
-0.19 -2.65496 -3.19476
-0.188 -2.74964 -3.24124
-0.186 -2.84137 -3.28345
-0.184 -2.9299 -3.32134
-0.182 -3.01498 -3.35482
-0.18 -3.09637 -3.38383
-0.178 -3.17382 -3.40832
-0.176 -3.2471 -3.42823
-0.174 -3.31597 -3.44352
-0.172 -3.38019 -3.45416
-0.17 -3.43954 -3.4601
-0.168 -3.49381 -3.46134
-0.166 -3.54277 -3.45785
-0.164 -3.58622 -3.44963
-0.162 -3.62396 -3.43667
-0.16 -3.6558 -3.41898
-0.158 -3.68157 -3.39657
-0.156 -3.7011 -3.36947
-0.154 -3.71424 -3.33769
-0.152 -3.72083 -3.30127
-0.15 -3.72076 -3.26026
-0.148 -3.7139 -3.2147
-0.146 -3.70017 -3.16464
-0.144 -3.67946 -3.11016
-0.142 -3.65173 -3.05131
-0.14 -3.61691 -2.98817
-0.138 -3.57497 -2.92084
-0.136 -3.5259 -2.84939
-0.134 -3.4697 -2.77392
-0.132 -3.4064 -2.69455
-0.13 -3.33604 -2.61137
-0.128 -3.25868 -2.52452
-0.126 -3.17441 -2.4341
-0.124 -3.08333 -2.34027
-0.122 -2.98557 -2.24314
-0.12 -2.88128 -2.14287
-0.118 -2.77061 -2.0396
-0.116 -2.65378 -1.9335
-0.114 -2.53098 -1.82472
-0.112 -2.40244 -1.71344
-0.11 -2.26842 -1.59983
-0.108 -2.1292 -1.48406
-0.106 -1.98507 -1.36633
-0.104 -1.83633 -1.24681
-0.102 -1.68333 -1.12572
-0.1 -1.52642 -1.00323
-0.098 -1.36596 -0.879563
-0.096 -1.20234 -0.754917
-0.094 -1.03597 -0.629502
-0.092 -0.867252 -0.50353
-0.09 -0.696626 -0.377215
-0.088 -0.524533 -0.250774
-0.086 -0.351426 -0.124424
-0.084 -0.177766 0.00161616
-0.082 -0.00402353 0.127128
-0.08 0.169326 0.251895
-0.078 0.341805 0.375697
-0.076 0.512933 0.498321
-0.074 0.68223 0.619553
-0.072 0.849219 0.739183
-0.07 1.01343 0.857005
-0.068 1.1744 0.972818
-0.066 1.33168 1.08643
-0.064 1.48482 1.19764
-0.062 1.6334 1.30628
-0.06 1.77702 1.41217
-0.058 1.91529 1.51514
-0.056 2.04785 1.61504
-0.054 2.17436 1.71173
-0.052 2.29452 1.80506
-0.05 2.40805 1.89493
-0.048 2.51471 1.98122
-0.046 2.61429 2.06383
-0.044 2.70663 2.1427
-0.042 2.79159 2.21774
-0.04 2.86909 2.28891
-0.038 2.93907 2.35618
-0.036 3.00154 2.41953
-0.034 3.05653 2.47896
-0.032 3.10413 2.53448
-0.03 3.14446 2.58613
-0.028 3.1777 2.63395
-0.026 3.20407 2.678
-0.024 3.22382 2.71837
-0.022 3.23725 2.75516
-0.02 3.24471 2.78848
-0.018 3.24656 2.81845
-0.016 3.24322 2.84522
-0.014 3.23513 2.86893
-0.012 3.22277 2.88976
-0.01 3.20665 2.90788
-0.008 3.18727 2.92348
-0.006 3.16519 2.93676
-0.004 3.14096 2.94792
-0.002 3.11516 2.95717
0 3.08836 2.96472
0.002 3.06126 2.97102
0.004 3.03434 2.97606
0.006 3.00815 2.98007
0.008 2.98328 2.98327
0.01 2.96027 2.98589
0.012 2.93967 2.98814
0.014 2.92198 2.99023
0.016 2.9077 2.99238
0.018 2.89729 2.99479
0.02 2.89119 2.99764
0.022 2.88979 3.00114
0.024 2.89345 3.00544
0.026 2.90251 3.01073
0.028 2.91724 3.01716
0.03 2.93789 3.02486
0.032 2.96465 3.03397
0.034 2.99769 3.04461
0.036 3.0371 3.05688
0.038 3.08297 3.07088
0.04 3.1353 3.08669
0.042 3.19409 3.10437
0.044 3.25926 3.12397
0.046 3.3307 3.14553
0.048 3.40828 3.16908
0.05 3.49181 3.19463
0.052 3.58107 3.22219
0.054 3.67579 3.25174
0.056 3.7757 3.28326
0.058 3.88048 3.31672
0.06 3.98977 3.35208
0.062 4.10322 3.38929
0.064 4.22043 3.42828
0.066 4.34099 3.46898
0.068 4.46448 3.51133
0.07 4.59045 3.55522
0.072 4.71845 3.60058
0.074 4.84802 3.6473
0.076 4.9787 3.69528
0.078 5.11003 3.74441
0.08 5.24152 3.79459
0.082 5.37272 3.84569
0.084 5.50315 3.89759
0.086 5.63236 3.95017
0.088 5.7599 4.00331
0.09 5.88533 4.05688
0.092 6.00821 4.11075
0.094 6.12814 4.16478
0.096 6.24469 4.21886
0.098 6.35748 4.27283
0.1 6.46615 4.32657
0.102 6.57033 4.37995
0.104 6.66968 4.43283
0.106 6.76389 4.48507
0.108 6.85266 4.53655
0.11 6.9357 4.58712
0.112 7.01275 4.63667
0.114 7.08359 4.68505
0.116 7.14798 4.73213
0.118 7.20573 4.77779
0.12 7.25667 4.8219
0.122 7.30064 4.86433
0.124 7.33751 4.90496
0.126 7.36717 4.94367
0.128 7.38952 4.98034
0.13 7.4045 5.01484
0.132 7.41205 5.04707
0.134 7.41215 5.07691
0.136 7.40478 5.10426
0.138 7.38995 5.129
0.14 7.36769 5.15104
0.142 7.33804 5.17028
0.144 7.30108 5.18661
0.146 7.25687 5.19995
0.148 7.20552 5.21021
0.15 7.14713 5.2173
0.152 7.08184 5.22116
0.154 7.00978 5.22169
0.156 6.93111 5.21884
0.158 6.846 5.21253
0.16 6.75463 5.20271
0.162 6.6572 5.18933
0.164 6.55389 5.17232
0.166 6.44493 5.15166
0.168 6.33054 5.1273
0.17 6.21094 5.09921
0.172 6.08638 5.06736
0.174 5.95709 5.03174
0.176 5.82333 4.99233
0.178 5.68534 4.94913
0.18 5.5434 4.90214
0.182 5.39775 4.85136
0.184 5.24867 4.79681
0.186 5.09641 4.7385
0.188 4.94126 4.67648
0.19 4.78348 4.61077
0.192 4.62333 4.54142
0.194 4.4611 4.46848
0.196 4.29703 4.392
0.198 4.13141 4.31206
0.2 3.9645 4.22871
0.202 3.79654 4.14206
0.204 3.62782 4.05217
0.206 3.45858 3.95915
0.208 3.28906 3.8631
0.21 3.11953 3.76414
0.212 2.95022 3.66237
0.214 2.78137 3.55792
0.216 2.61321 3.45093
0.218 2.44597 3.34153
0.22 2.27988 3.22986
0.222 2.11514 3.11609
0.224 1.95197 3.00036
0.226 1.79058 2.88284
0.228 1.63115 2.7637
0.23 1.47389 2.64311
0.232 1.31898 2.52126
0.234 1.16659 2.39832
0.236 1.0169 2.27449
0.238 0.870063 2.14996
0.24 0.726245 2.02491
0.242 0.585593 1.89956
0.244 0.448247 1.77409
0.246 0.314341 1.64872
0.248 0.184001 1.52365
0.25 0.0573447 1.39907
0.252 -0.065519 1.27519
0.254 -0.184489 1.15223
0.256 -0.299473 1.03036
0.258 -0.410388 0.909812
0.26 -0.517159 0.790764
0.262 -0.61972 0.673417
0.264 -0.718016 0.55796
0.266 -0.812001 0.444582
0.268 -0.901636 0.333462
0.27 -0.986894 0.224778
0.272 -1.06776 0.118698
0.274 -1.14422 0.015387
0.276 -1.21628 -0.0850006
0.278 -1.28395 -0.182317
0.28 -1.34726 -0.276421
0.282 -1.40623 -0.367184
0.284 -1.4609 -0.454484
0.286 -1.51133 -0.538208
0.288 -1.55757 -0.618255
0.29 -1.5997 -0.694534
0.292 -1.63778 -0.766963
0.294 -1.67192 -0.835472
0.296 -1.70219 -0.900003
0.298 -1.7287 -0.960507
0.3 -1.75157 -1.01695
0.302 -1.7709 -1.0693
0.304 -1.78682 -1.11755
0.306 -1.79945 -1.16169
0.308 -1.80893 -1.20174
0.31 -1.8154 -1.2377
0.312 -1.81899 -1.26962
0.314 -1.81985 -1.29753
0.316 -1.81813 -1.32147
0.318 -1.81398 -1.34152
0.32 -1.80753 -1.35775
0.322 -1.79896 -1.37022
0.324 -1.78839 -1.37903
0.326 -1.77599 -1.38427
0.328 -1.76189 -1.38606
0.33 -1.74624 -1.38449
0.332 -1.72919 -1.37969
0.334 -1.71087 -1.37178
0.336 -1.69142 -1.36089
0.338 -1.67096 -1.34715
0.34 -1.64962 -1.33071
0.342 -1.62751 -1.31171
0.344 -1.60475 -1.29029
0.346 -1.58145 -1.26661
0.348 -1.55769 -1.24082
0.35 -1.53359 -1.21306
0.352 -1.50921 -1.1835
0.354 -1.48464 -1.1523
0.356 -1.45995 -1.1196
0.358 -1.4352 -1.08556
0.36 -1.41044 -1.05034
0.362 -1.38573 -1.01409
0.364 -1.36111 -0.976956
0.366 -1.3366 -0.939095
0.368 -1.31224 -0.900649
0.37 -1.28804 -0.861762
0.372 -1.26402 -0.822574
0.374 -1.2402 -0.783219
0.376 -1.21656 -0.74383
0.378 -1.19311 -0.704533
0.38 -1.16983 -0.66545
0.382 -1.14673 -0.626698
0.384 -1.12378 -0.588389
0.386 -1.10097 -0.550629
0.388 -1.07826 -0.513518
0.39 -1.05565 -0.47715
0.392 -1.0331 -0.441613
0.394 -1.01059 -0.40699
0.396 -0.988082 -0.373356
0.398 -0.965559 -0.34078
0.4 -0.94299 -0.309324
0.402 -0.920351 -0.279046
0.404 -0.897614 -0.249994
0.406 -0.874758 -0.222211
0.408 -0.851761 -0.195733
0.41 -0.828605 -0.170592
0.412 -0.805274 -0.146809
0.414 -0.781757 -0.124403
0.416 -0.758046 -0.103383
0.418 -0.734135 -0.0837556
0.42 -0.710025 -0.0655187
0.422 -0.68572 -0.0486655
0.424 -0.661227 -0.0331834
0.426 -0.636561 -0.0190543
0.428 -0.611738 -0.00625507
0.43 -0.586782 0.00524258
0.432 -0.56172 0.0154715
0.434 -0.536582 0.0244691
0.436 -0.511405 0.0322769
0.438 -0.486228 0.0389404
0.44 -0.461097 0.0445086
0.442 -0.43606 0.0490337
0.444 -0.411167 0.0525711
0.446 -0.386473 0.0551786
0.448 -0.362037 0.0569164
0.45 -0.337917 0.0578467
0.452 -0.314175 0.0580332
0.454 -0.290875 0.0575408
0.456 -0.268081 0.0564355
0.458 -0.245857 0.0547837
0.46 -0.224268 0.0526522
0.462 -0.203377 0.0501073
0.464 -0.183248 0.0472152
0.466 -0.163941 0.044041
0.468 -0.145515 0.0406489
0.47 -0.128024 0.0371015
0.472 -0.11152 0.0334594
0.474 -0.0960522 0.0297815
0.476 -0.081662 0.026124
0.478 -0.0683873 0.0225407
0.48 -0.0562599 0.0190823
0.482 -0.0453053 0.0157964
0.484 -0.0355421 0.0127271
0.486 -0.0269816 0.0099151
0.488 -0.0196277 0.00739704
0.49 -0.013476 0.00520573
0.492 -0.00851378 0.00336978
0.494 -0.00471981 0.00191354
0.496 -0.00206387 0.000856959
0.498 -0.000506743 0.00021548
0.05 1.88562 1.6223
0.1 1.88556 1.6222
0.15 1.88548 1.62204
0.2 1.88535 1.62181
0.25 1.88519 1.62152
0.3 1.885 1.62116
0.35 1.88477 1.62073
0.4 1.8845 1.62024
0.45 1.8842 1.61969
0.5 1.88387 1.61907
0.55 1.8835 1.61838
0.6 1.88309 1.61763
0.65 1.88265 1.61682
0.7 1.88217 1.61594
0.75 1.88165 1.61499
0.8 1.8811 1.61398
0.85 1.88052 1.61291
0.9 1.8799 1.61177
0.95 1.87924 1.61057
1 1.87855 1.60931
1.05 1.87782 1.60798
1.1 1.87705 1.60659
1.15 1.87625 1.60513
1.2 1.87541 1.60361
1.25 1.87453 1.60203
1.3 1.87362 1.60038
1.35 1.87267 1.59867
1.4 1.87169 1.5969
1.45 1.87066 1.59507
1.5 1.8696 1.59318
1.55 1.86851 1.59122
1.6 1.86737 1.5892
1.65 1.8662 1.58712
1.7 1.86499 1.58498
1.75 1.86375 1.58278
1.8 1.86246 1.58052
1.85 1.86114 1.5782
1.9 1.85978 1.57581
1.95 1.85838 1.57337
2 1.85694 1.57087
2.05 1.85547 1.56831
2.1 1.85395 1.56569
2.15 1.8524 1.56301
2.2 1.85081 1.56028
2.25 1.84918 1.55748
2.3 1.84751 1.55463
2.35 1.8458 1.55172
2.4 1.84405 1.54876
2.45 1.84226 1.54574
2.5 1.84043 1.54266
2.55 1.83857 1.53953
2.6 1.83666 1.53634
2.65 1.83471 1.5331
2.7 1.83272 1.5298
2.75 1.83069 1.52645
2.8 1.82862 1.52304
2.85 1.82651 1.51958
2.9 1.82435 1.51607
2.95 1.82216 1.51251
3 1.81992 1.50889
3.05 1.81764 1.50522
3.1 1.81532 1.5015
3.15 1.81296 1.49773
3.2 1.81056 1.49391
3.25 1.80811 1.49004
3.3 1.80562 1.48613
3.35 1.80309 1.48216
3.4 1.80052 1.47814
3.45 1.7979 1.47408
3.5 1.79524 1.46996
3.55 1.79253 1.46581
3.6 1.78979 1.4616
3.65 1.787 1.45735
3.7 1.78416 1.45305
3.75 1.78128 1.44871
3.8 1.77836 1.44432
3.85 1.77539 1.43989
3.9 1.77238 1.43542
3.95 1.76932 1.4309
4 1.76622 1.42634
4.05 1.76307 1.42174
4.1 1.75988 1.4171
4.15 1.75664 1.41242
4.2 1.75336 1.4077
4.25 1.75003 1.40293
4.3 1.74666 1.39813
4.35 1.74324 1.39329
4.4 1.73978 1.38841
4.45 1.73627 1.3835
4.5 1.73271 1.37854
4.55 1.72911 1.37355
4.6 1.72546 1.36853
4.65 1.72176 1.36347
4.7 1.71802 1.35837
4.75 1.71423 1.35324
4.8 1.71039 1.34808
4.85 1.70651 1.34289
4.9 1.70258 1.33766
4.95 1.69861 1.3324
5 1.69458 1.32711
5.05 1.69051 1.32179
5.1 1.68639 1.31644
5.15 1.68223 1.31106
5.2 1.67802 1.30565
5.25 1.67376 1.30022
5.3 1.66945 1.29475
5.35 1.66509 1.28926
5.4 1.66069 1.28374
5.45 1.65624 1.2782
5.5 1.65174 1.27263
5.55 1.6472 1.26704
5.6 1.64261 1.26142
5.65 1.63797 1.25579
5.7 1.63328 1.25012
5.75 1.62854 1.24444
5.8 1.62376 1.23873
5.85 1.61893 1.23301
5.9 1.61405 1.22726
5.95 1.60913 1.2215
6 1.60416 1.21571
6.05 1.59914 1.20991
6.1 1.59407 1.20409
6.15 1.58895 1.19825
6.2 1.58379 1.1924
6.25 1.57858 1.18653
6.3 1.57333 1.18065
6.35 1.56802 1.17475
6.4 1.56268 1.16883
6.45 1.55728 1.16291
6.5 1.55184 1.15697
6.55 1.54635 1.15102
6.6 1.54081 1.14506
6.65 1.53523 1.13908
6.7 1.5296 1.1331
6.75 1.52393 1.12711
6.8 1.51821 1.12111
6.85 1.51244 1.1151
6.9 1.50663 1.10908
6.95 1.50078 1.10305
7 1.49488 1.09702
7.05 1.48893 1.09098
7.1 1.48294 1.08494
7.15 1.47691 1.07889
7.2 1.47083 1.07284
7.25 1.46471 1.06678
7.3 1.45854 1.06073
7.35 1.45233 1.05467
7.4 1.44608 1.0486
7.45 1.43978 1.04254
7.5 1.43344 1.03648
7.55 1.42706 1.03041
7.6 1.42064 1.02435
7.65 1.41418 1.01829
7.7 1.40767 1.01223
7.75 1.40112 1.00617
7.8 1.39454 1.00011
7.85 1.38791 0.994059
7.9 1.38124 0.988011
7.95 1.37453 0.981968
8 1.36779 0.97593
8.05 1.361 0.969897
8.1 1.35417 0.963871
8.15 1.34731 0.957851
8.2 1.34041 0.951839
8.25 1.33347 0.945834
8.3 1.3265 0.939838
8.35 1.31948 0.933851
8.4 1.31244 0.927873
8.45 1.30535 0.921905
8.5 1.29823 0.915948
8.55 1.29108 0.910002
8.6 1.28389 0.904067
8.65 1.27667 0.898144
8.7 1.26941 0.892234
8.75 1.26212 0.886337
8.8 1.2548 0.880453
8.85 1.24745 0.874583
8.9 1.24006 0.868728
8.95 1.23265 0.862888
9 1.2252 0.857063
9.05 1.21772 0.851254
9.1 1.21022 0.845461
9.15 1.20268 0.839685
9.2 1.19512 0.833927
9.25 1.18753 0.828186
9.3 1.17991 0.822463
9.35 1.17226 0.816759
9.4 1.16459 0.811074
9.45 1.15689 0.805408
9.5 1.14917 0.799763
9.55 1.14143 0.794137
9.6 1.13366 0.788533
9.65 1.12586 0.782949
9.7 1.11805 0.777387
9.75 1.11021 0.771847
9.8 1.10235 0.766329
9.85 1.09447 0.760834
9.9 1.08657 0.755362
9.95 1.07865 0.749913
10 1.07072 0.744489
10.05 1.06276 0.739088
10.1 1.05479 0.733712
10.15 1.0468 0.72836
10.2 1.03879 0.723034
10.25 1.03077 0.717734
10.3 1.02273 0.712459
10.35 1.01468 0.707211
10.4 1.00662 0.701989
10.45 0.998544 0.696794
10.5 0.990455 0.691626
10.55 0.982355 0.686485
10.6 0.974244 0.681372
10.65 0.966124 0.676287
10.7 0.957994 0.671231
10.75 0.949855 0.666203
10.8 0.941709 0.661204
10.85 0.933556 0.656234
10.9 0.925396 0.651293
10.95 0.91723 0.646382
11 0.90906 0.641501
11.05 0.900885 0.63665
11.1 0.892707 0.631829
11.15 0.884525 0.627039
11.2 0.876342 0.622279
11.25 0.868158 0.617551
11.3 0.859973 0.612854
11.35 0.851788 0.608188
11.4 0.843603 0.603553
11.45 0.835421 0.598951
11.5 0.827241 0.59438
11.55 0.819064 0.589841
11.6 0.81089 0.585335
11.65 0.802722 0.580861
11.7 0.794558 0.57642
11.75 0.786401 0.572011
11.8 0.77825 0.567636
11.85 0.770107 0.563293
11.9 0.761972 0.558983
11.95 0.753846 0.554707
12 0.74573 0.550464
12.05 0.737624 0.546255
12.1 0.729529 0.542079
12.15 0.721447 0.537937
12.2 0.713377 0.533828
12.25 0.70532 0.529754
12.3 0.697277 0.525713
12.35 0.68925 0.521706
12.4 0.681238 0.517734
12.45 0.673242 0.513795
12.5 0.665263 0.509891
12.55 0.657302 0.506021
12.6 0.64936 0.502185
12.65 0.641436 0.498384
12.7 0.633532 0.494617
12.75 0.625649 0.490884
12.8 0.617788 0.487186
12.85 0.609948 0.483522
12.9 0.602131 0.479892
12.95 0.594337 0.476297
13 0.586568 0.472736
13.05 0.578823 0.469209
13.1 0.571103 0.465717
13.15 0.56341 0.462259
13.2 0.555743 0.458836
13.25 0.548104 0.455446
13.3 0.540493 0.452091
13.35 0.53291 0.44877
13.4 0.525357 0.445483
13.45 0.517834 0.44223
13.5 0.510342 0.439012
13.55 0.502881 0.435827
13.6 0.495452 0.432676
13.65 0.488055 0.429558
13.7 0.480692 0.426475
13.75 0.473362 0.423424
13.8 0.466067 0.420408
13.85 0.458807 0.417425
13.9 0.451582 0.414475
13.95 0.444394 0.411558
14 0.437242 0.408674
14.05 0.430128 0.405824
14.1 0.423051 0.403006
14.15 0.416013 0.40022
14.2 0.409014 0.397468
14.25 0.402054 0.394747
14.3 0.395135 0.392059
14.35 0.388256 0.389403
14.4 0.381418 0.386779
14.45 0.374622 0.384187
14.5 0.367867 0.381626
14.55 0.361156 0.379097
14.6 0.354488 0.376599
14.65 0.347863 0.374132
14.7 0.341282 0.371697
14.75 0.334746 0.369292
14.8 0.328254 0.366917
14.85 0.321808 0.364573
14.9 0.315408 0.362259
14.95 0.309054 0.359975
15 0.302747 0.357721
15.05 0.296487 0.355497
15.1 0.290275 0.353301
15.15 0.28411 0.351135
15.2 0.277994 0.348998
15.25 0.271926 0.34689
15.3 0.265907 0.34481
15.35 0.259938 0.342758
15.4 0.254018 0.340735
15.45 0.248148 0.338739
15.5 0.242329 0.336771
15.55 0.236561 0.33483
15.6 0.230843 0.332916
15.65 0.225177 0.331029
15.7 0.219562 0.329169
15.75 0.213999 0.327335
15.8 0.208489 0.325527
15.85 0.20303 0.323745
15.9 0.197625 0.321988
15.95 0.192272 0.320257
16 0.186972 0.318551
16.05 0.181726 0.31687
16.1 0.176533 0.315213
16.15 0.171394 0.313581
16.2 0.166308 0.311972
16.25 0.161277 0.310387
16.3 0.1563 0.308826
16.35 0.151378 0.307288
16.4 0.14651 0.305773
16.45 0.141697 0.30428
16.5 0.136939 0.30281
16.55 0.132235 0.301361
16.6 0.127587 0.299935
16.65 0.122994 0.29853
16.7 0.118456 0.297146
16.75 0.113974 0.295783
16.8 0.109547 0.294441
16.85 0.105175 0.293119
16.9 0.100859 0.291817
16.95 0.0965986 0.290535
17 0.0923937 0.289272
17.05 0.0882444 0.288029
17.1 0.0841507 0.286804
17.15 0.0801127 0.285598
17.2 0.0761303 0.28441
17.25 0.0722034 0.28324
17.3 0.0683322 0.282088
17.35 0.0645165 0.280954
17.4 0.0607562 0.279836
17.45 0.0570514 0.278735
17.5 0.053402 0.277651
17.55 0.0498078 0.276583
17.6 0.0462689 0.275531
17.65 0.042785 0.274494
17.7 0.0393562 0.273473
17.75 0.0359823 0.272467
17.8 0.0326631 0.271476
17.85 0.0293986 0.270499
17.9 0.0261886 0.269536
17.95 0.023033 0.268587
18 0.0199316 0.267652
18.05 0.0168842 0.26673
18.1 0.0138906 0.265821
18.15 0.0109508 0.264924
18.2 0.00806446 0.26404
18.25 0.00523142 0.263168
18.3 0.00245147 0.262308
18.35 -0.000275609 0.26146
18.4 -0.00295003 0.260623
18.45 -0.00557203 0.259796
18.5 -0.00814185 0.258981
18.55 -0.0106597 0.258176
18.6 -0.0131259 0.257381
18.65 -0.0155407 0.256595
18.7 -0.0179043 0.25582
18.75 -0.0202171 0.255053
18.8 -0.0224792 0.254296
18.85 -0.0246911 0.253548
18.9 -0.0268529 0.252808
18.95 -0.0289651 0.252076
19 -0.0310278 0.251352
19.05 -0.0330415 0.250635
19.1 -0.0350064 0.249927
19.15 -0.036923 0.249225
19.2 -0.0387914 0.24853
19.25 -0.0406121 0.247842
19.3 -0.0423854 0.24716
19.35 -0.0441117 0.246484
19.4 -0.0457913 0.245814
19.45 -0.0474247 0.24515
19.5 -0.0490121 0.244491
19.55 -0.0505539 0.243838
19.6 -0.0520506 0.243189
19.65 -0.0535025 0.242545
19.7 -0.05491 0.241905
19.75 -0.0562735 0.241269
19.8 -0.0575935 0.240637
19.85 -0.0588702 0.240009
19.9 -0.0601043 0.239385
19.95 -0.0612959 0.238763
20 -0.0624457 0.238145
20.05 -0.0635539 0.23753
20.1 -0.0646211 0.236917
20.15 -0.0656477 0.236306
20.2 -0.066634 0.235698
20.25 -0.0675806 0.235092
20.3 -0.0684879 0.234487
20.35 -0.0693564 0.233884
20.4 -0.0701864 0.233282
20.45 -0.0709785 0.232682
20.5 -0.071733 0.232082
20.55 -0.0724506 0.231483
20.6 -0.0731316 0.230885
20.65 -0.0737764 0.230287
20.7 -0.0743856 0.229689
20.75 -0.0749597 0.229091
20.8 -0.075499 0.228494
20.85 -0.0760042 0.227895
20.9 -0.0764756 0.227297
20.95 -0.0769137 0.226697
21 -0.077319 0.226097
21.05 -0.077692 0.225496
21.1 -0.0780332 0.224894
21.15 -0.0783431 0.22429
21.2 -0.0786221 0.223685
21.25 -0.0788707 0.223079
21.3 -0.0790895 0.22247
21.35 -0.0792788 0.22186
21.4 -0.0794393 0.221248
21.45 -0.0795713 0.220633
21.5 -0.0796755 0.220017
21.55 -0.0797521 0.219397
21.6 -0.0798019 0.218776
21.65 -0.0798251 0.218151
21.7 -0.0798224 0.217524
21.75 -0.0797943 0.216894
21.8 -0.0797411 0.216261
21.85 -0.0796634 0.215625
21.9 -0.0795617 0.214986
21.95 -0.0794365 0.214343
22 -0.0792882 0.213697
22.05 -0.0791174 0.213047
22.1 -0.0789245 0.212394
22.15 -0.07871 0.211737
22.2 -0.0784744 0.211076
22.25 -0.0782181 0.210411
22.3 -0.0779417 0.209743
22.35 -0.0776457 0.20907
22.4 -0.0773304 0.208393
22.45 -0.0769964 0.207712
22.5 -0.0766441 0.207027
22.55 -0.076274 0.206338
22.6 -0.0758866 0.205644
22.65 -0.0754824 0.204946
22.7 -0.0750617 0.204243
22.75 -0.0746252 0.203536
22.8 -0.0741731 0.202824
22.85 -0.073706 0.202107
22.9 -0.0732243 0.201386
22.95 -0.0727285 0.20066
23 -0.072219 0.19993
23.05 -0.0716962 0.199194
23.1 -0.0711607 0.198454
23.15 -0.0706128 0.197709
23.2 -0.070053 0.196959
23.25 -0.0694816 0.196204
23.3 -0.0688992 0.195445
23.35 -0.0683061 0.19468
23.4 -0.0677028 0.193911
23.45 -0.0670896 0.193136
23.5 -0.066467 0.192357
23.55 -0.0658355 0.191573
23.6 -0.0651953 0.190783
23.65 -0.0645469 0.189989
23.7 -0.0638907 0.18919
23.75 -0.0632271 0.188386
23.8 -0.0625565 0.187577
23.85 -0.0618792 0.186763
23.9 -0.0611957 0.185944
23.95 -0.0605062 0.185121
24 -0.0598113 0.184292
24.05 -0.0591111 0.183459
24.1 -0.0584062 0.182621
24.15 -0.0576968 0.181778
24.2 -0.0569834 0.18093
24.25 -0.0562662 0.180078
24.3 -0.0555456 0.17922
24.35 -0.0548219 0.178359
24.4 -0.0540955 0.177492
24.45 -0.0533667 0.176621
24.5 -0.0526358 0.175746
24.55 -0.0519031 0.174866
24.6 -0.051169 0.173981
24.65 -0.0504338 0.173092
24.7 -0.0496977 0.172199
24.75 -0.0489611 0.171301
24.8 -0.0482242 0.1704
24.85 -0.0474874 0.169494
24.9 -0.0467509 0.168584
24.95 -0.046015 0.16767
25 -0.04528 0.166752
25.05 -0.0445461 0.16583
25.1 -0.0438136 0.164904
25.15 -0.0430828 0.163974
25.2 -0.0423539 0.163041
25.25 -0.0416271 0.162103
25.3 -0.0409028 0.161163
25.35 -0.0401811 0.160219
25.4 -0.0394623 0.159271
25.45 -0.0387465 0.15832
25.5 -0.0380341 0.157366
25.55 -0.0373253 0.156408
25.6 -0.0366201 0.155448
25.65 -0.035919 0.154484
25.7 -0.0352219 0.153518
25.75 -0.0345293 0.152548
25.8 -0.0338411 0.151576
25.85 -0.0331577 0.150601
25.9 -0.0324792 0.149624
25.95 -0.0318058 0.148644
26 -0.0311376 0.147661
26.05 -0.0304748 0.146676
26.1 -0.0298176 0.145689
26.15 -0.0291661 0.1447
26.2 -0.0285204 0.143709
26.25 -0.0278808 0.142716
26.3 -0.0272474 0.141721
26.35 -0.0266202 0.140724
26.4 -0.0259995 0.139725
26.45 -0.0253853 0.138725
26.5 -0.0247778 0.137724
26.55 -0.024177 0.136721
26.6 -0.0235832 0.135717
26.65 -0.0229963 0.134711
26.7 -0.0224165 0.133705
26.75 -0.021844 0.132697
26.8 -0.0212787 0.131689
26.85 -0.0207207 0.13068
26.9 -0.0201702 0.12967
26.95 -0.0196273 0.12866
27 -0.0190919 0.127649
27.05 -0.0185642 0.126638
27.1 -0.0180443 0.125626
27.15 -0.0175321 0.124615
27.2 -0.0170278 0.123603
27.25 -0.0165314 0.122591
27.3 -0.0160429 0.12158
27.35 -0.0155624 0.120569
27.4 -0.01509 0.119558
27.45 -0.0146256 0.118547
27.5 -0.0141693 0.117538
27.55 -0.0137211 0.116528
27.6 -0.013281 0.11552
27.65 -0.0128491 0.114512
27.7 -0.0124254 0.113506
27.75 -0.0120099 0.1125
27.8 -0.0116026 0.111496
27.85 -0.0112034 0.110493
27.9 -0.0108125 0.109491
27.95 -0.0104297 0.10849
28 -0.0100552 0.107492
28.05 -0.0096888 0.106495
28.1 -0.00933059 0.105499
28.15 -0.00898052 0.104506
28.2 -0.00863858 0.103514
28.25 -0.00830475 0.102525
28.3 -0.00797899 0.101538
28.35 -0.00766129 0.100553
28.4 -0.0073516 0.0995698
28.45 -0.0070499 0.0985895
28.5 -0.00675614 0.0976118
28.55 -0.00647028 0.0966366
28.6 -0.00619228 0.0956642
28.65 -0.0059221 0.0946946
28.7 -0.00565969 0.0937278
28.75 -0.00540499 0.0927641
28.8 -0.00515795 0.0918034
28.85 -0.00491852 0.0908459
28.9 -0.00468663 0.0898916
28.95 -0.00446223 0.0889406
29 -0.00424525 0.0879931
29.05 -0.00403563 0.087049
29.1 -0.00383331 0.0861086
29.15 -0.0036382 0.0851718
29.2 -0.00345025 0.0842387
29.25 -0.00326937 0.0833094
29.3 -0.0030955 0.0823841
29.35 -0.00292855 0.0814627
29.4 -0.00276846 0.0805454
29.45 -0.00261513 0.0796322
29.5 -0.00246849 0.0787232
29.55 -0.00232846 0.0778184
29.6 -0.00219494 0.0769181
29.65 -0.00206786 0.0760221
29.7 -0.00194713 0.0751306
29.75 -0.00183265 0.0742437
29.8 -0.00172435 0.0733613
29.85 -0.00162212 0.0724837
29.9 -0.00152588 0.0716108
29.95 -0.00143553 0.0707428
30 -0.00135098 0.0698795
30.05 -0.00127214 0.0690213
30.1 -0.00119891 0.068168
30.15 -0.00113119 0.0673198
30.2 -0.00106889 0.0664766
30.25 -0.00101191 0.0656387
30.3 -0.000960148 0.0648059
30.35 -0.000913507 0.0639784
30.4 -0.000871888 0.0631562
30.45 -0.000835191 0.0623394
30.5 -0.000803316 0.0615281
30.55 -0.000776162 0.0607221
30.6 -0.000753627 0.0599217
30.65 -0.000735612 0.0591268
30.7 -0.000722015 0.0583376
30.75 -0.000712734 0.0575539
30.8 -0.000707667 0.056776
30.85 -0.000706713 0.0560037
30.9 -0.00070977 0.0552373
30.95 -0.000716738 0.0544766
31 -0.000727513 0.0537217
31.05 -0.000741996 0.0529727
31.1 -0.000760084 0.0522295
31.15 -0.000781677 0.0514923
31.2 -0.000806675 0.0507611
31.25 -0.000834977 0.0500358
31.3 -0.000866483 0.0493165
31.35 -0.000901094 0.0486033
31.4 -0.000938711 0.0478961
31.45 -0.000979235 0.0471949
31.5 -0.00102257 0.0464999
31.55 -0.00106861 0.045811
31.6 -0.00111727 0.0451282
31.65 -0.00116845 0.0444516
31.7 -0.00122206 0.0437811
31.75 -0.00127799 0.0431168
31.8 -0.00133615 0.0424587
31.85 -0.00139646 0.0418068
31.9 -0.00145882 0.0411612
31.95 -0.00152313 0.0405217
32 -0.00158931 0.0398885
32.05 -0.00165727 0.0392615
32.1 -0.00172691 0.0386408
32.15 -0.00179816 0.0380263
32.2 -0.00187092 0.0374181
32.25 -0.00194511 0.0368161
32.3 -0.00202063 0.0362204
32.35 -0.00209742 0.0356309
32.4 -0.00217539 0.0350477
32.45 -0.00225444 0.0344707
32.5 -0.00233452 0.0339
32.55 -0.00241552 0.0333355
32.6 -0.00249739 0.0327772
32.65 -0.00258003 0.0322252
32.7 -0.00266338 0.0316793
32.75 -0.00274736 0.0311397
32.8 -0.00283189 0.0306062
32.85 -0.00291691 0.030079
32.9 -0.00300234 0.0295579
32.95 -0.00308812 0.0290429
33 -0.00317417 0.0285341
33.05 -0.00326044 0.0280314
33.1 -0.00334684 0.0275348
33.15 -0.00343333 0.0270443
33.2 -0.00351984 0.0265598
33.25 -0.0036063 0.0260814
33.3 -0.00369265 0.025609
33.35 -0.00377884 0.0251426
33.4 -0.00386482 0.0246821
33.45 -0.00395051 0.0242277
33.5 -0.00403588 0.0237791
33.55 -0.00412086 0.0233364
33.6 -0.00420541 0.0228996
33.65 -0.00428947 0.0224687
33.7 -0.004373 0.0220435
33.75 -0.00445594 0.0216241
33.8 -0.00453826 0.0212105
33.85 -0.0046199 0.0208026
33.9 -0.00470082 0.0204004
33.95 -0.00478099 0.0200039
34 -0.00486036 0.0196129
34.05 -0.00493889 0.0192276
34.1 -0.00501654 0.0188478
34.15 -0.00509328 0.0184735
34.2 -0.00516908 0.0181047
34.25 -0.00524389 0.0177414
34.3 -0.00531769 0.0173835
34.35 -0.00539044 0.0170309
34.4 -0.00546212 0.0166836
34.45 -0.0055327 0.0163417
34.5 -0.00560215 0.016005
34.55 -0.00567045 0.0156735
34.6 -0.00573756 0.0153471
34.65 -0.00580347 0.0150259
34.7 -0.00586816 0.0147098
34.75 -0.00593161 0.0143987
34.8 -0.00599379 0.0140927
34.85 -0.00605469 0.0137915
34.9 -0.00611429 0.0134953
34.95 -0.00617258 0.013204
35 -0.00622954 0.0129175
35.05 -0.00628516 0.0126357
35.1 -0.00633943 0.0123587
35.15 -0.00639233 0.0120864
35.2 -0.00644387 0.0118187
35.25 -0.00649402 0.0115556
35.3 -0.00654278 0.0112971
35.35 -0.00659014 0.011043
35.4 -0.00663611 0.0107934
35.45 -0.00668068 0.0105483
35.5 -0.00672383 0.0103074
35.55 -0.00676558 0.0100709
35.6 -0.00680592 0.00983868
35.65 -0.00684485 0.00961065
35.7 -0.00688237 0.00938679
35.75 -0.00691848 0.00916705
35.8 -0.00695319 0.00895137
35.85 -0.0069865 0.00873973
35.9 -0.00701841 0.00853205
35.95 -0.00704893 0.0083283
36 -0.00707807 0.00812842
36.05 -0.00710584 0.00793237
36.1 -0.00713223 0.0077401
36.15 -0.00715727 0.00755156
36.2 -0.00718096 0.0073667
36.25 -0.00720331 0.00718547
36.3 -0.00722433 0.00700782
36.35 -0.00724403 0.0068337
36.4 -0.00726244 0.00666308
36.45 -0.00727955 0.00649588
36.5 -0.00729538 0.00633208
36.55 -0.00730995 0.00617161
36.6 -0.00732328 0.00601444
36.65 -0.00733537 0.00586051
36.7 -0.00734625 0.00570977
36.75 -0.00735593 0.00556218
36.8 -0.00736442 0.00541768
36.85 -0.00737176 0.00527624
36.9 -0.00737795 0.00513781
36.95 -0.00738301 0.00500232
37 -0.00738696 0.00486975
37.05 -0.00738983 0.00474004
37.1 -0.00739163 0.00461315
37.15 -0.00739237 0.00448903
37.2 -0.0073921 0.00436762
37.25 -0.00739081 0.0042489
37.3 -0.00738854 0.00413281
37.35 -0.00738531 0.00401931
37.4 -0.00738113 0.00390834
37.45 -0.00737603 0.00379988
37.5 -0.00737003 0.00369387
37.55 -0.00736316 0.00359026
37.6 -0.00735544 0.00348902
37.65 -0.00734688 0.0033901
37.7 -0.00733752 0.00329346
37.75 -0.00732737 0.00319906
37.8 -0.00731646 0.00310684
37.85 -0.00730482 0.00301678
37.9 -0.00729245 0.00292883
37.95 -0.0072794 0.00284295
38 -0.00726568 0.00275909
38.05 -0.00725131 0.00267722
38.1 -0.00723632 0.0025973
38.15 -0.00722073 0.00251928
38.2 -0.00720457 0.00244313
38.25 -0.00718785 0.00236881
38.3 -0.00717061 0.00229628
38.35 -0.00715286 0.00222551
38.4 -0.00713463 0.00215645
38.45 -0.00711594 0.00208906
38.5 -0.00709681 0.00202332
38.55 -0.00707727 0.00195918
38.6 -0.00705733 0.00189661
38.65 -0.00703703 0.00183557
38.7 -0.00701638 0.00177603
38.75 -0.0069954 0.00171796
38.8 -0.00697412 0.00166131
38.85 -0.00695255 0.00160607
38.9 -0.00693072 0.00155218
38.95 -0.00690866 0.00149963
39 -0.00688637 0.00144837
39.05 -0.00686388 0.00139838
39.1 -0.00684121 0.00134963
39.15 -0.00681838 0.00130208
39.2 -0.00679541 0.00125571
39.25 -0.00677232 0.00121048
39.3 -0.00674913 0.00116637
39.35 -0.00672585 0.00112335
39.4 -0.0067025 0.00108138
39.45 -0.00667911 0.00104045
39.5 -0.00665569 0.00100051
39.55 -0.00663225 0.000961558
39.6 -0.00660881 0.000923553
39.65 -0.0065854 0.000886472
39.7 -0.00656202 0.00085029
39.75 -0.00653868 0.000814981
39.8 -0.00651542 0.000780522
39.85 -0.00649223 0.000746887
39.9 -0.00646914 0.000714055
39.95 -0.00644615 0.000682001
40 -0.00642329 0.000650703
40.05 -0.00640056 0.000620139
40.1 -0.00637798 0.000590287
40.15 -0.00635555 0.000561125
40.2 -0.0063333 0.000532634
40.25 -0.00631123 0.000504793
40.3 -0.00628935 0.000477582
40.35 -0.00626767 0.000450981
40.4 -0.00624621 0.000424973
40.45 -0.00622497 0.000399537
40.5 -0.00620395 0.000374656
40.55 -0.00618318 0.000350313
40.6 -0.00616266 0.00032649
40.65 -0.00614239 0.000303171
40.7 -0.00612238 0.000280339
40.75 -0.00610264 0.000257979
40.8 -0.00608317 0.000236074
40.85 -0.00606399 0.000214611
40.9 -0.00604509 0.000193573
40.95 -0.00602649 0.000172948
41 -0.00600818 0.000152721
41.05 -0.00599016 0.000132878
41.1 -0.00597245 0.000113408
41.15 -0.00595505 9.42962e-05
41.2 -0.00593796 7.55315e-05
41.25 -0.00592117 5.71019e-05
41.3 -0.0059047 3.89957e-05
41.35 -0.00588855 2.1202e-05
41.4 -0.00587271 3.70985e-06
41.45 -0.00585718 -1.3491e-05
41.5 -0.00584197 -3.04108e-05
41.55 -0.00582708 -4.7059e-05
41.6 -0.0058125 -6.3445e-05
41.65 -0.00579823 -7.95779e-05
41.7 -0.00578428 -9.54664e-05
41.75 -0.00577064 -0.000111119
41.8 -0.00575731 -0.000126543
41.85 -0.00574428 -0.000141747
41.9 -0.00573156 -0.000156738
41.95 -0.00571913 -0.000171522
42 -0.00570701 -0.000186108
42.05 -0.00569517 -0.000200501
42.1 -0.00568362 -0.000214708
42.15 -0.00567236 -0.000228734
42.2 -0.00566137 -0.000242585
42.25 -0.00565066 -0.000256267
42.3 -0.00564022 -0.000269785
42.35 -0.00563003 -0.000283143
42.4 -0.00562011 -0.000296346
42.45 -0.00561043 -0.000309398
42.5 -0.00560099 -0.000322304
42.55 -0.00559179 -0.000335067
42.6 -0.00558282 -0.000347692
42.65 -0.00557407 -0.00036018
42.7 -0.00556553 -0.000372537
42.75 -0.0055572 -0.000384764
42.8 -0.00554906 -0.000396864
42.85 -0.00554111 -0.000408841
42.9 -0.00553335 -0.000420696
42.95 -0.00552575 -0.000432431
43 -0.00551832 -0.000444049
43.05 -0.00551104 -0.000455552
43.1 -0.0055039 -0.00046694
43.15 -0.0054969 -0.000478216
43.2 -0.00549002 -0.000489381
43.25 -0.00548326 -0.000500437
43.3 -0.00547661 -0.000511383
43.35 -0.00547005 -0.000522221
43.4 -0.00546357 -0.000532952
43.45 -0.00545717 -0.000543576
43.5 -0.00545084 -0.000554094
43.55 -0.00544455 -0.000564507
43.6 -0.00543832 -0.000574814
43.65 -0.00543212 -0.000585015
43.7 -0.00542594 -0.000595111
43.75 -0.00541977 -0.000605102
43.8 -0.0054136 -0.000614987
43.85 -0.00540743 -0.000624766
43.9 -0.00540124 -0.000634438
43.95 -0.00539501 -0.000644004
44 -0.00538875 -0.000653463
44.05 -0.00538243 -0.000662814
44.1 -0.00537605 -0.000672057
44.15 -0.0053696 -0.00068119
44.2 -0.00536307 -0.000690214
44.25 -0.00535644 -0.000699127
44.3 -0.0053497 -0.000707928
44.35 -0.00534286 -0.000716616
44.4 -0.00533588 -0.000725191
44.45 -0.00532877 -0.000733652
44.5 -0.00532152 -0.000741996
44.55 -0.00531411 -0.000750224
44.6 -0.00530653 -0.000758335
44.65 -0.00529878 -0.000766326
44.7 -0.00529084 -0.000774198
44.75 -0.00528271 -0.000781948
44.8 -0.00527437 -0.000789576
44.85 -0.00526581 -0.000797081
44.9 -0.00525704 -0.00080446
44.95 -0.00524803 -0.000811714
45 -0.00523877 -0.000818841
45.05 -0.00522927 -0.00082584
45.1 -0.00521951 -0.000832709
45.15 -0.00520948 -0.000839448
45.2 -0.00519917 -0.000846055
45.25 -0.00518858 -0.00085253
45.3 -0.0051777 -0.00085887
45.35 -0.00516652 -0.000865076
45.4 -0.00515503 -0.000871146
45.45 -0.00514322 -0.000877078
45.5 -0.0051311 -0.000882873
45.55 -0.00511864 -0.000888529
45.6 -0.00510585 -0.000894045
45.65 -0.00509272 -0.00089942
45.7 -0.00507924 -0.000904653
45.75 -0.00506541 -0.000909744
45.8 -0.00505121 -0.000914692
45.85 -0.00503665 -0.000919496
45.9 -0.00502172 -0.000924155
45.95 -0.00500642 -0.000928669
46 -0.00499073 -0.000933037
46.05 -0.00497466 -0.000937258
46.1 -0.0049582 -0.000941333
46.15 -0.00494134 -0.00094526
46.2 -0.00492409 -0.00094904
46.25 -0.00490644 -0.000952671
46.3 -0.00488839 -0.000956154
46.35 -0.00486993 -0.000959489
46.4 -0.00485106 -0.000962675
46.45 -0.00483178 -0.000965712
46.5 -0.00481208 -0.000968601
46.55 -0.00479197 -0.00097134
46.6 -0.00477144 -0.000973931
46.65 -0.0047505 -0.000976373
46.7 -0.00472913 -0.000978666
46.75 -0.00470734 -0.000980812
46.8 -0.00468514 -0.00098281
46.85 -0.00466251 -0.00098466
46.9 -0.00463946 -0.000986363
46.95 -0.00461599 -0.000987919
47 -0.0045921 -0.00098933
47.05 -0.00456779 -0.000990595
47.1 -0.00454306 -0.000991715
47.15 -0.00451791 -0.000992692
47.2 -0.00449235 -0.000993525
47.25 -0.00446638 -0.000994217
47.3 -0.00444 -0.000994767
47.35 -0.0044132 -0.000995176
47.4 -0.00438601 -0.000995446
47.45 -0.00435841 -0.000995578
47.5 -0.0043304 -0.000995573
47.55 -0.00430201 -0.000995432
47.6 -0.00427322 -0.000995157
47.65 -0.00424404 -0.000994748
47.7 -0.00421448 -0.000994208
47.75 -0.00418454 -0.000993537
47.8 -0.00415422 -0.000992737
47.85 -0.00412353 -0.00099181
47.9 -0.00409248 -0.000990757
47.95 -0.00406107 -0.000989579
48 -0.0040293 -0.00098828
48.05 -0.00399719 -0.000986859
48.1 -0.00396473 -0.00098532
48.15 -0.00393194 -0.000983664
48.2 -0.00389882 -0.000981892
48.25 -0.00386538 -0.000980007
48.3 -0.00383162 -0.00097801
48.35 -0.00379755 -0.000975905
48.4 -0.00376318 -0.000973692
48.45 -0.00372852 -0.000971373
48.5 -0.00369357 -0.000968952
48.55 -0.00365834 -0.000966429
48.6 -0.00362284 -0.000963808
48.65 -0.00358708 -0.00096109
48.7 -0.00355107 -0.000958277
48.75 -0.0035148 -0.000955373
48.8 -0.00347831 -0.000952378
48.85 -0.00344158 -0.000949296
48.9 -0.00340463 -0.000946129
48.95 -0.00336748 -0.000942879
49 -0.00333012 -0.000939549
49.05 -0.00329257 -0.00093614
49.1 -0.00325483 -0.000932656
49.15 -0.00321693 -0.000929099
49.2 -0.00317886 -0.000925471
49.25 -0.00314063 -0.000921775
49.3 -0.00310226 -0.000918013
49.35 -0.00306376 -0.000914188
49.4 -0.00302513 -0.000910302
49.45 -0.00298639 -0.000906357
49.5 -0.00294754 -0.000902357
49.55 -0.0029086 -0.000898304
49.6 -0.00286958 -0.0008942
49.65 -0.00283048 -0.000890047
49.7 -0.00279132 -0.000885849
49.75 -0.0027521 -0.000881608
49.8 -0.00271284 -0.000877326
49.85 -0.00267355 -0.000873005
49.9 -0.00263424 -0.000868649
49.95 -0.00259491 -0.00086426
50 -0.00255559 -0.00085984
